[2024-05-28T18:24:46.229-0400][gc,init] CardTable entry size: 512
[2024-05-28T18:24:46.229-0400][gc     ] Using G1
[2024-05-28T18:24:46.262-0400][gc,init] Version: 21.0.3+9-Ubuntu-1ubuntu1 (release)
[2024-05-28T18:24:46.262-0400][gc,init] CPUs: 6 total, 6 available
[2024-05-28T18:24:46.262-0400][gc,init] Memory: 7940M
[2024-05-28T18:24:46.262-0400][gc,init] Large Page Support: Disabled
[2024-05-28T18:24:46.262-0400][gc,init] NUMA Support: Disabled
[2024-05-28T18:24:46.262-0400][gc,init] Compressed Oops: Enabled (32-bit)
[2024-05-28T18:24:46.262-0400][gc,init] Heap Region Size: 1M
[2024-05-28T18:24:46.262-0400][gc,init] Heap Min Capacity: 1G
[2024-05-28T18:24:46.262-0400][gc,init] Heap Initial Capacity: 1G
[2024-05-28T18:24:46.262-0400][gc,init] Heap Max Capacity: 1G
[2024-05-28T18:24:46.262-0400][gc,init] Pre-touch: Disabled
[2024-05-28T18:24:46.262-0400][gc,init] Parallel Workers: 6
[2024-05-28T18:24:46.262-0400][gc,init] Concurrent Workers: 2
[2024-05-28T18:24:46.262-0400][gc,init] Concurrent Refinement Workers: 6
[2024-05-28T18:24:46.262-0400][gc,init] Periodic GC: Disabled
[2024-05-28T18:24:46.281-0400][gc,metaspace] CDS archive(s) mapped at: [0x000073aa83000000-0x000073aa83caa000-0x000073aa83caa000), size 13279232, SharedBaseAddress: 0x000073aa83000000, ArchiveRelocationMode: 1.
[2024-05-28T18:24:46.281-0400][gc,metaspace] Compressed class space mapped at: 0x000073aa84000000-0x000073aac4000000, reserved size: 1073741824
[2024-05-28T18:24:46.281-0400][gc,metaspace] Narrow klass base: 0x000073aa83000000, Narrow klass shift: 0, Narrow klass range: 0x100000000
[2024-05-28T18:24:48.116-0400][gc,start    ] GC(0) Pause Young (Normal) (G1 Evacuation Pause)
[2024-05-28T18:24:48.118-0400][gc,task     ] GC(0) Using 6 workers of 6 for evacuation
[2024-05-28T18:24:48.134-0400][gc,phases   ] GC(0)   Pre Evacuate Collection Set: 0,5ms
[2024-05-28T18:24:48.134-0400][gc,phases   ] GC(0)   Merge Heap Roots: 0,4ms
[2024-05-28T18:24:48.134-0400][gc,phases   ] GC(0)   Evacuate Collection Set: 11,9ms
[2024-05-28T18:24:48.134-0400][gc,phases   ] GC(0)   Post Evacuate Collection Set: 2,6ms
[2024-05-28T18:24:48.134-0400][gc,phases   ] GC(0)   Other: 2,5ms
[2024-05-28T18:24:48.134-0400][gc,heap     ] GC(0) Eden regions: 51->0(44)
[2024-05-28T18:24:48.134-0400][gc,heap     ] GC(0) Survivor regions: 0->7(7)
[2024-05-28T18:24:48.134-0400][gc,heap     ] GC(0) Old regions: 2->3
[2024-05-28T18:24:48.134-0400][gc,heap     ] GC(0) Humongous regions: 0->0
[2024-05-28T18:24:48.134-0400][gc,metaspace] GC(0) Metaspace: 18695K(18944K)->18695K(18944K) NonClass: 16583K(16704K)->16583K(16704K) Class: 2112K(2240K)->2112K(2240K)
[2024-05-28T18:24:48.134-0400][gc          ] GC(0) Pause Young (Normal) (G1 Evacuation Pause) 52M->8M(1024M) 18,531ms
[2024-05-28T18:24:48.134-0400][gc,cpu      ] GC(0) User=0,02s Sys=0,03s Real=0,02s
[2024-05-28T18:24:48.400-0400][gc,start    ] GC(1) Pause Young (Concurrent Start) (Metadata GC Threshold)
[2024-05-28T18:24:48.400-0400][gc,task     ] GC(1) Using 6 workers of 6 for evacuation
[2024-05-28T18:24:48.428-0400][gc,mmu      ] GC(1) MMU target violated: 21,0ms (20,0ms/21,0ms)
[2024-05-28T18:24:48.428-0400][gc,phases   ] GC(1)   Pre Evacuate Collection Set: 0,4ms
[2024-05-28T18:24:48.428-0400][gc,phases   ] GC(1)   Merge Heap Roots: 0,3ms
[2024-05-28T18:24:48.428-0400][gc,phases   ] GC(1)   Evacuate Collection Set: 23,4ms
[2024-05-28T18:24:48.428-0400][gc,phases   ] GC(1)   Post Evacuate Collection Set: 3,9ms
[2024-05-28T18:24:48.428-0400][gc,phases   ] GC(1)   Other: 0,3ms
[2024-05-28T18:24:48.428-0400][gc,heap     ] GC(1) Eden regions: 11->0(50)
[2024-05-28T18:24:48.428-0400][gc,heap     ] GC(1) Survivor regions: 7->1(7)
[2024-05-28T18:24:48.428-0400][gc,heap     ] GC(1) Old regions: 3->10
[2024-05-28T18:24:48.428-0400][gc,heap     ] GC(1) Humongous regions: 0->0
[2024-05-28T18:24:48.428-0400][gc,metaspace] GC(1) Metaspace: 21308K(21504K)->21308K(21504K) NonClass: 18855K(18944K)->18855K(18944K) Class: 2452K(2560K)->2452K(2560K)
[2024-05-28T18:24:48.428-0400][gc          ] GC(1) Pause Young (Concurrent Start) (Metadata GC Threshold) 18M->9M(1024M) 28,379ms
[2024-05-28T18:24:48.428-0400][gc,cpu      ] GC(1) User=0,04s Sys=0,05s Real=0,02s
[2024-05-28T18:24:48.428-0400][gc          ] GC(2) Concurrent Mark Cycle
[2024-05-28T18:24:48.428-0400][gc,marking  ] GC(2) Concurrent Scan Root Regions
[2024-05-28T18:24:48.432-0400][gc,marking  ] GC(2) Concurrent Scan Root Regions 3,712ms
[2024-05-28T18:24:48.432-0400][gc,marking  ] GC(2) Concurrent Mark
[2024-05-28T18:24:48.432-0400][gc,marking  ] GC(2) Concurrent Mark From Roots
[2024-05-28T18:24:48.432-0400][gc,task     ] GC(2) Using 2 workers of 2 for marking
[2024-05-28T18:24:48.434-0400][gc,marking  ] GC(2) Concurrent Mark From Roots 1,458ms
[2024-05-28T18:24:48.434-0400][gc,marking  ] GC(2) Concurrent Preclean
[2024-05-28T18:24:48.434-0400][gc,marking  ] GC(2) Concurrent Preclean 0,005ms
[2024-05-28T18:24:48.441-0400][gc,start    ] GC(2) Pause Remark
[2024-05-28T18:24:48.446-0400][gc          ] GC(2) Pause Remark 10M->10M(1024M) 4,584ms
[2024-05-28T18:24:48.446-0400][gc,cpu      ] GC(2) User=0,00s Sys=0,00s Real=0,00s
[2024-05-28T18:24:48.446-0400][gc,marking  ] GC(2) Concurrent Mark 13,824ms
[2024-05-28T18:24:48.446-0400][gc,marking  ] GC(2) Concurrent Rebuild Remembered Sets and Scrub Regions
[2024-05-28T18:24:48.448-0400][gc,marking  ] GC(2) Concurrent Rebuild Remembered Sets and Scrub Regions 1,666ms
[2024-05-28T18:24:48.448-0400][gc,start    ] GC(2) Pause Cleanup
[2024-05-28T18:24:48.449-0400][gc          ] GC(2) Pause Cleanup 10M->10M(1024M) 0,364ms
[2024-05-28T18:24:48.449-0400][gc,cpu      ] GC(2) User=0,00s Sys=0,00s Real=0,00s
[2024-05-28T18:24:48.449-0400][gc,marking  ] GC(2) Concurrent Clear Claimed Marks
[2024-05-28T18:24:48.449-0400][gc,marking  ] GC(2) Concurrent Clear Claimed Marks 0,017ms
[2024-05-28T18:24:48.449-0400][gc,marking  ] GC(2) Concurrent Cleanup for Next Mark
[2024-05-28T18:24:48.496-0400][gc,marking  ] GC(2) Concurrent Cleanup for Next Mark 46,887ms
[2024-05-28T18:24:48.496-0400][gc          ] GC(2) Concurrent Mark Cycle 67,136ms
[2024-05-28T18:24:49.806-0400][gc,start    ] GC(3) Pause Young (Prepare Mixed) (G1 Evacuation Pause)
[2024-05-28T18:24:49.806-0400][gc,task     ] GC(3) Using 6 workers of 6 for evacuation
[2024-05-28T18:24:49.819-0400][gc,phases   ] GC(3)   Pre Evacuate Collection Set: 1,0ms
[2024-05-28T18:24:49.819-0400][gc,phases   ] GC(3)   Merge Heap Roots: 0,3ms
[2024-05-28T18:24:49.819-0400][gc,phases   ] GC(3)   Evacuate Collection Set: 10,2ms
[2024-05-28T18:24:49.819-0400][gc,phases   ] GC(3)   Post Evacuate Collection Set: 1,4ms
[2024-05-28T18:24:49.819-0400][gc,phases   ] GC(3)   Other: 0,1ms
[2024-05-28T18:24:49.819-0400][gc,heap     ] GC(3) Eden regions: 50->0(44)
[2024-05-28T18:24:49.819-0400][gc,heap     ] GC(3) Survivor regions: 1->7(7)
[2024-05-28T18:24:49.819-0400][gc,heap     ] GC(3) Old regions: 10->10
[2024-05-28T18:24:49.819-0400][gc,heap     ] GC(3) Humongous regions: 129->129
[2024-05-28T18:24:49.819-0400][gc,metaspace] GC(3) Metaspace: 33322K(33728K)->33322K(33728K) NonClass: 29716K(29952K)->29716K(29952K) Class: 3605K(3776K)->3605K(3776K)
[2024-05-28T18:24:49.819-0400][gc          ] GC(3) Pause Young (Prepare Mixed) (G1 Evacuation Pause) 188M->144M(1024M) 13,094ms
[2024-05-28T18:24:49.819-0400][gc,cpu      ] GC(3) User=0,03s Sys=0,00s Real=0,01s
[2024-05-28T18:24:50.106-0400][gc,start    ] GC(4) Pause Young (Mixed) (Metadata GC Threshold)
[2024-05-28T18:24:50.107-0400][gc,task     ] GC(4) Using 6 workers of 6 for evacuation
[2024-05-28T18:24:50.120-0400][gc,phases   ] GC(4)   Pre Evacuate Collection Set: 0,7ms
[2024-05-28T18:24:50.120-0400][gc,phases   ] GC(4)   Merge Heap Roots: 0,2ms
[2024-05-28T18:24:50.120-0400][gc,phases   ] GC(4)   Evacuate Collection Set: 11,0ms
[2024-05-28T18:24:50.120-0400][gc,phases   ] GC(4)   Post Evacuate Collection Set: 1,4ms
[2024-05-28T18:24:50.120-0400][gc,phases   ] GC(4)   Other: 0,1ms
[2024-05-28T18:24:50.120-0400][gc,heap     ] GC(4) Eden regions: 10->0(49)
[2024-05-28T18:24:50.120-0400][gc,heap     ] GC(4) Survivor regions: 7->2(7)
[2024-05-28T18:24:50.120-0400][gc,heap     ] GC(4) Old regions: 10->16
[2024-05-28T18:24:50.120-0400][gc,heap     ] GC(4) Humongous regions: 129->129
[2024-05-28T18:24:50.120-0400][gc,metaspace] GC(4) Metaspace: 35624K(35968K)->35624K(35968K) NonClass: 31757K(32000K)->31757K(32000K) Class: 3866K(3968K)->3866K(3968K)
[2024-05-28T18:24:50.120-0400][gc          ] GC(4) Pause Young (Mixed) (Metadata GC Threshold) 154M->145M(1024M) 13,443ms
[2024-05-28T18:24:50.120-0400][gc,cpu      ] GC(4) User=0,03s Sys=0,03s Real=0,02s
[2024-05-28T18:24:50.170-0400][gc,start    ] GC(5) Pause Young (Concurrent Start) (Metadata GC Threshold)
[2024-05-28T18:24:50.170-0400][gc,task     ] GC(5) Using 6 workers of 6 for evacuation
[2024-05-28T18:24:50.180-0400][gc,phases   ] GC(5)   Pre Evacuate Collection Set: 1,0ms
[2024-05-28T18:24:50.180-0400][gc,phases   ] GC(5)   Merge Heap Roots: 0,2ms
[2024-05-28T18:24:50.180-0400][gc,phases   ] GC(5)   Evacuate Collection Set: 1,9ms
[2024-05-28T18:24:50.180-0400][gc,phases   ] GC(5)   Post Evacuate Collection Set: 5,4ms
[2024-05-28T18:24:50.180-0400][gc,phases   ] GC(5)   Other: 1,2ms
[2024-05-28T18:24:50.180-0400][gc,heap     ] GC(5) Eden regions: 2->0(50)
[2024-05-28T18:24:50.180-0400][gc,heap     ] GC(5) Survivor regions: 2->1(7)
[2024-05-28T18:24:50.180-0400][gc,heap     ] GC(5) Old regions: 16->16
[2024-05-28T18:24:50.180-0400][gc,heap     ] GC(5) Humongous regions: 129->129
[2024-05-28T18:24:50.180-0400][gc,metaspace] GC(5) Metaspace: 36000K(36288K)->36000K(36288K) NonClass: 32078K(32256K)->32078K(32256K) Class: 3922K(4032K)->3922K(4032K)
[2024-05-28T18:24:50.180-0400][gc          ] GC(5) Pause Young (Concurrent Start) (Metadata GC Threshold) 147M->144M(1024M) 9,829ms
[2024-05-28T18:24:50.180-0400][gc,cpu      ] GC(5) User=0,00s Sys=0,02s Real=0,01s
[2024-05-28T18:24:50.180-0400][gc          ] GC(6) Concurrent Mark Cycle
[2024-05-28T18:24:50.180-0400][gc,marking  ] GC(6) Concurrent Scan Root Regions
[2024-05-28T18:24:50.183-0400][gc,marking  ] GC(6) Concurrent Scan Root Regions 2,942ms
[2024-05-28T18:24:50.183-0400][gc,marking  ] GC(6) Concurrent Mark
[2024-05-28T18:24:50.183-0400][gc,marking  ] GC(6) Concurrent Mark From Roots
[2024-05-28T18:24:50.183-0400][gc,task     ] GC(6) Using 2 workers of 2 for marking
[2024-05-28T18:24:50.195-0400][gc,marking  ] GC(6) Concurrent Mark From Roots 12,406ms
[2024-05-28T18:24:50.195-0400][gc,marking  ] GC(6) Concurrent Preclean
[2024-05-28T18:24:50.196-0400][gc,marking  ] GC(6) Concurrent Preclean 0,077ms
[2024-05-28T18:24:50.198-0400][gc,start    ] GC(6) Pause Remark
[2024-05-28T18:24:50.203-0400][gc          ] GC(6) Pause Remark 145M->145M(1024M) 5,524ms
[2024-05-28T18:24:50.203-0400][gc,cpu      ] GC(6) User=0,01s Sys=0,00s Real=0,01s
[2024-05-28T18:24:50.206-0400][gc,marking  ] GC(6) Concurrent Mark 22,794ms
[2024-05-28T18:24:50.206-0400][gc,marking  ] GC(6) Concurrent Rebuild Remembered Sets and Scrub Regions
[2024-05-28T18:24:50.211-0400][gc,marking  ] GC(6) Concurrent Rebuild Remembered Sets and Scrub Regions 5,498ms
[2024-05-28T18:24:50.212-0400][gc,start    ] GC(6) Pause Cleanup
[2024-05-28T18:24:50.212-0400][gc          ] GC(6) Pause Cleanup 145M->145M(1024M) 0,308ms
[2024-05-28T18:24:50.212-0400][gc,cpu      ] GC(6) User=0,00s Sys=0,00s Real=0,00s
[2024-05-28T18:24:50.212-0400][gc,marking  ] GC(6) Concurrent Clear Claimed Marks
[2024-05-28T18:24:50.212-0400][gc,marking  ] GC(6) Concurrent Clear Claimed Marks 0,041ms
[2024-05-28T18:24:50.212-0400][gc,marking  ] GC(6) Concurrent Cleanup for Next Mark
[2024-05-28T18:24:50.215-0400][gc,marking  ] GC(6) Concurrent Cleanup for Next Mark 2,989ms
[2024-05-28T18:24:50.215-0400][gc          ] GC(6) Concurrent Mark Cycle 35,253ms
[2024-05-28T18:35:01.713-0400][gc,start    ] GC(7) Pause Young (Prepare Mixed) (G1 Evacuation Pause)
[2024-05-28T18:35:01.713-0400][gc,task     ] GC(7) Using 6 workers of 6 for evacuation
[2024-05-28T18:35:01.721-0400][gc,phases   ] GC(7)   Pre Evacuate Collection Set: 0,5ms
[2024-05-28T18:35:01.721-0400][gc,phases   ] GC(7)   Merge Heap Roots: 0,2ms
[2024-05-28T18:35:01.721-0400][gc,phases   ] GC(7)   Evacuate Collection Set: 5,8ms
[2024-05-28T18:35:01.721-0400][gc,phases   ] GC(7)   Post Evacuate Collection Set: 1,9ms
[2024-05-28T18:35:01.722-0400][gc,phases   ] GC(7)   Other: 0,2ms
[2024-05-28T18:35:01.722-0400][gc,heap     ] GC(7) Eden regions: 50->0(47)
[2024-05-28T18:35:01.722-0400][gc,heap     ] GC(7) Survivor regions: 1->4(7)
[2024-05-28T18:35:01.722-0400][gc,heap     ] GC(7) Old regions: 16->16
[2024-05-28T18:35:01.722-0400][gc,heap     ] GC(7) Humongous regions: 129->129
[2024-05-28T18:35:01.722-0400][gc,metaspace] GC(7) Metaspace: 40791K(41344K)->40791K(41344K) NonClass: 36247K(36544K)->36247K(36544K) Class: 4544K(4800K)->4544K(4800K)
[2024-05-28T18:35:01.722-0400][gc          ] GC(7) Pause Young (Prepare Mixed) (G1 Evacuation Pause) 194M->147M(1024M) 8,840ms
[2024-05-28T18:35:01.722-0400][gc,cpu      ] GC(7) User=0,02s Sys=0,01s Real=0,01s
[2024-05-28T18:43:33.038-0400][gc,start    ] GC(8) Pause Young (Mixed) (G1 Evacuation Pause)
[2024-05-28T18:43:33.038-0400][gc,task     ] GC(8) Using 6 workers of 6 for evacuation
[2024-05-28T18:43:33.057-0400][gc,phases   ] GC(8)   Pre Evacuate Collection Set: 0,5ms
[2024-05-28T18:43:33.057-0400][gc,phases   ] GC(8)   Merge Heap Roots: 0,2ms
[2024-05-28T18:43:33.057-0400][gc,phases   ] GC(8)   Evacuate Collection Set: 15,3ms
[2024-05-28T18:43:33.057-0400][gc,phases   ] GC(8)   Post Evacuate Collection Set: 2,8ms
[2024-05-28T18:43:33.057-0400][gc,phases   ] GC(8)   Other: 0,0ms
[2024-05-28T18:43:33.057-0400][gc,heap     ] GC(8) Eden regions: 47->0(46)
[2024-05-28T18:43:33.057-0400][gc,heap     ] GC(8) Survivor regions: 4->5(7)
[2024-05-28T18:43:33.057-0400][gc,heap     ] GC(8) Old regions: 16->15
[2024-05-28T18:43:33.057-0400][gc,heap     ] GC(8) Humongous regions: 129->129
[2024-05-28T18:43:33.057-0400][gc,metaspace] GC(8) Metaspace: 40985K(41536K)->40985K(41536K) NonClass: 36436K(36736K)->36436K(36736K) Class: 4548K(4800K)->4548K(4800K)
[2024-05-28T18:43:33.057-0400][gc          ] GC(8) Pause Young (Mixed) (G1 Evacuation Pause) 194M->148M(1024M) 19,063ms
[2024-05-28T18:43:33.057-0400][gc,cpu      ] GC(8) User=0,03s Sys=0,01s Real=0,02s
[2024-05-28T18:52:50.276-0400][gc,start    ] GC(9) Pause Young (Normal) (G1 Evacuation Pause)
[2024-05-28T18:52:50.276-0400][gc,task     ] GC(9) Using 6 workers of 6 for evacuation
[2024-05-28T18:52:50.287-0400][gc,phases   ] GC(9)   Pre Evacuate Collection Set: 0,7ms
[2024-05-28T18:52:50.287-0400][gc,phases   ] GC(9)   Merge Heap Roots: 0,2ms
[2024-05-28T18:52:50.287-0400][gc,phases   ] GC(9)   Evacuate Collection Set: 6,2ms
[2024-05-28T18:52:50.287-0400][gc,phases   ] GC(9)   Post Evacuate Collection Set: 3,5ms
[2024-05-28T18:52:50.287-0400][gc,phases   ] GC(9)   Other: 0,1ms
[2024-05-28T18:52:50.287-0400][gc,heap     ] GC(9) Eden regions: 46->0(46)
[2024-05-28T18:52:50.287-0400][gc,heap     ] GC(9) Survivor regions: 5->5(7)
[2024-05-28T18:52:50.287-0400][gc,heap     ] GC(9) Old regions: 15->16
[2024-05-28T18:52:50.287-0400][gc,heap     ] GC(9) Humongous regions: 129->129
[2024-05-28T18:52:50.287-0400][gc,metaspace] GC(9) Metaspace: 41081K(41664K)->41081K(41664K) NonClass: 36526K(36864K)->36526K(36864K) Class: 4555K(4800K)->4555K(4800K)
[2024-05-28T18:52:50.287-0400][gc          ] GC(9) Pause Young (Normal) (G1 Evacuation Pause) 194M->148M(1024M) 10,785ms
[2024-05-28T18:52:50.287-0400][gc,cpu      ] GC(9) User=0,01s Sys=0,02s Real=0,01s
[2024-05-29T18:48:40.048-0400][gc,start    ] GC(10) Pause Young (Normal) (G1 Evacuation Pause)
[2024-05-29T18:48:40.048-0400][gc,task     ] GC(10) Using 6 workers of 6 for evacuation
[2024-05-29T18:48:40.067-0400][gc,phases   ] GC(10)   Pre Evacuate Collection Set: 2,1ms
[2024-05-29T18:48:40.067-0400][gc,phases   ] GC(10)   Merge Heap Roots: 0,6ms
[2024-05-29T18:48:40.067-0400][gc,phases   ] GC(10)   Evacuate Collection Set: 15,5ms
[2024-05-29T18:48:40.067-0400][gc,phases   ] GC(10)   Post Evacuate Collection Set: 1,2ms
[2024-05-29T18:48:40.067-0400][gc,phases   ] GC(10)   Other: 0,1ms
[2024-05-29T18:48:40.067-0400][gc,heap     ] GC(10) Eden regions: 46->0(47)
[2024-05-29T18:48:40.067-0400][gc,heap     ] GC(10) Survivor regions: 5->4(7)
[2024-05-29T18:48:40.067-0400][gc,heap     ] GC(10) Old regions: 16->18
[2024-05-29T18:48:40.067-0400][gc,heap     ] GC(10) Humongous regions: 129->129
[2024-05-29T18:48:40.067-0400][gc,metaspace] GC(10) Metaspace: 41159K(41728K)->41159K(41728K) NonClass: 36597K(36928K)->36597K(36928K) Class: 4562K(4800K)->4562K(4800K)
[2024-05-29T18:48:40.068-0400][gc          ] GC(10) Pause Young (Normal) (G1 Evacuation Pause) 194M->149M(1024M) 19,882ms
[2024-05-29T18:48:40.068-0400][gc,cpu      ] GC(10) User=0,05s Sys=0,02s Real=0,02s
[2024-05-29T18:59:46.686-0400][gc,start    ] GC(11) Pause Young (Normal) (G1 Evacuation Pause)
[2024-05-29T18:59:46.686-0400][gc,task     ] GC(11) Using 6 workers of 6 for evacuation
[2024-05-29T18:59:46.694-0400][gc,phases   ] GC(11)   Pre Evacuate Collection Set: 1,0ms
[2024-05-29T18:59:46.694-0400][gc,phases   ] GC(11)   Merge Heap Roots: 0,4ms
[2024-05-29T18:59:46.694-0400][gc,phases   ] GC(11)   Evacuate Collection Set: 4,7ms
[2024-05-29T18:59:46.694-0400][gc,phases   ] GC(11)   Post Evacuate Collection Set: 0,3ms
[2024-05-29T18:59:46.694-0400][gc,phases   ] GC(11)   Other: 1,1ms
[2024-05-29T18:59:46.694-0400][gc,heap     ] GC(11) Eden regions: 47->0(50)
[2024-05-29T18:59:46.694-0400][gc,heap     ] GC(11) Survivor regions: 4->3(7)
[2024-05-29T18:59:46.694-0400][gc,heap     ] GC(11) Old regions: 18->18
[2024-05-29T18:59:46.694-0400][gc,heap     ] GC(11) Humongous regions: 129->129
[2024-05-29T18:59:46.694-0400][gc,metaspace] GC(11) Metaspace: 41205K(41728K)->41205K(41728K) NonClass: 36642K(36928K)->36642K(36928K) Class: 4562K(4800K)->4562K(4800K)
[2024-05-29T18:59:46.694-0400][gc          ] GC(11) Pause Young (Normal) (G1 Evacuation Pause) 196M->148M(1024M) 7,597ms
[2024-05-29T18:59:46.694-0400][gc,cpu      ] GC(11) User=0,01s Sys=0,01s Real=0,01s
[2024-05-29T19:14:11.059-0400][gc,start    ] GC(12) Pause Young (Normal) (G1 Evacuation Pause)
[2024-05-29T19:14:11.059-0400][gc,task     ] GC(12) Using 6 workers of 6 for evacuation
[2024-05-29T19:14:11.079-0400][gc,phases   ] GC(12)   Pre Evacuate Collection Set: 5,0ms
[2024-05-29T19:14:11.079-0400][gc,phases   ] GC(12)   Merge Heap Roots: 1,9ms
[2024-05-29T19:14:11.079-0400][gc,phases   ] GC(12)   Evacuate Collection Set: 11,8ms
[2024-05-29T19:14:11.079-0400][gc,phases   ] GC(12)   Post Evacuate Collection Set: 1,3ms
[2024-05-29T19:14:11.079-0400][gc,phases   ] GC(12)   Other: 0,0ms
[2024-05-29T19:14:11.079-0400][gc,heap     ] GC(12) Eden regions: 62->0(130)
[2024-05-29T19:14:11.079-0400][gc,heap     ] GC(12) Survivor regions: 3->3(9)
[2024-05-29T19:14:11.079-0400][gc,heap     ] GC(12) Old regions: 18->18
[2024-05-29T19:14:11.079-0400][gc,heap     ] GC(12) Humongous regions: 129->129
[2024-05-29T19:14:11.079-0400][gc,metaspace] GC(12) Metaspace: 41295K(41856K)->41295K(41856K) NonClass: 36729K(37056K)->36729K(37056K) Class: 4566K(4800K)->4566K(4800K)
[2024-05-29T19:14:11.079-0400][gc          ] GC(12) Pause Young (Normal) (G1 Evacuation Pause) 210M->148M(1024M) 19,999ms
[2024-05-29T19:14:11.079-0400][gc,cpu      ] GC(12) User=0,02s Sys=0,01s Real=0,02s
[2024-05-29T20:04:03.310-0400][gc,start    ] GC(13) Pause Young (Normal) (G1 Evacuation Pause)
[2024-05-29T20:04:03.310-0400][gc,task     ] GC(13) Using 6 workers of 6 for evacuation
[2024-05-29T20:04:03.321-0400][gc,phases   ] GC(13)   Pre Evacuate Collection Set: 0,7ms
[2024-05-29T20:04:03.321-0400][gc,phases   ] GC(13)   Merge Heap Roots: 0,2ms
[2024-05-29T20:04:03.321-0400][gc,phases   ] GC(13)   Evacuate Collection Set: 8,7ms
[2024-05-29T20:04:03.321-0400][gc,phases   ] GC(13)   Post Evacuate Collection Set: 1,0ms
[2024-05-29T20:04:03.321-0400][gc,phases   ] GC(13)   Other: 0,2ms
[2024-05-29T20:04:03.321-0400][gc,heap     ] GC(13) Eden regions: 217->0(478)
[2024-05-29T20:04:03.321-0400][gc,heap     ] GC(13) Survivor regions: 3->3(28)
[2024-05-29T20:04:03.321-0400][gc,heap     ] GC(13) Old regions: 18->18
[2024-05-29T20:04:03.321-0400][gc,heap     ] GC(13) Humongous regions: 129->129
[2024-05-29T20:04:03.321-0400][gc,metaspace] GC(13) Metaspace: 41412K(41984K)->41412K(41984K) NonClass: 36842K(37184K)->36842K(37184K) Class: 4569K(4800K)->4569K(4800K)
[2024-05-29T20:04:03.321-0400][gc          ] GC(13) Pause Young (Normal) (G1 Evacuation Pause) 365M->148M(1024M) 11,014ms
[2024-05-29T20:04:03.321-0400][gc,cpu      ] GC(13) User=0,01s Sys=0,01s Real=0,01s
[2024-05-29T22:11:44.702-0400][gc,start    ] GC(14) Pause Young (Normal) (G1 Evacuation Pause)
[2024-05-29T22:11:44.719-0400][gc,task     ] GC(14) Using 6 workers of 6 for evacuation
[2024-05-29T22:11:45.543-0400][gc,mmu      ] GC(14) MMU target violated: 21,0ms (20,0ms/21,0ms)
[2024-05-29T22:11:45.544-0400][gc,phases   ] GC(14)   Pre Evacuate Collection Set: 160,2ms
[2024-05-29T22:11:45.544-0400][gc,phases   ] GC(14)   Merge Heap Roots: 25,2ms
[2024-05-29T22:11:45.544-0400][gc,phases   ] GC(14)   Evacuate Collection Set: 491,9ms
[2024-05-29T22:11:45.544-0400][gc,phases   ] GC(14)   Post Evacuate Collection Set: 138,4ms
[2024-05-29T22:11:45.544-0400][gc,phases   ] GC(14)   Other: 13,1ms
[2024-05-29T22:11:45.544-0400][gc,heap     ] GC(14) Eden regions: 559->0(48)
[2024-05-29T22:11:45.546-0400][gc,heap     ] GC(14) Survivor regions: 3->3(71)
[2024-05-29T22:11:45.546-0400][gc,heap     ] GC(14) Old regions: 18->18
[2024-05-29T22:11:45.546-0400][gc,heap     ] GC(14) Humongous regions: 129->129
[2024-05-29T22:11:45.546-0400][gc,metaspace] GC(14) Metaspace: 41478K(42048K)->41478K(42048K) NonClass: 36907K(37184K)->36907K(37184K) Class: 4570K(4864K)->4570K(4864K)
[2024-05-29T22:11:45.555-0400][gc          ] GC(14) Pause Young (Normal) (G1 Evacuation Pause) 707M->148M(1024M) 852,943ms
[2024-05-29T22:11:45.555-0400][gc,cpu      ] GC(14) User=0,21s Sys=0,35s Real=0,85s
[2024-05-29T22:22:11.684-0400][gc,start    ] GC(15) Pause Young (Normal) (G1 Evacuation Pause)
[2024-05-29T22:22:11.684-0400][gc,task     ] GC(15) Using 6 workers of 6 for evacuation
[2024-05-29T22:22:11.861-0400][gc,mmu      ] GC(15) MMU target violated: 21,0ms (20,0ms/21,0ms)
[2024-05-29T22:22:11.861-0400][gc,phases   ] GC(15)   Pre Evacuate Collection Set: -0,8ms
[2024-05-29T22:22:11.861-0400][gc,phases   ] GC(15)   Merge Heap Roots: 1,0ms
[2024-05-29T22:22:11.861-0400][gc,phases   ] GC(15)   Evacuate Collection Set: 175,0ms
[2024-05-29T22:22:11.861-0400][gc,phases   ] GC(15)   Post Evacuate Collection Set: 2,0ms
[2024-05-29T22:22:11.861-0400][gc,phases   ] GC(15)   Other: 0,1ms
[2024-05-29T22:22:11.861-0400][gc,heap     ] GC(15) Eden regions: 48->0(48)
[2024-05-29T22:22:11.861-0400][gc,heap     ] GC(15) Survivor regions: 3->3(7)
[2024-05-29T22:22:11.861-0400][gc,heap     ] GC(15) Old regions: 18->18
[2024-05-29T22:22:11.861-0400][gc,heap     ] GC(15) Humongous regions: 129->129
[2024-05-29T22:22:11.861-0400][gc,metaspace] GC(15) Metaspace: 41482K(42048K)->41482K(42048K) NonClass: 36911K(37184K)->36911K(37184K) Class: 4570K(4864K)->4570K(4864K)
[2024-05-29T22:22:11.861-0400][gc          ] GC(15) Pause Young (Normal) (G1 Evacuation Pause) 196M->148M(1024M) 177,367ms
[2024-05-29T22:22:11.861-0400][gc,cpu      ] GC(15) User=0,01s Sys=0,22s Real=0,18s
[2024-05-29T22:33:09.121-0400][gc,start    ] GC(16) Pause Young (Normal) (G1 Evacuation Pause)
[2024-05-29T22:33:09.121-0400][gc,task     ] GC(16) Using 6 workers of 6 for evacuation
[2024-05-29T22:33:09.251-0400][gc,mmu      ] GC(16) MMU target violated: 21,0ms (20,0ms/21,0ms)
[2024-05-29T22:33:09.251-0400][gc,phases   ] GC(16)   Pre Evacuate Collection Set: 1,0ms
[2024-05-29T22:33:09.251-0400][gc,phases   ] GC(16)   Merge Heap Roots: 1,1ms
[2024-05-29T22:33:09.251-0400][gc,phases   ] GC(16)   Evacuate Collection Set: 126,6ms
[2024-05-29T22:33:09.251-0400][gc,phases   ] GC(16)   Post Evacuate Collection Set: 1,4ms
[2024-05-29T22:33:09.251-0400][gc,phases   ] GC(16)   Other: 0,3ms
[2024-05-29T22:33:09.251-0400][gc,heap     ] GC(16) Eden regions: 48->0(48)
[2024-05-29T22:33:09.251-0400][gc,heap     ] GC(16) Survivor regions: 3->3(7)
[2024-05-29T22:33:09.251-0400][gc,heap     ] GC(16) Old regions: 18->18
[2024-05-29T22:33:09.251-0400][gc,heap     ] GC(16) Humongous regions: 129->129
[2024-05-29T22:33:09.251-0400][gc,metaspace] GC(16) Metaspace: 41494K(42112K)->41494K(42112K) NonClass: 36923K(37248K)->36923K(37248K) Class: 4570K(4864K)->4570K(4864K)
[2024-05-29T22:33:09.251-0400][gc          ] GC(16) Pause Young (Normal) (G1 Evacuation Pause) 196M->148M(1024M) 130,913ms
[2024-05-29T22:33:09.251-0400][gc,cpu      ] GC(16) User=0,00s Sys=0,20s Real=0,13s
[2024-05-29T22:44:13.665-0400][gc,start    ] GC(17) Pause Young (Normal) (G1 Evacuation Pause)
[2024-05-29T22:44:13.665-0400][gc,task     ] GC(17) Using 6 workers of 6 for evacuation
[2024-05-29T22:44:13.724-0400][gc,mmu      ] GC(17) MMU target violated: 21,0ms (20,0ms/21,0ms)
[2024-05-29T22:44:13.725-0400][gc,phases   ] GC(17)   Pre Evacuate Collection Set: 0,7ms
[2024-05-29T22:44:13.725-0400][gc,phases   ] GC(17)   Merge Heap Roots: 0,2ms
[2024-05-29T22:44:13.725-0400][gc,phases   ] GC(17)   Evacuate Collection Set: 53,9ms
[2024-05-29T22:44:13.725-0400][gc,phases   ] GC(17)   Post Evacuate Collection Set: 4,9ms
[2024-05-29T22:44:13.725-0400][gc,phases   ] GC(17)   Other: 0,3ms
[2024-05-29T22:44:13.725-0400][gc,heap     ] GC(17) Eden regions: 48->0(47)
[2024-05-29T22:44:13.725-0400][gc,heap     ] GC(17) Survivor regions: 3->4(7)
[2024-05-29T22:44:13.725-0400][gc,heap     ] GC(17) Old regions: 18->18
[2024-05-29T22:44:13.725-0400][gc,heap     ] GC(17) Humongous regions: 129->129
[2024-05-29T22:44:13.725-0400][gc,metaspace] GC(17) Metaspace: 41496K(42112K)->41496K(42112K) NonClass: 36925K(37248K)->36925K(37248K) Class: 4570K(4864K)->4570K(4864K)
[2024-05-29T22:44:13.725-0400][gc          ] GC(17) Pause Young (Normal) (G1 Evacuation Pause) 196M->149M(1024M) 60,145ms
[2024-05-29T22:44:13.725-0400][gc,cpu      ] GC(17) User=0,05s Sys=0,03s Real=0,06s
[2024-05-29T22:55:00.593-0400][gc,start    ] GC(18) Pause Young (Normal) (G1 Evacuation Pause)
[2024-05-29T22:55:00.593-0400][gc,task     ] GC(18) Using 6 workers of 6 for evacuation
[2024-05-29T22:55:00.621-0400][gc,mmu      ] GC(18) MMU target violated: 21,0ms (20,0ms/21,0ms)
[2024-05-29T22:55:00.621-0400][gc,phases   ] GC(18)   Pre Evacuate Collection Set: 0,5ms
[2024-05-29T22:55:00.621-0400][gc,phases   ] GC(18)   Merge Heap Roots: 4,8ms
[2024-05-29T22:55:00.621-0400][gc,phases   ] GC(18)   Evacuate Collection Set: 18,0ms
[2024-05-29T22:55:00.621-0400][gc,phases   ] GC(18)   Post Evacuate Collection Set: 4,7ms
[2024-05-29T22:55:00.621-0400][gc,phases   ] GC(18)   Other: 0,2ms
[2024-05-29T22:55:00.621-0400][gc,heap     ] GC(18) Eden regions: 47->0(48)
[2024-05-29T22:55:00.621-0400][gc,heap     ] GC(18) Survivor regions: 4->3(7)
[2024-05-29T22:55:00.621-0400][gc,heap     ] GC(18) Old regions: 18->18
[2024-05-29T22:55:00.621-0400][gc,heap     ] GC(18) Humongous regions: 129->129
[2024-05-29T22:55:00.621-0400][gc,metaspace] GC(18) Metaspace: 41496K(42112K)->41496K(42112K) NonClass: 36925K(37248K)->36925K(37248K) Class: 4570K(4864K)->4570K(4864K)
[2024-05-29T22:55:00.621-0400][gc          ] GC(18) Pause Young (Normal) (G1 Evacuation Pause) 196M->148M(1024M) 28,587ms
[2024-05-29T22:55:00.621-0400][gc,cpu      ] GC(18) User=0,04s Sys=0,01s Real=0,03s
[2024-05-29T23:06:02.686-0400][gc,start    ] GC(19) Pause Young (Normal) (G1 Evacuation Pause)
[2024-05-29T23:06:02.686-0400][gc,task     ] GC(19) Using 6 workers of 6 for evacuation
[2024-05-29T23:06:02.731-0400][gc,mmu      ] GC(19) MMU target violated: 21,0ms (20,0ms/21,0ms)
[2024-05-29T23:06:02.731-0400][gc,phases   ] GC(19)   Pre Evacuate Collection Set: 0,5ms
[2024-05-29T23:06:02.731-0400][gc,phases   ] GC(19)   Merge Heap Roots: 0,1ms
[2024-05-29T23:06:02.731-0400][gc,phases   ] GC(19)   Evacuate Collection Set: 42,9ms
[2024-05-29T23:06:02.731-0400][gc,phases   ] GC(19)   Post Evacuate Collection Set: 0,8ms
[2024-05-29T23:06:02.731-0400][gc,phases   ] GC(19)   Other: 0,2ms
[2024-05-29T23:06:02.731-0400][gc,heap     ] GC(19) Eden regions: 48->0(47)
[2024-05-29T23:06:02.731-0400][gc,heap     ] GC(19) Survivor regions: 3->4(7)
[2024-05-29T23:06:02.731-0400][gc,heap     ] GC(19) Old regions: 18->18
[2024-05-29T23:06:02.731-0400][gc,heap     ] GC(19) Humongous regions: 129->129
[2024-05-29T23:06:02.731-0400][gc,metaspace] GC(19) Metaspace: 41502K(42112K)->41502K(42112K) NonClass: 36930K(37248K)->36930K(37248K) Class: 4572K(4864K)->4572K(4864K)
[2024-05-29T23:06:02.731-0400][gc          ] GC(19) Pause Young (Normal) (G1 Evacuation Pause) 196M->149M(1024M) 45,023ms
[2024-05-29T23:06:02.731-0400][gc,cpu      ] GC(19) User=0,03s Sys=0,05s Real=0,05s
[2024-05-29T23:16:12.676-0400][gc,start    ] GC(20) Pause Young (Normal) (G1 Evacuation Pause)
[2024-05-29T23:16:12.676-0400][gc,task     ] GC(20) Using 6 workers of 6 for evacuation
[2024-05-29T23:16:12.702-0400][gc,mmu      ] GC(20) MMU target violated: 21,0ms (20,0ms/21,0ms)
[2024-05-29T23:16:12.702-0400][gc,phases   ] GC(20)   Pre Evacuate Collection Set: 5,0ms
[2024-05-29T23:16:12.702-0400][gc,phases   ] GC(20)   Merge Heap Roots: 4,0ms
[2024-05-29T23:16:12.702-0400][gc,phases   ] GC(20)   Evacuate Collection Set: 11,0ms
[2024-05-29T23:16:12.702-0400][gc,phases   ] GC(20)   Post Evacuate Collection Set: 5,8ms
[2024-05-29T23:16:12.702-0400][gc,phases   ] GC(20)   Other: 0,2ms
[2024-05-29T23:16:12.702-0400][gc,heap     ] GC(20) Eden regions: 47->0(48)
[2024-05-29T23:16:12.702-0400][gc,heap     ] GC(20) Survivor regions: 4->3(7)
[2024-05-29T23:16:12.702-0400][gc,heap     ] GC(20) Old regions: 18->18
[2024-05-29T23:16:12.702-0400][gc,heap     ] GC(20) Humongous regions: 129->129
[2024-05-29T23:16:12.702-0400][gc,metaspace] GC(20) Metaspace: 41507K(42112K)->41507K(42112K) NonClass: 36934K(37248K)->36934K(37248K) Class: 4572K(4864K)->4572K(4864K)
[2024-05-29T23:16:12.702-0400][gc          ] GC(20) Pause Young (Normal) (G1 Evacuation Pause) 196M->148M(1024M) 26,121ms
[2024-05-29T23:16:12.702-0400][gc,cpu      ] GC(20) User=0,02s Sys=0,01s Real=0,02s
[2024-05-29T23:27:16.357-0400][gc,start    ] GC(21) Pause Young (Normal) (G1 Evacuation Pause)
[2024-05-29T23:27:16.364-0400][gc,task     ] GC(21) Using 6 workers of 6 for evacuation
[2024-05-29T23:27:16.407-0400][gc,mmu      ] GC(21) MMU target violated: 21,0ms (20,0ms/21,0ms)
[2024-05-29T23:27:16.432-0400][gc,phases   ] GC(21)   Pre Evacuate Collection Set: 0,7ms
[2024-05-29T23:27:16.432-0400][gc,phases   ] GC(21)   Merge Heap Roots: 0,2ms
[2024-05-29T23:27:16.432-0400][gc,phases   ] GC(21)   Evacuate Collection Set: 37,6ms
[2024-05-29T23:27:16.432-0400][gc,phases   ] GC(21)   Post Evacuate Collection Set: 3,2ms
[2024-05-29T23:27:16.432-0400][gc,phases   ] GC(21)   Other: 2,7ms
[2024-05-29T23:27:16.432-0400][gc,heap     ] GC(21) Eden regions: 48->0(47)
[2024-05-29T23:27:16.432-0400][gc,heap     ] GC(21) Survivor regions: 3->4(7)
[2024-05-29T23:27:16.432-0400][gc,heap     ] GC(21) Old regions: 18->18
[2024-05-29T23:27:16.432-0400][gc,heap     ] GC(21) Humongous regions: 129->129
[2024-05-29T23:27:16.432-0400][gc,metaspace] GC(21) Metaspace: 41508K(42112K)->41508K(42112K) NonClass: 36936K(37248K)->36936K(37248K) Class: 4572K(4864K)->4572K(4864K)
[2024-05-29T23:27:16.432-0400][gc          ] GC(21) Pause Young (Normal) (G1 Evacuation Pause) 196M->149M(1024M) 78,041ms
[2024-05-29T23:27:16.432-0400][gc,cpu      ] GC(21) User=0,05s Sys=0,03s Real=0,08s
[2024-05-29T23:38:05.876-0400][gc,start    ] GC(22) Pause Young (Normal) (G1 Evacuation Pause)
[2024-05-29T23:38:05.877-0400][gc,task     ] GC(22) Using 6 workers of 6 for evacuation
[2024-05-29T23:38:05.901-0400][gc,mmu      ] GC(22) MMU target violated: 21,0ms (20,0ms/21,0ms)
[2024-05-29T23:38:05.901-0400][gc,phases   ] GC(22)   Pre Evacuate Collection Set: 0,6ms
[2024-05-29T23:38:05.901-0400][gc,phases   ] GC(22)   Merge Heap Roots: 0,3ms
[2024-05-29T23:38:05.901-0400][gc,phases   ] GC(22)   Evacuate Collection Set: 17,2ms
[2024-05-29T23:38:05.901-0400][gc,phases   ] GC(22)   Post Evacuate Collection Set: 2,4ms
[2024-05-29T23:38:05.901-0400][gc,phases   ] GC(22)   Other: 3,8ms
[2024-05-29T23:38:05.901-0400][gc,heap     ] GC(22) Eden regions: 47->0(48)
[2024-05-29T23:38:05.901-0400][gc,heap     ] GC(22) Survivor regions: 4->3(7)
[2024-05-29T23:38:05.901-0400][gc,heap     ] GC(22) Old regions: 18->18
[2024-05-29T23:38:05.901-0400][gc,heap     ] GC(22) Humongous regions: 129->129
[2024-05-29T23:38:05.901-0400][gc,metaspace] GC(22) Metaspace: 41510K(42112K)->41510K(42112K) NonClass: 36938K(37248K)->36938K(37248K) Class: 4572K(4864K)->4572K(4864K)
[2024-05-29T23:38:05.901-0400][gc          ] GC(22) Pause Young (Normal) (G1 Evacuation Pause) 196M->149M(1024M) 25,524ms
[2024-05-29T23:38:05.901-0400][gc,cpu      ] GC(22) User=0,02s Sys=0,03s Real=0,03s
[2024-05-29T23:49:02.985-0400][gc,start    ] GC(23) Pause Young (Normal) (G1 Evacuation Pause)
[2024-05-29T23:49:02.986-0400][gc,task     ] GC(23) Using 6 workers of 6 for evacuation
[2024-05-29T23:49:02.999-0400][gc,phases   ] GC(23)   Pre Evacuate Collection Set: 2,5ms
[2024-05-29T23:49:02.999-0400][gc,phases   ] GC(23)   Merge Heap Roots: 0,6ms
[2024-05-29T23:49:02.999-0400][gc,phases   ] GC(23)   Evacuate Collection Set: 8,1ms
[2024-05-29T23:49:02.999-0400][gc,phases   ] GC(23)   Post Evacuate Collection Set: 1,4ms
[2024-05-29T23:49:02.999-0400][gc,phases   ] GC(23)   Other: 0,1ms
[2024-05-29T23:49:02.999-0400][gc,heap     ] GC(23) Eden regions: 48->0(48)
[2024-05-29T23:49:02.999-0400][gc,heap     ] GC(23) Survivor regions: 3->3(7)
[2024-05-29T23:49:02.999-0400][gc,heap     ] GC(23) Old regions: 18->18
[2024-05-29T23:49:02.999-0400][gc,heap     ] GC(23) Humongous regions: 129->129
[2024-05-29T23:49:02.999-0400][gc,metaspace] GC(23) Metaspace: 41514K(42112K)->41514K(42112K) NonClass: 36942K(37248K)->36942K(37248K) Class: 4572K(4864K)->4572K(4864K)
[2024-05-29T23:49:02.999-0400][gc          ] GC(23) Pause Young (Normal) (G1 Evacuation Pause) 197M->148M(1024M) 14,079ms
[2024-05-29T23:49:02.999-0400][gc,cpu      ] GC(23) User=0,03s Sys=0,01s Real=0,02s
[2024-05-29T23:56:09.462-0400][gc,start    ] GC(24) Pause Young (Normal) (G1 Evacuation Pause)
[2024-05-29T23:56:09.463-0400][gc,task     ] GC(24) Using 6 workers of 6 for evacuation
[2024-05-29T23:56:09.516-0400][gc,mmu      ] GC(24) MMU target violated: 21,0ms (20,0ms/21,0ms)
[2024-05-29T23:56:09.516-0400][gc,phases   ] GC(24)   Pre Evacuate Collection Set: 2,1ms
[2024-05-29T23:56:09.516-0400][gc,phases   ] GC(24)   Merge Heap Roots: 4,0ms
[2024-05-29T23:56:09.516-0400][gc,phases   ] GC(24)   Evacuate Collection Set: 46,4ms
[2024-05-29T23:56:09.516-0400][gc,phases   ] GC(24)   Post Evacuate Collection Set: 1,0ms
[2024-05-29T23:56:09.517-0400][gc,phases   ] GC(24)   Other: 0,1ms
[2024-05-29T23:56:09.517-0400][gc,heap     ] GC(24) Eden regions: 48->0(46)
[2024-05-29T23:56:09.517-0400][gc,heap     ] GC(24) Survivor regions: 3->5(7)
[2024-05-29T23:56:09.517-0400][gc,heap     ] GC(24) Old regions: 18->18
[2024-05-29T23:56:09.517-0400][gc,heap     ] GC(24) Humongous regions: 129->129
[2024-05-29T23:56:09.517-0400][gc,metaspace] GC(24) Metaspace: 41714K(42304K)->41714K(42304K) NonClass: 37142K(37440K)->37142K(37440K) Class: 4572K(4864K)->4572K(4864K)
[2024-05-29T23:56:09.517-0400][gc          ] GC(24) Pause Young (Normal) (G1 Evacuation Pause) 196M->150M(1024M) 55,463ms
[2024-05-29T23:56:09.517-0400][gc,cpu      ] GC(24) User=0,05s Sys=0,07s Real=0,06s
[2024-05-30T09:26:17.158-0400][gc,start    ] GC(25) Pause Young (Normal) (G1 Evacuation Pause)
[2024-05-30T09:26:17.159-0400][gc,task     ] GC(25) Using 6 workers of 6 for evacuation
[2024-05-30T09:26:17.217-0400][gc,mmu      ] GC(25) MMU target violated: 21,0ms (20,0ms/21,0ms)
[2024-05-30T09:26:17.217-0400][gc,phases   ] GC(25)   Pre Evacuate Collection Set: 3,6ms
[2024-05-30T09:26:17.217-0400][gc,phases   ] GC(25)   Merge Heap Roots: 0,6ms
[2024-05-30T09:26:17.217-0400][gc,phases   ] GC(25)   Evacuate Collection Set: 49,1ms
[2024-05-30T09:26:17.217-0400][gc,phases   ] GC(25)   Post Evacuate Collection Set: 4,9ms
[2024-05-30T09:26:17.217-0400][gc,phases   ] GC(25)   Other: 0,4ms
[2024-05-30T09:26:17.217-0400][gc,heap     ] GC(25) Eden regions: 46->0(47)
[2024-05-30T09:26:17.217-0400][gc,heap     ] GC(25) Survivor regions: 5->4(7)
[2024-05-30T09:26:17.217-0400][gc,heap     ] GC(25) Old regions: 18->18
[2024-05-30T09:26:17.217-0400][gc,heap     ] GC(25) Humongous regions: 129->129
[2024-05-30T09:26:17.217-0400][gc,metaspace] GC(25) Metaspace: 41754K(42368K)->41754K(42368K) NonClass: 37182K(37504K)->37182K(37504K) Class: 4572K(4864K)->4572K(4864K)
[2024-05-30T09:26:17.217-0400][gc          ] GC(25) Pause Young (Normal) (G1 Evacuation Pause) 196M->149M(1024M) 58,772ms
[2024-05-30T09:26:17.217-0400][gc,cpu      ] GC(25) User=0,04s Sys=0,05s Real=0,06s
[2024-05-30T09:35:44.305-0400][gc,start    ] GC(26) Pause Young (Normal) (G1 Evacuation Pause)
[2024-05-30T09:35:44.305-0400][gc,task     ] GC(26) Using 6 workers of 6 for evacuation
[2024-05-30T09:35:44.322-0400][gc,phases   ] GC(26)   Pre Evacuate Collection Set: 0,6ms
[2024-05-30T09:35:44.323-0400][gc,phases   ] GC(26)   Merge Heap Roots: 0,1ms
[2024-05-30T09:35:44.323-0400][gc,phases   ] GC(26)   Evacuate Collection Set: 14,9ms
[2024-05-30T09:35:44.323-0400][gc,phases   ] GC(26)   Post Evacuate Collection Set: 1,3ms
[2024-05-30T09:35:44.323-0400][gc,phases   ] GC(26)   Other: 0,1ms
[2024-05-30T09:35:44.323-0400][gc,heap     ] GC(26) Eden regions: 47->0(47)
[2024-05-30T09:35:44.323-0400][gc,heap     ] GC(26) Survivor regions: 4->4(7)
[2024-05-30T09:35:44.323-0400][gc,heap     ] GC(26) Old regions: 18->18
[2024-05-30T09:35:44.323-0400][gc,heap     ] GC(26) Humongous regions: 129->129
[2024-05-30T09:35:44.323-0400][gc,metaspace] GC(26) Metaspace: 41801K(42432K)->41801K(42432K) NonClass: 37228K(37568K)->37228K(37568K) Class: 4572K(4864K)->4572K(4864K)
[2024-05-30T09:35:44.323-0400][gc          ] GC(26) Pause Young (Normal) (G1 Evacuation Pause) 196M->149M(1024M) 18,091ms
[2024-05-30T09:35:44.323-0400][gc,cpu      ] GC(26) User=0,04s Sys=0,01s Real=0,01s
[2024-05-30T09:46:03.086-0400][gc,start    ] GC(27) Pause Young (Normal) (G1 Evacuation Pause)
[2024-05-30T09:46:03.090-0400][gc,task     ] GC(27) Using 6 workers of 6 for evacuation
[2024-05-30T09:46:03.112-0400][gc,phases   ] GC(27)   Pre Evacuate Collection Set: 1,3ms
[2024-05-30T09:46:03.112-0400][gc,phases   ] GC(27)   Merge Heap Roots: 0,1ms
[2024-05-30T09:46:03.112-0400][gc,phases   ] GC(27)   Evacuate Collection Set: 14,9ms
[2024-05-30T09:46:03.112-0400][gc,phases   ] GC(27)   Post Evacuate Collection Set: 2,9ms
[2024-05-30T09:46:03.112-0400][gc,phases   ] GC(27)   Other: 0,1ms
[2024-05-30T09:46:03.112-0400][gc,heap     ] GC(27) Eden regions: 47->0(47)
[2024-05-30T09:46:03.112-0400][gc,heap     ] GC(27) Survivor regions: 4->4(7)
[2024-05-30T09:46:03.112-0400][gc,heap     ] GC(27) Old regions: 18->18
[2024-05-30T09:46:03.112-0400][gc,heap     ] GC(27) Humongous regions: 129->129
[2024-05-30T09:46:03.112-0400][gc,metaspace] GC(27) Metaspace: 41838K(42432K)->41838K(42432K) NonClass: 37265K(37568K)->37265K(37568K) Class: 4572K(4864K)->4572K(4864K)
[2024-05-30T09:46:03.112-0400][gc          ] GC(27) Pause Young (Normal) (G1 Evacuation Pause) 196M->150M(1024M) 29,973ms
[2024-05-30T09:46:03.112-0400][gc,cpu      ] GC(27) User=0,04s Sys=0,00s Real=0,03s
[2024-05-30T09:57:08.632-0400][gc,start    ] GC(28) Pause Young (Normal) (G1 Evacuation Pause)
[2024-05-30T09:57:08.653-0400][gc,task     ] GC(28) Using 6 workers of 6 for evacuation
[2024-05-30T09:57:08.667-0400][gc,phases   ] GC(28)   Pre Evacuate Collection Set: 0,9ms
[2024-05-30T09:57:08.667-0400][gc,phases   ] GC(28)   Merge Heap Roots: 0,3ms
[2024-05-30T09:57:08.667-0400][gc,phases   ] GC(28)   Evacuate Collection Set: 5,4ms
[2024-05-30T09:57:08.667-0400][gc,phases   ] GC(28)   Post Evacuate Collection Set: 6,4ms
[2024-05-30T09:57:08.667-0400][gc,phases   ] GC(28)   Other: 4,9ms
[2024-05-30T09:57:08.667-0400][gc,heap     ] GC(28) Eden regions: 47->0(47)
[2024-05-30T09:57:08.667-0400][gc,heap     ] GC(28) Survivor regions: 4->4(7)
[2024-05-30T09:57:08.667-0400][gc,heap     ] GC(28) Old regions: 18->18
[2024-05-30T09:57:08.667-0400][gc,heap     ] GC(28) Humongous regions: 129->129
[2024-05-30T09:57:08.668-0400][gc,metaspace] GC(28) Metaspace: 41925K(42496K)->41925K(42496K) NonClass: 37353K(37632K)->37353K(37632K) Class: 4572K(4864K)->4572K(4864K)
[2024-05-30T09:57:08.668-0400][gc          ] GC(28) Pause Young (Normal) (G1 Evacuation Pause) 197M->150M(1024M) 37,091ms
[2024-05-30T09:57:08.668-0400][gc,cpu      ] GC(28) User=0,03s Sys=0,01s Real=0,04s
[2024-05-30T10:07:27.879-0400][gc,start    ] GC(29) Pause Young (Normal) (G1 Evacuation Pause)
[2024-05-30T10:07:27.889-0400][gc,task     ] GC(29) Using 6 workers of 6 for evacuation
[2024-05-30T10:07:27.908-0400][gc,phases   ] GC(29)   Pre Evacuate Collection Set: 1,7ms
[2024-05-30T10:07:27.908-0400][gc,phases   ] GC(29)   Merge Heap Roots: 0,2ms
[2024-05-30T10:07:27.908-0400][gc,phases   ] GC(29)   Evacuate Collection Set: 15,0ms
[2024-05-30T10:07:27.908-0400][gc,phases   ] GC(29)   Post Evacuate Collection Set: 0,9ms
[2024-05-30T10:07:27.908-0400][gc,phases   ] GC(29)   Other: 2,3ms
[2024-05-30T10:07:27.908-0400][gc,heap     ] GC(29) Eden regions: 47->0(47)
[2024-05-30T10:07:27.908-0400][gc,heap     ] GC(29) Survivor regions: 4->4(7)
[2024-05-30T10:07:27.908-0400][gc,heap     ] GC(29) Old regions: 18->18
[2024-05-30T10:07:27.908-0400][gc,heap     ] GC(29) Humongous regions: 129->129
[2024-05-30T10:07:27.908-0400][gc,metaspace] GC(29) Metaspace: 41973K(42560K)->41973K(42560K) NonClass: 37401K(37696K)->37401K(37696K) Class: 4572K(4864K)->4572K(4864K)
[2024-05-30T10:07:27.908-0400][gc          ] GC(29) Pause Young (Normal) (G1 Evacuation Pause) 197M->150M(1024M) 29,599ms
[2024-05-30T10:07:27.908-0400][gc,cpu      ] GC(29) User=0,01s Sys=0,01s Real=0,03s
[2024-05-30T10:18:01.323-0400][gc,start    ] GC(30) Pause Young (Normal) (G1 Evacuation Pause)
[2024-05-30T10:18:01.332-0400][gc,task     ] GC(30) Using 6 workers of 6 for evacuation
[2024-05-30T10:18:01.362-0400][gc,mmu      ] GC(30) MMU target violated: 21,0ms (20,0ms/21,0ms)
[2024-05-30T10:18:01.362-0400][gc,phases   ] GC(30)   Pre Evacuate Collection Set: 0,6ms
[2024-05-30T10:18:01.362-0400][gc,phases   ] GC(30)   Merge Heap Roots: 2,7ms
[2024-05-30T10:18:01.362-0400][gc,phases   ] GC(30)   Evacuate Collection Set: 21,9ms
[2024-05-30T10:18:01.362-0400][gc,phases   ] GC(30)   Post Evacuate Collection Set: 5,1ms
[2024-05-30T10:18:01.362-0400][gc,phases   ] GC(30)   Other: 5,9ms
[2024-05-30T10:18:01.362-0400][gc,heap     ] GC(30) Eden regions: 47->0(47)
[2024-05-30T10:18:01.362-0400][gc,heap     ] GC(30) Survivor regions: 4->4(7)
[2024-05-30T10:18:01.362-0400][gc,heap     ] GC(30) Old regions: 18->18
[2024-05-30T10:18:01.362-0400][gc,heap     ] GC(30) Humongous regions: 129->129
[2024-05-30T10:18:01.363-0400][gc,metaspace] GC(30) Metaspace: 42039K(42624K)->42039K(42624K) NonClass: 37467K(37760K)->37467K(37760K) Class: 4572K(4864K)->4572K(4864K)
[2024-05-30T10:18:01.363-0400][gc          ] GC(30) Pause Young (Normal) (G1 Evacuation Pause) 197M->150M(1024M) 40,421ms
[2024-05-30T10:18:01.363-0400][gc,cpu      ] GC(30) User=0,03s Sys=0,00s Real=0,04s
[2024-05-30T10:28:03.487-0400][gc,start    ] GC(31) Pause Young (Normal) (G1 Evacuation Pause)
[2024-05-30T10:28:03.522-0400][gc,task     ] GC(31) Using 6 workers of 6 for evacuation
[2024-05-30T10:28:03.610-0400][gc,mmu      ] GC(31) MMU target violated: 21,0ms (20,0ms/21,0ms)
[2024-05-30T10:28:03.613-0400][gc,phases   ] GC(31)   Pre Evacuate Collection Set: 1,9ms
[2024-05-30T10:28:03.613-0400][gc,phases   ] GC(31)   Merge Heap Roots: 2,0ms
[2024-05-30T10:28:03.613-0400][gc,phases   ] GC(31)   Evacuate Collection Set: 41,7ms
[2024-05-30T10:28:03.613-0400][gc,phases   ] GC(31)   Post Evacuate Collection Set: 39,9ms
[2024-05-30T10:28:03.613-0400][gc,phases   ] GC(31)   Other: 12,2ms
[2024-05-30T10:28:03.618-0400][gc,heap     ] GC(31) Eden regions: 47->0(46)
[2024-05-30T10:28:03.618-0400][gc,heap     ] GC(31) Survivor regions: 4->5(7)
[2024-05-30T10:28:03.618-0400][gc,heap     ] GC(31) Old regions: 18->18
[2024-05-30T10:28:03.618-0400][gc,heap     ] GC(31) Humongous regions: 129->129
[2024-05-30T10:28:03.631-0400][gc,metaspace] GC(31) Metaspace: 42287K(42880K)->42287K(42880K) NonClass: 37675K(38016K)->37675K(38016K) Class: 4611K(4864K)->4611K(4864K)
[2024-05-30T10:28:03.646-0400][gc          ] GC(31) Pause Young (Normal) (G1 Evacuation Pause) 197M->151M(1024M) 151,156ms
[2024-05-30T10:28:03.646-0400][gc,cpu      ] GC(31) User=0,05s Sys=0,09s Real=0,16s
[2024-05-30T10:37:32.732-0400][gc,start    ] GC(32) Pause Young (Normal) (G1 Evacuation Pause)
[2024-05-30T10:37:32.845-0400][gc,task     ] GC(32) Using 6 workers of 6 for evacuation
[2024-05-30T10:37:32.975-0400][gc,mmu      ] GC(32) MMU target violated: 21,0ms (20,0ms/21,0ms)
[2024-05-30T10:37:33.005-0400][gc,phases   ] GC(32)   Pre Evacuate Collection Set: 16,7ms
[2024-05-30T10:37:33.005-0400][gc,phases   ] GC(32)   Merge Heap Roots: 0,2ms
[2024-05-30T10:37:33.005-0400][gc,phases   ] GC(32)   Evacuate Collection Set: 31,8ms
[2024-05-30T10:37:33.005-0400][gc,phases   ] GC(32)   Post Evacuate Collection Set: 78,6ms
[2024-05-30T10:37:33.005-0400][gc,phases   ] GC(32)   Other: 47,3ms
[2024-05-30T10:37:33.024-0400][gc,heap     ] GC(32) Eden regions: 46->0(47)
[2024-05-30T10:37:33.024-0400][gc,heap     ] GC(32) Survivor regions: 5->4(7)
[2024-05-30T10:37:33.024-0400][gc,heap     ] GC(32) Old regions: 18->19
[2024-05-30T10:37:33.024-0400][gc,heap     ] GC(32) Humongous regions: 129->129
[2024-05-30T10:37:33.024-0400][gc,metaspace] GC(32) Metaspace: 42288K(42880K)->42288K(42880K) NonClass: 37676K(38016K)->37676K(38016K) Class: 4611K(4864K)->4611K(4864K)
[2024-05-30T10:37:33.044-0400][gc          ] GC(32) Pause Young (Normal) (G1 Evacuation Pause) 197M->151M(1024M) 338,354ms
[2024-05-30T10:37:33.044-0400][gc,cpu      ] GC(32) User=0,03s Sys=0,07s Real=0,34s
[2024-05-30T10:58:23.470-0400][gc,start    ] GC(33) Pause Young (Normal) (G1 Evacuation Pause)
[2024-05-30T10:59:26.922-0400][gc,task     ] GC(33) Using 6 workers of 6 for evacuation
[2024-05-30T11:01:09.565-0400][gc,mmu      ] GC(33) MMU target violated: 21,0ms (20,0ms/21,0ms)
[2024-05-30T11:01:14.186-0400][gc,phases   ] GC(33)   Pre Evacuate Collection Set: 66968,5ms
[2024-05-30T11:01:16.675-0400][gc,phases   ] GC(33)   Merge Heap Roots: 3172,0ms
[2024-05-30T11:01:18.820-0400][gc,phases   ] GC(33)   Evacuate Collection Set: 2593,4ms
[2024-05-30T11:01:20.833-0400][gc,phases   ] GC(33)   Post Evacuate Collection Set: 476,2ms
[2024-05-30T11:01:27.728-0400][gc,phases   ] GC(33)   Other: 45567,4ms
[2024-05-30T11:01:27.918-0400][gc,heap     ] GC(33) Eden regions: 47->0(47)
[2024-05-30T11:01:27.918-0400][gc,heap     ] GC(33) Survivor regions: 4->4(7)
[2024-05-30T11:01:27.918-0400][gc,heap     ] GC(33) Old regions: 19->19
[2024-05-30T11:01:27.918-0400][gc,heap     ] GC(33) Humongous regions: 129->129
[2024-05-30T11:01:27.918-0400][gc,metaspace] GC(33) Metaspace: 42513K(43136K)->42513K(43136K) NonClass: 37866K(38208K)->37866K(38208K) Class: 4647K(4928K)->4647K(4928K)
[2024-05-30T11:01:27.948-0400][gc          ] GC(33) Pause Young (Normal) (G1 Evacuation Pause) 198M->150M(1024M) 184738,545ms
[2024-05-30T11:01:27.948-0400][gc,cpu      ] GC(33) User=0,00s Sys=7,77s Real=197,47s
