[2024-05-30T11:12:50.763-0400][gc,init] CardTable entry size: 512
[2024-05-30T11:12:50.764-0400][gc     ] Using G1
[2024-05-30T11:12:50.794-0400][gc,init] Version: 21.0.3+9-Ubuntu-1ubuntu1 (release)
[2024-05-30T11:12:50.794-0400][gc,init] CPUs: 6 total, 6 available
[2024-05-30T11:12:50.794-0400][gc,init] Memory: 7940M
[2024-05-30T11:12:50.794-0400][gc,init] Large Page Support: Disabled
[2024-05-30T11:12:50.794-0400][gc,init] NUMA Support: Disabled
[2024-05-30T11:12:50.794-0400][gc,init] Compressed Oops: Enabled (32-bit)
[2024-05-30T11:12:50.794-0400][gc,init] Heap Region Size: 1M
[2024-05-30T11:12:50.794-0400][gc,init] Heap Min Capacity: 1G
[2024-05-30T11:12:50.794-0400][gc,init] Heap Initial Capacity: 1G
[2024-05-30T11:12:50.794-0400][gc,init] Heap Max Capacity: 1G
[2024-05-30T11:12:50.794-0400][gc,init] Pre-touch: Disabled
[2024-05-30T11:12:50.794-0400][gc,init] Parallel Workers: 6
[2024-05-30T11:12:50.794-0400][gc,init] Concurrent Workers: 2
[2024-05-30T11:12:50.794-0400][gc,init] Concurrent Refinement Workers: 6
[2024-05-30T11:12:50.794-0400][gc,init] Periodic GC: Disabled
[2024-05-30T11:12:50.823-0400][gc,metaspace] CDS archive(s) mapped at: [0x00007e671b000000-0x00007e671bcaa000-0x00007e671bcaa000), size 13279232, SharedBaseAddress: 0x00007e671b000000, ArchiveRelocationMode: 1.
[2024-05-30T11:12:50.823-0400][gc,metaspace] Compressed class space mapped at: 0x00007e671c000000-0x00007e675c000000, reserved size: 1073741824
[2024-05-30T11:12:50.823-0400][gc,metaspace] Narrow klass base: 0x00007e671b000000, Narrow klass shift: 0, Narrow klass range: 0x100000000
[2024-05-30T11:12:52.489-0400][gc,start    ] GC(0) Pause Young (Normal) (G1 Evacuation Pause)
[2024-05-30T11:12:52.491-0400][gc,task     ] GC(0) Using 6 workers of 6 for evacuation
[2024-05-30T11:12:52.516-0400][gc,mmu      ] GC(0) MMU target violated: 21,0ms (20,0ms/21,0ms)
[2024-05-30T11:12:52.516-0400][gc,phases   ] GC(0)   Pre Evacuate Collection Set: 0,5ms
[2024-05-30T11:12:52.516-0400][gc,phases   ] GC(0)   Merge Heap Roots: 0,3ms
[2024-05-30T11:12:52.516-0400][gc,phases   ] GC(0)   Evacuate Collection Set: 16,3ms
[2024-05-30T11:12:52.516-0400][gc,phases   ] GC(0)   Post Evacuate Collection Set: 7,5ms
[2024-05-30T11:12:52.516-0400][gc,phases   ] GC(0)   Other: 2,4ms
[2024-05-30T11:12:52.516-0400][gc,heap     ] GC(0) Eden regions: 51->0(44)
[2024-05-30T11:12:52.516-0400][gc,heap     ] GC(0) Survivor regions: 0->7(7)
[2024-05-30T11:12:52.516-0400][gc,heap     ] GC(0) Old regions: 2->3
[2024-05-30T11:12:52.516-0400][gc,heap     ] GC(0) Humongous regions: 0->0
[2024-05-30T11:12:52.516-0400][gc,metaspace] GC(0) Metaspace: 18714K(18944K)->18714K(18944K) NonClass: 16601K(16704K)->16601K(16704K) Class: 2113K(2240K)->2113K(2240K)
[2024-05-30T11:12:52.516-0400][gc          ] GC(0) Pause Young (Normal) (G1 Evacuation Pause) 52M->8M(1024M) 27,318ms
[2024-05-30T11:12:52.516-0400][gc,cpu      ] GC(0) User=0,03s Sys=0,04s Real=0,03s
[2024-05-30T11:12:52.849-0400][gc,start    ] GC(1) Pause Young (Concurrent Start) (Metadata GC Threshold)
[2024-05-30T11:12:52.849-0400][gc,task     ] GC(1) Using 6 workers of 6 for evacuation
[2024-05-30T11:12:52.865-0400][gc,phases   ] GC(1)   Pre Evacuate Collection Set: 0,5ms
[2024-05-30T11:12:52.865-0400][gc,phases   ] GC(1)   Merge Heap Roots: 0,1ms
[2024-05-30T11:12:52.865-0400][gc,phases   ] GC(1)   Evacuate Collection Set: 13,0ms
[2024-05-30T11:12:52.865-0400][gc,phases   ] GC(1)   Post Evacuate Collection Set: 1,6ms
[2024-05-30T11:12:52.865-0400][gc,phases   ] GC(1)   Other: 0,5ms
[2024-05-30T11:12:52.865-0400][gc,heap     ] GC(1) Eden regions: 10->0(49)
[2024-05-30T11:12:52.865-0400][gc,heap     ] GC(1) Survivor regions: 7->2(7)
[2024-05-30T11:12:52.865-0400][gc,heap     ] GC(1) Old regions: 3->11
[2024-05-30T11:12:52.865-0400][gc,heap     ] GC(1) Humongous regions: 0->0
[2024-05-30T11:12:52.865-0400][gc,metaspace] GC(1) Metaspace: 21317K(21504K)->21317K(21504K) NonClass: 18867K(18944K)->18867K(18944K) Class: 2449K(2560K)->2449K(2560K)
[2024-05-30T11:12:52.865-0400][gc          ] GC(1) Pause Young (Concurrent Start) (Metadata GC Threshold) 18M->10M(1024M) 15,909ms
[2024-05-30T11:12:52.865-0400][gc,cpu      ] GC(1) User=0,03s Sys=0,03s Real=0,02s
[2024-05-30T11:12:52.865-0400][gc          ] GC(2) Concurrent Mark Cycle
[2024-05-30T11:12:52.865-0400][gc,marking  ] GC(2) Concurrent Scan Root Regions
[2024-05-30T11:12:52.868-0400][gc,marking  ] GC(2) Concurrent Scan Root Regions 2,663ms
[2024-05-30T11:12:52.868-0400][gc,marking  ] GC(2) Concurrent Mark
[2024-05-30T11:12:52.868-0400][gc,marking  ] GC(2) Concurrent Mark From Roots
[2024-05-30T11:12:52.868-0400][gc,task     ] GC(2) Using 2 workers of 2 for marking
[2024-05-30T11:12:52.870-0400][gc,marking  ] GC(2) Concurrent Mark From Roots 2,389ms
[2024-05-30T11:12:52.870-0400][gc,marking  ] GC(2) Concurrent Preclean
[2024-05-30T11:12:52.870-0400][gc,marking  ] GC(2) Concurrent Preclean 0,013ms
[2024-05-30T11:12:52.871-0400][gc,start    ] GC(2) Pause Remark
[2024-05-30T11:12:52.876-0400][gc          ] GC(2) Pause Remark 11M->11M(1024M) 5,560ms
[2024-05-30T11:12:52.876-0400][gc,cpu      ] GC(2) User=0,00s Sys=0,00s Real=0,01s
[2024-05-30T11:12:52.877-0400][gc,marking  ] GC(2) Concurrent Mark 8,671ms
[2024-05-30T11:12:52.877-0400][gc,marking  ] GC(2) Concurrent Rebuild Remembered Sets and Scrub Regions
[2024-05-30T11:12:52.879-0400][gc,marking  ] GC(2) Concurrent Rebuild Remembered Sets and Scrub Regions 2,072ms
[2024-05-30T11:12:52.879-0400][gc,start    ] GC(2) Pause Cleanup
[2024-05-30T11:12:52.879-0400][gc          ] GC(2) Pause Cleanup 11M->11M(1024M) 0,288ms
[2024-05-30T11:12:52.879-0400][gc,cpu      ] GC(2) User=0,00s Sys=0,00s Real=0,00s
[2024-05-30T11:12:52.880-0400][gc,marking  ] GC(2) Concurrent Clear Claimed Marks
[2024-05-30T11:12:52.880-0400][gc,marking  ] GC(2) Concurrent Clear Claimed Marks 0,020ms
[2024-05-30T11:12:52.880-0400][gc,marking  ] GC(2) Concurrent Cleanup for Next Mark
[2024-05-30T11:12:52.905-0400][gc,marking  ] GC(2) Concurrent Cleanup for Next Mark 25,064ms
[2024-05-30T11:12:52.905-0400][gc          ] GC(2) Concurrent Mark Cycle 39,884ms
[2024-05-30T11:12:54.521-0400][gc,start    ] GC(3) Pause Young (Prepare Mixed) (G1 Evacuation Pause)
[2024-05-30T11:12:54.521-0400][gc,task     ] GC(3) Using 6 workers of 6 for evacuation
[2024-05-30T11:12:54.536-0400][gc,phases   ] GC(3)   Pre Evacuate Collection Set: 0,4ms
[2024-05-30T11:12:54.536-0400][gc,phases   ] GC(3)   Merge Heap Roots: 0,2ms
[2024-05-30T11:12:54.536-0400][gc,phases   ] GC(3)   Evacuate Collection Set: 12,9ms
[2024-05-30T11:12:54.536-0400][gc,phases   ] GC(3)   Post Evacuate Collection Set: 1,4ms
[2024-05-30T11:12:54.536-0400][gc,phases   ] GC(3)   Other: 0,2ms
[2024-05-30T11:12:54.536-0400][gc,heap     ] GC(3) Eden regions: 49->0(45)
[2024-05-30T11:12:54.536-0400][gc,heap     ] GC(3) Survivor regions: 2->6(7)
[2024-05-30T11:12:54.536-0400][gc,heap     ] GC(3) Old regions: 11->11
[2024-05-30T11:12:54.536-0400][gc,heap     ] GC(3) Humongous regions: 129->129
[2024-05-30T11:12:54.536-0400][gc,metaspace] GC(3) Metaspace: 31625K(31936K)->31625K(31936K) NonClass: 28115K(28288K)->28115K(28288K) Class: 3509K(3648K)->3509K(3648K)
[2024-05-30T11:12:54.536-0400][gc          ] GC(3) Pause Young (Prepare Mixed) (G1 Evacuation Pause) 188M->143M(1024M) 15,197ms
[2024-05-30T11:12:54.536-0400][gc,cpu      ] GC(3) User=0,02s Sys=0,02s Real=0,02s
[2024-05-30T11:12:54.988-0400][gc,start    ] GC(4) Pause Young (Mixed) (Metadata GC Threshold)
[2024-05-30T11:12:54.988-0400][gc,task     ] GC(4) Using 6 workers of 6 for evacuation
[2024-05-30T11:12:55.004-0400][gc,phases   ] GC(4)   Pre Evacuate Collection Set: 0,7ms
[2024-05-30T11:12:55.004-0400][gc,phases   ] GC(4)   Merge Heap Roots: 0,2ms
[2024-05-30T11:12:55.004-0400][gc,phases   ] GC(4)   Evacuate Collection Set: 13,5ms
[2024-05-30T11:12:55.004-0400][gc,phases   ] GC(4)   Post Evacuate Collection Set: 1,1ms
[2024-05-30T11:12:55.004-0400][gc,phases   ] GC(4)   Other: 0,1ms
[2024-05-30T11:12:55.004-0400][gc,heap     ] GC(4) Eden regions: 16->0(49)
[2024-05-30T11:12:55.004-0400][gc,heap     ] GC(4) Survivor regions: 6->2(7)
[2024-05-30T11:12:55.004-0400][gc,heap     ] GC(4) Old regions: 11->15
[2024-05-30T11:12:55.004-0400][gc,heap     ] GC(4) Humongous regions: 129->129
[2024-05-30T11:12:55.004-0400][gc,metaspace] GC(4) Metaspace: 35678K(35968K)->35678K(35968K) NonClass: 31840K(32000K)->31840K(32000K) Class: 3838K(3968K)->3838K(3968K)
[2024-05-30T11:12:55.004-0400][gc          ] GC(4) Pause Young (Mixed) (Metadata GC Threshold) 159M->145M(1024M) 15,831ms
[2024-05-30T11:12:55.004-0400][gc,cpu      ] GC(4) User=0,03s Sys=0,01s Real=0,01s
[2024-05-30T11:12:55.026-0400][gc,start    ] GC(5) Pause Young (Concurrent Start) (Metadata GC Threshold)
[2024-05-30T11:12:55.026-0400][gc,task     ] GC(5) Using 6 workers of 6 for evacuation
[2024-05-30T11:12:55.029-0400][gc,phases   ] GC(5)   Pre Evacuate Collection Set: 0,5ms
[2024-05-30T11:12:55.030-0400][gc,phases   ] GC(5)   Merge Heap Roots: 0,3ms
[2024-05-30T11:12:55.030-0400][gc,phases   ] GC(5)   Evacuate Collection Set: 1,2ms
[2024-05-30T11:12:55.030-0400][gc,phases   ] GC(5)   Post Evacuate Collection Set: 1,0ms
[2024-05-30T11:12:55.030-0400][gc,phases   ] GC(5)   Other: 0,2ms
[2024-05-30T11:12:55.030-0400][gc,heap     ] GC(5) Eden regions: 2->0(49)
[2024-05-30T11:12:55.030-0400][gc,heap     ] GC(5) Survivor regions: 2->2(7)
[2024-05-30T11:12:55.030-0400][gc,heap     ] GC(5) Old regions: 15->15
[2024-05-30T11:12:55.030-0400][gc,heap     ] GC(5) Humongous regions: 129->129
[2024-05-30T11:12:55.030-0400][gc,metaspace] GC(5) Metaspace: 35981K(36288K)->35981K(36288K) NonClass: 32097K(32256K)->32097K(32256K) Class: 3883K(4032K)->3883K(4032K)
[2024-05-30T11:12:55.030-0400][gc          ] GC(5) Pause Young (Concurrent Start) (Metadata GC Threshold) 147M->145M(1024M) 3,238ms
[2024-05-30T11:12:55.030-0400][gc,cpu      ] GC(5) User=0,01s Sys=0,00s Real=0,00s
[2024-05-30T11:12:55.030-0400][gc          ] GC(6) Concurrent Mark Cycle
[2024-05-30T11:12:55.030-0400][gc,marking  ] GC(6) Concurrent Scan Root Regions
[2024-05-30T11:12:55.032-0400][gc,marking  ] GC(6) Concurrent Scan Root Regions 2,170ms
[2024-05-30T11:12:55.032-0400][gc,marking  ] GC(6) Concurrent Mark
[2024-05-30T11:12:55.032-0400][gc,marking  ] GC(6) Concurrent Mark From Roots
[2024-05-30T11:12:55.032-0400][gc,task     ] GC(6) Using 2 workers of 2 for marking
[2024-05-30T11:12:55.040-0400][gc,marking  ] GC(6) Concurrent Mark From Roots 7,928ms
[2024-05-30T11:12:55.040-0400][gc,marking  ] GC(6) Concurrent Preclean
[2024-05-30T11:12:55.040-0400][gc,marking  ] GC(6) Concurrent Preclean 0,035ms
[2024-05-30T11:12:55.045-0400][gc,start    ] GC(6) Pause Remark
[2024-05-30T11:12:55.048-0400][gc          ] GC(6) Pause Remark 145M->145M(1024M) 3,326ms
[2024-05-30T11:12:55.048-0400][gc,cpu      ] GC(6) User=0,00s Sys=0,01s Real=0,01s
[2024-05-30T11:12:55.048-0400][gc,marking  ] GC(6) Concurrent Mark 16,356ms
[2024-05-30T11:12:55.048-0400][gc,marking  ] GC(6) Concurrent Rebuild Remembered Sets and Scrub Regions
[2024-05-30T11:12:55.051-0400][gc,marking  ] GC(6) Concurrent Rebuild Remembered Sets and Scrub Regions 2,755ms
[2024-05-30T11:12:55.051-0400][gc,start    ] GC(6) Pause Cleanup
[2024-05-30T11:12:55.052-0400][gc          ] GC(6) Pause Cleanup 145M->145M(1024M) 0,290ms
[2024-05-30T11:12:55.052-0400][gc,cpu      ] GC(6) User=0,00s Sys=0,00s Real=0,00s
[2024-05-30T11:12:55.052-0400][gc,marking  ] GC(6) Concurrent Clear Claimed Marks
[2024-05-30T11:12:55.052-0400][gc,marking  ] GC(6) Concurrent Clear Claimed Marks 0,027ms
[2024-05-30T11:12:55.052-0400][gc,marking  ] GC(6) Concurrent Cleanup for Next Mark
[2024-05-30T11:12:55.054-0400][gc,marking  ] GC(6) Concurrent Cleanup for Next Mark 2,259ms
[2024-05-30T11:12:55.054-0400][gc          ] GC(6) Concurrent Mark Cycle 24,723ms
[2024-05-30T11:23:35.193-0400][gc,start    ] GC(7) Pause Young (Prepare Mixed) (G1 Evacuation Pause)
[2024-05-30T11:23:35.193-0400][gc,task     ] GC(7) Using 6 workers of 6 for evacuation
[2024-05-30T11:23:35.205-0400][gc,phases   ] GC(7)   Pre Evacuate Collection Set: 0,7ms
[2024-05-30T11:23:35.205-0400][gc,phases   ] GC(7)   Merge Heap Roots: 0,5ms
[2024-05-30T11:23:35.205-0400][gc,phases   ] GC(7)   Evacuate Collection Set: 8,8ms
[2024-05-30T11:23:35.205-0400][gc,phases   ] GC(7)   Post Evacuate Collection Set: 1,8ms
[2024-05-30T11:23:35.205-0400][gc,phases   ] GC(7)   Other: 0,1ms
[2024-05-30T11:23:35.205-0400][gc,heap     ] GC(7) Eden regions: 49->0(48)
[2024-05-30T11:23:35.205-0400][gc,heap     ] GC(7) Survivor regions: 2->3(7)
[2024-05-30T11:23:35.205-0400][gc,heap     ] GC(7) Old regions: 15->15
[2024-05-30T11:23:35.205-0400][gc,heap     ] GC(7) Humongous regions: 135->129
[2024-05-30T11:23:35.205-0400][gc,metaspace] GC(7) Metaspace: 40256K(40832K)->40256K(40832K) NonClass: 35728K(36032K)->35728K(36032K) Class: 4528K(4800K)->4528K(4800K)
[2024-05-30T11:23:35.205-0400][gc          ] GC(7) Pause Young (Prepare Mixed) (G1 Evacuation Pause) 200M->146M(1024M) 11,980ms
[2024-05-30T11:23:35.205-0400][gc,cpu      ] GC(7) User=0,02s Sys=0,01s Real=0,02s
[2024-05-30T11:41:51.324-0400][gc,start    ] GC(8) Pause Young (Mixed) (G1 Evacuation Pause)
[2024-05-30T11:41:51.324-0400][gc,task     ] GC(8) Using 6 workers of 6 for evacuation
[2024-05-30T11:41:51.347-0400][gc,mmu      ] GC(8) MMU target violated: 21,0ms (20,0ms/21,0ms)
[2024-05-30T11:41:51.347-0400][gc,phases   ] GC(8)   Pre Evacuate Collection Set: 2,0ms
[2024-05-30T11:41:51.347-0400][gc,phases   ] GC(8)   Merge Heap Roots: 0,1ms
[2024-05-30T11:41:51.347-0400][gc,phases   ] GC(8)   Evacuate Collection Set: 15,1ms
[2024-05-30T11:41:51.347-0400][gc,phases   ] GC(8)   Post Evacuate Collection Set: 2,8ms
[2024-05-30T11:41:51.347-0400][gc,phases   ] GC(8)   Other: 3,7ms
[2024-05-30T11:41:51.347-0400][gc,heap     ] GC(8) Eden regions: 48->0(47)
[2024-05-30T11:41:51.347-0400][gc,heap     ] GC(8) Survivor regions: 3->4(7)
[2024-05-30T11:41:51.347-0400][gc,heap     ] GC(8) Old regions: 15->15
[2024-05-30T11:41:51.347-0400][gc,heap     ] GC(8) Humongous regions: 129->129
[2024-05-30T11:41:51.347-0400][gc,metaspace] GC(8) Metaspace: 40789K(41344K)->40789K(41344K) NonClass: 36228K(36544K)->36228K(36544K) Class: 4561K(4800K)->4561K(4800K)
[2024-05-30T11:41:51.347-0400][gc          ] GC(8) Pause Young (Mixed) (G1 Evacuation Pause) 194M->147M(1024M) 23,886ms
[2024-05-30T11:41:51.348-0400][gc,cpu      ] GC(8) User=0,03s Sys=0,03s Real=0,03s
[2024-05-30T11:52:50.194-0400][gc,start    ] GC(9) Pause Young (Normal) (G1 Evacuation Pause)
[2024-05-30T11:52:50.194-0400][gc,task     ] GC(9) Using 6 workers of 6 for evacuation
[2024-05-30T11:52:50.204-0400][gc,phases   ] GC(9)   Pre Evacuate Collection Set: 0,8ms
[2024-05-30T11:52:50.204-0400][gc,phases   ] GC(9)   Merge Heap Roots: 0,2ms
[2024-05-30T11:52:50.204-0400][gc,phases   ] GC(9)   Evacuate Collection Set: 7,0ms
[2024-05-30T11:52:50.204-0400][gc,phases   ] GC(9)   Post Evacuate Collection Set: 1,8ms
[2024-05-30T11:52:50.204-0400][gc,phases   ] GC(9)   Other: 0,1ms
[2024-05-30T11:52:50.204-0400][gc,heap     ] GC(9) Eden regions: 47->0(46)
[2024-05-30T11:52:50.204-0400][gc,heap     ] GC(9) Survivor regions: 4->5(7)
[2024-05-30T11:52:50.204-0400][gc,heap     ] GC(9) Old regions: 15->15
[2024-05-30T11:52:50.204-0400][gc,heap     ] GC(9) Humongous regions: 129->129
[2024-05-30T11:52:50.204-0400][gc,metaspace] GC(9) Metaspace: 41186K(41728K)->41186K(41728K) NonClass: 36624K(36928K)->36624K(36928K) Class: 4561K(4800K)->4561K(4800K)
[2024-05-30T11:52:50.204-0400][gc          ] GC(9) Pause Young (Normal) (G1 Evacuation Pause) 194M->147M(1024M) 10,231ms
[2024-05-30T11:52:50.204-0400][gc,cpu      ] GC(9) User=0,02s Sys=0,00s Real=0,01s
[2024-05-30T12:10:42.746-0400][gc,start    ] GC(10) Pause Young (Normal) (G1 Evacuation Pause)
[2024-05-30T12:10:42.747-0400][gc,task     ] GC(10) Using 6 workers of 6 for evacuation
[2024-05-30T12:10:42.762-0400][gc,phases   ] GC(10)   Pre Evacuate Collection Set: 0,5ms
[2024-05-30T12:10:42.762-0400][gc,phases   ] GC(10)   Merge Heap Roots: 0,9ms
[2024-05-30T12:10:42.762-0400][gc,phases   ] GC(10)   Evacuate Collection Set: 10,8ms
[2024-05-30T12:10:42.762-0400][gc,phases   ] GC(10)   Post Evacuate Collection Set: 3,0ms
[2024-05-30T12:10:42.762-0400][gc,phases   ] GC(10)   Other: 0,1ms
[2024-05-30T12:10:42.762-0400][gc,heap     ] GC(10) Eden regions: 46->0(48)
[2024-05-30T12:10:42.762-0400][gc,heap     ] GC(10) Survivor regions: 5->3(7)
[2024-05-30T12:10:42.762-0400][gc,heap     ] GC(10) Old regions: 15->16
[2024-05-30T12:10:42.762-0400][gc,heap     ] GC(10) Humongous regions: 129->129
[2024-05-30T12:10:42.762-0400][gc,metaspace] GC(10) Metaspace: 41375K(41920K)->41375K(41920K) NonClass: 36806K(37120K)->36806K(37120K) Class: 4568K(4800K)->4568K(4800K)
[2024-05-30T12:10:42.762-0400][gc          ] GC(10) Pause Young (Normal) (G1 Evacuation Pause) 193M->147M(1024M) 16,122ms
[2024-05-30T12:10:42.762-0400][gc,cpu      ] GC(10) User=0,03s Sys=0,01s Real=0,01s
[2024-05-30T12:29:00.200-0400][gc,start    ] GC(11) Pause Young (Normal) (G1 Evacuation Pause)
[2024-05-30T12:29:00.200-0400][gc,task     ] GC(11) Using 6 workers of 6 for evacuation
[2024-05-30T12:29:00.233-0400][gc,mmu      ] GC(11) MMU target violated: 21,0ms (20,0ms/21,0ms)
[2024-05-30T12:29:00.233-0400][gc,phases   ] GC(11)   Pre Evacuate Collection Set: 2,7ms
[2024-05-30T12:29:00.233-0400][gc,phases   ] GC(11)   Merge Heap Roots: 0,4ms
[2024-05-30T12:29:00.233-0400][gc,phases   ] GC(11)   Evacuate Collection Set: 27,7ms
[2024-05-30T12:29:00.233-0400][gc,phases   ] GC(11)   Post Evacuate Collection Set: 1,6ms
[2024-05-30T12:29:00.233-0400][gc,phases   ] GC(11)   Other: 0,2ms
[2024-05-30T12:29:00.233-0400][gc,heap     ] GC(11) Eden regions: 48->0(47)
[2024-05-30T12:29:00.233-0400][gc,heap     ] GC(11) Survivor regions: 3->4(7)
[2024-05-30T12:29:00.233-0400][gc,heap     ] GC(11) Old regions: 16->16
[2024-05-30T12:29:00.233-0400][gc,heap     ] GC(11) Humongous regions: 129->129
[2024-05-30T12:29:00.233-0400][gc,metaspace] GC(11) Metaspace: 41600K(42240K)->41600K(42240K) NonClass: 37026K(37376K)->37026K(37376K) Class: 4573K(4864K)->4573K(4864K)
[2024-05-30T12:29:00.233-0400][gc          ] GC(11) Pause Young (Normal) (G1 Evacuation Pause) 195M->148M(1024M) 32,697ms
[2024-05-30T12:29:00.233-0400][gc,cpu      ] GC(11) User=0,03s Sys=0,02s Real=0,03s
[2024-05-30T12:47:30.193-0400][gc,start    ] GC(12) Pause Young (Normal) (G1 Evacuation Pause)
[2024-05-30T12:47:30.193-0400][gc,task     ] GC(12) Using 6 workers of 6 for evacuation
[2024-05-30T12:47:30.201-0400][gc,phases   ] GC(12)   Pre Evacuate Collection Set: 0,8ms
[2024-05-30T12:47:30.201-0400][gc,phases   ] GC(12)   Merge Heap Roots: 0,5ms
[2024-05-30T12:47:30.201-0400][gc,phases   ] GC(12)   Evacuate Collection Set: 5,8ms
[2024-05-30T12:47:30.201-0400][gc,phases   ] GC(12)   Post Evacuate Collection Set: 0,9ms
[2024-05-30T12:47:30.201-0400][gc,phases   ] GC(12)   Other: 0,0ms
[2024-05-30T12:47:30.201-0400][gc,heap     ] GC(12) Eden regions: 47->0(79)
[2024-05-30T12:47:30.201-0400][gc,heap     ] GC(12) Survivor regions: 4->4(7)
[2024-05-30T12:47:30.201-0400][gc,heap     ] GC(12) Old regions: 16->16
[2024-05-30T12:47:30.201-0400][gc,heap     ] GC(12) Humongous regions: 129->129
[2024-05-30T12:47:30.201-0400][gc,metaspace] GC(12) Metaspace: 41681K(42304K)->41681K(42304K) NonClass: 37108K(37440K)->37108K(37440K) Class: 4573K(4864K)->4573K(4864K)
[2024-05-30T12:47:30.201-0400][gc          ] GC(12) Pause Young (Normal) (G1 Evacuation Pause) 195M->148M(1024M) 8,136ms
[2024-05-30T12:47:30.201-0400][gc,cpu      ] GC(12) User=0,02s Sys=0,01s Real=0,01s
[2024-05-30T13:16:55.193-0400][gc,start    ] GC(13) Pause Young (Normal) (G1 Evacuation Pause)
[2024-05-30T13:16:55.193-0400][gc,task     ] GC(13) Using 6 workers of 6 for evacuation
[2024-05-30T13:16:55.224-0400][gc,mmu      ] GC(13) MMU target violated: 21,0ms (20,0ms/21,0ms)
[2024-05-30T13:16:55.224-0400][gc,phases   ] GC(13)   Pre Evacuate Collection Set: 0,6ms
[2024-05-30T13:16:55.224-0400][gc,phases   ] GC(13)   Merge Heap Roots: 0,4ms
[2024-05-30T13:16:55.224-0400][gc,phases   ] GC(13)   Evacuate Collection Set: 15,7ms
[2024-05-30T13:16:55.224-0400][gc,phases   ] GC(13)   Post Evacuate Collection Set: 14,0ms
[2024-05-30T13:16:55.224-0400][gc,phases   ] GC(13)   Other: 0,1ms
[2024-05-30T13:16:55.224-0400][gc,heap     ] GC(13) Eden regions: 77->0(73)
[2024-05-30T13:16:55.224-0400][gc,heap     ] GC(13) Survivor regions: 4->4(11)
[2024-05-30T13:16:55.224-0400][gc,heap     ] GC(13) Old regions: 16->16
[2024-05-30T13:16:55.224-0400][gc,heap     ] GC(13) Humongous regions: 129->129
[2024-05-30T13:16:55.224-0400][gc,metaspace] GC(13) Metaspace: 41829K(42432K)->41829K(42432K) NonClass: 37255K(37568K)->37255K(37568K) Class: 4573K(4864K)->4573K(4864K)
[2024-05-30T13:16:55.224-0400][gc          ] GC(13) Pause Young (Normal) (G1 Evacuation Pause) 225M->148M(1024M) 30,965ms
[2024-05-30T13:16:55.224-0400][gc,cpu      ] GC(13) User=0,03s Sys=0,03s Real=0,03s
[2024-05-30T13:41:08.604-0400][gc,start    ] GC(14) Pause Young (Normal) (G1 Evacuation Pause)
[2024-05-30T13:41:08.604-0400][gc,task     ] GC(14) Using 6 workers of 6 for evacuation
[2024-05-30T13:41:08.632-0400][gc,mmu      ] GC(14) MMU target violated: 21,0ms (20,0ms/21,0ms)
[2024-05-30T13:41:08.634-0400][gc,phases   ] GC(14)   Pre Evacuate Collection Set: 1,2ms
[2024-05-30T13:41:08.634-0400][gc,phases   ] GC(14)   Merge Heap Roots: 5,2ms
[2024-05-30T13:41:08.634-0400][gc,phases   ] GC(14)   Evacuate Collection Set: 10,4ms
[2024-05-30T13:41:08.634-0400][gc,phases   ] GC(14)   Post Evacuate Collection Set: 12,1ms
[2024-05-30T13:41:08.634-0400][gc,phases   ] GC(14)   Other: 1,4ms
[2024-05-30T13:41:08.634-0400][gc,heap     ] GC(14) Eden regions: 62->0(70)
[2024-05-30T13:41:08.634-0400][gc,heap     ] GC(14) Survivor regions: 4->4(9)
[2024-05-30T13:41:08.634-0400][gc,heap     ] GC(14) Old regions: 16->16
[2024-05-30T13:41:08.634-0400][gc,heap     ] GC(14) Humongous regions: 129->129
[2024-05-30T13:41:08.634-0400][gc,metaspace] GC(14) Metaspace: 41853K(42496K)->41853K(42496K) NonClass: 37280K(37632K)->37280K(37632K) Class: 4573K(4864K)->4573K(4864K)
[2024-05-30T13:41:08.634-0400][gc          ] GC(14) Pause Young (Normal) (G1 Evacuation Pause) 210M->148M(1024M) 30,296ms
[2024-05-30T13:41:08.634-0400][gc,cpu      ] GC(14) User=0,04s Sys=0,00s Real=0,03s
[2024-05-30T14:07:57.363-0400][gc,start    ] GC(15) Pause Young (Normal) (G1 Evacuation Pause)
[2024-05-30T14:07:57.363-0400][gc,task     ] GC(15) Using 6 workers of 6 for evacuation
[2024-05-30T14:07:57.386-0400][gc,mmu      ] GC(15) MMU target violated: 21,0ms (20,0ms/21,0ms)
[2024-05-30T14:07:57.386-0400][gc,phases   ] GC(15)   Pre Evacuate Collection Set: 0,6ms
[2024-05-30T14:07:57.386-0400][gc,phases   ] GC(15)   Merge Heap Roots: 0,3ms
[2024-05-30T14:07:57.386-0400][gc,phases   ] GC(15)   Evacuate Collection Set: 20,9ms
[2024-05-30T14:07:57.386-0400][gc,phases   ] GC(15)   Post Evacuate Collection Set: 1,2ms
[2024-05-30T14:07:57.386-0400][gc,phases   ] GC(15)   Other: 0,3ms
[2024-05-30T14:07:57.386-0400][gc,heap     ] GC(15) Eden regions: 68->0(139)
[2024-05-30T14:07:57.386-0400][gc,heap     ] GC(15) Survivor regions: 4->4(9)
[2024-05-30T14:07:57.386-0400][gc,heap     ] GC(15) Old regions: 16->16
[2024-05-30T14:07:57.386-0400][gc,heap     ] GC(15) Humongous regions: 129->129
[2024-05-30T14:07:57.386-0400][gc,metaspace] GC(15) Metaspace: 41867K(42496K)->41867K(42496K) NonClass: 37293K(37632K)->37293K(37632K) Class: 4573K(4864K)->4573K(4864K)
[2024-05-30T14:07:57.386-0400][gc          ] GC(15) Pause Young (Normal) (G1 Evacuation Pause) 216M->148M(1024M) 23,342ms
[2024-05-30T14:07:57.386-0400][gc,cpu      ] GC(15) User=0,03s Sys=0,00s Real=0,03s
[2024-05-30T15:01:45.197-0400][gc,start    ] GC(16) Pause Young (Normal) (G1 Evacuation Pause)
[2024-05-30T15:01:45.211-0400][gc,task     ] GC(16) Using 6 workers of 6 for evacuation
[2024-05-30T15:01:45.571-0400][gc,mmu      ] GC(16) MMU target violated: 21,0ms (20,0ms/21,0ms)
[2024-05-30T15:01:45.571-0400][gc,phases   ] GC(16)   Pre Evacuate Collection Set: 40,5ms
[2024-05-30T15:01:45.571-0400][gc,phases   ] GC(16)   Merge Heap Roots: 9,0ms
[2024-05-30T15:01:45.571-0400][gc,phases   ] GC(16)   Evacuate Collection Set: 283,0ms
[2024-05-30T15:01:45.571-0400][gc,phases   ] GC(16)   Post Evacuate Collection Set: 22,2ms
[2024-05-30T15:01:45.571-0400][gc,phases   ] GC(16)   Other: 6,6ms
[2024-05-30T15:01:45.571-0400][gc,heap     ] GC(16) Eden regions: 135->0(47)
[2024-05-30T15:01:45.571-0400][gc,heap     ] GC(16) Survivor regions: 4->4(18)
[2024-05-30T15:01:45.571-0400][gc,heap     ] GC(16) Old regions: 16->16
[2024-05-30T15:01:45.571-0400][gc,heap     ] GC(16) Humongous regions: 129->129
[2024-05-30T15:01:45.571-0400][gc,metaspace] GC(16) Metaspace: 41883K(42496K)->41883K(42496K) NonClass: 37309K(37632K)->37309K(37632K) Class: 4573K(4864K)->4573K(4864K)
[2024-05-30T15:01:45.573-0400][gc          ] GC(16) Pause Young (Normal) (G1 Evacuation Pause) 283M->148M(1024M) 376,370ms
[2024-05-30T15:01:45.573-0400][gc,cpu      ] GC(16) User=0,85s Sys=0,10s Real=0,37s
[2024-05-30T15:20:19.993-0400][gc,start    ] GC(17) Pause Young (Normal) (G1 Evacuation Pause)
[2024-05-30T15:20:19.994-0400][gc,task     ] GC(17) Using 6 workers of 6 for evacuation
[2024-05-30T15:20:20.043-0400][gc,mmu      ] GC(17) MMU target violated: 21,0ms (20,0ms/21,0ms)
[2024-05-30T15:20:20.043-0400][gc,phases   ] GC(17)   Pre Evacuate Collection Set: 1,0ms
[2024-05-30T15:20:20.043-0400][gc,phases   ] GC(17)   Merge Heap Roots: 0,2ms
[2024-05-30T15:20:20.043-0400][gc,phases   ] GC(17)   Evacuate Collection Set: 43,5ms
[2024-05-30T15:20:20.043-0400][gc,phases   ] GC(17)   Post Evacuate Collection Set: 4,0ms
[2024-05-30T15:20:20.043-0400][gc,phases   ] GC(17)   Other: 0,3ms
[2024-05-30T15:20:20.043-0400][gc,heap     ] GC(17) Eden regions: 47->0(47)
[2024-05-30T15:20:20.043-0400][gc,heap     ] GC(17) Survivor regions: 4->4(7)
[2024-05-30T15:20:20.043-0400][gc,heap     ] GC(17) Old regions: 16->16
[2024-05-30T15:20:20.043-0400][gc,heap     ] GC(17) Humongous regions: 129->129
[2024-05-30T15:20:20.043-0400][gc,metaspace] GC(17) Metaspace: 41884K(42496K)->41884K(42496K) NonClass: 37311K(37632K)->37311K(37632K) Class: 4573K(4864K)->4573K(4864K)
[2024-05-30T15:20:20.043-0400][gc          ] GC(17) Pause Young (Normal) (G1 Evacuation Pause) 195M->148M(1024M) 50,130ms
[2024-05-30T15:20:20.043-0400][gc,cpu      ] GC(17) User=0,04s Sys=0,00s Real=0,05s
[2024-05-30T15:40:54.459-0400][gc,start    ] GC(18) Pause Young (Normal) (G1 Evacuation Pause)
[2024-05-30T15:40:54.459-0400][gc,task     ] GC(18) Using 6 workers of 6 for evacuation
[2024-05-30T15:40:54.478-0400][gc,phases   ] GC(18)   Pre Evacuate Collection Set: 0,7ms
[2024-05-30T15:40:54.478-0400][gc,phases   ] GC(18)   Merge Heap Roots: 1,4ms
[2024-05-30T15:40:54.478-0400][gc,phases   ] GC(18)   Evacuate Collection Set: 15,3ms
[2024-05-30T15:40:54.478-0400][gc,phases   ] GC(18)   Post Evacuate Collection Set: 1,7ms
[2024-05-30T15:40:54.478-0400][gc,phases   ] GC(18)   Other: 0,1ms
[2024-05-30T15:40:54.478-0400][gc,heap     ] GC(18) Eden regions: 47->0(47)
[2024-05-30T15:40:54.478-0400][gc,heap     ] GC(18) Survivor regions: 4->4(7)
[2024-05-30T15:40:54.478-0400][gc,heap     ] GC(18) Old regions: 16->16
[2024-05-30T15:40:54.478-0400][gc,heap     ] GC(18) Humongous regions: 129->129
[2024-05-30T15:40:54.478-0400][gc,metaspace] GC(18) Metaspace: 41898K(42560K)->41898K(42560K) NonClass: 37325K(37696K)->37325K(37696K) Class: 4573K(4864K)->4573K(4864K)
[2024-05-30T15:40:54.478-0400][gc          ] GC(18) Pause Young (Normal) (G1 Evacuation Pause) 195M->148M(1024M) 19,901ms
[2024-05-30T15:40:54.478-0400][gc,cpu      ] GC(18) User=0,06s Sys=0,00s Real=0,02s
[2024-05-30T16:01:41.475-0400][gc,start    ] GC(19) Pause Young (Normal) (G1 Evacuation Pause)
[2024-05-30T16:01:41.476-0400][gc,task     ] GC(19) Using 6 workers of 6 for evacuation
[2024-05-30T16:01:41.494-0400][gc,phases   ] GC(19)   Pre Evacuate Collection Set: 0,7ms
[2024-05-30T16:01:41.494-0400][gc,phases   ] GC(19)   Merge Heap Roots: 0,2ms
[2024-05-30T16:01:41.494-0400][gc,phases   ] GC(19)   Evacuate Collection Set: 15,6ms
[2024-05-30T16:01:41.494-0400][gc,phases   ] GC(19)   Post Evacuate Collection Set: 1,2ms
[2024-05-30T16:01:41.494-0400][gc,phases   ] GC(19)   Other: 0,1ms
[2024-05-30T16:01:41.494-0400][gc,heap     ] GC(19) Eden regions: 47->0(47)
[2024-05-30T16:01:41.494-0400][gc,heap     ] GC(19) Survivor regions: 4->4(7)
[2024-05-30T16:01:41.494-0400][gc,heap     ] GC(19) Old regions: 16->16
[2024-05-30T16:01:41.494-0400][gc,heap     ] GC(19) Humongous regions: 129->129
[2024-05-30T16:01:41.494-0400][gc,metaspace] GC(19) Metaspace: 41898K(42560K)->41898K(42560K) NonClass: 37325K(37696K)->37325K(37696K) Class: 4573K(4864K)->4573K(4864K)
[2024-05-30T16:01:41.494-0400][gc          ] GC(19) Pause Young (Normal) (G1 Evacuation Pause) 195M->148M(1024M) 18,775ms
[2024-05-30T16:01:41.494-0400][gc,cpu      ] GC(19) User=0,04s Sys=0,01s Real=0,01s
[2024-05-30T16:21:52.907-0400][gc,start    ] GC(20) Pause Young (Normal) (G1 Evacuation Pause)
[2024-05-30T16:21:52.907-0400][gc,task     ] GC(20) Using 6 workers of 6 for evacuation
[2024-05-30T16:21:52.921-0400][gc,phases   ] GC(20)   Pre Evacuate Collection Set: 0,8ms
[2024-05-30T16:21:52.921-0400][gc,phases   ] GC(20)   Merge Heap Roots: 0,3ms
[2024-05-30T16:21:52.921-0400][gc,phases   ] GC(20)   Evacuate Collection Set: 10,5ms
[2024-05-30T16:21:52.921-0400][gc,phases   ] GC(20)   Post Evacuate Collection Set: 1,4ms
[2024-05-30T16:21:52.921-0400][gc,phases   ] GC(20)   Other: 0,2ms
[2024-05-30T16:21:52.921-0400][gc,heap     ] GC(20) Eden regions: 47->0(47)
[2024-05-30T16:21:52.921-0400][gc,heap     ] GC(20) Survivor regions: 4->4(7)
[2024-05-30T16:21:52.921-0400][gc,heap     ] GC(20) Old regions: 16->16
[2024-05-30T16:21:52.921-0400][gc,heap     ] GC(20) Humongous regions: 129->129
[2024-05-30T16:21:52.921-0400][gc,metaspace] GC(20) Metaspace: 41898K(42560K)->41898K(42560K) NonClass: 37325K(37696K)->37325K(37696K) Class: 4573K(4864K)->4573K(4864K)
[2024-05-30T16:21:52.921-0400][gc          ] GC(20) Pause Young (Normal) (G1 Evacuation Pause) 195M->148M(1024M) 13,678ms
[2024-05-30T16:21:52.921-0400][gc,cpu      ] GC(20) User=0,04s Sys=0,00s Real=0,01s
[2024-05-30T16:42:33.934-0400][gc,start    ] GC(21) Pause Young (Normal) (G1 Evacuation Pause)
[2024-05-30T16:42:33.934-0400][gc,task     ] GC(21) Using 6 workers of 6 for evacuation
[2024-05-30T16:42:33.960-0400][gc,mmu      ] GC(21) MMU target violated: 21,0ms (20,0ms/21,0ms)
[2024-05-30T16:42:33.961-0400][gc,phases   ] GC(21)   Pre Evacuate Collection Set: 1,8ms
[2024-05-30T16:42:33.961-0400][gc,phases   ] GC(21)   Merge Heap Roots: 0,5ms
[2024-05-30T16:42:33.961-0400][gc,phases   ] GC(21)   Evacuate Collection Set: 23,2ms
[2024-05-30T16:42:33.961-0400][gc,phases   ] GC(21)   Post Evacuate Collection Set: 1,0ms
[2024-05-30T16:42:33.961-0400][gc,phases   ] GC(21)   Other: 0,2ms
[2024-05-30T16:42:33.961-0400][gc,heap     ] GC(21) Eden regions: 47->0(47)
[2024-05-30T16:42:33.961-0400][gc,heap     ] GC(21) Survivor regions: 4->4(7)
[2024-05-30T16:42:33.961-0400][gc,heap     ] GC(21) Old regions: 16->16
[2024-05-30T16:42:33.961-0400][gc,heap     ] GC(21) Humongous regions: 129->129
[2024-05-30T16:42:33.961-0400][gc,metaspace] GC(21) Metaspace: 41906K(42560K)->41906K(42560K) NonClass: 37333K(37696K)->37333K(37696K) Class: 4573K(4864K)->4573K(4864K)
[2024-05-30T16:42:33.961-0400][gc          ] GC(21) Pause Young (Normal) (G1 Evacuation Pause) 195M->148M(1024M) 26,786ms
[2024-05-30T16:42:33.961-0400][gc,cpu      ] GC(21) User=0,06s Sys=0,00s Real=0,03s
[2024-05-30T17:02:28.778-0400][gc,start    ] GC(22) Pause Young (Normal) (G1 Evacuation Pause)
[2024-05-30T17:02:28.778-0400][gc,task     ] GC(22) Using 6 workers of 6 for evacuation
[2024-05-30T17:02:28.798-0400][gc,phases   ] GC(22)   Pre Evacuate Collection Set: 0,9ms
[2024-05-30T17:02:28.798-0400][gc,phases   ] GC(22)   Merge Heap Roots: 0,5ms
[2024-05-30T17:02:28.798-0400][gc,phases   ] GC(22)   Evacuate Collection Set: 15,7ms
[2024-05-30T17:02:28.798-0400][gc,phases   ] GC(22)   Post Evacuate Collection Set: 2,4ms
[2024-05-30T17:02:28.798-0400][gc,phases   ] GC(22)   Other: 0,1ms
[2024-05-30T17:02:28.798-0400][gc,heap     ] GC(22) Eden regions: 47->0(49)
[2024-05-30T17:02:28.798-0400][gc,heap     ] GC(22) Survivor regions: 4->2(7)
[2024-05-30T17:02:28.798-0400][gc,heap     ] GC(22) Old regions: 16->18
[2024-05-30T17:02:28.798-0400][gc,heap     ] GC(22) Humongous regions: 129->129
[2024-05-30T17:02:28.798-0400][gc,metaspace] GC(22) Metaspace: 41906K(42560K)->41906K(42560K) NonClass: 37333K(37696K)->37333K(37696K) Class: 4573K(4864K)->4573K(4864K)
[2024-05-30T17:02:28.799-0400][gc          ] GC(22) Pause Young (Normal) (G1 Evacuation Pause) 195M->148M(1024M) 20,569ms
[2024-05-30T17:02:28.799-0400][gc,cpu      ] GC(22) User=0,04s Sys=0,01s Real=0,02s
[2024-05-30T17:23:35.193-0400][gc,start    ] GC(23) Pause Young (Normal) (G1 Evacuation Pause)
[2024-05-30T17:23:35.193-0400][gc,task     ] GC(23) Using 6 workers of 6 for evacuation
[2024-05-30T17:23:35.205-0400][gc,phases   ] GC(23)   Pre Evacuate Collection Set: 0,5ms
[2024-05-30T17:23:35.205-0400][gc,phases   ] GC(23)   Merge Heap Roots: 0,8ms
[2024-05-30T17:23:35.205-0400][gc,phases   ] GC(23)   Evacuate Collection Set: 10,1ms
[2024-05-30T17:23:35.205-0400][gc,phases   ] GC(23)   Post Evacuate Collection Set: 0,8ms
[2024-05-30T17:23:35.205-0400][gc,phases   ] GC(23)   Other: 0,0ms
[2024-05-30T17:23:35.205-0400][gc,heap     ] GC(23) Eden regions: 49->0(48)
[2024-05-30T17:23:35.205-0400][gc,heap     ] GC(23) Survivor regions: 2->3(7)
[2024-05-30T17:23:35.205-0400][gc,heap     ] GC(23) Old regions: 18->18
[2024-05-30T17:23:35.205-0400][gc,heap     ] GC(23) Humongous regions: 129->129
[2024-05-30T17:23:35.205-0400][gc,metaspace] GC(23) Metaspace: 41906K(42560K)->41906K(42560K) NonClass: 37333K(37696K)->37333K(37696K) Class: 4573K(4864K)->4573K(4864K)
[2024-05-30T17:23:35.205-0400][gc          ] GC(23) Pause Young (Normal) (G1 Evacuation Pause) 197M->148M(1024M) 12,374ms
[2024-05-30T17:23:35.205-0400][gc,cpu      ] GC(23) User=0,03s Sys=0,01s Real=0,02s
[2024-05-30T18:03:13.761-0400][gc,start    ] GC(24) Pause Young (Normal) (G1 Evacuation Pause)
[2024-05-30T18:03:13.761-0400][gc,task     ] GC(24) Using 6 workers of 6 for evacuation
[2024-05-30T18:03:13.924-0400][gc,mmu      ] GC(24) MMU target violated: 21,0ms (20,0ms/21,0ms)
[2024-05-30T18:03:13.924-0400][gc,phases   ] GC(24)   Pre Evacuate Collection Set: 1,5ms
[2024-05-30T18:03:13.924-0400][gc,phases   ] GC(24)   Merge Heap Roots: 0,2ms
[2024-05-30T18:03:13.924-0400][gc,phases   ] GC(24)   Evacuate Collection Set: 159,3ms
[2024-05-30T18:03:13.924-0400][gc,phases   ] GC(24)   Post Evacuate Collection Set: 1,8ms
[2024-05-30T18:03:13.924-0400][gc,phases   ] GC(24)   Other: 0,1ms
[2024-05-30T18:03:13.924-0400][gc,heap     ] GC(24) Eden regions: 90->0(49)
[2024-05-30T18:03:13.924-0400][gc,heap     ] GC(24) Survivor regions: 3->2(12)
[2024-05-30T18:03:13.924-0400][gc,heap     ] GC(24) Old regions: 18->18
[2024-05-30T18:03:13.924-0400][gc,heap     ] GC(24) Humongous regions: 129->129
[2024-05-30T18:03:13.924-0400][gc,metaspace] GC(24) Metaspace: 41910K(42560K)->41910K(42560K) NonClass: 37336K(37696K)->37336K(37696K) Class: 4573K(4864K)->4573K(4864K)
[2024-05-30T18:03:13.926-0400][gc          ] GC(24) Pause Young (Normal) (G1 Evacuation Pause) 238M->148M(1024M) 164,699ms
[2024-05-30T18:03:13.926-0400][gc,cpu      ] GC(24) User=0,47s Sys=0,03s Real=0,17s
[2024-05-30T18:23:45.194-0400][gc,start    ] GC(25) Pause Young (Normal) (G1 Evacuation Pause)
[2024-05-30T18:23:45.194-0400][gc,task     ] GC(25) Using 6 workers of 6 for evacuation
[2024-05-30T18:23:45.209-0400][gc,phases   ] GC(25)   Pre Evacuate Collection Set: 0,6ms
[2024-05-30T18:23:45.210-0400][gc,phases   ] GC(25)   Merge Heap Roots: 0,3ms
[2024-05-30T18:23:45.210-0400][gc,phases   ] GC(25)   Evacuate Collection Set: 12,3ms
[2024-05-30T18:23:45.210-0400][gc,phases   ] GC(25)   Post Evacuate Collection Set: 2,2ms
[2024-05-30T18:23:45.210-0400][gc,phases   ] GC(25)   Other: 0,1ms
[2024-05-30T18:23:45.210-0400][gc,heap     ] GC(25) Eden regions: 49->0(49)
[2024-05-30T18:23:45.210-0400][gc,heap     ] GC(25) Survivor regions: 2->2(7)
[2024-05-30T18:23:45.210-0400][gc,heap     ] GC(25) Old regions: 18->18
[2024-05-30T18:23:45.210-0400][gc,heap     ] GC(25) Humongous regions: 129->129
[2024-05-30T18:23:45.210-0400][gc,metaspace] GC(25) Metaspace: 41910K(42560K)->41910K(42560K) NonClass: 37336K(37696K)->37336K(37696K) Class: 4573K(4864K)->4573K(4864K)
[2024-05-30T18:23:45.210-0400][gc          ] GC(25) Pause Young (Normal) (G1 Evacuation Pause) 197M->148M(1024M) 15,793ms
[2024-05-30T18:23:45.210-0400][gc,cpu      ] GC(25) User=0,02s Sys=0,01s Real=0,02s
[2024-06-01T15:18:36.907-0400][gc,start    ] GC(26) Pause Young (Normal) (G1 Evacuation Pause)
[2024-06-01T15:18:36.907-0400][gc,task     ] GC(26) Using 6 workers of 6 for evacuation
[2024-06-01T15:18:36.928-0400][gc,mmu      ] GC(26) MMU target violated: 21,0ms (20,0ms/21,0ms)
[2024-06-01T15:18:36.929-0400][gc,phases   ] GC(26)   Pre Evacuate Collection Set: 2,8ms
[2024-06-01T15:18:36.929-0400][gc,phases   ] GC(26)   Merge Heap Roots: 3,5ms
[2024-06-01T15:18:36.929-0400][gc,phases   ] GC(26)   Evacuate Collection Set: 9,5ms
[2024-06-01T15:18:36.929-0400][gc,phases   ] GC(26)   Post Evacuate Collection Set: 5,2ms
[2024-06-01T15:18:36.929-0400][gc,phases   ] GC(26)   Other: 0,2ms
[2024-06-01T15:18:36.929-0400][gc,heap     ] GC(26) Eden regions: 49->0(49)
[2024-06-01T15:18:36.929-0400][gc,heap     ] GC(26) Survivor regions: 2->2(7)
[2024-06-01T15:18:36.929-0400][gc,heap     ] GC(26) Old regions: 18->18
[2024-06-01T15:18:36.929-0400][gc,heap     ] GC(26) Humongous regions: 129->129
[2024-06-01T15:18:36.929-0400][gc,metaspace] GC(26) Metaspace: 41910K(42560K)->41910K(42560K) NonClass: 37336K(37696K)->37336K(37696K) Class: 4573K(4864K)->4573K(4864K)
[2024-06-01T15:18:36.929-0400][gc          ] GC(26) Pause Young (Normal) (G1 Evacuation Pause) 197M->148M(1024M) 21,396ms
[2024-06-01T15:18:36.929-0400][gc,cpu      ] GC(26) User=0,02s Sys=0,03s Real=0,02s
[2024-06-01T15:40:12.618-0400][gc,start    ] GC(27) Pause Young (Normal) (G1 Evacuation Pause)
[2024-06-01T15:40:12.618-0400][gc,task     ] GC(27) Using 6 workers of 6 for evacuation
[2024-06-01T15:40:12.623-0400][gc,phases   ] GC(27)   Pre Evacuate Collection Set: 0,8ms
[2024-06-01T15:40:12.623-0400][gc,phases   ] GC(27)   Merge Heap Roots: 0,3ms
[2024-06-01T15:40:12.623-0400][gc,phases   ] GC(27)   Evacuate Collection Set: 2,5ms
[2024-06-01T15:40:12.623-0400][gc,phases   ] GC(27)   Post Evacuate Collection Set: 0,8ms
[2024-06-01T15:40:12.623-0400][gc,phases   ] GC(27)   Other: 0,1ms
[2024-06-01T15:40:12.623-0400][gc,heap     ] GC(27) Eden regions: 49->0(49)
[2024-06-01T15:40:12.623-0400][gc,heap     ] GC(27) Survivor regions: 2->2(7)
[2024-06-01T15:40:12.623-0400][gc,heap     ] GC(27) Old regions: 18->18
[2024-06-01T15:40:12.623-0400][gc,heap     ] GC(27) Humongous regions: 129->129
[2024-06-01T15:40:12.623-0400][gc,metaspace] GC(27) Metaspace: 41910K(42560K)->41910K(42560K) NonClass: 37336K(37696K)->37336K(37696K) Class: 4573K(4864K)->4573K(4864K)
[2024-06-01T15:40:12.623-0400][gc          ] GC(27) Pause Young (Normal) (G1 Evacuation Pause) 197M->148M(1024M) 4,755ms
[2024-06-01T15:40:12.623-0400][gc,cpu      ] GC(27) User=0,01s Sys=0,00s Real=0,00s
[2024-06-01T16:01:05.013-0400][gc,start    ] GC(28) Pause Young (Normal) (G1 Evacuation Pause)
[2024-06-01T16:01:05.013-0400][gc,task     ] GC(28) Using 6 workers of 6 for evacuation
[2024-06-01T16:01:05.018-0400][gc,phases   ] GC(28)   Pre Evacuate Collection Set: 2,3ms
[2024-06-01T16:01:05.018-0400][gc,phases   ] GC(28)   Merge Heap Roots: 0,1ms
[2024-06-01T16:01:05.018-0400][gc,phases   ] GC(28)   Evacuate Collection Set: 2,0ms
[2024-06-01T16:01:05.018-0400][gc,phases   ] GC(28)   Post Evacuate Collection Set: 1,0ms
[2024-06-01T16:01:05.018-0400][gc,phases   ] GC(28)   Other: 0,1ms
[2024-06-01T16:01:05.018-0400][gc,heap     ] GC(28) Eden regions: 49->0(50)
[2024-06-01T16:01:05.018-0400][gc,heap     ] GC(28) Survivor regions: 2->1(7)
[2024-06-01T16:01:05.018-0400][gc,heap     ] GC(28) Old regions: 18->18
[2024-06-01T16:01:05.018-0400][gc,heap     ] GC(28) Humongous regions: 129->129
[2024-06-01T16:01:05.018-0400][gc,metaspace] GC(28) Metaspace: 41914K(42560K)->41914K(42560K) NonClass: 37341K(37696K)->37341K(37696K) Class: 4573K(4864K)->4573K(4864K)
[2024-06-01T16:01:05.018-0400][gc          ] GC(28) Pause Young (Normal) (G1 Evacuation Pause) 197M->147M(1024M) 5,565ms
[2024-06-01T16:01:05.018-0400][gc,cpu      ] GC(28) User=0,00s Sys=0,01s Real=0,01s
[2024-06-01T16:23:05.005-0400][gc,start    ] GC(29) Pause Young (Normal) (G1 Evacuation Pause)
[2024-06-01T16:23:05.007-0400][gc,task     ] GC(29) Using 6 workers of 6 for evacuation
[2024-06-01T16:23:05.016-0400][gc,phases   ] GC(29)   Pre Evacuate Collection Set: 0,7ms
[2024-06-01T16:23:05.016-0400][gc,phases   ] GC(29)   Merge Heap Roots: 0,2ms
[2024-06-01T16:23:05.016-0400][gc,phases   ] GC(29)   Evacuate Collection Set: 7,0ms
[2024-06-01T16:23:05.016-0400][gc,phases   ] GC(29)   Post Evacuate Collection Set: 1,0ms
[2024-06-01T16:23:05.016-0400][gc,phases   ] GC(29)   Other: 0,8ms
[2024-06-01T16:23:05.016-0400][gc,heap     ] GC(29) Eden regions: 50->0(50)
[2024-06-01T16:23:05.016-0400][gc,heap     ] GC(29) Survivor regions: 1->1(7)
[2024-06-01T16:23:05.016-0400][gc,heap     ] GC(29) Old regions: 18->18
[2024-06-01T16:23:05.016-0400][gc,heap     ] GC(29) Humongous regions: 129->129
[2024-06-01T16:23:05.016-0400][gc,metaspace] GC(29) Metaspace: 41928K(42560K)->41928K(42560K) NonClass: 37355K(37696K)->37355K(37696K) Class: 4573K(4864K)->4573K(4864K)
[2024-06-01T16:23:05.016-0400][gc          ] GC(29) Pause Young (Normal) (G1 Evacuation Pause) 197M->147M(1024M) 11,515ms
[2024-06-01T16:23:05.016-0400][gc,cpu      ] GC(29) User=0,01s Sys=0,00s Real=0,02s
[2024-06-01T16:45:08.561-0400][gc,start    ] GC(30) Pause Young (Normal) (G1 Evacuation Pause)
[2024-06-01T16:45:08.561-0400][gc,task     ] GC(30) Using 6 workers of 6 for evacuation
[2024-06-01T16:45:08.571-0400][gc,phases   ] GC(30)   Pre Evacuate Collection Set: 0,6ms
[2024-06-01T16:45:08.571-0400][gc,phases   ] GC(30)   Merge Heap Roots: 0,3ms
[2024-06-01T16:45:08.571-0400][gc,phases   ] GC(30)   Evacuate Collection Set: 5,8ms
[2024-06-01T16:45:08.571-0400][gc,phases   ] GC(30)   Post Evacuate Collection Set: 3,3ms
[2024-06-01T16:45:08.571-0400][gc,phases   ] GC(30)   Other: 0,1ms
[2024-06-01T16:45:08.571-0400][gc,heap     ] GC(30) Eden regions: 50->0(68)
[2024-06-01T16:45:08.571-0400][gc,heap     ] GC(30) Survivor regions: 1->1(7)
[2024-06-01T16:45:08.571-0400][gc,heap     ] GC(30) Old regions: 18->18
[2024-06-01T16:45:08.571-0400][gc,heap     ] GC(30) Humongous regions: 129->129
[2024-06-01T16:45:08.571-0400][gc,metaspace] GC(30) Metaspace: 41928K(42560K)->41928K(42560K) NonClass: 37355K(37696K)->37355K(37696K) Class: 4573K(4864K)->4573K(4864K)
[2024-06-01T16:45:08.571-0400][gc          ] GC(30) Pause Young (Normal) (G1 Evacuation Pause) 197M->147M(1024M) 10,270ms
[2024-06-01T16:45:08.571-0400][gc,cpu      ] GC(30) User=0,01s Sys=0,01s Real=0,01s
[2024-06-01T17:27:15.560-0400][gc,start    ] GC(31) Pause Young (Normal) (G1 Evacuation Pause)
[2024-06-01T17:27:15.560-0400][gc,task     ] GC(31) Using 6 workers of 6 for evacuation
[2024-06-01T17:27:15.623-0400][gc,mmu      ] GC(31) MMU target violated: 21,0ms (20,0ms/21,0ms)
[2024-06-01T17:27:15.623-0400][gc,phases   ] GC(31)   Pre Evacuate Collection Set: 3,2ms
[2024-06-01T17:27:15.623-0400][gc,phases   ] GC(31)   Merge Heap Roots: 0,3ms
[2024-06-01T17:27:15.623-0400][gc,phases   ] GC(31)   Evacuate Collection Set: 56,1ms
[2024-06-01T17:27:15.623-0400][gc,phases   ] GC(31)   Post Evacuate Collection Set: 2,8ms
[2024-06-01T17:27:15.623-0400][gc,phases   ] GC(31)   Other: 1,1ms
[2024-06-01T17:27:15.623-0400][gc,heap     ] GC(31) Eden regions: 97->0(50)
[2024-06-01T17:27:15.623-0400][gc,heap     ] GC(31) Survivor regions: 1->1(13)
[2024-06-01T17:27:15.623-0400][gc,heap     ] GC(31) Old regions: 18->18
[2024-06-01T17:27:15.623-0400][gc,heap     ] GC(31) Humongous regions: 129->129
[2024-06-01T17:27:15.623-0400][gc,metaspace] GC(31) Metaspace: 41928K(42560K)->41928K(42560K) NonClass: 37355K(37696K)->37355K(37696K) Class: 4573K(4864K)->4573K(4864K)
[2024-06-01T17:27:15.623-0400][gc          ] GC(31) Pause Young (Normal) (G1 Evacuation Pause) 244M->147M(1024M) 63,520ms
[2024-06-01T17:27:15.623-0400][gc,cpu      ] GC(31) User=0,05s Sys=0,00s Real=0,06s
[2024-06-02T21:50:56.711-0400][gc,start    ] GC(32) Pause Young (Normal) (G1 Evacuation Pause)
[2024-06-02T21:50:56.711-0400][gc,task     ] GC(32) Using 6 workers of 6 for evacuation
[2024-06-02T21:50:56.731-0400][gc,phases   ] GC(32)   Pre Evacuate Collection Set: 3,2ms
[2024-06-02T21:50:56.731-0400][gc,phases   ] GC(32)   Merge Heap Roots: 0,5ms
[2024-06-02T21:50:56.731-0400][gc,phases   ] GC(32)   Evacuate Collection Set: 14,2ms
[2024-06-02T21:50:56.731-0400][gc,phases   ] GC(32)   Post Evacuate Collection Set: 1,8ms
[2024-06-02T21:50:56.731-0400][gc,phases   ] GC(32)   Other: 0,2ms
[2024-06-02T21:50:56.731-0400][gc,heap     ] GC(32) Eden regions: 50->0(92)
[2024-06-02T21:50:56.731-0400][gc,heap     ] GC(32) Survivor regions: 1->1(7)
[2024-06-02T21:50:56.731-0400][gc,heap     ] GC(32) Old regions: 18->18
[2024-06-02T21:50:56.731-0400][gc,heap     ] GC(32) Humongous regions: 129->129
[2024-06-02T21:50:56.731-0400][gc,metaspace] GC(32) Metaspace: 41928K(42560K)->41928K(42560K) NonClass: 37355K(37696K)->37355K(37696K) Class: 4573K(4864K)->4573K(4864K)
[2024-06-02T21:50:56.731-0400][gc          ] GC(32) Pause Young (Normal) (G1 Evacuation Pause) 197M->147M(1024M) 20,203ms
[2024-06-02T21:50:56.731-0400][gc,cpu      ] GC(32) User=0,05s Sys=0,01s Real=0,02s
