[2024-05-28T18:23:25.915-0400][gc,init] CardTable entry size: 512
[2024-05-28T18:23:25.915-0400][gc     ] Using G1
[2024-05-28T18:23:25.938-0400][gc,init] Version: 21.0.3+9-Ubuntu-1ubuntu1 (release)
[2024-05-28T18:23:25.938-0400][gc,init] CPUs: 6 total, 6 available
[2024-05-28T18:23:25.938-0400][gc,init] Memory: 7940M
[2024-05-28T18:23:25.938-0400][gc,init] Large Page Support: Disabled
[2024-05-28T18:23:25.938-0400][gc,init] NUMA Support: Disabled
[2024-05-28T18:23:25.938-0400][gc,init] Compressed Oops: Enabled (32-bit)
[2024-05-28T18:23:25.938-0400][gc,init] Heap Region Size: 1M
[2024-05-28T18:23:25.938-0400][gc,init] Heap Min Capacity: 1G
[2024-05-28T18:23:25.938-0400][gc,init] Heap Initial Capacity: 1G
[2024-05-28T18:23:25.938-0400][gc,init] Heap Max Capacity: 1G
[2024-05-28T18:23:25.938-0400][gc,init] Pre-touch: Disabled
[2024-05-28T18:23:25.938-0400][gc,init] Parallel Workers: 6
[2024-05-28T18:23:25.938-0400][gc,init] Concurrent Workers: 2
[2024-05-28T18:23:25.938-0400][gc,init] Concurrent Refinement Workers: 6
[2024-05-28T18:23:25.938-0400][gc,init] Periodic GC: Disabled
[2024-05-28T18:23:25.957-0400][gc,metaspace] CDS archive(s) mapped at: [0x000072ef83000000-0x000072ef83caa000-0x000072ef83caa000), size 13279232, SharedBaseAddress: 0x000072ef83000000, ArchiveRelocationMode: 1.
[2024-05-28T18:23:25.957-0400][gc,metaspace] Compressed class space mapped at: 0x000072ef84000000-0x000072efc4000000, reserved size: 1073741824
[2024-05-28T18:23:25.957-0400][gc,metaspace] Narrow klass base: 0x000072ef83000000, Narrow klass shift: 0, Narrow klass range: 0x100000000
[2024-05-28T18:23:27.689-0400][gc,start    ] GC(0) Pause Young (Normal) (G1 Evacuation Pause)
[2024-05-28T18:23:27.691-0400][gc,task     ] GC(0) Using 6 workers of 6 for evacuation
[2024-05-28T18:23:27.704-0400][gc,phases   ] GC(0)   Pre Evacuate Collection Set: 0,5ms
[2024-05-28T18:23:27.704-0400][gc,phases   ] GC(0)   Merge Heap Roots: 0,3ms
[2024-05-28T18:23:27.704-0400][gc,phases   ] GC(0)   Evacuate Collection Set: 8,8ms
[2024-05-28T18:23:27.704-0400][gc,phases   ] GC(0)   Post Evacuate Collection Set: 2,5ms
[2024-05-28T18:23:27.704-0400][gc,phases   ] GC(0)   Other: 1,9ms
[2024-05-28T18:23:27.704-0400][gc,heap     ] GC(0) Eden regions: 51->0(44)
[2024-05-28T18:23:27.704-0400][gc,heap     ] GC(0) Survivor regions: 0->7(7)
[2024-05-28T18:23:27.704-0400][gc,heap     ] GC(0) Old regions: 2->3
[2024-05-28T18:23:27.704-0400][gc,heap     ] GC(0) Humongous regions: 0->0
[2024-05-28T18:23:27.704-0400][gc,metaspace] GC(0) Metaspace: 18714K(18944K)->18714K(18944K) NonClass: 16598K(16704K)->16598K(16704K) Class: 2116K(2240K)->2116K(2240K)
[2024-05-28T18:23:27.704-0400][gc          ] GC(0) Pause Young (Normal) (G1 Evacuation Pause) 52M->8M(1024M) 14,282ms
[2024-05-28T18:23:27.704-0400][gc,cpu      ] GC(0) User=0,03s Sys=0,02s Real=0,02s
[2024-05-28T18:23:27.972-0400][gc,start    ] GC(1) Pause Young (Concurrent Start) (Metadata GC Threshold)
[2024-05-28T18:23:27.972-0400][gc,task     ] GC(1) Using 6 workers of 6 for evacuation
[2024-05-28T18:23:27.987-0400][gc,phases   ] GC(1)   Pre Evacuate Collection Set: 0,5ms
[2024-05-28T18:23:27.987-0400][gc,phases   ] GC(1)   Merge Heap Roots: 0,2ms
[2024-05-28T18:23:27.987-0400][gc,phases   ] GC(1)   Evacuate Collection Set: 11,0ms
[2024-05-28T18:23:27.987-0400][gc,phases   ] GC(1)   Post Evacuate Collection Set: 3,0ms
[2024-05-28T18:23:27.987-0400][gc,phases   ] GC(1)   Other: 0,2ms
[2024-05-28T18:23:27.987-0400][gc,heap     ] GC(1) Eden regions: 10->0(49)
[2024-05-28T18:23:27.987-0400][gc,heap     ] GC(1) Survivor regions: 7->2(7)
[2024-05-28T18:23:27.987-0400][gc,heap     ] GC(1) Old regions: 3->10
[2024-05-28T18:23:27.987-0400][gc,heap     ] GC(1) Humongous regions: 0->0
[2024-05-28T18:23:27.987-0400][gc,metaspace] GC(1) Metaspace: 21249K(21504K)->21249K(21504K) NonClass: 18810K(18944K)->18810K(18944K) Class: 2439K(2560K)->2439K(2560K)
[2024-05-28T18:23:27.987-0400][gc          ] GC(1) Pause Young (Concurrent Start) (Metadata GC Threshold) 18M->10M(1024M) 15,063ms
[2024-05-28T18:23:27.987-0400][gc,cpu      ] GC(1) User=0,02s Sys=0,02s Real=0,01s
[2024-05-28T18:23:27.987-0400][gc          ] GC(2) Concurrent Mark Cycle
[2024-05-28T18:23:27.987-0400][gc,marking  ] GC(2) Concurrent Scan Root Regions
[2024-05-28T18:23:27.996-0400][gc,marking  ] GC(2) Concurrent Scan Root Regions 8,577ms
[2024-05-28T18:23:27.996-0400][gc,marking  ] GC(2) Concurrent Mark
[2024-05-28T18:23:27.996-0400][gc,marking  ] GC(2) Concurrent Mark From Roots
[2024-05-28T18:23:27.996-0400][gc,task     ] GC(2) Using 2 workers of 2 for marking
[2024-05-28T18:23:27.998-0400][gc,marking  ] GC(2) Concurrent Mark From Roots 1,773ms
[2024-05-28T18:23:27.998-0400][gc,marking  ] GC(2) Concurrent Preclean
[2024-05-28T18:23:27.998-0400][gc,marking  ] GC(2) Concurrent Preclean 0,006ms
[2024-05-28T18:23:27.998-0400][gc,start    ] GC(2) Pause Remark
[2024-05-28T18:23:28.003-0400][gc          ] GC(2) Pause Remark 10M->10M(1024M) 5,370ms
[2024-05-28T18:23:28.003-0400][gc,cpu      ] GC(2) User=0,00s Sys=0,01s Real=0,01s
[2024-05-28T18:23:28.003-0400][gc,marking  ] GC(2) Concurrent Mark 7,485ms
[2024-05-28T18:23:28.003-0400][gc,marking  ] GC(2) Concurrent Rebuild Remembered Sets and Scrub Regions
[2024-05-28T18:23:28.005-0400][gc,marking  ] GC(2) Concurrent Rebuild Remembered Sets and Scrub Regions 1,583ms
[2024-05-28T18:23:28.005-0400][gc,start    ] GC(2) Pause Cleanup
[2024-05-28T18:23:28.006-0400][gc          ] GC(2) Pause Cleanup 10M->10M(1024M) 0,556ms
[2024-05-28T18:23:28.006-0400][gc,cpu      ] GC(2) User=0,00s Sys=0,00s Real=0,00s
[2024-05-28T18:23:28.006-0400][gc,marking  ] GC(2) Concurrent Clear Claimed Marks
[2024-05-28T18:23:28.006-0400][gc,marking  ] GC(2) Concurrent Clear Claimed Marks 0,020ms
[2024-05-28T18:23:28.006-0400][gc,marking  ] GC(2) Concurrent Cleanup for Next Mark
[2024-05-28T18:23:28.025-0400][gc,marking  ] GC(2) Concurrent Cleanup for Next Mark 18,936ms
[2024-05-28T18:23:28.025-0400][gc          ] GC(2) Concurrent Mark Cycle 37,916ms
[2024-05-28T18:23:29.807-0400][gc,start    ] GC(3) Pause Young (Prepare Mixed) (G1 Evacuation Pause)
[2024-05-28T18:23:29.807-0400][gc,task     ] GC(3) Using 6 workers of 6 for evacuation
[2024-05-28T18:23:29.818-0400][gc,phases   ] GC(3)   Pre Evacuate Collection Set: 1,7ms
[2024-05-28T18:23:29.818-0400][gc,phases   ] GC(3)   Merge Heap Roots: 3,1ms
[2024-05-28T18:23:29.818-0400][gc,phases   ] GC(3)   Evacuate Collection Set: 5,6ms
[2024-05-28T18:23:29.818-0400][gc,phases   ] GC(3)   Post Evacuate Collection Set: 1,3ms
[2024-05-28T18:23:29.818-0400][gc,phases   ] GC(3)   Other: 0,1ms
[2024-05-28T18:23:29.818-0400][gc,heap     ] GC(3) Eden regions: 49->0(44)
[2024-05-28T18:23:29.818-0400][gc,heap     ] GC(3) Survivor regions: 2->7(7)
[2024-05-28T18:23:29.818-0400][gc,heap     ] GC(3) Old regions: 10->10
[2024-05-28T18:23:29.818-0400][gc,heap     ] GC(3) Humongous regions: 129->129
[2024-05-28T18:23:29.818-0400][gc,metaspace] GC(3) Metaspace: 32932K(33216K)->32932K(33216K) NonClass: 29347K(29504K)->29347K(29504K) Class: 3584K(3712K)->3584K(3712K)
[2024-05-28T18:23:29.819-0400][gc          ] GC(3) Pause Young (Prepare Mixed) (G1 Evacuation Pause) 188M->144M(1024M) 11,973ms
[2024-05-28T18:23:29.819-0400][gc,cpu      ] GC(3) User=0,04s Sys=0,00s Real=0,01s
[2024-05-28T18:23:30.062-0400][gc,start    ] GC(4) Pause Young (Mixed) (Metadata GC Threshold)
[2024-05-28T18:23:30.062-0400][gc,task     ] GC(4) Using 6 workers of 6 for evacuation
[2024-05-28T18:23:30.079-0400][gc,phases   ] GC(4)   Pre Evacuate Collection Set: 0,7ms
[2024-05-28T18:23:30.079-0400][gc,phases   ] GC(4)   Merge Heap Roots: 0,3ms
[2024-05-28T18:23:30.079-0400][gc,phases   ] GC(4)   Evacuate Collection Set: 14,5ms
[2024-05-28T18:23:30.079-0400][gc,phases   ] GC(4)   Post Evacuate Collection Set: 1,6ms
[2024-05-28T18:23:30.079-0400][gc,phases   ] GC(4)   Other: 0,1ms
[2024-05-28T18:23:30.079-0400][gc,heap     ] GC(4) Eden regions: 13->0(49)
[2024-05-28T18:23:30.079-0400][gc,heap     ] GC(4) Survivor regions: 7->2(7)
[2024-05-28T18:23:30.079-0400][gc,heap     ] GC(4) Old regions: 10->16
[2024-05-28T18:23:30.079-0400][gc,heap     ] GC(4) Humongous regions: 129->129
[2024-05-28T18:23:30.079-0400][gc,metaspace] GC(4) Metaspace: 35642K(35968K)->35642K(35968K) NonClass: 31702K(31872K)->31702K(31872K) Class: 3940K(4096K)->3940K(4096K)
[2024-05-28T18:23:30.079-0400][gc          ] GC(4) Pause Young (Mixed) (Metadata GC Threshold) 156M->145M(1024M) 17,291ms
[2024-05-28T18:23:30.079-0400][gc,cpu      ] GC(4) User=0,03s Sys=0,02s Real=0,02s
[2024-05-28T18:23:30.137-0400][gc,start    ] GC(5) Pause Young (Concurrent Start) (Metadata GC Threshold)
[2024-05-28T18:23:30.137-0400][gc,task     ] GC(5) Using 6 workers of 6 for evacuation
[2024-05-28T18:23:30.151-0400][gc,phases   ] GC(5)   Pre Evacuate Collection Set: 0,9ms
[2024-05-28T18:23:30.151-0400][gc,phases   ] GC(5)   Merge Heap Roots: 0,1ms
[2024-05-28T18:23:30.151-0400][gc,phases   ] GC(5)   Evacuate Collection Set: 10,0ms
[2024-05-28T18:23:30.151-0400][gc,phases   ] GC(5)   Post Evacuate Collection Set: 2,9ms
[2024-05-28T18:23:30.151-0400][gc,phases   ] GC(5)   Other: 0,1ms
[2024-05-28T18:23:30.151-0400][gc,heap     ] GC(5) Eden regions: 3->0(50)
[2024-05-28T18:23:30.151-0400][gc,heap     ] GC(5) Survivor regions: 2->1(7)
[2024-05-28T18:23:30.151-0400][gc,heap     ] GC(5) Old regions: 16->16
[2024-05-28T18:23:30.151-0400][gc,heap     ] GC(5) Humongous regions: 129->129
[2024-05-28T18:23:30.151-0400][gc,metaspace] GC(5) Metaspace: 35965K(36288K)->35965K(36288K) NonClass: 31966K(32128K)->31966K(32128K) Class: 3998K(4160K)->3998K(4160K)
[2024-05-28T18:23:30.151-0400][gc          ] GC(5) Pause Young (Concurrent Start) (Metadata GC Threshold) 147M->145M(1024M) 14,212ms
[2024-05-28T18:23:30.152-0400][gc,cpu      ] GC(5) User=0,03s Sys=0,01s Real=0,02s
[2024-05-28T18:23:30.152-0400][gc          ] GC(6) Concurrent Mark Cycle
[2024-05-28T18:23:30.152-0400][gc,marking  ] GC(6) Concurrent Scan Root Regions
[2024-05-28T18:23:30.154-0400][gc,marking  ] GC(6) Concurrent Scan Root Regions 2,397ms
[2024-05-28T18:23:30.154-0400][gc,marking  ] GC(6) Concurrent Mark
[2024-05-28T18:23:30.154-0400][gc,marking  ] GC(6) Concurrent Mark From Roots
[2024-05-28T18:23:30.154-0400][gc,task     ] GC(6) Using 2 workers of 2 for marking
[2024-05-28T18:23:30.188-0400][gc,marking  ] GC(6) Concurrent Mark From Roots 34,064ms
[2024-05-28T18:23:30.188-0400][gc,marking  ] GC(6) Concurrent Preclean
[2024-05-28T18:23:30.188-0400][gc,marking  ] GC(6) Concurrent Preclean 0,062ms
[2024-05-28T18:23:30.188-0400][gc,start    ] GC(6) Pause Remark
[2024-05-28T18:23:30.192-0400][gc          ] GC(6) Pause Remark 146M->146M(1024M) 3,926ms
[2024-05-28T18:23:30.193-0400][gc,cpu      ] GC(6) User=0,01s Sys=0,01s Real=0,01s
[2024-05-28T18:23:30.193-0400][gc,marking  ] GC(6) Concurrent Mark 38,658ms
[2024-05-28T18:23:30.193-0400][gc,marking  ] GC(6) Concurrent Rebuild Remembered Sets and Scrub Regions
[2024-05-28T18:23:30.197-0400][gc,marking  ] GC(6) Concurrent Rebuild Remembered Sets and Scrub Regions 4,649ms
[2024-05-28T18:23:30.200-0400][gc,start    ] GC(6) Pause Cleanup
[2024-05-28T18:23:30.201-0400][gc          ] GC(6) Pause Cleanup 147M->147M(1024M) 0,740ms
[2024-05-28T18:23:30.201-0400][gc,cpu      ] GC(6) User=0,00s Sys=0,00s Real=0,00s
[2024-05-28T18:23:30.201-0400][gc,marking  ] GC(6) Concurrent Clear Claimed Marks
[2024-05-28T18:23:30.201-0400][gc,marking  ] GC(6) Concurrent Clear Claimed Marks 0,065ms
[2024-05-28T18:23:30.201-0400][gc,marking  ] GC(6) Concurrent Cleanup for Next Mark
[2024-05-28T18:23:30.205-0400][gc,marking  ] GC(6) Concurrent Cleanup for Next Mark 4,090ms
[2024-05-28T18:23:30.205-0400][gc          ] GC(6) Concurrent Mark Cycle 53,758ms
[2024-05-28T18:32:58.871-0400][gc,start    ] GC(7) Pause Young (Prepare Mixed) (G1 Evacuation Pause)
[2024-05-28T18:32:58.871-0400][gc,task     ] GC(7) Using 6 workers of 6 for evacuation
[2024-05-28T18:32:58.884-0400][gc,phases   ] GC(7)   Pre Evacuate Collection Set: 0,8ms
[2024-05-28T18:32:58.884-0400][gc,phases   ] GC(7)   Merge Heap Roots: 2,1ms
[2024-05-28T18:32:58.884-0400][gc,phases   ] GC(7)   Evacuate Collection Set: 8,4ms
[2024-05-28T18:32:58.884-0400][gc,phases   ] GC(7)   Post Evacuate Collection Set: 1,8ms
[2024-05-28T18:32:58.884-0400][gc,phases   ] GC(7)   Other: 0,1ms
[2024-05-28T18:32:58.884-0400][gc,heap     ] GC(7) Eden regions: 50->0(46)
[2024-05-28T18:32:58.884-0400][gc,heap     ] GC(7) Survivor regions: 1->5(7)
[2024-05-28T18:32:58.884-0400][gc,heap     ] GC(7) Old regions: 16->16
[2024-05-28T18:32:58.884-0400][gc,heap     ] GC(7) Humongous regions: 129->129
[2024-05-28T18:32:58.884-0400][gc,metaspace] GC(7) Metaspace: 42009K(42624K)->42009K(42624K) NonClass: 37112K(37440K)->37112K(37440K) Class: 4897K(5184K)->4897K(5184K)
[2024-05-28T18:32:58.884-0400][gc          ] GC(7) Pause Young (Prepare Mixed) (G1 Evacuation Pause) 195M->148M(1024M) 13,457ms
[2024-05-28T18:32:58.884-0400][gc,cpu      ] GC(7) User=0,02s Sys=0,02s Real=0,01s
[2024-05-28T18:41:02.362-0400][gc,start    ] GC(8) Pause Young (Mixed) (G1 Evacuation Pause)
[2024-05-28T18:41:02.362-0400][gc,task     ] GC(8) Using 6 workers of 6 for evacuation
[2024-05-28T18:41:02.378-0400][gc,phases   ] GC(8)   Pre Evacuate Collection Set: 1,5ms
[2024-05-28T18:41:02.378-0400][gc,phases   ] GC(8)   Merge Heap Roots: 0,5ms
[2024-05-28T18:41:02.378-0400][gc,phases   ] GC(8)   Evacuate Collection Set: 12,7ms
[2024-05-28T18:41:02.378-0400][gc,phases   ] GC(8)   Post Evacuate Collection Set: 1,1ms
[2024-05-28T18:41:02.378-0400][gc,phases   ] GC(8)   Other: 0,1ms
[2024-05-28T18:41:02.378-0400][gc,heap     ] GC(8) Eden regions: 46->0(48)
[2024-05-28T18:41:02.378-0400][gc,heap     ] GC(8) Survivor regions: 5->3(7)
[2024-05-28T18:41:02.378-0400][gc,heap     ] GC(8) Old regions: 16->18
[2024-05-28T18:41:02.378-0400][gc,heap     ] GC(8) Humongous regions: 129->129
[2024-05-28T18:41:02.378-0400][gc,metaspace] GC(8) Metaspace: 42666K(43328K)->42666K(43328K) NonClass: 37712K(38080K)->37712K(38080K) Class: 4954K(5248K)->4954K(5248K)
[2024-05-28T18:41:02.378-0400][gc          ] GC(8) Pause Young (Mixed) (G1 Evacuation Pause) 194M->149M(1024M) 16,106ms
[2024-05-28T18:41:02.378-0400][gc,cpu      ] GC(8) User=0,03s Sys=0,02s Real=0,01s
[2024-05-28T18:50:27.885-0400][gc,start    ] GC(9) Pause Young (Normal) (G1 Evacuation Pause)
[2024-05-28T18:50:27.886-0400][gc,task     ] GC(9) Using 6 workers of 6 for evacuation
[2024-05-28T18:50:27.903-0400][gc,phases   ] GC(9)   Pre Evacuate Collection Set: 0,9ms
[2024-05-28T18:50:27.903-0400][gc,phases   ] GC(9)   Merge Heap Roots: 0,2ms
[2024-05-28T18:50:27.903-0400][gc,phases   ] GC(9)   Evacuate Collection Set: 15,4ms
[2024-05-28T18:50:27.903-0400][gc,phases   ] GC(9)   Post Evacuate Collection Set: 1,2ms
[2024-05-28T18:50:27.903-0400][gc,phases   ] GC(9)   Other: 0,1ms
[2024-05-28T18:50:27.903-0400][gc,heap     ] GC(9) Eden regions: 48->0(45)
[2024-05-28T18:50:27.903-0400][gc,heap     ] GC(9) Survivor regions: 3->6(7)
[2024-05-28T18:50:27.903-0400][gc,heap     ] GC(9) Old regions: 18->18
[2024-05-28T18:50:27.903-0400][gc,heap     ] GC(9) Humongous regions: 129->129
[2024-05-28T18:50:27.903-0400][gc,metaspace] GC(9) Metaspace: 42989K(43648K)->42989K(43648K) NonClass: 37980K(38336K)->37980K(38336K) Class: 5008K(5312K)->5008K(5312K)
[2024-05-28T18:50:27.903-0400][gc          ] GC(9) Pause Young (Normal) (G1 Evacuation Pause) 197M->152M(1024M) 17,986ms
[2024-05-28T18:50:27.904-0400][gc,cpu      ] GC(9) User=0,03s Sys=0,01s Real=0,02s
[2024-05-29T18:45:54.722-0400][gc,start    ] GC(10) Pause Young (Normal) (G1 Evacuation Pause)
[2024-05-29T18:45:54.723-0400][gc,task     ] GC(10) Using 6 workers of 6 for evacuation
[2024-05-29T18:45:54.739-0400][gc,phases   ] GC(10)   Pre Evacuate Collection Set: 2,5ms
[2024-05-29T18:45:54.739-0400][gc,phases   ] GC(10)   Merge Heap Roots: 1,3ms
[2024-05-29T18:45:54.739-0400][gc,phases   ] GC(10)   Evacuate Collection Set: 10,3ms
[2024-05-29T18:45:54.739-0400][gc,phases   ] GC(10)   Post Evacuate Collection Set: 2,0ms
[2024-05-29T18:45:54.739-0400][gc,phases   ] GC(10)   Other: 0,6ms
[2024-05-29T18:45:54.739-0400][gc,heap     ] GC(10) Eden regions: 45->0(49)
[2024-05-29T18:45:54.739-0400][gc,heap     ] GC(10) Survivor regions: 6->2(7)
[2024-05-29T18:45:54.739-0400][gc,heap     ] GC(10) Old regions: 18->22
[2024-05-29T18:45:54.739-0400][gc,heap     ] GC(10) Humongous regions: 129->129
[2024-05-29T18:45:54.739-0400][gc,metaspace] GC(10) Metaspace: 43022K(43712K)->43022K(43712K) NonClass: 38014K(38400K)->38014K(38400K) Class: 5008K(5312K)->5008K(5312K)
[2024-05-29T18:45:54.739-0400][gc          ] GC(10) Pause Young (Normal) (G1 Evacuation Pause) 197M->152M(1024M) 17,180ms
[2024-05-29T18:45:54.739-0400][gc,cpu      ] GC(10) User=0,05s Sys=0,02s Real=0,02s
[2024-05-29T18:57:41.778-0400][gc,start    ] GC(11) Pause Young (Normal) (G1 Evacuation Pause)
[2024-05-29T18:57:41.778-0400][gc,task     ] GC(11) Using 6 workers of 6 for evacuation
[2024-05-29T18:57:41.785-0400][gc,phases   ] GC(11)   Pre Evacuate Collection Set: -0,7ms
[2024-05-29T18:57:41.785-0400][gc,phases   ] GC(11)   Merge Heap Roots: 0,0ms
[2024-05-29T18:57:41.785-0400][gc,phases   ] GC(11)   Evacuate Collection Set: 5,0ms
[2024-05-29T18:57:41.785-0400][gc,phases   ] GC(11)   Post Evacuate Collection Set: 2,8ms
[2024-05-29T18:57:41.785-0400][gc,phases   ] GC(11)   Other: 0,1ms
[2024-05-29T18:57:41.785-0400][gc,heap     ] GC(11) Eden regions: 49->0(48)
[2024-05-29T18:57:41.785-0400][gc,heap     ] GC(11) Survivor regions: 2->3(7)
[2024-05-29T18:57:41.785-0400][gc,heap     ] GC(11) Old regions: 22->22
[2024-05-29T18:57:41.785-0400][gc,heap     ] GC(11) Humongous regions: 129->129
[2024-05-29T18:57:41.785-0400][gc,metaspace] GC(11) Metaspace: 43099K(43776K)->43099K(43776K) NonClass: 38090K(38464K)->38090K(38464K) Class: 5008K(5312K)->5008K(5312K)
[2024-05-29T18:57:41.785-0400][gc          ] GC(11) Pause Young (Normal) (G1 Evacuation Pause) 201M->153M(1024M) 7,550ms
[2024-05-29T18:57:41.785-0400][gc,cpu      ] GC(11) User=0,02s Sys=0,01s Real=0,00s
[2024-05-29T19:08:50.942-0400][gc,start    ] GC(12) Pause Young (Normal) (G1 Evacuation Pause)
[2024-05-29T19:08:50.942-0400][gc,task     ] GC(12) Using 6 workers of 6 for evacuation
[2024-05-29T19:08:50.968-0400][gc,mmu      ] GC(12) MMU target violated: 21,0ms (20,0ms/21,0ms)
[2024-05-29T19:08:50.968-0400][gc,phases   ] GC(12)   Pre Evacuate Collection Set: 0,9ms
[2024-05-29T19:08:50.968-0400][gc,phases   ] GC(12)   Merge Heap Roots: 0,5ms
[2024-05-29T19:08:50.968-0400][gc,phases   ] GC(12)   Evacuate Collection Set: 19,3ms
[2024-05-29T19:08:50.968-0400][gc,phases   ] GC(12)   Post Evacuate Collection Set: 4,9ms
[2024-05-29T19:08:50.968-0400][gc,phases   ] GC(12)   Other: 0,3ms
[2024-05-29T19:08:50.968-0400][gc,heap     ] GC(12) Eden regions: 48->0(48)
[2024-05-29T19:08:50.968-0400][gc,heap     ] GC(12) Survivor regions: 3->3(7)
[2024-05-29T19:08:50.968-0400][gc,heap     ] GC(12) Old regions: 22->22
[2024-05-29T19:08:50.968-0400][gc,heap     ] GC(12) Humongous regions: 129->129
[2024-05-29T19:08:50.968-0400][gc,metaspace] GC(12) Metaspace: 43153K(43776K)->43153K(43776K) NonClass: 38144K(38464K)->38144K(38464K) Class: 5008K(5312K)->5008K(5312K)
[2024-05-29T19:08:50.968-0400][gc          ] GC(12) Pause Young (Normal) (G1 Evacuation Pause) 201M->153M(1024M) 26,159ms
[2024-05-29T19:08:50.968-0400][gc,cpu      ] GC(12) User=0,05s Sys=0,00s Real=0,03s
[2024-05-29T19:19:50.023-0400][gc,start    ] GC(13) Pause Young (Normal) (G1 Evacuation Pause)
[2024-05-29T19:19:50.023-0400][gc,task     ] GC(13) Using 6 workers of 6 for evacuation
[2024-05-29T19:19:50.037-0400][gc,phases   ] GC(13)   Pre Evacuate Collection Set: 0,6ms
[2024-05-29T19:19:50.037-0400][gc,phases   ] GC(13)   Merge Heap Roots: 0,3ms
[2024-05-29T19:19:50.037-0400][gc,phases   ] GC(13)   Evacuate Collection Set: 9,4ms
[2024-05-29T19:19:50.037-0400][gc,phases   ] GC(13)   Post Evacuate Collection Set: 3,7ms
[2024-05-29T19:19:50.037-0400][gc,phases   ] GC(13)   Other: 0,1ms
[2024-05-29T19:19:50.037-0400][gc,heap     ] GC(13) Eden regions: 48->0(47)
[2024-05-29T19:19:50.037-0400][gc,heap     ] GC(13) Survivor regions: 3->4(7)
[2024-05-29T19:19:50.037-0400][gc,heap     ] GC(13) Old regions: 22->22
[2024-05-29T19:19:50.037-0400][gc,heap     ] GC(13) Humongous regions: 129->129
[2024-05-29T19:19:50.037-0400][gc,metaspace] GC(13) Metaspace: 43206K(43840K)->43206K(43840K) NonClass: 38193K(38528K)->38193K(38528K) Class: 5012K(5312K)->5012K(5312K)
[2024-05-29T19:19:50.037-0400][gc          ] GC(13) Pause Young (Normal) (G1 Evacuation Pause) 201M->154M(1024M) 14,320ms
[2024-05-29T19:19:50.037-0400][gc,cpu      ] GC(13) User=0,04s Sys=0,00s Real=0,02s
[2024-05-29T19:30:36.776-0400][gc,start    ] GC(14) Pause Young (Normal) (G1 Evacuation Pause)
[2024-05-29T19:30:36.776-0400][gc,task     ] GC(14) Using 6 workers of 6 for evacuation
[2024-05-29T19:30:36.798-0400][gc,mmu      ] GC(14) MMU target violated: 21,0ms (20,0ms/21,0ms)
[2024-05-29T19:30:36.798-0400][gc,phases   ] GC(14)   Pre Evacuate Collection Set: 1,0ms
[2024-05-29T19:30:36.798-0400][gc,phases   ] GC(14)   Merge Heap Roots: 0,0ms
[2024-05-29T19:30:36.798-0400][gc,phases   ] GC(14)   Evacuate Collection Set: 19,0ms
[2024-05-29T19:30:36.798-0400][gc,phases   ] GC(14)   Post Evacuate Collection Set: 2,0ms
[2024-05-29T19:30:36.798-0400][gc,phases   ] GC(14)   Other: 0,0ms
[2024-05-29T19:30:36.798-0400][gc,heap     ] GC(14) Eden regions: 47->0(47)
[2024-05-29T19:30:36.798-0400][gc,heap     ] GC(14) Survivor regions: 4->4(7)
[2024-05-29T19:30:36.798-0400][gc,heap     ] GC(14) Old regions: 22->23
[2024-05-29T19:30:36.798-0400][gc,heap     ] GC(14) Humongous regions: 129->129
[2024-05-29T19:30:36.798-0400][gc,metaspace] GC(14) Metaspace: 43215K(43840K)->43215K(43840K) NonClass: 38203K(38528K)->38203K(38528K) Class: 5012K(5312K)->5012K(5312K)
[2024-05-29T19:30:36.798-0400][gc          ] GC(14) Pause Young (Normal) (G1 Evacuation Pause) 201M->155M(1024M) 21,999ms
[2024-05-29T19:30:36.798-0400][gc,cpu      ] GC(14) User=0,04s Sys=0,02s Real=0,02s
[2024-05-29T19:41:25.483-0400][gc,start    ] GC(15) Pause Young (Normal) (G1 Evacuation Pause)
[2024-05-29T19:41:25.483-0400][gc,task     ] GC(15) Using 6 workers of 6 for evacuation
[2024-05-29T19:41:25.491-0400][gc,phases   ] GC(15)   Pre Evacuate Collection Set: 0,9ms
[2024-05-29T19:41:25.491-0400][gc,phases   ] GC(15)   Merge Heap Roots: 0,3ms
[2024-05-29T19:41:25.492-0400][gc,phases   ] GC(15)   Evacuate Collection Set: 6,6ms
[2024-05-29T19:41:25.492-0400][gc,phases   ] GC(15)   Post Evacuate Collection Set: 0,6ms
[2024-05-29T19:41:25.492-0400][gc,phases   ] GC(15)   Other: 0,0ms
[2024-05-29T19:41:25.492-0400][gc,heap     ] GC(15) Eden regions: 47->0(79)
[2024-05-29T19:41:25.492-0400][gc,heap     ] GC(15) Survivor regions: 4->3(7)
[2024-05-29T19:41:25.492-0400][gc,heap     ] GC(15) Old regions: 23->23
[2024-05-29T19:41:25.492-0400][gc,heap     ] GC(15) Humongous regions: 129->129
[2024-05-29T19:41:25.492-0400][gc,metaspace] GC(15) Metaspace: 43231K(43904K)->43231K(43904K) NonClass: 38219K(38592K)->38219K(38592K) Class: 5012K(5312K)->5012K(5312K)
[2024-05-29T19:41:25.492-0400][gc          ] GC(15) Pause Young (Normal) (G1 Evacuation Pause) 202M->154M(1024M) 9,430ms
[2024-05-29T19:41:25.492-0400][gc,cpu      ] GC(15) User=0,01s Sys=0,02s Real=0,01s
[2024-05-29T20:03:00.470-0400][gc,start    ] GC(16) Pause Young (Normal) (G1 Evacuation Pause)
[2024-05-29T20:03:00.470-0400][gc,task     ] GC(16) Using 6 workers of 6 for evacuation
[2024-05-29T20:03:00.486-0400][gc,phases   ] GC(16)   Pre Evacuate Collection Set: 0,7ms
[2024-05-29T20:03:00.486-0400][gc,phases   ] GC(16)   Merge Heap Roots: 0,4ms
[2024-05-29T20:03:00.486-0400][gc,phases   ] GC(16)   Evacuate Collection Set: 8,2ms
[2024-05-29T20:03:00.486-0400][gc,phases   ] GC(16)   Post Evacuate Collection Set: 6,5ms
[2024-05-29T20:03:00.486-0400][gc,phases   ] GC(16)   Other: 0,1ms
[2024-05-29T20:03:00.486-0400][gc,heap     ] GC(16) Eden regions: 97->0(611)
[2024-05-29T20:03:00.486-0400][gc,heap     ] GC(16) Survivor regions: 3->3(13)
[2024-05-29T20:03:00.486-0400][gc,heap     ] GC(16) Old regions: 23->23
[2024-05-29T20:03:00.486-0400][gc,heap     ] GC(16) Humongous regions: 129->129
[2024-05-29T20:03:00.486-0400][gc,metaspace] GC(16) Metaspace: 43355K(43968K)->43355K(43968K) NonClass: 38337K(38656K)->38337K(38656K) Class: 5018K(5312K)->5018K(5312K)
[2024-05-29T20:03:00.486-0400][gc          ] GC(16) Pause Young (Normal) (G1 Evacuation Pause) 251M->154M(1024M) 16,219ms
[2024-05-29T20:03:00.486-0400][gc,cpu      ] GC(16) User=0,03s Sys=0,02s Real=0,01s
[2024-05-29T22:23:09.077-0400][gc,start    ] GC(17) Pause Young (Normal) (G1 Evacuation Pause)
[2024-05-29T22:23:09.083-0400][gc,task     ] GC(17) Using 6 workers of 6 for evacuation
[2024-05-29T22:23:10.298-0400][gc,mmu      ] GC(17) MMU target violated: 21,0ms (20,0ms/21,0ms)
[2024-05-29T22:23:10.298-0400][gc,phases   ] GC(17)   Pre Evacuate Collection Set: 118,7ms
[2024-05-29T22:23:10.298-0400][gc,phases   ] GC(17)   Merge Heap Roots: 40,4ms
[2024-05-29T22:23:10.298-0400][gc,phases   ] GC(17)   Evacuate Collection Set: 853,4ms
[2024-05-29T22:23:10.298-0400][gc,phases   ] GC(17)   Post Evacuate Collection Set: 186,4ms
[2024-05-29T22:23:10.298-0400][gc,phases   ] GC(17)   Other: 19,4ms
[2024-05-29T22:23:10.298-0400][gc,heap     ] GC(17) Eden regions: 611->0(47)
[2024-05-29T22:23:10.301-0400][gc,heap     ] GC(17) Survivor regions: 3->4(77)
[2024-05-29T22:23:10.301-0400][gc,heap     ] GC(17) Old regions: 23->23
[2024-05-29T22:23:10.301-0400][gc,heap     ] GC(17) Humongous regions: 129->129
[2024-05-29T22:23:10.301-0400][gc,metaspace] GC(17) Metaspace: 43458K(44096K)->43458K(44096K) NonClass: 38439K(38784K)->38439K(38784K) Class: 5019K(5312K)->5019K(5312K)
[2024-05-29T22:23:10.304-0400][gc          ] GC(17) Pause Young (Normal) (G1 Evacuation Pause) 765M->155M(1024M) 1227,506ms
[2024-05-29T22:23:10.304-0400][gc,cpu      ] GC(17) User=0,48s Sys=0,34s Real=1,23s
[2024-05-29T22:33:34.797-0400][gc,start    ] GC(18) Pause Young (Normal) (G1 Evacuation Pause)
[2024-05-29T22:33:34.798-0400][gc,task     ] GC(18) Using 6 workers of 6 for evacuation
[2024-05-29T22:33:35.051-0400][gc,mmu      ] GC(18) MMU target violated: 21,0ms (20,0ms/21,0ms)
[2024-05-29T22:33:35.051-0400][gc,phases   ] GC(18)   Pre Evacuate Collection Set: 6,8ms
[2024-05-29T22:33:35.051-0400][gc,phases   ] GC(18)   Merge Heap Roots: 0,4ms
[2024-05-29T22:33:35.051-0400][gc,phases   ] GC(18)   Evacuate Collection Set: 243,9ms
[2024-05-29T22:33:35.051-0400][gc,phases   ] GC(18)   Post Evacuate Collection Set: 1,2ms
[2024-05-29T22:33:35.051-0400][gc,phases   ] GC(18)   Other: 0,1ms
[2024-05-29T22:33:35.051-0400][gc,heap     ] GC(18) Eden regions: 47->0(48)
[2024-05-29T22:33:35.051-0400][gc,heap     ] GC(18) Survivor regions: 4->3(7)
[2024-05-29T22:33:35.051-0400][gc,heap     ] GC(18) Old regions: 23->23
[2024-05-29T22:33:35.051-0400][gc,heap     ] GC(18) Humongous regions: 129->129
[2024-05-29T22:33:35.051-0400][gc,metaspace] GC(18) Metaspace: 43477K(44160K)->43477K(44160K) NonClass: 38458K(38848K)->38458K(38848K) Class: 5019K(5312K)->5019K(5312K)
[2024-05-29T22:33:35.051-0400][gc          ] GC(18) Pause Young (Normal) (G1 Evacuation Pause) 202M->154M(1024M) 253,361ms
[2024-05-29T22:33:35.051-0400][gc,cpu      ] GC(18) User=0,01s Sys=0,28s Real=0,25s
[2024-05-29T22:44:39.964-0400][gc,start    ] GC(19) Pause Young (Normal) (G1 Evacuation Pause)
[2024-05-29T22:44:39.964-0400][gc,task     ] GC(19) Using 6 workers of 6 for evacuation
[2024-05-29T22:44:40.188-0400][gc,mmu      ] GC(19) MMU target violated: 21,0ms (20,0ms/21,0ms)
[2024-05-29T22:44:40.188-0400][gc,phases   ] GC(19)   Pre Evacuate Collection Set: 3,0ms
[2024-05-29T22:44:40.188-0400][gc,phases   ] GC(19)   Merge Heap Roots: 3,0ms
[2024-05-29T22:44:40.188-0400][gc,phases   ] GC(19)   Evacuate Collection Set: 215,7ms
[2024-05-29T22:44:40.188-0400][gc,phases   ] GC(19)   Post Evacuate Collection Set: 2,3ms
[2024-05-29T22:44:40.188-0400][gc,phases   ] GC(19)   Other: 0,1ms
[2024-05-29T22:44:40.188-0400][gc,heap     ] GC(19) Eden regions: 48->0(47)
[2024-05-29T22:44:40.188-0400][gc,heap     ] GC(19) Survivor regions: 3->4(7)
[2024-05-29T22:44:40.188-0400][gc,heap     ] GC(19) Old regions: 23->23
[2024-05-29T22:44:40.188-0400][gc,heap     ] GC(19) Humongous regions: 129->129
[2024-05-29T22:44:40.188-0400][gc,metaspace] GC(19) Metaspace: 43483K(44160K)->43483K(44160K) NonClass: 38463K(38848K)->38463K(38848K) Class: 5019K(5312K)->5019K(5312K)
[2024-05-29T22:44:40.188-0400][gc          ] GC(19) Pause Young (Normal) (G1 Evacuation Pause) 202M->155M(1024M) 224,386ms
[2024-05-29T22:44:40.188-0400][gc,cpu      ] GC(19) User=0,03s Sys=0,22s Real=0,23s
[2024-05-29T22:55:30.359-0400][gc,start    ] GC(20) Pause Young (Normal) (G1 Evacuation Pause)
[2024-05-29T22:55:30.359-0400][gc,task     ] GC(20) Using 6 workers of 6 for evacuation
[2024-05-29T22:55:30.377-0400][gc,phases   ] GC(20)   Pre Evacuate Collection Set: 0,9ms
[2024-05-29T22:55:30.377-0400][gc,phases   ] GC(20)   Merge Heap Roots: 0,3ms
[2024-05-29T22:55:30.377-0400][gc,phases   ] GC(20)   Evacuate Collection Set: 15,3ms
[2024-05-29T22:55:30.377-0400][gc,phases   ] GC(20)   Post Evacuate Collection Set: 1,6ms
[2024-05-29T22:55:30.377-0400][gc,phases   ] GC(20)   Other: 0,1ms
[2024-05-29T22:55:30.377-0400][gc,heap     ] GC(20) Eden regions: 47->0(48)
[2024-05-29T22:55:30.377-0400][gc,heap     ] GC(20) Survivor regions: 4->3(7)
[2024-05-29T22:55:30.377-0400][gc,heap     ] GC(20) Old regions: 23->24
[2024-05-29T22:55:30.377-0400][gc,heap     ] GC(20) Humongous regions: 129->129
[2024-05-29T22:55:30.377-0400][gc,metaspace] GC(20) Metaspace: 43483K(44160K)->43483K(44160K) NonClass: 38463K(38848K)->38463K(38848K) Class: 5019K(5312K)->5019K(5312K)
[2024-05-29T22:55:30.377-0400][gc          ] GC(20) Pause Young (Normal) (G1 Evacuation Pause) 202M->155M(1024M) 18,454ms
[2024-05-29T22:55:30.377-0400][gc,cpu      ] GC(20) User=0,03s Sys=0,01s Real=0,02s
[2024-05-29T23:06:33.205-0400][gc,start    ] GC(21) Pause Young (Normal) (G1 Evacuation Pause)
[2024-05-29T23:06:33.205-0400][gc,task     ] GC(21) Using 6 workers of 6 for evacuation
[2024-05-29T23:06:33.229-0400][gc,mmu      ] GC(21) MMU target violated: 21,0ms (20,0ms/21,0ms)
[2024-05-29T23:06:33.229-0400][gc,phases   ] GC(21)   Pre Evacuate Collection Set: 0,7ms
[2024-05-29T23:06:33.229-0400][gc,phases   ] GC(21)   Merge Heap Roots: 0,2ms
[2024-05-29T23:06:33.229-0400][gc,phases   ] GC(21)   Evacuate Collection Set: 19,7ms
[2024-05-29T23:06:33.229-0400][gc,phases   ] GC(21)   Post Evacuate Collection Set: 3,0ms
[2024-05-29T23:06:33.229-0400][gc,phases   ] GC(21)   Other: 0,1ms
[2024-05-29T23:06:33.229-0400][gc,heap     ] GC(21) Eden regions: 48->0(48)
[2024-05-29T23:06:33.229-0400][gc,heap     ] GC(21) Survivor regions: 3->3(7)
[2024-05-29T23:06:33.229-0400][gc,heap     ] GC(21) Old regions: 24->24
[2024-05-29T23:06:33.229-0400][gc,heap     ] GC(21) Humongous regions: 129->129
[2024-05-29T23:06:33.229-0400][gc,metaspace] GC(21) Metaspace: 43507K(44160K)->43507K(44160K) NonClass: 38486K(38848K)->38486K(38848K) Class: 5020K(5312K)->5020K(5312K)
[2024-05-29T23:06:33.229-0400][gc          ] GC(21) Pause Young (Normal) (G1 Evacuation Pause) 203M->154M(1024M) 23,693ms
[2024-05-29T23:06:33.229-0400][gc,cpu      ] GC(21) User=0,05s Sys=0,00s Real=0,03s
[2024-05-29T23:17:01.055-0400][gc,start    ] GC(22) Pause Young (Normal) (G1 Evacuation Pause)
[2024-05-29T23:17:01.055-0400][gc,task     ] GC(22) Using 6 workers of 6 for evacuation
[2024-05-29T23:17:01.074-0400][gc,phases   ] GC(22)   Pre Evacuate Collection Set: 5,1ms
[2024-05-29T23:17:01.074-0400][gc,phases   ] GC(22)   Merge Heap Roots: 0,4ms
[2024-05-29T23:17:01.074-0400][gc,phases   ] GC(22)   Evacuate Collection Set: 7,3ms
[2024-05-29T23:17:01.074-0400][gc,phases   ] GC(22)   Post Evacuate Collection Set: 6,2ms
[2024-05-29T23:17:01.074-0400][gc,phases   ] GC(22)   Other: 0,1ms
[2024-05-29T23:17:01.074-0400][gc,heap     ] GC(22) Eden regions: 48->0(48)
[2024-05-29T23:17:01.074-0400][gc,heap     ] GC(22) Survivor regions: 3->3(7)
[2024-05-29T23:17:01.074-0400][gc,heap     ] GC(22) Old regions: 24->24
[2024-05-29T23:17:01.074-0400][gc,heap     ] GC(22) Humongous regions: 129->129
[2024-05-29T23:17:01.074-0400][gc,metaspace] GC(22) Metaspace: 43507K(44160K)->43507K(44160K) NonClass: 38486K(38848K)->38486K(38848K) Class: 5020K(5312K)->5020K(5312K)
[2024-05-29T23:17:01.074-0400][gc          ] GC(22) Pause Young (Normal) (G1 Evacuation Pause) 202M->155M(1024M) 19,287ms
[2024-05-29T23:17:01.074-0400][gc,cpu      ] GC(22) User=0,03s Sys=0,01s Real=0,02s
[2024-05-29T23:28:04.666-0400][gc,start    ] GC(23) Pause Young (Normal) (G1 Evacuation Pause)
[2024-05-29T23:28:04.670-0400][gc,task     ] GC(23) Using 6 workers of 6 for evacuation
[2024-05-29T23:28:04.708-0400][gc,mmu      ] GC(23) MMU target violated: 21,0ms (20,0ms/21,0ms)
[2024-05-29T23:28:04.708-0400][gc,phases   ] GC(23)   Pre Evacuate Collection Set: 4,1ms
[2024-05-29T23:28:04.708-0400][gc,phases   ] GC(23)   Merge Heap Roots: 0,1ms
[2024-05-29T23:28:04.708-0400][gc,phases   ] GC(23)   Evacuate Collection Set: 33,0ms
[2024-05-29T23:28:04.708-0400][gc,phases   ] GC(23)   Post Evacuate Collection Set: 0,9ms
[2024-05-29T23:28:04.708-0400][gc,phases   ] GC(23)   Other: 0,3ms
[2024-05-29T23:28:04.708-0400][gc,heap     ] GC(23) Eden regions: 48->0(48)
[2024-05-29T23:28:04.708-0400][gc,heap     ] GC(23) Survivor regions: 3->3(7)
[2024-05-29T23:28:04.708-0400][gc,heap     ] GC(23) Old regions: 24->24
[2024-05-29T23:28:04.708-0400][gc,heap     ] GC(23) Humongous regions: 129->129
[2024-05-29T23:28:04.708-0400][gc,metaspace] GC(23) Metaspace: 43511K(44160K)->43511K(44160K) NonClass: 38490K(38848K)->38490K(38848K) Class: 5020K(5312K)->5020K(5312K)
[2024-05-29T23:28:04.709-0400][gc          ] GC(23) Pause Young (Normal) (G1 Evacuation Pause) 203M->154M(1024M) 42,337ms
[2024-05-29T23:28:04.709-0400][gc,cpu      ] GC(23) User=0,04s Sys=0,00s Real=0,04s
[2024-05-29T23:39:08.861-0400][gc,start    ] GC(24) Pause Young (Normal) (G1 Evacuation Pause)
[2024-05-29T23:39:08.861-0400][gc,task     ] GC(24) Using 6 workers of 6 for evacuation
[2024-05-29T23:39:08.875-0400][gc,phases   ] GC(24)   Pre Evacuate Collection Set: 0,8ms
[2024-05-29T23:39:08.875-0400][gc,phases   ] GC(24)   Merge Heap Roots: 0,6ms
[2024-05-29T23:39:08.875-0400][gc,phases   ] GC(24)   Evacuate Collection Set: 9,0ms
[2024-05-29T23:39:08.875-0400][gc,phases   ] GC(24)   Post Evacuate Collection Set: 3,0ms
[2024-05-29T23:39:08.875-0400][gc,phases   ] GC(24)   Other: 1,1ms
[2024-05-29T23:39:08.875-0400][gc,heap     ] GC(24) Eden regions: 48->0(47)
[2024-05-29T23:39:08.875-0400][gc,heap     ] GC(24) Survivor regions: 3->4(7)
[2024-05-29T23:39:08.875-0400][gc,heap     ] GC(24) Old regions: 24->24
[2024-05-29T23:39:08.875-0400][gc,heap     ] GC(24) Humongous regions: 129->129
[2024-05-29T23:39:08.875-0400][gc,metaspace] GC(24) Metaspace: 43512K(44160K)->43512K(44160K) NonClass: 38491K(38848K)->38491K(38848K) Class: 5020K(5312K)->5020K(5312K)
[2024-05-29T23:39:08.875-0400][gc          ] GC(24) Pause Young (Normal) (G1 Evacuation Pause) 202M->155M(1024M) 14,571ms
[2024-05-29T23:39:08.875-0400][gc,cpu      ] GC(24) User=0,02s Sys=0,00s Real=0,01s
[2024-05-29T23:49:54.692-0400][gc,start    ] GC(25) Pause Young (Normal) (G1 Evacuation Pause)
[2024-05-29T23:49:54.693-0400][gc,task     ] GC(25) Using 6 workers of 6 for evacuation
[2024-05-29T23:49:54.712-0400][gc,phases   ] GC(25)   Pre Evacuate Collection Set: 1,0ms
[2024-05-29T23:49:54.712-0400][gc,phases   ] GC(25)   Merge Heap Roots: 7,0ms
[2024-05-29T23:49:54.712-0400][gc,phases   ] GC(25)   Evacuate Collection Set: 9,8ms
[2024-05-29T23:49:54.712-0400][gc,phases   ] GC(25)   Post Evacuate Collection Set: 1,1ms
[2024-05-29T23:49:54.712-0400][gc,phases   ] GC(25)   Other: 0,1ms
[2024-05-29T23:49:54.712-0400][gc,heap     ] GC(25) Eden regions: 47->0(48)
[2024-05-29T23:49:54.712-0400][gc,heap     ] GC(25) Survivor regions: 4->3(7)
[2024-05-29T23:49:54.712-0400][gc,heap     ] GC(25) Old regions: 24->24
[2024-05-29T23:49:54.712-0400][gc,heap     ] GC(25) Humongous regions: 129->129
[2024-05-29T23:49:54.712-0400][gc,metaspace] GC(25) Metaspace: 43515K(44160K)->43515K(44160K) NonClass: 38494K(38848K)->38494K(38848K) Class: 5020K(5312K)->5020K(5312K)
[2024-05-29T23:49:54.712-0400][gc          ] GC(25) Pause Young (Normal) (G1 Evacuation Pause) 202M->155M(1024M) 20,194ms
[2024-05-29T23:49:54.712-0400][gc,cpu      ] GC(25) User=0,02s Sys=0,02s Real=0,02s
[2024-05-29T23:56:34.731-0400][gc,start    ] GC(26) Pause Young (Normal) (G1 Evacuation Pause)
[2024-05-29T23:56:34.733-0400][gc,task     ] GC(26) Using 6 workers of 6 for evacuation
[2024-05-29T23:56:34.773-0400][gc,mmu      ] GC(26) MMU target violated: 21,0ms (20,0ms/21,0ms)
[2024-05-29T23:56:34.773-0400][gc,phases   ] GC(26)   Pre Evacuate Collection Set: 0,5ms
[2024-05-29T23:56:34.773-0400][gc,phases   ] GC(26)   Merge Heap Roots: 1,7ms
[2024-05-29T23:56:34.773-0400][gc,phases   ] GC(26)   Evacuate Collection Set: 35,0ms
[2024-05-29T23:56:34.773-0400][gc,phases   ] GC(26)   Post Evacuate Collection Set: 2,5ms
[2024-05-29T23:56:34.773-0400][gc,phases   ] GC(26)   Other: 0,2ms
[2024-05-29T23:56:34.773-0400][gc,heap     ] GC(26) Eden regions: 48->0(46)
[2024-05-29T23:56:34.773-0400][gc,heap     ] GC(26) Survivor regions: 3->5(7)
[2024-05-29T23:56:34.773-0400][gc,heap     ] GC(26) Old regions: 24->24
[2024-05-29T23:56:34.773-0400][gc,heap     ] GC(26) Humongous regions: 129->129
[2024-05-29T23:56:34.773-0400][gc,metaspace] GC(26) Metaspace: 43706K(44352K)->43706K(44352K) NonClass: 38685K(39040K)->38685K(39040K) Class: 5020K(5312K)->5020K(5312K)
[2024-05-29T23:56:34.773-0400][gc          ] GC(26) Pause Young (Normal) (G1 Evacuation Pause) 203M->156M(1024M) 42,372ms
[2024-05-29T23:56:34.773-0400][gc,cpu      ] GC(26) User=0,01s Sys=0,03s Real=0,04s
[2024-05-30T09:27:14.568-0400][gc,start    ] GC(27) Pause Young (Normal) (G1 Evacuation Pause)
[2024-05-30T09:27:14.569-0400][gc,task     ] GC(27) Using 6 workers of 6 for evacuation
[2024-05-30T09:27:14.607-0400][gc,mmu      ] GC(27) MMU target violated: 21,0ms (20,0ms/21,0ms)
[2024-05-30T09:27:14.607-0400][gc,phases   ] GC(27)   Pre Evacuate Collection Set: 9,8ms
[2024-05-30T09:27:14.607-0400][gc,phases   ] GC(27)   Merge Heap Roots: 0,4ms
[2024-05-30T09:27:14.607-0400][gc,phases   ] GC(27)   Evacuate Collection Set: 21,2ms
[2024-05-30T09:27:14.607-0400][gc,phases   ] GC(27)   Post Evacuate Collection Set: 6,5ms
[2024-05-30T09:27:14.607-0400][gc,phases   ] GC(27)   Other: 0,4ms
[2024-05-30T09:27:14.607-0400][gc,heap     ] GC(27) Eden regions: 46->0(47)
[2024-05-30T09:27:14.608-0400][gc,heap     ] GC(27) Survivor regions: 5->4(7)
[2024-05-30T09:27:14.608-0400][gc,heap     ] GC(27) Old regions: 24->24
[2024-05-30T09:27:14.608-0400][gc,heap     ] GC(27) Humongous regions: 129->129
[2024-05-30T09:27:14.608-0400][gc,metaspace] GC(27) Metaspace: 43798K(44416K)->43798K(44416K) NonClass: 38776K(39104K)->38776K(39104K) Class: 5021K(5312K)->5021K(5312K)
[2024-05-30T09:27:14.608-0400][gc          ] GC(27) Pause Young (Normal) (G1 Evacuation Pause) 202M->155M(1024M) 39,374ms
[2024-05-30T09:27:14.608-0400][gc,cpu      ] GC(27) User=0,08s Sys=0,01s Real=0,04s
[2024-05-30T09:36:34.315-0400][gc,start    ] GC(28) Pause Young (Normal) (G1 Evacuation Pause)
[2024-05-30T09:36:34.317-0400][gc,task     ] GC(28) Using 6 workers of 6 for evacuation
[2024-05-30T09:36:34.335-0400][gc,phases   ] GC(28)   Pre Evacuate Collection Set: 1,0ms
[2024-05-30T09:36:34.335-0400][gc,phases   ] GC(28)   Merge Heap Roots: 0,3ms
[2024-05-30T09:36:34.335-0400][gc,phases   ] GC(28)   Evacuate Collection Set: 15,0ms
[2024-05-30T09:36:34.335-0400][gc,phases   ] GC(28)   Post Evacuate Collection Set: 1,5ms
[2024-05-30T09:36:34.335-0400][gc,phases   ] GC(28)   Other: 0,2ms
[2024-05-30T09:36:34.335-0400][gc,heap     ] GC(28) Eden regions: 47->0(47)
[2024-05-30T09:36:34.335-0400][gc,heap     ] GC(28) Survivor regions: 4->4(7)
[2024-05-30T09:36:34.335-0400][gc,heap     ] GC(28) Old regions: 24->24
[2024-05-30T09:36:34.335-0400][gc,heap     ] GC(28) Humongous regions: 129->129
[2024-05-30T09:36:34.335-0400][gc,metaspace] GC(28) Metaspace: 43864K(44480K)->43864K(44480K) NonClass: 38843K(39168K)->38843K(39168K) Class: 5021K(5312K)->5021K(5312K)
[2024-05-30T09:36:34.335-0400][gc          ] GC(28) Pause Young (Normal) (G1 Evacuation Pause) 202M->155M(1024M) 20,029ms
[2024-05-30T09:36:34.335-0400][gc,cpu      ] GC(28) User=0,04s Sys=0,00s Real=0,02s
[2024-05-30T09:46:44.755-0400][gc,start    ] GC(29) Pause Young (Normal) (G1 Evacuation Pause)
[2024-05-30T09:46:44.757-0400][gc,task     ] GC(29) Using 6 workers of 6 for evacuation
[2024-05-30T09:46:44.766-0400][gc,phases   ] GC(29)   Pre Evacuate Collection Set: 0,7ms
[2024-05-30T09:46:44.766-0400][gc,phases   ] GC(29)   Merge Heap Roots: 0,5ms
[2024-05-30T09:46:44.766-0400][gc,phases   ] GC(29)   Evacuate Collection Set: 7,0ms
[2024-05-30T09:46:44.766-0400][gc,phases   ] GC(29)   Post Evacuate Collection Set: 1,2ms
[2024-05-30T09:46:44.766-0400][gc,phases   ] GC(29)   Other: 0,1ms
[2024-05-30T09:46:44.766-0400][gc,heap     ] GC(29) Eden regions: 47->0(47)
[2024-05-30T09:46:44.766-0400][gc,heap     ] GC(29) Survivor regions: 4->4(7)
[2024-05-30T09:46:44.766-0400][gc,heap     ] GC(29) Old regions: 24->24
[2024-05-30T09:46:44.766-0400][gc,heap     ] GC(29) Humongous regions: 129->129
[2024-05-30T09:46:44.766-0400][gc,metaspace] GC(29) Metaspace: 43915K(44544K)->43915K(44544K) NonClass: 38893K(39232K)->38893K(39232K) Class: 5021K(5312K)->5021K(5312K)
[2024-05-30T09:46:44.766-0400][gc          ] GC(29) Pause Young (Normal) (G1 Evacuation Pause) 202M->155M(1024M) 10,858ms
[2024-05-30T09:46:44.766-0400][gc,cpu      ] GC(29) User=0,01s Sys=0,01s Real=0,01s
[2024-05-30T09:57:40.415-0400][gc,start    ] GC(30) Pause Young (Normal) (G1 Evacuation Pause)
[2024-05-30T09:57:40.417-0400][gc,task     ] GC(30) Using 6 workers of 6 for evacuation
[2024-05-30T09:57:40.432-0400][gc,phases   ] GC(30)   Pre Evacuate Collection Set: 0,6ms
[2024-05-30T09:57:40.432-0400][gc,phases   ] GC(30)   Merge Heap Roots: 5,5ms
[2024-05-30T09:57:40.432-0400][gc,phases   ] GC(30)   Evacuate Collection Set: 7,2ms
[2024-05-30T09:57:40.432-0400][gc,phases   ] GC(30)   Post Evacuate Collection Set: 2,1ms
[2024-05-30T09:57:40.432-0400][gc,phases   ] GC(30)   Other: 0,2ms
[2024-05-30T09:57:40.432-0400][gc,heap     ] GC(30) Eden regions: 47->0(47)
[2024-05-30T09:57:40.432-0400][gc,heap     ] GC(30) Survivor regions: 4->4(7)
[2024-05-30T09:57:40.432-0400][gc,heap     ] GC(30) Old regions: 24->24
[2024-05-30T09:57:40.432-0400][gc,heap     ] GC(30) Humongous regions: 129->129
[2024-05-30T09:57:40.432-0400][gc,metaspace] GC(30) Metaspace: 43933K(44544K)->43933K(44544K) NonClass: 38911K(39232K)->38911K(39232K) Class: 5021K(5312K)->5021K(5312K)
[2024-05-30T09:57:40.432-0400][gc          ] GC(30) Pause Young (Normal) (G1 Evacuation Pause) 202M->156M(1024M) 17,139ms
[2024-05-30T09:57:40.432-0400][gc,cpu      ] GC(30) User=0,02s Sys=0,02s Real=0,01s
[2024-05-30T10:08:09.259-0400][gc,start    ] GC(31) Pause Young (Normal) (G1 Evacuation Pause)
[2024-05-30T10:08:09.261-0400][gc,task     ] GC(31) Using 6 workers of 6 for evacuation
[2024-05-30T10:08:09.274-0400][gc,phases   ] GC(31)   Pre Evacuate Collection Set: 0,8ms
[2024-05-30T10:08:09.274-0400][gc,phases   ] GC(31)   Merge Heap Roots: 0,1ms
[2024-05-30T10:08:09.274-0400][gc,phases   ] GC(31)   Evacuate Collection Set: 9,9ms
[2024-05-30T10:08:09.274-0400][gc,phases   ] GC(31)   Post Evacuate Collection Set: 2,0ms
[2024-05-30T10:08:09.274-0400][gc,phases   ] GC(31)   Other: 0,2ms
[2024-05-30T10:08:09.274-0400][gc,heap     ] GC(31) Eden regions: 47->0(47)
[2024-05-30T10:08:09.274-0400][gc,heap     ] GC(31) Survivor regions: 4->4(7)
[2024-05-30T10:08:09.274-0400][gc,heap     ] GC(31) Old regions: 24->24
[2024-05-30T10:08:09.274-0400][gc,heap     ] GC(31) Humongous regions: 129->129
[2024-05-30T10:08:09.274-0400][gc,metaspace] GC(31) Metaspace: 44025K(44672K)->44025K(44672K) NonClass: 39003K(39360K)->39003K(39360K) Class: 5021K(5312K)->5021K(5312K)
[2024-05-30T10:08:09.274-0400][gc          ] GC(31) Pause Young (Normal) (G1 Evacuation Pause) 203M->156M(1024M) 14,958ms
[2024-05-30T10:08:09.274-0400][gc,cpu      ] GC(31) User=0,01s Sys=0,02s Real=0,01s
[2024-05-30T10:18:44.756-0400][gc,start    ] GC(32) Pause Young (Normal) (G1 Evacuation Pause)
[2024-05-30T10:18:44.757-0400][gc,task     ] GC(32) Using 6 workers of 6 for evacuation
[2024-05-30T10:18:44.776-0400][gc,phases   ] GC(32)   Pre Evacuate Collection Set: 5,2ms
[2024-05-30T10:18:44.776-0400][gc,phases   ] GC(32)   Merge Heap Roots: 0,4ms
[2024-05-30T10:18:44.776-0400][gc,phases   ] GC(32)   Evacuate Collection Set: 12,0ms
[2024-05-30T10:18:44.776-0400][gc,phases   ] GC(32)   Post Evacuate Collection Set: 1,2ms
[2024-05-30T10:18:44.776-0400][gc,phases   ] GC(32)   Other: 0,2ms
[2024-05-30T10:18:44.776-0400][gc,heap     ] GC(32) Eden regions: 47->0(46)
[2024-05-30T10:18:44.776-0400][gc,heap     ] GC(32) Survivor regions: 4->5(7)
[2024-05-30T10:18:44.776-0400][gc,heap     ] GC(32) Old regions: 24->24
[2024-05-30T10:18:44.776-0400][gc,heap     ] GC(32) Humongous regions: 129->129
[2024-05-30T10:18:44.776-0400][gc,metaspace] GC(32) Metaspace: 44037K(44672K)->44037K(44672K) NonClass: 39015K(39360K)->39015K(39360K) Class: 5021K(5312K)->5021K(5312K)
[2024-05-30T10:18:44.777-0400][gc          ] GC(32) Pause Young (Normal) (G1 Evacuation Pause) 203M->156M(1024M) 20,369ms
[2024-05-30T10:18:44.777-0400][gc,cpu      ] GC(32) User=0,02s Sys=0,01s Real=0,02s
[2024-05-30T10:28:31.906-0400][gc,start    ] GC(33) Pause Young (Normal) (G1 Evacuation Pause)
[2024-05-30T10:28:31.920-0400][gc,task     ] GC(33) Using 6 workers of 6 for evacuation
[2024-05-30T10:28:31.977-0400][gc,mmu      ] GC(33) MMU target violated: 21,0ms (20,0ms/21,0ms)
[2024-05-30T10:28:31.977-0400][gc,phases   ] GC(33)   Pre Evacuate Collection Set: 12,4ms
[2024-05-30T10:28:31.977-0400][gc,phases   ] GC(33)   Merge Heap Roots: 0,1ms
[2024-05-30T10:28:31.977-0400][gc,phases   ] GC(33)   Evacuate Collection Set: 33,4ms
[2024-05-30T10:28:31.977-0400][gc,phases   ] GC(33)   Post Evacuate Collection Set: 10,5ms
[2024-05-30T10:28:31.977-0400][gc,phases   ] GC(33)   Other: 0,4ms
[2024-05-30T10:28:31.977-0400][gc,heap     ] GC(33) Eden regions: 46->0(47)
[2024-05-30T10:28:31.977-0400][gc,heap     ] GC(33) Survivor regions: 5->4(7)
[2024-05-30T10:28:31.977-0400][gc,heap     ] GC(33) Old regions: 24->25
[2024-05-30T10:28:31.977-0400][gc,heap     ] GC(33) Humongous regions: 129->129
[2024-05-30T10:28:31.977-0400][gc,metaspace] GC(33) Metaspace: 44485K(45120K)->44485K(45120K) NonClass: 39384K(39744K)->39384K(39744K) Class: 5100K(5376K)->5100K(5376K)
[2024-05-30T10:28:31.977-0400][gc          ] GC(33) Pause Young (Normal) (G1 Evacuation Pause) 202M->156M(1024M) 71,175ms
[2024-05-30T10:28:31.977-0400][gc,cpu      ] GC(33) User=0,07s Sys=0,00s Real=0,07s
[2024-05-30T10:39:46.843-0400][gc,start    ] GC(34) Pause Young (Normal) (G1 Evacuation Pause)
[2024-05-30T10:39:47.634-0400][gc,task     ] GC(34) Using 6 workers of 6 for evacuation
[2024-05-30T10:39:50.351-0400][gc,mmu      ] GC(34) MMU target violated: 21,0ms (20,0ms/21,0ms)
[2024-05-30T10:39:50.679-0400][gc,phases   ] GC(34)   Pre Evacuate Collection Set: 71,8ms
[2024-05-30T10:39:50.679-0400][gc,phases   ] GC(34)   Merge Heap Roots: 83,5ms
[2024-05-30T10:39:50.679-0400][gc,phases   ] GC(34)   Evacuate Collection Set: 1191,6ms
[2024-05-30T10:39:50.679-0400][gc,phases   ] GC(34)   Post Evacuate Collection Set: 518,4ms
[2024-05-30T10:39:50.705-0400][gc,phases   ] GC(34)   Other: 1314,3ms
[2024-05-30T10:39:50.804-0400][gc,heap     ] GC(34) Eden regions: 47->0(46)
[2024-05-30T10:39:50.804-0400][gc,heap     ] GC(34) Survivor regions: 4->5(7)
[2024-05-30T10:39:50.804-0400][gc,heap     ] GC(34) Old regions: 25->25
[2024-05-30T10:39:50.804-0400][gc,heap     ] GC(34) Humongous regions: 129->129
[2024-05-30T10:39:50.921-0400][gc,metaspace] GC(34) Metaspace: 44488K(45120K)->44488K(45120K) NonClass: 39388K(39744K)->39388K(39744K) Class: 5100K(5376K)->5100K(5376K)
[2024-05-30T10:39:51.294-0400][gc          ] GC(34) Pause Young (Normal) (G1 Evacuation Pause) 203M->157M(1024M) 4343,840ms
[2024-05-30T10:39:51.492-0400][gc,cpu      ] GC(34) User=0,03s Sys=0,97s Real=4,77s
