[2024-05-28T14:58:18.302-0400][gc,init] CardTable entry size: 512
[2024-05-28T14:58:18.303-0400][gc     ] Using G1
[2024-05-28T14:58:18.325-0400][gc,init] Version: 21.0.3+9-Ubuntu-1ubuntu1 (release)
[2024-05-28T14:58:18.325-0400][gc,init] CPUs: 6 total, 6 available
[2024-05-28T14:58:18.325-0400][gc,init] Memory: 7940M
[2024-05-28T14:58:18.325-0400][gc,init] Large Page Support: Disabled
[2024-05-28T14:58:18.325-0400][gc,init] NUMA Support: Disabled
[2024-05-28T14:58:18.325-0400][gc,init] Compressed Oops: Enabled (32-bit)
[2024-05-28T14:58:18.325-0400][gc,init] Heap Region Size: 1M
[2024-05-28T14:58:18.325-0400][gc,init] Heap Min Capacity: 1G
[2024-05-28T14:58:18.325-0400][gc,init] Heap Initial Capacity: 1G
[2024-05-28T14:58:18.325-0400][gc,init] Heap Max Capacity: 1G
[2024-05-28T14:58:18.325-0400][gc,init] Pre-touch: Disabled
[2024-05-28T14:58:18.325-0400][gc,init] Parallel Workers: 6
[2024-05-28T14:58:18.325-0400][gc,init] Concurrent Workers: 2
[2024-05-28T14:58:18.325-0400][gc,init] Concurrent Refinement Workers: 6
[2024-05-28T14:58:18.325-0400][gc,init] Periodic GC: Disabled
[2024-05-28T14:58:18.338-0400][gc,metaspace] CDS archive(s) mapped at: [0x00007490e7000000-0x00007490e7caa000-0x00007490e7caa000), size 13279232, SharedBaseAddress: 0x00007490e7000000, ArchiveRelocationMode: 1.
[2024-05-28T14:58:18.338-0400][gc,metaspace] Compressed class space mapped at: 0x00007490e8000000-0x0000749128000000, reserved size: 1073741824
[2024-05-28T14:58:18.338-0400][gc,metaspace] Narrow klass base: 0x00007490e7000000, Narrow klass shift: 0, Narrow klass range: 0x100000000
[2024-05-28T14:58:19.705-0400][gc,start    ] GC(0) Pause Young (Normal) (G1 Evacuation Pause)
[2024-05-28T14:58:19.707-0400][gc,task     ] GC(0) Using 6 workers of 6 for evacuation
[2024-05-28T14:58:19.720-0400][gc,phases   ] GC(0)   Pre Evacuate Collection Set: 0,6ms
[2024-05-28T14:58:19.720-0400][gc,phases   ] GC(0)   Merge Heap Roots: 0,3ms
[2024-05-28T14:58:19.720-0400][gc,phases   ] GC(0)   Evacuate Collection Set: 9,2ms
[2024-05-28T14:58:19.720-0400][gc,phases   ] GC(0)   Post Evacuate Collection Set: 2,8ms
[2024-05-28T14:58:19.720-0400][gc,phases   ] GC(0)   Other: 1,9ms
[2024-05-28T14:58:19.720-0400][gc,heap     ] GC(0) Eden regions: 51->0(44)
[2024-05-28T14:58:19.720-0400][gc,heap     ] GC(0) Survivor regions: 0->7(7)
[2024-05-28T14:58:19.720-0400][gc,heap     ] GC(0) Old regions: 2->3
[2024-05-28T14:58:19.720-0400][gc,heap     ] GC(0) Humongous regions: 0->0
[2024-05-28T14:58:19.720-0400][gc,metaspace] GC(0) Metaspace: 18458K(18688K)->18458K(18688K) NonClass: 16373K(16512K)->16373K(16512K) Class: 2085K(2176K)->2085K(2176K)
[2024-05-28T14:58:19.720-0400][gc          ] GC(0) Pause Young (Normal) (G1 Evacuation Pause) 52M->8M(1024M) 15,013ms
[2024-05-28T14:58:19.720-0400][gc,cpu      ] GC(0) User=0,02s Sys=0,02s Real=0,02s
[2024-05-28T14:58:19.952-0400][gc,start    ] GC(1) Pause Young (Concurrent Start) (Metadata GC Threshold)
[2024-05-28T14:58:19.952-0400][gc,task     ] GC(1) Using 6 workers of 6 for evacuation
[2024-05-28T14:58:19.966-0400][gc,phases   ] GC(1)   Pre Evacuate Collection Set: 0,4ms
[2024-05-28T14:58:19.966-0400][gc,phases   ] GC(1)   Merge Heap Roots: 0,2ms
[2024-05-28T14:58:19.966-0400][gc,phases   ] GC(1)   Evacuate Collection Set: 12,6ms
[2024-05-28T14:58:19.966-0400][gc,phases   ] GC(1)   Post Evacuate Collection Set: 0,8ms
[2024-05-28T14:58:19.966-0400][gc,phases   ] GC(1)   Other: 0,1ms
[2024-05-28T14:58:19.966-0400][gc,heap     ] GC(1) Eden regions: 12->0(50)
[2024-05-28T14:58:19.966-0400][gc,heap     ] GC(1) Survivor regions: 7->1(7)
[2024-05-28T14:58:19.966-0400][gc,heap     ] GC(1) Old regions: 3->10
[2024-05-28T14:58:19.966-0400][gc,heap     ] GC(1) Humongous regions: 0->0
[2024-05-28T14:58:19.966-0400][gc,metaspace] GC(1) Metaspace: 21261K(21504K)->21261K(21504K) NonClass: 18806K(18944K)->18806K(18944K) Class: 2454K(2560K)->2454K(2560K)
[2024-05-28T14:58:19.967-0400][gc          ] GC(1) Pause Young (Concurrent Start) (Metadata GC Threshold) 20M->9M(1024M) 14,313ms
[2024-05-28T14:58:19.967-0400][gc,cpu      ] GC(1) User=0,03s Sys=0,02s Real=0,02s
[2024-05-28T14:58:19.967-0400][gc          ] GC(2) Concurrent Mark Cycle
[2024-05-28T14:58:19.968-0400][gc,marking  ] GC(2) Concurrent Scan Root Regions
[2024-05-28T14:58:19.971-0400][gc,marking  ] GC(2) Concurrent Scan Root Regions 3,503ms
[2024-05-28T14:58:19.971-0400][gc,marking  ] GC(2) Concurrent Mark
[2024-05-28T14:58:19.971-0400][gc,marking  ] GC(2) Concurrent Mark From Roots
[2024-05-28T14:58:19.971-0400][gc,task     ] GC(2) Using 2 workers of 2 for marking
[2024-05-28T14:58:19.973-0400][gc,marking  ] GC(2) Concurrent Mark From Roots 1,699ms
[2024-05-28T14:58:19.973-0400][gc,marking  ] GC(2) Concurrent Preclean
[2024-05-28T14:58:19.973-0400][gc,marking  ] GC(2) Concurrent Preclean 0,013ms
[2024-05-28T14:58:19.973-0400][gc,start    ] GC(2) Pause Remark
[2024-05-28T14:58:19.976-0400][gc          ] GC(2) Pause Remark 10M->10M(1024M) 2,824ms
[2024-05-28T14:58:19.976-0400][gc,cpu      ] GC(2) User=0,00s Sys=0,00s Real=0,00s
[2024-05-28T14:58:19.976-0400][gc,marking  ] GC(2) Concurrent Mark 5,077ms
[2024-05-28T14:58:19.976-0400][gc,marking  ] GC(2) Concurrent Rebuild Remembered Sets and Scrub Regions
[2024-05-28T14:58:19.979-0400][gc,marking  ] GC(2) Concurrent Rebuild Remembered Sets and Scrub Regions 2,444ms
[2024-05-28T14:58:19.979-0400][gc,start    ] GC(2) Pause Cleanup
[2024-05-28T14:58:19.980-0400][gc          ] GC(2) Pause Cleanup 10M->10M(1024M) 0,905ms
[2024-05-28T14:58:19.980-0400][gc,cpu      ] GC(2) User=0,00s Sys=0,00s Real=0,01s
[2024-05-28T14:58:19.980-0400][gc,marking  ] GC(2) Concurrent Clear Claimed Marks
[2024-05-28T14:58:19.980-0400][gc,marking  ] GC(2) Concurrent Clear Claimed Marks 0,022ms
[2024-05-28T14:58:19.980-0400][gc,marking  ] GC(2) Concurrent Cleanup for Next Mark
[2024-05-28T14:58:20.005-0400][gc,marking  ] GC(2) Concurrent Cleanup for Next Mark 25,051ms
[2024-05-28T14:58:20.005-0400][gc          ] GC(2) Concurrent Mark Cycle 37,514ms
[2024-05-28T14:58:21.173-0400][gc,start    ] GC(3) Pause Young (Prepare Mixed) (G1 Evacuation Pause)
[2024-05-28T14:58:21.173-0400][gc,task     ] GC(3) Using 6 workers of 6 for evacuation
[2024-05-28T14:58:21.192-0400][gc,phases   ] GC(3)   Pre Evacuate Collection Set: 0,7ms
[2024-05-28T14:58:21.192-0400][gc,phases   ] GC(3)   Merge Heap Roots: 0,1ms
[2024-05-28T14:58:21.192-0400][gc,phases   ] GC(3)   Evacuate Collection Set: 16,0ms
[2024-05-28T14:58:21.192-0400][gc,phases   ] GC(3)   Post Evacuate Collection Set: 2,1ms
[2024-05-28T14:58:21.192-0400][gc,phases   ] GC(3)   Other: 0,1ms
[2024-05-28T14:58:21.192-0400][gc,heap     ] GC(3) Eden regions: 50->0(44)
[2024-05-28T14:58:21.192-0400][gc,heap     ] GC(3) Survivor regions: 1->7(7)
[2024-05-28T14:58:21.192-0400][gc,heap     ] GC(3) Old regions: 10->10
[2024-05-28T14:58:21.192-0400][gc,heap     ] GC(3) Humongous regions: 129->129
[2024-05-28T14:58:21.192-0400][gc,metaspace] GC(3) Metaspace: 32980K(33280K)->32980K(33280K) NonClass: 29468K(29632K)->29468K(29632K) Class: 3512K(3648K)->3512K(3648K)
[2024-05-28T14:58:21.192-0400][gc          ] GC(3) Pause Young (Prepare Mixed) (G1 Evacuation Pause) 188M->143M(1024M) 19,243ms
[2024-05-28T14:58:21.192-0400][gc,cpu      ] GC(3) User=0,02s Sys=0,02s Real=0,02s
[2024-05-28T15:02:23.353-0400][gc,start    ] GC(4) Pause Young (Mixed) (Metadata GC Threshold)
[2024-05-28T15:02:23.354-0400][gc,task     ] GC(4) Using 6 workers of 6 for evacuation
[2024-05-28T15:02:23.375-0400][gc,mmu      ] GC(4) MMU target violated: 21,0ms (20,0ms/21,0ms)
[2024-05-28T15:02:23.376-0400][gc,phases   ] GC(4)   Pre Evacuate Collection Set: 1,4ms
[2024-05-28T15:02:23.376-0400][gc,phases   ] GC(4)   Merge Heap Roots: 0,1ms
[2024-05-28T15:02:23.376-0400][gc,phases   ] GC(4)   Evacuate Collection Set: 17,1ms
[2024-05-28T15:02:23.376-0400][gc,phases   ] GC(4)   Post Evacuate Collection Set: 3,1ms
[2024-05-28T15:02:23.376-0400][gc,phases   ] GC(4)   Other: 0,1ms
[2024-05-28T15:02:23.376-0400][gc,heap     ] GC(4) Eden regions: 14->0(50)
[2024-05-28T15:02:23.376-0400][gc,heap     ] GC(4) Survivor regions: 7->1(7)
[2024-05-28T15:02:23.376-0400][gc,heap     ] GC(4) Old regions: 10->15
[2024-05-28T15:02:23.376-0400][gc,heap     ] GC(4) Humongous regions: 129->129
[2024-05-28T15:02:23.376-0400][gc,metaspace] GC(4) Metaspace: 35656K(35968K)->35656K(35968K) NonClass: 31774K(31936K)->31774K(31936K) Class: 3881K(4032K)->3881K(4032K)
[2024-05-28T15:02:23.376-0400][gc          ] GC(4) Pause Young (Mixed) (Metadata GC Threshold) 157M->144M(1024M) 22,677ms
[2024-05-28T15:02:23.376-0400][gc,cpu      ] GC(4) User=0,02s Sys=0,02s Real=0,02s
[2024-05-28T15:02:23.416-0400][gc,start    ] GC(5) Pause Young (Concurrent Start) (Metadata GC Threshold)
[2024-05-28T15:02:23.416-0400][gc,task     ] GC(5) Using 6 workers of 6 for evacuation
[2024-05-28T15:02:23.421-0400][gc,phases   ] GC(5)   Pre Evacuate Collection Set: 0,4ms
[2024-05-28T15:02:23.421-0400][gc,phases   ] GC(5)   Merge Heap Roots: 0,2ms
[2024-05-28T15:02:23.421-0400][gc,phases   ] GC(5)   Evacuate Collection Set: 2,9ms
[2024-05-28T15:02:23.421-0400][gc,phases   ] GC(5)   Post Evacuate Collection Set: 1,0ms
[2024-05-28T15:02:23.421-0400][gc,phases   ] GC(5)   Other: 0,1ms
[2024-05-28T15:02:23.421-0400][gc,heap     ] GC(5) Eden regions: 2->0(50)
[2024-05-28T15:02:23.421-0400][gc,heap     ] GC(5) Survivor regions: 1->1(7)
[2024-05-28T15:02:23.421-0400][gc,heap     ] GC(5) Old regions: 15->15
[2024-05-28T15:02:23.421-0400][gc,heap     ] GC(5) Humongous regions: 129->129
[2024-05-28T15:02:23.421-0400][gc,metaspace] GC(5) Metaspace: 35964K(36288K)->35964K(36288K) NonClass: 32045K(32256K)->32045K(32256K) Class: 3919K(4032K)->3919K(4032K)
[2024-05-28T15:02:23.421-0400][gc          ] GC(5) Pause Young (Concurrent Start) (Metadata GC Threshold) 146M->144M(1024M) 4,698ms
[2024-05-28T15:02:23.421-0400][gc,cpu      ] GC(5) User=0,01s Sys=0,01s Real=0,00s
[2024-05-28T15:02:23.421-0400][gc          ] GC(6) Concurrent Mark Cycle
[2024-05-28T15:02:23.421-0400][gc,marking  ] GC(6) Concurrent Scan Root Regions
[2024-05-28T15:02:23.422-0400][gc,marking  ] GC(6) Concurrent Scan Root Regions 1,010ms
[2024-05-28T15:02:23.422-0400][gc,marking  ] GC(6) Concurrent Mark
[2024-05-28T15:02:23.422-0400][gc,marking  ] GC(6) Concurrent Mark From Roots
[2024-05-28T15:02:23.422-0400][gc,task     ] GC(6) Using 2 workers of 2 for marking
[2024-05-28T15:02:23.431-0400][gc,marking  ] GC(6) Concurrent Mark From Roots 9,155ms
[2024-05-28T15:02:23.432-0400][gc,marking  ] GC(6) Concurrent Preclean
[2024-05-28T15:02:23.432-0400][gc,marking  ] GC(6) Concurrent Preclean 0,060ms
[2024-05-28T15:02:23.435-0400][gc,start    ] GC(6) Pause Remark
[2024-05-28T15:02:23.441-0400][gc          ] GC(6) Pause Remark 144M->144M(1024M) 6,490ms
[2024-05-28T15:02:23.441-0400][gc,cpu      ] GC(6) User=0,01s Sys=0,00s Real=0,01s
[2024-05-28T15:02:23.443-0400][gc,marking  ] GC(6) Concurrent Mark 20,540ms
[2024-05-28T15:02:23.443-0400][gc,marking  ] GC(6) Concurrent Rebuild Remembered Sets and Scrub Regions
[2024-05-28T15:02:23.452-0400][gc,marking  ] GC(6) Concurrent Rebuild Remembered Sets and Scrub Regions 8,819ms
[2024-05-28T15:02:23.453-0400][gc,start    ] GC(6) Pause Cleanup
[2024-05-28T15:02:23.454-0400][gc          ] GC(6) Pause Cleanup 144M->144M(1024M) 1,550ms
[2024-05-28T15:02:23.454-0400][gc,cpu      ] GC(6) User=0,00s Sys=0,00s Real=0,00s
[2024-05-28T15:02:23.455-0400][gc,marking  ] GC(6) Concurrent Clear Claimed Marks
[2024-05-28T15:02:23.455-0400][gc,marking  ] GC(6) Concurrent Clear Claimed Marks 0,085ms
[2024-05-28T15:02:23.455-0400][gc,marking  ] GC(6) Concurrent Cleanup for Next Mark
[2024-05-28T15:02:23.461-0400][gc,marking  ] GC(6) Concurrent Cleanup for Next Mark 4,466ms
[2024-05-28T15:02:23.461-0400][gc          ] GC(6) Concurrent Mark Cycle 39,321ms
[2024-05-28T16:13:58.582-0400][gc,start    ] GC(7) Pause Young (Normal) (G1 Evacuation Pause)
[2024-05-28T16:13:58.582-0400][gc,task     ] GC(7) Using 6 workers of 6 for evacuation
[2024-05-28T16:13:58.592-0400][gc,phases   ] GC(7)   Pre Evacuate Collection Set: 3,4ms
[2024-05-28T16:13:58.592-0400][gc,phases   ] GC(7)   Merge Heap Roots: 0,3ms
[2024-05-28T16:13:58.592-0400][gc,phases   ] GC(7)   Evacuate Collection Set: 4,7ms
[2024-05-28T16:13:58.592-0400][gc,phases   ] GC(7)   Post Evacuate Collection Set: 1,5ms
[2024-05-28T16:13:58.592-0400][gc,phases   ] GC(7)   Other: 0,1ms
[2024-05-28T16:13:58.592-0400][gc,heap     ] GC(7) Eden regions: 50->0(49)
[2024-05-28T16:13:58.592-0400][gc,heap     ] GC(7) Survivor regions: 1->2(7)
[2024-05-28T16:13:58.592-0400][gc,heap     ] GC(7) Old regions: 15->15
[2024-05-28T16:13:58.592-0400][gc,heap     ] GC(7) Humongous regions: 129->129
[2024-05-28T16:13:58.592-0400][gc,metaspace] GC(7) Metaspace: 37572K(38016K)->37572K(38016K) NonClass: 33454K(33664K)->33454K(33664K) Class: 4118K(4352K)->4118K(4352K)
[2024-05-28T16:13:58.592-0400][gc          ] GC(7) Pause Young (Normal) (G1 Evacuation Pause) 194M->144M(1024M) 10,313ms
[2024-05-28T16:13:58.592-0400][gc,cpu      ] GC(7) User=0,02s Sys=0,01s Real=0,01s
[2024-05-28T17:33:43.583-0400][gc,start    ] GC(8) Pause Young (Normal) (G1 Evacuation Pause)
[2024-05-28T17:33:43.591-0400][gc,task     ] GC(8) Using 6 workers of 6 for evacuation
[2024-05-28T17:33:43.793-0400][gc,mmu      ] GC(8) MMU target violated: 21,0ms (20,0ms/21,0ms)
[2024-05-28T17:33:43.793-0400][gc,phases   ] GC(8)   Pre Evacuate Collection Set: 22,8ms
[2024-05-28T17:33:43.793-0400][gc,phases   ] GC(8)   Merge Heap Roots: 6,4ms
[2024-05-28T17:33:43.793-0400][gc,phases   ] GC(8)   Evacuate Collection Set: 141,2ms
[2024-05-28T17:33:43.793-0400][gc,phases   ] GC(8)   Post Evacuate Collection Set: 19,3ms
[2024-05-28T17:33:43.793-0400][gc,phases   ] GC(8)   Other: 16,8ms
[2024-05-28T17:33:43.793-0400][gc,heap     ] GC(8) Eden regions: 49->0(49)
[2024-05-28T17:33:43.794-0400][gc,heap     ] GC(8) Survivor regions: 2->2(7)
[2024-05-28T17:33:43.794-0400][gc,heap     ] GC(8) Old regions: 15->15
[2024-05-28T17:33:43.794-0400][gc,heap     ] GC(8) Humongous regions: 129->129
[2024-05-28T17:33:43.794-0400][gc,metaspace] GC(8) Metaspace: 37696K(38208K)->37696K(38208K) NonClass: 33578K(33856K)->33578K(33856K) Class: 4118K(4352K)->4118K(4352K)
[2024-05-28T17:33:43.794-0400][gc          ] GC(8) Pause Young (Normal) (G1 Evacuation Pause) 193M->144M(1024M) 211,363ms
[2024-05-28T17:33:43.795-0400][gc,cpu      ] GC(8) User=0,72s Sys=0,00s Real=0,21s
[2024-05-28T18:08:05.778-0400][gc,heap,exit] Heap
[2024-05-28T18:08:05.784-0400][gc,heap,exit]  garbage-first heap   total 1048576K, used 178851K [0x00000000c0000000, 0x0000000100000000)
[2024-05-28T18:08:05.784-0400][gc,heap,exit]   region size 1024K, 32 young (32768K), 2 survivors (2048K)
[2024-05-28T18:08:05.784-0400][gc,heap,exit]  Metaspace       used 38415K, committed 38912K, reserved 1114112K
[2024-05-28T18:08:05.784-0400][gc,heap,exit]   class space    used 4266K, committed 4480K, reserved 1048576K
