[2024-05-28T14:57:33.358-0400][gc,init] CardTable entry size: 512
[2024-05-28T14:57:33.359-0400][gc     ] Using G1
[2024-05-28T14:57:33.381-0400][gc,init] Version: 21.0.3+9-Ubuntu-1ubuntu1 (release)
[2024-05-28T14:57:33.381-0400][gc,init] CPUs: 6 total, 6 available
[2024-05-28T14:57:33.381-0400][gc,init] Memory: 7940M
[2024-05-28T14:57:33.381-0400][gc,init] Large Page Support: Disabled
[2024-05-28T14:57:33.381-0400][gc,init] NUMA Support: Disabled
[2024-05-28T14:57:33.381-0400][gc,init] Compressed Oops: Enabled (32-bit)
[2024-05-28T14:57:33.381-0400][gc,init] Heap Region Size: 1M
[2024-05-28T14:57:33.381-0400][gc,init] Heap Min Capacity: 1G
[2024-05-28T14:57:33.381-0400][gc,init] Heap Initial Capacity: 1G
[2024-05-28T14:57:33.381-0400][gc,init] Heap Max Capacity: 1G
[2024-05-28T14:57:33.381-0400][gc,init] Pre-touch: Disabled
[2024-05-28T14:57:33.381-0400][gc,init] Parallel Workers: 6
[2024-05-28T14:57:33.381-0400][gc,init] Concurrent Workers: 2
[2024-05-28T14:57:33.381-0400][gc,init] Concurrent Refinement Workers: 6
[2024-05-28T14:57:33.381-0400][gc,init] Periodic GC: Disabled
[2024-05-28T14:57:33.396-0400][gc,metaspace] CDS archive(s) mapped at: [0x000077ff8f000000-0x000077ff8fcaa000-0x000077ff8fcaa000), size 13279232, SharedBaseAddress: 0x000077ff8f000000, ArchiveRelocationMode: 1.
[2024-05-28T14:57:33.396-0400][gc,metaspace] Compressed class space mapped at: 0x000077ff90000000-0x000077ffd0000000, reserved size: 1073741824
[2024-05-28T14:57:33.396-0400][gc,metaspace] Narrow klass base: 0x000077ff8f000000, Narrow klass shift: 0, Narrow klass range: 0x100000000
[2024-05-28T14:57:35.280-0400][gc,start    ] GC(0) Pause Young (Normal) (G1 Evacuation Pause)
[2024-05-28T14:57:35.282-0400][gc,task     ] GC(0) Using 6 workers of 6 for evacuation
[2024-05-28T14:57:35.299-0400][gc,phases   ] GC(0)   Pre Evacuate Collection Set: 0,7ms
[2024-05-28T14:57:35.299-0400][gc,phases   ] GC(0)   Merge Heap Roots: 0,2ms
[2024-05-28T14:57:35.299-0400][gc,phases   ] GC(0)   Evacuate Collection Set: 7,9ms
[2024-05-28T14:57:35.299-0400][gc,phases   ] GC(0)   Post Evacuate Collection Set: 8,1ms
[2024-05-28T14:57:35.299-0400][gc,phases   ] GC(0)   Other: 1,9ms
[2024-05-28T14:57:35.299-0400][gc,heap     ] GC(0) Eden regions: 51->0(44)
[2024-05-28T14:57:35.299-0400][gc,heap     ] GC(0) Survivor regions: 0->7(7)
[2024-05-28T14:57:35.299-0400][gc,heap     ] GC(0) Old regions: 2->3
[2024-05-28T14:57:35.299-0400][gc,heap     ] GC(0) Humongous regions: 0->0
[2024-05-28T14:57:35.299-0400][gc,metaspace] GC(0) Metaspace: 18731K(19008K)->18731K(19008K) NonClass: 16611K(16768K)->16611K(16768K) Class: 2119K(2240K)->2119K(2240K)
[2024-05-28T14:57:35.299-0400][gc          ] GC(0) Pause Young (Normal) (G1 Evacuation Pause) 52M->8M(1024M) 19,055ms
[2024-05-28T14:57:35.299-0400][gc,cpu      ] GC(0) User=0,03s Sys=0,02s Real=0,01s
[2024-05-28T14:57:35.594-0400][gc,start    ] GC(1) Pause Young (Concurrent Start) (Metadata GC Threshold)
[2024-05-28T14:57:35.594-0400][gc,task     ] GC(1) Using 6 workers of 6 for evacuation
[2024-05-28T14:57:35.616-0400][gc,mmu      ] GC(1) MMU target violated: 21,0ms (20,0ms/21,0ms)
[2024-05-28T14:57:35.616-0400][gc,phases   ] GC(1)   Pre Evacuate Collection Set: 0,6ms
[2024-05-28T14:57:35.616-0400][gc,phases   ] GC(1)   Merge Heap Roots: 0,1ms
[2024-05-28T14:57:35.616-0400][gc,phases   ] GC(1)   Evacuate Collection Set: 16,5ms
[2024-05-28T14:57:35.616-0400][gc,phases   ] GC(1)   Post Evacuate Collection Set: 4,6ms
[2024-05-28T14:57:35.616-0400][gc,phases   ] GC(1)   Other: 0,4ms
[2024-05-28T14:57:35.616-0400][gc,heap     ] GC(1) Eden regions: 10->0(49)
[2024-05-28T14:57:35.616-0400][gc,heap     ] GC(1) Survivor regions: 7->2(7)
[2024-05-28T14:57:35.616-0400][gc,heap     ] GC(1) Old regions: 3->10
[2024-05-28T14:57:35.616-0400][gc,heap     ] GC(1) Humongous regions: 0->0
[2024-05-28T14:57:35.616-0400][gc,metaspace] GC(1) Metaspace: 21280K(21504K)->21280K(21504K) NonClass: 18819K(18944K)->18819K(18944K) Class: 2460K(2560K)->2460K(2560K)
[2024-05-28T14:57:35.616-0400][gc          ] GC(1) Pause Young (Concurrent Start) (Metadata GC Threshold) 18M->9M(1024M) 22,239ms
[2024-05-28T14:57:35.616-0400][gc,cpu      ] GC(1) User=0,03s Sys=0,05s Real=0,02s
[2024-05-28T14:57:35.617-0400][gc          ] GC(2) Concurrent Mark Cycle
[2024-05-28T14:57:35.617-0400][gc,marking  ] GC(2) Concurrent Scan Root Regions
[2024-05-28T14:57:35.621-0400][gc,marking  ] GC(2) Concurrent Scan Root Regions 4,224ms
[2024-05-28T14:57:35.621-0400][gc,marking  ] GC(2) Concurrent Mark
[2024-05-28T14:57:35.621-0400][gc,marking  ] GC(2) Concurrent Mark From Roots
[2024-05-28T14:57:35.621-0400][gc,task     ] GC(2) Using 2 workers of 2 for marking
[2024-05-28T14:57:35.625-0400][gc,marking  ] GC(2) Concurrent Mark From Roots 3,945ms
[2024-05-28T14:57:35.625-0400][gc,marking  ] GC(2) Concurrent Preclean
[2024-05-28T14:57:35.625-0400][gc,marking  ] GC(2) Concurrent Preclean 0,006ms
[2024-05-28T14:57:35.625-0400][gc,start    ] GC(2) Pause Remark
[2024-05-28T14:57:35.628-0400][gc          ] GC(2) Pause Remark 10M->10M(1024M) 2,729ms
[2024-05-28T14:57:35.628-0400][gc,cpu      ] GC(2) User=0,01s Sys=0,00s Real=0,00s
[2024-05-28T14:57:35.628-0400][gc,marking  ] GC(2) Concurrent Mark 7,081ms
[2024-05-28T14:57:35.628-0400][gc,marking  ] GC(2) Concurrent Rebuild Remembered Sets and Scrub Regions
[2024-05-28T14:57:35.630-0400][gc,marking  ] GC(2) Concurrent Rebuild Remembered Sets and Scrub Regions 1,749ms
[2024-05-28T14:57:35.630-0400][gc,start    ] GC(2) Pause Cleanup
[2024-05-28T14:57:35.635-0400][gc          ] GC(2) Pause Cleanup 10M->10M(1024M) 4,638ms
[2024-05-28T14:57:35.635-0400][gc,cpu      ] GC(2) User=0,00s Sys=0,01s Real=0,00s
[2024-05-28T14:57:35.638-0400][gc,marking  ] GC(2) Concurrent Clear Claimed Marks
[2024-05-28T14:57:35.638-0400][gc,marking  ] GC(2) Concurrent Clear Claimed Marks 0,046ms
[2024-05-28T14:57:35.638-0400][gc,marking  ] GC(2) Concurrent Cleanup for Next Mark
[2024-05-28T14:57:35.666-0400][gc,marking  ] GC(2) Concurrent Cleanup for Next Mark 27,898ms
[2024-05-28T14:57:35.666-0400][gc          ] GC(2) Concurrent Mark Cycle 49,848ms
[2024-05-28T14:57:37.118-0400][gc,start    ] GC(3) Pause Young (Prepare Mixed) (G1 Evacuation Pause)
[2024-05-28T14:57:37.118-0400][gc,task     ] GC(3) Using 6 workers of 6 for evacuation
[2024-05-28T14:57:37.127-0400][gc,phases   ] GC(3)   Pre Evacuate Collection Set: 0,5ms
[2024-05-28T14:57:37.127-0400][gc,phases   ] GC(3)   Merge Heap Roots: 0,4ms
[2024-05-28T14:57:37.127-0400][gc,phases   ] GC(3)   Evacuate Collection Set: 5,2ms
[2024-05-28T14:57:37.127-0400][gc,phases   ] GC(3)   Post Evacuate Collection Set: 2,6ms
[2024-05-28T14:57:37.127-0400][gc,phases   ] GC(3)   Other: 0,0ms
[2024-05-28T14:57:37.127-0400][gc,heap     ] GC(3) Eden regions: 49->0(44)
[2024-05-28T14:57:37.127-0400][gc,heap     ] GC(3) Survivor regions: 2->7(7)
[2024-05-28T14:57:37.127-0400][gc,heap     ] GC(3) Old regions: 10->10
[2024-05-28T14:57:37.127-0400][gc,heap     ] GC(3) Humongous regions: 129->129
[2024-05-28T14:57:37.127-0400][gc,metaspace] GC(3) Metaspace: 33120K(33472K)->33120K(33472K) NonClass: 29565K(29760K)->29565K(29760K) Class: 3555K(3712K)->3555K(3712K)
[2024-05-28T14:57:37.127-0400][gc          ] GC(3) Pause Young (Prepare Mixed) (G1 Evacuation Pause) 187M->143M(1024M) 8,910ms
[2024-05-28T14:57:37.127-0400][gc,cpu      ] GC(3) User=0,02s Sys=0,01s Real=0,01s
[2024-05-28T14:58:05.649-0400][gc,start    ] GC(4) Pause Young (Mixed) (Metadata GC Threshold)
[2024-05-28T14:58:05.649-0400][gc,task     ] GC(4) Using 6 workers of 6 for evacuation
[2024-05-28T14:58:05.659-0400][gc,phases   ] GC(4)   Pre Evacuate Collection Set: 0,6ms
[2024-05-28T14:58:05.659-0400][gc,phases   ] GC(4)   Merge Heap Roots: 0,2ms
[2024-05-28T14:58:05.659-0400][gc,phases   ] GC(4)   Evacuate Collection Set: 6,8ms
[2024-05-28T14:58:05.659-0400][gc,phases   ] GC(4)   Post Evacuate Collection Set: 1,6ms
[2024-05-28T14:58:05.659-0400][gc,phases   ] GC(4)   Other: 0,0ms
[2024-05-28T14:58:05.659-0400][gc,heap     ] GC(4) Eden regions: 13->0(49)
[2024-05-28T14:58:05.659-0400][gc,heap     ] GC(4) Survivor regions: 7->2(7)
[2024-05-28T14:58:05.659-0400][gc,heap     ] GC(4) Old regions: 10->15
[2024-05-28T14:58:05.659-0400][gc,heap     ] GC(4) Humongous regions: 129->129
[2024-05-28T14:58:05.659-0400][gc,metaspace] GC(4) Metaspace: 35654K(35968K)->35654K(35968K) NonClass: 31717K(31872K)->31717K(31872K) Class: 3937K(4096K)->3937K(4096K)
[2024-05-28T14:58:05.659-0400][gc          ] GC(4) Pause Young (Mixed) (Metadata GC Threshold) 156M->144M(1024M) 9,321ms
[2024-05-28T14:58:05.659-0400][gc,cpu      ] GC(4) User=0,02s Sys=0,02s Real=0,01s
[2024-05-28T14:58:47.830-0400][gc,start    ] GC(5) Pause Young (Concurrent Start) (Metadata GC Threshold)
[2024-05-28T14:58:47.830-0400][gc,task     ] GC(5) Using 6 workers of 6 for evacuation
[2024-05-28T14:58:47.836-0400][gc,phases   ] GC(5)   Pre Evacuate Collection Set: 0,5ms
[2024-05-28T14:58:47.836-0400][gc,phases   ] GC(5)   Merge Heap Roots: 0,1ms
[2024-05-28T14:58:47.836-0400][gc,phases   ] GC(5)   Evacuate Collection Set: 4,2ms
[2024-05-28T14:58:47.836-0400][gc,phases   ] GC(5)   Post Evacuate Collection Set: 0,6ms
[2024-05-28T14:58:47.836-0400][gc,phases   ] GC(5)   Other: 0,1ms
[2024-05-28T14:58:47.836-0400][gc,heap     ] GC(5) Eden regions: 6->0(50)
[2024-05-28T14:58:47.836-0400][gc,heap     ] GC(5) Survivor regions: 2->1(7)
[2024-05-28T14:58:47.836-0400][gc,heap     ] GC(5) Old regions: 15->15
[2024-05-28T14:58:47.836-0400][gc,heap     ] GC(5) Humongous regions: 129->129
[2024-05-28T14:58:47.836-0400][gc,metaspace] GC(5) Metaspace: 36024K(36288K)->36024K(36288K) NonClass: 32032K(32192K)->32032K(32192K) Class: 3991K(4096K)->3991K(4096K)
[2024-05-28T14:58:47.836-0400][gc          ] GC(5) Pause Young (Concurrent Start) (Metadata GC Threshold) 150M->144M(1024M) 5,616ms
[2024-05-28T14:58:47.836-0400][gc,cpu      ] GC(5) User=0,00s Sys=0,00s Real=0,00s
[2024-05-28T14:58:47.836-0400][gc          ] GC(6) Concurrent Mark Cycle
[2024-05-28T14:58:47.836-0400][gc,marking  ] GC(6) Concurrent Scan Root Regions
[2024-05-28T14:58:47.837-0400][gc,marking  ] GC(6) Concurrent Scan Root Regions 1,518ms
[2024-05-28T14:58:47.837-0400][gc,marking  ] GC(6) Concurrent Mark
[2024-05-28T14:58:47.837-0400][gc,marking  ] GC(6) Concurrent Mark From Roots
[2024-05-28T14:58:47.837-0400][gc,task     ] GC(6) Using 2 workers of 2 for marking
[2024-05-28T14:58:47.851-0400][gc,marking  ] GC(6) Concurrent Mark From Roots 13,856ms
[2024-05-28T14:58:47.851-0400][gc,marking  ] GC(6) Concurrent Preclean
[2024-05-28T14:58:47.851-0400][gc,marking  ] GC(6) Concurrent Preclean 0,058ms
[2024-05-28T14:58:47.863-0400][gc,start    ] GC(6) Pause Remark
[2024-05-28T14:58:47.873-0400][gc          ] GC(6) Pause Remark 144M->144M(1024M) 10,143ms
[2024-05-28T14:58:47.873-0400][gc,cpu      ] GC(6) User=0,01s Sys=0,01s Real=0,03s
[2024-05-28T14:58:47.874-0400][gc,marking  ] GC(6) Concurrent Mark 36,163ms
[2024-05-28T14:58:47.874-0400][gc,marking  ] GC(6) Concurrent Rebuild Remembered Sets and Scrub Regions
[2024-05-28T14:58:47.878-0400][gc,marking  ] GC(6) Concurrent Rebuild Remembered Sets and Scrub Regions 4,083ms
[2024-05-28T14:58:47.878-0400][gc,start    ] GC(6) Pause Cleanup
[2024-05-28T14:58:47.878-0400][gc          ] GC(6) Pause Cleanup 144M->144M(1024M) 0,318ms
[2024-05-28T14:58:47.878-0400][gc,cpu      ] GC(6) User=0,00s Sys=0,00s Real=0,00s
[2024-05-28T14:58:47.879-0400][gc,marking  ] GC(6) Concurrent Clear Claimed Marks
[2024-05-28T14:58:47.879-0400][gc,marking  ] GC(6) Concurrent Clear Claimed Marks 0,045ms
[2024-05-28T14:58:47.879-0400][gc,marking  ] GC(6) Concurrent Cleanup for Next Mark
[2024-05-28T14:58:47.882-0400][gc,marking  ] GC(6) Concurrent Cleanup for Next Mark 3,678ms
[2024-05-28T14:58:47.883-0400][gc          ] GC(6) Concurrent Mark Cycle 47,458ms
[2024-05-28T15:55:18.503-0400][gc,start    ] GC(7) Pause Young (Prepare Mixed) (G1 Evacuation Pause)
[2024-05-28T15:55:18.503-0400][gc,task     ] GC(7) Using 6 workers of 6 for evacuation
[2024-05-28T15:55:18.517-0400][gc,phases   ] GC(7)   Pre Evacuate Collection Set: 0,9ms
[2024-05-28T15:55:18.517-0400][gc,phases   ] GC(7)   Merge Heap Roots: 0,5ms
[2024-05-28T15:55:18.517-0400][gc,phases   ] GC(7)   Evacuate Collection Set: 9,9ms
[2024-05-28T15:55:18.517-0400][gc,phases   ] GC(7)   Post Evacuate Collection Set: 1,7ms
[2024-05-28T15:55:18.517-0400][gc,phases   ] GC(7)   Other: 0,1ms
[2024-05-28T15:55:18.517-0400][gc,heap     ] GC(7) Eden regions: 50->0(49)
[2024-05-28T15:55:18.517-0400][gc,heap     ] GC(7) Survivor regions: 1->2(7)
[2024-05-28T15:55:18.517-0400][gc,heap     ] GC(7) Old regions: 15->15
[2024-05-28T15:55:18.517-0400][gc,heap     ] GC(7) Humongous regions: 129->129
[2024-05-28T15:55:18.517-0400][gc,metaspace] GC(7) Metaspace: 39408K(40000K)->39408K(40000K) NonClass: 34865K(35200K)->34865K(35200K) Class: 4543K(4800K)->4543K(4800K)
[2024-05-28T15:55:18.517-0400][gc          ] GC(7) Pause Young (Prepare Mixed) (G1 Evacuation Pause) 194M->145M(1024M) 13,446ms
[2024-05-28T15:55:18.517-0400][gc,cpu      ] GC(7) User=0,01s Sys=0,02s Real=0,01s
[2024-05-28T17:13:28.504-0400][gc,start    ] GC(8) Pause Young (Mixed) (G1 Evacuation Pause)
[2024-05-28T17:13:28.505-0400][gc,task     ] GC(8) Using 6 workers of 6 for evacuation
[2024-05-28T17:13:28.523-0400][gc,phases   ] GC(8)   Pre Evacuate Collection Set: 2,4ms
[2024-05-28T17:13:28.523-0400][gc,phases   ] GC(8)   Merge Heap Roots: 2,6ms
[2024-05-28T17:13:28.523-0400][gc,phases   ] GC(8)   Evacuate Collection Set: 11,2ms
[2024-05-28T17:13:28.523-0400][gc,phases   ] GC(8)   Post Evacuate Collection Set: 1,8ms
[2024-05-28T17:13:28.523-0400][gc,phases   ] GC(8)   Other: 0,4ms
[2024-05-28T17:13:28.523-0400][gc,heap     ] GC(8) Eden regions: 49->0(49)
[2024-05-28T17:13:28.523-0400][gc,heap     ] GC(8) Survivor regions: 2->2(7)
[2024-05-28T17:13:28.523-0400][gc,heap     ] GC(8) Old regions: 15->15
[2024-05-28T17:13:28.523-0400][gc,heap     ] GC(8) Humongous regions: 129->129
[2024-05-28T17:13:28.523-0400][gc,metaspace] GC(8) Metaspace: 39645K(40192K)->39645K(40192K) NonClass: 35099K(35392K)->35099K(35392K) Class: 4546K(4800K)->4546K(4800K)
[2024-05-28T17:13:28.523-0400][gc          ] GC(8) Pause Young (Mixed) (G1 Evacuation Pause) 194M->145M(1024M) 18,454ms
[2024-05-28T17:13:28.523-0400][gc,cpu      ] GC(8) User=0,06s Sys=0,00s Real=0,02s
[2024-05-28T18:08:09.433-0400][gc,heap,exit] Heap
[2024-05-28T18:08:09.433-0400][gc,heap,exit]  garbage-first heap   total 1048576K, used 194853K [0x00000000c0000000, 0x0000000100000000)
[2024-05-28T18:08:09.433-0400][gc,heap,exit]   region size 1024K, 47 young (48128K), 2 survivors (2048K)
[2024-05-28T18:08:09.433-0400][gc,heap,exit]  Metaspace       used 40641K, committed 41152K, reserved 1114112K
[2024-05-28T18:08:09.433-0400][gc,heap,exit]   class space    used 4778K, committed 4992K, reserved 1048576K
