[2024-05-30T11:12:40.791-0400][gc,init] CardTable entry size: 512
[2024-05-30T11:12:40.791-0400][gc     ] Using G1
[2024-05-30T11:12:40.808-0400][gc,init] Version: 21.0.3+9-Ubuntu-1ubuntu1 (release)
[2024-05-30T11:12:40.808-0400][gc,init] CPUs: 6 total, 6 available
[2024-05-30T11:12:40.808-0400][gc,init] Memory: 7940M
[2024-05-30T11:12:40.808-0400][gc,init] Large Page Support: Disabled
[2024-05-30T11:12:40.808-0400][gc,init] NUMA Support: Disabled
[2024-05-30T11:12:40.808-0400][gc,init] Compressed Oops: Enabled (32-bit)
[2024-05-30T11:12:40.808-0400][gc,init] Heap Region Size: 1M
[2024-05-30T11:12:40.808-0400][gc,init] Heap Min Capacity: 1G
[2024-05-30T11:12:40.808-0400][gc,init] Heap Initial Capacity: 1G
[2024-05-30T11:12:40.808-0400][gc,init] Heap Max Capacity: 1G
[2024-05-30T11:12:40.808-0400][gc,init] Pre-touch: Disabled
[2024-05-30T11:12:40.808-0400][gc,init] Parallel Workers: 6
[2024-05-30T11:12:40.808-0400][gc,init] Concurrent Workers: 2
[2024-05-30T11:12:40.808-0400][gc,init] Concurrent Refinement Workers: 6
[2024-05-30T11:12:40.808-0400][gc,init] Periodic GC: Disabled
[2024-05-30T11:12:40.821-0400][gc,metaspace] CDS archive(s) mapped at: [0x00007c5ab3000000-0x00007c5ab3caa000-0x00007c5ab3caa000), size 13279232, SharedBaseAddress: 0x00007c5ab3000000, ArchiveRelocationMode: 1.
[2024-05-30T11:12:40.821-0400][gc,metaspace] Compressed class space mapped at: 0x00007c5ab4000000-0x00007c5af4000000, reserved size: 1073741824
[2024-05-30T11:12:40.821-0400][gc,metaspace] Narrow klass base: 0x00007c5ab3000000, Narrow klass shift: 0, Narrow klass range: 0x100000000
[2024-05-30T11:12:42.601-0400][gc,start    ] GC(0) Pause Young (Normal) (G1 Evacuation Pause)
[2024-05-30T11:12:42.603-0400][gc,task     ] GC(0) Using 6 workers of 6 for evacuation
[2024-05-30T11:12:42.613-0400][gc,phases   ] GC(0)   Pre Evacuate Collection Set: 0,4ms
[2024-05-30T11:12:42.613-0400][gc,phases   ] GC(0)   Merge Heap Roots: 0,2ms
[2024-05-30T11:12:42.613-0400][gc,phases   ] GC(0)   Evacuate Collection Set: 7,0ms
[2024-05-30T11:12:42.613-0400][gc,phases   ] GC(0)   Post Evacuate Collection Set: 2,1ms
[2024-05-30T11:12:42.613-0400][gc,phases   ] GC(0)   Other: 2,1ms
[2024-05-30T11:12:42.613-0400][gc,heap     ] GC(0) Eden regions: 51->0(44)
[2024-05-30T11:12:42.613-0400][gc,heap     ] GC(0) Survivor regions: 0->7(7)
[2024-05-30T11:12:42.613-0400][gc,heap     ] GC(0) Old regions: 2->3
[2024-05-30T11:12:42.613-0400][gc,heap     ] GC(0) Humongous regions: 0->0
[2024-05-30T11:12:42.613-0400][gc,metaspace] GC(0) Metaspace: 18706K(18944K)->18706K(18944K) NonClass: 16590K(16704K)->16590K(16704K) Class: 2116K(2240K)->2116K(2240K)
[2024-05-30T11:12:42.613-0400][gc          ] GC(0) Pause Young (Normal) (G1 Evacuation Pause) 52M->8M(1024M) 12,183ms
[2024-05-30T11:12:42.613-0400][gc,cpu      ] GC(0) User=0,02s Sys=0,01s Real=0,01s
[2024-05-30T11:12:42.906-0400][gc,start    ] GC(1) Pause Young (Concurrent Start) (Metadata GC Threshold)
[2024-05-30T11:12:42.906-0400][gc,task     ] GC(1) Using 6 workers of 6 for evacuation
[2024-05-30T11:12:42.914-0400][gc,phases   ] GC(1)   Pre Evacuate Collection Set: 0,5ms
[2024-05-30T11:12:42.914-0400][gc,phases   ] GC(1)   Merge Heap Roots: 0,1ms
[2024-05-30T11:12:42.914-0400][gc,phases   ] GC(1)   Evacuate Collection Set: 5,8ms
[2024-05-30T11:12:42.914-0400][gc,phases   ] GC(1)   Post Evacuate Collection Set: 0,8ms
[2024-05-30T11:12:42.914-0400][gc,phases   ] GC(1)   Other: 0,2ms
[2024-05-30T11:12:42.914-0400][gc,heap     ] GC(1) Eden regions: 10->0(50)
[2024-05-30T11:12:42.914-0400][gc,heap     ] GC(1) Survivor regions: 7->1(7)
[2024-05-30T11:12:42.914-0400][gc,heap     ] GC(1) Old regions: 3->10
[2024-05-30T11:12:42.914-0400][gc,heap     ] GC(1) Humongous regions: 0->0
[2024-05-30T11:12:42.914-0400][gc,metaspace] GC(1) Metaspace: 21255K(21504K)->21255K(21504K) NonClass: 18813K(18944K)->18813K(18944K) Class: 2442K(2560K)->2442K(2560K)
[2024-05-30T11:12:42.914-0400][gc          ] GC(1) Pause Young (Concurrent Start) (Metadata GC Threshold) 18M->9M(1024M) 7,699ms
[2024-05-30T11:12:42.914-0400][gc,cpu      ] GC(1) User=0,01s Sys=0,02s Real=0,00s
[2024-05-30T11:12:42.914-0400][gc          ] GC(2) Concurrent Mark Cycle
[2024-05-30T11:12:42.914-0400][gc,marking  ] GC(2) Concurrent Scan Root Regions
[2024-05-30T11:12:42.916-0400][gc,marking  ] GC(2) Concurrent Scan Root Regions 2,339ms
[2024-05-30T11:12:42.916-0400][gc,marking  ] GC(2) Concurrent Mark
[2024-05-30T11:12:42.916-0400][gc,marking  ] GC(2) Concurrent Mark From Roots
[2024-05-30T11:12:42.916-0400][gc,task     ] GC(2) Using 2 workers of 2 for marking
[2024-05-30T11:12:42.918-0400][gc,marking  ] GC(2) Concurrent Mark From Roots 1,738ms
[2024-05-30T11:12:42.918-0400][gc,marking  ] GC(2) Concurrent Preclean
[2024-05-30T11:12:42.918-0400][gc,marking  ] GC(2) Concurrent Preclean 0,013ms
[2024-05-30T11:12:42.919-0400][gc,start    ] GC(2) Pause Remark
[2024-05-30T11:12:42.922-0400][gc          ] GC(2) Pause Remark 10M->10M(1024M) 3,397ms
[2024-05-30T11:12:42.922-0400][gc,cpu      ] GC(2) User=0,01s Sys=0,00s Real=0,00s
[2024-05-30T11:12:42.923-0400][gc,marking  ] GC(2) Concurrent Mark 6,219ms
[2024-05-30T11:12:42.923-0400][gc,marking  ] GC(2) Concurrent Rebuild Remembered Sets and Scrub Regions
[2024-05-30T11:12:42.924-0400][gc,marking  ] GC(2) Concurrent Rebuild Remembered Sets and Scrub Regions 1,563ms
[2024-05-30T11:12:42.925-0400][gc,start    ] GC(2) Pause Cleanup
[2024-05-30T11:12:42.925-0400][gc          ] GC(2) Pause Cleanup 10M->10M(1024M) 0,498ms
[2024-05-30T11:12:42.925-0400][gc,cpu      ] GC(2) User=0,00s Sys=0,00s Real=0,00s
[2024-05-30T11:12:42.926-0400][gc,marking  ] GC(2) Concurrent Clear Claimed Marks
[2024-05-30T11:12:42.926-0400][gc,marking  ] GC(2) Concurrent Clear Claimed Marks 0,033ms
[2024-05-30T11:12:42.926-0400][gc,marking  ] GC(2) Concurrent Cleanup for Next Mark
[2024-05-30T11:12:42.937-0400][gc,marking  ] GC(2) Concurrent Cleanup for Next Mark 11,481ms
[2024-05-30T11:12:42.937-0400][gc          ] GC(2) Concurrent Mark Cycle 23,281ms
[2024-05-30T11:12:44.762-0400][gc,start    ] GC(3) Pause Young (Prepare Mixed) (G1 Evacuation Pause)
[2024-05-30T11:12:44.762-0400][gc,task     ] GC(3) Using 6 workers of 6 for evacuation
[2024-05-30T11:12:44.769-0400][gc,phases   ] GC(3)   Pre Evacuate Collection Set: 0,5ms
[2024-05-30T11:12:44.770-0400][gc,phases   ] GC(3)   Merge Heap Roots: 0,2ms
[2024-05-30T11:12:44.770-0400][gc,phases   ] GC(3)   Evacuate Collection Set: 5,6ms
[2024-05-30T11:12:44.770-0400][gc,phases   ] GC(3)   Post Evacuate Collection Set: 1,2ms
[2024-05-30T11:12:44.770-0400][gc,phases   ] GC(3)   Other: 0,0ms
[2024-05-30T11:12:44.770-0400][gc,heap     ] GC(3) Eden regions: 50->0(45)
[2024-05-30T11:12:44.770-0400][gc,heap     ] GC(3) Survivor regions: 1->6(7)
[2024-05-30T11:12:44.770-0400][gc,heap     ] GC(3) Old regions: 10->10
[2024-05-30T11:12:44.770-0400][gc,heap     ] GC(3) Humongous regions: 129->129
[2024-05-30T11:12:44.770-0400][gc,metaspace] GC(3) Metaspace: 31641K(31936K)->31641K(31936K) NonClass: 28136K(28288K)->28136K(28288K) Class: 3504K(3648K)->3504K(3648K)
[2024-05-30T11:12:44.770-0400][gc          ] GC(3) Pause Young (Prepare Mixed) (G1 Evacuation Pause) 188M->143M(1024M) 7,729ms
[2024-05-30T11:12:44.770-0400][gc,cpu      ] GC(3) User=0,02s Sys=0,00s Real=0,01s
[2024-05-30T11:12:45.096-0400][gc,start    ] GC(4) Pause Young (Mixed) (Metadata GC Threshold)
[2024-05-30T11:12:45.096-0400][gc,task     ] GC(4) Using 6 workers of 6 for evacuation
[2024-05-30T11:12:45.108-0400][gc,phases   ] GC(4)   Pre Evacuate Collection Set: 0,4ms
[2024-05-30T11:12:45.108-0400][gc,phases   ] GC(4)   Merge Heap Roots: 0,1ms
[2024-05-30T11:12:45.108-0400][gc,phases   ] GC(4)   Evacuate Collection Set: 9,1ms
[2024-05-30T11:12:45.108-0400][gc,phases   ] GC(4)   Post Evacuate Collection Set: 2,8ms
[2024-05-30T11:12:45.108-0400][gc,phases   ] GC(4)   Other: 0,1ms
[2024-05-30T11:12:45.108-0400][gc,heap     ] GC(4) Eden regions: 17->0(49)
[2024-05-30T11:12:45.108-0400][gc,heap     ] GC(4) Survivor regions: 6->2(7)
[2024-05-30T11:12:45.108-0400][gc,heap     ] GC(4) Old regions: 10->15
[2024-05-30T11:12:45.108-0400][gc,heap     ] GC(4) Humongous regions: 129->129
[2024-05-30T11:12:45.108-0400][gc,metaspace] GC(4) Metaspace: 35681K(35968K)->35681K(35968K) NonClass: 31842K(32000K)->31842K(32000K) Class: 3838K(3968K)->3838K(3968K)
[2024-05-30T11:12:45.108-0400][gc          ] GC(4) Pause Young (Mixed) (Metadata GC Threshold) 159M->144M(1024M) 12,580ms
[2024-05-30T11:12:45.108-0400][gc,cpu      ] GC(4) User=0,02s Sys=0,01s Real=0,01s
[2024-05-30T11:12:45.141-0400][gc,start    ] GC(5) Pause Young (Concurrent Start) (Metadata GC Threshold)
[2024-05-30T11:12:45.141-0400][gc,task     ] GC(5) Using 6 workers of 6 for evacuation
[2024-05-30T11:12:45.152-0400][gc,phases   ] GC(5)   Pre Evacuate Collection Set: 0,7ms
[2024-05-30T11:12:45.153-0400][gc,phases   ] GC(5)   Merge Heap Roots: 0,2ms
[2024-05-30T11:12:45.153-0400][gc,phases   ] GC(5)   Evacuate Collection Set: 3,1ms
[2024-05-30T11:12:45.153-0400][gc,phases   ] GC(5)   Post Evacuate Collection Set: 7,3ms
[2024-05-30T11:12:45.153-0400][gc,phases   ] GC(5)   Other: 0,2ms
[2024-05-30T11:12:45.153-0400][gc,heap     ] GC(5) Eden regions: 2->0(49)
[2024-05-30T11:12:45.153-0400][gc,heap     ] GC(5) Survivor regions: 2->2(7)
[2024-05-30T11:12:45.153-0400][gc,heap     ] GC(5) Old regions: 15->15
[2024-05-30T11:12:45.153-0400][gc,heap     ] GC(5) Humongous regions: 129->129
[2024-05-30T11:12:45.153-0400][gc,metaspace] GC(5) Metaspace: 35994K(36288K)->35994K(36288K) NonClass: 32086K(32256K)->32086K(32256K) Class: 3907K(4032K)->3907K(4032K)
[2024-05-30T11:12:45.153-0400][gc          ] GC(5) Pause Young (Concurrent Start) (Metadata GC Threshold) 146M->144M(1024M) 11,685ms
[2024-05-30T11:12:45.153-0400][gc,cpu      ] GC(5) User=0,01s Sys=0,01s Real=0,01s
[2024-05-30T11:12:45.153-0400][gc          ] GC(6) Concurrent Mark Cycle
[2024-05-30T11:12:45.153-0400][gc,marking  ] GC(6) Concurrent Scan Root Regions
[2024-05-30T11:12:45.156-0400][gc,marking  ] GC(6) Concurrent Scan Root Regions 3,252ms
[2024-05-30T11:12:45.156-0400][gc,marking  ] GC(6) Concurrent Mark
[2024-05-30T11:12:45.156-0400][gc,marking  ] GC(6) Concurrent Mark From Roots
[2024-05-30T11:12:45.156-0400][gc,task     ] GC(6) Using 2 workers of 2 for marking
[2024-05-30T11:12:45.165-0400][gc,marking  ] GC(6) Concurrent Mark From Roots 9,072ms
[2024-05-30T11:12:45.165-0400][gc,marking  ] GC(6) Concurrent Preclean
[2024-05-30T11:12:45.165-0400][gc,marking  ] GC(6) Concurrent Preclean 0,039ms
[2024-05-30T11:12:45.165-0400][gc,start    ] GC(6) Pause Remark
[2024-05-30T11:12:45.171-0400][gc          ] GC(6) Pause Remark 146M->146M(1024M) 5,053ms
[2024-05-30T11:12:45.171-0400][gc,cpu      ] GC(6) User=0,00s Sys=0,01s Real=0,00s
[2024-05-30T11:12:45.174-0400][gc,marking  ] GC(6) Concurrent Mark 18,372ms
[2024-05-30T11:12:45.174-0400][gc,marking  ] GC(6) Concurrent Rebuild Remembered Sets and Scrub Regions
[2024-05-30T11:12:45.178-0400][gc,marking  ] GC(6) Concurrent Rebuild Remembered Sets and Scrub Regions 3,334ms
[2024-05-30T11:12:45.181-0400][gc,start    ] GC(6) Pause Cleanup
[2024-05-30T11:12:45.182-0400][gc          ] GC(6) Pause Cleanup 146M->146M(1024M) 0,249ms
[2024-05-30T11:12:45.182-0400][gc,cpu      ] GC(6) User=0,00s Sys=0,00s Real=0,00s
[2024-05-30T11:12:45.182-0400][gc,marking  ] GC(6) Concurrent Clear Claimed Marks
[2024-05-30T11:12:45.182-0400][gc,marking  ] GC(6) Concurrent Clear Claimed Marks 0,039ms
[2024-05-30T11:12:45.182-0400][gc,marking  ] GC(6) Concurrent Cleanup for Next Mark
[2024-05-30T11:12:45.185-0400][gc,marking  ] GC(6) Concurrent Cleanup for Next Mark 2,736ms
[2024-05-30T11:12:45.185-0400][gc          ] GC(6) Concurrent Mark Cycle 32,029ms
[2024-05-30T11:16:22.835-0400][gc,start    ] GC(7) Pause Young (Prepare Mixed) (G1 Evacuation Pause)
[2024-05-30T11:16:22.835-0400][gc,task     ] GC(7) Using 6 workers of 6 for evacuation
[2024-05-30T11:16:22.846-0400][gc,phases   ] GC(7)   Pre Evacuate Collection Set: 0,7ms
[2024-05-30T11:16:22.846-0400][gc,phases   ] GC(7)   Merge Heap Roots: 0,3ms
[2024-05-30T11:16:22.846-0400][gc,phases   ] GC(7)   Evacuate Collection Set: 6,8ms
[2024-05-30T11:16:22.846-0400][gc,phases   ] GC(7)   Post Evacuate Collection Set: 2,4ms
[2024-05-30T11:16:22.846-0400][gc,phases   ] GC(7)   Other: 0,1ms
[2024-05-30T11:16:22.846-0400][gc,heap     ] GC(7) Eden regions: 49->0(45)
[2024-05-30T11:16:22.846-0400][gc,heap     ] GC(7) Survivor regions: 2->6(7)
[2024-05-30T11:16:22.846-0400][gc,heap     ] GC(7) Old regions: 15->15
[2024-05-30T11:16:22.846-0400][gc,heap     ] GC(7) Humongous regions: 129->129
[2024-05-30T11:16:22.846-0400][gc,metaspace] GC(7) Metaspace: 41791K(42432K)->41791K(42432K) NonClass: 37004K(37376K)->37004K(37376K) Class: 4787K(5056K)->4787K(5056K)
[2024-05-30T11:16:22.846-0400][gc          ] GC(7) Pause Young (Prepare Mixed) (G1 Evacuation Pause) 193M->149M(1024M) 10,528ms
[2024-05-30T11:16:22.846-0400][gc,cpu      ] GC(7) User=0,02s Sys=0,01s Real=0,01s
[2024-05-30T11:23:07.344-0400][gc,start    ] GC(8) Pause Young (Mixed) (G1 Evacuation Pause)
[2024-05-30T11:23:07.345-0400][gc,task     ] GC(8) Using 6 workers of 6 for evacuation
[2024-05-30T11:23:07.355-0400][gc,phases   ] GC(8)   Pre Evacuate Collection Set: 0,4ms
[2024-05-30T11:23:07.355-0400][gc,phases   ] GC(8)   Merge Heap Roots: 0,7ms
[2024-05-30T11:23:07.355-0400][gc,phases   ] GC(8)   Evacuate Collection Set: 7,9ms
[2024-05-30T11:23:07.355-0400][gc,phases   ] GC(8)   Post Evacuate Collection Set: 1,0ms
[2024-05-30T11:23:07.355-0400][gc,phases   ] GC(8)   Other: 0,4ms
[2024-05-30T11:23:07.355-0400][gc,heap     ] GC(8) Eden regions: 45->0(48)
[2024-05-30T11:23:07.355-0400][gc,heap     ] GC(8) Survivor regions: 6->3(7)
[2024-05-30T11:23:07.355-0400][gc,heap     ] GC(8) Old regions: 15->18
[2024-05-30T11:23:07.355-0400][gc,heap     ] GC(8) Humongous regions: 129->129
[2024-05-30T11:23:07.355-0400][gc,metaspace] GC(8) Metaspace: 42119K(42816K)->42119K(42816K) NonClass: 37303K(37696K)->37303K(37696K) Class: 4815K(5120K)->4815K(5120K)
[2024-05-30T11:23:07.355-0400][gc          ] GC(8) Pause Young (Mixed) (G1 Evacuation Pause) 194M->148M(1024M) 10,617ms
[2024-05-30T11:23:07.355-0400][gc,cpu      ] GC(8) User=0,01s Sys=0,02s Real=0,02s
[2024-05-30T11:30:38.294-0400][gc,start    ] GC(9) Pause Young (Normal) (G1 Evacuation Pause)
[2024-05-30T11:30:38.294-0400][gc,task     ] GC(9) Using 6 workers of 6 for evacuation
[2024-05-30T11:30:38.309-0400][gc,phases   ] GC(9)   Pre Evacuate Collection Set: 0,7ms
[2024-05-30T11:30:38.309-0400][gc,phases   ] GC(9)   Merge Heap Roots: 0,2ms
[2024-05-30T11:30:38.309-0400][gc,phases   ] GC(9)   Evacuate Collection Set: 11,5ms
[2024-05-30T11:30:38.309-0400][gc,phases   ] GC(9)   Post Evacuate Collection Set: 2,0ms
[2024-05-30T11:30:38.309-0400][gc,phases   ] GC(9)   Other: 0,2ms
[2024-05-30T11:30:38.309-0400][gc,heap     ] GC(9) Eden regions: 48->0(44)
[2024-05-30T11:30:38.309-0400][gc,heap     ] GC(9) Survivor regions: 3->7(7)
[2024-05-30T11:30:38.309-0400][gc,heap     ] GC(9) Old regions: 18->18
[2024-05-30T11:30:38.309-0400][gc,heap     ] GC(9) Humongous regions: 129->129
[2024-05-30T11:30:38.309-0400][gc,metaspace] GC(9) Metaspace: 42581K(43264K)->42581K(43264K) NonClass: 37694K(38080K)->37694K(38080K) Class: 4887K(5184K)->4887K(5184K)
[2024-05-30T11:30:38.309-0400][gc          ] GC(9) Pause Young (Normal) (G1 Evacuation Pause) 196M->153M(1024M) 14,877ms
[2024-05-30T11:30:38.309-0400][gc,cpu      ] GC(9) User=0,03s Sys=0,02s Real=0,02s
[2024-05-30T11:38:24.643-0400][gc,start    ] GC(10) Pause Young (Normal) (G1 Evacuation Pause)
[2024-05-30T11:38:24.643-0400][gc,task     ] GC(10) Using 6 workers of 6 for evacuation
[2024-05-30T11:38:24.656-0400][gc,phases   ] GC(10)   Pre Evacuate Collection Set: 1,2ms
[2024-05-30T11:38:24.656-0400][gc,phases   ] GC(10)   Merge Heap Roots: 0,3ms
[2024-05-30T11:38:24.656-0400][gc,phases   ] GC(10)   Evacuate Collection Set: 9,5ms
[2024-05-30T11:38:24.656-0400][gc,phases   ] GC(10)   Post Evacuate Collection Set: 1,2ms
[2024-05-30T11:38:24.656-0400][gc,phases   ] GC(10)   Other: 0,4ms
[2024-05-30T11:38:24.656-0400][gc,heap     ] GC(10) Eden regions: 44->0(45)
[2024-05-30T11:38:24.656-0400][gc,heap     ] GC(10) Survivor regions: 7->6(7)
[2024-05-30T11:38:24.656-0400][gc,heap     ] GC(10) Old regions: 18->23
[2024-05-30T11:38:24.656-0400][gc,heap     ] GC(10) Humongous regions: 129->129
[2024-05-30T11:38:24.656-0400][gc,metaspace] GC(10) Metaspace: 42621K(43264K)->42621K(43264K) NonClass: 37733K(38080K)->37733K(38080K) Class: 4887K(5184K)->4887K(5184K)
[2024-05-30T11:38:24.656-0400][gc          ] GC(10) Pause Young (Normal) (G1 Evacuation Pause) 197M->157M(1024M) 12,715ms
[2024-05-30T11:38:24.656-0400][gc,cpu      ] GC(10) User=0,02s Sys=0,02s Real=0,02s
[2024-05-30T11:42:49.584-0400][gc,start    ] GC(11) Pause Young (Normal) (G1 Evacuation Pause)
[2024-05-30T11:42:49.584-0400][gc,task     ] GC(11) Using 6 workers of 6 for evacuation
[2024-05-30T11:42:49.607-0400][gc,mmu      ] GC(11) MMU target violated: 21,0ms (20,0ms/21,0ms)
[2024-05-30T11:42:49.607-0400][gc,phases   ] GC(11)   Pre Evacuate Collection Set: 0,6ms
[2024-05-30T11:42:49.607-0400][gc,phases   ] GC(11)   Merge Heap Roots: 0,7ms
[2024-05-30T11:42:49.607-0400][gc,phases   ] GC(11)   Evacuate Collection Set: 13,7ms
[2024-05-30T11:42:49.607-0400][gc,phases   ] GC(11)   Post Evacuate Collection Set: 4,1ms
[2024-05-30T11:42:49.607-0400][gc,phases   ] GC(11)   Other: 3,0ms
[2024-05-30T11:42:49.607-0400][gc,heap     ] GC(11) Eden regions: 45->0(46)
[2024-05-30T11:42:49.607-0400][gc,heap     ] GC(11) Survivor regions: 6->5(7)
[2024-05-30T11:42:49.607-0400][gc,heap     ] GC(11) Old regions: 23->28
[2024-05-30T11:42:49.607-0400][gc,heap     ] GC(11) Humongous regions: 129->129
[2024-05-30T11:42:49.607-0400][gc,metaspace] GC(11) Metaspace: 42886K(43520K)->42886K(43520K) NonClass: 37997K(38336K)->37997K(38336K) Class: 4889K(5184K)->4889K(5184K)
[2024-05-30T11:42:49.607-0400][gc          ] GC(11) Pause Young (Normal) (G1 Evacuation Pause) 202M->160M(1024M) 22,243ms
[2024-05-30T11:42:49.607-0400][gc,cpu      ] GC(11) User=0,02s Sys=0,03s Real=0,03s
[2024-05-30T11:49:59.327-0400][gc,start    ] GC(12) Pause Young (Normal) (G1 Evacuation Pause)
[2024-05-30T11:49:59.327-0400][gc,task     ] GC(12) Using 6 workers of 6 for evacuation
[2024-05-30T11:49:59.339-0400][gc,phases   ] GC(12)   Pre Evacuate Collection Set: 0,9ms
[2024-05-30T11:49:59.340-0400][gc,phases   ] GC(12)   Merge Heap Roots: 0,3ms
[2024-05-30T11:49:59.340-0400][gc,phases   ] GC(12)   Evacuate Collection Set: 10,3ms
[2024-05-30T11:49:59.340-0400][gc,phases   ] GC(12)   Post Evacuate Collection Set: 0,8ms
[2024-05-30T11:49:59.340-0400][gc,phases   ] GC(12)   Other: 0,1ms
[2024-05-30T11:49:59.340-0400][gc,heap     ] GC(12) Eden regions: 46->0(46)
[2024-05-30T11:49:59.340-0400][gc,heap     ] GC(12) Survivor regions: 5->5(7)
[2024-05-30T11:49:59.340-0400][gc,heap     ] GC(12) Old regions: 28->32
[2024-05-30T11:49:59.340-0400][gc,heap     ] GC(12) Humongous regions: 129->129
[2024-05-30T11:49:59.340-0400][gc,metaspace] GC(12) Metaspace: 42964K(43648K)->42964K(43648K) NonClass: 38074K(38464K)->38074K(38464K) Class: 4890K(5184K)->4890K(5184K)
[2024-05-30T11:49:59.340-0400][gc          ] GC(12) Pause Young (Normal) (G1 Evacuation Pause) 206M->165M(1024M) 12,643ms
[2024-05-30T11:49:59.340-0400][gc,cpu      ] GC(12) User=0,04s Sys=0,01s Real=0,01s
[2024-05-30T11:55:09.594-0400][gc,start    ] GC(13) Pause Young (Normal) (G1 Evacuation Pause)
[2024-05-30T11:55:09.594-0400][gc,task     ] GC(13) Using 6 workers of 6 for evacuation
[2024-05-30T11:55:09.644-0400][gc,mmu      ] GC(13) MMU target violated: 21,0ms (20,0ms/21,0ms)
[2024-05-30T11:55:09.644-0400][gc,phases   ] GC(13)   Pre Evacuate Collection Set: 4,7ms
[2024-05-30T11:55:09.644-0400][gc,phases   ] GC(13)   Merge Heap Roots: 0,1ms
[2024-05-30T11:55:09.644-0400][gc,phases   ] GC(13)   Evacuate Collection Set: 44,1ms
[2024-05-30T11:55:09.644-0400][gc,phases   ] GC(13)   Post Evacuate Collection Set: 0,9ms
[2024-05-30T11:55:09.644-0400][gc,phases   ] GC(13)   Other: 0,1ms
[2024-05-30T11:55:09.644-0400][gc,heap     ] GC(13) Eden regions: 46->0(46)
[2024-05-30T11:55:09.644-0400][gc,heap     ] GC(13) Survivor regions: 5->5(7)
[2024-05-30T11:55:09.644-0400][gc,heap     ] GC(13) Old regions: 32->36
[2024-05-30T11:55:09.644-0400][gc,heap     ] GC(13) Humongous regions: 129->129
[2024-05-30T11:55:09.644-0400][gc,metaspace] GC(13) Metaspace: 43001K(43648K)->43001K(43648K) NonClass: 38111K(38464K)->38111K(38464K) Class: 4890K(5184K)->4890K(5184K)
[2024-05-30T11:55:09.644-0400][gc          ] GC(13) Pause Young (Normal) (G1 Evacuation Pause) 211M->169M(1024M) 50,068ms
[2024-05-30T11:55:09.644-0400][gc,cpu      ] GC(13) User=0,07s Sys=0,03s Real=0,05s
[2024-05-30T12:02:55.582-0400][gc,start    ] GC(14) Pause Young (Normal) (G1 Evacuation Pause)
[2024-05-30T12:02:55.582-0400][gc,task     ] GC(14) Using 6 workers of 6 for evacuation
[2024-05-30T12:02:55.619-0400][gc,mmu      ] GC(14) MMU target violated: 21,0ms (20,0ms/21,0ms)
[2024-05-30T12:02:55.623-0400][gc,phases   ] GC(14)   Pre Evacuate Collection Set: 1,4ms
[2024-05-30T12:02:55.623-0400][gc,phases   ] GC(14)   Merge Heap Roots: 0,2ms
[2024-05-30T12:02:55.623-0400][gc,phases   ] GC(14)   Evacuate Collection Set: 21,3ms
[2024-05-30T12:02:55.623-0400][gc,phases   ] GC(14)   Post Evacuate Collection Set: 14,1ms
[2024-05-30T12:02:55.623-0400][gc,phases   ] GC(14)   Other: 3,2ms
[2024-05-30T12:02:55.623-0400][gc,heap     ] GC(14) Eden regions: 46->0(46)
[2024-05-30T12:02:55.623-0400][gc,heap     ] GC(14) Survivor regions: 5->5(7)
[2024-05-30T12:02:55.623-0400][gc,heap     ] GC(14) Old regions: 36->40
[2024-05-30T12:02:55.623-0400][gc,heap     ] GC(14) Humongous regions: 129->129
[2024-05-30T12:02:55.623-0400][gc,metaspace] GC(14) Metaspace: 43088K(43712K)->43088K(43712K) NonClass: 38197K(38528K)->38197K(38528K) Class: 4890K(5184K)->4890K(5184K)
[2024-05-30T12:02:55.623-0400][gc          ] GC(14) Pause Young (Normal) (G1 Evacuation Pause) 215M->174M(1024M) 40,449ms
[2024-05-30T12:02:55.623-0400][gc,cpu      ] GC(14) User=0,03s Sys=0,04s Real=0,04s
[2024-05-30T12:10:45.350-0400][gc,start    ] GC(15) Pause Young (Normal) (G1 Evacuation Pause)
[2024-05-30T12:10:45.350-0400][gc,task     ] GC(15) Using 6 workers of 6 for evacuation
[2024-05-30T12:10:45.366-0400][gc,phases   ] GC(15)   Pre Evacuate Collection Set: 0,6ms
[2024-05-30T12:10:45.366-0400][gc,phases   ] GC(15)   Merge Heap Roots: 0,3ms
[2024-05-30T12:10:45.366-0400][gc,phases   ] GC(15)   Evacuate Collection Set: 11,7ms
[2024-05-30T12:10:45.366-0400][gc,phases   ] GC(15)   Post Evacuate Collection Set: 2,9ms
[2024-05-30T12:10:45.366-0400][gc,phases   ] GC(15)   Other: 0,1ms
[2024-05-30T12:10:45.366-0400][gc,heap     ] GC(15) Eden regions: 46->0(46)
[2024-05-30T12:10:45.366-0400][gc,heap     ] GC(15) Survivor regions: 5->5(7)
[2024-05-30T12:10:45.366-0400][gc,heap     ] GC(15) Old regions: 40->45
[2024-05-30T12:10:45.366-0400][gc,heap     ] GC(15) Humongous regions: 129->129
[2024-05-30T12:10:45.366-0400][gc,metaspace] GC(15) Metaspace: 43211K(43904K)->43211K(43904K) NonClass: 38321K(38720K)->38321K(38720K) Class: 4890K(5184K)->4890K(5184K)
[2024-05-30T12:10:45.366-0400][gc          ] GC(15) Pause Young (Normal) (G1 Evacuation Pause) 220M->178M(1024M) 15,828ms
[2024-05-30T12:10:45.366-0400][gc,cpu      ] GC(15) User=0,04s Sys=0,01s Real=0,02s
[2024-05-30T12:17:48.531-0400][gc,start    ] GC(16) Pause Young (Normal) (G1 Evacuation Pause)
[2024-05-30T12:17:48.531-0400][gc,task     ] GC(16) Using 6 workers of 6 for evacuation
[2024-05-30T12:17:48.551-0400][gc,mmu      ] GC(16) MMU target violated: 20,2ms (20,0ms/21,0ms)
[2024-05-30T12:17:48.551-0400][gc,phases   ] GC(16)   Pre Evacuate Collection Set: 1,0ms
[2024-05-30T12:17:48.551-0400][gc,phases   ] GC(16)   Merge Heap Roots: 0,7ms
[2024-05-30T12:17:48.551-0400][gc,phases   ] GC(16)   Evacuate Collection Set: 14,3ms
[2024-05-30T12:17:48.551-0400][gc,phases   ] GC(16)   Post Evacuate Collection Set: 4,2ms
[2024-05-30T12:17:48.551-0400][gc,phases   ] GC(16)   Other: 0,2ms
[2024-05-30T12:17:48.551-0400][gc,heap     ] GC(16) Eden regions: 46->0(45)
[2024-05-30T12:17:48.551-0400][gc,heap     ] GC(16) Survivor regions: 5->6(7)
[2024-05-30T12:17:48.551-0400][gc,heap     ] GC(16) Old regions: 45->50
[2024-05-30T12:17:48.551-0400][gc,heap     ] GC(16) Humongous regions: 129->129
[2024-05-30T12:17:48.551-0400][gc,metaspace] GC(16) Metaspace: 43322K(43968K)->43322K(43968K) NonClass: 38428K(38784K)->38428K(38784K) Class: 4894K(5184K)->4894K(5184K)
[2024-05-30T12:17:48.551-0400][gc          ] GC(16) Pause Young (Normal) (G1 Evacuation Pause) 224M->183M(1024M) 20,547ms
[2024-05-30T12:17:48.551-0400][gc,cpu      ] GC(16) User=0,05s Sys=0,00s Real=0,02s
[2024-05-30T12:25:33.151-0400][gc,start    ] GC(17) Pause Young (Normal) (G1 Evacuation Pause)
[2024-05-30T12:25:33.151-0400][gc,task     ] GC(17) Using 6 workers of 6 for evacuation
[2024-05-30T12:25:33.181-0400][gc,mmu      ] GC(17) MMU target violated: 21,0ms (20,0ms/21,0ms)
[2024-05-30T12:25:33.181-0400][gc,phases   ] GC(17)   Pre Evacuate Collection Set: 5,9ms
[2024-05-30T12:25:33.181-0400][gc,phases   ] GC(17)   Merge Heap Roots: 0,3ms
[2024-05-30T12:25:33.181-0400][gc,phases   ] GC(17)   Evacuate Collection Set: 21,9ms
[2024-05-30T12:25:33.181-0400][gc,phases   ] GC(17)   Post Evacuate Collection Set: 1,3ms
[2024-05-30T12:25:33.181-0400][gc,phases   ] GC(17)   Other: 0,2ms
[2024-05-30T12:25:33.181-0400][gc,heap     ] GC(17) Eden regions: 45->0(48)
[2024-05-30T12:25:33.181-0400][gc,heap     ] GC(17) Survivor regions: 6->3(7)
[2024-05-30T12:25:33.181-0400][gc,heap     ] GC(17) Old regions: 50->53
[2024-05-30T12:25:33.181-0400][gc,heap     ] GC(17) Humongous regions: 129->129
[2024-05-30T12:25:33.181-0400][gc,metaspace] GC(17) Metaspace: 43339K(43968K)->43339K(43968K) NonClass: 38445K(38784K)->38445K(38784K) Class: 4894K(5184K)->4894K(5184K)
[2024-05-30T12:25:33.181-0400][gc          ] GC(17) Pause Young (Normal) (G1 Evacuation Pause) 228M->184M(1024M) 29,791ms
[2024-05-30T12:25:33.181-0400][gc,cpu      ] GC(17) User=0,04s Sys=0,01s Real=0,03s
[2024-05-30T12:33:49.681-0400][gc,start    ] GC(18) Pause Young (Normal) (G1 Evacuation Pause)
[2024-05-30T12:33:49.681-0400][gc,task     ] GC(18) Using 6 workers of 6 for evacuation
[2024-05-30T12:33:49.706-0400][gc,mmu      ] GC(18) MMU target violated: 21,0ms (20,0ms/21,0ms)
[2024-05-30T12:33:49.706-0400][gc,phases   ] GC(18)   Pre Evacuate Collection Set: 0,4ms
[2024-05-30T12:33:49.706-0400][gc,phases   ] GC(18)   Merge Heap Roots: 0,5ms
[2024-05-30T12:33:49.706-0400][gc,phases   ] GC(18)   Evacuate Collection Set: 15,6ms
[2024-05-30T12:33:49.706-0400][gc,phases   ] GC(18)   Post Evacuate Collection Set: 8,1ms
[2024-05-30T12:33:49.706-0400][gc,phases   ] GC(18)   Other: 0,2ms
[2024-05-30T12:33:49.706-0400][gc,heap     ] GC(18) Eden regions: 48->0(45)
[2024-05-30T12:33:49.706-0400][gc,heap     ] GC(18) Survivor regions: 3->6(7)
[2024-05-30T12:33:49.706-0400][gc,heap     ] GC(18) Old regions: 53->53
[2024-05-30T12:33:49.706-0400][gc,heap     ] GC(18) Humongous regions: 129->129
[2024-05-30T12:33:49.706-0400][gc,metaspace] GC(18) Metaspace: 43404K(44032K)->43404K(44032K) NonClass: 38510K(38848K)->38510K(38848K) Class: 4894K(5184K)->4894K(5184K)
[2024-05-30T12:33:49.706-0400][gc          ] GC(18) Pause Young (Normal) (G1 Evacuation Pause) 232M->187M(1024M) 25,033ms
[2024-05-30T12:33:49.706-0400][gc,cpu      ] GC(18) User=0,04s Sys=0,01s Real=0,03s
[2024-05-30T12:41:34.002-0400][gc,start    ] GC(19) Pause Young (Normal) (G1 Evacuation Pause)
[2024-05-30T12:41:34.002-0400][gc,task     ] GC(19) Using 6 workers of 6 for evacuation
[2024-05-30T12:41:34.019-0400][gc,phases   ] GC(19)   Pre Evacuate Collection Set: 1,0ms
[2024-05-30T12:41:34.020-0400][gc,phases   ] GC(19)   Merge Heap Roots: 0,2ms
[2024-05-30T12:41:34.020-0400][gc,phases   ] GC(19)   Evacuate Collection Set: 8,0ms
[2024-05-30T12:41:34.020-0400][gc,phases   ] GC(19)   Post Evacuate Collection Set: 8,2ms
[2024-05-30T12:41:34.020-0400][gc,phases   ] GC(19)   Other: 0,1ms
[2024-05-30T12:41:34.020-0400][gc,heap     ] GC(19) Eden regions: 45->0(46)
[2024-05-30T12:41:34.020-0400][gc,heap     ] GC(19) Survivor regions: 6->5(7)
[2024-05-30T12:41:34.020-0400][gc,heap     ] GC(19) Old regions: 53->58
[2024-05-30T12:41:34.020-0400][gc,heap     ] GC(19) Humongous regions: 129->129
[2024-05-30T12:41:34.020-0400][gc,metaspace] GC(19) Metaspace: 43452K(44096K)->43452K(44096K) NonClass: 38558K(38912K)->38558K(38912K) Class: 4894K(5184K)->4894K(5184K)
[2024-05-30T12:41:34.020-0400][gc          ] GC(19) Pause Young (Normal) (G1 Evacuation Pause) 232M->191M(1024M) 17,674ms
[2024-05-30T12:41:34.020-0400][gc,cpu      ] GC(19) User=0,02s Sys=0,02s Real=0,02s
[2024-05-30T12:49:27.681-0400][gc,start    ] GC(20) Pause Young (Normal) (G1 Evacuation Pause)
[2024-05-30T12:49:27.681-0400][gc,task     ] GC(20) Using 6 workers of 6 for evacuation
[2024-05-30T12:49:27.702-0400][gc,mmu      ] GC(20) MMU target violated: 20,3ms (20,0ms/21,0ms)
[2024-05-30T12:49:27.702-0400][gc,phases   ] GC(20)   Pre Evacuate Collection Set: 0,5ms
[2024-05-30T12:49:27.702-0400][gc,phases   ] GC(20)   Merge Heap Roots: 0,4ms
[2024-05-30T12:49:27.702-0400][gc,phases   ] GC(20)   Evacuate Collection Set: 17,3ms
[2024-05-30T12:49:27.702-0400][gc,phases   ] GC(20)   Post Evacuate Collection Set: 2,1ms
[2024-05-30T12:49:27.702-0400][gc,phases   ] GC(20)   Other: 0,2ms
[2024-05-30T12:49:27.702-0400][gc,heap     ] GC(20) Eden regions: 46->0(46)
[2024-05-30T12:49:27.702-0400][gc,heap     ] GC(20) Survivor regions: 5->5(7)
[2024-05-30T12:49:27.702-0400][gc,heap     ] GC(20) Old regions: 58->62
[2024-05-30T12:49:27.702-0400][gc,heap     ] GC(20) Humongous regions: 129->129
[2024-05-30T12:49:27.702-0400][gc,metaspace] GC(20) Metaspace: 43542K(44160K)->43542K(44160K) NonClass: 38648K(38976K)->38648K(38976K) Class: 4894K(5184K)->4894K(5184K)
[2024-05-30T12:49:27.702-0400][gc          ] GC(20) Pause Young (Normal) (G1 Evacuation Pause) 237M->194M(1024M) 20,586ms
[2024-05-30T12:49:27.702-0400][gc,cpu      ] GC(20) User=0,06s Sys=0,00s Real=0,02s
[2024-05-30T12:57:25.352-0400][gc,start    ] GC(21) Pause Young (Normal) (G1 Evacuation Pause)
[2024-05-30T12:57:25.352-0400][gc,task     ] GC(21) Using 6 workers of 6 for evacuation
[2024-05-30T12:57:25.375-0400][gc,mmu      ] GC(21) MMU target violated: 21,0ms (20,0ms/21,0ms)
[2024-05-30T12:57:25.375-0400][gc,phases   ] GC(21)   Pre Evacuate Collection Set: 0,3ms
[2024-05-30T12:57:25.375-0400][gc,phases   ] GC(21)   Merge Heap Roots: 0,4ms
[2024-05-30T12:57:25.375-0400][gc,phases   ] GC(21)   Evacuate Collection Set: 20,8ms
[2024-05-30T12:57:25.375-0400][gc,phases   ] GC(21)   Post Evacuate Collection Set: 1,6ms
[2024-05-30T12:57:25.375-0400][gc,phases   ] GC(21)   Other: 0,2ms
[2024-05-30T12:57:25.375-0400][gc,heap     ] GC(21) Eden regions: 46->0(46)
[2024-05-30T12:57:25.375-0400][gc,heap     ] GC(21) Survivor regions: 5->5(7)
[2024-05-30T12:57:25.375-0400][gc,heap     ] GC(21) Old regions: 62->66
[2024-05-30T12:57:25.375-0400][gc,heap     ] GC(21) Humongous regions: 129->129
[2024-05-30T12:57:25.375-0400][gc,metaspace] GC(21) Metaspace: 43546K(44160K)->43546K(44160K) NonClass: 38652K(38976K)->38652K(38976K) Class: 4894K(5184K)->4894K(5184K)
[2024-05-30T12:57:25.376-0400][gc          ] GC(21) Pause Young (Normal) (G1 Evacuation Pause) 240M->199M(1024M) 23,475ms
[2024-05-30T12:57:25.376-0400][gc,cpu      ] GC(21) User=0,03s Sys=0,01s Real=0,03s
[2024-05-30T13:05:13.684-0400][gc,start    ] GC(22) Pause Young (Normal) (G1 Evacuation Pause)
[2024-05-30T13:05:13.684-0400][gc,task     ] GC(22) Using 6 workers of 6 for evacuation
[2024-05-30T13:05:13.719-0400][gc,mmu      ] GC(22) MMU target violated: 21,0ms (20,0ms/21,0ms)
[2024-05-30T13:05:13.719-0400][gc,phases   ] GC(22)   Pre Evacuate Collection Set: 0,9ms
[2024-05-30T13:05:13.719-0400][gc,phases   ] GC(22)   Merge Heap Roots: 0,2ms
[2024-05-30T13:05:13.719-0400][gc,phases   ] GC(22)   Evacuate Collection Set: 19,1ms
[2024-05-30T13:05:13.719-0400][gc,phases   ] GC(22)   Post Evacuate Collection Set: 14,2ms
[2024-05-30T13:05:13.719-0400][gc,phases   ] GC(22)   Other: 0,1ms
[2024-05-30T13:05:13.719-0400][gc,heap     ] GC(22) Eden regions: 46->0(46)
[2024-05-30T13:05:13.719-0400][gc,heap     ] GC(22) Survivor regions: 5->5(7)
[2024-05-30T13:05:13.719-0400][gc,heap     ] GC(22) Old regions: 66->70
[2024-05-30T13:05:13.719-0400][gc,heap     ] GC(22) Humongous regions: 129->129
[2024-05-30T13:05:13.719-0400][gc,metaspace] GC(22) Metaspace: 43564K(44224K)->43564K(44224K) NonClass: 38670K(39040K)->38670K(39040K) Class: 4894K(5184K)->4894K(5184K)
[2024-05-30T13:05:13.719-0400][gc          ] GC(22) Pause Young (Normal) (G1 Evacuation Pause) 245M->203M(1024M) 34,852ms
[2024-05-30T13:05:13.719-0400][gc,cpu      ] GC(22) User=0,03s Sys=0,03s Real=0,04s
[2024-05-30T13:12:44.604-0400][gc,start    ] GC(23) Pause Young (Normal) (G1 Evacuation Pause)
[2024-05-30T13:12:44.605-0400][gc,task     ] GC(23) Using 6 workers of 6 for evacuation
[2024-05-30T13:12:44.628-0400][gc,mmu      ] GC(23) MMU target violated: 21,0ms (20,0ms/21,0ms)
[2024-05-30T13:12:44.628-0400][gc,phases   ] GC(23)   Pre Evacuate Collection Set: 0,1ms
[2024-05-30T13:12:44.628-0400][gc,phases   ] GC(23)   Merge Heap Roots: 0,1ms
[2024-05-30T13:12:44.628-0400][gc,phases   ] GC(23)   Evacuate Collection Set: 22,1ms
[2024-05-30T13:12:44.628-0400][gc,phases   ] GC(23)   Post Evacuate Collection Set: 1,1ms
[2024-05-30T13:12:44.628-0400][gc,phases   ] GC(23)   Other: 0,1ms
[2024-05-30T13:12:44.628-0400][gc,heap     ] GC(23) Eden regions: 46->0(45)
[2024-05-30T13:12:44.628-0400][gc,heap     ] GC(23) Survivor regions: 5->6(7)
[2024-05-30T13:12:44.628-0400][gc,heap     ] GC(23) Old regions: 70->74
[2024-05-30T13:12:44.628-0400][gc,heap     ] GC(23) Humongous regions: 129->129
[2024-05-30T13:12:44.628-0400][gc,metaspace] GC(23) Metaspace: 43614K(44224K)->43614K(44224K) NonClass: 38720K(39040K)->38720K(39040K) Class: 4894K(5184K)->4894K(5184K)
[2024-05-30T13:12:44.628-0400][gc          ] GC(23) Pause Young (Normal) (G1 Evacuation Pause) 249M->209M(1024M) 23,687ms
[2024-05-30T13:12:44.628-0400][gc,cpu      ] GC(23) User=0,06s Sys=0,00s Real=0,03s
[2024-05-30T13:20:11.813-0400][gc,start    ] GC(24) Pause Young (Normal) (G1 Evacuation Pause)
[2024-05-30T13:20:11.813-0400][gc,task     ] GC(24) Using 6 workers of 6 for evacuation
[2024-05-30T13:20:11.835-0400][gc,mmu      ] GC(24) MMU target violated: 21,0ms (20,0ms/21,0ms)
[2024-05-30T13:20:11.835-0400][gc,phases   ] GC(24)   Pre Evacuate Collection Set: 3,6ms
[2024-05-30T13:20:11.835-0400][gc,phases   ] GC(24)   Merge Heap Roots: 0,2ms
[2024-05-30T13:20:11.835-0400][gc,phases   ] GC(24)   Evacuate Collection Set: 16,8ms
[2024-05-30T13:20:11.835-0400][gc,phases   ] GC(24)   Post Evacuate Collection Set: 1,6ms
[2024-05-30T13:20:11.835-0400][gc,phases   ] GC(24)   Other: 0,1ms
[2024-05-30T13:20:11.835-0400][gc,heap     ] GC(24) Eden regions: 45->0(49)
[2024-05-30T13:20:11.835-0400][gc,heap     ] GC(24) Survivor regions: 6->4(7)
[2024-05-30T13:20:11.835-0400][gc,heap     ] GC(24) Old regions: 74->79
[2024-05-30T13:20:11.835-0400][gc,heap     ] GC(24) Humongous regions: 129->129
[2024-05-30T13:20:11.835-0400][gc,metaspace] GC(24) Metaspace: 43620K(44224K)->43620K(44224K) NonClass: 38726K(39040K)->38726K(39040K) Class: 4894K(5184K)->4894K(5184K)
[2024-05-30T13:20:11.835-0400][gc          ] GC(24) Pause Young (Normal) (G1 Evacuation Pause) 253M->211M(1024M) 22,383ms
[2024-05-30T13:20:11.835-0400][gc,cpu      ] GC(24) User=0,02s Sys=0,02s Real=0,03s
[2024-05-30T13:29:28.283-0400][gc,start    ] GC(25) Pause Young (Normal) (G1 Evacuation Pause)
[2024-05-30T13:29:28.283-0400][gc,task     ] GC(25) Using 6 workers of 6 for evacuation
[2024-05-30T13:29:28.309-0400][gc,mmu      ] GC(25) MMU target violated: 21,0ms (20,0ms/21,0ms)
[2024-05-30T13:29:28.309-0400][gc,phases   ] GC(25)   Pre Evacuate Collection Set: 0,7ms
[2024-05-30T13:29:28.309-0400][gc,phases   ] GC(25)   Merge Heap Roots: 0,2ms
[2024-05-30T13:29:28.309-0400][gc,phases   ] GC(25)   Evacuate Collection Set: 23,7ms
[2024-05-30T13:29:28.309-0400][gc,phases   ] GC(25)   Post Evacuate Collection Set: 1,2ms
[2024-05-30T13:29:28.309-0400][gc,phases   ] GC(25)   Other: 0,2ms
[2024-05-30T13:29:28.309-0400][gc,heap     ] GC(25) Eden regions: 54->0(45)
[2024-05-30T13:29:28.309-0400][gc,heap     ] GC(25) Survivor regions: 4->6(8)
[2024-05-30T13:29:28.309-0400][gc,heap     ] GC(25) Old regions: 79->79
[2024-05-30T13:29:28.309-0400][gc,heap     ] GC(25) Humongous regions: 129->129
[2024-05-30T13:29:28.309-0400][gc,metaspace] GC(25) Metaspace: 43636K(44224K)->43636K(44224K) NonClass: 38742K(39040K)->38742K(39040K) Class: 4894K(5184K)->4894K(5184K)
[2024-05-30T13:29:28.309-0400][gc          ] GC(25) Pause Young (Normal) (G1 Evacuation Pause) 265M->213M(1024M) 26,077ms
[2024-05-30T13:29:28.309-0400][gc,cpu      ] GC(25) User=0,04s Sys=0,01s Real=0,03s
[2024-05-30T13:37:11.386-0400][gc,start    ] GC(26) Pause Young (Normal) (G1 Evacuation Pause)
[2024-05-30T13:37:11.386-0400][gc,task     ] GC(26) Using 6 workers of 6 for evacuation
[2024-05-30T13:37:11.400-0400][gc,phases   ] GC(26)   Pre Evacuate Collection Set: 1,9ms
[2024-05-30T13:37:11.400-0400][gc,phases   ] GC(26)   Merge Heap Roots: 0,2ms
[2024-05-30T13:37:11.400-0400][gc,phases   ] GC(26)   Evacuate Collection Set: 10,8ms
[2024-05-30T13:37:11.400-0400][gc,phases   ] GC(26)   Post Evacuate Collection Set: 0,9ms
[2024-05-30T13:37:11.400-0400][gc,phases   ] GC(26)   Other: 0,1ms
[2024-05-30T13:37:11.400-0400][gc,heap     ] GC(26) Eden regions: 45->0(69)
[2024-05-30T13:37:11.400-0400][gc,heap     ] GC(26) Survivor regions: 6->5(7)
[2024-05-30T13:37:11.400-0400][gc,heap     ] GC(26) Old regions: 79->84
[2024-05-30T13:37:11.400-0400][gc,heap     ] GC(26) Humongous regions: 129->129
[2024-05-30T13:37:11.400-0400][gc,metaspace] GC(26) Metaspace: 43677K(44288K)->43677K(44288K) NonClass: 38783K(39104K)->38783K(39104K) Class: 4894K(5184K)->4894K(5184K)
[2024-05-30T13:37:11.400-0400][gc          ] GC(26) Pause Young (Normal) (G1 Evacuation Pause) 258M->216M(1024M) 14,094ms
[2024-05-30T13:37:11.400-0400][gc,cpu      ] GC(26) User=0,02s Sys=0,02s Real=0,01s
[2024-05-30T13:49:17.741-0400][gc,start    ] GC(27) Pause Young (Normal) (G1 Evacuation Pause)
[2024-05-30T13:49:17.741-0400][gc,task     ] GC(27) Using 6 workers of 6 for evacuation
[2024-05-30T13:49:17.758-0400][gc,phases   ] GC(27)   Pre Evacuate Collection Set: 0,5ms
[2024-05-30T13:49:17.758-0400][gc,phases   ] GC(27)   Merge Heap Roots: 0,3ms
[2024-05-30T13:49:17.758-0400][gc,phases   ] GC(27)   Evacuate Collection Set: 15,6ms
[2024-05-30T13:49:17.758-0400][gc,phases   ] GC(27)   Post Evacuate Collection Set: 1,0ms
[2024-05-30T13:49:17.758-0400][gc,phases   ] GC(27)   Other: 0,1ms
[2024-05-30T13:49:17.758-0400][gc,heap     ] GC(27) Eden regions: 71->0(55)
[2024-05-30T13:49:17.758-0400][gc,heap     ] GC(27) Survivor regions: 5->10(10)
[2024-05-30T13:49:17.758-0400][gc,heap     ] GC(27) Old regions: 84->85
[2024-05-30T13:49:17.758-0400][gc,heap     ] GC(27) Humongous regions: 129->129
[2024-05-30T13:49:17.758-0400][gc,metaspace] GC(27) Metaspace: 43846K(44544K)->43846K(44544K) NonClass: 38952K(39360K)->38952K(39360K) Class: 4894K(5184K)->4894K(5184K)
[2024-05-30T13:49:17.758-0400][gc          ] GC(27) Pause Young (Normal) (G1 Evacuation Pause) 287M->223M(1024M) 17,697ms
[2024-05-30T13:49:17.758-0400][gc,cpu      ] GC(27) User=0,03s Sys=0,04s Real=0,02s
[2024-05-30T13:58:50.963-0400][gc,start    ] GC(28) Pause Young (Normal) (G1 Evacuation Pause)
[2024-05-30T13:58:50.964-0400][gc,task     ] GC(28) Using 6 workers of 6 for evacuation
[2024-05-30T13:58:50.984-0400][gc,mmu      ] GC(28) MMU target violated: 20,4ms (20,0ms/21,0ms)
[2024-05-30T13:58:50.984-0400][gc,phases   ] GC(28)   Pre Evacuate Collection Set: 0,7ms
[2024-05-30T13:58:50.984-0400][gc,phases   ] GC(28)   Merge Heap Roots: 0,3ms
[2024-05-30T13:58:50.984-0400][gc,phases   ] GC(28)   Evacuate Collection Set: 18,3ms
[2024-05-30T13:58:50.984-0400][gc,phases   ] GC(28)   Post Evacuate Collection Set: 0,9ms
[2024-05-30T13:58:50.984-0400][gc,phases   ] GC(28)   Other: 0,2ms
[2024-05-30T13:58:50.984-0400][gc,heap     ] GC(28) Eden regions: 56->0(70)
[2024-05-30T13:58:50.984-0400][gc,heap     ] GC(28) Survivor regions: 10->6(9)
[2024-05-30T13:58:50.984-0400][gc,heap     ] GC(28) Old regions: 85->95
[2024-05-30T13:58:50.984-0400][gc,heap     ] GC(28) Humongous regions: 129->129
[2024-05-30T13:58:50.984-0400][gc,metaspace] GC(28) Metaspace: 43847K(44544K)->43847K(44544K) NonClass: 38953K(39360K)->38953K(39360K) Class: 4894K(5184K)->4894K(5184K)
[2024-05-30T13:58:50.984-0400][gc          ] GC(28) Pause Young (Normal) (G1 Evacuation Pause) 279M->229M(1024M) 20,677ms
[2024-05-30T13:58:50.984-0400][gc,cpu      ] GC(28) User=0,03s Sys=0,03s Real=0,02s
[2024-05-30T14:11:07.888-0400][gc,start    ] GC(29) Pause Young (Normal) (G1 Evacuation Pause)
[2024-05-30T14:11:07.888-0400][gc,task     ] GC(29) Using 6 workers of 6 for evacuation
[2024-05-30T14:11:07.914-0400][gc,mmu      ] GC(29) MMU target violated: 21,0ms (20,0ms/21,0ms)
[2024-05-30T14:11:07.914-0400][gc,phases   ] GC(29)   Pre Evacuate Collection Set: 0,6ms
[2024-05-30T14:11:07.914-0400][gc,phases   ] GC(29)   Merge Heap Roots: 0,4ms
[2024-05-30T14:11:07.914-0400][gc,phases   ] GC(29)   Evacuate Collection Set: 20,3ms
[2024-05-30T14:11:07.914-0400][gc,phases   ] GC(29)   Post Evacuate Collection Set: 4,6ms
[2024-05-30T14:11:07.914-0400][gc,phases   ] GC(29)   Other: 0,1ms
[2024-05-30T14:11:07.914-0400][gc,heap     ] GC(29) Eden regions: 71->0(62)
[2024-05-30T14:11:07.914-0400][gc,heap     ] GC(29) Survivor regions: 6->8(10)
[2024-05-30T14:11:07.914-0400][gc,heap     ] GC(29) Old regions: 95->100
[2024-05-30T14:11:07.914-0400][gc,heap     ] GC(29) Humongous regions: 129->129
[2024-05-30T14:11:07.914-0400][gc,metaspace] GC(29) Metaspace: 43864K(44544K)->43864K(44544K) NonClass: 38970K(39360K)->38970K(39360K) Class: 4894K(5184K)->4894K(5184K)
[2024-05-30T14:11:07.914-0400][gc          ] GC(29) Pause Young (Normal) (G1 Evacuation Pause) 300M->236M(1024M) 26,184ms
[2024-05-30T14:11:07.914-0400][gc,cpu      ] GC(29) User=0,05s Sys=0,03s Real=0,02s
[2024-05-30T14:20:47.070-0400][gc,start    ] GC(30) Pause Young (Normal) (G1 Evacuation Pause)
[2024-05-30T14:20:47.072-0400][gc,task     ] GC(30) Using 6 workers of 6 for evacuation
[2024-05-30T14:20:47.096-0400][gc,mmu      ] GC(30) MMU target violated: 21,0ms (20,0ms/21,0ms)
[2024-05-30T14:20:47.096-0400][gc,phases   ] GC(30)   Pre Evacuate Collection Set: 3,5ms
[2024-05-30T14:20:47.096-0400][gc,phases   ] GC(30)   Merge Heap Roots: 0,3ms
[2024-05-30T14:20:47.096-0400][gc,phases   ] GC(30)   Evacuate Collection Set: 16,7ms
[2024-05-30T14:20:47.096-0400][gc,phases   ] GC(30)   Post Evacuate Collection Set: 3,5ms
[2024-05-30T14:20:47.096-0400][gc,phases   ] GC(30)   Other: 0,1ms
[2024-05-30T14:20:47.096-0400][gc,heap     ] GC(30) Eden regions: 60->0(89)
[2024-05-30T14:20:47.100-0400][gc,heap     ] GC(30) Survivor regions: 8->5(9)
[2024-05-30T14:20:47.100-0400][gc,heap     ] GC(30) Old regions: 100->107
[2024-05-30T14:20:47.100-0400][gc,heap     ] GC(30) Humongous regions: 129->129
[2024-05-30T14:20:47.100-0400][gc,metaspace] GC(30) Metaspace: 43868K(44544K)->43868K(44544K) NonClass: 38974K(39360K)->38974K(39360K) Class: 4894K(5184K)->4894K(5184K)
[2024-05-30T14:20:47.100-0400][gc          ] GC(30) Pause Young (Normal) (G1 Evacuation Pause) 296M->240M(1024M) 29,992ms
[2024-05-30T14:20:47.100-0400][gc,cpu      ] GC(30) User=0,03s Sys=0,03s Real=0,03s
[2024-05-30T14:35:45.629-0400][gc,start    ] GC(31) Pause Young (Normal) (G1 Evacuation Pause)
[2024-05-30T14:35:45.629-0400][gc,task     ] GC(31) Using 6 workers of 6 for evacuation
[2024-05-30T14:35:45.641-0400][gc,phases   ] GC(31)   Pre Evacuate Collection Set: 0,6ms
[2024-05-30T14:35:45.641-0400][gc,phases   ] GC(31)   Merge Heap Roots: 0,3ms
[2024-05-30T14:35:45.641-0400][gc,phases   ] GC(31)   Evacuate Collection Set: 9,0ms
[2024-05-30T14:35:45.641-0400][gc,phases   ] GC(31)   Post Evacuate Collection Set: 1,2ms
[2024-05-30T14:35:45.641-0400][gc,phases   ] GC(31)   Other: 0,3ms
[2024-05-30T14:35:45.641-0400][gc,heap     ] GC(31) Eden regions: 87->0(608)
[2024-05-30T14:35:45.641-0400][gc,heap     ] GC(31) Survivor regions: 5->6(12)
[2024-05-30T14:35:45.641-0400][gc,heap     ] GC(31) Old regions: 107->107
[2024-05-30T14:35:45.641-0400][gc,heap     ] GC(31) Humongous regions: 129->129
[2024-05-30T14:35:45.641-0400][gc,metaspace] GC(31) Metaspace: 43885K(44544K)->43885K(44544K) NonClass: 38991K(39360K)->38991K(39360K) Class: 4894K(5184K)->4894K(5184K)
[2024-05-30T14:35:45.641-0400][gc          ] GC(31) Pause Young (Normal) (G1 Evacuation Pause) 327M->241M(1024M) 11,589ms
[2024-05-30T14:35:45.641-0400][gc,cpu      ] GC(31) User=0,01s Sys=0,01s Real=0,01s
[2024-05-30T16:22:25.671-0400][gc,start    ] GC(32) Pause Young (Normal) (G1 Evacuation Pause)
[2024-05-30T16:22:25.682-0400][gc,task     ] GC(32) Using 6 workers of 6 for evacuation
[2024-05-30T16:22:26.136-0400][gc,mmu      ] GC(32) MMU target violated: 21,0ms (20,0ms/21,0ms)
[2024-05-30T16:22:26.136-0400][gc,phases   ] GC(32)   Pre Evacuate Collection Set: 4,5ms
[2024-05-30T16:22:26.136-0400][gc,phases   ] GC(32)   Merge Heap Roots: 0,6ms
[2024-05-30T16:22:26.136-0400][gc,phases   ] GC(32)   Evacuate Collection Set: 405,2ms
[2024-05-30T16:22:26.136-0400][gc,phases   ] GC(32)   Post Evacuate Collection Set: 7,4ms
[2024-05-30T16:22:26.136-0400][gc,phases   ] GC(32)   Other: 36,0ms
[2024-05-30T16:22:26.136-0400][gc,heap     ] GC(32) Eden regions: 608->0(44)
[2024-05-30T16:22:26.136-0400][gc,heap     ] GC(32) Survivor regions: 6->7(77)
[2024-05-30T16:22:26.136-0400][gc,heap     ] GC(32) Old regions: 107->107
[2024-05-30T16:22:26.136-0400][gc,heap     ] GC(32) Humongous regions: 129->129
[2024-05-30T16:22:26.136-0400][gc,metaspace] GC(32) Metaspace: 43923K(44544K)->43923K(44544K) NonClass: 39029K(39360K)->39029K(39360K) Class: 4894K(5184K)->4894K(5184K)
[2024-05-30T16:22:26.137-0400][gc          ] GC(32) Pause Young (Normal) (G1 Evacuation Pause) 849M->241M(1024M) 466,333ms
[2024-05-30T16:22:26.137-0400][gc,cpu      ] GC(32) User=0,94s Sys=0,64s Real=0,47s
[2024-05-30T16:29:50.770-0400][gc,start    ] GC(33) Pause Young (Normal) (G1 Evacuation Pause)
[2024-05-30T16:29:50.770-0400][gc,task     ] GC(33) Using 6 workers of 6 for evacuation
[2024-05-30T16:29:50.794-0400][gc,mmu      ] GC(33) MMU target violated: 21,0ms (20,0ms/21,0ms)
[2024-05-30T16:29:50.795-0400][gc,phases   ] GC(33)   Pre Evacuate Collection Set: 0,9ms
[2024-05-30T16:29:50.795-0400][gc,phases   ] GC(33)   Merge Heap Roots: 0,3ms
[2024-05-30T16:29:50.795-0400][gc,phases   ] GC(33)   Evacuate Collection Set: 13,1ms
[2024-05-30T16:29:50.795-0400][gc,phases   ] GC(33)   Post Evacuate Collection Set: 9,7ms
[2024-05-30T16:29:50.795-0400][gc,phases   ] GC(33)   Other: 0,2ms
[2024-05-30T16:29:50.795-0400][gc,heap     ] GC(33) Eden regions: 44->0(47)
[2024-05-30T16:29:50.795-0400][gc,heap     ] GC(33) Survivor regions: 7->4(7)
[2024-05-30T16:29:50.795-0400][gc,heap     ] GC(33) Old regions: 107->111
[2024-05-30T16:29:50.795-0400][gc,heap     ] GC(33) Humongous regions: 129->129
[2024-05-30T16:29:50.795-0400][gc,metaspace] GC(33) Metaspace: 43942K(44544K)->43942K(44544K) NonClass: 39048K(39360K)->39048K(39360K) Class: 4894K(5184K)->4894K(5184K)
[2024-05-30T16:29:50.795-0400][gc          ] GC(33) Pause Young (Normal) (G1 Evacuation Pause) 285M->242M(1024M) 24,385ms
[2024-05-30T16:29:50.795-0400][gc,cpu      ] GC(33) User=0,02s Sys=0,03s Real=0,02s
[2024-05-30T16:38:12.402-0400][gc,start    ] GC(34) Pause Young (Normal) (G1 Evacuation Pause)
[2024-05-30T16:38:12.402-0400][gc,task     ] GC(34) Using 6 workers of 6 for evacuation
[2024-05-30T16:38:12.416-0400][gc,phases   ] GC(34)   Pre Evacuate Collection Set: 1,4ms
[2024-05-30T16:38:12.416-0400][gc,phases   ] GC(34)   Merge Heap Roots: 1,6ms
[2024-05-30T16:38:12.416-0400][gc,phases   ] GC(34)   Evacuate Collection Set: 9,7ms
[2024-05-30T16:38:12.416-0400][gc,phases   ] GC(34)   Post Evacuate Collection Set: 1,4ms
[2024-05-30T16:38:12.416-0400][gc,phases   ] GC(34)   Other: 0,2ms
[2024-05-30T16:38:12.416-0400][gc,heap     ] GC(34) Eden regions: 47->0(44)
[2024-05-30T16:38:12.416-0400][gc,heap     ] GC(34) Survivor regions: 4->7(7)
[2024-05-30T16:38:12.416-0400][gc,heap     ] GC(34) Old regions: 111->111
[2024-05-30T16:38:12.416-0400][gc,heap     ] GC(34) Humongous regions: 129->129
[2024-05-30T16:38:12.416-0400][gc,metaspace] GC(34) Metaspace: 43943K(44544K)->43943K(44544K) NonClass: 39049K(39360K)->39049K(39360K) Class: 4894K(5184K)->4894K(5184K)
[2024-05-30T16:38:12.416-0400][gc          ] GC(34) Pause Young (Normal) (G1 Evacuation Pause) 289M->246M(1024M) 14,496ms
[2024-05-30T16:38:12.416-0400][gc,cpu      ] GC(34) User=0,04s Sys=0,02s Real=0,02s
[2024-05-30T16:45:59.961-0400][gc,start    ] GC(35) Pause Young (Normal) (G1 Evacuation Pause)
[2024-05-30T16:45:59.961-0400][gc,task     ] GC(35) Using 6 workers of 6 for evacuation
[2024-05-30T16:45:59.972-0400][gc,phases   ] GC(35)   Pre Evacuate Collection Set: 0,7ms
[2024-05-30T16:45:59.972-0400][gc,phases   ] GC(35)   Merge Heap Roots: 0,3ms
[2024-05-30T16:45:59.972-0400][gc,phases   ] GC(35)   Evacuate Collection Set: 8,5ms
[2024-05-30T16:45:59.972-0400][gc,phases   ] GC(35)   Post Evacuate Collection Set: 1,6ms
[2024-05-30T16:45:59.972-0400][gc,phases   ] GC(35)   Other: 0,2ms
[2024-05-30T16:45:59.972-0400][gc,heap     ] GC(35) Eden regions: 44->0(45)
[2024-05-30T16:45:59.972-0400][gc,heap     ] GC(35) Survivor regions: 7->6(7)
[2024-05-30T16:45:59.972-0400][gc,heap     ] GC(35) Old regions: 111->116
[2024-05-30T16:45:59.972-0400][gc,heap     ] GC(35) Humongous regions: 129->129
[2024-05-30T16:45:59.972-0400][gc,metaspace] GC(35) Metaspace: 43943K(44544K)->43943K(44544K) NonClass: 39049K(39360K)->39049K(39360K) Class: 4894K(5184K)->4894K(5184K)
[2024-05-30T16:45:59.972-0400][gc          ] GC(35) Pause Young (Normal) (G1 Evacuation Pause) 290M->250M(1024M) 11,591ms
[2024-05-30T16:45:59.972-0400][gc,cpu      ] GC(35) User=0,02s Sys=0,03s Real=0,01s
[2024-05-30T16:53:59.527-0400][gc,start    ] GC(36) Pause Young (Normal) (G1 Evacuation Pause)
[2024-05-30T16:53:59.528-0400][gc,task     ] GC(36) Using 6 workers of 6 for evacuation
[2024-05-30T16:53:59.574-0400][gc,mmu      ] GC(36) MMU target violated: 21,0ms (20,0ms/21,0ms)
[2024-05-30T16:53:59.574-0400][gc,phases   ] GC(36)   Pre Evacuate Collection Set: 1,0ms
[2024-05-30T16:53:59.574-0400][gc,phases   ] GC(36)   Merge Heap Roots: 0,2ms
[2024-05-30T16:53:59.574-0400][gc,phases   ] GC(36)   Evacuate Collection Set: 33,6ms
[2024-05-30T16:53:59.574-0400][gc,phases   ] GC(36)   Post Evacuate Collection Set: 11,2ms
[2024-05-30T16:53:59.574-0400][gc,phases   ] GC(36)   Other: 0,3ms
[2024-05-30T16:53:59.574-0400][gc,heap     ] GC(36) Eden regions: 45->0(45)
[2024-05-30T16:53:59.574-0400][gc,heap     ] GC(36) Survivor regions: 6->6(7)
[2024-05-30T16:53:59.574-0400][gc,heap     ] GC(36) Old regions: 116->121
[2024-05-30T16:53:59.574-0400][gc,heap     ] GC(36) Humongous regions: 129->129
[2024-05-30T16:53:59.574-0400][gc,metaspace] GC(36) Metaspace: 43943K(44544K)->43943K(44544K) NonClass: 39049K(39360K)->39049K(39360K) Class: 4894K(5184K)->4894K(5184K)
[2024-05-30T16:53:59.577-0400][gc          ] GC(36) Pause Young (Normal) (G1 Evacuation Pause) 295M->254M(1024M) 49,811ms
[2024-05-30T16:53:59.577-0400][gc,cpu      ] GC(36) User=0,10s Sys=0,01s Real=0,05s
[2024-05-30T17:01:28.499-0400][gc,start    ] GC(37) Pause Young (Normal) (G1 Evacuation Pause)
[2024-05-30T17:01:28.499-0400][gc,task     ] GC(37) Using 6 workers of 6 for evacuation
[2024-05-30T17:01:28.515-0400][gc,phases   ] GC(37)   Pre Evacuate Collection Set: 0,6ms
[2024-05-30T17:01:28.515-0400][gc,phases   ] GC(37)   Merge Heap Roots: 0,5ms
[2024-05-30T17:01:28.515-0400][gc,phases   ] GC(37)   Evacuate Collection Set: 11,4ms
[2024-05-30T17:01:28.515-0400][gc,phases   ] GC(37)   Post Evacuate Collection Set: 2,9ms
[2024-05-30T17:01:28.515-0400][gc,phases   ] GC(37)   Other: 0,1ms
[2024-05-30T17:01:28.515-0400][gc,heap     ] GC(37) Eden regions: 45->0(44)
[2024-05-30T17:01:28.515-0400][gc,heap     ] GC(37) Survivor regions: 6->7(7)
[2024-05-30T17:01:28.515-0400][gc,heap     ] GC(37) Old regions: 121->125
[2024-05-30T17:01:28.515-0400][gc,heap     ] GC(37) Humongous regions: 129->129
[2024-05-30T17:01:28.515-0400][gc,metaspace] GC(37) Metaspace: 43943K(44544K)->43943K(44544K) NonClass: 39049K(39360K)->39049K(39360K) Class: 4894K(5184K)->4894K(5184K)
[2024-05-30T17:01:28.515-0400][gc          ] GC(37) Pause Young (Normal) (G1 Evacuation Pause) 299M->260M(1024M) 15,714ms
[2024-05-30T17:01:28.515-0400][gc,cpu      ] GC(37) User=0,03s Sys=0,02s Real=0,02s
[2024-05-30T17:09:16.615-0400][gc,start    ] GC(38) Pause Young (Normal) (G1 Evacuation Pause)
[2024-05-30T17:09:16.615-0400][gc,task     ] GC(38) Using 6 workers of 6 for evacuation
[2024-05-30T17:09:16.644-0400][gc,mmu      ] GC(38) MMU target violated: 21,0ms (20,0ms/21,0ms)
[2024-05-30T17:09:16.644-0400][gc,phases   ] GC(38)   Pre Evacuate Collection Set: 4,3ms
[2024-05-30T17:09:16.644-0400][gc,phases   ] GC(38)   Merge Heap Roots: 0,3ms
[2024-05-30T17:09:16.644-0400][gc,phases   ] GC(38)   Evacuate Collection Set: 20,7ms
[2024-05-30T17:09:16.644-0400][gc,phases   ] GC(38)   Post Evacuate Collection Set: 3,6ms
[2024-05-30T17:09:16.644-0400][gc,phases   ] GC(38)   Other: 0,3ms
[2024-05-30T17:09:16.644-0400][gc,heap     ] GC(38) Eden regions: 44->0(45)
[2024-05-30T17:09:16.644-0400][gc,heap     ] GC(38) Survivor regions: 7->6(7)
[2024-05-30T17:09:16.644-0400][gc,heap     ] GC(38) Old regions: 125->131
[2024-05-30T17:09:16.644-0400][gc,heap     ] GC(38) Humongous regions: 129->129
[2024-05-30T17:09:16.644-0400][gc,metaspace] GC(38) Metaspace: 43948K(44544K)->43948K(44544K) NonClass: 39054K(39360K)->39054K(39360K) Class: 4894K(5184K)->4894K(5184K)
[2024-05-30T17:09:16.644-0400][gc          ] GC(38) Pause Young (Normal) (G1 Evacuation Pause) 304M->265M(1024M) 29,391ms
[2024-05-30T17:09:16.644-0400][gc,cpu      ] GC(38) User=0,04s Sys=0,05s Real=0,02s
[2024-05-30T17:16:46.354-0400][gc,start    ] GC(39) Pause Young (Normal) (G1 Evacuation Pause)
[2024-05-30T17:16:46.354-0400][gc,task     ] GC(39) Using 6 workers of 6 for evacuation
[2024-05-30T17:16:46.373-0400][gc,phases   ] GC(39)   Pre Evacuate Collection Set: 0,5ms
[2024-05-30T17:16:46.373-0400][gc,phases   ] GC(39)   Merge Heap Roots: 0,4ms
[2024-05-30T17:16:46.373-0400][gc,phases   ] GC(39)   Evacuate Collection Set: 13,3ms
[2024-05-30T17:16:46.373-0400][gc,phases   ] GC(39)   Post Evacuate Collection Set: 5,0ms
[2024-05-30T17:16:46.373-0400][gc,phases   ] GC(39)   Other: 0,1ms
[2024-05-30T17:16:46.373-0400][gc,heap     ] GC(39) Eden regions: 45->0(45)
[2024-05-30T17:16:46.373-0400][gc,heap     ] GC(39) Survivor regions: 6->6(7)
[2024-05-30T17:16:46.373-0400][gc,heap     ] GC(39) Old regions: 131->135
[2024-05-30T17:16:46.373-0400][gc,heap     ] GC(39) Humongous regions: 129->129
[2024-05-30T17:16:46.373-0400][gc,metaspace] GC(39) Metaspace: 43950K(44544K)->43950K(44544K) NonClass: 39056K(39360K)->39056K(39360K) Class: 4894K(5184K)->4894K(5184K)
[2024-05-30T17:16:46.373-0400][gc          ] GC(39) Pause Young (Normal) (G1 Evacuation Pause) 310M->269M(1024M) 19,733ms
[2024-05-30T17:16:46.374-0400][gc,cpu      ] GC(39) User=0,05s Sys=0,02s Real=0,02s
[2024-05-30T17:24:45.770-0400][gc,start    ] GC(40) Pause Young (Normal) (G1 Evacuation Pause)
[2024-05-30T17:24:45.770-0400][gc,task     ] GC(40) Using 6 workers of 6 for evacuation
[2024-05-30T17:24:45.780-0400][gc,phases   ] GC(40)   Pre Evacuate Collection Set: 0,6ms
[2024-05-30T17:24:45.780-0400][gc,phases   ] GC(40)   Merge Heap Roots: 0,2ms
[2024-05-30T17:24:45.780-0400][gc,phases   ] GC(40)   Evacuate Collection Set: 6,8ms
[2024-05-30T17:24:45.780-0400][gc,phases   ] GC(40)   Post Evacuate Collection Set: 2,7ms
[2024-05-30T17:24:45.780-0400][gc,phases   ] GC(40)   Other: 0,1ms
[2024-05-30T17:24:45.780-0400][gc,heap     ] GC(40) Eden regions: 45->0(48)
[2024-05-30T17:24:45.780-0400][gc,heap     ] GC(40) Survivor regions: 6->3(7)
[2024-05-30T17:24:45.780-0400][gc,heap     ] GC(40) Old regions: 135->138
[2024-05-30T17:24:45.780-0400][gc,heap     ] GC(40) Humongous regions: 129->129
[2024-05-30T17:24:45.780-0400][gc,metaspace] GC(40) Metaspace: 43951K(44544K)->43951K(44544K) NonClass: 39057K(39360K)->39057K(39360K) Class: 4894K(5184K)->4894K(5184K)
[2024-05-30T17:24:45.780-0400][gc          ] GC(40) Pause Young (Normal) (G1 Evacuation Pause) 314M->269M(1024M) 10,470ms
[2024-05-30T17:24:45.780-0400][gc,cpu      ] GC(40) User=0,03s Sys=0,00s Real=0,01s
[2024-05-30T17:33:19.943-0400][gc,start    ] GC(41) Pause Young (Normal) (G1 Evacuation Pause)
[2024-05-30T17:33:19.943-0400][gc,task     ] GC(41) Using 6 workers of 6 for evacuation
[2024-05-30T17:33:19.968-0400][gc,mmu      ] GC(41) MMU target violated: 21,0ms (20,0ms/21,0ms)
[2024-05-30T17:33:19.968-0400][gc,phases   ] GC(41)   Pre Evacuate Collection Set: 0,9ms
[2024-05-30T17:33:19.968-0400][gc,phases   ] GC(41)   Merge Heap Roots: 0,4ms
[2024-05-30T17:33:19.968-0400][gc,phases   ] GC(41)   Evacuate Collection Set: 20,9ms
[2024-05-30T17:33:19.968-0400][gc,phases   ] GC(41)   Post Evacuate Collection Set: 2,5ms
[2024-05-30T17:33:19.968-0400][gc,phases   ] GC(41)   Other: 0,2ms
[2024-05-30T17:33:19.968-0400][gc,heap     ] GC(41) Eden regions: 48->0(44)
[2024-05-30T17:33:19.968-0400][gc,heap     ] GC(41) Survivor regions: 3->7(7)
[2024-05-30T17:33:19.968-0400][gc,heap     ] GC(41) Old regions: 138->138
[2024-05-30T17:33:19.968-0400][gc,heap     ] GC(41) Humongous regions: 129->129
[2024-05-30T17:33:19.968-0400][gc,metaspace] GC(41) Metaspace: 43955K(44544K)->43955K(44544K) NonClass: 39061K(39360K)->39061K(39360K) Class: 4894K(5184K)->4894K(5184K)
[2024-05-30T17:33:19.968-0400][gc          ] GC(41) Pause Young (Normal) (G1 Evacuation Pause) 317M->272M(1024M) 25,141ms
[2024-05-30T17:33:19.968-0400][gc,cpu      ] GC(41) User=0,07s Sys=0,01s Real=0,03s
[2024-05-30T17:41:09.228-0400][gc,start    ] GC(42) Pause Young (Normal) (G1 Evacuation Pause)
[2024-05-30T17:41:09.228-0400][gc,task     ] GC(42) Using 6 workers of 6 for evacuation
[2024-05-30T17:41:09.248-0400][gc,phases   ] GC(42)   Pre Evacuate Collection Set: 3,1ms
[2024-05-30T17:41:09.248-0400][gc,phases   ] GC(42)   Merge Heap Roots: 0,1ms
[2024-05-30T17:41:09.248-0400][gc,phases   ] GC(42)   Evacuate Collection Set: 13,3ms
[2024-05-30T17:41:09.248-0400][gc,phases   ] GC(42)   Post Evacuate Collection Set: 3,2ms
[2024-05-30T17:41:09.248-0400][gc,phases   ] GC(42)   Other: 0,1ms
[2024-05-30T17:41:09.248-0400][gc,heap     ] GC(42) Eden regions: 44->0(46)
[2024-05-30T17:41:09.248-0400][gc,heap     ] GC(42) Survivor regions: 7->5(7)
[2024-05-30T17:41:09.248-0400][gc,heap     ] GC(42) Old regions: 138->143
[2024-05-30T17:41:09.248-0400][gc,heap     ] GC(42) Humongous regions: 129->129
[2024-05-30T17:41:09.248-0400][gc,metaspace] GC(42) Metaspace: 43961K(44608K)->43961K(44608K) NonClass: 39067K(39424K)->39067K(39424K) Class: 4894K(5184K)->4894K(5184K)
[2024-05-30T17:41:09.249-0400][gc          ] GC(42) Pause Young (Normal) (G1 Evacuation Pause) 316M->276M(1024M) 20,819ms
[2024-05-30T17:41:09.249-0400][gc,cpu      ] GC(42) User=0,02s Sys=0,03s Real=0,02s
[2024-05-30T17:49:20.655-0400][gc,start    ] GC(43) Pause Young (Normal) (G1 Evacuation Pause)
[2024-05-30T17:49:20.655-0400][gc,task     ] GC(43) Using 6 workers of 6 for evacuation
[2024-05-30T17:49:20.669-0400][gc,phases   ] GC(43)   Pre Evacuate Collection Set: 1,2ms
[2024-05-30T17:49:20.669-0400][gc,phases   ] GC(43)   Merge Heap Roots: 0,3ms
[2024-05-30T17:49:20.669-0400][gc,phases   ] GC(43)   Evacuate Collection Set: 10,6ms
[2024-05-30T17:49:20.669-0400][gc,phases   ] GC(43)   Post Evacuate Collection Set: 1,5ms
[2024-05-30T17:49:20.669-0400][gc,phases   ] GC(43)   Other: 0,1ms
[2024-05-30T17:49:20.669-0400][gc,heap     ] GC(43) Eden regions: 46->0(46)
[2024-05-30T17:49:20.669-0400][gc,heap     ] GC(43) Survivor regions: 5->5(7)
[2024-05-30T17:49:20.669-0400][gc,heap     ] GC(43) Old regions: 143->147
[2024-05-30T17:49:20.669-0400][gc,heap     ] GC(43) Humongous regions: 129->129
[2024-05-30T17:49:20.669-0400][gc,metaspace] GC(43) Metaspace: 43963K(44608K)->43963K(44608K) NonClass: 39068K(39424K)->39068K(39424K) Class: 4894K(5184K)->4894K(5184K)
[2024-05-30T17:49:20.669-0400][gc          ] GC(43) Pause Young (Normal) (G1 Evacuation Pause) 322M->280M(1024M) 13,836ms
[2024-05-30T17:49:20.669-0400][gc,cpu      ] GC(43) User=0,02s Sys=0,02s Real=0,01s
[2024-05-30T17:57:33.460-0400][gc,start    ] GC(44) Pause Young (Normal) (G1 Evacuation Pause)
[2024-05-30T17:57:33.460-0400][gc,task     ] GC(44) Using 6 workers of 6 for evacuation
[2024-05-30T17:57:33.474-0400][gc,phases   ] GC(44)   Pre Evacuate Collection Set: 0,5ms
[2024-05-30T17:57:33.474-0400][gc,phases   ] GC(44)   Merge Heap Roots: 0,3ms
[2024-05-30T17:57:33.474-0400][gc,phases   ] GC(44)   Evacuate Collection Set: 11,5ms
[2024-05-30T17:57:33.474-0400][gc,phases   ] GC(44)   Post Evacuate Collection Set: 1,8ms
[2024-05-30T17:57:33.474-0400][gc,phases   ] GC(44)   Other: 0,1ms
[2024-05-30T17:57:33.474-0400][gc,heap     ] GC(44) Eden regions: 46->0(46)
[2024-05-30T17:57:33.474-0400][gc,heap     ] GC(44) Survivor regions: 5->5(7)
[2024-05-30T17:57:33.474-0400][gc,heap     ] GC(44) Old regions: 147->151
[2024-05-30T17:57:33.474-0400][gc,heap     ] GC(44) Humongous regions: 129->129
[2024-05-30T17:57:33.474-0400][gc,metaspace] GC(44) Metaspace: 43963K(44608K)->43963K(44608K) NonClass: 39068K(39424K)->39068K(39424K) Class: 4894K(5184K)->4894K(5184K)
[2024-05-30T17:57:33.474-0400][gc          ] GC(44) Pause Young (Normal) (G1 Evacuation Pause) 326M->284M(1024M) 14,555ms
[2024-05-30T17:57:33.474-0400][gc,cpu      ] GC(44) User=0,03s Sys=0,02s Real=0,01s
[2024-05-30T18:05:13.684-0400][gc,start    ] GC(45) Pause Young (Normal) (G1 Evacuation Pause)
[2024-05-30T18:05:13.684-0400][gc,task     ] GC(45) Using 6 workers of 6 for evacuation
[2024-05-30T18:05:13.708-0400][gc,mmu      ] GC(45) MMU target violated: 21,0ms (20,0ms/21,0ms)
[2024-05-30T18:05:13.708-0400][gc,phases   ] GC(45)   Pre Evacuate Collection Set: 1,8ms
[2024-05-30T18:05:13.708-0400][gc,phases   ] GC(45)   Merge Heap Roots: 0,2ms
[2024-05-30T18:05:13.708-0400][gc,phases   ] GC(45)   Evacuate Collection Set: 21,1ms
[2024-05-30T18:05:13.708-0400][gc,phases   ] GC(45)   Post Evacuate Collection Set: 1,3ms
[2024-05-30T18:05:13.708-0400][gc,phases   ] GC(45)   Other: 0,1ms
[2024-05-30T18:05:13.709-0400][gc,heap     ] GC(45) Eden regions: 46->0(44)
[2024-05-30T18:05:13.709-0400][gc,heap     ] GC(45) Survivor regions: 5->7(7)
[2024-05-30T18:05:13.709-0400][gc,heap     ] GC(45) Old regions: 151->156
[2024-05-30T18:05:13.709-0400][gc,heap     ] GC(45) Humongous regions: 129->129
[2024-05-30T18:05:13.709-0400][gc,metaspace] GC(45) Metaspace: 43964K(44608K)->43964K(44608K) NonClass: 39070K(39424K)->39070K(39424K) Class: 4894K(5184K)->4894K(5184K)
[2024-05-30T18:05:13.709-0400][gc          ] GC(45) Pause Young (Normal) (G1 Evacuation Pause) 330M->291M(1024M) 24,527ms
[2024-05-30T18:05:13.709-0400][gc,cpu      ] GC(45) User=0,05s Sys=0,02s Real=0,03s
[2024-05-30T18:08:12.441-0400][gc,start    ] GC(46) Pause Young (Normal) (G1 Evacuation Pause)
[2024-05-30T18:08:12.441-0400][gc,task     ] GC(46) Using 6 workers of 6 for evacuation
[2024-05-30T18:08:12.457-0400][gc,phases   ] GC(46)   Pre Evacuate Collection Set: 0,7ms
[2024-05-30T18:08:12.457-0400][gc,phases   ] GC(46)   Merge Heap Roots: 0,1ms
[2024-05-30T18:08:12.457-0400][gc,phases   ] GC(46)   Evacuate Collection Set: 12,9ms
[2024-05-30T18:08:12.457-0400][gc,phases   ] GC(46)   Post Evacuate Collection Set: 2,5ms
[2024-05-30T18:08:12.457-0400][gc,phases   ] GC(46)   Other: 0,1ms
[2024-05-30T18:08:12.457-0400][gc,heap     ] GC(46) Eden regions: 44->0(46)
[2024-05-30T18:08:12.457-0400][gc,heap     ] GC(46) Survivor regions: 7->5(7)
[2024-05-30T18:08:12.457-0400][gc,heap     ] GC(46) Old regions: 156->161
[2024-05-30T18:08:12.457-0400][gc,heap     ] GC(46) Humongous regions: 129->129
[2024-05-30T18:08:12.457-0400][gc,metaspace] GC(46) Metaspace: 43965K(44608K)->43965K(44608K) NonClass: 39071K(39424K)->39071K(39424K) Class: 4894K(5184K)->4894K(5184K)
[2024-05-30T18:08:12.457-0400][gc          ] GC(46) Pause Young (Normal) (G1 Evacuation Pause) 335M->294M(1024M) 16,393ms
[2024-05-30T18:08:12.457-0400][gc,cpu      ] GC(46) User=0,02s Sys=0,02s Real=0,02s
[2024-05-30T18:14:06.189-0400][gc,start    ] GC(47) Pause Young (Normal) (G1 Evacuation Pause)
[2024-05-30T18:14:06.189-0400][gc,task     ] GC(47) Using 6 workers of 6 for evacuation
[2024-05-30T18:14:06.203-0400][gc,phases   ] GC(47)   Pre Evacuate Collection Set: 0,6ms
[2024-05-30T18:14:06.203-0400][gc,phases   ] GC(47)   Merge Heap Roots: 0,3ms
[2024-05-30T18:14:06.203-0400][gc,phases   ] GC(47)   Evacuate Collection Set: 10,3ms
[2024-05-30T18:14:06.203-0400][gc,phases   ] GC(47)   Post Evacuate Collection Set: 2,3ms
[2024-05-30T18:14:06.203-0400][gc,phases   ] GC(47)   Other: 0,1ms
[2024-05-30T18:14:06.203-0400][gc,heap     ] GC(47) Eden regions: 46->0(44)
[2024-05-30T18:14:06.203-0400][gc,heap     ] GC(47) Survivor regions: 5->7(7)
[2024-05-30T18:14:06.203-0400][gc,heap     ] GC(47) Old regions: 161->165
[2024-05-30T18:14:06.203-0400][gc,heap     ] GC(47) Humongous regions: 129->129
[2024-05-30T18:14:06.203-0400][gc,metaspace] GC(47) Metaspace: 43965K(44608K)->43965K(44608K) NonClass: 39071K(39424K)->39071K(39424K) Class: 4894K(5184K)->4894K(5184K)
[2024-05-30T18:14:06.203-0400][gc          ] GC(47) Pause Young (Normal) (G1 Evacuation Pause) 340M->300M(1024M) 13,746ms
[2024-05-30T18:14:06.203-0400][gc,cpu      ] GC(47) User=0,03s Sys=0,02s Real=0,01s
[2024-05-30T18:21:50.099-0400][gc,start    ] GC(48) Pause Young (Normal) (G1 Evacuation Pause)
[2024-05-30T18:21:50.099-0400][gc,task     ] GC(48) Using 6 workers of 6 for evacuation
[2024-05-30T18:21:50.115-0400][gc,phases   ] GC(48)   Pre Evacuate Collection Set: 0,6ms
[2024-05-30T18:21:50.115-0400][gc,phases   ] GC(48)   Merge Heap Roots: 0,3ms
[2024-05-30T18:21:50.115-0400][gc,phases   ] GC(48)   Evacuate Collection Set: 11,1ms
[2024-05-30T18:21:50.115-0400][gc,phases   ] GC(48)   Post Evacuate Collection Set: 4,4ms
[2024-05-30T18:21:50.116-0400][gc,phases   ] GC(48)   Other: 0,1ms
[2024-05-30T18:21:50.116-0400][gc,heap     ] GC(48) Eden regions: 44->0(47)
[2024-05-30T18:21:50.116-0400][gc,heap     ] GC(48) Survivor regions: 7->4(7)
[2024-05-30T18:21:50.116-0400][gc,heap     ] GC(48) Old regions: 165->169
[2024-05-30T18:21:50.116-0400][gc,heap     ] GC(48) Humongous regions: 129->129
[2024-05-30T18:21:50.116-0400][gc,metaspace] GC(48) Metaspace: 43968K(44608K)->43968K(44608K) NonClass: 39074K(39424K)->39074K(39424K) Class: 4894K(5184K)->4894K(5184K)
[2024-05-30T18:21:50.116-0400][gc          ] GC(48) Pause Young (Normal) (G1 Evacuation Pause) 344M->301M(1024M) 16,675ms
[2024-05-30T18:21:50.116-0400][gc,cpu      ] GC(48) User=0,03s Sys=0,01s Real=0,02s
[2024-06-01T15:20:47.535-0400][gc,start    ] GC(49) Pause Young (Normal) (G1 Evacuation Pause)
[2024-06-01T15:20:47.535-0400][gc,task     ] GC(49) Using 6 workers of 6 for evacuation
[2024-06-01T15:20:47.566-0400][gc,mmu      ] GC(49) MMU target violated: 21,0ms (20,0ms/21,0ms)
[2024-06-01T15:20:47.566-0400][gc,phases   ] GC(49)   Pre Evacuate Collection Set: 1,9ms
[2024-06-01T15:20:47.566-0400][gc,phases   ] GC(49)   Merge Heap Roots: 0,4ms
[2024-06-01T15:20:47.566-0400][gc,phases   ] GC(49)   Evacuate Collection Set: 26,9ms
[2024-06-01T15:20:47.566-0400][gc,phases   ] GC(49)   Post Evacuate Collection Set: 2,0ms
[2024-06-01T15:20:47.566-0400][gc,phases   ] GC(49)   Other: 0,2ms
[2024-06-01T15:20:47.566-0400][gc,heap     ] GC(49) Eden regions: 140->0(41)
[2024-06-01T15:20:47.566-0400][gc,heap     ] GC(49) Survivor regions: 4->10(18)
[2024-06-01T15:20:47.566-0400][gc,heap     ] GC(49) Old regions: 169->169
[2024-06-01T15:20:47.566-0400][gc,heap     ] GC(49) Humongous regions: 129->129
[2024-06-01T15:20:47.566-0400][gc,metaspace] GC(49) Metaspace: 43970K(44608K)->43970K(44608K) NonClass: 39076K(39424K)->39076K(39424K) Class: 4894K(5184K)->4894K(5184K)
[2024-06-01T15:20:47.566-0400][gc          ] GC(49) Pause Young (Normal) (G1 Evacuation Pause) 441M->307M(1024M) 31,726ms
[2024-06-01T15:20:47.566-0400][gc,cpu      ] GC(49) User=0,07s Sys=0,06s Real=0,04s
[2024-06-01T15:28:30.582-0400][gc,start    ] GC(50) Pause Young (Normal) (G1 Evacuation Pause)
[2024-06-01T15:28:30.582-0400][gc,task     ] GC(50) Using 6 workers of 6 for evacuation
[2024-06-01T15:28:30.603-0400][gc,mmu      ] GC(50) MMU target violated: 21,0ms (20,0ms/21,0ms)
[2024-06-01T15:28:30.603-0400][gc,phases   ] GC(50)   Pre Evacuate Collection Set: 1,0ms
[2024-06-01T15:28:30.603-0400][gc,phases   ] GC(50)   Merge Heap Roots: 0,4ms
[2024-06-01T15:28:30.603-0400][gc,phases   ] GC(50)   Evacuate Collection Set: 13,4ms
[2024-06-01T15:28:30.603-0400][gc,phases   ] GC(50)   Post Evacuate Collection Set: 6,5ms
[2024-06-01T15:28:30.603-0400][gc,phases   ] GC(50)   Other: 0,3ms
[2024-06-01T15:28:30.603-0400][gc,heap     ] GC(50) Eden regions: 41->0(74)
[2024-06-01T15:28:30.603-0400][gc,heap     ] GC(50) Survivor regions: 10->2(7)
[2024-06-01T15:28:30.603-0400][gc,heap     ] GC(50) Old regions: 169->178
[2024-06-01T15:28:30.603-0400][gc,heap     ] GC(50) Humongous regions: 129->129
[2024-06-01T15:28:30.603-0400][gc,metaspace] GC(50) Metaspace: 43970K(44608K)->43970K(44608K) NonClass: 39076K(39424K)->39076K(39424K) Class: 4894K(5184K)->4894K(5184K)
[2024-06-01T15:28:30.603-0400][gc          ] GC(50) Pause Young (Normal) (G1 Evacuation Pause) 348M->308M(1024M) 21,724ms
[2024-06-01T15:28:30.604-0400][gc,cpu      ] GC(50) User=0,01s Sys=0,03s Real=0,02s
[2024-06-01T15:47:45.005-0400][gc,start    ] GC(51) Pause Young (Normal) (G1 Evacuation Pause)
[2024-06-01T15:47:45.005-0400][gc,task     ] GC(51) Using 6 workers of 6 for evacuation
[2024-06-01T15:47:45.013-0400][gc,phases   ] GC(51)   Pre Evacuate Collection Set: 0,9ms
[2024-06-01T15:47:45.013-0400][gc,phases   ] GC(51)   Merge Heap Roots: 0,2ms
[2024-06-01T15:47:45.013-0400][gc,phases   ] GC(51)   Evacuate Collection Set: 4,5ms
[2024-06-01T15:47:45.013-0400][gc,phases   ] GC(51)   Post Evacuate Collection Set: 2,2ms
[2024-06-01T15:47:45.013-0400][gc,phases   ] GC(51)   Other: 0,1ms
[2024-06-01T15:47:45.013-0400][gc,heap     ] GC(51) Eden regions: 103->0(114)
[2024-06-01T15:47:45.013-0400][gc,heap     ] GC(51) Survivor regions: 2->3(14)
[2024-06-01T15:47:45.013-0400][gc,heap     ] GC(51) Old regions: 178->178
[2024-06-01T15:47:45.013-0400][gc,heap     ] GC(51) Humongous regions: 129->129
[2024-06-01T15:47:45.013-0400][gc,metaspace] GC(51) Metaspace: 43972K(44608K)->43972K(44608K) NonClass: 39078K(39424K)->39078K(39424K) Class: 4894K(5184K)->4894K(5184K)
[2024-06-01T15:47:45.013-0400][gc          ] GC(51) Pause Young (Normal) (G1 Evacuation Pause) 411M->308M(1024M) 8,000ms
[2024-06-01T15:47:45.013-0400][gc,cpu      ] GC(51) User=0,01s Sys=0,01s Real=0,01s
[2024-06-01T16:05:48.921-0400][gc,start    ] GC(52) Pause Young (Normal) (G1 Evacuation Pause)
[2024-06-01T16:05:48.921-0400][gc,task     ] GC(52) Using 6 workers of 6 for evacuation
[2024-06-01T16:05:48.933-0400][gc,phases   ] GC(52)   Pre Evacuate Collection Set: 0,6ms
[2024-06-01T16:05:48.933-0400][gc,phases   ] GC(52)   Merge Heap Roots: 0,3ms
[2024-06-01T16:05:48.933-0400][gc,phases   ] GC(52)   Evacuate Collection Set: 7,9ms
[2024-06-01T16:05:48.933-0400][gc,phases   ] GC(52)   Post Evacuate Collection Set: 2,8ms
[2024-06-01T16:05:48.933-0400][gc,phases   ] GC(52)   Other: 0,1ms
[2024-06-01T16:05:48.933-0400][gc,heap     ] GC(52) Eden regions: 103->0(121)
[2024-06-01T16:05:48.933-0400][gc,heap     ] GC(52) Survivor regions: 3->5(14)
[2024-06-01T16:05:48.933-0400][gc,heap     ] GC(52) Old regions: 178->178
[2024-06-01T16:05:48.933-0400][gc,heap     ] GC(52) Humongous regions: 129->129
[2024-06-01T16:05:48.933-0400][gc,metaspace] GC(52) Metaspace: 43975K(44608K)->43975K(44608K) NonClass: 39081K(39424K)->39081K(39424K) Class: 4894K(5184K)->4894K(5184K)
[2024-06-01T16:05:48.933-0400][gc          ] GC(52) Pause Young (Normal) (G1 Evacuation Pause) 411M->310M(1024M) 11,867ms
[2024-06-01T16:05:48.933-0400][gc,cpu      ] GC(52) User=0,03s Sys=0,01s Real=0,01s
[2024-06-01T16:26:09.466-0400][gc,start    ] GC(53) Pause Young (Normal) (G1 Evacuation Pause)
[2024-06-01T16:26:09.467-0400][gc,task     ] GC(53) Using 6 workers of 6 for evacuation
[2024-06-01T16:26:09.475-0400][gc,phases   ] GC(53)   Pre Evacuate Collection Set: 0,7ms
[2024-06-01T16:26:09.475-0400][gc,phases   ] GC(53)   Merge Heap Roots: 0,1ms
[2024-06-01T16:26:09.475-0400][gc,phases   ] GC(53)   Evacuate Collection Set: 5,2ms
[2024-06-01T16:26:09.475-0400][gc,phases   ] GC(53)   Post Evacuate Collection Set: 1,3ms
[2024-06-01T16:26:09.475-0400][gc,phases   ] GC(53)   Other: 0,1ms
[2024-06-01T16:26:09.475-0400][gc,heap     ] GC(53) Eden regions: 114->0(252)
[2024-06-01T16:26:09.475-0400][gc,heap     ] GC(53) Survivor regions: 5->4(15)
[2024-06-01T16:26:09.475-0400][gc,heap     ] GC(53) Old regions: 178->178
[2024-06-01T16:26:09.475-0400][gc,heap     ] GC(53) Humongous regions: 129->129
[2024-06-01T16:26:09.475-0400][gc,metaspace] GC(53) Metaspace: 43992K(44608K)->43992K(44608K) NonClass: 39098K(39424K)->39098K(39424K) Class: 4894K(5184K)->4894K(5184K)
[2024-06-01T16:26:09.475-0400][gc          ] GC(53) Pause Young (Normal) (G1 Evacuation Pause) 424M->309M(1024M) 8,643ms
[2024-06-01T16:26:09.475-0400][gc,cpu      ] GC(53) User=0,01s Sys=0,01s Real=0,00s
[2024-06-01T17:10:45.945-0400][gc,start    ] GC(54) Pause Young (Normal) (G1 Evacuation Pause)
[2024-06-01T17:10:45.945-0400][gc,task     ] GC(54) Using 6 workers of 6 for evacuation
[2024-06-01T17:10:46.010-0400][gc,mmu      ] GC(54) MMU target violated: 21,0ms (20,0ms/21,0ms)
[2024-06-01T17:10:46.010-0400][gc,phases   ] GC(54)   Pre Evacuate Collection Set: 12,6ms
[2024-06-01T17:10:46.010-0400][gc,phases   ] GC(54)   Merge Heap Roots: 0,4ms
[2024-06-01T17:10:46.010-0400][gc,phases   ] GC(54)   Evacuate Collection Set: 48,4ms
[2024-06-01T17:10:46.010-0400][gc,phases   ] GC(54)   Post Evacuate Collection Set: 3,2ms
[2024-06-01T17:10:46.010-0400][gc,phases   ] GC(54)   Other: 0,4ms
[2024-06-01T17:10:46.010-0400][gc,heap     ] GC(54) Eden regions: 251->0(47)
[2024-06-01T17:10:46.010-0400][gc,heap     ] GC(54) Survivor regions: 4->4(32)
[2024-06-01T17:10:46.010-0400][gc,heap     ] GC(54) Old regions: 178->178
[2024-06-01T17:10:46.010-0400][gc,heap     ] GC(54) Humongous regions: 129->129
[2024-06-01T17:10:46.010-0400][gc,metaspace] GC(54) Metaspace: 43997K(44608K)->43997K(44608K) NonClass: 39103K(39424K)->39103K(39424K) Class: 4894K(5184K)->4894K(5184K)
[2024-06-01T17:10:46.011-0400][gc          ] GC(54) Pause Young (Normal) (G1 Evacuation Pause) 560M->309M(1024M) 66,229ms
[2024-06-01T17:10:46.011-0400][gc,cpu      ] GC(54) User=0,16s Sys=0,00s Real=0,07s
[2024-06-01T17:18:56.407-0400][gc,start    ] GC(55) Pause Young (Normal) (G1 Evacuation Pause)
[2024-06-01T17:18:56.409-0400][gc,task     ] GC(55) Using 6 workers of 6 for evacuation
[2024-06-01T17:18:56.424-0400][gc,phases   ] GC(55)   Pre Evacuate Collection Set: 1,3ms
[2024-06-01T17:18:56.424-0400][gc,phases   ] GC(55)   Merge Heap Roots: 0,9ms
[2024-06-01T17:18:56.424-0400][gc,phases   ] GC(55)   Evacuate Collection Set: 7,7ms
[2024-06-01T17:18:56.424-0400][gc,phases   ] GC(55)   Post Evacuate Collection Set: 5,2ms
[2024-06-01T17:18:56.424-0400][gc,phases   ] GC(55)   Other: 0,1ms
[2024-06-01T17:18:56.424-0400][gc,heap     ] GC(55) Eden regions: 47->0(47)
[2024-06-01T17:18:56.424-0400][gc,heap     ] GC(55) Survivor regions: 4->4(7)
[2024-06-01T17:18:56.424-0400][gc,heap     ] GC(55) Old regions: 178->178
[2024-06-01T17:18:56.424-0400][gc,heap     ] GC(55) Humongous regions: 129->129
[2024-06-01T17:18:56.424-0400][gc,metaspace] GC(55) Metaspace: 43997K(44608K)->43997K(44608K) NonClass: 39103K(39424K)->39103K(39424K) Class: 4894K(5184K)->4894K(5184K)
[2024-06-01T17:18:56.424-0400][gc          ] GC(55) Pause Young (Normal) (G1 Evacuation Pause) 356M->309M(1024M) 16,672ms
[2024-06-01T17:18:56.424-0400][gc,cpu      ] GC(55) User=0,02s Sys=0,01s Real=0,01s
[2024-06-01T17:27:15.581-0400][gc,start    ] GC(56) Pause Young (Normal) (G1 Evacuation Pause)
[2024-06-01T17:27:15.581-0400][gc,task     ] GC(56) Using 6 workers of 6 for evacuation
[2024-06-01T17:27:15.642-0400][gc,mmu      ] GC(56) MMU target violated: 21,0ms (20,0ms/21,0ms)
[2024-06-01T17:27:15.642-0400][gc,phases   ] GC(56)   Pre Evacuate Collection Set: 0,4ms
[2024-06-01T17:27:15.642-0400][gc,phases   ] GC(56)   Merge Heap Roots: 0,5ms
[2024-06-01T17:27:15.642-0400][gc,phases   ] GC(56)   Evacuate Collection Set: 54,9ms
[2024-06-01T17:27:15.642-0400][gc,phases   ] GC(56)   Post Evacuate Collection Set: 4,7ms
[2024-06-01T17:27:15.642-0400][gc,phases   ] GC(56)   Other: 0,2ms
[2024-06-01T17:27:15.642-0400][gc,heap     ] GC(56) Eden regions: 47->0(47)
[2024-06-01T17:27:15.642-0400][gc,heap     ] GC(56) Survivor regions: 4->4(7)
[2024-06-01T17:27:15.642-0400][gc,heap     ] GC(56) Old regions: 178->178
[2024-06-01T17:27:15.642-0400][gc,heap     ] GC(56) Humongous regions: 129->129
[2024-06-01T17:27:15.642-0400][gc,metaspace] GC(56) Metaspace: 43997K(44608K)->43997K(44608K) NonClass: 39103K(39424K)->39103K(39424K) Class: 4894K(5184K)->4894K(5184K)
[2024-06-01T17:27:15.642-0400][gc          ] GC(56) Pause Young (Normal) (G1 Evacuation Pause) 356M->309M(1024M) 60,959ms
[2024-06-01T17:27:15.643-0400][gc,cpu      ] GC(56) User=0,05s Sys=0,00s Real=0,06s
[2024-06-01T17:35:37.171-0400][gc,start    ] GC(57) Pause Young (Normal) (G1 Evacuation Pause)
[2024-06-01T17:35:37.171-0400][gc,task     ] GC(57) Using 6 workers of 6 for evacuation
[2024-06-01T17:35:37.263-0400][gc,mmu      ] GC(57) MMU target violated: 21,0ms (20,0ms/21,0ms)
[2024-06-01T17:35:37.263-0400][gc,phases   ] GC(57)   Pre Evacuate Collection Set: 3,2ms
[2024-06-01T17:35:37.263-0400][gc,phases   ] GC(57)   Merge Heap Roots: 0,1ms
[2024-06-01T17:35:37.263-0400][gc,phases   ] GC(57)   Evacuate Collection Set: 87,6ms
[2024-06-01T17:35:37.263-0400][gc,phases   ] GC(57)   Post Evacuate Collection Set: 0,8ms
[2024-06-01T17:35:37.263-0400][gc,phases   ] GC(57)   Other: 0,1ms
[2024-06-01T17:35:37.263-0400][gc,heap     ] GC(57) Eden regions: 47->0(46)
[2024-06-01T17:35:37.263-0400][gc,heap     ] GC(57) Survivor regions: 4->5(7)
[2024-06-01T17:35:37.263-0400][gc,heap     ] GC(57) Old regions: 178->178
[2024-06-01T17:35:37.263-0400][gc,heap     ] GC(57) Humongous regions: 129->129
[2024-06-01T17:35:37.263-0400][gc,metaspace] GC(57) Metaspace: 43997K(44608K)->43997K(44608K) NonClass: 39103K(39424K)->39103K(39424K) Class: 4894K(5184K)->4894K(5184K)
[2024-06-01T17:35:37.263-0400][gc          ] GC(57) Pause Young (Normal) (G1 Evacuation Pause) 356M->310M(1024M) 92,072ms
[2024-06-01T17:35:37.263-0400][gc,cpu      ] GC(57) User=0,15s Sys=0,05s Real=0,09s
[2024-06-02T21:46:05.884-0400][gc,start    ] GC(58) Pause Young (Normal) (G1 Evacuation Pause)
[2024-06-02T21:46:05.885-0400][gc,task     ] GC(58) Using 6 workers of 6 for evacuation
[2024-06-02T21:46:05.942-0400][gc,mmu      ] GC(58) MMU target violated: 21,0ms (20,0ms/21,0ms)
[2024-06-02T21:46:05.942-0400][gc,phases   ] GC(58)   Pre Evacuate Collection Set: 15,3ms
[2024-06-02T21:46:05.942-0400][gc,phases   ] GC(58)   Merge Heap Roots: 1,3ms
[2024-06-02T21:46:05.942-0400][gc,phases   ] GC(58)   Evacuate Collection Set: 33,2ms
[2024-06-02T21:46:05.942-0400][gc,phases   ] GC(58)   Post Evacuate Collection Set: 7,1ms
[2024-06-02T21:46:05.942-0400][gc,phases   ] GC(58)   Other: 0,4ms
[2024-06-02T21:46:05.942-0400][gc,heap     ] GC(58) Eden regions: 46->0(46)
[2024-06-02T21:46:05.942-0400][gc,heap     ] GC(58) Survivor regions: 5->5(7)
[2024-06-02T21:46:05.942-0400][gc,heap     ] GC(58) Old regions: 178->178
[2024-06-02T21:46:05.942-0400][gc,heap     ] GC(58) Humongous regions: 129->129
[2024-06-02T21:46:05.942-0400][gc,metaspace] GC(58) Metaspace: 43998K(44608K)->43998K(44608K) NonClass: 39104K(39424K)->39104K(39424K) Class: 4894K(5184K)->4894K(5184K)
[2024-06-02T21:46:05.942-0400][gc          ] GC(58) Pause Young (Normal) (G1 Evacuation Pause) 356M->310M(1024M) 57,866ms
[2024-06-02T21:46:05.942-0400][gc,cpu      ] GC(58) User=0,11s Sys=0,02s Real=0,06s
[2024-06-02T21:54:09.883-0400][gc,start    ] GC(59) Pause Young (Normal) (G1 Evacuation Pause)
[2024-06-02T21:54:09.887-0400][gc,task     ] GC(59) Using 6 workers of 6 for evacuation
[2024-06-02T21:54:09.916-0400][gc,mmu      ] GC(59) MMU target violated: 21,0ms (20,0ms/21,0ms)
[2024-06-02T21:54:09.917-0400][gc,phases   ] GC(59)   Pre Evacuate Collection Set: 0,7ms
[2024-06-02T21:54:09.917-0400][gc,phases   ] GC(59)   Merge Heap Roots: 0,6ms
[2024-06-02T21:54:09.917-0400][gc,phases   ] GC(59)   Evacuate Collection Set: 25,3ms
[2024-06-02T21:54:09.917-0400][gc,phases   ] GC(59)   Post Evacuate Collection Set: 3,3ms
[2024-06-02T21:54:09.917-0400][gc,phases   ] GC(59)   Other: 0,2ms
[2024-06-02T21:54:09.917-0400][gc,heap     ] GC(59) Eden regions: 46->0(47)
[2024-06-02T21:54:09.917-0400][gc,heap     ] GC(59) Survivor regions: 5->4(7)
[2024-06-02T21:54:09.917-0400][gc,heap     ] GC(59) Old regions: 178->179
[2024-06-02T21:54:09.917-0400][gc,heap     ] GC(59) Humongous regions: 129->129
[2024-06-02T21:54:09.917-0400][gc,metaspace] GC(59) Metaspace: 43999K(44608K)->43999K(44608K) NonClass: 39104K(39424K)->39104K(39424K) Class: 4894K(5184K)->4894K(5184K)
[2024-06-02T21:54:09.917-0400][gc          ] GC(59) Pause Young (Normal) (G1 Evacuation Pause) 356M->310M(1024M) 33,521ms
[2024-06-02T21:54:09.917-0400][gc,cpu      ] GC(59) User=0,06s Sys=0,00s Real=0,03s
[2024-06-02T22:02:30.677-0400][gc,start    ] GC(60) Pause Young (Normal) (G1 Evacuation Pause)
[2024-06-02T22:02:30.677-0400][gc,task     ] GC(60) Using 6 workers of 6 for evacuation
[2024-06-02T22:02:30.684-0400][gc,phases   ] GC(60)   Pre Evacuate Collection Set: 0,6ms
[2024-06-02T22:02:30.684-0400][gc,phases   ] GC(60)   Merge Heap Roots: 0,3ms
[2024-06-02T22:02:30.684-0400][gc,phases   ] GC(60)   Evacuate Collection Set: 5,4ms
[2024-06-02T22:02:30.684-0400][gc,phases   ] GC(60)   Post Evacuate Collection Set: 1,0ms
[2024-06-02T22:02:30.684-0400][gc,phases   ] GC(60)   Other: 0,1ms
[2024-06-02T22:02:30.684-0400][gc,heap     ] GC(60) Eden regions: 47->0(47)
[2024-06-02T22:02:30.684-0400][gc,heap     ] GC(60) Survivor regions: 4->4(7)
[2024-06-02T22:02:30.684-0400][gc,heap     ] GC(60) Old regions: 179->179
[2024-06-02T22:02:30.684-0400][gc,heap     ] GC(60) Humongous regions: 129->129
[2024-06-02T22:02:30.684-0400][gc,metaspace] GC(60) Metaspace: 43999K(44608K)->43999K(44608K) NonClass: 39104K(39424K)->39104K(39424K) Class: 4894K(5184K)->4894K(5184K)
[2024-06-02T22:02:30.684-0400][gc          ] GC(60) Pause Young (Normal) (G1 Evacuation Pause) 357M->310M(1024M) 7,445ms
[2024-06-02T22:02:30.684-0400][gc,cpu      ] GC(60) User=0,00s Sys=0,01s Real=0,01s
[2024-06-02T22:10:49.499-0400][gc,start    ] GC(61) Pause Young (Normal) (G1 Evacuation Pause)
[2024-06-02T22:10:49.499-0400][gc,task     ] GC(61) Using 6 workers of 6 for evacuation
[2024-06-02T22:10:49.509-0400][gc,phases   ] GC(61)   Pre Evacuate Collection Set: 2,3ms
[2024-06-02T22:10:49.509-0400][gc,phases   ] GC(61)   Merge Heap Roots: 0,3ms
[2024-06-02T22:10:49.509-0400][gc,phases   ] GC(61)   Evacuate Collection Set: 5,7ms
[2024-06-02T22:10:49.509-0400][gc,phases   ] GC(61)   Post Evacuate Collection Set: 1,4ms
[2024-06-02T22:10:49.509-0400][gc,phases   ] GC(61)   Other: 0,1ms
[2024-06-02T22:10:49.509-0400][gc,heap     ] GC(61) Eden regions: 47->0(47)
[2024-06-02T22:10:49.509-0400][gc,heap     ] GC(61) Survivor regions: 4->4(7)
[2024-06-02T22:10:49.509-0400][gc,heap     ] GC(61) Old regions: 179->179
[2024-06-02T22:10:49.509-0400][gc,heap     ] GC(61) Humongous regions: 129->129
[2024-06-02T22:10:49.509-0400][gc,metaspace] GC(61) Metaspace: 44001K(44608K)->44001K(44608K) NonClass: 39106K(39424K)->39106K(39424K) Class: 4894K(5184K)->4894K(5184K)
[2024-06-02T22:10:49.509-0400][gc          ] GC(61) Pause Young (Normal) (G1 Evacuation Pause) 357M->310M(1024M) 10,069ms
[2024-06-02T22:10:49.509-0400][gc,cpu      ] GC(61) User=0,00s Sys=0,01s Real=0,01s
[2024-06-02T22:19:08.951-0400][gc,start    ] GC(62) Pause Young (Normal) (G1 Evacuation Pause)
[2024-06-02T22:19:08.952-0400][gc,task     ] GC(62) Using 6 workers of 6 for evacuation
[2024-06-02T22:19:08.975-0400][gc,mmu      ] GC(62) MMU target violated: 21,0ms (20,0ms/21,0ms)
[2024-06-02T22:19:08.975-0400][gc,phases   ] GC(62)   Pre Evacuate Collection Set: 1,7ms
[2024-06-02T22:19:08.975-0400][gc,phases   ] GC(62)   Merge Heap Roots: 2,1ms
[2024-06-02T22:19:08.975-0400][gc,phases   ] GC(62)   Evacuate Collection Set: 14,5ms
[2024-06-02T22:19:08.975-0400][gc,phases   ] GC(62)   Post Evacuate Collection Set: 5,0ms
[2024-06-02T22:19:08.975-0400][gc,phases   ] GC(62)   Other: 0,2ms
[2024-06-02T22:19:08.975-0400][gc,heap     ] GC(62) Eden regions: 47->0(47)
[2024-06-02T22:19:08.975-0400][gc,heap     ] GC(62) Survivor regions: 4->4(7)
[2024-06-02T22:19:08.975-0400][gc,heap     ] GC(62) Old regions: 179->179
[2024-06-02T22:19:08.975-0400][gc,heap     ] GC(62) Humongous regions: 129->129
[2024-06-02T22:19:08.975-0400][gc,metaspace] GC(62) Metaspace: 44003K(44608K)->44003K(44608K) NonClass: 39108K(39424K)->39108K(39424K) Class: 4894K(5184K)->4894K(5184K)
[2024-06-02T22:19:08.975-0400][gc          ] GC(62) Pause Young (Normal) (G1 Evacuation Pause) 357M->311M(1024M) 23,572ms
[2024-06-02T22:19:08.975-0400][gc,cpu      ] GC(62) User=0,01s Sys=0,02s Real=0,02s
