[2024-06-21T16:26:12.793-0400][gc,init] CardTable entry size: 512
[2024-06-21T16:26:12.793-0400][gc     ] Using G1
[2024-06-21T16:26:12.819-0400][gc,init] Version: 21.0.3+9-Ubuntu-1ubuntu1 (release)
[2024-06-21T16:26:12.819-0400][gc,init] CPUs: 6 total, 6 available
[2024-06-21T16:26:12.819-0400][gc,init] Memory: 7940M
[2024-06-21T16:26:12.819-0400][gc,init] Large Page Support: Disabled
[2024-06-21T16:26:12.819-0400][gc,init] NUMA Support: Disabled
[2024-06-21T16:26:12.819-0400][gc,init] Compressed Oops: Enabled (32-bit)
[2024-06-21T16:26:12.819-0400][gc,init] Heap Region Size: 1M
[2024-06-21T16:26:12.819-0400][gc,init] Heap Min Capacity: 1G
[2024-06-21T16:26:12.819-0400][gc,init] Heap Initial Capacity: 1G
[2024-06-21T16:26:12.819-0400][gc,init] Heap Max Capacity: 1G
[2024-06-21T16:26:12.819-0400][gc,init] Pre-touch: Disabled
[2024-06-21T16:26:12.819-0400][gc,init] Parallel Workers: 6
[2024-06-21T16:26:12.819-0400][gc,init] Concurrent Workers: 2
[2024-06-21T16:26:12.819-0400][gc,init] Concurrent Refinement Workers: 6
[2024-06-21T16:26:12.819-0400][gc,init] Periodic GC: Disabled
[2024-06-21T16:26:12.830-0400][gc,metaspace] CDS archive(s) mapped at: [0x000073187f000000-0x000073187fcaa000-0x000073187fcaa000), size 13279232, SharedBaseAddress: 0x000073187f000000, ArchiveRelocationMode: 1.
[2024-06-21T16:26:12.830-0400][gc,metaspace] Compressed class space mapped at: 0x0000731880000000-0x00007318c0000000, reserved size: 1073741824
[2024-06-21T16:26:12.830-0400][gc,metaspace] Narrow klass base: 0x000073187f000000, Narrow klass shift: 0, Narrow klass range: 0x100000000
[2024-06-21T16:26:14.278-0400][gc,start    ] GC(0) Pause Young (Normal) (G1 Evacuation Pause)
[2024-06-21T16:26:14.282-0400][gc,task     ] GC(0) Using 6 workers of 6 for evacuation
[2024-06-21T16:26:14.312-0400][gc,mmu      ] GC(0) MMU target violated: 21,0ms (20,0ms/21,0ms)
[2024-06-21T16:26:14.312-0400][gc,phases   ] GC(0)   Pre Evacuate Collection Set: 0,9ms
[2024-06-21T16:26:14.312-0400][gc,phases   ] GC(0)   Merge Heap Roots: 0,3ms
[2024-06-21T16:26:14.312-0400][gc,phases   ] GC(0)   Evacuate Collection Set: 24,6ms
[2024-06-21T16:26:14.312-0400][gc,phases   ] GC(0)   Post Evacuate Collection Set: 4,3ms
[2024-06-21T16:26:14.312-0400][gc,phases   ] GC(0)   Other: 3,5ms
[2024-06-21T16:26:14.312-0400][gc,heap     ] GC(0) Eden regions: 51->0(44)
[2024-06-21T16:26:14.312-0400][gc,heap     ] GC(0) Survivor regions: 0->7(7)
[2024-06-21T16:26:14.312-0400][gc,heap     ] GC(0) Old regions: 2->3
[2024-06-21T16:26:14.312-0400][gc,heap     ] GC(0) Humongous regions: 0->0
[2024-06-21T16:26:14.312-0400][gc,metaspace] GC(0) Metaspace: 18678K(18944K)->18678K(18944K) NonClass: 16566K(16704K)->16566K(16704K) Class: 2112K(2240K)->2112K(2240K)
[2024-06-21T16:26:14.312-0400][gc          ] GC(0) Pause Young (Normal) (G1 Evacuation Pause) 52M->8M(1024M) 34,390ms
[2024-06-21T16:26:14.312-0400][gc,cpu      ] GC(0) User=0,03s Sys=0,10s Real=0,04s
[2024-06-21T16:26:14.565-0400][gc,start    ] GC(1) Pause Young (Concurrent Start) (Metadata GC Threshold)
[2024-06-21T16:26:14.565-0400][gc,task     ] GC(1) Using 6 workers of 6 for evacuation
[2024-06-21T16:26:14.599-0400][gc,mmu      ] GC(1) MMU target violated: 21,0ms (20,0ms/21,0ms)
[2024-06-21T16:26:14.599-0400][gc,phases   ] GC(1)   Pre Evacuate Collection Set: 0,6ms
[2024-06-21T16:26:14.599-0400][gc,phases   ] GC(1)   Merge Heap Roots: 3,7ms
[2024-06-21T16:26:14.599-0400][gc,phases   ] GC(1)   Evacuate Collection Set: 28,6ms
[2024-06-21T16:26:14.599-0400][gc,phases   ] GC(1)   Post Evacuate Collection Set: 0,9ms
[2024-06-21T16:26:14.599-0400][gc,phases   ] GC(1)   Other: 0,3ms
[2024-06-21T16:26:14.599-0400][gc,heap     ] GC(1) Eden regions: 10->0(49)
[2024-06-21T16:26:14.599-0400][gc,heap     ] GC(1) Survivor regions: 7->2(7)
[2024-06-21T16:26:14.599-0400][gc,heap     ] GC(1) Old regions: 3->10
[2024-06-21T16:26:14.599-0400][gc,heap     ] GC(1) Humongous regions: 0->0
[2024-06-21T16:26:14.599-0400][gc,metaspace] GC(1) Metaspace: 21315K(21504K)->21315K(21504K) NonClass: 18865K(18944K)->18865K(18944K) Class: 2449K(2560K)->2449K(2560K)
[2024-06-21T16:26:14.599-0400][gc          ] GC(1) Pause Young (Concurrent Start) (Metadata GC Threshold) 18M->9M(1024M) 34,118ms
[2024-06-21T16:26:14.600-0400][gc,cpu      ] GC(1) User=0,05s Sys=0,08s Real=0,04s
[2024-06-21T16:26:14.600-0400][gc          ] GC(2) Concurrent Mark Cycle
[2024-06-21T16:26:14.600-0400][gc,marking  ] GC(2) Concurrent Scan Root Regions
[2024-06-21T16:26:14.603-0400][gc,marking  ] GC(2) Concurrent Scan Root Regions 3,193ms
[2024-06-21T16:26:14.603-0400][gc,marking  ] GC(2) Concurrent Mark
[2024-06-21T16:26:14.603-0400][gc,marking  ] GC(2) Concurrent Mark From Roots
[2024-06-21T16:26:14.603-0400][gc,task     ] GC(2) Using 2 workers of 2 for marking
[2024-06-21T16:26:14.606-0400][gc,marking  ] GC(2) Concurrent Mark From Roots 2,994ms
[2024-06-21T16:26:14.606-0400][gc,marking  ] GC(2) Concurrent Preclean
[2024-06-21T16:26:14.606-0400][gc,marking  ] GC(2) Concurrent Preclean 0,007ms
[2024-06-21T16:26:14.613-0400][gc,start    ] GC(2) Pause Remark
[2024-06-21T16:26:14.620-0400][gc          ] GC(2) Pause Remark 10M->10M(1024M) 7,026ms
[2024-06-21T16:26:14.620-0400][gc,cpu      ] GC(2) User=0,00s Sys=0,00s Real=0,01s
[2024-06-21T16:26:14.621-0400][gc,marking  ] GC(2) Concurrent Mark 17,381ms
[2024-06-21T16:26:14.621-0400][gc,marking  ] GC(2) Concurrent Rebuild Remembered Sets and Scrub Regions
[2024-06-21T16:26:14.623-0400][gc,marking  ] GC(2) Concurrent Rebuild Remembered Sets and Scrub Regions 2,723ms
[2024-06-21T16:26:14.624-0400][gc,start    ] GC(2) Pause Cleanup
[2024-06-21T16:26:14.624-0400][gc          ] GC(2) Pause Cleanup 10M->10M(1024M) 0,388ms
[2024-06-21T16:26:14.624-0400][gc,cpu      ] GC(2) User=0,00s Sys=0,00s Real=0,00s
[2024-06-21T16:26:14.626-0400][gc,marking  ] GC(2) Concurrent Clear Claimed Marks
[2024-06-21T16:26:14.626-0400][gc,marking  ] GC(2) Concurrent Clear Claimed Marks 0,035ms
[2024-06-21T16:26:14.626-0400][gc,marking  ] GC(2) Concurrent Cleanup for Next Mark
[2024-06-21T16:26:14.690-0400][gc,marking  ] GC(2) Concurrent Cleanup for Next Mark 64,682ms
[2024-06-21T16:26:14.690-0400][gc          ] GC(2) Concurrent Mark Cycle 90,470ms
[2024-06-21T16:26:16.638-0400][gc,start    ] GC(3) Pause Young (Prepare Mixed) (G1 Evacuation Pause)
[2024-06-21T16:26:16.638-0400][gc,task     ] GC(3) Using 6 workers of 6 for evacuation
[2024-06-21T16:26:16.650-0400][gc,phases   ] GC(3)   Pre Evacuate Collection Set: 0,8ms
[2024-06-21T16:26:16.650-0400][gc,phases   ] GC(3)   Merge Heap Roots: 0,2ms
[2024-06-21T16:26:16.650-0400][gc,phases   ] GC(3)   Evacuate Collection Set: 8,3ms
[2024-06-21T16:26:16.650-0400][gc,phases   ] GC(3)   Post Evacuate Collection Set: 2,5ms
[2024-06-21T16:26:16.650-0400][gc,phases   ] GC(3)   Other: 0,1ms
[2024-06-21T16:26:16.650-0400][gc,heap     ] GC(3) Eden regions: 49->0(45)
[2024-06-21T16:26:16.650-0400][gc,heap     ] GC(3) Survivor regions: 2->6(7)
[2024-06-21T16:26:16.650-0400][gc,heap     ] GC(3) Old regions: 10->10
[2024-06-21T16:26:16.650-0400][gc,heap     ] GC(3) Humongous regions: 129->129
[2024-06-21T16:26:16.650-0400][gc,metaspace] GC(3) Metaspace: 30882K(31232K)->30882K(31232K) NonClass: 27471K(27648K)->27471K(27648K) Class: 3411K(3584K)->3411K(3584K)
[2024-06-21T16:26:16.650-0400][gc          ] GC(3) Pause Young (Prepare Mixed) (G1 Evacuation Pause) 187M->142M(1024M) 12,077ms
[2024-06-21T16:26:16.650-0400][gc,cpu      ] GC(3) User=0,01s Sys=0,01s Real=0,02s
[2024-06-21T16:26:17.064-0400][gc,start    ] GC(4) Pause Young (Mixed) (Metadata GC Threshold)
[2024-06-21T16:26:17.064-0400][gc,task     ] GC(4) Using 6 workers of 6 for evacuation
[2024-06-21T16:26:17.076-0400][gc,phases   ] GC(4)   Pre Evacuate Collection Set: 0,3ms
[2024-06-21T16:26:17.076-0400][gc,phases   ] GC(4)   Merge Heap Roots: 0,4ms
[2024-06-21T16:26:17.076-0400][gc,phases   ] GC(4)   Evacuate Collection Set: 10,1ms
[2024-06-21T16:26:17.076-0400][gc,phases   ] GC(4)   Post Evacuate Collection Set: 0,9ms
[2024-06-21T16:26:17.076-0400][gc,phases   ] GC(4)   Other: 0,1ms
[2024-06-21T16:26:17.076-0400][gc,heap     ] GC(4) Eden regions: 18->0(49)
[2024-06-21T16:26:17.076-0400][gc,heap     ] GC(4) Survivor regions: 6->2(7)
[2024-06-21T16:26:17.076-0400][gc,heap     ] GC(4) Old regions: 10->14
[2024-06-21T16:26:17.076-0400][gc,heap     ] GC(4) Humongous regions: 129->129
[2024-06-21T16:26:17.076-0400][gc,metaspace] GC(4) Metaspace: 35689K(35968K)->35689K(35968K) NonClass: 31855K(32000K)->31855K(32000K) Class: 3833K(3968K)->3833K(3968K)
[2024-06-21T16:26:17.076-0400][gc          ] GC(4) Pause Young (Mixed) (Metadata GC Threshold) 160M->144M(1024M) 11,956ms
[2024-06-21T16:26:17.076-0400][gc,cpu      ] GC(4) User=0,03s Sys=0,01s Real=0,01s
[2024-06-21T16:26:17.092-0400][gc,start    ] GC(5) Pause Young (Concurrent Start) (Metadata GC Threshold)
[2024-06-21T16:26:17.092-0400][gc,task     ] GC(5) Using 6 workers of 6 for evacuation
[2024-06-21T16:26:17.099-0400][gc,phases   ] GC(5)   Pre Evacuate Collection Set: 0,5ms
[2024-06-21T16:26:17.099-0400][gc,phases   ] GC(5)   Merge Heap Roots: 0,3ms
[2024-06-21T16:26:17.099-0400][gc,phases   ] GC(5)   Evacuate Collection Set: 1,5ms
[2024-06-21T16:26:17.099-0400][gc,phases   ] GC(5)   Post Evacuate Collection Set: 4,1ms
[2024-06-21T16:26:17.099-0400][gc,phases   ] GC(5)   Other: 0,5ms
[2024-06-21T16:26:17.099-0400][gc,heap     ] GC(5) Eden regions: 2->0(49)
[2024-06-21T16:26:17.099-0400][gc,heap     ] GC(5) Survivor regions: 2->2(7)
[2024-06-21T16:26:17.099-0400][gc,heap     ] GC(5) Old regions: 14->14
[2024-06-21T16:26:17.099-0400][gc,heap     ] GC(5) Humongous regions: 129->129
[2024-06-21T16:26:17.099-0400][gc,metaspace] GC(5) Metaspace: 36000K(36288K)->36000K(36288K) NonClass: 32125K(32320K)->32125K(32320K) Class: 3875K(3968K)->3875K(3968K)
[2024-06-21T16:26:17.099-0400][gc          ] GC(5) Pause Young (Concurrent Start) (Metadata GC Threshold) 146M->144M(1024M) 7,543ms
[2024-06-21T16:26:17.099-0400][gc,cpu      ] GC(5) User=0,02s Sys=0,00s Real=0,01s
[2024-06-21T16:26:17.100-0400][gc          ] GC(6) Concurrent Mark Cycle
[2024-06-21T16:26:17.100-0400][gc,marking  ] GC(6) Concurrent Scan Root Regions
[2024-06-21T16:26:17.101-0400][gc,marking  ] GC(6) Concurrent Scan Root Regions 1,792ms
[2024-06-21T16:26:17.101-0400][gc,marking  ] GC(6) Concurrent Mark
[2024-06-21T16:26:17.101-0400][gc,marking  ] GC(6) Concurrent Mark From Roots
[2024-06-21T16:26:17.101-0400][gc,task     ] GC(6) Using 2 workers of 2 for marking
[2024-06-21T16:26:17.110-0400][gc,marking  ] GC(6) Concurrent Mark From Roots 8,998ms
[2024-06-21T16:26:17.110-0400][gc,marking  ] GC(6) Concurrent Preclean
[2024-06-21T16:26:17.110-0400][gc,marking  ] GC(6) Concurrent Preclean 0,034ms
[2024-06-21T16:26:17.111-0400][gc,start    ] GC(6) Pause Remark
[2024-06-21T16:26:17.115-0400][gc          ] GC(6) Pause Remark 144M->144M(1024M) 3,543ms
[2024-06-21T16:26:17.115-0400][gc,cpu      ] GC(6) User=0,00s Sys=0,01s Real=0,00s
[2024-06-21T16:26:17.115-0400][gc,marking  ] GC(6) Concurrent Mark 13,445ms
[2024-06-21T16:26:17.115-0400][gc,marking  ] GC(6) Concurrent Rebuild Remembered Sets and Scrub Regions
[2024-06-21T16:26:17.118-0400][gc,marking  ] GC(6) Concurrent Rebuild Remembered Sets and Scrub Regions 3,257ms
[2024-06-21T16:26:17.119-0400][gc,start    ] GC(6) Pause Cleanup
[2024-06-21T16:26:17.119-0400][gc          ] GC(6) Pause Cleanup 144M->144M(1024M) 0,492ms
[2024-06-21T16:26:17.119-0400][gc,cpu      ] GC(6) User=0,01s Sys=0,00s Real=0,01s
[2024-06-21T16:26:17.119-0400][gc,marking  ] GC(6) Concurrent Clear Claimed Marks
[2024-06-21T16:26:17.120-0400][gc,marking  ] GC(6) Concurrent Clear Claimed Marks 0,032ms
[2024-06-21T16:26:17.120-0400][gc,marking  ] GC(6) Concurrent Cleanup for Next Mark
[2024-06-21T16:26:17.122-0400][gc,marking  ] GC(6) Concurrent Cleanup for Next Mark 2,354ms
[2024-06-21T16:26:17.122-0400][gc          ] GC(6) Concurrent Mark Cycle 22,520ms
[2024-06-21T16:33:42.192-0400][gc,start    ] GC(7) Pause Young (Prepare Mixed) (G1 Evacuation Pause)
[2024-06-21T16:33:42.192-0400][gc,task     ] GC(7) Using 6 workers of 6 for evacuation
[2024-06-21T16:33:42.224-0400][gc,mmu      ] GC(7) MMU target violated: 21,0ms (20,0ms/21,0ms)
[2024-06-21T16:33:42.224-0400][gc,phases   ] GC(7)   Pre Evacuate Collection Set: 1,7ms
[2024-06-21T16:33:42.224-0400][gc,phases   ] GC(7)   Merge Heap Roots: 0,2ms
[2024-06-21T16:33:42.224-0400][gc,phases   ] GC(7)   Evacuate Collection Set: 26,6ms
[2024-06-21T16:33:42.224-0400][gc,phases   ] GC(7)   Post Evacuate Collection Set: 2,8ms
[2024-06-21T16:33:42.224-0400][gc,phases   ] GC(7)   Other: 0,2ms
[2024-06-21T16:33:42.224-0400][gc,heap     ] GC(7) Eden regions: 49->0(46)
[2024-06-21T16:33:42.224-0400][gc,heap     ] GC(7) Survivor regions: 2->5(7)
[2024-06-21T16:33:42.224-0400][gc,heap     ] GC(7) Old regions: 14->14
[2024-06-21T16:33:42.224-0400][gc,heap     ] GC(7) Humongous regions: 141->129
[2024-06-21T16:33:42.224-0400][gc,metaspace] GC(7) Metaspace: 41437K(42048K)->41437K(42048K) NonClass: 36754K(37120K)->36754K(37120K) Class: 4682K(4928K)->4682K(4928K)
[2024-06-21T16:33:42.224-0400][gc          ] GC(7) Pause Young (Prepare Mixed) (G1 Evacuation Pause) 205M->147M(1024M) 31,908ms
[2024-06-21T16:33:42.224-0400][gc,cpu      ] GC(7) User=0,11s Sys=0,05s Real=0,03s
[2024-06-21T16:40:51.074-0400][gc,start    ] GC(8) Pause Young (Mixed) (G1 Evacuation Pause)
[2024-06-21T16:40:51.074-0400][gc,task     ] GC(8) Using 6 workers of 6 for evacuation
[2024-06-21T16:40:51.089-0400][gc,phases   ] GC(8)   Pre Evacuate Collection Set: 3,0ms
[2024-06-21T16:40:51.089-0400][gc,phases   ] GC(8)   Merge Heap Roots: 0,3ms
[2024-06-21T16:40:51.089-0400][gc,phases   ] GC(8)   Evacuate Collection Set: 10,7ms
[2024-06-21T16:40:51.089-0400][gc,phases   ] GC(8)   Post Evacuate Collection Set: 1,1ms
[2024-06-21T16:40:51.089-0400][gc,phases   ] GC(8)   Other: 0,2ms
[2024-06-21T16:40:51.089-0400][gc,heap     ] GC(8) Eden regions: 46->0(45)
[2024-06-21T16:40:51.089-0400][gc,heap     ] GC(8) Survivor regions: 5->6(7)
[2024-06-21T16:40:51.089-0400][gc,heap     ] GC(8) Old regions: 14->16
[2024-06-21T16:40:51.089-0400][gc,heap     ] GC(8) Humongous regions: 129->129
[2024-06-21T16:40:51.089-0400][gc,metaspace] GC(8) Metaspace: 42541K(43264K)->42541K(43264K) NonClass: 37697K(38144K)->37697K(38144K) Class: 4843K(5120K)->4843K(5120K)
[2024-06-21T16:40:51.089-0400][gc          ] GC(8) Pause Young (Mixed) (G1 Evacuation Pause) 193M->149M(1024M) 15,358ms
[2024-06-21T16:40:51.089-0400][gc,cpu      ] GC(8) User=0,03s Sys=0,01s Real=0,02s
[2024-06-21T16:48:19.564-0400][gc,start    ] GC(9) Pause Young (Normal) (G1 Evacuation Pause)
[2024-06-21T16:48:19.565-0400][gc,task     ] GC(9) Using 6 workers of 6 for evacuation
[2024-06-21T16:48:19.578-0400][gc,phases   ] GC(9)   Pre Evacuate Collection Set: 1,0ms
[2024-06-21T16:48:19.578-0400][gc,phases   ] GC(9)   Merge Heap Roots: 0,4ms
[2024-06-21T16:48:19.578-0400][gc,phases   ] GC(9)   Evacuate Collection Set: 9,9ms
[2024-06-21T16:48:19.578-0400][gc,phases   ] GC(9)   Post Evacuate Collection Set: 1,2ms
[2024-06-21T16:48:19.578-0400][gc,phases   ] GC(9)   Other: 0,1ms
[2024-06-21T16:48:19.578-0400][gc,heap     ] GC(9) Eden regions: 45->0(47)
[2024-06-21T16:48:19.578-0400][gc,heap     ] GC(9) Survivor regions: 6->4(7)
[2024-06-21T16:48:19.578-0400][gc,heap     ] GC(9) Old regions: 16->18
[2024-06-21T16:48:19.578-0400][gc,heap     ] GC(9) Humongous regions: 129->129
[2024-06-21T16:48:19.578-0400][gc,metaspace] GC(9) Metaspace: 42626K(43264K)->42626K(43264K) NonClass: 37781K(38144K)->37781K(38144K) Class: 4845K(5120K)->4845K(5120K)
[2024-06-21T16:48:19.578-0400][gc          ] GC(9) Pause Young (Normal) (G1 Evacuation Pause) 194M->149M(1024M) 13,707ms
[2024-06-21T16:48:19.578-0400][gc,cpu      ] GC(9) User=0,04s Sys=0,00s Real=0,01s
[2024-06-21T16:56:45.751-0400][gc,start    ] GC(10) Pause Young (Normal) (G1 Evacuation Pause)
[2024-06-21T16:56:45.751-0400][gc,task     ] GC(10) Using 6 workers of 6 for evacuation
[2024-06-21T16:56:45.769-0400][gc,phases   ] GC(10)   Pre Evacuate Collection Set: 0,6ms
[2024-06-21T16:56:45.769-0400][gc,phases   ] GC(10)   Merge Heap Roots: 0,1ms
[2024-06-21T16:56:45.769-0400][gc,phases   ] GC(10)   Evacuate Collection Set: 16,5ms
[2024-06-21T16:56:45.769-0400][gc,phases   ] GC(10)   Post Evacuate Collection Set: 1,4ms
[2024-06-21T16:56:45.769-0400][gc,phases   ] GC(10)   Other: 0,1ms
[2024-06-21T16:56:45.769-0400][gc,heap     ] GC(10) Eden regions: 47->0(47)
[2024-06-21T16:56:45.769-0400][gc,heap     ] GC(10) Survivor regions: 4->4(7)
[2024-06-21T16:56:45.769-0400][gc,heap     ] GC(10) Old regions: 18->18
[2024-06-21T16:56:45.769-0400][gc,heap     ] GC(10) Humongous regions: 129->129
[2024-06-21T16:56:45.769-0400][gc,metaspace] GC(10) Metaspace: 42733K(43392K)->42733K(43392K) NonClass: 37888K(38272K)->37888K(38272K) Class: 4845K(5120K)->4845K(5120K)
[2024-06-21T16:56:45.770-0400][gc          ] GC(10) Pause Young (Normal) (G1 Evacuation Pause) 196M->149M(1024M) 18,876ms
[2024-06-21T16:56:45.770-0400][gc,cpu      ] GC(10) User=0,04s Sys=0,00s Real=0,02s
[2024-06-21T17:05:42.041-0400][gc,start    ] GC(11) Pause Young (Normal) (G1 Evacuation Pause)
[2024-06-21T17:05:42.041-0400][gc,task     ] GC(11) Using 6 workers of 6 for evacuation
[2024-06-21T17:05:42.048-0400][gc,phases   ] GC(11)   Pre Evacuate Collection Set: 0,6ms
[2024-06-21T17:05:42.048-0400][gc,phases   ] GC(11)   Merge Heap Roots: 0,2ms
[2024-06-21T17:05:42.048-0400][gc,phases   ] GC(11)   Evacuate Collection Set: 5,1ms
[2024-06-21T17:05:42.048-0400][gc,phases   ] GC(11)   Post Evacuate Collection Set: 1,3ms
[2024-06-21T17:05:42.048-0400][gc,phases   ] GC(11)   Other: 0,1ms
[2024-06-21T17:05:42.048-0400][gc,heap     ] GC(11) Eden regions: 47->0(47)
[2024-06-21T17:05:42.048-0400][gc,heap     ] GC(11) Survivor regions: 4->4(7)
[2024-06-21T17:05:42.048-0400][gc,heap     ] GC(11) Old regions: 18->18
[2024-06-21T17:05:42.048-0400][gc,heap     ] GC(11) Humongous regions: 129->129
[2024-06-21T17:05:42.048-0400][gc,metaspace] GC(11) Metaspace: 42779K(43456K)->42779K(43456K) NonClass: 37933K(38336K)->37933K(38336K) Class: 4845K(5120K)->4845K(5120K)
[2024-06-21T17:05:42.048-0400][gc          ] GC(11) Pause Young (Normal) (G1 Evacuation Pause) 196M->150M(1024M) 7,399ms
[2024-06-21T17:05:42.048-0400][gc,cpu      ] GC(11) User=0,01s Sys=0,01s Real=0,00s
[2024-06-21T17:14:44.448-0400][gc,start    ] GC(12) Pause Young (Normal) (G1 Evacuation Pause)
[2024-06-21T17:14:44.449-0400][gc,task     ] GC(12) Using 6 workers of 6 for evacuation
[2024-06-21T17:14:44.464-0400][gc,phases   ] GC(12)   Pre Evacuate Collection Set: 1,2ms
[2024-06-21T17:14:44.464-0400][gc,phases   ] GC(12)   Merge Heap Roots: 1,8ms
[2024-06-21T17:14:44.464-0400][gc,phases   ] GC(12)   Evacuate Collection Set: 8,1ms
[2024-06-21T17:14:44.464-0400][gc,phases   ] GC(12)   Post Evacuate Collection Set: 3,6ms
[2024-06-21T17:14:44.464-0400][gc,phases   ] GC(12)   Other: 0,3ms
[2024-06-21T17:14:44.464-0400][gc,heap     ] GC(12) Eden regions: 47->0(46)
[2024-06-21T17:14:44.464-0400][gc,heap     ] GC(12) Survivor regions: 4->5(7)
[2024-06-21T17:14:44.464-0400][gc,heap     ] GC(12) Old regions: 18->18
[2024-06-21T17:14:44.464-0400][gc,heap     ] GC(12) Humongous regions: 129->129
[2024-06-21T17:14:44.464-0400][gc,metaspace] GC(12) Metaspace: 42809K(43456K)->42809K(43456K) NonClass: 37964K(38336K)->37964K(38336K) Class: 4845K(5120K)->4845K(5120K)
[2024-06-21T17:14:44.466-0400][gc          ] GC(12) Pause Young (Normal) (G1 Evacuation Pause) 197M->150M(1024M) 18,463ms
[2024-06-21T17:14:44.466-0400][gc,cpu      ] GC(12) User=0,03s Sys=0,00s Real=0,02s
[2024-06-21T17:23:34.734-0400][gc,start    ] GC(13) Pause Young (Normal) (G1 Evacuation Pause)
[2024-06-21T17:23:34.735-0400][gc,task     ] GC(13) Using 6 workers of 6 for evacuation
[2024-06-21T17:23:34.743-0400][gc,phases   ] GC(13)   Pre Evacuate Collection Set: 0,8ms
[2024-06-21T17:23:34.743-0400][gc,phases   ] GC(13)   Merge Heap Roots: 0,2ms
[2024-06-21T17:23:34.743-0400][gc,phases   ] GC(13)   Evacuate Collection Set: 4,1ms
[2024-06-21T17:23:34.743-0400][gc,phases   ] GC(13)   Post Evacuate Collection Set: 2,3ms
[2024-06-21T17:23:34.743-0400][gc,phases   ] GC(13)   Other: 0,1ms
[2024-06-21T17:23:34.743-0400][gc,heap     ] GC(13) Eden regions: 46->0(46)
[2024-06-21T17:23:34.743-0400][gc,heap     ] GC(13) Survivor regions: 5->5(7)
[2024-06-21T17:23:34.743-0400][gc,heap     ] GC(13) Old regions: 18->18
[2024-06-21T17:23:34.743-0400][gc,heap     ] GC(13) Humongous regions: 129->129
[2024-06-21T17:23:34.743-0400][gc,metaspace] GC(13) Metaspace: 42846K(43520K)->42846K(43520K) NonClass: 38001K(38400K)->38001K(38400K) Class: 4845K(5120K)->4845K(5120K)
[2024-06-21T17:23:34.743-0400][gc          ] GC(13) Pause Young (Normal) (G1 Evacuation Pause) 196M->151M(1024M) 9,201ms
[2024-06-21T17:23:34.743-0400][gc,cpu      ] GC(13) User=0,01s Sys=0,01s Real=0,01s
[2024-06-21T17:32:02.249-0400][gc,start    ] GC(14) Pause Young (Normal) (G1 Evacuation Pause)
[2024-06-21T17:32:02.250-0400][gc,task     ] GC(14) Using 6 workers of 6 for evacuation
[2024-06-21T17:32:02.275-0400][gc,mmu      ] GC(14) MMU target violated: 21,0ms (20,0ms/21,0ms)
[2024-06-21T17:32:02.275-0400][gc,phases   ] GC(14)   Pre Evacuate Collection Set: 1,4ms
[2024-06-21T17:32:02.275-0400][gc,phases   ] GC(14)   Merge Heap Roots: 0,2ms
[2024-06-21T17:32:02.275-0400][gc,phases   ] GC(14)   Evacuate Collection Set: 20,0ms
[2024-06-21T17:32:02.275-0400][gc,phases   ] GC(14)   Post Evacuate Collection Set: 3,3ms
[2024-06-21T17:32:02.275-0400][gc,phases   ] GC(14)   Other: 0,2ms
[2024-06-21T17:32:02.275-0400][gc,heap     ] GC(14) Eden regions: 48->0(46)
[2024-06-21T17:32:02.275-0400][gc,heap     ] GC(14) Survivor regions: 5->5(7)
[2024-06-21T17:32:02.275-0400][gc,heap     ] GC(14) Old regions: 18->19
[2024-06-21T17:32:02.275-0400][gc,heap     ] GC(14) Humongous regions: 129->129
[2024-06-21T17:32:02.275-0400][gc,metaspace] GC(14) Metaspace: 42917K(43648K)->42917K(43648K) NonClass: 38066K(38464K)->38066K(38464K) Class: 4850K(5184K)->4850K(5184K)
[2024-06-21T17:32:02.276-0400][gc          ] GC(14) Pause Young (Normal) (G1 Evacuation Pause) 199M->152M(1024M) 26,365ms
[2024-06-21T17:32:02.276-0400][gc,cpu      ] GC(14) User=0,11s Sys=0,00s Real=0,02s
[2024-06-21T17:40:48.114-0400][gc,start    ] GC(15) Pause Young (Normal) (G1 Evacuation Pause)
[2024-06-21T17:40:48.114-0400][gc,task     ] GC(15) Using 6 workers of 6 for evacuation
[2024-06-21T17:40:48.122-0400][gc,phases   ] GC(15)   Pre Evacuate Collection Set: 1,7ms
[2024-06-21T17:40:48.122-0400][gc,phases   ] GC(15)   Merge Heap Roots: 0,3ms
[2024-06-21T17:40:48.122-0400][gc,phases   ] GC(15)   Evacuate Collection Set: 3,6ms
[2024-06-21T17:40:48.122-0400][gc,phases   ] GC(15)   Post Evacuate Collection Set: 1,0ms
[2024-06-21T17:40:48.122-0400][gc,phases   ] GC(15)   Other: 0,8ms
[2024-06-21T17:40:48.122-0400][gc,heap     ] GC(15) Eden regions: 46->0(78)
[2024-06-21T17:40:48.122-0400][gc,heap     ] GC(15) Survivor regions: 5->3(7)
[2024-06-21T17:40:48.122-0400][gc,heap     ] GC(15) Old regions: 19->20
[2024-06-21T17:40:48.122-0400][gc,heap     ] GC(15) Humongous regions: 129->129
[2024-06-21T17:40:48.122-0400][gc,metaspace] GC(15) Metaspace: 42919K(43648K)->42919K(43648K) NonClass: 38069K(38464K)->38069K(38464K) Class: 4850K(5184K)->4850K(5184K)
[2024-06-21T17:40:48.122-0400][gc          ] GC(15) Pause Young (Normal) (G1 Evacuation Pause) 198M->151M(1024M) 7,838ms
[2024-06-21T17:40:48.122-0400][gc,cpu      ] GC(15) User=0,00s Sys=0,02s Real=0,01s
[2024-06-21T17:56:46.380-0400][gc,start    ] GC(16) Pause Young (Normal) (G1 Evacuation Pause)
[2024-06-21T17:56:46.390-0400][gc,task     ] GC(16) Using 6 workers of 6 for evacuation
[2024-06-21T17:56:46.602-0400][gc,mmu      ] GC(16) MMU target violated: 21,0ms (20,0ms/21,0ms)
[2024-06-21T17:56:46.602-0400][gc,phases   ] GC(16)   Pre Evacuate Collection Set: 7,9ms
[2024-06-21T17:56:46.602-0400][gc,phases   ] GC(16)   Merge Heap Roots: 0,9ms
[2024-06-21T17:56:46.602-0400][gc,phases   ] GC(16)   Evacuate Collection Set: 108,0ms
[2024-06-21T17:56:46.602-0400][gc,phases   ] GC(16)   Post Evacuate Collection Set: 3,1ms
[2024-06-21T17:56:46.602-0400][gc,phases   ] GC(16)   Other: 91,3ms
[2024-06-21T17:56:46.602-0400][gc,heap     ] GC(16) Eden regions: 83->0(42)
[2024-06-21T17:56:46.602-0400][gc,heap     ] GC(16) Survivor regions: 3->9(11)
[2024-06-21T17:56:46.602-0400][gc,heap     ] GC(16) Old regions: 20->20
[2024-06-21T17:56:46.602-0400][gc,heap     ] GC(16) Humongous regions: 129->129
[2024-06-21T17:56:46.602-0400][gc,metaspace] GC(16) Metaspace: 42930K(43648K)->42930K(43648K) NonClass: 38079K(38464K)->38079K(38464K) Class: 4850K(5184K)->4850K(5184K)
[2024-06-21T17:56:46.602-0400][gc          ] GC(16) Pause Young (Normal) (G1 Evacuation Pause) 234M->157M(1024M) 222,016ms
[2024-06-21T17:56:46.602-0400][gc,cpu      ] GC(16) User=0,38s Sys=0,06s Real=0,22s
[2024-06-22T08:42:36.866-0400][gc,start    ] GC(17) Pause Young (Normal) (G1 Evacuation Pause)
[2024-06-22T08:42:36.876-0400][gc,task     ] GC(17) Using 6 workers of 6 for evacuation
[2024-06-22T08:42:36.959-0400][gc,mmu      ] GC(17) MMU target violated: 21,0ms (20,0ms/21,0ms)
[2024-06-22T08:42:36.960-0400][gc,phases   ] GC(17)   Pre Evacuate Collection Set: 6,7ms
[2024-06-22T08:42:36.960-0400][gc,phases   ] GC(17)   Merge Heap Roots: 0,2ms
[2024-06-22T08:42:36.960-0400][gc,phases   ] GC(17)   Evacuate Collection Set: 73,0ms
[2024-06-22T08:42:36.960-0400][gc,phases   ] GC(17)   Post Evacuate Collection Set: 3,6ms
[2024-06-22T08:42:36.960-0400][gc,phases   ] GC(17)   Other: 0,7ms
[2024-06-22T08:42:36.960-0400][gc,heap     ] GC(17) Eden regions: 42->0(48)
[2024-06-22T08:42:36.960-0400][gc,heap     ] GC(17) Survivor regions: 9->3(7)
[2024-06-22T08:42:36.960-0400][gc,heap     ] GC(17) Old regions: 20->27
[2024-06-22T08:42:36.960-0400][gc,heap     ] GC(17) Humongous regions: 129->129
[2024-06-22T08:42:36.960-0400][gc,metaspace] GC(17) Metaspace: 42946K(43712K)->42946K(43712K) NonClass: 38095K(38528K)->38095K(38528K) Class: 4850K(5184K)->4850K(5184K)
[2024-06-22T08:42:36.960-0400][gc          ] GC(17) Pause Young (Normal) (G1 Evacuation Pause) 199M->157M(1024M) 94,196ms
[2024-06-22T08:42:36.960-0400][gc,cpu      ] GC(17) User=0,07s Sys=0,12s Real=0,10s
[2024-06-22T08:52:15.361-0400][gc,start    ] GC(18) Pause Young (Normal) (G1 Evacuation Pause)
[2024-06-22T08:52:15.361-0400][gc,task     ] GC(18) Using 6 workers of 6 for evacuation
[2024-06-22T08:52:15.382-0400][gc,mmu      ] GC(18) MMU target violated: 21,0ms (20,0ms/21,0ms)
[2024-06-22T08:52:15.382-0400][gc,phases   ] GC(18)   Pre Evacuate Collection Set: 1,4ms
[2024-06-22T08:52:15.382-0400][gc,phases   ] GC(18)   Merge Heap Roots: 0,4ms
[2024-06-22T08:52:15.382-0400][gc,phases   ] GC(18)   Evacuate Collection Set: 12,9ms
[2024-06-22T08:52:15.382-0400][gc,phases   ] GC(18)   Post Evacuate Collection Set: 6,4ms
[2024-06-22T08:52:15.383-0400][gc,phases   ] GC(18)   Other: 0,3ms
[2024-06-22T08:52:15.383-0400][gc,heap     ] GC(18) Eden regions: 48->0(50)
[2024-06-22T08:52:15.383-0400][gc,heap     ] GC(18) Survivor regions: 3->1(7)
[2024-06-22T08:52:15.383-0400][gc,heap     ] GC(18) Old regions: 27->27
[2024-06-22T08:52:15.383-0400][gc,heap     ] GC(18) Humongous regions: 129->129
[2024-06-22T08:52:15.383-0400][gc,metaspace] GC(18) Metaspace: 42953K(43712K)->42953K(43712K) NonClass: 38102K(38528K)->38102K(38528K) Class: 4850K(5184K)->4850K(5184K)
[2024-06-22T08:52:15.383-0400][gc          ] GC(18) Pause Young (Normal) (G1 Evacuation Pause) 205M->156M(1024M) 21,829ms
[2024-06-22T08:52:15.383-0400][gc,cpu      ] GC(18) User=0,05s Sys=0,02s Real=0,02s
[2024-06-22T09:02:20.321-0400][gc,start    ] GC(19) Pause Young (Normal) (G1 Evacuation Pause)
[2024-06-22T09:02:20.322-0400][gc,task     ] GC(19) Using 6 workers of 6 for evacuation
[2024-06-22T09:02:20.349-0400][gc,mmu      ] GC(19) MMU target violated: 21,0ms (20,0ms/21,0ms)
[2024-06-22T09:02:20.349-0400][gc,phases   ] GC(19)   Pre Evacuate Collection Set: 0,6ms
[2024-06-22T09:02:20.349-0400][gc,phases   ] GC(19)   Merge Heap Roots: 0,2ms
[2024-06-22T09:02:20.349-0400][gc,phases   ] GC(19)   Evacuate Collection Set: 6,6ms
[2024-06-22T09:02:20.349-0400][gc,phases   ] GC(19)   Post Evacuate Collection Set: 19,2ms
[2024-06-22T09:02:20.349-0400][gc,phases   ] GC(19)   Other: 0,1ms
[2024-06-22T09:02:20.349-0400][gc,heap     ] GC(19) Eden regions: 50->0(49)
[2024-06-22T09:02:20.349-0400][gc,heap     ] GC(19) Survivor regions: 1->2(7)
[2024-06-22T09:02:20.349-0400][gc,heap     ] GC(19) Old regions: 27->27
[2024-06-22T09:02:20.349-0400][gc,heap     ] GC(19) Humongous regions: 129->129
[2024-06-22T09:02:20.349-0400][gc,metaspace] GC(19) Metaspace: 42957K(43712K)->42957K(43712K) NonClass: 38107K(38528K)->38107K(38528K) Class: 4850K(5184K)->4850K(5184K)
[2024-06-22T09:02:20.349-0400][gc          ] GC(19) Pause Young (Normal) (G1 Evacuation Pause) 206M->156M(1024M) 27,909ms
[2024-06-22T09:02:20.349-0400][gc,cpu      ] GC(19) User=0,02s Sys=0,03s Real=0,03s
[2024-06-22T09:11:28.415-0400][gc,start    ] GC(20) Pause Young (Normal) (G1 Evacuation Pause)
[2024-06-22T09:11:28.415-0400][gc,task     ] GC(20) Using 6 workers of 6 for evacuation
[2024-06-22T09:11:28.460-0400][gc,mmu      ] GC(20) MMU target violated: 21,0ms (20,0ms/21,0ms)
[2024-06-22T09:11:28.460-0400][gc,phases   ] GC(20)   Pre Evacuate Collection Set: 0,7ms
[2024-06-22T09:11:28.460-0400][gc,phases   ] GC(20)   Merge Heap Roots: 0,2ms
[2024-06-22T09:11:28.460-0400][gc,phases   ] GC(20)   Evacuate Collection Set: 41,2ms
[2024-06-22T09:11:28.460-0400][gc,phases   ] GC(20)   Post Evacuate Collection Set: 2,0ms
[2024-06-22T09:11:28.460-0400][gc,phases   ] GC(20)   Other: 0,1ms
[2024-06-22T09:11:28.460-0400][gc,heap     ] GC(20) Eden regions: 49->0(46)
[2024-06-22T09:11:28.460-0400][gc,heap     ] GC(20) Survivor regions: 2->5(7)
[2024-06-22T09:11:28.460-0400][gc,heap     ] GC(20) Old regions: 27->27
[2024-06-22T09:11:28.460-0400][gc,heap     ] GC(20) Humongous regions: 129->129
[2024-06-22T09:11:28.460-0400][gc,metaspace] GC(20) Metaspace: 42978K(43712K)->42978K(43712K) NonClass: 38128K(38528K)->38128K(38528K) Class: 4850K(5184K)->4850K(5184K)
[2024-06-22T09:11:28.460-0400][gc          ] GC(20) Pause Young (Normal) (G1 Evacuation Pause) 205M->159M(1024M) 44,415ms
[2024-06-22T09:11:28.460-0400][gc,cpu      ] GC(20) User=0,16s Sys=0,03s Real=0,05s
[2024-06-22T09:20:22.622-0400][gc,start    ] GC(21) Pause Young (Normal) (G1 Evacuation Pause)
[2024-06-22T09:20:22.622-0400][gc,task     ] GC(21) Using 6 workers of 6 for evacuation
[2024-06-22T09:20:22.638-0400][gc,phases   ] GC(21)   Pre Evacuate Collection Set: 0,9ms
[2024-06-22T09:20:22.638-0400][gc,phases   ] GC(21)   Merge Heap Roots: 0,4ms
[2024-06-22T09:20:22.638-0400][gc,phases   ] GC(21)   Evacuate Collection Set: 13,6ms
[2024-06-22T09:20:22.639-0400][gc,phases   ] GC(21)   Post Evacuate Collection Set: 1,0ms
[2024-06-22T09:20:22.639-0400][gc,phases   ] GC(21)   Other: 0,1ms
[2024-06-22T09:20:22.639-0400][gc,heap     ] GC(21) Eden regions: 46->0(47)
[2024-06-22T09:20:22.639-0400][gc,heap     ] GC(21) Survivor regions: 5->4(7)
[2024-06-22T09:20:22.639-0400][gc,heap     ] GC(21) Old regions: 27->28
[2024-06-22T09:20:22.639-0400][gc,heap     ] GC(21) Humongous regions: 129->129
[2024-06-22T09:20:22.639-0400][gc,metaspace] GC(21) Metaspace: 42983K(43712K)->42983K(43712K) NonClass: 38132K(38528K)->38132K(38528K) Class: 4850K(5184K)->4850K(5184K)
[2024-06-22T09:20:22.639-0400][gc          ] GC(21) Pause Young (Normal) (G1 Evacuation Pause) 205M->159M(1024M) 16,733ms
[2024-06-22T09:20:22.639-0400][gc,cpu      ] GC(21) User=0,03s Sys=0,03s Real=0,02s
[2024-06-22T09:29:26.108-0400][gc,start    ] GC(22) Pause Young (Normal) (G1 Evacuation Pause)
[2024-06-22T09:29:26.108-0400][gc,task     ] GC(22) Using 6 workers of 6 for evacuation
[2024-06-22T09:29:26.170-0400][gc,mmu      ] GC(22) MMU target violated: 21,0ms (20,0ms/21,0ms)
[2024-06-22T09:29:26.170-0400][gc,phases   ] GC(22)   Pre Evacuate Collection Set: 1,7ms
[2024-06-22T09:29:26.170-0400][gc,phases   ] GC(22)   Merge Heap Roots: 0,2ms
[2024-06-22T09:29:26.170-0400][gc,phases   ] GC(22)   Evacuate Collection Set: 59,1ms
[2024-06-22T09:29:26.170-0400][gc,phases   ] GC(22)   Post Evacuate Collection Set: 0,9ms
[2024-06-22T09:29:26.170-0400][gc,phases   ] GC(22)   Other: 0,1ms
[2024-06-22T09:29:26.170-0400][gc,heap     ] GC(22) Eden regions: 47->0(46)
[2024-06-22T09:29:26.170-0400][gc,heap     ] GC(22) Survivor regions: 4->5(7)
[2024-06-22T09:29:26.170-0400][gc,heap     ] GC(22) Old regions: 28->28
[2024-06-22T09:29:26.170-0400][gc,heap     ] GC(22) Humongous regions: 129->129
[2024-06-22T09:29:26.170-0400][gc,metaspace] GC(22) Metaspace: 42983K(43712K)->42983K(43712K) NonClass: 38133K(38528K)->38133K(38528K) Class: 4850K(5184K)->4850K(5184K)
[2024-06-22T09:29:26.171-0400][gc          ] GC(22) Pause Young (Normal) (G1 Evacuation Pause) 206M->161M(1024M) 62,851ms
[2024-06-22T09:29:26.171-0400][gc,cpu      ] GC(22) User=0,28s Sys=0,05s Real=0,06s
[2024-06-22T09:38:20.200-0400][gc,start    ] GC(23) Pause Young (Normal) (G1 Evacuation Pause)
[2024-06-22T09:38:20.201-0400][gc,task     ] GC(23) Using 6 workers of 6 for evacuation
[2024-06-22T09:38:20.223-0400][gc,mmu      ] GC(23) MMU target violated: 21,0ms (20,0ms/21,0ms)
[2024-06-22T09:38:20.223-0400][gc,phases   ] GC(23)   Pre Evacuate Collection Set: 0,8ms
[2024-06-22T09:38:20.223-0400][gc,phases   ] GC(23)   Merge Heap Roots: 0,4ms
[2024-06-22T09:38:20.223-0400][gc,phases   ] GC(23)   Evacuate Collection Set: 19,1ms
[2024-06-22T09:38:20.223-0400][gc,phases   ] GC(23)   Post Evacuate Collection Set: 1,6ms
[2024-06-22T09:38:20.223-0400][gc,phases   ] GC(23)   Other: 0,1ms
[2024-06-22T09:38:20.223-0400][gc,heap     ] GC(23) Eden regions: 46->0(44)
[2024-06-22T09:38:20.223-0400][gc,heap     ] GC(23) Survivor regions: 5->7(7)
[2024-06-22T09:38:20.223-0400][gc,heap     ] GC(23) Old regions: 28->30
[2024-06-22T09:38:20.223-0400][gc,heap     ] GC(23) Humongous regions: 129->129
[2024-06-22T09:38:20.223-0400][gc,metaspace] GC(23) Metaspace: 42983K(43712K)->42983K(43712K) NonClass: 38133K(38528K)->38133K(38528K) Class: 4850K(5184K)->4850K(5184K)
[2024-06-22T09:38:20.223-0400][gc          ] GC(23) Pause Young (Normal) (G1 Evacuation Pause) 207M->164M(1024M) 22,793ms
[2024-06-22T09:38:20.223-0400][gc,cpu      ] GC(23) User=0,07s Sys=0,01s Real=0,02s
[2024-06-22T09:46:47.476-0400][gc,start    ] GC(24) Pause Young (Normal) (G1 Evacuation Pause)
[2024-06-22T09:46:47.476-0400][gc,task     ] GC(24) Using 6 workers of 6 for evacuation
[2024-06-22T09:46:47.497-0400][gc,mmu      ] GC(24) MMU target violated: 21,0ms (20,0ms/21,0ms)
[2024-06-22T09:46:47.498-0400][gc,phases   ] GC(24)   Pre Evacuate Collection Set: 0,7ms
[2024-06-22T09:46:47.498-0400][gc,phases   ] GC(24)   Merge Heap Roots: 0,2ms
[2024-06-22T09:46:47.498-0400][gc,phases   ] GC(24)   Evacuate Collection Set: 16,5ms
[2024-06-22T09:46:47.498-0400][gc,phases   ] GC(24)   Post Evacuate Collection Set: 3,5ms
[2024-06-22T09:46:47.498-0400][gc,phases   ] GC(24)   Other: 1,0ms
[2024-06-22T09:46:47.498-0400][gc,heap     ] GC(24) Eden regions: 44->0(44)
[2024-06-22T09:46:47.498-0400][gc,heap     ] GC(24) Survivor regions: 7->7(7)
[2024-06-22T09:46:47.498-0400][gc,heap     ] GC(24) Old regions: 30->32
[2024-06-22T09:46:47.498-0400][gc,heap     ] GC(24) Humongous regions: 129->129
[2024-06-22T09:46:47.498-0400][gc,metaspace] GC(24) Metaspace: 42983K(43712K)->42983K(43712K) NonClass: 38133K(38528K)->38133K(38528K) Class: 4850K(5184K)->4850K(5184K)
[2024-06-22T09:46:47.498-0400][gc          ] GC(24) Pause Young (Normal) (G1 Evacuation Pause) 208M->167M(1024M) 22,040ms
[2024-06-22T09:46:47.498-0400][gc,cpu      ] GC(24) User=0,02s Sys=0,04s Real=0,03s
[2024-06-22T09:55:15.417-0400][gc,start    ] GC(25) Pause Young (Normal) (G1 Evacuation Pause)
[2024-06-22T09:55:15.417-0400][gc,task     ] GC(25) Using 6 workers of 6 for evacuation
[2024-06-22T09:55:15.431-0400][gc,phases   ] GC(25)   Pre Evacuate Collection Set: 0,7ms
[2024-06-22T09:55:15.431-0400][gc,phases   ] GC(25)   Merge Heap Roots: 0,3ms
[2024-06-22T09:55:15.431-0400][gc,phases   ] GC(25)   Evacuate Collection Set: 9,4ms
[2024-06-22T09:55:15.431-0400][gc,phases   ] GC(25)   Post Evacuate Collection Set: 3,2ms
[2024-06-22T09:55:15.431-0400][gc,phases   ] GC(25)   Other: 0,1ms
[2024-06-22T09:55:15.431-0400][gc,heap     ] GC(25) Eden regions: 44->0(44)
[2024-06-22T09:55:15.431-0400][gc,heap     ] GC(25) Survivor regions: 7->7(7)
[2024-06-22T09:55:15.431-0400][gc,heap     ] GC(25) Old regions: 32->35
[2024-06-22T09:55:15.431-0400][gc,heap     ] GC(25) Humongous regions: 129->129
[2024-06-22T09:55:15.431-0400][gc,metaspace] GC(25) Metaspace: 42987K(43712K)->42987K(43712K) NonClass: 38136K(38528K)->38136K(38528K) Class: 4850K(5184K)->4850K(5184K)
[2024-06-22T09:55:15.431-0400][gc          ] GC(25) Pause Young (Normal) (G1 Evacuation Pause) 211M->170M(1024M) 13,801ms
[2024-06-22T09:55:15.431-0400][gc,cpu      ] GC(25) User=0,03s Sys=0,01s Real=0,01s
[2024-06-22T10:03:40.354-0400][gc,start    ] GC(26) Pause Young (Normal) (G1 Evacuation Pause)
[2024-06-22T10:03:40.354-0400][gc,task     ] GC(26) Using 6 workers of 6 for evacuation
[2024-06-22T10:03:40.371-0400][gc,phases   ] GC(26)   Pre Evacuate Collection Set: 0,7ms
[2024-06-22T10:03:40.371-0400][gc,phases   ] GC(26)   Merge Heap Roots: 0,4ms
[2024-06-22T10:03:40.371-0400][gc,phases   ] GC(26)   Evacuate Collection Set: 11,0ms
[2024-06-22T10:03:40.371-0400][gc,phases   ] GC(26)   Post Evacuate Collection Set: 4,8ms
[2024-06-22T10:03:40.371-0400][gc,phases   ] GC(26)   Other: 0,1ms
[2024-06-22T10:03:40.371-0400][gc,heap     ] GC(26) Eden regions: 44->0(44)
[2024-06-22T10:03:40.371-0400][gc,heap     ] GC(26) Survivor regions: 7->7(7)
[2024-06-22T10:03:40.371-0400][gc,heap     ] GC(26) Old regions: 35->38
[2024-06-22T10:03:40.371-0400][gc,heap     ] GC(26) Humongous regions: 129->129
[2024-06-22T10:03:40.371-0400][gc,metaspace] GC(26) Metaspace: 42987K(43712K)->42987K(43712K) NonClass: 38136K(38528K)->38136K(38528K) Class: 4850K(5184K)->4850K(5184K)
[2024-06-22T10:03:40.371-0400][gc          ] GC(26) Pause Young (Normal) (G1 Evacuation Pause) 214M->172M(1024M) 17,106ms
[2024-06-22T10:03:40.371-0400][gc,cpu      ] GC(26) User=0,04s Sys=0,01s Real=0,02s
[2024-06-22T10:11:29.654-0400][gc,start    ] GC(27) Pause Young (Normal) (G1 Evacuation Pause)
[2024-06-22T10:11:29.654-0400][gc,task     ] GC(27) Using 6 workers of 6 for evacuation
[2024-06-22T10:11:29.673-0400][gc,phases   ] GC(27)   Pre Evacuate Collection Set: 0,6ms
[2024-06-22T10:11:29.673-0400][gc,phases   ] GC(27)   Merge Heap Roots: 0,5ms
[2024-06-22T10:11:29.673-0400][gc,phases   ] GC(27)   Evacuate Collection Set: 15,4ms
[2024-06-22T10:11:29.673-0400][gc,phases   ] GC(27)   Post Evacuate Collection Set: 2,1ms
[2024-06-22T10:11:29.673-0400][gc,phases   ] GC(27)   Other: 0,1ms
[2024-06-22T10:11:29.673-0400][gc,heap     ] GC(27) Eden regions: 44->0(44)
[2024-06-22T10:11:29.673-0400][gc,heap     ] GC(27) Survivor regions: 7->7(7)
[2024-06-22T10:11:29.673-0400][gc,heap     ] GC(27) Old regions: 38->41
[2024-06-22T10:11:29.673-0400][gc,heap     ] GC(27) Humongous regions: 129->129
[2024-06-22T10:11:29.673-0400][gc,metaspace] GC(27) Metaspace: 42988K(43712K)->42988K(43712K) NonClass: 38137K(38528K)->38137K(38528K) Class: 4850K(5184K)->4850K(5184K)
[2024-06-22T10:11:29.673-0400][gc          ] GC(27) Pause Young (Normal) (G1 Evacuation Pause) 216M->175M(1024M) 18,843ms
[2024-06-22T10:11:29.673-0400][gc,cpu      ] GC(27) User=0,03s Sys=0,02s Real=0,02s
[2024-06-22T10:19:56.706-0400][gc,start    ] GC(28) Pause Young (Normal) (G1 Evacuation Pause)
[2024-06-22T10:19:56.706-0400][gc,task     ] GC(28) Using 6 workers of 6 for evacuation
[2024-06-22T10:19:56.721-0400][gc,phases   ] GC(28)   Pre Evacuate Collection Set: 0,8ms
[2024-06-22T10:19:56.722-0400][gc,phases   ] GC(28)   Merge Heap Roots: 0,3ms
[2024-06-22T10:19:56.722-0400][gc,phases   ] GC(28)   Evacuate Collection Set: 12,8ms
[2024-06-22T10:19:56.722-0400][gc,phases   ] GC(28)   Post Evacuate Collection Set: 1,5ms
[2024-06-22T10:19:56.722-0400][gc,phases   ] GC(28)   Other: 0,2ms
[2024-06-22T10:19:56.722-0400][gc,heap     ] GC(28) Eden regions: 44->0(47)
[2024-06-22T10:19:56.722-0400][gc,heap     ] GC(28) Survivor regions: 7->4(7)
[2024-06-22T10:19:56.722-0400][gc,heap     ] GC(28) Old regions: 41->44
[2024-06-22T10:19:56.722-0400][gc,heap     ] GC(28) Humongous regions: 129->129
[2024-06-22T10:19:56.722-0400][gc,metaspace] GC(28) Metaspace: 42992K(43712K)->42992K(43712K) NonClass: 38141K(38528K)->38141K(38528K) Class: 4850K(5184K)->4850K(5184K)
[2024-06-22T10:19:56.722-0400][gc          ] GC(28) Pause Young (Normal) (G1 Evacuation Pause) 219M->176M(1024M) 15,966ms
[2024-06-22T10:19:56.722-0400][gc,cpu      ] GC(28) User=0,02s Sys=0,02s Real=0,02s
[2024-06-22T10:28:59.864-0400][gc,start    ] GC(29) Pause Young (Normal) (G1 Evacuation Pause)
[2024-06-22T10:28:59.864-0400][gc,task     ] GC(29) Using 6 workers of 6 for evacuation
[2024-06-22T10:28:59.873-0400][gc,phases   ] GC(29)   Pre Evacuate Collection Set: 0,6ms
[2024-06-22T10:28:59.873-0400][gc,phases   ] GC(29)   Merge Heap Roots: 0,5ms
[2024-06-22T10:28:59.873-0400][gc,phases   ] GC(29)   Evacuate Collection Set: 6,7ms
[2024-06-22T10:28:59.873-0400][gc,phases   ] GC(29)   Post Evacuate Collection Set: 1,1ms
[2024-06-22T10:28:59.873-0400][gc,phases   ] GC(29)   Other: 0,1ms
[2024-06-22T10:28:59.873-0400][gc,heap     ] GC(29) Eden regions: 47->0(51)
[2024-06-22T10:28:59.873-0400][gc,heap     ] GC(29) Survivor regions: 4->4(7)
[2024-06-22T10:28:59.873-0400][gc,heap     ] GC(29) Old regions: 44->44
[2024-06-22T10:28:59.873-0400][gc,heap     ] GC(29) Humongous regions: 129->129
[2024-06-22T10:28:59.873-0400][gc,metaspace] GC(29) Metaspace: 42993K(43712K)->42993K(43712K) NonClass: 38142K(38528K)->38142K(38528K) Class: 4850K(5184K)->4850K(5184K)
[2024-06-22T10:28:59.874-0400][gc          ] GC(29) Pause Young (Normal) (G1 Evacuation Pause) 223M->176M(1024M) 9,354ms
[2024-06-22T10:28:59.874-0400][gc,cpu      ] GC(29) User=0,03s Sys=0,00s Real=0,01s
[2024-06-22T10:39:11.822-0400][gc,start    ] GC(30) Pause Young (Normal) (G1 Evacuation Pause)
[2024-06-22T10:39:11.822-0400][gc,task     ] GC(30) Using 6 workers of 6 for evacuation
[2024-06-22T10:39:11.992-0400][gc,mmu      ] GC(30) MMU target violated: 21,0ms (20,0ms/21,0ms)
[2024-06-22T10:39:11.992-0400][gc,phases   ] GC(30)   Pre Evacuate Collection Set: 1,0ms
[2024-06-22T10:39:11.992-0400][gc,phases   ] GC(30)   Merge Heap Roots: 0,1ms
[2024-06-22T10:39:11.992-0400][gc,phases   ] GC(30)   Evacuate Collection Set: 167,1ms
[2024-06-22T10:39:11.992-0400][gc,phases   ] GC(30)   Post Evacuate Collection Set: 1,7ms
[2024-06-22T10:39:11.992-0400][gc,phases   ] GC(30)   Other: 0,0ms
[2024-06-22T10:39:11.992-0400][gc,heap     ] GC(30) Eden regions: 53->0(46)
[2024-06-22T10:39:11.992-0400][gc,heap     ] GC(30) Survivor regions: 4->5(8)
[2024-06-22T10:39:11.992-0400][gc,heap     ] GC(30) Old regions: 44->44
[2024-06-22T10:39:11.992-0400][gc,heap     ] GC(30) Humongous regions: 129->129
[2024-06-22T10:39:11.992-0400][gc,metaspace] GC(30) Metaspace: 42996K(43776K)->42996K(43776K) NonClass: 38145K(38592K)->38145K(38592K) Class: 4850K(5184K)->4850K(5184K)
[2024-06-22T10:39:11.992-0400][gc          ] GC(30) Pause Young (Normal) (G1 Evacuation Pause) 229M->176M(1024M) 169,995ms
[2024-06-22T10:39:11.992-0400][gc,cpu      ] GC(30) User=0,94s Sys=0,03s Real=0,17s
[2024-06-22T10:48:01.365-0400][gc,start    ] GC(31) Pause Young (Normal) (G1 Evacuation Pause)
[2024-06-22T10:48:01.365-0400][gc,task     ] GC(31) Using 6 workers of 6 for evacuation
[2024-06-22T10:48:01.377-0400][gc,phases   ] GC(31)   Pre Evacuate Collection Set: 0,7ms
[2024-06-22T10:48:01.377-0400][gc,phases   ] GC(31)   Merge Heap Roots: 0,5ms
[2024-06-22T10:48:01.377-0400][gc,phases   ] GC(31)   Evacuate Collection Set: 7,1ms
[2024-06-22T10:48:01.377-0400][gc,phases   ] GC(31)   Post Evacuate Collection Set: 4,1ms
[2024-06-22T10:48:01.377-0400][gc,phases   ] GC(31)   Other: 0,1ms
[2024-06-22T10:48:01.377-0400][gc,heap     ] GC(31) Eden regions: 46->0(47)
[2024-06-22T10:48:01.377-0400][gc,heap     ] GC(31) Survivor regions: 5->4(7)
[2024-06-22T10:48:01.377-0400][gc,heap     ] GC(31) Old regions: 44->45
[2024-06-22T10:48:01.377-0400][gc,heap     ] GC(31) Humongous regions: 129->129
[2024-06-22T10:48:01.377-0400][gc,metaspace] GC(31) Metaspace: 43000K(43776K)->43000K(43776K) NonClass: 38150K(38592K)->38150K(38592K) Class: 4850K(5184K)->4850K(5184K)
[2024-06-22T10:48:01.377-0400][gc          ] GC(31) Pause Young (Normal) (G1 Evacuation Pause) 222M->177M(1024M) 12,611ms
[2024-06-22T10:48:01.377-0400][gc,cpu      ] GC(31) User=0,02s Sys=0,02s Real=0,02s
[2024-06-22T10:57:07.959-0400][gc,start    ] GC(32) Pause Young (Normal) (G1 Evacuation Pause)
[2024-06-22T10:57:07.959-0400][gc,task     ] GC(32) Using 6 workers of 6 for evacuation
[2024-06-22T10:57:07.988-0400][gc,mmu      ] GC(32) MMU target violated: 21,0ms (20,0ms/21,0ms)
[2024-06-22T10:57:07.988-0400][gc,phases   ] GC(32)   Pre Evacuate Collection Set: 5,1ms
[2024-06-22T10:57:07.988-0400][gc,phases   ] GC(32)   Merge Heap Roots: 1,8ms
[2024-06-22T10:57:07.988-0400][gc,phases   ] GC(32)   Evacuate Collection Set: 10,4ms
[2024-06-22T10:57:07.988-0400][gc,phases   ] GC(32)   Post Evacuate Collection Set: 11,2ms
[2024-06-22T10:57:07.988-0400][gc,phases   ] GC(32)   Other: 0,1ms
[2024-06-22T10:57:07.988-0400][gc,heap     ] GC(32) Eden regions: 47->0(47)
[2024-06-22T10:57:07.988-0400][gc,heap     ] GC(32) Survivor regions: 4->4(7)
[2024-06-22T10:57:07.988-0400][gc,heap     ] GC(32) Old regions: 45->45
[2024-06-22T10:57:07.988-0400][gc,heap     ] GC(32) Humongous regions: 129->129
[2024-06-22T10:57:07.988-0400][gc,metaspace] GC(32) Metaspace: 43002K(43776K)->43002K(43776K) NonClass: 38152K(38592K)->38152K(38592K) Class: 4850K(5184K)->4850K(5184K)
[2024-06-22T10:57:07.994-0400][gc          ] GC(32) Pause Young (Normal) (G1 Evacuation Pause) 224M->177M(1024M) 34,906ms
[2024-06-22T10:57:07.994-0400][gc,cpu      ] GC(32) User=0,06s Sys=0,01s Real=0,03s
[2024-06-22T11:05:31.895-0400][gc,start    ] GC(33) Pause Young (Normal) (G1 Evacuation Pause)
[2024-06-22T11:05:31.895-0400][gc,task     ] GC(33) Using 6 workers of 6 for evacuation
[2024-06-22T11:05:31.908-0400][gc,phases   ] GC(33)   Pre Evacuate Collection Set: 1,0ms
[2024-06-22T11:05:31.908-0400][gc,phases   ] GC(33)   Merge Heap Roots: 0,3ms
[2024-06-22T11:05:31.908-0400][gc,phases   ] GC(33)   Evacuate Collection Set: 10,4ms
[2024-06-22T11:05:31.908-0400][gc,phases   ] GC(33)   Post Evacuate Collection Set: 1,3ms
[2024-06-22T11:05:31.908-0400][gc,phases   ] GC(33)   Other: 0,1ms
[2024-06-22T11:05:31.908-0400][gc,heap     ] GC(33) Eden regions: 47->0(46)
[2024-06-22T11:05:31.908-0400][gc,heap     ] GC(33) Survivor regions: 4->5(7)
[2024-06-22T11:05:31.908-0400][gc,heap     ] GC(33) Old regions: 45->45
[2024-06-22T11:05:31.908-0400][gc,heap     ] GC(33) Humongous regions: 129->129
[2024-06-22T11:05:31.908-0400][gc,metaspace] GC(33) Metaspace: 43004K(43776K)->43004K(43776K) NonClass: 38154K(38592K)->38154K(38592K) Class: 4850K(5184K)->4850K(5184K)
[2024-06-22T11:05:31.908-0400][gc          ] GC(33) Pause Young (Normal) (G1 Evacuation Pause) 224M->178M(1024M) 13,322ms
[2024-06-22T11:05:31.908-0400][gc,cpu      ] GC(33) User=0,02s Sys=0,02s Real=0,02s
[2024-06-22T11:14:23.072-0400][gc,start    ] GC(34) Pause Young (Normal) (G1 Evacuation Pause)
[2024-06-22T11:14:23.072-0400][gc,task     ] GC(34) Using 6 workers of 6 for evacuation
[2024-06-22T11:14:23.082-0400][gc,phases   ] GC(34)   Pre Evacuate Collection Set: 1,0ms
[2024-06-22T11:14:23.082-0400][gc,phases   ] GC(34)   Merge Heap Roots: 0,2ms
[2024-06-22T11:14:23.082-0400][gc,phases   ] GC(34)   Evacuate Collection Set: 6,8ms
[2024-06-22T11:14:23.082-0400][gc,phases   ] GC(34)   Post Evacuate Collection Set: 1,9ms
[2024-06-22T11:14:23.082-0400][gc,phases   ] GC(34)   Other: 0,1ms
[2024-06-22T11:14:23.082-0400][gc,heap     ] GC(34) Eden regions: 46->0(48)
[2024-06-22T11:14:23.082-0400][gc,heap     ] GC(34) Survivor regions: 5->3(7)
[2024-06-22T11:14:23.082-0400][gc,heap     ] GC(34) Old regions: 45->46
[2024-06-22T11:14:23.082-0400][gc,heap     ] GC(34) Humongous regions: 129->129
[2024-06-22T11:14:23.082-0400][gc,metaspace] GC(34) Metaspace: 43006K(43776K)->43006K(43776K) NonClass: 38155K(38592K)->38155K(38592K) Class: 4850K(5184K)->4850K(5184K)
[2024-06-22T11:14:23.082-0400][gc          ] GC(34) Pause Young (Normal) (G1 Evacuation Pause) 224M->176M(1024M) 10,265ms
[2024-06-22T11:14:23.082-0400][gc,cpu      ] GC(34) User=0,01s Sys=0,02s Real=0,01s
[2024-06-22T11:23:35.417-0400][gc,start    ] GC(35) Pause Young (Normal) (G1 Evacuation Pause)
[2024-06-22T11:23:35.418-0400][gc,task     ] GC(35) Using 6 workers of 6 for evacuation
[2024-06-22T11:23:35.458-0400][gc,mmu      ] GC(35) MMU target violated: 21,0ms (20,0ms/21,0ms)
[2024-06-22T11:23:35.458-0400][gc,phases   ] GC(35)   Pre Evacuate Collection Set: 2,4ms
[2024-06-22T11:23:35.458-0400][gc,phases   ] GC(35)   Merge Heap Roots: 0,5ms
[2024-06-22T11:23:35.458-0400][gc,phases   ] GC(35)   Evacuate Collection Set: 36,3ms
[2024-06-22T11:23:35.458-0400][gc,phases   ] GC(35)   Post Evacuate Collection Set: 1,2ms
[2024-06-22T11:23:35.458-0400][gc,phases   ] GC(35)   Other: 0,3ms
[2024-06-22T11:23:35.458-0400][gc,heap     ] GC(35) Eden regions: 48->0(45)
[2024-06-22T11:23:35.458-0400][gc,heap     ] GC(35) Survivor regions: 3->6(7)
[2024-06-22T11:23:35.458-0400][gc,heap     ] GC(35) Old regions: 46->46
[2024-06-22T11:23:35.458-0400][gc,heap     ] GC(35) Humongous regions: 129->129
[2024-06-22T11:23:35.458-0400][gc,metaspace] GC(35) Metaspace: 43019K(43776K)->43019K(43776K) NonClass: 38168K(38592K)->38168K(38592K) Class: 4850K(5184K)->4850K(5184K)
[2024-06-22T11:23:35.458-0400][gc          ] GC(35) Pause Young (Normal) (G1 Evacuation Pause) 224M->180M(1024M) 40,989ms
[2024-06-22T11:23:35.458-0400][gc,cpu      ] GC(35) User=0,20s Sys=0,00s Real=0,04s
[2024-06-22T11:32:17.005-0400][gc,start    ] GC(36) Pause Young (Normal) (G1 Evacuation Pause)
[2024-06-22T11:32:17.005-0400][gc,task     ] GC(36) Using 6 workers of 6 for evacuation
[2024-06-22T11:32:17.014-0400][gc,phases   ] GC(36)   Pre Evacuate Collection Set: 1,0ms
[2024-06-22T11:32:17.014-0400][gc,phases   ] GC(36)   Merge Heap Roots: 0,0ms
[2024-06-22T11:32:17.014-0400][gc,phases   ] GC(36)   Evacuate Collection Set: 7,0ms
[2024-06-22T11:32:17.014-0400][gc,phases   ] GC(36)   Post Evacuate Collection Set: 1,0ms
[2024-06-22T11:32:17.014-0400][gc,phases   ] GC(36)   Other: 0,0ms
[2024-06-22T11:32:17.014-0400][gc,heap     ] GC(36) Eden regions: 45->0(44)
[2024-06-22T11:32:17.014-0400][gc,heap     ] GC(36) Survivor regions: 6->7(7)
[2024-06-22T11:32:17.014-0400][gc,heap     ] GC(36) Old regions: 46->48
[2024-06-22T11:32:17.014-0400][gc,heap     ] GC(36) Humongous regions: 129->129
[2024-06-22T11:32:17.014-0400][gc,metaspace] GC(36) Metaspace: 43020K(43776K)->43020K(43776K) NonClass: 38169K(38592K)->38169K(38592K) Class: 4850K(5184K)->4850K(5184K)
[2024-06-22T11:32:17.014-0400][gc          ] GC(36) Pause Young (Normal) (G1 Evacuation Pause) 225M->183M(1024M) 9,000ms
[2024-06-22T11:32:17.014-0400][gc,cpu      ] GC(36) User=0,02s Sys=0,01s Real=0,01s
[2024-06-22T11:40:45.424-0400][gc,start    ] GC(37) Pause Young (Normal) (G1 Evacuation Pause)
[2024-06-22T11:40:45.424-0400][gc,task     ] GC(37) Using 6 workers of 6 for evacuation
[2024-06-22T11:40:45.471-0400][gc,mmu      ] GC(37) MMU target violated: 21,0ms (20,0ms/21,0ms)
[2024-06-22T11:40:45.471-0400][gc,phases   ] GC(37)   Pre Evacuate Collection Set: 12,6ms
[2024-06-22T11:40:45.471-0400][gc,phases   ] GC(37)   Merge Heap Roots: 2,6ms
[2024-06-22T11:40:45.471-0400][gc,phases   ] GC(37)   Evacuate Collection Set: 16,1ms
[2024-06-22T11:40:45.471-0400][gc,phases   ] GC(37)   Post Evacuate Collection Set: 15,3ms
[2024-06-22T11:40:45.471-0400][gc,phases   ] GC(37)   Other: 0,3ms
[2024-06-22T11:40:45.471-0400][gc,heap     ] GC(37) Eden regions: 44->0(44)
[2024-06-22T11:40:45.471-0400][gc,heap     ] GC(37) Survivor regions: 7->7(7)
[2024-06-22T11:40:45.471-0400][gc,heap     ] GC(37) Old regions: 48->51
[2024-06-22T11:40:45.471-0400][gc,heap     ] GC(37) Humongous regions: 129->129
[2024-06-22T11:40:45.471-0400][gc,metaspace] GC(37) Metaspace: 43020K(43776K)->43020K(43776K) NonClass: 38169K(38592K)->38169K(38592K) Class: 4850K(5184K)->4850K(5184K)
[2024-06-22T11:40:45.471-0400][gc          ] GC(37) Pause Young (Normal) (G1 Evacuation Pause) 227M->185M(1024M) 47,348ms
[2024-06-22T11:40:45.471-0400][gc,cpu      ] GC(37) User=0,03s Sys=0,06s Real=0,05s
[2024-06-22T11:49:13.706-0400][gc,start    ] GC(38) Pause Young (Normal) (G1 Evacuation Pause)
[2024-06-22T11:49:13.706-0400][gc,task     ] GC(38) Using 6 workers of 6 for evacuation
[2024-06-22T11:49:13.721-0400][gc,phases   ] GC(38)   Pre Evacuate Collection Set: 0,7ms
[2024-06-22T11:49:13.721-0400][gc,phases   ] GC(38)   Merge Heap Roots: 0,3ms
[2024-06-22T11:49:13.721-0400][gc,phases   ] GC(38)   Evacuate Collection Set: 12,4ms
[2024-06-22T11:49:13.721-0400][gc,phases   ] GC(38)   Post Evacuate Collection Set: 1,5ms
[2024-06-22T11:49:13.721-0400][gc,phases   ] GC(38)   Other: 0,2ms
[2024-06-22T11:49:13.721-0400][gc,heap     ] GC(38) Eden regions: 44->0(44)
[2024-06-22T11:49:13.721-0400][gc,heap     ] GC(38) Survivor regions: 7->7(7)
[2024-06-22T11:49:13.721-0400][gc,heap     ] GC(38) Old regions: 51->54
[2024-06-22T11:49:13.721-0400][gc,heap     ] GC(38) Humongous regions: 129->129
[2024-06-22T11:49:13.721-0400][gc,metaspace] GC(38) Metaspace: 43020K(43776K)->43020K(43776K) NonClass: 38169K(38592K)->38169K(38592K) Class: 4850K(5184K)->4850K(5184K)
[2024-06-22T11:49:13.721-0400][gc          ] GC(38) Pause Young (Normal) (G1 Evacuation Pause) 229M->189M(1024M) 15,285ms
[2024-06-22T11:49:13.721-0400][gc,cpu      ] GC(38) User=0,03s Sys=0,01s Real=0,02s
[2024-06-22T11:57:43.926-0400][gc,start    ] GC(39) Pause Young (Normal) (G1 Evacuation Pause)
[2024-06-22T11:57:43.926-0400][gc,task     ] GC(39) Using 6 workers of 6 for evacuation
[2024-06-22T11:57:43.944-0400][gc,phases   ] GC(39)   Pre Evacuate Collection Set: 0,5ms
[2024-06-22T11:57:43.945-0400][gc,phases   ] GC(39)   Merge Heap Roots: 0,1ms
[2024-06-22T11:57:43.945-0400][gc,phases   ] GC(39)   Evacuate Collection Set: 13,7ms
[2024-06-22T11:57:43.945-0400][gc,phases   ] GC(39)   Post Evacuate Collection Set: 3,5ms
[2024-06-22T11:57:43.945-0400][gc,phases   ] GC(39)   Other: 0,2ms
[2024-06-22T11:57:43.945-0400][gc,heap     ] GC(39) Eden regions: 44->0(44)
[2024-06-22T11:57:43.945-0400][gc,heap     ] GC(39) Survivor regions: 7->7(7)
[2024-06-22T11:57:43.945-0400][gc,heap     ] GC(39) Old regions: 54->57
[2024-06-22T11:57:43.945-0400][gc,heap     ] GC(39) Humongous regions: 129->129
[2024-06-22T11:57:43.945-0400][gc,metaspace] GC(39) Metaspace: 43024K(43776K)->43024K(43776K) NonClass: 38174K(38592K)->38174K(38592K) Class: 4850K(5184K)->4850K(5184K)
[2024-06-22T11:57:43.945-0400][gc          ] GC(39) Pause Young (Normal) (G1 Evacuation Pause) 233M->192M(1024M) 18,313ms
[2024-06-22T11:57:43.945-0400][gc,cpu      ] GC(39) User=0,03s Sys=0,03s Real=0,02s
[2024-06-22T12:05:30.418-0400][gc,start    ] GC(40) Pause Young (Normal) (G1 Evacuation Pause)
[2024-06-22T12:05:30.419-0400][gc,task     ] GC(40) Using 6 workers of 6 for evacuation
[2024-06-22T12:05:30.461-0400][gc,mmu      ] GC(40) MMU target violated: 21,0ms (20,0ms/21,0ms)
[2024-06-22T12:05:30.461-0400][gc,phases   ] GC(40)   Pre Evacuate Collection Set: 9,8ms
[2024-06-22T12:05:30.461-0400][gc,phases   ] GC(40)   Merge Heap Roots: 0,3ms
[2024-06-22T12:05:30.461-0400][gc,phases   ] GC(40)   Evacuate Collection Set: 28,2ms
[2024-06-22T12:05:30.461-0400][gc,phases   ] GC(40)   Post Evacuate Collection Set: 2,0ms
[2024-06-22T12:05:30.461-0400][gc,phases   ] GC(40)   Other: 2,3ms
[2024-06-22T12:05:30.461-0400][gc,heap     ] GC(40) Eden regions: 44->0(44)
[2024-06-22T12:05:30.461-0400][gc,heap     ] GC(40) Survivor regions: 7->7(7)
[2024-06-22T12:05:30.461-0400][gc,heap     ] GC(40) Old regions: 57->60
[2024-06-22T12:05:30.461-0400][gc,heap     ] GC(40) Humongous regions: 129->129
[2024-06-22T12:05:30.461-0400][gc,metaspace] GC(40) Metaspace: 43025K(43776K)->43025K(43776K) NonClass: 38175K(38592K)->38175K(38592K) Class: 4850K(5184K)->4850K(5184K)
[2024-06-22T12:05:30.461-0400][gc          ] GC(40) Pause Young (Normal) (G1 Evacuation Pause) 236M->196M(1024M) 43,891ms
[2024-06-22T12:05:30.463-0400][gc,cpu      ] GC(40) User=0,04s Sys=0,04s Real=0,04s
[2024-06-22T12:13:57.668-0400][gc,start    ] GC(41) Pause Young (Normal) (G1 Evacuation Pause)
[2024-06-22T12:13:57.668-0400][gc,task     ] GC(41) Using 6 workers of 6 for evacuation
[2024-06-22T12:13:57.691-0400][gc,mmu      ] GC(41) MMU target violated: 21,0ms (20,0ms/21,0ms)
[2024-06-22T12:13:57.691-0400][gc,phases   ] GC(41)   Pre Evacuate Collection Set: 0,5ms
[2024-06-22T12:13:57.691-0400][gc,phases   ] GC(41)   Merge Heap Roots: 1,8ms
[2024-06-22T12:13:57.691-0400][gc,phases   ] GC(41)   Evacuate Collection Set: 17,5ms
[2024-06-22T12:13:57.691-0400][gc,phases   ] GC(41)   Post Evacuate Collection Set: 3,6ms
[2024-06-22T12:13:57.691-0400][gc,phases   ] GC(41)   Other: 0,2ms
[2024-06-22T12:13:57.692-0400][gc,heap     ] GC(41) Eden regions: 44->0(47)
[2024-06-22T12:13:57.692-0400][gc,heap     ] GC(41) Survivor regions: 7->4(7)
[2024-06-22T12:13:57.692-0400][gc,heap     ] GC(41) Old regions: 60->67
[2024-06-22T12:13:57.692-0400][gc,heap     ] GC(41) Humongous regions: 129->129
[2024-06-22T12:13:57.692-0400][gc,metaspace] GC(41) Metaspace: 43027K(43776K)->43027K(43776K) NonClass: 38177K(38592K)->38177K(38592K) Class: 4850K(5184K)->4850K(5184K)
[2024-06-22T12:13:57.692-0400][gc          ] GC(41) Pause Young (Normal) (G1 Evacuation Pause) 240M->199M(1024M) 23,894ms
[2024-06-22T12:13:57.692-0400][gc,cpu      ] GC(41) User=0,02s Sys=0,03s Real=0,02s
[2024-06-22T12:23:04.923-0400][gc,start    ] GC(42) Pause Young (Normal) (G1 Evacuation Pause)
[2024-06-22T12:23:04.924-0400][gc,task     ] GC(42) Using 6 workers of 6 for evacuation
[2024-06-22T12:23:04.969-0400][gc,mmu      ] GC(42) MMU target violated: 21,0ms (20,0ms/21,0ms)
[2024-06-22T12:23:04.969-0400][gc,phases   ] GC(42)   Pre Evacuate Collection Set: 4,4ms
[2024-06-22T12:23:04.969-0400][gc,phases   ] GC(42)   Merge Heap Roots: 0,8ms
[2024-06-22T12:23:04.969-0400][gc,phases   ] GC(42)   Evacuate Collection Set: 34,9ms
[2024-06-22T12:23:04.969-0400][gc,phases   ] GC(42)   Post Evacuate Collection Set: 4,8ms
[2024-06-22T12:23:04.969-0400][gc,phases   ] GC(42)   Other: 0,5ms
[2024-06-22T12:23:04.969-0400][gc,heap     ] GC(42) Eden regions: 47->0(44)
[2024-06-22T12:23:04.969-0400][gc,heap     ] GC(42) Survivor regions: 4->7(7)
[2024-06-22T12:23:04.969-0400][gc,heap     ] GC(42) Old regions: 67->68
[2024-06-22T12:23:04.969-0400][gc,heap     ] GC(42) Humongous regions: 129->129
[2024-06-22T12:23:04.969-0400][gc,metaspace] GC(42) Metaspace: 43028K(43776K)->43028K(43776K) NonClass: 38177K(38592K)->38177K(38592K) Class: 4850K(5184K)->4850K(5184K)
[2024-06-22T12:23:04.969-0400][gc          ] GC(42) Pause Young (Normal) (G1 Evacuation Pause) 246M->203M(1024M) 45,954ms
[2024-06-22T12:23:04.969-0400][gc,cpu      ] GC(42) User=0,10s Sys=0,06s Real=0,05s
[2024-06-22T12:31:35.440-0400][gc,start    ] GC(43) Pause Young (Normal) (G1 Evacuation Pause)
[2024-06-22T12:31:35.440-0400][gc,task     ] GC(43) Using 6 workers of 6 for evacuation
[2024-06-22T12:31:35.464-0400][gc,mmu      ] GC(43) MMU target violated: 21,0ms (20,0ms/21,0ms)
[2024-06-22T12:31:35.464-0400][gc,phases   ] GC(43)   Pre Evacuate Collection Set: 0,7ms
[2024-06-22T12:31:35.464-0400][gc,phases   ] GC(43)   Merge Heap Roots: -0,2ms
[2024-06-22T12:31:35.464-0400][gc,phases   ] GC(43)   Evacuate Collection Set: 16,5ms
[2024-06-22T12:31:35.464-0400][gc,phases   ] GC(43)   Post Evacuate Collection Set: 6,5ms
[2024-06-22T12:31:35.464-0400][gc,phases   ] GC(43)   Other: 0,1ms
[2024-06-22T12:31:35.464-0400][gc,heap     ] GC(43) Eden regions: 44->0(46)
[2024-06-22T12:31:35.464-0400][gc,heap     ] GC(43) Survivor regions: 7->5(7)
[2024-06-22T12:31:35.464-0400][gc,heap     ] GC(43) Old regions: 68->74
[2024-06-22T12:31:35.464-0400][gc,heap     ] GC(43) Humongous regions: 129->129
[2024-06-22T12:31:35.464-0400][gc,metaspace] GC(43) Metaspace: 43034K(43776K)->43034K(43776K) NonClass: 38184K(38592K)->38184K(38592K) Class: 4850K(5184K)->4850K(5184K)
[2024-06-22T12:31:35.464-0400][gc          ] GC(43) Pause Young (Normal) (G1 Evacuation Pause) 247M->207M(1024M) 23,751ms
[2024-06-22T12:31:35.464-0400][gc,cpu      ] GC(43) User=0,04s Sys=0,02s Real=0,02s
[2024-06-24T16:43:50.486-0400][gc,start    ] GC(44) Pause Young (Normal) (G1 Evacuation Pause)
[2024-06-24T16:43:50.486-0400][gc,task     ] GC(44) Using 6 workers of 6 for evacuation
[2024-06-24T16:43:50.501-0400][gc,phases   ] GC(44)   Pre Evacuate Collection Set: 0,9ms
[2024-06-24T16:43:50.501-0400][gc,phases   ] GC(44)   Merge Heap Roots: 0,3ms
[2024-06-24T16:43:50.501-0400][gc,phases   ] GC(44)   Evacuate Collection Set: 7,2ms
[2024-06-24T16:43:50.501-0400][gc,phases   ] GC(44)   Post Evacuate Collection Set: 6,8ms
[2024-06-24T16:43:50.501-0400][gc,phases   ] GC(44)   Other: 0,1ms
[2024-06-24T16:43:50.501-0400][gc,heap     ] GC(44) Eden regions: 46->0(49)
[2024-06-24T16:43:50.501-0400][gc,heap     ] GC(44) Survivor regions: 5->2(7)
[2024-06-24T16:43:50.501-0400][gc,heap     ] GC(44) Old regions: 74->78
[2024-06-24T16:43:50.501-0400][gc,heap     ] GC(44) Humongous regions: 129->129
[2024-06-24T16:43:50.501-0400][gc,metaspace] GC(44) Metaspace: 43035K(43776K)->43035K(43776K) NonClass: 38185K(38592K)->38185K(38592K) Class: 4850K(5184K)->4850K(5184K)
[2024-06-24T16:43:50.503-0400][gc          ] GC(44) Pause Young (Normal) (G1 Evacuation Pause) 253M->208M(1024M) 16,442ms
[2024-06-24T16:43:50.503-0400][gc,cpu      ] GC(44) User=0,02s Sys=0,01s Real=0,02s
[2024-06-24T16:53:49.302-0400][gc,start    ] GC(45) Pause Young (Normal) (G1 Evacuation Pause)
[2024-06-24T16:53:49.302-0400][gc,task     ] GC(45) Using 6 workers of 6 for evacuation
[2024-06-24T16:53:49.310-0400][gc,phases   ] GC(45)   Pre Evacuate Collection Set: 0,7ms
[2024-06-24T16:53:49.310-0400][gc,phases   ] GC(45)   Merge Heap Roots: 0,2ms
[2024-06-24T16:53:49.310-0400][gc,phases   ] GC(45)   Evacuate Collection Set: 5,6ms
[2024-06-24T16:53:49.310-0400][gc,phases   ] GC(45)   Post Evacuate Collection Set: 1,1ms
[2024-06-24T16:53:49.310-0400][gc,phases   ] GC(45)   Other: 0,1ms
[2024-06-24T16:53:49.310-0400][gc,heap     ] GC(45) Eden regions: 49->0(51)
[2024-06-24T16:53:49.310-0400][gc,heap     ] GC(45) Survivor regions: 2->3(7)
[2024-06-24T16:53:49.310-0400][gc,heap     ] GC(45) Old regions: 78->78
[2024-06-24T16:53:49.310-0400][gc,heap     ] GC(45) Humongous regions: 129->129
[2024-06-24T16:53:49.310-0400][gc,metaspace] GC(45) Metaspace: 43036K(43776K)->43036K(43776K) NonClass: 38185K(38592K)->38185K(38592K) Class: 4850K(5184K)->4850K(5184K)
[2024-06-24T16:53:49.310-0400][gc          ] GC(45) Pause Young (Normal) (G1 Evacuation Pause) 257M->208M(1024M) 7,885ms
[2024-06-24T16:53:49.310-0400][gc,cpu      ] GC(45) User=0,02s Sys=0,00s Real=0,00s
[2024-06-24T17:05:12.394-0400][gc,start    ] GC(46) Pause Young (Normal) (G1 Evacuation Pause)
[2024-06-24T17:05:12.395-0400][gc,task     ] GC(46) Using 6 workers of 6 for evacuation
[2024-06-24T17:05:12.409-0400][gc,phases   ] GC(46)   Pre Evacuate Collection Set: 0,7ms
[2024-06-24T17:05:12.409-0400][gc,phases   ] GC(46)   Merge Heap Roots: 0,8ms
[2024-06-24T17:05:12.409-0400][gc,phases   ] GC(46)   Evacuate Collection Set: 11,1ms
[2024-06-24T17:05:12.409-0400][gc,phases   ] GC(46)   Post Evacuate Collection Set: 2,0ms
[2024-06-24T17:05:12.409-0400][gc,phases   ] GC(46)   Other: 0,1ms
[2024-06-24T17:05:12.409-0400][gc,heap     ] GC(46) Eden regions: 56->0(68)
[2024-06-24T17:05:12.409-0400][gc,heap     ] GC(46) Survivor regions: 3->2(8)
[2024-06-24T17:05:12.409-0400][gc,heap     ] GC(46) Old regions: 78->78
[2024-06-24T17:05:12.409-0400][gc,heap     ] GC(46) Humongous regions: 129->129
[2024-06-24T17:05:12.409-0400][gc,metaspace] GC(46) Metaspace: 43036K(43776K)->43036K(43776K) NonClass: 38186K(38592K)->38186K(38592K) Class: 4850K(5184K)->4850K(5184K)
[2024-06-24T17:05:12.409-0400][gc          ] GC(46) Pause Young (Normal) (G1 Evacuation Pause) 264M->208M(1024M) 14,939ms
[2024-06-24T17:05:12.409-0400][gc,cpu      ] GC(46) User=0,06s Sys=0,00s Real=0,01s
[2024-06-24T17:17:40.426-0400][gc,start    ] GC(47) Pause Young (Normal) (G1 Evacuation Pause)
[2024-06-24T17:17:40.426-0400][gc,task     ] GC(47) Using 6 workers of 6 for evacuation
[2024-06-24T17:17:40.448-0400][gc,mmu      ] GC(47) MMU target violated: 21,0ms (20,0ms/21,0ms)
[2024-06-24T17:17:40.448-0400][gc,phases   ] GC(47)   Pre Evacuate Collection Set: 0,7ms
[2024-06-24T17:17:40.448-0400][gc,phases   ] GC(47)   Merge Heap Roots: 0,5ms
[2024-06-24T17:17:40.448-0400][gc,phases   ] GC(47)   Evacuate Collection Set: 15,3ms
[2024-06-24T17:17:40.448-0400][gc,phases   ] GC(47)   Post Evacuate Collection Set: 4,9ms
[2024-06-24T17:17:40.448-0400][gc,phases   ] GC(47)   Other: 0,1ms
[2024-06-24T17:17:40.448-0400][gc,heap     ] GC(47) Eden regions: 66->0(46)
[2024-06-24T17:17:40.448-0400][gc,heap     ] GC(47) Survivor regions: 2->5(9)
[2024-06-24T17:17:40.448-0400][gc,heap     ] GC(47) Old regions: 78->78
[2024-06-24T17:17:40.448-0400][gc,heap     ] GC(47) Humongous regions: 129->129
[2024-06-24T17:17:40.448-0400][gc,metaspace] GC(47) Metaspace: 43039K(43776K)->43039K(43776K) NonClass: 38188K(38592K)->38188K(38592K) Class: 4850K(5184K)->4850K(5184K)
[2024-06-24T17:17:40.448-0400][gc          ] GC(47) Pause Young (Normal) (G1 Evacuation Pause) 274M->210M(1024M) 21,888ms
[2024-06-24T17:17:40.448-0400][gc,cpu      ] GC(47) User=0,03s Sys=0,02s Real=0,02s
[2024-06-24T17:26:31.820-0400][gc,start    ] GC(48) Pause Young (Normal) (G1 Evacuation Pause)
[2024-06-24T17:26:31.820-0400][gc,task     ] GC(48) Using 6 workers of 6 for evacuation
[2024-06-24T17:26:31.832-0400][gc,phases   ] GC(48)   Pre Evacuate Collection Set: 0,2ms
[2024-06-24T17:26:31.832-0400][gc,phases   ] GC(48)   Merge Heap Roots: 0,4ms
[2024-06-24T17:26:31.832-0400][gc,phases   ] GC(48)   Evacuate Collection Set: 10,5ms
[2024-06-24T17:26:31.832-0400][gc,phases   ] GC(48)   Post Evacuate Collection Set: 1,1ms
[2024-06-24T17:26:31.832-0400][gc,phases   ] GC(48)   Other: 0,1ms
[2024-06-24T17:26:31.832-0400][gc,heap     ] GC(48) Eden regions: 46->0(104)
[2024-06-24T17:26:31.832-0400][gc,heap     ] GC(48) Survivor regions: 5->4(7)
[2024-06-24T17:26:31.832-0400][gc,heap     ] GC(48) Old regions: 78->78
[2024-06-24T17:26:31.832-0400][gc,heap     ] GC(48) Humongous regions: 129->129
[2024-06-24T17:26:31.832-0400][gc,metaspace] GC(48) Metaspace: 43039K(43776K)->43039K(43776K) NonClass: 38188K(38592K)->38188K(38592K) Class: 4850K(5184K)->4850K(5184K)
[2024-06-24T17:26:31.832-0400][gc          ] GC(48) Pause Young (Normal) (G1 Evacuation Pause) 256M->210M(1024M) 12,593ms
[2024-06-24T17:26:31.832-0400][gc,cpu      ] GC(48) User=0,01s Sys=0,02s Real=0,02s
[2024-06-24T17:44:19.386-0400][gc,start    ] GC(49) Pause Young (Normal) (G1 Evacuation Pause)
[2024-06-24T17:44:19.386-0400][gc,task     ] GC(49) Using 6 workers of 6 for evacuation
[2024-06-24T17:44:19.395-0400][gc,phases   ] GC(49)   Pre Evacuate Collection Set: 1,4ms
[2024-06-24T17:44:19.395-0400][gc,phases   ] GC(49)   Merge Heap Roots: 0,3ms
[2024-06-24T17:44:19.395-0400][gc,phases   ] GC(49)   Evacuate Collection Set: 5,3ms
[2024-06-24T17:44:19.395-0400][gc,phases   ] GC(49)   Post Evacuate Collection Set: 1,0ms
[2024-06-24T17:44:19.395-0400][gc,phases   ] GC(49)   Other: 1,3ms
[2024-06-24T17:44:19.395-0400][gc,heap     ] GC(49) Eden regions: 92->0(550)
[2024-06-24T17:44:19.395-0400][gc,heap     ] GC(49) Survivor regions: 4->4(12)
[2024-06-24T17:44:19.395-0400][gc,heap     ] GC(49) Old regions: 78->78
[2024-06-24T17:44:19.395-0400][gc,heap     ] GC(49) Humongous regions: 129->129
[2024-06-24T17:44:19.395-0400][gc,metaspace] GC(49) Metaspace: 43045K(43776K)->43045K(43776K) NonClass: 38195K(38592K)->38195K(38592K) Class: 4850K(5184K)->4850K(5184K)
[2024-06-24T17:44:19.395-0400][gc          ] GC(49) Pause Young (Normal) (G1 Evacuation Pause) 302M->210M(1024M) 9,483ms
[2024-06-24T17:44:19.395-0400][gc,cpu      ] GC(49) User=0,02s Sys=0,00s Real=0,01s
[2024-06-24T19:36:50.757-0400][gc,start    ] GC(50) Pause Young (Normal) (G1 Evacuation Pause)
[2024-06-24T19:36:50.760-0400][gc,task     ] GC(50) Using 6 workers of 6 for evacuation
[2024-06-24T19:36:50.844-0400][gc,mmu      ] GC(50) MMU target violated: 21,0ms (20,0ms/21,0ms)
[2024-06-24T19:36:50.844-0400][gc,phases   ] GC(50)   Pre Evacuate Collection Set: 6,3ms
[2024-06-24T19:36:50.844-0400][gc,phases   ] GC(50)   Merge Heap Roots: 1,8ms
[2024-06-24T19:36:50.844-0400][gc,phases   ] GC(50)   Evacuate Collection Set: 67,2ms
[2024-06-24T19:36:50.844-0400][gc,phases   ] GC(50)   Post Evacuate Collection Set: 4,7ms
[2024-06-24T19:36:50.844-0400][gc,phases   ] GC(50)   Other: 5,3ms
[2024-06-24T19:36:50.844-0400][gc,heap     ] GC(50) Eden regions: 581->0(46)
[2024-06-24T19:36:50.844-0400][gc,heap     ] GC(50) Survivor regions: 4->5(74)
[2024-06-24T19:36:50.844-0400][gc,heap     ] GC(50) Old regions: 78->78
[2024-06-24T19:36:50.844-0400][gc,heap     ] GC(50) Humongous regions: 129->129
[2024-06-24T19:36:50.844-0400][gc,metaspace] GC(50) Metaspace: 43061K(43776K)->43061K(43776K) NonClass: 38210K(38592K)->38210K(38592K) Class: 4850K(5184K)->4850K(5184K)
[2024-06-24T19:36:50.844-0400][gc          ] GC(50) Pause Young (Normal) (G1 Evacuation Pause) 791M->211M(1024M) 86,821ms
[2024-06-24T19:36:50.844-0400][gc,cpu      ] GC(50) User=0,31s Sys=0,00s Real=0,09s
[2024-06-24T19:45:29.302-0400][gc,start    ] GC(51) Pause Young (Normal) (G1 Evacuation Pause)
[2024-06-24T19:45:29.302-0400][gc,task     ] GC(51) Using 6 workers of 6 for evacuation
[2024-06-24T19:45:29.322-0400][gc,phases   ] GC(51)   Pre Evacuate Collection Set: 0,7ms
[2024-06-24T19:45:29.322-0400][gc,phases   ] GC(51)   Merge Heap Roots: 0,6ms
[2024-06-24T19:45:29.322-0400][gc,phases   ] GC(51)   Evacuate Collection Set: 12,9ms
[2024-06-24T19:45:29.322-0400][gc,phases   ] GC(51)   Post Evacuate Collection Set: 5,5ms
[2024-06-24T19:45:29.322-0400][gc,phases   ] GC(51)   Other: 0,2ms
[2024-06-24T19:45:29.322-0400][gc,heap     ] GC(51) Eden regions: 46->0(47)
[2024-06-24T19:45:29.322-0400][gc,heap     ] GC(51) Survivor regions: 5->4(7)
[2024-06-24T19:45:29.322-0400][gc,heap     ] GC(51) Old regions: 78->79
[2024-06-24T19:45:29.322-0400][gc,heap     ] GC(51) Humongous regions: 129->129
[2024-06-24T19:45:29.322-0400][gc,metaspace] GC(51) Metaspace: 43070K(43776K)->43070K(43776K) NonClass: 38219K(38592K)->38219K(38592K) Class: 4850K(5184K)->4850K(5184K)
[2024-06-24T19:45:29.322-0400][gc          ] GC(51) Pause Young (Normal) (G1 Evacuation Pause) 257M->211M(1024M) 20,055ms
[2024-06-24T19:45:29.322-0400][gc,cpu      ] GC(51) User=0,03s Sys=0,04s Real=0,02s
[2024-06-24T19:54:33.576-0400][gc,start    ] GC(52) Pause Young (Normal) (G1 Evacuation Pause)
[2024-06-24T19:54:33.576-0400][gc,task     ] GC(52) Using 6 workers of 6 for evacuation
[2024-06-24T19:54:33.586-0400][gc,phases   ] GC(52)   Pre Evacuate Collection Set: 0,6ms
[2024-06-24T19:54:33.586-0400][gc,phases   ] GC(52)   Merge Heap Roots: 0,5ms
[2024-06-24T19:54:33.586-0400][gc,phases   ] GC(52)   Evacuate Collection Set: 8,1ms
[2024-06-24T19:54:33.586-0400][gc,phases   ] GC(52)   Post Evacuate Collection Set: 1,0ms
[2024-06-24T19:54:33.586-0400][gc,phases   ] GC(52)   Other: 0,1ms
[2024-06-24T19:54:33.586-0400][gc,heap     ] GC(52) Eden regions: 47->0(48)
[2024-06-24T19:54:33.586-0400][gc,heap     ] GC(52) Survivor regions: 4->3(7)
[2024-06-24T19:54:33.586-0400][gc,heap     ] GC(52) Old regions: 79->79
[2024-06-24T19:54:33.586-0400][gc,heap     ] GC(52) Humongous regions: 129->129
[2024-06-24T19:54:33.586-0400][gc,metaspace] GC(52) Metaspace: 43070K(43776K)->43070K(43776K) NonClass: 38219K(38592K)->38219K(38592K) Class: 4850K(5184K)->4850K(5184K)
[2024-06-24T19:54:33.586-0400][gc          ] GC(52) Pause Young (Normal) (G1 Evacuation Pause) 258M->210M(1024M) 10,474ms
[2024-06-24T19:54:33.586-0400][gc,cpu      ] GC(52) User=0,02s Sys=0,01s Real=0,01s
[2024-06-24T20:18:20.525-0400][gc,start    ] GC(53) Pause Young (Normal) (G1 Evacuation Pause)
[2024-06-24T20:18:20.525-0400][gc,task     ] GC(53) Using 6 workers of 6 for evacuation
[2024-06-24T20:18:20.560-0400][gc,mmu      ] GC(53) MMU target violated: 21,0ms (20,0ms/21,0ms)
[2024-06-24T20:18:20.560-0400][gc,phases   ] GC(53)   Pre Evacuate Collection Set: 0,7ms
[2024-06-24T20:18:20.560-0400][gc,phases   ] GC(53)   Merge Heap Roots: 0,3ms
[2024-06-24T20:18:20.560-0400][gc,phases   ] GC(53)   Evacuate Collection Set: 30,7ms
[2024-06-24T20:18:20.560-0400][gc,phases   ] GC(53)   Post Evacuate Collection Set: 3,5ms
[2024-06-24T20:18:20.560-0400][gc,phases   ] GC(53)   Other: 0,1ms
[2024-06-24T20:18:20.560-0400][gc,heap     ] GC(53) Eden regions: 126->0(47)
[2024-06-24T20:18:20.560-0400][gc,heap     ] GC(53) Survivor regions: 3->4(17)
[2024-06-24T20:18:20.560-0400][gc,heap     ] GC(53) Old regions: 79->79
[2024-06-24T20:18:20.560-0400][gc,heap     ] GC(53) Humongous regions: 129->129
[2024-06-24T20:18:20.560-0400][gc,metaspace] GC(53) Metaspace: 43074K(43776K)->43074K(43776K) NonClass: 38224K(38592K)->38224K(38592K) Class: 4850K(5184K)->4850K(5184K)
[2024-06-24T20:18:20.560-0400][gc          ] GC(53) Pause Young (Normal) (G1 Evacuation Pause) 336M->211M(1024M) 35,413ms
[2024-06-24T20:18:20.560-0400][gc,cpu      ] GC(53) User=0,16s Sys=0,00s Real=0,03s
[2024-06-24T20:27:19.302-0400][gc,start    ] GC(54) Pause Young (Normal) (G1 Evacuation Pause)
[2024-06-24T20:27:19.302-0400][gc,task     ] GC(54) Using 6 workers of 6 for evacuation
[2024-06-24T20:27:19.310-0400][gc,phases   ] GC(54)   Pre Evacuate Collection Set: 0,5ms
[2024-06-24T20:27:19.310-0400][gc,phases   ] GC(54)   Merge Heap Roots: 0,3ms
[2024-06-24T20:27:19.310-0400][gc,phases   ] GC(54)   Evacuate Collection Set: 4,8ms
[2024-06-24T20:27:19.310-0400][gc,phases   ] GC(54)   Post Evacuate Collection Set: 1,9ms
[2024-06-24T20:27:19.310-0400][gc,phases   ] GC(54)   Other: 0,1ms
[2024-06-24T20:27:19.310-0400][gc,heap     ] GC(54) Eden regions: 47->0(47)
[2024-06-24T20:27:19.310-0400][gc,heap     ] GC(54) Survivor regions: 4->4(7)
[2024-06-24T20:27:19.310-0400][gc,heap     ] GC(54) Old regions: 79->79
[2024-06-24T20:27:19.310-0400][gc,heap     ] GC(54) Humongous regions: 129->129
[2024-06-24T20:27:19.310-0400][gc,metaspace] GC(54) Metaspace: 43074K(43776K)->43074K(43776K) NonClass: 38224K(38592K)->38224K(38592K) Class: 4850K(5184K)->4850K(5184K)
[2024-06-24T20:27:19.310-0400][gc          ] GC(54) Pause Young (Normal) (G1 Evacuation Pause) 258M->211M(1024M) 8,238ms
[2024-06-24T20:27:19.311-0400][gc,cpu      ] GC(54) User=0,01s Sys=0,01s Real=0,00s
[2024-06-24T20:36:24.303-0400][gc,start    ] GC(55) Pause Young (Normal) (G1 Evacuation Pause)
[2024-06-24T20:36:24.303-0400][gc,task     ] GC(55) Using 6 workers of 6 for evacuation
[2024-06-24T20:36:24.311-0400][gc,phases   ] GC(55)   Pre Evacuate Collection Set: 0,6ms
[2024-06-24T20:36:24.311-0400][gc,phases   ] GC(55)   Merge Heap Roots: 0,3ms
[2024-06-24T20:36:24.311-0400][gc,phases   ] GC(55)   Evacuate Collection Set: 6,5ms
[2024-06-24T20:36:24.311-0400][gc,phases   ] GC(55)   Post Evacuate Collection Set: 1,0ms
[2024-06-24T20:36:24.311-0400][gc,phases   ] GC(55)   Other: 0,1ms
[2024-06-24T20:36:24.311-0400][gc,heap     ] GC(55) Eden regions: 47->0(48)
[2024-06-24T20:36:24.311-0400][gc,heap     ] GC(55) Survivor regions: 4->3(7)
[2024-06-24T20:36:24.311-0400][gc,heap     ] GC(55) Old regions: 79->79
[2024-06-24T20:36:24.311-0400][gc,heap     ] GC(55) Humongous regions: 129->129
[2024-06-24T20:36:24.311-0400][gc,metaspace] GC(55) Metaspace: 43074K(43776K)->43074K(43776K) NonClass: 38224K(38592K)->38224K(38592K) Class: 4850K(5184K)->4850K(5184K)
[2024-06-24T20:36:24.311-0400][gc          ] GC(55) Pause Young (Normal) (G1 Evacuation Pause) 258M->210M(1024M) 8,611ms
[2024-06-24T20:36:24.311-0400][gc,cpu      ] GC(55) User=0,02s Sys=0,01s Real=0,00s
[2024-06-24T20:58:00.249-0400][gc,start    ] GC(56) Pause Young (Normal) (G1 Evacuation Pause)
[2024-06-24T20:58:00.249-0400][gc,task     ] GC(56) Using 6 workers of 6 for evacuation
[2024-06-24T20:58:00.258-0400][gc,phases   ] GC(56)   Pre Evacuate Collection Set: 0,6ms
[2024-06-24T20:58:00.259-0400][gc,phases   ] GC(56)   Merge Heap Roots: 2,3ms
[2024-06-24T20:58:00.259-0400][gc,phases   ] GC(56)   Evacuate Collection Set: 4,8ms
[2024-06-24T20:58:00.259-0400][gc,phases   ] GC(56)   Post Evacuate Collection Set: 1,4ms
[2024-06-24T20:58:00.259-0400][gc,phases   ] GC(56)   Other: 0,1ms
[2024-06-24T20:58:00.259-0400][gc,heap     ] GC(56) Eden regions: 111->0(219)
[2024-06-24T20:58:00.259-0400][gc,heap     ] GC(56) Survivor regions: 3->3(15)
[2024-06-24T20:58:00.259-0400][gc,heap     ] GC(56) Old regions: 79->79
[2024-06-24T20:58:00.259-0400][gc,heap     ] GC(56) Humongous regions: 129->129
[2024-06-24T20:58:00.259-0400][gc,metaspace] GC(56) Metaspace: 43076K(43776K)->43076K(43776K) NonClass: 38226K(38592K)->38226K(38592K) Class: 4850K(5184K)->4850K(5184K)
[2024-06-24T20:58:00.259-0400][gc          ] GC(56) Pause Young (Normal) (G1 Evacuation Pause) 321M->210M(1024M) 9,543ms
[2024-06-24T20:58:00.259-0400][gc,cpu      ] GC(56) User=0,01s Sys=0,02s Real=0,01s
[2024-06-24T22:04:02.847-0400][gc,start    ] GC(57) Pause Young (Normal) (G1 Evacuation Pause)
[2024-06-24T22:04:02.847-0400][gc,task     ] GC(57) Using 6 workers of 6 for evacuation
[2024-06-24T22:04:02.898-0400][gc,mmu      ] GC(57) MMU target violated: 21,0ms (20,0ms/21,0ms)
[2024-06-24T22:04:02.898-0400][gc,phases   ] GC(57)   Pre Evacuate Collection Set: 0,8ms
[2024-06-24T22:04:02.898-0400][gc,phases   ] GC(57)   Merge Heap Roots: 3,7ms
[2024-06-24T22:04:02.898-0400][gc,phases   ] GC(57)   Evacuate Collection Set: 42,4ms
[2024-06-24T22:04:02.898-0400][gc,phases   ] GC(57)   Post Evacuate Collection Set: 2,0ms
[2024-06-24T22:04:02.898-0400][gc,phases   ] GC(57)   Other: 1,3ms
[2024-06-24T22:04:02.898-0400][gc,heap     ] GC(57) Eden regions: 340->0(248)
[2024-06-24T22:04:02.899-0400][gc,heap     ] GC(57) Survivor regions: 3->4(43)
[2024-06-24T22:04:02.899-0400][gc,heap     ] GC(57) Old regions: 79->79
[2024-06-24T22:04:02.899-0400][gc,heap     ] GC(57) Humongous regions: 129->129
[2024-06-24T22:04:02.899-0400][gc,metaspace] GC(57) Metaspace: 43083K(43840K)->43083K(43840K) NonClass: 38232K(38656K)->38232K(38656K) Class: 4850K(5184K)->4850K(5184K)
[2024-06-24T22:04:02.899-0400][gc          ] GC(57) Pause Young (Normal) (G1 Evacuation Pause) 550M->211M(1024M) 51,096ms
[2024-06-24T22:04:02.899-0400][gc,cpu      ] GC(57) User=0,11s Sys=0,00s Real=0,05s
[2024-06-24T23:16:09.302-0400][gc,start    ] GC(58) Pause Young (Normal) (G1 Evacuation Pause)
[2024-06-24T23:16:09.302-0400][gc,task     ] GC(58) Using 6 workers of 6 for evacuation
[2024-06-24T23:16:09.323-0400][gc,mmu      ] GC(58) MMU target violated: 20,6ms (20,0ms/21,0ms)
[2024-06-24T23:16:09.323-0400][gc,phases   ] GC(58)   Pre Evacuate Collection Set: 2,8ms
[2024-06-24T23:16:09.323-0400][gc,phases   ] GC(58)   Merge Heap Roots: 0,7ms
[2024-06-24T23:16:09.323-0400][gc,phases   ] GC(58)   Evacuate Collection Set: 14,5ms
[2024-06-24T23:16:09.323-0400][gc,phases   ] GC(58)   Post Evacuate Collection Set: 2,6ms
[2024-06-24T23:16:09.323-0400][gc,phases   ] GC(58)   Other: 0,2ms
[2024-06-24T23:16:09.323-0400][gc,heap     ] GC(58) Eden regions: 373->0(333)
[2024-06-24T23:16:09.323-0400][gc,heap     ] GC(58) Survivor regions: 4->3(48)
[2024-06-24T23:16:09.323-0400][gc,heap     ] GC(58) Old regions: 79->79
[2024-06-24T23:16:09.323-0400][gc,heap     ] GC(58) Humongous regions: 129->129
[2024-06-24T23:16:09.323-0400][gc,metaspace] GC(58) Metaspace: 43085K(43840K)->43085K(43840K) NonClass: 38235K(38656K)->38235K(38656K) Class: 4850K(5184K)->4850K(5184K)
[2024-06-24T23:16:09.323-0400][gc          ] GC(58) Pause Young (Normal) (G1 Evacuation Pause) 584M->210M(1024M) 20,962ms
[2024-06-24T23:16:09.323-0400][gc,cpu      ] GC(58) User=0,06s Sys=0,02s Real=0,02s
[2024-06-25T09:53:15.802-0400][gc,start    ] GC(59) Pause Young (Normal) (G1 Evacuation Pause)
[2024-06-25T09:53:15.802-0400][gc,task     ] GC(59) Using 6 workers of 6 for evacuation
[2024-06-25T09:53:15.865-0400][gc,mmu      ] GC(59) MMU target violated: 21,0ms (20,0ms/21,0ms)
[2024-06-25T09:53:15.865-0400][gc,phases   ] GC(59)   Pre Evacuate Collection Set: 14,0ms
[2024-06-25T09:53:15.865-0400][gc,phases   ] GC(59)   Merge Heap Roots: 2,9ms
[2024-06-25T09:53:15.865-0400][gc,phases   ] GC(59)   Evacuate Collection Set: 40,1ms
[2024-06-25T09:53:15.865-0400][gc,phases   ] GC(59)   Post Evacuate Collection Set: 5,4ms
[2024-06-25T09:53:15.865-0400][gc,phases   ] GC(59)   Other: 0,1ms
[2024-06-25T09:53:15.865-0400][gc,heap     ] GC(59) Eden regions: 455->0(47)
[2024-06-25T09:53:15.865-0400][gc,heap     ] GC(59) Survivor regions: 3->4(58)
[2024-06-25T09:53:15.865-0400][gc,heap     ] GC(59) Old regions: 79->79
[2024-06-25T09:53:15.865-0400][gc,heap     ] GC(59) Humongous regions: 129->129
[2024-06-25T09:53:15.865-0400][gc,metaspace] GC(59) Metaspace: 43087K(43840K)->43087K(43840K) NonClass: 38237K(38656K)->38237K(38656K) Class: 4850K(5184K)->4850K(5184K)
[2024-06-25T09:53:15.865-0400][gc          ] GC(59) Pause Young (Normal) (G1 Evacuation Pause) 665M->211M(1024M) 62,517ms
[2024-06-25T09:53:15.865-0400][gc,cpu      ] GC(59) User=0,12s Sys=0,05s Real=0,06s
[2024-06-25T10:02:07.090-0400][gc,start    ] GC(60) Pause Young (Normal) (G1 Evacuation Pause)
[2024-06-25T10:02:07.090-0400][gc,task     ] GC(60) Using 6 workers of 6 for evacuation
[2024-06-25T10:02:07.108-0400][gc,phases   ] GC(60)   Pre Evacuate Collection Set: 0,8ms
[2024-06-25T10:02:07.108-0400][gc,phases   ] GC(60)   Merge Heap Roots: 0,3ms
[2024-06-25T10:02:07.108-0400][gc,phases   ] GC(60)   Evacuate Collection Set: 7,5ms
[2024-06-25T10:02:07.108-0400][gc,phases   ] GC(60)   Post Evacuate Collection Set: 8,5ms
[2024-06-25T10:02:07.108-0400][gc,phases   ] GC(60)   Other: 0,1ms
[2024-06-25T10:02:07.108-0400][gc,heap     ] GC(60) Eden regions: 47->0(47)
[2024-06-25T10:02:07.108-0400][gc,heap     ] GC(60) Survivor regions: 4->4(7)
[2024-06-25T10:02:07.108-0400][gc,heap     ] GC(60) Old regions: 79->79
[2024-06-25T10:02:07.108-0400][gc,heap     ] GC(60) Humongous regions: 129->129
[2024-06-25T10:02:07.108-0400][gc,metaspace] GC(60) Metaspace: 43087K(43840K)->43087K(43840K) NonClass: 38237K(38656K)->38237K(38656K) Class: 4850K(5184K)->4850K(5184K)
[2024-06-25T10:02:07.108-0400][gc          ] GC(60) Pause Young (Normal) (G1 Evacuation Pause) 258M->211M(1024M) 17,415ms
[2024-06-25T10:02:07.108-0400][gc,cpu      ] GC(60) User=0,02s Sys=0,03s Real=0,01s
[2024-06-25T10:11:13.801-0400][gc,start    ] GC(61) Pause Young (Normal) (G1 Evacuation Pause)
[2024-06-25T10:11:13.801-0400][gc,task     ] GC(61) Using 6 workers of 6 for evacuation
[2024-06-25T10:11:13.820-0400][gc,phases   ] GC(61)   Pre Evacuate Collection Set: 1,6ms
[2024-06-25T10:11:13.820-0400][gc,phases   ] GC(61)   Merge Heap Roots: 0,3ms
[2024-06-25T10:11:13.820-0400][gc,phases   ] GC(61)   Evacuate Collection Set: 15,8ms
[2024-06-25T10:11:13.820-0400][gc,phases   ] GC(61)   Post Evacuate Collection Set: 1,3ms
[2024-06-25T10:11:13.820-0400][gc,phases   ] GC(61)   Other: 0,1ms
[2024-06-25T10:11:13.820-0400][gc,heap     ] GC(61) Eden regions: 47->0(47)
[2024-06-25T10:11:13.820-0400][gc,heap     ] GC(61) Survivor regions: 4->4(7)
[2024-06-25T10:11:13.820-0400][gc,heap     ] GC(61) Old regions: 79->79
[2024-06-25T10:11:13.820-0400][gc,heap     ] GC(61) Humongous regions: 129->129
[2024-06-25T10:11:13.820-0400][gc,metaspace] GC(61) Metaspace: 43087K(43840K)->43087K(43840K) NonClass: 38237K(38656K)->38237K(38656K) Class: 4850K(5184K)->4850K(5184K)
[2024-06-25T10:11:13.820-0400][gc          ] GC(61) Pause Young (Normal) (G1 Evacuation Pause) 258M->211M(1024M) 19,291ms
[2024-06-25T10:11:13.820-0400][gc,cpu      ] GC(61) User=0,04s Sys=0,00s Real=0,02s
[2024-06-25T10:20:30.332-0400][gc,start    ] GC(62) Pause Young (Normal) (G1 Evacuation Pause)
[2024-06-25T10:20:30.335-0400][gc,task     ] GC(62) Using 6 workers of 6 for evacuation
[2024-06-25T10:20:30.375-0400][gc,mmu      ] GC(62) MMU target violated: 21,0ms (20,0ms/21,0ms)
[2024-06-25T10:20:30.376-0400][gc,phases   ] GC(62)   Pre Evacuate Collection Set: 0,4ms
[2024-06-25T10:20:30.376-0400][gc,phases   ] GC(62)   Merge Heap Roots: 0,2ms
[2024-06-25T10:20:30.376-0400][gc,phases   ] GC(62)   Evacuate Collection Set: 22,9ms
[2024-06-25T10:20:30.376-0400][gc,phases   ] GC(62)   Post Evacuate Collection Set: 16,8ms
[2024-06-25T10:20:30.376-0400][gc,phases   ] GC(62)   Other: 0,3ms
[2024-06-25T10:20:30.376-0400][gc,heap     ] GC(62) Eden regions: 51->0(47)
[2024-06-25T10:20:30.376-0400][gc,heap     ] GC(62) Survivor regions: 4->4(7)
[2024-06-25T10:20:30.376-0400][gc,heap     ] GC(62) Old regions: 79->79
[2024-06-25T10:20:30.376-0400][gc,heap     ] GC(62) Humongous regions: 129->129
[2024-06-25T10:20:30.376-0400][gc,metaspace] GC(62) Metaspace: 43087K(43840K)->43087K(43840K) NonClass: 38237K(38656K)->38237K(38656K) Class: 4850K(5184K)->4850K(5184K)
[2024-06-25T10:20:30.376-0400][gc          ] GC(62) Pause Young (Normal) (G1 Evacuation Pause) 262M->211M(1024M) 43,556ms
[2024-06-25T10:20:30.376-0400][gc,cpu      ] GC(62) User=0,07s Sys=0,00s Real=0,04s
[2024-06-25T10:29:37.344-0400][gc,start    ] GC(63) Pause Young (Normal) (G1 Evacuation Pause)
[2024-06-25T10:29:37.344-0400][gc,task     ] GC(63) Using 6 workers of 6 for evacuation
[2024-06-25T10:29:37.382-0400][gc,mmu      ] GC(63) MMU target violated: 21,0ms (20,0ms/21,0ms)
[2024-06-25T10:29:37.382-0400][gc,phases   ] GC(63)   Pre Evacuate Collection Set: 2,9ms
[2024-06-25T10:29:37.382-0400][gc,phases   ] GC(63)   Merge Heap Roots: 2,3ms
[2024-06-25T10:29:37.382-0400][gc,phases   ] GC(63)   Evacuate Collection Set: 24,8ms
[2024-06-25T10:29:37.382-0400][gc,phases   ] GC(63)   Post Evacuate Collection Set: 7,2ms
[2024-06-25T10:29:37.382-0400][gc,phases   ] GC(63)   Other: 0,7ms
[2024-06-25T10:29:37.382-0400][gc,heap     ] GC(63) Eden regions: 47->0(47)
[2024-06-25T10:29:37.382-0400][gc,heap     ] GC(63) Survivor regions: 4->4(7)
[2024-06-25T10:29:37.382-0400][gc,heap     ] GC(63) Old regions: 79->79
[2024-06-25T10:29:37.382-0400][gc,heap     ] GC(63) Humongous regions: 129->129
[2024-06-25T10:29:37.382-0400][gc,metaspace] GC(63) Metaspace: 43087K(43840K)->43087K(43840K) NonClass: 38237K(38656K)->38237K(38656K) Class: 4850K(5184K)->4850K(5184K)
[2024-06-25T10:29:37.382-0400][gc          ] GC(63) Pause Young (Normal) (G1 Evacuation Pause) 258M->211M(1024M) 38,458ms
[2024-06-25T10:29:37.382-0400][gc,cpu      ] GC(63) User=0,07s Sys=0,02s Real=0,04s
[2024-06-25T10:38:40.420-0400][gc,start    ] GC(64) Pause Young (Normal) (G1 Evacuation Pause)
[2024-06-25T10:38:40.420-0400][gc,task     ] GC(64) Using 6 workers of 6 for evacuation
[2024-06-25T10:38:40.429-0400][gc,phases   ] GC(64)   Pre Evacuate Collection Set: 0,8ms
[2024-06-25T10:38:40.429-0400][gc,phases   ] GC(64)   Merge Heap Roots: 0,3ms
[2024-06-25T10:38:40.429-0400][gc,phases   ] GC(64)   Evacuate Collection Set: 6,6ms
[2024-06-25T10:38:40.429-0400][gc,phases   ] GC(64)   Post Evacuate Collection Set: 1,4ms
[2024-06-25T10:38:40.429-0400][gc,phases   ] GC(64)   Other: 0,1ms
[2024-06-25T10:38:40.429-0400][gc,heap     ] GC(64) Eden regions: 47->0(48)
[2024-06-25T10:38:40.429-0400][gc,heap     ] GC(64) Survivor regions: 4->3(7)
[2024-06-25T10:38:40.429-0400][gc,heap     ] GC(64) Old regions: 79->80
[2024-06-25T10:38:40.429-0400][gc,heap     ] GC(64) Humongous regions: 129->129
[2024-06-25T10:38:40.429-0400][gc,metaspace] GC(64) Metaspace: 43087K(43840K)->43087K(43840K) NonClass: 38237K(38656K)->38237K(38656K) Class: 4850K(5184K)->4850K(5184K)
[2024-06-25T10:38:40.429-0400][gc          ] GC(64) Pause Young (Normal) (G1 Evacuation Pause) 258M->210M(1024M) 9,381ms
[2024-06-25T10:38:40.429-0400][gc,cpu      ] GC(64) User=0,03s Sys=0,00s Real=0,00s
[2024-06-25T10:47:57.742-0400][gc,start    ] GC(65) Pause Young (Normal) (G1 Evacuation Pause)
[2024-06-25T10:47:57.742-0400][gc,task     ] GC(65) Using 6 workers of 6 for evacuation
[2024-06-25T10:47:57.752-0400][gc,phases   ] GC(65)   Pre Evacuate Collection Set: 0,4ms
[2024-06-25T10:47:57.752-0400][gc,phases   ] GC(65)   Merge Heap Roots: 1,5ms
[2024-06-25T10:47:57.752-0400][gc,phases   ] GC(65)   Evacuate Collection Set: 5,7ms
[2024-06-25T10:47:57.752-0400][gc,phases   ] GC(65)   Post Evacuate Collection Set: 1,6ms
[2024-06-25T10:47:57.752-0400][gc,phases   ] GC(65)   Other: 0,1ms
[2024-06-25T10:47:57.752-0400][gc,heap     ] GC(65) Eden regions: 48->0(193)
[2024-06-25T10:47:57.752-0400][gc,heap     ] GC(65) Survivor regions: 3->3(7)
[2024-06-25T10:47:57.752-0400][gc,heap     ] GC(65) Old regions: 80->80
[2024-06-25T10:47:57.752-0400][gc,heap     ] GC(65) Humongous regions: 129->129
[2024-06-25T10:47:57.752-0400][gc,metaspace] GC(65) Metaspace: 43089K(43840K)->43089K(43840K) NonClass: 38238K(38656K)->38238K(38656K) Class: 4850K(5184K)->4850K(5184K)
[2024-06-25T10:47:57.752-0400][gc          ] GC(65) Pause Young (Normal) (G1 Evacuation Pause) 258M->211M(1024M) 9,510ms
[2024-06-25T10:47:57.752-0400][gc,cpu      ] GC(65) User=0,01s Sys=0,02s Real=0,01s
[2024-06-25T13:46:27.015-0400][gc,start    ] GC(66) Pause Young (Normal) (G1 Evacuation Pause)
[2024-06-25T13:46:27.018-0400][gc,task     ] GC(66) Using 6 workers of 6 for evacuation
[2024-06-25T13:46:27.094-0400][gc,mmu      ] GC(66) MMU target violated: 21,0ms (20,0ms/21,0ms)
[2024-06-25T13:46:27.094-0400][gc,phases   ] GC(66)   Pre Evacuate Collection Set: 1,0ms
[2024-06-25T13:46:27.094-0400][gc,phases   ] GC(66)   Merge Heap Roots: 0,2ms
[2024-06-25T13:46:27.094-0400][gc,phases   ] GC(66)   Evacuate Collection Set: 70,5ms
[2024-06-25T13:46:27.094-0400][gc,phases   ] GC(66)   Post Evacuate Collection Set: 4,3ms
[2024-06-25T13:46:27.094-0400][gc,phases   ] GC(66)   Other: 0,3ms
[2024-06-25T13:46:27.094-0400][gc,heap     ] GC(66) Eden regions: 207->0(47)
[2024-06-25T13:46:27.094-0400][gc,heap     ] GC(66) Survivor regions: 3->4(27)
[2024-06-25T13:46:27.094-0400][gc,heap     ] GC(66) Old regions: 80->80
[2024-06-25T13:46:27.094-0400][gc,heap     ] GC(66) Humongous regions: 129->129
[2024-06-25T13:46:27.094-0400][gc,metaspace] GC(66) Metaspace: 43090K(43840K)->43090K(43840K) NonClass: 38240K(38656K)->38240K(38656K) Class: 4850K(5184K)->4850K(5184K)
[2024-06-25T13:46:27.094-0400][gc          ] GC(66) Pause Young (Normal) (G1 Evacuation Pause) 418M->211M(1024M) 79,884ms
[2024-06-25T13:46:27.095-0400][gc,cpu      ] GC(66) User=0,18s Sys=0,05s Real=0,08s
[2024-06-25T13:55:26.319-0400][gc,start    ] GC(67) Pause Young (Normal) (G1 Evacuation Pause)
[2024-06-25T13:55:26.319-0400][gc,task     ] GC(67) Using 6 workers of 6 for evacuation
[2024-06-25T13:55:26.327-0400][gc,phases   ] GC(67)   Pre Evacuate Collection Set: 0,8ms
[2024-06-25T13:55:26.327-0400][gc,phases   ] GC(67)   Merge Heap Roots: 0,2ms
[2024-06-25T13:55:26.327-0400][gc,phases   ] GC(67)   Evacuate Collection Set: 5,7ms
[2024-06-25T13:55:26.327-0400][gc,phases   ] GC(67)   Post Evacuate Collection Set: 1,8ms
[2024-06-25T13:55:26.327-0400][gc,phases   ] GC(67)   Other: 0,1ms
[2024-06-25T13:55:26.327-0400][gc,heap     ] GC(67) Eden regions: 47->0(47)
[2024-06-25T13:55:26.327-0400][gc,heap     ] GC(67) Survivor regions: 4->4(7)
[2024-06-25T13:55:26.327-0400][gc,heap     ] GC(67) Old regions: 80->80
[2024-06-25T13:55:26.327-0400][gc,heap     ] GC(67) Humongous regions: 129->129
[2024-06-25T13:55:26.327-0400][gc,metaspace] GC(67) Metaspace: 43090K(43840K)->43090K(43840K) NonClass: 38240K(38656K)->38240K(38656K) Class: 4850K(5184K)->4850K(5184K)
[2024-06-25T13:55:26.327-0400][gc          ] GC(67) Pause Young (Normal) (G1 Evacuation Pause) 258M->211M(1024M) 8,829ms
[2024-06-25T13:55:26.327-0400][gc,cpu      ] GC(67) User=0,02s Sys=0,01s Real=0,01s
[2024-06-25T14:04:38.436-0400][gc,start    ] GC(68) Pause Young (Normal) (G1 Evacuation Pause)
[2024-06-25T14:04:38.436-0400][gc,task     ] GC(68) Using 6 workers of 6 for evacuation
[2024-06-25T14:04:38.452-0400][gc,phases   ] GC(68)   Pre Evacuate Collection Set: 9,9ms
[2024-06-25T14:04:38.452-0400][gc,phases   ] GC(68)   Merge Heap Roots: 1,0ms
[2024-06-25T14:04:38.452-0400][gc,phases   ] GC(68)   Evacuate Collection Set: 4,6ms
[2024-06-25T14:04:38.452-0400][gc,phases   ] GC(68)   Post Evacuate Collection Set: 1,0ms
[2024-06-25T14:04:38.452-0400][gc,phases   ] GC(68)   Other: 0,1ms
[2024-06-25T14:04:38.452-0400][gc,heap     ] GC(68) Eden regions: 47->0(47)
[2024-06-25T14:04:38.452-0400][gc,heap     ] GC(68) Survivor regions: 4->4(7)
[2024-06-25T14:04:38.452-0400][gc,heap     ] GC(68) Old regions: 80->80
[2024-06-25T14:04:38.452-0400][gc,heap     ] GC(68) Humongous regions: 129->129
[2024-06-25T14:04:38.452-0400][gc,metaspace] GC(68) Metaspace: 43092K(43840K)->43092K(43840K) NonClass: 38242K(38656K)->38242K(38656K) Class: 4850K(5184K)->4850K(5184K)
[2024-06-25T14:04:38.452-0400][gc          ] GC(68) Pause Young (Normal) (G1 Evacuation Pause) 258M->212M(1024M) 16,821ms
[2024-06-25T14:04:38.452-0400][gc,cpu      ] GC(68) User=0,02s Sys=0,02s Real=0,02s
[2024-06-25T14:13:44.196-0400][gc,start    ] GC(69) Pause Young (Normal) (G1 Evacuation Pause)
[2024-06-25T14:13:44.196-0400][gc,task     ] GC(69) Using 6 workers of 6 for evacuation
[2024-06-25T14:13:44.229-0400][gc,mmu      ] GC(69) MMU target violated: 21,0ms (20,0ms/21,0ms)
[2024-06-25T14:13:44.229-0400][gc,phases   ] GC(69)   Pre Evacuate Collection Set: 0,8ms
[2024-06-25T14:13:44.229-0400][gc,phases   ] GC(69)   Merge Heap Roots: 0,3ms
[2024-06-25T14:13:44.229-0400][gc,phases   ] GC(69)   Evacuate Collection Set: 27,3ms
[2024-06-25T14:13:44.229-0400][gc,phases   ] GC(69)   Post Evacuate Collection Set: 4,1ms
[2024-06-25T14:13:44.229-0400][gc,phases   ] GC(69)   Other: 0,1ms
[2024-06-25T14:13:44.229-0400][gc,heap     ] GC(69) Eden regions: 47->0(47)
[2024-06-25T14:13:44.229-0400][gc,heap     ] GC(69) Survivor regions: 4->4(7)
[2024-06-25T14:13:44.229-0400][gc,heap     ] GC(69) Old regions: 80->80
[2024-06-25T14:13:44.229-0400][gc,heap     ] GC(69) Humongous regions: 129->129
[2024-06-25T14:13:44.229-0400][gc,metaspace] GC(69) Metaspace: 43100K(43840K)->43100K(43840K) NonClass: 38249K(38656K)->38249K(38656K) Class: 4850K(5184K)->4850K(5184K)
[2024-06-25T14:13:44.229-0400][gc          ] GC(69) Pause Young (Normal) (G1 Evacuation Pause) 259M->211M(1024M) 32,756ms
[2024-06-25T14:13:44.229-0400][gc,cpu      ] GC(69) User=0,04s Sys=0,00s Real=0,03s
[2024-06-25T14:22:51.717-0400][gc,start    ] GC(70) Pause Young (Normal) (G1 Evacuation Pause)
[2024-06-25T14:22:51.717-0400][gc,task     ] GC(70) Using 6 workers of 6 for evacuation
[2024-06-25T14:22:51.740-0400][gc,mmu      ] GC(70) MMU target violated: 21,0ms (20,0ms/21,0ms)
[2024-06-25T14:22:51.740-0400][gc,phases   ] GC(70)   Pre Evacuate Collection Set: 1,9ms
[2024-06-25T14:22:51.740-0400][gc,phases   ] GC(70)   Merge Heap Roots: 3,3ms
[2024-06-25T14:22:51.740-0400][gc,phases   ] GC(70)   Evacuate Collection Set: 14,7ms
[2024-06-25T14:22:51.740-0400][gc,phases   ] GC(70)   Post Evacuate Collection Set: 3,0ms
[2024-06-25T14:22:51.740-0400][gc,phases   ] GC(70)   Other: 0,1ms
[2024-06-25T14:22:51.740-0400][gc,heap     ] GC(70) Eden regions: 47->0(48)
[2024-06-25T14:22:51.740-0400][gc,heap     ] GC(70) Survivor regions: 4->3(7)
[2024-06-25T14:22:51.740-0400][gc,heap     ] GC(70) Old regions: 80->80
[2024-06-25T14:22:51.740-0400][gc,heap     ] GC(70) Humongous regions: 129->129
[2024-06-25T14:22:51.740-0400][gc,metaspace] GC(70) Metaspace: 43114K(43840K)->43114K(43840K) NonClass: 38264K(38656K)->38264K(38656K) Class: 4850K(5184K)->4850K(5184K)
[2024-06-25T14:22:51.740-0400][gc          ] GC(70) Pause Young (Normal) (G1 Evacuation Pause) 258M->211M(1024M) 23,092ms
[2024-06-25T14:22:51.740-0400][gc,cpu      ] GC(70) User=0,02s Sys=0,02s Real=0,02s
[2024-06-25T14:32:09.562-0400][gc,start    ] GC(71) Pause Young (Normal) (G1 Evacuation Pause)
[2024-06-25T14:32:09.562-0400][gc,task     ] GC(71) Using 6 workers of 6 for evacuation
[2024-06-25T14:32:09.577-0400][gc,phases   ] GC(71)   Pre Evacuate Collection Set: 0,8ms
[2024-06-25T14:32:09.577-0400][gc,phases   ] GC(71)   Merge Heap Roots: 0,3ms
[2024-06-25T14:32:09.577-0400][gc,phases   ] GC(71)   Evacuate Collection Set: 12,4ms
[2024-06-25T14:32:09.577-0400][gc,phases   ] GC(71)   Post Evacuate Collection Set: 1,3ms
[2024-06-25T14:32:09.578-0400][gc,phases   ] GC(71)   Other: 0,1ms
[2024-06-25T14:32:09.578-0400][gc,heap     ] GC(71) Eden regions: 48->0(60)
[2024-06-25T14:32:09.578-0400][gc,heap     ] GC(71) Survivor regions: 3->4(7)
[2024-06-25T14:32:09.578-0400][gc,heap     ] GC(71) Old regions: 80->80
[2024-06-25T14:32:09.578-0400][gc,heap     ] GC(71) Humongous regions: 129->129
[2024-06-25T14:32:09.578-0400][gc,metaspace] GC(71) Metaspace: 43114K(43840K)->43114K(43840K) NonClass: 38264K(38656K)->38264K(38656K) Class: 4850K(5184K)->4850K(5184K)
[2024-06-25T14:32:09.578-0400][gc          ] GC(71) Pause Young (Normal) (G1 Evacuation Pause) 259M->211M(1024M) 15,121ms
[2024-06-25T14:32:09.578-0400][gc,cpu      ] GC(71) User=0,05s Sys=0,01s Real=0,01s
[2024-06-25T14:43:27.791-0400][gc,start    ] GC(72) Pause Young (Normal) (G1 Evacuation Pause)
[2024-06-25T14:43:27.791-0400][gc,task     ] GC(72) Using 6 workers of 6 for evacuation
[2024-06-25T14:43:27.813-0400][gc,mmu      ] GC(72) MMU target violated: 21,0ms (20,0ms/21,0ms)
[2024-06-25T14:43:27.813-0400][gc,phases   ] GC(72)   Pre Evacuate Collection Set: 0,8ms
[2024-06-25T14:43:27.813-0400][gc,phases   ] GC(72)   Merge Heap Roots: 0,5ms
[2024-06-25T14:43:27.813-0400][gc,phases   ] GC(72)   Evacuate Collection Set: 20,0ms
[2024-06-25T14:43:27.813-0400][gc,phases   ] GC(72)   Post Evacuate Collection Set: 0,9ms
[2024-06-25T14:43:27.813-0400][gc,phases   ] GC(72)   Other: 0,1ms
[2024-06-25T14:43:27.813-0400][gc,heap     ] GC(72) Eden regions: 62->0(48)
[2024-06-25T14:43:27.813-0400][gc,heap     ] GC(72) Survivor regions: 4->3(9)
[2024-06-25T14:43:27.813-0400][gc,heap     ] GC(72) Old regions: 80->80
[2024-06-25T14:43:27.813-0400][gc,heap     ] GC(72) Humongous regions: 129->129
[2024-06-25T14:43:27.813-0400][gc,metaspace] GC(72) Metaspace: 43114K(43840K)->43114K(43840K) NonClass: 38264K(38656K)->38264K(38656K) Class: 4850K(5184K)->4850K(5184K)
[2024-06-25T14:43:27.813-0400][gc          ] GC(72) Pause Young (Normal) (G1 Evacuation Pause) 273M->211M(1024M) 22,734ms
[2024-06-25T14:43:27.813-0400][gc,cpu      ] GC(72) User=0,11s Sys=0,00s Real=0,03s
[2024-06-25T14:52:42.040-0400][gc,start    ] GC(73) Pause Young (Normal) (G1 Evacuation Pause)
[2024-06-25T14:52:42.040-0400][gc,task     ] GC(73) Using 6 workers of 6 for evacuation
[2024-06-25T14:52:42.059-0400][gc,phases   ] GC(73)   Pre Evacuate Collection Set: 6,0ms
[2024-06-25T14:52:42.059-0400][gc,phases   ] GC(73)   Merge Heap Roots: 4,7ms
[2024-06-25T14:52:42.059-0400][gc,phases   ] GC(73)   Evacuate Collection Set: 7,4ms
[2024-06-25T14:52:42.059-0400][gc,phases   ] GC(73)   Post Evacuate Collection Set: 1,4ms
[2024-06-25T14:52:42.059-0400][gc,phases   ] GC(73)   Other: 0,1ms
[2024-06-25T14:52:42.059-0400][gc,heap     ] GC(73) Eden regions: 48->0(47)
[2024-06-25T14:52:42.059-0400][gc,heap     ] GC(73) Survivor regions: 3->4(7)
[2024-06-25T14:52:42.059-0400][gc,heap     ] GC(73) Old regions: 80->80
[2024-06-25T14:52:42.059-0400][gc,heap     ] GC(73) Humongous regions: 129->129
[2024-06-25T14:52:42.059-0400][gc,metaspace] GC(73) Metaspace: 43125K(43840K)->43125K(43840K) NonClass: 38275K(38656K)->38275K(38656K) Class: 4850K(5184K)->4850K(5184K)
[2024-06-25T14:52:42.059-0400][gc          ] GC(73) Pause Young (Normal) (G1 Evacuation Pause) 259M->211M(1024M) 19,719ms
[2024-06-25T14:52:42.059-0400][gc,cpu      ] GC(73) User=0,03s Sys=0,02s Real=0,02s
[2024-06-25T15:01:48.433-0400][gc,start    ] GC(74) Pause Young (Normal) (G1 Evacuation Pause)
[2024-06-25T15:01:48.433-0400][gc,task     ] GC(74) Using 6 workers of 6 for evacuation
[2024-06-25T15:01:48.446-0400][gc,phases   ] GC(74)   Pre Evacuate Collection Set: 0,7ms
[2024-06-25T15:01:48.446-0400][gc,phases   ] GC(74)   Merge Heap Roots: 0,2ms
[2024-06-25T15:01:48.446-0400][gc,phases   ] GC(74)   Evacuate Collection Set: 10,4ms
[2024-06-25T15:01:48.446-0400][gc,phases   ] GC(74)   Post Evacuate Collection Set: 1,6ms
[2024-06-25T15:01:48.446-0400][gc,phases   ] GC(74)   Other: 0,2ms
[2024-06-25T15:01:48.446-0400][gc,heap     ] GC(74) Eden regions: 47->0(91)
[2024-06-25T15:01:48.446-0400][gc,heap     ] GC(74) Survivor regions: 4->4(7)
[2024-06-25T15:01:48.446-0400][gc,heap     ] GC(74) Old regions: 80->80
[2024-06-25T15:01:48.446-0400][gc,heap     ] GC(74) Humongous regions: 129->129
[2024-06-25T15:01:48.446-0400][gc,metaspace] GC(74) Metaspace: 43125K(43840K)->43125K(43840K) NonClass: 38275K(38656K)->38275K(38656K) Class: 4850K(5184K)->4850K(5184K)
[2024-06-25T15:01:48.446-0400][gc          ] GC(74) Pause Young (Normal) (G1 Evacuation Pause) 258M->211M(1024M) 13,431ms
[2024-06-25T15:01:48.446-0400][gc,cpu      ] GC(74) User=0,03s Sys=0,01s Real=0,01s
[2024-06-25T15:19:40.968-0400][gc,start    ] GC(75) Pause Young (Normal) (G1 Evacuation Pause)
[2024-06-25T15:19:40.968-0400][gc,task     ] GC(75) Using 6 workers of 6 for evacuation
[2024-06-25T15:19:41.013-0400][gc,mmu      ] GC(75) MMU target violated: 21,0ms (20,0ms/21,0ms)
[2024-06-25T15:19:41.013-0400][gc,phases   ] GC(75)   Pre Evacuate Collection Set: 2,2ms
[2024-06-25T15:19:41.013-0400][gc,phases   ] GC(75)   Merge Heap Roots: 2,5ms
[2024-06-25T15:19:41.013-0400][gc,phases   ] GC(75)   Evacuate Collection Set: 39,1ms
[2024-06-25T15:19:41.013-0400][gc,phases   ] GC(75)   Post Evacuate Collection Set: 1,2ms
[2024-06-25T15:19:41.013-0400][gc,phases   ] GC(75)   Other: 0,4ms
[2024-06-25T15:19:41.013-0400][gc,heap     ] GC(75) Eden regions: 92->0(47)
[2024-06-25T15:19:41.013-0400][gc,heap     ] GC(75) Survivor regions: 4->4(12)
[2024-06-25T15:19:41.013-0400][gc,heap     ] GC(75) Old regions: 80->80
[2024-06-25T15:19:41.013-0400][gc,heap     ] GC(75) Humongous regions: 129->129
[2024-06-25T15:19:41.013-0400][gc,metaspace] GC(75) Metaspace: 43126K(43840K)->43126K(43840K) NonClass: 38276K(38656K)->38276K(38656K) Class: 4850K(5184K)->4850K(5184K)
[2024-06-25T15:19:41.013-0400][gc          ] GC(75) Pause Young (Normal) (G1 Evacuation Pause) 303M->211M(1024M) 45,523ms
[2024-06-25T15:19:41.013-0400][gc,cpu      ] GC(75) User=0,22s Sys=0,00s Real=0,05s
[2024-06-25T15:28:40.727-0400][gc,start    ] GC(76) Pause Young (Normal) (G1 Evacuation Pause)
[2024-06-25T15:28:40.727-0400][gc,task     ] GC(76) Using 6 workers of 6 for evacuation
[2024-06-25T15:28:40.745-0400][gc,phases   ] GC(76)   Pre Evacuate Collection Set: 0,7ms
[2024-06-25T15:28:40.745-0400][gc,phases   ] GC(76)   Merge Heap Roots: 0,3ms
[2024-06-25T15:28:40.745-0400][gc,phases   ] GC(76)   Evacuate Collection Set: 12,1ms
[2024-06-25T15:28:40.745-0400][gc,phases   ] GC(76)   Post Evacuate Collection Set: 4,6ms
[2024-06-25T15:28:40.745-0400][gc,phases   ] GC(76)   Other: 0,1ms
[2024-06-25T15:28:40.745-0400][gc,heap     ] GC(76) Eden regions: 47->0(47)
[2024-06-25T15:28:40.745-0400][gc,heap     ] GC(76) Survivor regions: 4->4(7)
[2024-06-25T15:28:40.745-0400][gc,heap     ] GC(76) Old regions: 80->80
[2024-06-25T15:28:40.745-0400][gc,heap     ] GC(76) Humongous regions: 129->129
[2024-06-25T15:28:40.745-0400][gc,metaspace] GC(76) Metaspace: 43127K(43840K)->43127K(43840K) NonClass: 38276K(38656K)->38276K(38656K) Class: 4850K(5184K)->4850K(5184K)
[2024-06-25T15:28:40.746-0400][gc          ] GC(76) Pause Young (Normal) (G1 Evacuation Pause) 258M->212M(1024M) 18,848ms
[2024-06-25T15:28:40.746-0400][gc,cpu      ] GC(76) User=0,02s Sys=0,02s Real=0,02s
[2024-06-25T15:37:05.752-0400][gc,start    ] GC(77) Pause Young (Normal) (G1 Evacuation Pause)
[2024-06-25T15:37:05.752-0400][gc,task     ] GC(77) Using 6 workers of 6 for evacuation
[2024-06-25T15:37:05.767-0400][gc,phases   ] GC(77)   Pre Evacuate Collection Set: 1,0ms
[2024-06-25T15:37:05.767-0400][gc,phases   ] GC(77)   Merge Heap Roots: 0,5ms
[2024-06-25T15:37:05.767-0400][gc,phases   ] GC(77)   Evacuate Collection Set: 11,8ms
[2024-06-25T15:37:05.767-0400][gc,phases   ] GC(77)   Post Evacuate Collection Set: 1,4ms
[2024-06-25T15:37:05.767-0400][gc,phases   ] GC(77)   Other: 0,6ms
[2024-06-25T15:37:05.767-0400][gc,heap     ] GC(77) Eden regions: 47->0(47)
[2024-06-25T15:37:05.767-0400][gc,heap     ] GC(77) Survivor regions: 4->4(7)
[2024-06-25T15:37:05.767-0400][gc,heap     ] GC(77) Old regions: 80->80
[2024-06-25T15:37:05.767-0400][gc,heap     ] GC(77) Humongous regions: 129->129
[2024-06-25T15:37:05.767-0400][gc,metaspace] GC(77) Metaspace: 43127K(43840K)->43127K(43840K) NonClass: 38276K(38656K)->38276K(38656K) Class: 4850K(5184K)->4850K(5184K)
[2024-06-25T15:37:05.767-0400][gc          ] GC(77) Pause Young (Normal) (G1 Evacuation Pause) 259M->212M(1024M) 15,583ms
[2024-06-25T15:37:05.767-0400][gc,cpu      ] GC(77) User=0,04s Sys=0,02s Real=0,02s
[2024-06-25T15:46:12.073-0400][gc,start    ] GC(78) Pause Young (Normal) (G1 Evacuation Pause)
[2024-06-25T15:46:12.073-0400][gc,task     ] GC(78) Using 6 workers of 6 for evacuation
[2024-06-25T15:46:12.087-0400][gc,phases   ] GC(78)   Pre Evacuate Collection Set: 0,7ms
[2024-06-25T15:46:12.088-0400][gc,phases   ] GC(78)   Merge Heap Roots: 0,3ms
[2024-06-25T15:46:12.088-0400][gc,phases   ] GC(78)   Evacuate Collection Set: 12,1ms
[2024-06-25T15:46:12.088-0400][gc,phases   ] GC(78)   Post Evacuate Collection Set: 1,5ms
[2024-06-25T15:46:12.088-0400][gc,phases   ] GC(78)   Other: 0,1ms
[2024-06-25T15:46:12.088-0400][gc,heap     ] GC(78) Eden regions: 47->0(98)
[2024-06-25T15:46:12.088-0400][gc,heap     ] GC(78) Survivor regions: 4->3(7)
[2024-06-25T15:46:12.088-0400][gc,heap     ] GC(78) Old regions: 80->80
[2024-06-25T15:46:12.088-0400][gc,heap     ] GC(78) Humongous regions: 129->129
[2024-06-25T15:46:12.088-0400][gc,metaspace] GC(78) Metaspace: 43127K(43840K)->43127K(43840K) NonClass: 38276K(38656K)->38276K(38656K) Class: 4850K(5184K)->4850K(5184K)
[2024-06-25T15:46:12.088-0400][gc          ] GC(78) Pause Young (Normal) (G1 Evacuation Pause) 259M->211M(1024M) 14,908ms
[2024-06-25T15:46:12.088-0400][gc,cpu      ] GC(78) User=0,04s Sys=0,00s Real=0,01s
[2024-06-25T16:05:25.296-0400][gc,start    ] GC(79) Pause Young (Normal) (G1 Evacuation Pause)
[2024-06-25T16:05:25.296-0400][gc,task     ] GC(79) Using 6 workers of 6 for evacuation
[2024-06-25T16:05:25.345-0400][gc,mmu      ] GC(79) MMU target violated: 21,0ms (20,0ms/21,0ms)
[2024-06-25T16:05:25.345-0400][gc,phases   ] GC(79)   Pre Evacuate Collection Set: 0,6ms
[2024-06-25T16:05:25.345-0400][gc,phases   ] GC(79)   Merge Heap Roots: 0,4ms
[2024-06-25T16:05:25.345-0400][gc,phases   ] GC(79)   Evacuate Collection Set: 45,1ms
[2024-06-25T16:05:25.345-0400][gc,phases   ] GC(79)   Post Evacuate Collection Set: 2,6ms
[2024-06-25T16:05:25.345-0400][gc,phases   ] GC(79)   Other: 0,4ms
[2024-06-25T16:05:25.345-0400][gc,heap     ] GC(79) Eden regions: 99->0(47)
[2024-06-25T16:05:25.345-0400][gc,heap     ] GC(79) Survivor regions: 3->4(13)
[2024-06-25T16:05:25.345-0400][gc,heap     ] GC(79) Old regions: 80->80
[2024-06-25T16:05:25.345-0400][gc,heap     ] GC(79) Humongous regions: 129->129
[2024-06-25T16:05:25.345-0400][gc,metaspace] GC(79) Metaspace: 43127K(43840K)->43127K(43840K) NonClass: 38276K(38656K)->38276K(38656K) Class: 4850K(5184K)->4850K(5184K)
[2024-06-25T16:05:25.345-0400][gc          ] GC(79) Pause Young (Normal) (G1 Evacuation Pause) 310M->212M(1024M) 49,222ms
[2024-06-25T16:05:25.345-0400][gc,cpu      ] GC(79) User=0,09s Sys=0,07s Real=0,05s
[2024-06-25T16:14:32.224-0400][gc,start    ] GC(80) Pause Young (Normal) (G1 Evacuation Pause)
[2024-06-25T16:14:32.224-0400][gc,task     ] GC(80) Using 6 workers of 6 for evacuation
[2024-06-25T16:14:32.245-0400][gc,phases   ] GC(80)   Pre Evacuate Collection Set: 0,8ms
[2024-06-25T16:14:32.245-0400][gc,phases   ] GC(80)   Merge Heap Roots: 0,2ms
[2024-06-25T16:14:32.245-0400][gc,phases   ] GC(80)   Evacuate Collection Set: 14,4ms
[2024-06-25T16:14:32.245-0400][gc,phases   ] GC(80)   Post Evacuate Collection Set: 2,9ms
[2024-06-25T16:14:32.245-0400][gc,phases   ] GC(80)   Other: 2,3ms
[2024-06-25T16:14:32.245-0400][gc,heap     ] GC(80) Eden regions: 47->0(47)
[2024-06-25T16:14:32.245-0400][gc,heap     ] GC(80) Survivor regions: 4->4(7)
[2024-06-25T16:14:32.245-0400][gc,heap     ] GC(80) Old regions: 80->80
[2024-06-25T16:14:32.245-0400][gc,heap     ] GC(80) Humongous regions: 129->129
[2024-06-25T16:14:32.245-0400][gc,metaspace] GC(80) Metaspace: 43127K(43840K)->43127K(43840K) NonClass: 38276K(38656K)->38276K(38656K) Class: 4850K(5184K)->4850K(5184K)
[2024-06-25T16:14:32.245-0400][gc          ] GC(80) Pause Young (Normal) (G1 Evacuation Pause) 259M->212M(1024M) 20,802ms
[2024-06-25T16:14:32.245-0400][gc,cpu      ] GC(80) User=0,05s Sys=0,00s Real=0,02s
[2024-06-25T16:23:36.846-0400][gc,start    ] GC(81) Pause Young (Normal) (G1 Evacuation Pause)
[2024-06-25T16:23:36.846-0400][gc,task     ] GC(81) Using 6 workers of 6 for evacuation
[2024-06-25T16:23:36.868-0400][gc,mmu      ] GC(81) MMU target violated: 21,0ms (20,0ms/21,0ms)
[2024-06-25T16:23:36.870-0400][gc,phases   ] GC(81)   Pre Evacuate Collection Set: 1,3ms
[2024-06-25T16:23:36.870-0400][gc,phases   ] GC(81)   Merge Heap Roots: 0,2ms
[2024-06-25T16:23:36.870-0400][gc,phases   ] GC(81)   Evacuate Collection Set: 19,4ms
[2024-06-25T16:23:36.870-0400][gc,phases   ] GC(81)   Post Evacuate Collection Set: 0,9ms
[2024-06-25T16:23:36.870-0400][gc,phases   ] GC(81)   Other: 1,6ms
[2024-06-25T16:23:36.870-0400][gc,heap     ] GC(81) Eden regions: 47->0(48)
[2024-06-25T16:23:36.870-0400][gc,heap     ] GC(81) Survivor regions: 4->3(7)
[2024-06-25T16:23:36.870-0400][gc,heap     ] GC(81) Old regions: 80->80
[2024-06-25T16:23:36.870-0400][gc,heap     ] GC(81) Humongous regions: 129->129
[2024-06-25T16:23:36.870-0400][gc,metaspace] GC(81) Metaspace: 43127K(43840K)->43127K(43840K) NonClass: 38276K(38656K)->38276K(38656K) Class: 4850K(5184K)->4850K(5184K)
[2024-06-25T16:23:36.870-0400][gc          ] GC(81) Pause Young (Normal) (G1 Evacuation Pause) 259M->211M(1024M) 23,521ms
[2024-06-25T16:23:36.870-0400][gc,cpu      ] GC(81) User=0,05s Sys=0,00s Real=0,02s
[2024-06-25T16:32:55.381-0400][gc,start    ] GC(82) Pause Young (Normal) (G1 Evacuation Pause)
[2024-06-25T16:32:55.382-0400][gc,task     ] GC(82) Using 6 workers of 6 for evacuation
[2024-06-25T16:32:55.388-0400][gc,phases   ] GC(82)   Pre Evacuate Collection Set: 0,9ms
[2024-06-25T16:32:55.388-0400][gc,phases   ] GC(82)   Merge Heap Roots: 0,3ms
[2024-06-25T16:32:55.388-0400][gc,phases   ] GC(82)   Evacuate Collection Set: 3,5ms
[2024-06-25T16:32:55.388-0400][gc,phases   ] GC(82)   Post Evacuate Collection Set: 1,3ms
[2024-06-25T16:32:55.388-0400][gc,phases   ] GC(82)   Other: 0,1ms
[2024-06-25T16:32:55.388-0400][gc,heap     ] GC(82) Eden regions: 48->0(107)
[2024-06-25T16:32:55.388-0400][gc,heap     ] GC(82) Survivor regions: 3->3(7)
[2024-06-25T16:32:55.388-0400][gc,heap     ] GC(82) Old regions: 80->80
[2024-06-25T16:32:55.388-0400][gc,heap     ] GC(82) Humongous regions: 129->129
[2024-06-25T16:32:55.388-0400][gc,metaspace] GC(82) Metaspace: 43127K(43840K)->43127K(43840K) NonClass: 38276K(38656K)->38276K(38656K) Class: 4850K(5184K)->4850K(5184K)
[2024-06-25T16:32:55.388-0400][gc          ] GC(82) Pause Young (Normal) (G1 Evacuation Pause) 259M->211M(1024M) 6,767ms
[2024-06-25T16:32:55.388-0400][gc,cpu      ] GC(82) User=0,01s Sys=0,01s Real=0,01s
[2024-06-25T16:52:48.990-0400][gc,start    ] GC(83) Pause Young (Normal) (G1 Evacuation Pause)
[2024-06-25T16:52:48.990-0400][gc,task     ] GC(83) Using 6 workers of 6 for evacuation
[2024-06-25T16:52:49.178-0400][gc,mmu      ] GC(83) MMU target violated: 21,0ms (20,0ms/21,0ms)
[2024-06-25T16:52:49.178-0400][gc,phases   ] GC(83)   Pre Evacuate Collection Set: 0,7ms
[2024-06-25T16:52:49.178-0400][gc,phases   ] GC(83)   Merge Heap Roots: 0,6ms
[2024-06-25T16:52:49.178-0400][gc,phases   ] GC(83)   Evacuate Collection Set: 184,7ms
[2024-06-25T16:52:49.178-0400][gc,phases   ] GC(83)   Post Evacuate Collection Set: 1,7ms
[2024-06-25T16:52:49.178-0400][gc,phases   ] GC(83)   Other: 0,1ms
[2024-06-25T16:52:49.178-0400][gc,heap     ] GC(83) Eden regions: 106->0(47)
[2024-06-25T16:52:49.178-0400][gc,heap     ] GC(83) Survivor regions: 3->4(14)
[2024-06-25T16:52:49.178-0400][gc,heap     ] GC(83) Old regions: 80->80
[2024-06-25T16:52:49.178-0400][gc,heap     ] GC(83) Humongous regions: 129->129
[2024-06-25T16:52:49.178-0400][gc,metaspace] GC(83) Metaspace: 43127K(43840K)->43127K(43840K) NonClass: 38277K(38656K)->38277K(38656K) Class: 4850K(5184K)->4850K(5184K)
[2024-06-25T16:52:49.178-0400][gc          ] GC(83) Pause Young (Normal) (G1 Evacuation Pause) 317M->212M(1024M) 187,923ms
[2024-06-25T16:52:49.178-0400][gc,cpu      ] GC(83) User=1,06s Sys=0,00s Real=0,19s
[2024-06-25T17:01:49.384-0400][gc,start    ] GC(84) Pause Young (Normal) (G1 Evacuation Pause)
[2024-06-25T17:01:49.384-0400][gc,task     ] GC(84) Using 6 workers of 6 for evacuation
[2024-06-25T17:01:49.415-0400][gc,mmu      ] GC(84) MMU target violated: 21,0ms (20,0ms/21,0ms)
[2024-06-25T17:01:49.416-0400][gc,phases   ] GC(84)   Pre Evacuate Collection Set: 0,9ms
[2024-06-25T17:01:49.416-0400][gc,phases   ] GC(84)   Merge Heap Roots: 0,2ms
[2024-06-25T17:01:49.416-0400][gc,phases   ] GC(84)   Evacuate Collection Set: 13,6ms
[2024-06-25T17:01:49.416-0400][gc,phases   ] GC(84)   Post Evacuate Collection Set: 15,7ms
[2024-06-25T17:01:49.416-0400][gc,phases   ] GC(84)   Other: 0,9ms
[2024-06-25T17:01:49.416-0400][gc,heap     ] GC(84) Eden regions: 47->0(48)
[2024-06-25T17:01:49.416-0400][gc,heap     ] GC(84) Survivor regions: 4->3(7)
[2024-06-25T17:01:49.416-0400][gc,heap     ] GC(84) Old regions: 80->81
[2024-06-25T17:01:49.416-0400][gc,heap     ] GC(84) Humongous regions: 129->129
[2024-06-25T17:01:49.416-0400][gc,metaspace] GC(84) Metaspace: 43127K(43840K)->43127K(43840K) NonClass: 38277K(38656K)->38277K(38656K) Class: 4850K(5184K)->4850K(5184K)
[2024-06-25T17:01:49.416-0400][gc          ] GC(84) Pause Young (Normal) (G1 Evacuation Pause) 259M->211M(1024M) 31,571ms
[2024-06-25T17:01:49.416-0400][gc,cpu      ] GC(84) User=0,02s Sys=0,03s Real=0,03s
[2024-06-25T17:11:07.342-0400][gc,start    ] GC(85) Pause Young (Normal) (G1 Evacuation Pause)
[2024-06-25T17:11:07.342-0400][gc,task     ] GC(85) Using 6 workers of 6 for evacuation
[2024-06-25T17:11:07.353-0400][gc,phases   ] GC(85)   Pre Evacuate Collection Set: 0,9ms
[2024-06-25T17:11:07.353-0400][gc,phases   ] GC(85)   Merge Heap Roots: 0,3ms
[2024-06-25T17:11:07.353-0400][gc,phases   ] GC(85)   Evacuate Collection Set: 8,2ms
[2024-06-25T17:11:07.353-0400][gc,phases   ] GC(85)   Post Evacuate Collection Set: 1,1ms
[2024-06-25T17:11:07.353-0400][gc,phases   ] GC(85)   Other: 0,1ms
[2024-06-25T17:11:07.353-0400][gc,heap     ] GC(85) Eden regions: 48->0(45)
[2024-06-25T17:11:07.353-0400][gc,heap     ] GC(85) Survivor regions: 3->6(7)
[2024-06-25T17:11:07.353-0400][gc,heap     ] GC(85) Old regions: 81->81
[2024-06-25T17:11:07.353-0400][gc,heap     ] GC(85) Humongous regions: 129->129
[2024-06-25T17:11:07.353-0400][gc,metaspace] GC(85) Metaspace: 43127K(43840K)->43127K(43840K) NonClass: 38277K(38656K)->38277K(38656K) Class: 4850K(5184K)->4850K(5184K)
[2024-06-25T17:11:07.353-0400][gc          ] GC(85) Pause Young (Normal) (G1 Evacuation Pause) 259M->214M(1024M) 10,824ms
[2024-06-25T17:11:07.353-0400][gc,cpu      ] GC(85) User=0,02s Sys=0,01s Real=0,02s
[2024-06-25T17:19:49.523-0400][gc,start    ] GC(86) Pause Young (Normal) (G1 Evacuation Pause)
[2024-06-25T17:19:49.523-0400][gc,task     ] GC(86) Using 6 workers of 6 for evacuation
[2024-06-25T17:19:49.534-0400][gc,phases   ] GC(86)   Pre Evacuate Collection Set: 0,6ms
[2024-06-25T17:19:49.534-0400][gc,phases   ] GC(86)   Merge Heap Roots: 0,5ms
[2024-06-25T17:19:49.534-0400][gc,phases   ] GC(86)   Evacuate Collection Set: 6,7ms
[2024-06-25T17:19:49.534-0400][gc,phases   ] GC(86)   Post Evacuate Collection Set: 2,4ms
[2024-06-25T17:19:49.534-0400][gc,phases   ] GC(86)   Other: 0,9ms
[2024-06-25T17:19:49.534-0400][gc,heap     ] GC(86) Eden regions: 45->0(47)
[2024-06-25T17:19:49.534-0400][gc,heap     ] GC(86) Survivor regions: 6->4(7)
[2024-06-25T17:19:49.534-0400][gc,heap     ] GC(86) Old regions: 81->85
[2024-06-25T17:19:49.534-0400][gc,heap     ] GC(86) Humongous regions: 129->129
[2024-06-25T17:19:49.534-0400][gc,metaspace] GC(86) Metaspace: 43127K(43840K)->43127K(43840K) NonClass: 38277K(38656K)->38277K(38656K) Class: 4850K(5184K)->4850K(5184K)
[2024-06-25T17:19:49.534-0400][gc          ] GC(86) Pause Young (Normal) (G1 Evacuation Pause) 259M->217M(1024M) 11,451ms
[2024-06-25T17:19:49.534-0400][gc,cpu      ] GC(86) User=0,03s Sys=0,01s Real=0,01s
[2024-06-25T17:28:56.342-0400][gc,start    ] GC(87) Pause Young (Normal) (G1 Evacuation Pause)
[2024-06-25T17:28:56.343-0400][gc,task     ] GC(87) Using 6 workers of 6 for evacuation
[2024-06-25T17:28:56.406-0400][gc,mmu      ] GC(87) MMU target violated: 21,0ms (20,0ms/21,0ms)
[2024-06-25T17:28:56.406-0400][gc,phases   ] GC(87)   Pre Evacuate Collection Set: 4,5ms
[2024-06-25T17:28:56.406-0400][gc,phases   ] GC(87)   Merge Heap Roots: 0,9ms
[2024-06-25T17:28:56.406-0400][gc,phases   ] GC(87)   Evacuate Collection Set: 43,4ms
[2024-06-25T17:28:56.406-0400][gc,phases   ] GC(87)   Post Evacuate Collection Set: 7,5ms
[2024-06-25T17:28:56.406-0400][gc,phases   ] GC(87)   Other: 6,9ms
[2024-06-25T17:28:56.406-0400][gc,heap     ] GC(87) Eden regions: 47->0(44)
[2024-06-25T17:28:56.406-0400][gc,heap     ] GC(87) Survivor regions: 4->7(7)
[2024-06-25T17:28:56.406-0400][gc,heap     ] GC(87) Old regions: 85->85
[2024-06-25T17:28:56.406-0400][gc,heap     ] GC(87) Humongous regions: 129->129
[2024-06-25T17:28:56.406-0400][gc,metaspace] GC(87) Metaspace: 43141K(43840K)->43141K(43840K) NonClass: 38291K(38656K)->38291K(38656K) Class: 4850K(5184K)->4850K(5184K)
[2024-06-25T17:28:56.406-0400][gc          ] GC(87) Pause Young (Normal) (G1 Evacuation Pause) 264M->220M(1024M) 63,765ms
[2024-06-25T17:28:56.406-0400][gc,cpu      ] GC(87) User=0,23s Sys=0,01s Real=0,07s
[2024-06-25T17:36:44.477-0400][gc,start    ] GC(88) Pause Young (Normal) (G1 Evacuation Pause)
[2024-06-25T17:36:44.477-0400][gc,task     ] GC(88) Using 6 workers of 6 for evacuation
[2024-06-25T17:36:44.506-0400][gc,mmu      ] GC(88) MMU target violated: 21,0ms (20,0ms/21,0ms)
[2024-06-25T17:36:44.506-0400][gc,phases   ] GC(88)   Pre Evacuate Collection Set: 3,8ms
[2024-06-25T17:36:44.506-0400][gc,phases   ] GC(88)   Merge Heap Roots: 0,1ms
[2024-06-25T17:36:44.506-0400][gc,phases   ] GC(88)   Evacuate Collection Set: 15,0ms
[2024-06-25T17:36:44.506-0400][gc,phases   ] GC(88)   Post Evacuate Collection Set: 9,9ms
[2024-06-25T17:36:44.506-0400][gc,phases   ] GC(88)   Other: 0,2ms
[2024-06-25T17:36:44.506-0400][gc,heap     ] GC(88) Eden regions: 44->0(45)
[2024-06-25T17:36:44.506-0400][gc,heap     ] GC(88) Survivor regions: 7->6(7)
[2024-06-25T17:36:44.506-0400][gc,heap     ] GC(88) Old regions: 85->91
[2024-06-25T17:36:44.506-0400][gc,heap     ] GC(88) Humongous regions: 129->129
[2024-06-25T17:36:44.506-0400][gc,metaspace] GC(88) Metaspace: 43147K(43904K)->43147K(43904K) NonClass: 38297K(38720K)->38297K(38720K) Class: 4850K(5184K)->4850K(5184K)
[2024-06-25T17:36:44.506-0400][gc          ] GC(88) Pause Young (Normal) (G1 Evacuation Pause) 264M->225M(1024M) 29,123ms
[2024-06-25T17:36:44.506-0400][gc,cpu      ] GC(88) User=0,04s Sys=0,04s Real=0,03s
[2024-06-26T08:24:43.271-0400][gc,start    ] GC(89) Pause Young (Normal) (G1 Evacuation Pause)
[2024-06-26T08:24:43.272-0400][gc,task     ] GC(89) Using 6 workers of 6 for evacuation
[2024-06-26T08:24:43.285-0400][gc,phases   ] GC(89)   Pre Evacuate Collection Set: 0,8ms
[2024-06-26T08:24:43.285-0400][gc,phases   ] GC(89)   Merge Heap Roots: 0,2ms
[2024-06-26T08:24:43.285-0400][gc,phases   ] GC(89)   Evacuate Collection Set: 9,5ms
[2024-06-26T08:24:43.285-0400][gc,phases   ] GC(89)   Post Evacuate Collection Set: 3,1ms
[2024-06-26T08:24:43.285-0400][gc,phases   ] GC(89)   Other: 0,1ms
[2024-06-26T08:24:43.285-0400][gc,heap     ] GC(89) Eden regions: 45->0(48)
[2024-06-26T08:24:43.285-0400][gc,heap     ] GC(89) Survivor regions: 6->3(7)
[2024-06-26T08:24:43.285-0400][gc,heap     ] GC(89) Old regions: 91->95
[2024-06-26T08:24:43.285-0400][gc,heap     ] GC(89) Humongous regions: 129->129
[2024-06-26T08:24:43.285-0400][gc,metaspace] GC(89) Metaspace: 43147K(43904K)->43147K(43904K) NonClass: 38297K(38720K)->38297K(38720K) Class: 4850K(5184K)->4850K(5184K)
[2024-06-26T08:24:43.285-0400][gc          ] GC(89) Pause Young (Normal) (G1 Evacuation Pause) 270M->225M(1024M) 14,678ms
[2024-06-26T08:24:43.285-0400][gc,cpu      ] GC(89) User=0,03s Sys=0,01s Real=0,01s
[2024-06-26T08:34:27.049-0400][gc,start    ] GC(90) Pause Young (Normal) (G1 Evacuation Pause)
[2024-06-26T08:34:27.049-0400][gc,task     ] GC(90) Using 6 workers of 6 for evacuation
[2024-06-26T08:34:27.078-0400][gc,mmu      ] GC(90) MMU target violated: 21,0ms (20,0ms/21,0ms)
[2024-06-26T08:34:27.078-0400][gc,phases   ] GC(90)   Pre Evacuate Collection Set: 1,0ms
[2024-06-26T08:34:27.078-0400][gc,phases   ] GC(90)   Merge Heap Roots: 0,4ms
[2024-06-26T08:34:27.078-0400][gc,phases   ] GC(90)   Evacuate Collection Set: 24,7ms
[2024-06-26T08:34:27.078-0400][gc,phases   ] GC(90)   Post Evacuate Collection Set: 2,7ms
[2024-06-26T08:34:27.078-0400][gc,phases   ] GC(90)   Other: 0,2ms
[2024-06-26T08:34:27.078-0400][gc,heap     ] GC(90) Eden regions: 48->0(48)
[2024-06-26T08:34:27.078-0400][gc,heap     ] GC(90) Survivor regions: 3->3(7)
[2024-06-26T08:34:27.078-0400][gc,heap     ] GC(90) Old regions: 95->95
[2024-06-26T08:34:27.078-0400][gc,heap     ] GC(90) Humongous regions: 129->129
[2024-06-26T08:34:27.078-0400][gc,metaspace] GC(90) Metaspace: 43147K(43904K)->43147K(43904K) NonClass: 38297K(38720K)->38297K(38720K) Class: 4850K(5184K)->4850K(5184K)
[2024-06-26T08:34:27.078-0400][gc          ] GC(90) Pause Young (Normal) (G1 Evacuation Pause) 273M->225M(1024M) 29,326ms
[2024-06-26T08:34:27.078-0400][gc,cpu      ] GC(90) User=0,09s Sys=0,00s Real=0,03s
[2024-06-26T08:44:12.599-0400][gc,start    ] GC(91) Pause Young (Normal) (G1 Evacuation Pause)
[2024-06-26T08:44:12.599-0400][gc,task     ] GC(91) Using 6 workers of 6 for evacuation
[2024-06-26T08:44:12.605-0400][gc,phases   ] GC(91)   Pre Evacuate Collection Set: 0,6ms
[2024-06-26T08:44:12.605-0400][gc,phases   ] GC(91)   Merge Heap Roots: 0,6ms
[2024-06-26T08:44:12.605-0400][gc,phases   ] GC(91)   Evacuate Collection Set: 2,8ms
[2024-06-26T08:44:12.605-0400][gc,phases   ] GC(91)   Post Evacuate Collection Set: 1,6ms
[2024-06-26T08:44:12.605-0400][gc,phases   ] GC(91)   Other: 0,1ms
[2024-06-26T08:44:12.605-0400][gc,heap     ] GC(91) Eden regions: 48->0(49)
[2024-06-26T08:44:12.605-0400][gc,heap     ] GC(91) Survivor regions: 3->2(7)
[2024-06-26T08:44:12.605-0400][gc,heap     ] GC(91) Old regions: 95->95
[2024-06-26T08:44:12.605-0400][gc,heap     ] GC(91) Humongous regions: 129->129
[2024-06-26T08:44:12.605-0400][gc,metaspace] GC(91) Metaspace: 43147K(43904K)->43147K(43904K) NonClass: 38297K(38720K)->38297K(38720K) Class: 4850K(5184K)->4850K(5184K)
[2024-06-26T08:44:12.605-0400][gc          ] GC(91) Pause Young (Normal) (G1 Evacuation Pause) 273M->225M(1024M) 5,921ms
[2024-06-26T08:44:12.605-0400][gc,cpu      ] GC(91) User=0,01s Sys=0,01s Real=0,01s
[2024-06-26T08:54:11.033-0400][gc,start    ] GC(92) Pause Young (Normal) (G1 Evacuation Pause)
[2024-06-26T08:54:11.034-0400][gc,task     ] GC(92) Using 6 workers of 6 for evacuation
[2024-06-26T08:54:11.048-0400][gc,phases   ] GC(92)   Pre Evacuate Collection Set: 0,8ms
[2024-06-26T08:54:11.048-0400][gc,phases   ] GC(92)   Merge Heap Roots: 0,4ms
[2024-06-26T08:54:11.048-0400][gc,phases   ] GC(92)   Evacuate Collection Set: 11,9ms
[2024-06-26T08:54:11.048-0400][gc,phases   ] GC(92)   Post Evacuate Collection Set: 1,0ms
[2024-06-26T08:54:11.048-0400][gc,phases   ] GC(92)   Other: 0,1ms
[2024-06-26T08:54:11.048-0400][gc,heap     ] GC(92) Eden regions: 49->0(48)
[2024-06-26T08:54:11.048-0400][gc,heap     ] GC(92) Survivor regions: 2->3(7)
[2024-06-26T08:54:11.048-0400][gc,heap     ] GC(92) Old regions: 95->95
[2024-06-26T08:54:11.048-0400][gc,heap     ] GC(92) Humongous regions: 129->129
[2024-06-26T08:54:11.048-0400][gc,metaspace] GC(92) Metaspace: 43147K(43904K)->43147K(43904K) NonClass: 38297K(38720K)->38297K(38720K) Class: 4850K(5184K)->4850K(5184K)
[2024-06-26T08:54:11.048-0400][gc          ] GC(92) Pause Young (Normal) (G1 Evacuation Pause) 274M->225M(1024M) 14,379ms
[2024-06-26T08:54:11.048-0400][gc,cpu      ] GC(92) User=0,03s Sys=0,02s Real=0,01s
[2024-06-26T09:03:57.306-0400][gc,start    ] GC(93) Pause Young (Normal) (G1 Evacuation Pause)
[2024-06-26T09:03:57.306-0400][gc,task     ] GC(93) Using 6 workers of 6 for evacuation
[2024-06-26T09:03:57.317-0400][gc,phases   ] GC(93)   Pre Evacuate Collection Set: 0,6ms
[2024-06-26T09:03:57.317-0400][gc,phases   ] GC(93)   Merge Heap Roots: 0,3ms
[2024-06-26T09:03:57.317-0400][gc,phases   ] GC(93)   Evacuate Collection Set: 9,6ms
[2024-06-26T09:03:57.317-0400][gc,phases   ] GC(93)   Post Evacuate Collection Set: 1,0ms
[2024-06-26T09:03:57.317-0400][gc,phases   ] GC(93)   Other: 0,1ms
[2024-06-26T09:03:57.317-0400][gc,heap     ] GC(93) Eden regions: 48->0(48)
[2024-06-26T09:03:57.317-0400][gc,heap     ] GC(93) Survivor regions: 3->3(7)
[2024-06-26T09:03:57.317-0400][gc,heap     ] GC(93) Old regions: 95->95
[2024-06-26T09:03:57.317-0400][gc,heap     ] GC(93) Humongous regions: 129->129
[2024-06-26T09:03:57.317-0400][gc,metaspace] GC(93) Metaspace: 43147K(43904K)->43147K(43904K) NonClass: 38297K(38720K)->38297K(38720K) Class: 4850K(5184K)->4850K(5184K)
[2024-06-26T09:03:57.317-0400][gc          ] GC(93) Pause Young (Normal) (G1 Evacuation Pause) 273M->226M(1024M) 11,714ms
[2024-06-26T09:03:57.317-0400][gc,cpu      ] GC(93) User=0,02s Sys=0,01s Real=0,01s
[2024-06-26T09:13:19.360-0400][gc,start    ] GC(94) Pause Young (Normal) (G1 Evacuation Pause)
[2024-06-26T09:13:19.360-0400][gc,task     ] GC(94) Using 6 workers of 6 for evacuation
[2024-06-26T09:13:19.370-0400][gc,phases   ] GC(94)   Pre Evacuate Collection Set: 0,7ms
[2024-06-26T09:13:19.370-0400][gc,phases   ] GC(94)   Merge Heap Roots: 1,6ms
[2024-06-26T09:13:19.370-0400][gc,phases   ] GC(94)   Evacuate Collection Set: 6,1ms
[2024-06-26T09:13:19.370-0400][gc,phases   ] GC(94)   Post Evacuate Collection Set: 1,1ms
[2024-06-26T09:13:19.370-0400][gc,phases   ] GC(94)   Other: 0,1ms
[2024-06-26T09:13:19.370-0400][gc,heap     ] GC(94) Eden regions: 48->0(77)
[2024-06-26T09:13:19.370-0400][gc,heap     ] GC(94) Survivor regions: 3->3(7)
[2024-06-26T09:13:19.370-0400][gc,heap     ] GC(94) Old regions: 95->95
[2024-06-26T09:13:19.370-0400][gc,heap     ] GC(94) Humongous regions: 129->129
[2024-06-26T09:13:19.370-0400][gc,metaspace] GC(94) Metaspace: 43147K(43904K)->43147K(43904K) NonClass: 38297K(38720K)->38297K(38720K) Class: 4850K(5184K)->4850K(5184K)
[2024-06-26T09:13:19.370-0400][gc          ] GC(94) Pause Young (Normal) (G1 Evacuation Pause) 274M->225M(1024M) 9,803ms
[2024-06-26T09:13:19.370-0400][gc,cpu      ] GC(94) User=0,02s Sys=0,01s Real=0,01s
[2024-06-26T09:28:05.782-0400][gc,start    ] GC(95) Pause Young (Normal) (G1 Evacuation Pause)
[2024-06-26T09:28:05.782-0400][gc,task     ] GC(95) Using 6 workers of 6 for evacuation
[2024-06-26T09:28:05.956-0400][gc,mmu      ] GC(95) MMU target violated: 21,0ms (20,0ms/21,0ms)
[2024-06-26T09:28:05.956-0400][gc,phases   ] GC(95)   Pre Evacuate Collection Set: 1,0ms
[2024-06-26T09:28:05.956-0400][gc,phases   ] GC(95)   Merge Heap Roots: 0,3ms
[2024-06-26T09:28:05.956-0400][gc,phases   ] GC(95)   Evacuate Collection Set: 170,6ms
[2024-06-26T09:28:05.956-0400][gc,phases   ] GC(95)   Post Evacuate Collection Set: 1,5ms
[2024-06-26T09:28:05.956-0400][gc,phases   ] GC(95)   Other: 0,1ms
[2024-06-26T09:28:05.956-0400][gc,heap     ] GC(95) Eden regions: 76->0(45)
[2024-06-26T09:28:05.956-0400][gc,heap     ] GC(95) Survivor regions: 3->6(10)
[2024-06-26T09:28:05.956-0400][gc,heap     ] GC(95) Old regions: 95->95
[2024-06-26T09:28:05.956-0400][gc,heap     ] GC(95) Humongous regions: 129->129
[2024-06-26T09:28:05.956-0400][gc,metaspace] GC(95) Metaspace: 43160K(43904K)->43160K(43904K) NonClass: 38309K(38720K)->38309K(38720K) Class: 4850K(5184K)->4850K(5184K)
[2024-06-26T09:28:05.956-0400][gc          ] GC(95) Pause Young (Normal) (G1 Evacuation Pause) 301M->228M(1024M) 173,858ms
[2024-06-26T09:28:05.956-0400][gc,cpu      ] GC(95) User=0,93s Sys=0,04s Real=0,17s
[2024-06-26T09:36:46.003-0400][gc,start    ] GC(96) Pause Young (Normal) (G1 Evacuation Pause)
[2024-06-26T09:36:46.003-0400][gc,task     ] GC(96) Using 6 workers of 6 for evacuation
[2024-06-26T09:36:46.027-0400][gc,mmu      ] GC(96) MMU target violated: 21,0ms (20,0ms/21,0ms)
[2024-06-26T09:36:46.027-0400][gc,phases   ] GC(96)   Pre Evacuate Collection Set: 0,9ms
[2024-06-26T09:36:46.027-0400][gc,phases   ] GC(96)   Merge Heap Roots: 0,5ms
[2024-06-26T09:36:46.027-0400][gc,phases   ] GC(96)   Evacuate Collection Set: 10,4ms
[2024-06-26T09:36:46.027-0400][gc,phases   ] GC(96)   Post Evacuate Collection Set: 12,4ms
[2024-06-26T09:36:46.027-0400][gc,phases   ] GC(96)   Other: 0,1ms
[2024-06-26T09:36:46.027-0400][gc,heap     ] GC(96) Eden regions: 45->0(47)
[2024-06-26T09:36:46.027-0400][gc,heap     ] GC(96) Survivor regions: 6->4(7)
[2024-06-26T09:36:46.027-0400][gc,heap     ] GC(96) Old regions: 95->97
[2024-06-26T09:36:46.027-0400][gc,heap     ] GC(96) Humongous regions: 129->129
[2024-06-26T09:36:46.027-0400][gc,metaspace] GC(96) Metaspace: 43160K(43904K)->43160K(43904K) NonClass: 38309K(38720K)->38309K(38720K) Class: 4850K(5184K)->4850K(5184K)
[2024-06-26T09:36:46.032-0400][gc          ] GC(96) Pause Young (Normal) (G1 Evacuation Pause) 273M->228M(1024M) 28,975ms
[2024-06-26T09:36:46.032-0400][gc,cpu      ] GC(96) User=0,03s Sys=0,01s Real=0,03s
[2024-06-26T09:45:53.569-0400][gc,start    ] GC(97) Pause Young (Normal) (G1 Evacuation Pause)
[2024-06-26T09:45:53.569-0400][gc,task     ] GC(97) Using 6 workers of 6 for evacuation
[2024-06-26T09:45:53.583-0400][gc,phases   ] GC(97)   Pre Evacuate Collection Set: 0,8ms
[2024-06-26T09:45:53.583-0400][gc,phases   ] GC(97)   Merge Heap Roots: 0,3ms
[2024-06-26T09:45:53.583-0400][gc,phases   ] GC(97)   Evacuate Collection Set: 11,6ms
[2024-06-26T09:45:53.583-0400][gc,phases   ] GC(97)   Post Evacuate Collection Set: 1,3ms
[2024-06-26T09:45:53.583-0400][gc,phases   ] GC(97)   Other: 0,1ms
[2024-06-26T09:45:53.583-0400][gc,heap     ] GC(97) Eden regions: 47->0(47)
[2024-06-26T09:45:53.583-0400][gc,heap     ] GC(97) Survivor regions: 4->4(7)
[2024-06-26T09:45:53.583-0400][gc,heap     ] GC(97) Old regions: 97->97
[2024-06-26T09:45:53.583-0400][gc,heap     ] GC(97) Humongous regions: 129->129
[2024-06-26T09:45:53.583-0400][gc,metaspace] GC(97) Metaspace: 43160K(43904K)->43160K(43904K) NonClass: 38310K(38720K)->38310K(38720K) Class: 4850K(5184K)->4850K(5184K)
[2024-06-26T09:45:53.583-0400][gc          ] GC(97) Pause Young (Normal) (G1 Evacuation Pause) 275M->228M(1024M) 14,366ms
[2024-06-26T09:45:53.583-0400][gc,cpu      ] GC(97) User=0,04s Sys=0,00s Real=0,02s
[2024-06-26T09:55:00.386-0400][gc,start    ] GC(98) Pause Young (Normal) (G1 Evacuation Pause)
[2024-06-26T09:55:00.386-0400][gc,task     ] GC(98) Using 6 workers of 6 for evacuation
[2024-06-26T09:55:00.394-0400][gc,phases   ] GC(98)   Pre Evacuate Collection Set: 0,5ms
[2024-06-26T09:55:00.394-0400][gc,phases   ] GC(98)   Merge Heap Roots: 0,1ms
[2024-06-26T09:55:00.394-0400][gc,phases   ] GC(98)   Evacuate Collection Set: 5,9ms
[2024-06-26T09:55:00.394-0400][gc,phases   ] GC(98)   Post Evacuate Collection Set: 1,1ms
[2024-06-26T09:55:00.394-0400][gc,phases   ] GC(98)   Other: 0,1ms
[2024-06-26T09:55:00.394-0400][gc,heap     ] GC(98) Eden regions: 47->0(48)
[2024-06-26T09:55:00.394-0400][gc,heap     ] GC(98) Survivor regions: 4->3(7)
[2024-06-26T09:55:00.394-0400][gc,heap     ] GC(98) Old regions: 97->97
[2024-06-26T09:55:00.394-0400][gc,heap     ] GC(98) Humongous regions: 129->129
[2024-06-26T09:55:00.394-0400][gc,metaspace] GC(98) Metaspace: 43160K(43904K)->43160K(43904K) NonClass: 38310K(38720K)->38310K(38720K) Class: 4850K(5184K)->4850K(5184K)
[2024-06-26T09:55:00.394-0400][gc          ] GC(98) Pause Young (Normal) (G1 Evacuation Pause) 275M->227M(1024M) 7,802ms
[2024-06-26T09:55:00.394-0400][gc,cpu      ] GC(98) User=0,02s Sys=0,00s Real=0,01s
[2024-06-26T10:04:17.371-0400][gc,start    ] GC(99) Pause Young (Normal) (G1 Evacuation Pause)
[2024-06-26T10:04:17.371-0400][gc,task     ] GC(99) Using 6 workers of 6 for evacuation
[2024-06-26T10:04:17.385-0400][gc,phases   ] GC(99)   Pre Evacuate Collection Set: 0,9ms
[2024-06-26T10:04:17.385-0400][gc,phases   ] GC(99)   Merge Heap Roots: 0,3ms
[2024-06-26T10:04:17.385-0400][gc,phases   ] GC(99)   Evacuate Collection Set: 8,2ms
[2024-06-26T10:04:17.385-0400][gc,phases   ] GC(99)   Post Evacuate Collection Set: 4,6ms
[2024-06-26T10:04:17.385-0400][gc,phases   ] GC(99)   Other: 0,1ms
[2024-06-26T10:04:17.385-0400][gc,heap     ] GC(99) Eden regions: 48->0(48)
[2024-06-26T10:04:17.385-0400][gc,heap     ] GC(99) Survivor regions: 3->3(7)
[2024-06-26T10:04:17.385-0400][gc,heap     ] GC(99) Old regions: 97->97
[2024-06-26T10:04:17.385-0400][gc,heap     ] GC(99) Humongous regions: 129->129
[2024-06-26T10:04:17.385-0400][gc,metaspace] GC(99) Metaspace: 43161K(43904K)->43161K(43904K) NonClass: 38311K(38720K)->38311K(38720K) Class: 4850K(5184K)->4850K(5184K)
[2024-06-26T10:04:17.385-0400][gc          ] GC(99) Pause Young (Normal) (G1 Evacuation Pause) 275M->228M(1024M) 14,213ms
[2024-06-26T10:04:17.385-0400][gc,cpu      ] GC(99) User=0,03s Sys=0,00s Real=0,01s
[2024-06-26T10:13:01.780-0400][gc,start    ] GC(100) Pause Young (Normal) (G1 Evacuation Pause)
[2024-06-26T10:13:01.780-0400][gc,task     ] GC(100) Using 6 workers of 6 for evacuation
[2024-06-26T10:13:01.805-0400][gc,mmu      ] GC(100) MMU target violated: 21,0ms (20,0ms/21,0ms)
[2024-06-26T10:13:01.805-0400][gc,phases   ] GC(100)   Pre Evacuate Collection Set: 1,5ms
[2024-06-26T10:13:01.805-0400][gc,phases   ] GC(100)   Merge Heap Roots: 1,2ms
[2024-06-26T10:13:01.805-0400][gc,phases   ] GC(100)   Evacuate Collection Set: 15,0ms
[2024-06-26T10:13:01.805-0400][gc,phases   ] GC(100)   Post Evacuate Collection Set: 7,5ms
[2024-06-26T10:13:01.805-0400][gc,phases   ] GC(100)   Other: 0,1ms
[2024-06-26T10:13:01.805-0400][gc,heap     ] GC(100) Eden regions: 48->0(47)
[2024-06-26T10:13:01.805-0400][gc,heap     ] GC(100) Survivor regions: 3->4(7)
[2024-06-26T10:13:01.805-0400][gc,heap     ] GC(100) Old regions: 97->97
[2024-06-26T10:13:01.805-0400][gc,heap     ] GC(100) Humongous regions: 129->129
[2024-06-26T10:13:01.805-0400][gc,metaspace] GC(100) Metaspace: 43161K(43904K)->43161K(43904K) NonClass: 38311K(38720K)->38311K(38720K) Class: 4850K(5184K)->4850K(5184K)
[2024-06-26T10:13:01.805-0400][gc          ] GC(100) Pause Young (Normal) (G1 Evacuation Pause) 276M->228M(1024M) 25,582ms
[2024-06-26T10:13:01.805-0400][gc,cpu      ] GC(100) User=0,03s Sys=0,02s Real=0,02s
[2024-06-26T10:21:56.155-0400][gc,start    ] GC(101) Pause Young (Normal) (G1 Evacuation Pause)
[2024-06-26T10:21:56.155-0400][gc,task     ] GC(101) Using 6 workers of 6 for evacuation
[2024-06-26T10:21:56.163-0400][gc,phases   ] GC(101)   Pre Evacuate Collection Set: 0,7ms
[2024-06-26T10:21:56.163-0400][gc,phases   ] GC(101)   Merge Heap Roots: 0,2ms
[2024-06-26T10:21:56.163-0400][gc,phases   ] GC(101)   Evacuate Collection Set: 5,6ms
[2024-06-26T10:21:56.163-0400][gc,phases   ] GC(101)   Post Evacuate Collection Set: 1,2ms
[2024-06-26T10:21:56.163-0400][gc,phases   ] GC(101)   Other: 0,1ms
[2024-06-26T10:21:56.163-0400][gc,heap     ] GC(101) Eden regions: 47->0(47)
[2024-06-26T10:21:56.163-0400][gc,heap     ] GC(101) Survivor regions: 4->4(7)
[2024-06-26T10:21:56.163-0400][gc,heap     ] GC(101) Old regions: 97->97
[2024-06-26T10:21:56.163-0400][gc,heap     ] GC(101) Humongous regions: 129->129
[2024-06-26T10:21:56.163-0400][gc,metaspace] GC(101) Metaspace: 43163K(43904K)->43163K(43904K) NonClass: 38312K(38720K)->38312K(38720K) Class: 4850K(5184K)->4850K(5184K)
[2024-06-26T10:21:56.163-0400][gc          ] GC(101) Pause Young (Normal) (G1 Evacuation Pause) 275M->228M(1024M) 7,951ms
[2024-06-26T10:21:56.163-0400][gc,cpu      ] GC(101) User=0,03s Sys=0,00s Real=0,01s
[2024-06-26T10:31:03.065-0400][gc,start    ] GC(102) Pause Young (Normal) (G1 Evacuation Pause)
[2024-06-26T10:31:03.065-0400][gc,task     ] GC(102) Using 6 workers of 6 for evacuation
[2024-06-26T10:31:03.072-0400][gc,phases   ] GC(102)   Pre Evacuate Collection Set: 0,8ms
[2024-06-26T10:31:03.072-0400][gc,phases   ] GC(102)   Merge Heap Roots: 0,7ms
[2024-06-26T10:31:03.072-0400][gc,phases   ] GC(102)   Evacuate Collection Set: 4,4ms
[2024-06-26T10:31:03.072-0400][gc,phases   ] GC(102)   Post Evacuate Collection Set: 1,2ms
[2024-06-26T10:31:03.072-0400][gc,phases   ] GC(102)   Other: 0,2ms
[2024-06-26T10:31:03.072-0400][gc,heap     ] GC(102) Eden regions: 47->0(47)
[2024-06-26T10:31:03.072-0400][gc,heap     ] GC(102) Survivor regions: 4->4(7)
[2024-06-26T10:31:03.072-0400][gc,heap     ] GC(102) Old regions: 97->97
[2024-06-26T10:31:03.072-0400][gc,heap     ] GC(102) Humongous regions: 129->129
[2024-06-26T10:31:03.072-0400][gc,metaspace] GC(102) Metaspace: 43166K(43904K)->43166K(43904K) NonClass: 38315K(38720K)->38315K(38720K) Class: 4850K(5184K)->4850K(5184K)
[2024-06-26T10:31:03.072-0400][gc          ] GC(102) Pause Young (Normal) (G1 Evacuation Pause) 275M->228M(1024M) 7,558ms
[2024-06-26T10:31:03.072-0400][gc,cpu      ] GC(102) User=0,01s Sys=0,02s Real=0,01s
[2024-06-26T10:40:08.925-0400][gc,start    ] GC(103) Pause Young (Normal) (G1 Evacuation Pause)
[2024-06-26T10:40:08.925-0400][gc,task     ] GC(103) Using 6 workers of 6 for evacuation
[2024-06-26T10:40:08.933-0400][gc,phases   ] GC(103)   Pre Evacuate Collection Set: 0,5ms
[2024-06-26T10:40:08.933-0400][gc,phases   ] GC(103)   Merge Heap Roots: 0,2ms
[2024-06-26T10:40:08.933-0400][gc,phases   ] GC(103)   Evacuate Collection Set: 5,7ms
[2024-06-26T10:40:08.933-0400][gc,phases   ] GC(103)   Post Evacuate Collection Set: 1,3ms
[2024-06-26T10:40:08.933-0400][gc,phases   ] GC(103)   Other: 0,3ms
[2024-06-26T10:40:08.933-0400][gc,heap     ] GC(103) Eden regions: 47->0(49)
[2024-06-26T10:40:08.933-0400][gc,heap     ] GC(103) Survivor regions: 4->4(7)
[2024-06-26T10:40:08.933-0400][gc,heap     ] GC(103) Old regions: 97->97
[2024-06-26T10:40:08.933-0400][gc,heap     ] GC(103) Humongous regions: 129->129
[2024-06-26T10:40:08.933-0400][gc,metaspace] GC(103) Metaspace: 43166K(43904K)->43166K(43904K) NonClass: 38315K(38720K)->38315K(38720K) Class: 4850K(5184K)->4850K(5184K)
[2024-06-26T10:40:08.933-0400][gc          ] GC(103) Pause Young (Normal) (G1 Evacuation Pause) 275M->229M(1024M) 8,101ms
[2024-06-26T10:40:08.933-0400][gc,cpu      ] GC(103) User=0,01s Sys=0,01s Real=0,01s
[2024-06-26T10:49:50.854-0400][gc,start    ] GC(104) Pause Young (Normal) (G1 Evacuation Pause)
[2024-06-26T10:49:50.854-0400][gc,task     ] GC(104) Using 6 workers of 6 for evacuation
[2024-06-26T10:49:50.861-0400][gc,phases   ] GC(104)   Pre Evacuate Collection Set: 0,6ms
[2024-06-26T10:49:50.861-0400][gc,phases   ] GC(104)   Merge Heap Roots: 0,5ms
[2024-06-26T10:49:50.861-0400][gc,phases   ] GC(104)   Evacuate Collection Set: 3,8ms
[2024-06-26T10:49:50.861-0400][gc,phases   ] GC(104)   Post Evacuate Collection Set: 1,7ms
[2024-06-26T10:49:50.861-0400][gc,phases   ] GC(104)   Other: 0,1ms
[2024-06-26T10:49:50.861-0400][gc,heap     ] GC(104) Eden regions: 50->0(161)
[2024-06-26T10:49:50.861-0400][gc,heap     ] GC(104) Survivor regions: 4->3(7)
[2024-06-26T10:49:50.861-0400][gc,heap     ] GC(104) Old regions: 97->97
[2024-06-26T10:49:50.861-0400][gc,heap     ] GC(104) Humongous regions: 129->129
[2024-06-26T10:49:50.861-0400][gc,metaspace] GC(104) Metaspace: 43166K(43904K)->43166K(43904K) NonClass: 38315K(38720K)->38315K(38720K) Class: 4850K(5184K)->4850K(5184K)
[2024-06-26T10:49:50.861-0400][gc          ] GC(104) Pause Young (Normal) (G1 Evacuation Pause) 279M->228M(1024M) 6,879ms
[2024-06-26T10:49:50.861-0400][gc,cpu      ] GC(104) User=0,02s Sys=0,00s Real=0,01s
[2024-06-26T11:21:15.411-0400][gc,start    ] GC(105) Pause Young (Normal) (G1 Evacuation Pause)
[2024-06-26T11:21:15.411-0400][gc,task     ] GC(105) Using 6 workers of 6 for evacuation
[2024-06-26T11:21:15.570-0400][gc,mmu      ] GC(105) MMU target violated: 21,0ms (20,0ms/21,0ms)
[2024-06-26T11:21:15.570-0400][gc,phases   ] GC(105)   Pre Evacuate Collection Set: 0,6ms
[2024-06-26T11:21:15.570-0400][gc,phases   ] GC(105)   Merge Heap Roots: 0,4ms
[2024-06-26T11:21:15.570-0400][gc,phases   ] GC(105)   Evacuate Collection Set: 157,2ms
[2024-06-26T11:21:15.570-0400][gc,phases   ] GC(105)   Post Evacuate Collection Set: 1,3ms
[2024-06-26T11:21:15.570-0400][gc,phases   ] GC(105)   Other: 0,1ms
[2024-06-26T11:21:15.571-0400][gc,heap     ] GC(105) Eden regions: 165->0(47)
[2024-06-26T11:21:15.571-0400][gc,heap     ] GC(105) Survivor regions: 3->4(21)
[2024-06-26T11:21:15.571-0400][gc,heap     ] GC(105) Old regions: 97->97
[2024-06-26T11:21:15.571-0400][gc,heap     ] GC(105) Humongous regions: 129->129
[2024-06-26T11:21:15.571-0400][gc,metaspace] GC(105) Metaspace: 43166K(43904K)->43166K(43904K) NonClass: 38315K(38720K)->38315K(38720K) Class: 4850K(5184K)->4850K(5184K)
[2024-06-26T11:21:15.571-0400][gc          ] GC(105) Pause Young (Normal) (G1 Evacuation Pause) 393M->228M(1024M) 159,714ms
[2024-06-26T11:21:15.571-0400][gc,cpu      ] GC(105) User=0,91s Sys=0,00s Real=0,16s
[2024-06-26T11:30:10.959-0400][gc,start    ] GC(106) Pause Young (Normal) (G1 Evacuation Pause)
[2024-06-26T11:30:10.959-0400][gc,task     ] GC(106) Using 6 workers of 6 for evacuation
[2024-06-26T11:30:10.967-0400][gc,phases   ] GC(106)   Pre Evacuate Collection Set: 0,6ms
[2024-06-26T11:30:10.967-0400][gc,phases   ] GC(106)   Merge Heap Roots: 0,3ms
[2024-06-26T11:30:10.967-0400][gc,phases   ] GC(106)   Evacuate Collection Set: 5,9ms
[2024-06-26T11:30:10.967-0400][gc,phases   ] GC(106)   Post Evacuate Collection Set: 1,3ms
[2024-06-26T11:30:10.967-0400][gc,phases   ] GC(106)   Other: 0,3ms
[2024-06-26T11:30:10.967-0400][gc,heap     ] GC(106) Eden regions: 47->0(47)
[2024-06-26T11:30:10.967-0400][gc,heap     ] GC(106) Survivor regions: 4->4(7)
[2024-06-26T11:30:10.967-0400][gc,heap     ] GC(106) Old regions: 97->97
[2024-06-26T11:30:10.967-0400][gc,heap     ] GC(106) Humongous regions: 129->129
[2024-06-26T11:30:10.967-0400][gc,metaspace] GC(106) Metaspace: 43167K(43904K)->43167K(43904K) NonClass: 38316K(38720K)->38316K(38720K) Class: 4850K(5184K)->4850K(5184K)
[2024-06-26T11:30:10.967-0400][gc          ] GC(106) Pause Young (Normal) (G1 Evacuation Pause) 275M->228M(1024M) 8,495ms
[2024-06-26T11:30:10.967-0400][gc,cpu      ] GC(106) User=0,01s Sys=0,01s Real=0,01s
[2024-06-26T11:39:14.963-0400][gc,start    ] GC(107) Pause Young (Normal) (G1 Evacuation Pause)
[2024-06-26T11:39:14.963-0400][gc,task     ] GC(107) Using 6 workers of 6 for evacuation
[2024-06-26T11:39:14.974-0400][gc,phases   ] GC(107)   Pre Evacuate Collection Set: 6,4ms
[2024-06-26T11:39:14.974-0400][gc,phases   ] GC(107)   Merge Heap Roots: 0,1ms
[2024-06-26T11:39:14.974-0400][gc,phases   ] GC(107)   Evacuate Collection Set: 3,8ms
[2024-06-26T11:39:14.974-0400][gc,phases   ] GC(107)   Post Evacuate Collection Set: 1,0ms
[2024-06-26T11:39:14.974-0400][gc,phases   ] GC(107)   Other: 0,3ms
[2024-06-26T11:39:14.974-0400][gc,heap     ] GC(107) Eden regions: 47->0(47)
[2024-06-26T11:39:14.974-0400][gc,heap     ] GC(107) Survivor regions: 4->4(7)
[2024-06-26T11:39:14.974-0400][gc,heap     ] GC(107) Old regions: 97->97
[2024-06-26T11:39:14.974-0400][gc,heap     ] GC(107) Humongous regions: 129->129
[2024-06-26T11:39:14.974-0400][gc,metaspace] GC(107) Metaspace: 43167K(43904K)->43167K(43904K) NonClass: 38316K(38720K)->38316K(38720K) Class: 4850K(5184K)->4850K(5184K)
[2024-06-26T11:39:14.974-0400][gc          ] GC(107) Pause Young (Normal) (G1 Evacuation Pause) 275M->229M(1024M) 11,764ms
[2024-06-26T11:39:14.974-0400][gc,cpu      ] GC(107) User=0,02s Sys=0,01s Real=0,01s
[2024-06-26T11:48:20.805-0400][gc,start    ] GC(108) Pause Young (Normal) (G1 Evacuation Pause)
[2024-06-26T11:48:20.805-0400][gc,task     ] GC(108) Using 6 workers of 6 for evacuation
[2024-06-26T11:48:20.817-0400][gc,phases   ] GC(108)   Pre Evacuate Collection Set: 4,5ms
[2024-06-26T11:48:20.817-0400][gc,phases   ] GC(108)   Merge Heap Roots: 0,4ms
[2024-06-26T11:48:20.817-0400][gc,phases   ] GC(108)   Evacuate Collection Set: 5,6ms
[2024-06-26T11:48:20.817-0400][gc,phases   ] GC(108)   Post Evacuate Collection Set: 1,2ms
[2024-06-26T11:48:20.817-0400][gc,phases   ] GC(108)   Other: 0,1ms
[2024-06-26T11:48:20.817-0400][gc,heap     ] GC(108) Eden regions: 47->0(48)
[2024-06-26T11:48:20.817-0400][gc,heap     ] GC(108) Survivor regions: 4->3(7)
[2024-06-26T11:48:20.817-0400][gc,heap     ] GC(108) Old regions: 97->97
[2024-06-26T11:48:20.817-0400][gc,heap     ] GC(108) Humongous regions: 129->129
[2024-06-26T11:48:20.817-0400][gc,metaspace] GC(108) Metaspace: 43167K(43904K)->43167K(43904K) NonClass: 38316K(38720K)->38316K(38720K) Class: 4850K(5184K)->4850K(5184K)
[2024-06-26T11:48:20.817-0400][gc          ] GC(108) Pause Young (Normal) (G1 Evacuation Pause) 276M->228M(1024M) 12,053ms
[2024-06-26T11:48:20.817-0400][gc,cpu      ] GC(108) User=0,00s Sys=0,02s Real=0,01s
[2024-06-26T11:57:38.250-0400][gc,start    ] GC(109) Pause Young (Normal) (G1 Evacuation Pause)
[2024-06-26T11:57:38.250-0400][gc,task     ] GC(109) Using 6 workers of 6 for evacuation
[2024-06-26T11:57:38.259-0400][gc,phases   ] GC(109)   Pre Evacuate Collection Set: 1,8ms
[2024-06-26T11:57:38.259-0400][gc,phases   ] GC(109)   Merge Heap Roots: 0,3ms
[2024-06-26T11:57:38.259-0400][gc,phases   ] GC(109)   Evacuate Collection Set: 4,9ms
[2024-06-26T11:57:38.259-0400][gc,phases   ] GC(109)   Post Evacuate Collection Set: 1,4ms
[2024-06-26T11:57:38.259-0400][gc,phases   ] GC(109)   Other: 0,2ms
[2024-06-26T11:57:38.259-0400][gc,heap     ] GC(109) Eden regions: 48->0(48)
[2024-06-26T11:57:38.259-0400][gc,heap     ] GC(109) Survivor regions: 3->3(7)
[2024-06-26T11:57:38.259-0400][gc,heap     ] GC(109) Old regions: 97->97
[2024-06-26T11:57:38.259-0400][gc,heap     ] GC(109) Humongous regions: 129->129
[2024-06-26T11:57:38.259-0400][gc,metaspace] GC(109) Metaspace: 43167K(43904K)->43167K(43904K) NonClass: 38316K(38720K)->38316K(38720K) Class: 4850K(5184K)->4850K(5184K)
[2024-06-26T11:57:38.259-0400][gc          ] GC(109) Pause Young (Normal) (G1 Evacuation Pause) 276M->228M(1024M) 8,982ms
[2024-06-26T11:57:38.259-0400][gc,cpu      ] GC(109) User=0,03s Sys=0,00s Real=0,01s
[2024-06-26T12:06:57.370-0400][gc,start    ] GC(110) Pause Young (Normal) (G1 Evacuation Pause)
[2024-06-26T12:06:57.370-0400][gc,task     ] GC(110) Using 6 workers of 6 for evacuation
[2024-06-26T12:06:57.383-0400][gc,phases   ] GC(110)   Pre Evacuate Collection Set: 1,5ms
[2024-06-26T12:06:57.383-0400][gc,phases   ] GC(110)   Merge Heap Roots: 0,2ms
[2024-06-26T12:06:57.383-0400][gc,phases   ] GC(110)   Evacuate Collection Set: 10,4ms
[2024-06-26T12:06:57.383-0400][gc,phases   ] GC(110)   Post Evacuate Collection Set: 0,8ms
[2024-06-26T12:06:57.383-0400][gc,phases   ] GC(110)   Other: 0,1ms
[2024-06-26T12:06:57.383-0400][gc,heap     ] GC(110) Eden regions: 48->0(47)
[2024-06-26T12:06:57.383-0400][gc,heap     ] GC(110) Survivor regions: 3->4(7)
[2024-06-26T12:06:57.383-0400][gc,heap     ] GC(110) Old regions: 97->97
[2024-06-26T12:06:57.383-0400][gc,heap     ] GC(110) Humongous regions: 129->129
[2024-06-26T12:06:57.383-0400][gc,metaspace] GC(110) Metaspace: 43167K(43904K)->43167K(43904K) NonClass: 38316K(38720K)->38316K(38720K) Class: 4850K(5184K)->4850K(5184K)
[2024-06-26T12:06:57.383-0400][gc          ] GC(110) Pause Young (Normal) (G1 Evacuation Pause) 276M->228M(1024M) 13,217ms
[2024-06-26T12:06:57.383-0400][gc,cpu      ] GC(110) User=0,03s Sys=0,01s Real=0,01s
[2024-06-26T12:15:21.522-0400][gc,start    ] GC(111) Pause Young (Normal) (G1 Evacuation Pause)
[2024-06-26T12:15:21.522-0400][gc,task     ] GC(111) Using 6 workers of 6 for evacuation
[2024-06-26T12:15:21.533-0400][gc,phases   ] GC(111)   Pre Evacuate Collection Set: 0,8ms
[2024-06-26T12:15:21.533-0400][gc,phases   ] GC(111)   Merge Heap Roots: 1,2ms
[2024-06-26T12:15:21.533-0400][gc,phases   ] GC(111)   Evacuate Collection Set: 5,3ms
[2024-06-26T12:15:21.533-0400][gc,phases   ] GC(111)   Post Evacuate Collection Set: 3,3ms
[2024-06-26T12:15:21.533-0400][gc,phases   ] GC(111)   Other: 0,2ms
[2024-06-26T12:15:21.533-0400][gc,heap     ] GC(111) Eden regions: 47->0(47)
[2024-06-26T12:15:21.533-0400][gc,heap     ] GC(111) Survivor regions: 4->4(7)
[2024-06-26T12:15:21.533-0400][gc,heap     ] GC(111) Old regions: 97->97
[2024-06-26T12:15:21.533-0400][gc,heap     ] GC(111) Humongous regions: 129->129
[2024-06-26T12:15:21.533-0400][gc,metaspace] GC(111) Metaspace: 43167K(43904K)->43167K(43904K) NonClass: 38316K(38720K)->38316K(38720K) Class: 4850K(5184K)->4850K(5184K)
[2024-06-26T12:15:21.533-0400][gc          ] GC(111) Pause Young (Normal) (G1 Evacuation Pause) 275M->228M(1024M) 11,036ms
[2024-06-26T12:15:21.533-0400][gc,cpu      ] GC(111) User=0,01s Sys=0,02s Real=0,01s
[2024-06-26T12:24:25.746-0400][gc,start    ] GC(112) Pause Young (Normal) (G1 Evacuation Pause)
[2024-06-26T12:24:25.746-0400][gc,task     ] GC(112) Using 6 workers of 6 for evacuation
[2024-06-26T12:24:25.753-0400][gc,phases   ] GC(112)   Pre Evacuate Collection Set: 0,6ms
[2024-06-26T12:24:25.753-0400][gc,phases   ] GC(112)   Merge Heap Roots: 0,4ms
[2024-06-26T12:24:25.753-0400][gc,phases   ] GC(112)   Evacuate Collection Set: 4,3ms
[2024-06-26T12:24:25.753-0400][gc,phases   ] GC(112)   Post Evacuate Collection Set: 0,9ms
[2024-06-26T12:24:25.753-0400][gc,phases   ] GC(112)   Other: 0,1ms
[2024-06-26T12:24:25.753-0400][gc,heap     ] GC(112) Eden regions: 47->0(47)
[2024-06-26T12:24:25.753-0400][gc,heap     ] GC(112) Survivor regions: 4->4(7)
[2024-06-26T12:24:25.753-0400][gc,heap     ] GC(112) Old regions: 97->97
[2024-06-26T12:24:25.753-0400][gc,heap     ] GC(112) Humongous regions: 129->129
[2024-06-26T12:24:25.753-0400][gc,metaspace] GC(112) Metaspace: 43167K(43904K)->43167K(43904K) NonClass: 38316K(38720K)->38316K(38720K) Class: 4850K(5184K)->4850K(5184K)
[2024-06-26T12:24:25.753-0400][gc          ] GC(112) Pause Young (Normal) (G1 Evacuation Pause) 275M->228M(1024M) 6,480ms
[2024-06-26T12:24:25.753-0400][gc,cpu      ] GC(112) User=0,01s Sys=0,01s Real=0,01s
[2024-06-26T12:33:31.314-0400][gc,start    ] GC(113) Pause Young (Normal) (G1 Evacuation Pause)
[2024-06-26T12:33:31.314-0400][gc,task     ] GC(113) Using 6 workers of 6 for evacuation
[2024-06-26T12:33:31.328-0400][gc,phases   ] GC(113)   Pre Evacuate Collection Set: 0,8ms
[2024-06-26T12:33:31.328-0400][gc,phases   ] GC(113)   Merge Heap Roots: 0,4ms
[2024-06-26T12:33:31.328-0400][gc,phases   ] GC(113)   Evacuate Collection Set: 10,1ms
[2024-06-26T12:33:31.328-0400][gc,phases   ] GC(113)   Post Evacuate Collection Set: 1,9ms
[2024-06-26T12:33:31.328-0400][gc,phases   ] GC(113)   Other: 0,1ms
[2024-06-26T12:33:31.328-0400][gc,heap     ] GC(113) Eden regions: 47->0(47)
[2024-06-26T12:33:31.328-0400][gc,heap     ] GC(113) Survivor regions: 4->4(7)
[2024-06-26T12:33:31.328-0400][gc,heap     ] GC(113) Old regions: 97->97
[2024-06-26T12:33:31.328-0400][gc,heap     ] GC(113) Humongous regions: 129->129
[2024-06-26T12:33:31.328-0400][gc,metaspace] GC(113) Metaspace: 43174K(43904K)->43174K(43904K) NonClass: 38323K(38720K)->38323K(38720K) Class: 4850K(5184K)->4850K(5184K)
[2024-06-26T12:33:31.328-0400][gc          ] GC(113) Pause Young (Normal) (G1 Evacuation Pause) 275M->229M(1024M) 13,459ms
[2024-06-26T12:33:31.328-0400][gc,cpu      ] GC(113) User=0,03s Sys=0,00s Real=0,01s
[2024-06-26T12:42:35.722-0400][gc,start    ] GC(114) Pause Young (Normal) (G1 Evacuation Pause)
[2024-06-26T12:42:35.722-0400][gc,task     ] GC(114) Using 6 workers of 6 for evacuation
[2024-06-26T12:42:35.730-0400][gc,phases   ] GC(114)   Pre Evacuate Collection Set: 1,4ms
[2024-06-26T12:42:35.730-0400][gc,phases   ] GC(114)   Merge Heap Roots: 0,4ms
[2024-06-26T12:42:35.730-0400][gc,phases   ] GC(114)   Evacuate Collection Set: 5,1ms
[2024-06-26T12:42:35.730-0400][gc,phases   ] GC(114)   Post Evacuate Collection Set: 1,2ms
[2024-06-26T12:42:35.730-0400][gc,phases   ] GC(114)   Other: 0,1ms
[2024-06-26T12:42:35.730-0400][gc,heap     ] GC(114) Eden regions: 47->0(124)
[2024-06-26T12:42:35.730-0400][gc,heap     ] GC(114) Survivor regions: 4->3(7)
[2024-06-26T12:42:35.730-0400][gc,heap     ] GC(114) Old regions: 97->97
[2024-06-26T12:42:35.730-0400][gc,heap     ] GC(114) Humongous regions: 129->129
[2024-06-26T12:42:35.730-0400][gc,metaspace] GC(114) Metaspace: 43175K(43904K)->43175K(43904K) NonClass: 38324K(38720K)->38324K(38720K) Class: 4850K(5184K)->4850K(5184K)
[2024-06-26T12:42:35.730-0400][gc          ] GC(114) Pause Young (Normal) (G1 Evacuation Pause) 276M->228M(1024M) 8,339ms
[2024-06-26T12:42:35.730-0400][gc,cpu      ] GC(114) User=0,01s Sys=0,02s Real=0,01s
[2024-06-26T13:10:31.511-0400][gc,start    ] GC(115) Pause Young (Normal) (G1 Evacuation Pause)
[2024-06-26T13:10:31.513-0400][gc,task     ] GC(115) Using 6 workers of 6 for evacuation
[2024-06-26T13:10:31.542-0400][gc,mmu      ] GC(115) MMU target violated: 21,0ms (20,0ms/21,0ms)
[2024-06-26T13:10:31.542-0400][gc,phases   ] GC(115)   Pre Evacuate Collection Set: 5,1ms
[2024-06-26T13:10:31.542-0400][gc,phases   ] GC(115)   Merge Heap Roots: 1,5ms
[2024-06-26T13:10:31.542-0400][gc,phases   ] GC(115)   Evacuate Collection Set: 19,8ms
[2024-06-26T13:10:31.542-0400][gc,phases   ] GC(115)   Post Evacuate Collection Set: 2,5ms
[2024-06-26T13:10:31.542-0400][gc,phases   ] GC(115)   Other: 0,4ms
[2024-06-26T13:10:31.542-0400][gc,heap     ] GC(115) Eden regions: 124->0(121)
[2024-06-26T13:10:31.542-0400][gc,heap     ] GC(115) Survivor regions: 3->4(16)
[2024-06-26T13:10:31.542-0400][gc,heap     ] GC(115) Old regions: 97->97
[2024-06-26T13:10:31.542-0400][gc,heap     ] GC(115) Humongous regions: 129->129
[2024-06-26T13:10:31.542-0400][gc,metaspace] GC(115) Metaspace: 43175K(43904K)->43175K(43904K) NonClass: 38324K(38720K)->38324K(38720K) Class: 4850K(5184K)->4850K(5184K)
[2024-06-26T13:10:31.542-0400][gc          ] GC(115) Pause Young (Normal) (G1 Evacuation Pause) 352M->228M(1024M) 31,295ms
[2024-06-26T13:10:31.542-0400][gc,cpu      ] GC(115) User=0,07s Sys=0,00s Real=0,03s
[2024-06-27T11:04:33.776-0400][gc,start    ] GC(116) Pause Young (Normal) (G1 Evacuation Pause)
[2024-06-27T11:04:33.777-0400][gc,task     ] GC(116) Using 6 workers of 6 for evacuation
[2024-06-27T11:04:33.796-0400][gc,phases   ] GC(116)   Pre Evacuate Collection Set: 0,9ms
[2024-06-27T11:04:33.797-0400][gc,phases   ] GC(116)   Merge Heap Roots: 1,3ms
[2024-06-27T11:04:33.797-0400][gc,phases   ] GC(116)   Evacuate Collection Set: 5,9ms
[2024-06-27T11:04:33.797-0400][gc,phases   ] GC(116)   Post Evacuate Collection Set: 8,9ms
[2024-06-27T11:04:33.797-0400][gc,phases   ] GC(116)   Other: 2,1ms
[2024-06-27T11:04:33.797-0400][gc,heap     ] GC(116) Eden regions: 122->0(101)
[2024-06-27T11:04:33.797-0400][gc,heap     ] GC(116) Survivor regions: 4->3(16)
[2024-06-27T11:04:33.797-0400][gc,heap     ] GC(116) Old regions: 97->97
[2024-06-27T11:04:33.797-0400][gc,heap     ] GC(116) Humongous regions: 129->129
[2024-06-27T11:04:33.797-0400][gc,metaspace] GC(116) Metaspace: 43179K(43904K)->43179K(43904K) NonClass: 38329K(38720K)->38329K(38720K) Class: 4850K(5184K)->4850K(5184K)
[2024-06-27T11:04:33.797-0400][gc          ] GC(116) Pause Young (Normal) (G1 Evacuation Pause) 350M->228M(1024M) 20,259ms
[2024-06-27T11:04:33.797-0400][gc,cpu      ] GC(116) User=0,02s Sys=0,02s Real=0,02s
[2024-06-27T11:25:19.183-0400][gc,start    ] GC(117) Pause Young (Normal) (G1 Evacuation Pause)
[2024-06-27T11:25:19.184-0400][gc,task     ] GC(117) Using 6 workers of 6 for evacuation
[2024-06-27T11:25:19.189-0400][gc,phases   ] GC(117)   Pre Evacuate Collection Set: 0,7ms
[2024-06-27T11:25:19.189-0400][gc,phases   ] GC(117)   Merge Heap Roots: 0,6ms
[2024-06-27T11:25:19.189-0400][gc,phases   ] GC(117)   Evacuate Collection Set: 3,4ms
[2024-06-27T11:25:19.189-0400][gc,phases   ] GC(117)   Post Evacuate Collection Set: 1,1ms
[2024-06-27T11:25:19.189-0400][gc,phases   ] GC(117)   Other: 0,1ms
[2024-06-27T11:25:19.190-0400][gc,heap     ] GC(117) Eden regions: 101->0(263)
[2024-06-27T11:25:19.190-0400][gc,heap     ] GC(117) Survivor regions: 3->3(13)
[2024-06-27T11:25:19.190-0400][gc,heap     ] GC(117) Old regions: 97->97
[2024-06-27T11:25:19.190-0400][gc,heap     ] GC(117) Humongous regions: 129->129
[2024-06-27T11:25:19.190-0400][gc,metaspace] GC(117) Metaspace: 43179K(43904K)->43179K(43904K) NonClass: 38329K(38720K)->38329K(38720K) Class: 4850K(5184K)->4850K(5184K)
[2024-06-27T11:25:19.190-0400][gc          ] GC(117) Pause Young (Normal) (G1 Evacuation Pause) 329M->228M(1024M) 6,075ms
[2024-06-27T11:25:19.190-0400][gc,cpu      ] GC(117) User=0,01s Sys=0,01s Real=0,01s
[2024-06-27T15:16:41.113-0400][gc,start    ] GC(118) Pause Young (Normal) (G1 Evacuation Pause)
[2024-06-27T15:16:41.113-0400][gc,task     ] GC(118) Using 6 workers of 6 for evacuation
[2024-06-27T15:16:41.168-0400][gc,mmu      ] GC(118) MMU target violated: 21,0ms (20,0ms/21,0ms)
[2024-06-27T15:16:41.168-0400][gc,phases   ] GC(118)   Pre Evacuate Collection Set: 5,2ms
[2024-06-27T15:16:41.168-0400][gc,phases   ] GC(118)   Merge Heap Roots: 3,6ms
[2024-06-27T15:16:41.168-0400][gc,phases   ] GC(118)   Evacuate Collection Set: 26,9ms
[2024-06-27T15:16:41.168-0400][gc,phases   ] GC(118)   Post Evacuate Collection Set: 18,9ms
[2024-06-27T15:16:41.168-0400][gc,phases   ] GC(118)   Other: 0,3ms
[2024-06-27T15:16:41.168-0400][gc,heap     ] GC(118) Eden regions: 263->0(47)
[2024-06-27T15:16:41.168-0400][gc,heap     ] GC(118) Survivor regions: 3->4(34)
[2024-06-27T15:16:41.168-0400][gc,heap     ] GC(118) Old regions: 97->97
[2024-06-27T15:16:41.168-0400][gc,heap     ] GC(118) Humongous regions: 129->129
[2024-06-27T15:16:41.168-0400][gc,metaspace] GC(118) Metaspace: 43189K(43904K)->43189K(43904K) NonClass: 38338K(38720K)->38338K(38720K) Class: 4850K(5184K)->4850K(5184K)
[2024-06-27T15:16:41.168-0400][gc          ] GC(118) Pause Young (Normal) (G1 Evacuation Pause) 491M->228M(1024M) 55,171ms
[2024-06-27T15:16:41.168-0400][gc,cpu      ] GC(118) User=0,07s Sys=0,00s Real=0,06s
[2024-06-27T15:25:40.639-0400][gc,start    ] GC(119) Pause Young (Normal) (G1 Evacuation Pause)
[2024-06-27T15:25:40.639-0400][gc,task     ] GC(119) Using 6 workers of 6 for evacuation
[2024-06-27T15:25:40.656-0400][gc,phases   ] GC(119)   Pre Evacuate Collection Set: 0,9ms
[2024-06-27T15:25:40.656-0400][gc,phases   ] GC(119)   Merge Heap Roots: 0,7ms
[2024-06-27T15:25:40.656-0400][gc,phases   ] GC(119)   Evacuate Collection Set: 13,4ms
[2024-06-27T15:25:40.656-0400][gc,phases   ] GC(119)   Post Evacuate Collection Set: 1,2ms
[2024-06-27T15:25:40.656-0400][gc,phases   ] GC(119)   Other: 0,3ms
[2024-06-27T15:25:40.656-0400][gc,heap     ] GC(119) Eden regions: 47->0(47)
[2024-06-27T15:25:40.656-0400][gc,heap     ] GC(119) Survivor regions: 4->4(7)
[2024-06-27T15:25:40.656-0400][gc,heap     ] GC(119) Old regions: 97->97
[2024-06-27T15:25:40.656-0400][gc,heap     ] GC(119) Humongous regions: 129->129
[2024-06-27T15:25:40.656-0400][gc,metaspace] GC(119) Metaspace: 43189K(43904K)->43189K(43904K) NonClass: 38338K(38720K)->38338K(38720K) Class: 4850K(5184K)->4850K(5184K)
[2024-06-27T15:25:40.656-0400][gc          ] GC(119) Pause Young (Normal) (G1 Evacuation Pause) 275M->228M(1024M) 16,787ms
[2024-06-27T15:25:40.656-0400][gc,cpu      ] GC(119) User=0,03s Sys=0,00s Real=0,02s
[2024-06-27T15:34:51.096-0400][gc,start    ] GC(120) Pause Young (Normal) (G1 Evacuation Pause)
[2024-06-27T15:34:51.096-0400][gc,task     ] GC(120) Using 6 workers of 6 for evacuation
[2024-06-27T15:34:51.130-0400][gc,mmu      ] GC(120) MMU target violated: 21,0ms (20,0ms/21,0ms)
[2024-06-27T15:34:51.130-0400][gc,phases   ] GC(120)   Pre Evacuate Collection Set: 4,2ms
[2024-06-27T15:34:51.130-0400][gc,phases   ] GC(120)   Merge Heap Roots: 0,3ms
[2024-06-27T15:34:51.130-0400][gc,phases   ] GC(120)   Evacuate Collection Set: 27,9ms
[2024-06-27T15:34:51.130-0400][gc,phases   ] GC(120)   Post Evacuate Collection Set: 1,4ms
[2024-06-27T15:34:51.130-0400][gc,phases   ] GC(120)   Other: 0,4ms
[2024-06-27T15:34:51.130-0400][gc,heap     ] GC(120) Eden regions: 47->0(47)
[2024-06-27T15:34:51.130-0400][gc,heap     ] GC(120) Survivor regions: 4->4(7)
[2024-06-27T15:34:51.130-0400][gc,heap     ] GC(120) Old regions: 97->97
[2024-06-27T15:34:51.130-0400][gc,heap     ] GC(120) Humongous regions: 129->129
[2024-06-27T15:34:51.130-0400][gc,metaspace] GC(120) Metaspace: 43189K(43904K)->43189K(43904K) NonClass: 38338K(38720K)->38338K(38720K) Class: 4850K(5184K)->4850K(5184K)
[2024-06-27T15:34:51.131-0400][gc          ] GC(120) Pause Young (Normal) (G1 Evacuation Pause) 275M->229M(1024M) 34,517ms
[2024-06-27T15:34:51.131-0400][gc,cpu      ] GC(120) User=0,04s Sys=0,00s Real=0,03s
[2024-06-27T15:43:19.937-0400][gc,start    ] GC(121) Pause Young (Normal) (G1 Evacuation Pause)
[2024-06-27T15:43:19.937-0400][gc,task     ] GC(121) Using 6 workers of 6 for evacuation
[2024-06-27T15:43:19.944-0400][gc,phases   ] GC(121)   Pre Evacuate Collection Set: 0,9ms
[2024-06-27T15:43:19.944-0400][gc,phases   ] GC(121)   Merge Heap Roots: 0,2ms
[2024-06-27T15:43:19.944-0400][gc,phases   ] GC(121)   Evacuate Collection Set: 3,5ms
[2024-06-27T15:43:19.944-0400][gc,phases   ] GC(121)   Post Evacuate Collection Set: 2,2ms
[2024-06-27T15:43:19.944-0400][gc,phases   ] GC(121)   Other: 0,2ms
[2024-06-27T15:43:19.944-0400][gc,heap     ] GC(121) Eden regions: 47->0(47)
[2024-06-27T15:43:19.944-0400][gc,heap     ] GC(121) Survivor regions: 4->4(7)
[2024-06-27T15:43:19.944-0400][gc,heap     ] GC(121) Old regions: 97->97
[2024-06-27T15:43:19.944-0400][gc,heap     ] GC(121) Humongous regions: 129->129
[2024-06-27T15:43:19.944-0400][gc,metaspace] GC(121) Metaspace: 43189K(43904K)->43189K(43904K) NonClass: 38338K(38720K)->38338K(38720K) Class: 4850K(5184K)->4850K(5184K)
[2024-06-27T15:43:19.944-0400][gc          ] GC(121) Pause Young (Normal) (G1 Evacuation Pause) 276M->229M(1024M) 7,176ms
[2024-06-27T15:43:19.944-0400][gc,cpu      ] GC(121) User=0,01s Sys=0,01s Real=0,00s
[2024-06-27T15:52:26.462-0400][gc,start    ] GC(122) Pause Young (Normal) (G1 Evacuation Pause)
[2024-06-27T15:52:26.462-0400][gc,task     ] GC(122) Using 6 workers of 6 for evacuation
[2024-06-27T15:52:26.474-0400][gc,phases   ] GC(122)   Pre Evacuate Collection Set: 0,7ms
[2024-06-27T15:52:26.474-0400][gc,phases   ] GC(122)   Merge Heap Roots: 0,6ms
[2024-06-27T15:52:26.474-0400][gc,phases   ] GC(122)   Evacuate Collection Set: 9,0ms
[2024-06-27T15:52:26.474-0400][gc,phases   ] GC(122)   Post Evacuate Collection Set: 1,1ms
[2024-06-27T15:52:26.474-0400][gc,phases   ] GC(122)   Other: 0,2ms
[2024-06-27T15:52:26.474-0400][gc,heap     ] GC(122) Eden regions: 47->0(131)
[2024-06-27T15:52:26.474-0400][gc,heap     ] GC(122) Survivor regions: 4->4(7)
[2024-06-27T15:52:26.474-0400][gc,heap     ] GC(122) Old regions: 97->97
[2024-06-27T15:52:26.474-0400][gc,heap     ] GC(122) Humongous regions: 129->129
[2024-06-27T15:52:26.474-0400][gc,metaspace] GC(122) Metaspace: 43189K(43904K)->43189K(43904K) NonClass: 38338K(38720K)->38338K(38720K) Class: 4850K(5184K)->4850K(5184K)
[2024-06-27T15:52:26.474-0400][gc          ] GC(122) Pause Young (Normal) (G1 Evacuation Pause) 276M->229M(1024M) 11,904ms
[2024-06-27T15:52:26.474-0400][gc,cpu      ] GC(122) User=0,02s Sys=0,02s Real=0,01s
[2024-06-27T16:16:46.397-0400][gc,start    ] GC(123) Pause Young (Normal) (G1 Evacuation Pause)
[2024-06-27T16:16:46.398-0400][gc,task     ] GC(123) Using 6 workers of 6 for evacuation
[2024-06-27T16:16:46.412-0400][gc,phases   ] GC(123)   Pre Evacuate Collection Set: 0,8ms
[2024-06-27T16:16:46.412-0400][gc,phases   ] GC(123)   Merge Heap Roots: 0,2ms
[2024-06-27T16:16:46.412-0400][gc,phases   ] GC(123)   Evacuate Collection Set: 11,4ms
[2024-06-27T16:16:46.412-0400][gc,phases   ] GC(123)   Post Evacuate Collection Set: 1,4ms
[2024-06-27T16:16:46.412-0400][gc,phases   ] GC(123)   Other: 0,2ms
[2024-06-27T16:16:46.412-0400][gc,heap     ] GC(123) Eden regions: 131->0(406)
[2024-06-27T16:16:46.412-0400][gc,heap     ] GC(123) Survivor regions: 4->4(17)
[2024-06-27T16:16:46.412-0400][gc,heap     ] GC(123) Old regions: 97->97
[2024-06-27T16:16:46.412-0400][gc,heap     ] GC(123) Humongous regions: 129->129
[2024-06-27T16:16:46.412-0400][gc,metaspace] GC(123) Metaspace: 43313K(43968K)->43313K(43968K) NonClass: 38438K(38784K)->38438K(38784K) Class: 4874K(5184K)->4874K(5184K)
[2024-06-27T16:16:46.412-0400][gc          ] GC(123) Pause Young (Normal) (G1 Evacuation Pause) 360M->229M(1024M) 14,934ms
[2024-06-27T16:16:46.412-0400][gc,cpu      ] GC(123) User=0,01s Sys=0,01s Real=0,01s
[2024-06-27T17:33:26.615-0400][gc,start    ] GC(124) Pause Young (Normal) (G1 Evacuation Pause)
[2024-06-27T17:33:26.615-0400][gc,task     ] GC(124) Using 6 workers of 6 for evacuation
[2024-06-27T17:33:26.731-0400][gc,mmu      ] GC(124) MMU target violated: 21,0ms (20,0ms/21,0ms)
[2024-06-27T17:33:26.731-0400][gc,phases   ] GC(124)   Pre Evacuate Collection Set: 1,7ms
[2024-06-27T17:33:26.731-0400][gc,phases   ] GC(124)   Merge Heap Roots: 0,8ms
[2024-06-27T17:33:26.731-0400][gc,phases   ] GC(124)   Evacuate Collection Set: 112,0ms
[2024-06-27T17:33:26.731-0400][gc,phases   ] GC(124)   Post Evacuate Collection Set: 1,8ms
[2024-06-27T17:33:26.731-0400][gc,phases   ] GC(124)   Other: 0,2ms
[2024-06-27T17:33:26.731-0400][gc,heap     ] GC(124) Eden regions: 403->0(48)
[2024-06-27T17:33:26.731-0400][gc,heap     ] GC(124) Survivor regions: 4->3(51)
[2024-06-27T17:33:26.731-0400][gc,heap     ] GC(124) Old regions: 97->97
[2024-06-27T17:33:26.731-0400][gc,heap     ] GC(124) Humongous regions: 129->129
[2024-06-27T17:33:26.731-0400][gc,metaspace] GC(124) Metaspace: 43314K(43968K)->43314K(43968K) NonClass: 38440K(38784K)->38440K(38784K) Class: 4874K(5184K)->4874K(5184K)
[2024-06-27T17:33:26.732-0400][gc          ] GC(124) Pause Young (Normal) (G1 Evacuation Pause) 632M->228M(1024M) 117,285ms
[2024-06-27T17:33:26.732-0400][gc,cpu      ] GC(124) User=0,03s Sys=0,14s Real=0,12s
[2024-06-27T17:42:19.936-0400][gc,start    ] GC(125) Pause Young (Normal) (G1 Evacuation Pause)
[2024-06-27T17:42:19.936-0400][gc,task     ] GC(125) Using 6 workers of 6 for evacuation
[2024-06-27T17:42:19.947-0400][gc,phases   ] GC(125)   Pre Evacuate Collection Set: 0,9ms
[2024-06-27T17:42:19.947-0400][gc,phases   ] GC(125)   Merge Heap Roots: 0,5ms
[2024-06-27T17:42:19.947-0400][gc,phases   ] GC(125)   Evacuate Collection Set: 8,0ms
[2024-06-27T17:42:19.947-0400][gc,phases   ] GC(125)   Post Evacuate Collection Set: 1,3ms
[2024-06-27T17:42:19.947-0400][gc,phases   ] GC(125)   Other: 0,1ms
[2024-06-27T17:42:19.947-0400][gc,heap     ] GC(125) Eden regions: 48->0(48)
[2024-06-27T17:42:19.947-0400][gc,heap     ] GC(125) Survivor regions: 3->3(7)
[2024-06-27T17:42:19.947-0400][gc,heap     ] GC(125) Old regions: 97->97
[2024-06-27T17:42:19.947-0400][gc,heap     ] GC(125) Humongous regions: 129->129
[2024-06-27T17:42:19.947-0400][gc,metaspace] GC(125) Metaspace: 43314K(43968K)->43314K(43968K) NonClass: 38440K(38784K)->38440K(38784K) Class: 4874K(5184K)->4874K(5184K)
[2024-06-27T17:42:19.947-0400][gc          ] GC(125) Pause Young (Normal) (G1 Evacuation Pause) 276M->228M(1024M) 11,035ms
[2024-06-27T17:42:19.947-0400][gc,cpu      ] GC(125) User=0,02s Sys=0,02s Real=0,01s
[2024-06-27T17:50:44.742-0400][gc,start    ] GC(126) Pause Young (Normal) (G1 Evacuation Pause)
[2024-06-27T17:50:44.742-0400][gc,task     ] GC(126) Using 6 workers of 6 for evacuation
[2024-06-27T17:50:44.752-0400][gc,phases   ] GC(126)   Pre Evacuate Collection Set: 0,6ms
[2024-06-27T17:50:44.752-0400][gc,phases   ] GC(126)   Merge Heap Roots: 0,6ms
[2024-06-27T17:50:44.752-0400][gc,phases   ] GC(126)   Evacuate Collection Set: 7,7ms
[2024-06-27T17:50:44.752-0400][gc,phases   ] GC(126)   Post Evacuate Collection Set: 1,3ms
[2024-06-27T17:50:44.752-0400][gc,phases   ] GC(126)   Other: 0,1ms
[2024-06-27T17:50:44.752-0400][gc,heap     ] GC(126) Eden regions: 48->0(48)
[2024-06-27T17:50:44.752-0400][gc,heap     ] GC(126) Survivor regions: 3->3(7)
[2024-06-27T17:50:44.752-0400][gc,heap     ] GC(126) Old regions: 97->97
[2024-06-27T17:50:44.752-0400][gc,heap     ] GC(126) Humongous regions: 129->129
[2024-06-27T17:50:44.752-0400][gc,metaspace] GC(126) Metaspace: 43315K(43968K)->43315K(43968K) NonClass: 38440K(38784K)->38440K(38784K) Class: 4874K(5184K)->4874K(5184K)
[2024-06-27T17:50:44.752-0400][gc          ] GC(126) Pause Young (Normal) (G1 Evacuation Pause) 276M->228M(1024M) 10,414ms
[2024-06-27T17:50:44.752-0400][gc,cpu      ] GC(126) User=0,03s Sys=0,00s Real=0,01s
[2024-06-27T17:59:49.915-0400][gc,start    ] GC(127) Pause Young (Normal) (G1 Evacuation Pause)
[2024-06-27T17:59:49.915-0400][gc,task     ] GC(127) Using 6 workers of 6 for evacuation
[2024-06-27T17:59:49.922-0400][gc,phases   ] GC(127)   Pre Evacuate Collection Set: 1,1ms
[2024-06-27T17:59:49.922-0400][gc,phases   ] GC(127)   Merge Heap Roots: 0,4ms
[2024-06-27T17:59:49.922-0400][gc,phases   ] GC(127)   Evacuate Collection Set: 3,3ms
[2024-06-27T17:59:49.922-0400][gc,phases   ] GC(127)   Post Evacuate Collection Set: 1,0ms
[2024-06-27T17:59:49.922-0400][gc,phases   ] GC(127)   Other: 0,3ms
[2024-06-27T17:59:49.922-0400][gc,heap     ] GC(127) Eden regions: 48->0(48)
[2024-06-27T17:59:49.922-0400][gc,heap     ] GC(127) Survivor regions: 3->3(7)
[2024-06-27T17:59:49.922-0400][gc,heap     ] GC(127) Old regions: 97->97
[2024-06-27T17:59:49.922-0400][gc,heap     ] GC(127) Humongous regions: 129->129
[2024-06-27T17:59:49.922-0400][gc,metaspace] GC(127) Metaspace: 43316K(43968K)->43316K(43968K) NonClass: 38441K(38784K)->38441K(38784K) Class: 4874K(5184K)->4874K(5184K)
[2024-06-27T17:59:49.922-0400][gc          ] GC(127) Pause Young (Normal) (G1 Evacuation Pause) 276M->228M(1024M) 6,437ms
[2024-06-27T17:59:49.922-0400][gc,cpu      ] GC(127) User=0,00s Sys=0,01s Real=0,01s
[2024-06-27T18:08:55.100-0400][gc,start    ] GC(128) Pause Young (Normal) (G1 Evacuation Pause)
[2024-06-27T18:08:55.100-0400][gc,task     ] GC(128) Using 6 workers of 6 for evacuation
[2024-06-27T18:08:55.116-0400][gc,phases   ] GC(128)   Pre Evacuate Collection Set: 0,8ms
[2024-06-27T18:08:55.116-0400][gc,phases   ] GC(128)   Merge Heap Roots: 2,9ms
[2024-06-27T18:08:55.116-0400][gc,phases   ] GC(128)   Evacuate Collection Set: 8,3ms
[2024-06-27T18:08:55.116-0400][gc,phases   ] GC(128)   Post Evacuate Collection Set: 4,1ms
[2024-06-27T18:08:55.116-0400][gc,phases   ] GC(128)   Other: 0,1ms
[2024-06-27T18:08:55.116-0400][gc,heap     ] GC(128) Eden regions: 48->0(47)
[2024-06-27T18:08:55.116-0400][gc,heap     ] GC(128) Survivor regions: 3->4(7)
[2024-06-27T18:08:55.116-0400][gc,heap     ] GC(128) Old regions: 97->97
[2024-06-27T18:08:55.116-0400][gc,heap     ] GC(128) Humongous regions: 129->129
[2024-06-27T18:08:55.116-0400][gc,metaspace] GC(128) Metaspace: 43316K(43968K)->43316K(43968K) NonClass: 38441K(38784K)->38441K(38784K) Class: 4874K(5184K)->4874K(5184K)
[2024-06-27T18:08:55.116-0400][gc          ] GC(128) Pause Young (Normal) (G1 Evacuation Pause) 276M->228M(1024M) 16,435ms
[2024-06-27T18:08:55.116-0400][gc,cpu      ] GC(128) User=0,03s Sys=0,01s Real=0,02s
[2024-06-27T18:17:47.802-0400][gc,start    ] GC(129) Pause Young (Normal) (G1 Evacuation Pause)
[2024-06-27T18:17:47.803-0400][gc,task     ] GC(129) Using 6 workers of 6 for evacuation
[2024-06-27T18:17:47.809-0400][gc,phases   ] GC(129)   Pre Evacuate Collection Set: 0,5ms
[2024-06-27T18:17:47.809-0400][gc,phases   ] GC(129)   Merge Heap Roots: 0,5ms
[2024-06-27T18:17:47.809-0400][gc,phases   ] GC(129)   Evacuate Collection Set: 3,8ms
[2024-06-27T18:17:47.809-0400][gc,phases   ] GC(129)   Post Evacuate Collection Set: 1,5ms
[2024-06-27T18:17:47.809-0400][gc,phases   ] GC(129)   Other: 0,1ms
[2024-06-27T18:17:47.809-0400][gc,heap     ] GC(129) Eden regions: 47->0(47)
[2024-06-27T18:17:47.809-0400][gc,heap     ] GC(129) Survivor regions: 4->4(7)
[2024-06-27T18:17:47.809-0400][gc,heap     ] GC(129) Old regions: 97->97
[2024-06-27T18:17:47.809-0400][gc,heap     ] GC(129) Humongous regions: 129->129
[2024-06-27T18:17:47.809-0400][gc,metaspace] GC(129) Metaspace: 43317K(43968K)->43317K(43968K) NonClass: 38442K(38784K)->38442K(38784K) Class: 4874K(5184K)->4874K(5184K)
[2024-06-27T18:17:47.809-0400][gc          ] GC(129) Pause Young (Normal) (G1 Evacuation Pause) 275M->228M(1024M) 6,640ms
[2024-06-27T18:17:47.809-0400][gc,cpu      ] GC(129) User=0,01s Sys=0,01s Real=0,01s
[2024-06-27T18:26:41.595-0400][gc,start    ] GC(130) Pause Young (Normal) (G1 Evacuation Pause)
[2024-06-27T18:26:41.595-0400][gc,task     ] GC(130) Using 6 workers of 6 for evacuation
[2024-06-27T18:26:41.609-0400][gc,phases   ] GC(130)   Pre Evacuate Collection Set: 0,7ms
[2024-06-27T18:26:41.609-0400][gc,phases   ] GC(130)   Merge Heap Roots: 1,6ms
[2024-06-27T18:26:41.609-0400][gc,phases   ] GC(130)   Evacuate Collection Set: 7,0ms
[2024-06-27T18:26:41.609-0400][gc,phases   ] GC(130)   Post Evacuate Collection Set: 4,3ms
[2024-06-27T18:26:41.609-0400][gc,phases   ] GC(130)   Other: 0,2ms
[2024-06-27T18:26:41.609-0400][gc,heap     ] GC(130) Eden regions: 47->0(47)
[2024-06-27T18:26:41.609-0400][gc,heap     ] GC(130) Survivor regions: 4->4(7)
[2024-06-27T18:26:41.609-0400][gc,heap     ] GC(130) Old regions: 97->97
[2024-06-27T18:26:41.609-0400][gc,heap     ] GC(130) Humongous regions: 129->129
[2024-06-27T18:26:41.609-0400][gc,metaspace] GC(130) Metaspace: 43317K(43968K)->43317K(43968K) NonClass: 38442K(38784K)->38442K(38784K) Class: 4874K(5184K)->4874K(5184K)
[2024-06-27T18:26:41.609-0400][gc          ] GC(130) Pause Young (Normal) (G1 Evacuation Pause) 275M->229M(1024M) 14,036ms
[2024-06-27T18:26:41.609-0400][gc,cpu      ] GC(130) User=0,02s Sys=0,02s Real=0,02s
[2024-06-27T18:35:35.809-0400][gc,start    ] GC(131) Pause Young (Normal) (G1 Evacuation Pause)
[2024-06-27T18:35:35.809-0400][gc,task     ] GC(131) Using 6 workers of 6 for evacuation
[2024-06-27T18:35:35.820-0400][gc,phases   ] GC(131)   Pre Evacuate Collection Set: 0,7ms
[2024-06-27T18:35:35.820-0400][gc,phases   ] GC(131)   Merge Heap Roots: 0,6ms
[2024-06-27T18:35:35.820-0400][gc,phases   ] GC(131)   Evacuate Collection Set: 6,8ms
[2024-06-27T18:35:35.820-0400][gc,phases   ] GC(131)   Post Evacuate Collection Set: 2,3ms
[2024-06-27T18:35:35.820-0400][gc,phases   ] GC(131)   Other: 0,1ms
[2024-06-27T18:35:35.820-0400][gc,heap     ] GC(131) Eden regions: 47->0(47)
[2024-06-27T18:35:35.820-0400][gc,heap     ] GC(131) Survivor regions: 4->4(7)
[2024-06-27T18:35:35.820-0400][gc,heap     ] GC(131) Old regions: 97->97
[2024-06-27T18:35:35.820-0400][gc,heap     ] GC(131) Humongous regions: 129->129
[2024-06-27T18:35:35.820-0400][gc,metaspace] GC(131) Metaspace: 43317K(43968K)->43317K(43968K) NonClass: 38442K(38784K)->38442K(38784K) Class: 4874K(5184K)->4874K(5184K)
[2024-06-27T18:35:35.820-0400][gc          ] GC(131) Pause Young (Normal) (G1 Evacuation Pause) 276M->229M(1024M) 10,640ms
[2024-06-27T18:35:35.820-0400][gc,cpu      ] GC(131) User=0,02s Sys=0,01s Real=0,01s
[2024-06-27T18:43:49.932-0400][gc,start    ] GC(132) Pause Young (Normal) (G1 Evacuation Pause)
[2024-06-27T18:43:49.932-0400][gc,task     ] GC(132) Using 6 workers of 6 for evacuation
[2024-06-27T18:43:49.938-0400][gc,phases   ] GC(132)   Pre Evacuate Collection Set: 0,5ms
[2024-06-27T18:43:49.938-0400][gc,phases   ] GC(132)   Merge Heap Roots: 0,3ms
[2024-06-27T18:43:49.938-0400][gc,phases   ] GC(132)   Evacuate Collection Set: 4,2ms
[2024-06-27T18:43:49.938-0400][gc,phases   ] GC(132)   Post Evacuate Collection Set: 0,9ms
[2024-06-27T18:43:49.938-0400][gc,phases   ] GC(132)   Other: 0,1ms
[2024-06-27T18:43:49.938-0400][gc,heap     ] GC(132) Eden regions: 47->0(47)
[2024-06-27T18:43:49.938-0400][gc,heap     ] GC(132) Survivor regions: 4->4(7)
[2024-06-27T18:43:49.938-0400][gc,heap     ] GC(132) Old regions: 97->97
[2024-06-27T18:43:49.938-0400][gc,heap     ] GC(132) Humongous regions: 129->129
[2024-06-27T18:43:49.938-0400][gc,metaspace] GC(132) Metaspace: 43317K(43968K)->43317K(43968K) NonClass: 38442K(38784K)->38442K(38784K) Class: 4874K(5184K)->4874K(5184K)
[2024-06-27T18:43:49.938-0400][gc          ] GC(132) Pause Young (Normal) (G1 Evacuation Pause) 276M->229M(1024M) 6,097ms
[2024-06-27T18:43:49.938-0400][gc,cpu      ] GC(132) User=0,01s Sys=0,01s Real=0,01s
[2024-06-27T18:52:41.248-0400][gc,start    ] GC(133) Pause Young (Normal) (G1 Evacuation Pause)
[2024-06-27T18:52:41.248-0400][gc,task     ] GC(133) Using 6 workers of 6 for evacuation
[2024-06-27T18:52:41.257-0400][gc,phases   ] GC(133)   Pre Evacuate Collection Set: 0,6ms
[2024-06-27T18:52:41.257-0400][gc,phases   ] GC(133)   Merge Heap Roots: 0,2ms
[2024-06-27T18:52:41.257-0400][gc,phases   ] GC(133)   Evacuate Collection Set: 6,3ms
[2024-06-27T18:52:41.257-0400][gc,phases   ] GC(133)   Post Evacuate Collection Set: 1,6ms
[2024-06-27T18:52:41.257-0400][gc,phases   ] GC(133)   Other: 0,1ms
[2024-06-27T18:52:41.257-0400][gc,heap     ] GC(133) Eden regions: 47->0(110)
[2024-06-27T18:52:41.257-0400][gc,heap     ] GC(133) Survivor regions: 4->4(7)
[2024-06-27T18:52:41.257-0400][gc,heap     ] GC(133) Old regions: 97->97
[2024-06-27T18:52:41.257-0400][gc,heap     ] GC(133) Humongous regions: 129->129
[2024-06-27T18:52:41.257-0400][gc,metaspace] GC(133) Metaspace: 43317K(43968K)->43317K(43968K) NonClass: 38442K(38784K)->38442K(38784K) Class: 4874K(5184K)->4874K(5184K)
[2024-06-27T18:52:41.257-0400][gc          ] GC(133) Pause Young (Normal) (G1 Evacuation Pause) 276M->229M(1024M) 9,125ms
[2024-06-27T18:52:41.257-0400][gc,cpu      ] GC(133) User=0,03s Sys=0,00s Real=0,01s
[2024-06-27T19:13:34.849-0400][gc,start    ] GC(134) Pause Young (Normal) (G1 Evacuation Pause)
[2024-06-27T19:13:34.849-0400][gc,task     ] GC(134) Using 6 workers of 6 for evacuation
[2024-06-27T19:13:34.869-0400][gc,mmu      ] GC(134) MMU target violated: 20,1ms (20,0ms/21,0ms)
[2024-06-27T19:13:34.869-0400][gc,phases   ] GC(134)   Pre Evacuate Collection Set: 6,1ms
[2024-06-27T19:13:34.869-0400][gc,phases   ] GC(134)   Merge Heap Roots: 0,3ms
[2024-06-27T19:13:34.869-0400][gc,phases   ] GC(134)   Evacuate Collection Set: 12,2ms
[2024-06-27T19:13:34.869-0400][gc,phases   ] GC(134)   Post Evacuate Collection Set: 1,4ms
[2024-06-27T19:13:34.869-0400][gc,phases   ] GC(134)   Other: 0,2ms
[2024-06-27T19:13:34.869-0400][gc,heap     ] GC(134) Eden regions: 110->0(149)
[2024-06-27T19:13:34.869-0400][gc,heap     ] GC(134) Survivor regions: 4->4(15)
[2024-06-27T19:13:34.869-0400][gc,heap     ] GC(134) Old regions: 97->97
[2024-06-27T19:13:34.869-0400][gc,heap     ] GC(134) Humongous regions: 129->129
[2024-06-27T19:13:34.869-0400][gc,metaspace] GC(134) Metaspace: 43321K(43968K)->43321K(43968K) NonClass: 38446K(38784K)->38446K(38784K) Class: 4874K(5184K)->4874K(5184K)
[2024-06-27T19:13:34.869-0400][gc          ] GC(134) Pause Young (Normal) (G1 Evacuation Pause) 339M->229M(1024M) 20,334ms
[2024-06-27T19:13:34.869-0400][gc,cpu      ] GC(134) User=0,03s Sys=0,01s Real=0,02s
[2024-06-27T19:42:04.936-0400][gc,start    ] GC(135) Pause Young (Normal) (G1 Evacuation Pause)
[2024-06-27T19:42:04.936-0400][gc,task     ] GC(135) Using 6 workers of 6 for evacuation
[2024-06-27T19:42:04.951-0400][gc,phases   ] GC(135)   Pre Evacuate Collection Set: 0,7ms
[2024-06-27T19:42:04.951-0400][gc,phases   ] GC(135)   Merge Heap Roots: 0,3ms
[2024-06-27T19:42:04.951-0400][gc,phases   ] GC(135)   Evacuate Collection Set: 12,4ms
[2024-06-27T19:42:04.951-0400][gc,phases   ] GC(135)   Post Evacuate Collection Set: 1,4ms
[2024-06-27T19:42:04.951-0400][gc,phases   ] GC(135)   Other: 0,1ms
[2024-06-27T19:42:04.951-0400][gc,heap     ] GC(135) Eden regions: 149->0(240)
[2024-06-27T19:42:04.951-0400][gc,heap     ] GC(135) Survivor regions: 4->4(20)
[2024-06-27T19:42:04.951-0400][gc,heap     ] GC(135) Old regions: 97->97
[2024-06-27T19:42:04.951-0400][gc,heap     ] GC(135) Humongous regions: 129->129
[2024-06-27T19:42:04.951-0400][gc,metaspace] GC(135) Metaspace: 43321K(43968K)->43321K(43968K) NonClass: 38446K(38784K)->38446K(38784K) Class: 4874K(5184K)->4874K(5184K)
[2024-06-27T19:42:04.951-0400][gc          ] GC(135) Pause Young (Normal) (G1 Evacuation Pause) 378M->229M(1024M) 15,675ms
[2024-06-27T19:42:04.951-0400][gc,cpu      ] GC(135) User=0,03s Sys=0,02s Real=0,01s
[2024-06-27T20:27:27.340-0400][gc,start    ] GC(136) Pause Young (Normal) (G1 Evacuation Pause)
[2024-06-27T20:27:27.341-0400][gc,task     ] GC(136) Using 6 workers of 6 for evacuation
[2024-06-27T20:27:27.353-0400][gc,phases   ] GC(136)   Pre Evacuate Collection Set: 0,9ms
[2024-06-27T20:27:27.353-0400][gc,phases   ] GC(136)   Merge Heap Roots: 0,3ms
[2024-06-27T20:27:27.353-0400][gc,phases   ] GC(136)   Evacuate Collection Set: 9,1ms
[2024-06-27T20:27:27.353-0400][gc,phases   ] GC(136)   Post Evacuate Collection Set: 1,4ms
[2024-06-27T20:27:27.353-0400][gc,phases   ] GC(136)   Other: 0,1ms
[2024-06-27T20:27:27.353-0400][gc,heap     ] GC(136) Eden regions: 240->0(397)
[2024-06-27T20:27:27.353-0400][gc,heap     ] GC(136) Survivor regions: 4->4(31)
[2024-06-27T20:27:27.353-0400][gc,heap     ] GC(136) Old regions: 97->97
[2024-06-27T20:27:27.353-0400][gc,heap     ] GC(136) Humongous regions: 129->129
[2024-06-27T20:27:27.353-0400][gc,metaspace] GC(136) Metaspace: 43322K(43968K)->43322K(43968K) NonClass: 38447K(38784K)->38447K(38784K) Class: 4874K(5184K)->4874K(5184K)
[2024-06-27T20:27:27.353-0400][gc          ] GC(136) Pause Young (Normal) (G1 Evacuation Pause) 469M->228M(1024M) 12,946ms
[2024-06-27T20:27:27.353-0400][gc,cpu      ] GC(136) User=0,04s Sys=0,00s Real=0,01s
[2024-06-27T21:42:45.155-0400][gc,start    ] GC(137) Pause Young (Normal) (G1 Evacuation Pause)
[2024-06-27T21:42:45.160-0400][gc,task     ] GC(137) Using 6 workers of 6 for evacuation
[2024-06-27T21:42:45.340-0400][gc,mmu      ] GC(137) MMU target violated: 21,0ms (20,0ms/21,0ms)
[2024-06-27T21:42:45.340-0400][gc,phases   ] GC(137)   Pre Evacuate Collection Set: 8,0ms
[2024-06-27T21:42:45.340-0400][gc,phases   ] GC(137)   Merge Heap Roots: 1,2ms
[2024-06-27T21:42:45.340-0400][gc,phases   ] GC(137)   Evacuate Collection Set: 162,5ms
[2024-06-27T21:42:45.340-0400][gc,phases   ] GC(137)   Post Evacuate Collection Set: 7,8ms
[2024-06-27T21:42:45.340-0400][gc,phases   ] GC(137)   Other: 0,4ms
[2024-06-27T21:42:45.340-0400][gc,heap     ] GC(137) Eden regions: 397->0(48)
[2024-06-27T21:42:45.340-0400][gc,heap     ] GC(137) Survivor regions: 4->3(51)
[2024-06-27T21:42:45.340-0400][gc,heap     ] GC(137) Old regions: 97->97
[2024-06-27T21:42:45.340-0400][gc,heap     ] GC(137) Humongous regions: 129->129
[2024-06-27T21:42:45.340-0400][gc,metaspace] GC(137) Metaspace: 43334K(44032K)->43334K(44032K) NonClass: 38460K(38848K)->38460K(38848K) Class: 4874K(5184K)->4874K(5184K)
[2024-06-27T21:42:45.340-0400][gc          ] GC(137) Pause Young (Normal) (G1 Evacuation Pause) 625M->228M(1024M) 184,667ms
[2024-06-27T21:42:45.340-0400][gc,cpu      ] GC(137) User=0,10s Sys=0,09s Real=0,19s
[2024-06-27T21:51:30.571-0400][gc,start    ] GC(138) Pause Young (Normal) (G1 Evacuation Pause)
[2024-06-27T21:51:30.574-0400][gc,task     ] GC(138) Using 6 workers of 6 for evacuation
[2024-06-27T21:51:30.587-0400][gc,phases   ] GC(138)   Pre Evacuate Collection Set: 0,6ms
[2024-06-27T21:51:30.587-0400][gc,phases   ] GC(138)   Merge Heap Roots: 0,2ms
[2024-06-27T21:51:30.587-0400][gc,phases   ] GC(138)   Evacuate Collection Set: 5,3ms
[2024-06-27T21:51:30.587-0400][gc,phases   ] GC(138)   Post Evacuate Collection Set: 1,5ms
[2024-06-27T21:51:30.587-0400][gc,phases   ] GC(138)   Other: 5,8ms
[2024-06-27T21:51:30.587-0400][gc,heap     ] GC(138) Eden regions: 48->0(47)
[2024-06-27T21:51:30.587-0400][gc,heap     ] GC(138) Survivor regions: 3->4(7)
[2024-06-27T21:51:30.587-0400][gc,heap     ] GC(138) Old regions: 97->97
[2024-06-27T21:51:30.587-0400][gc,heap     ] GC(138) Humongous regions: 129->129
[2024-06-27T21:51:30.587-0400][gc,metaspace] GC(138) Metaspace: 43337K(44032K)->43337K(44032K) NonClass: 38463K(38848K)->38463K(38848K) Class: 4874K(5184K)->4874K(5184K)
[2024-06-27T21:51:30.587-0400][gc          ] GC(138) Pause Young (Normal) (G1 Evacuation Pause) 276M->229M(1024M) 16,295ms
[2024-06-27T21:51:30.587-0400][gc,cpu      ] GC(138) User=0,03s Sys=0,01s Real=0,02s
[2024-06-27T22:00:26.072-0400][gc,start    ] GC(139) Pause Young (Normal) (G1 Evacuation Pause)
[2024-06-27T22:00:26.072-0400][gc,task     ] GC(139) Using 6 workers of 6 for evacuation
[2024-06-27T22:00:26.086-0400][gc,phases   ] GC(139)   Pre Evacuate Collection Set: 0,9ms
[2024-06-27T22:00:26.086-0400][gc,phases   ] GC(139)   Merge Heap Roots: 0,2ms
[2024-06-27T22:00:26.086-0400][gc,phases   ] GC(139)   Evacuate Collection Set: 9,9ms
[2024-06-27T22:00:26.086-0400][gc,phases   ] GC(139)   Post Evacuate Collection Set: 1,9ms
[2024-06-27T22:00:26.086-0400][gc,phases   ] GC(139)   Other: 0,6ms
[2024-06-27T22:00:26.086-0400][gc,heap     ] GC(139) Eden regions: 47->0(47)
[2024-06-27T22:00:26.086-0400][gc,heap     ] GC(139) Survivor regions: 4->4(7)
[2024-06-27T22:00:26.086-0400][gc,heap     ] GC(139) Old regions: 97->97
[2024-06-27T22:00:26.086-0400][gc,heap     ] GC(139) Humongous regions: 129->129
[2024-06-27T22:00:26.086-0400][gc,metaspace] GC(139) Metaspace: 43337K(44032K)->43337K(44032K) NonClass: 38463K(38848K)->38463K(38848K) Class: 4874K(5184K)->4874K(5184K)
[2024-06-27T22:00:26.086-0400][gc          ] GC(139) Pause Young (Normal) (G1 Evacuation Pause) 276M->228M(1024M) 14,255ms
[2024-06-27T22:00:26.086-0400][gc,cpu      ] GC(139) User=0,00s Sys=0,02s Real=0,02s
[2024-06-27T22:09:22.186-0400][gc,start    ] GC(140) Pause Young (Normal) (G1 Evacuation Pause)
[2024-06-27T22:09:22.189-0400][gc,task     ] GC(140) Using 6 workers of 6 for evacuation
[2024-06-27T22:09:22.222-0400][gc,mmu      ] GC(140) MMU target violated: 21,0ms (20,0ms/21,0ms)
[2024-06-27T22:09:22.223-0400][gc,phases   ] GC(140)   Pre Evacuate Collection Set: 3,5ms
[2024-06-27T22:09:22.223-0400][gc,phases   ] GC(140)   Merge Heap Roots: 0,5ms
[2024-06-27T22:09:22.223-0400][gc,phases   ] GC(140)   Evacuate Collection Set: 22,3ms
[2024-06-27T22:09:22.223-0400][gc,phases   ] GC(140)   Post Evacuate Collection Set: 7,1ms
[2024-06-27T22:09:22.223-0400][gc,phases   ] GC(140)   Other: 0,6ms
[2024-06-27T22:09:22.223-0400][gc,heap     ] GC(140) Eden regions: 47->0(47)
[2024-06-27T22:09:22.223-0400][gc,heap     ] GC(140) Survivor regions: 4->4(7)
[2024-06-27T22:09:22.223-0400][gc,heap     ] GC(140) Old regions: 97->97
[2024-06-27T22:09:22.223-0400][gc,heap     ] GC(140) Humongous regions: 129->129
[2024-06-27T22:09:22.223-0400][gc,metaspace] GC(140) Metaspace: 43337K(44032K)->43337K(44032K) NonClass: 38463K(38848K)->38463K(38848K) Class: 4874K(5184K)->4874K(5184K)
[2024-06-27T22:09:22.223-0400][gc          ] GC(140) Pause Young (Normal) (G1 Evacuation Pause) 275M->229M(1024M) 36,949ms
[2024-06-27T22:09:22.223-0400][gc,cpu      ] GC(140) User=0,06s Sys=0,00s Real=0,03s
[2024-06-27T22:18:19.044-0400][gc,start    ] GC(141) Pause Young (Normal) (G1 Evacuation Pause)
[2024-06-27T22:18:19.046-0400][gc,task     ] GC(141) Using 6 workers of 6 for evacuation
[2024-06-27T22:18:19.069-0400][gc,mmu      ] GC(141) MMU target violated: 21,0ms (20,0ms/21,0ms)
[2024-06-27T22:18:19.070-0400][gc,phases   ] GC(141)   Pre Evacuate Collection Set: 0,7ms
[2024-06-27T22:18:19.070-0400][gc,phases   ] GC(141)   Merge Heap Roots: 9,0ms
[2024-06-27T22:18:19.070-0400][gc,phases   ] GC(141)   Evacuate Collection Set: 12,8ms
[2024-06-27T22:18:19.070-0400][gc,phases   ] GC(141)   Post Evacuate Collection Set: 1,1ms
[2024-06-27T22:18:19.070-0400][gc,phases   ] GC(141)   Other: 0,1ms
[2024-06-27T22:18:19.070-0400][gc,heap     ] GC(141) Eden regions: 47->0(47)
[2024-06-27T22:18:19.070-0400][gc,heap     ] GC(141) Survivor regions: 4->4(7)
[2024-06-27T22:18:19.070-0400][gc,heap     ] GC(141) Old regions: 97->97
[2024-06-27T22:18:19.070-0400][gc,heap     ] GC(141) Humongous regions: 129->129
[2024-06-27T22:18:19.070-0400][gc,metaspace] GC(141) Metaspace: 43337K(44032K)->43337K(44032K) NonClass: 38463K(38848K)->38463K(38848K) Class: 4874K(5184K)->4874K(5184K)
[2024-06-27T22:18:19.070-0400][gc          ] GC(141) Pause Young (Normal) (G1 Evacuation Pause) 276M->229M(1024M) 25,522ms
[2024-06-27T22:18:19.070-0400][gc,cpu      ] GC(141) User=0,04s Sys=0,00s Real=0,03s
[2024-06-27T22:25:01.270-0400][gc,start    ] GC(142) Pause Young (Normal) (G1 Evacuation Pause)
[2024-06-27T22:25:01.278-0400][gc,task     ] GC(142) Using 6 workers of 6 for evacuation
[2024-06-27T22:25:01.309-0400][gc,mmu      ] GC(142) MMU target violated: 21,0ms (20,0ms/21,0ms)
[2024-06-27T22:25:01.309-0400][gc,phases   ] GC(142)   Pre Evacuate Collection Set: 3,0ms
[2024-06-27T22:25:01.309-0400][gc,phases   ] GC(142)   Merge Heap Roots: 0,2ms
[2024-06-27T22:25:01.309-0400][gc,phases   ] GC(142)   Evacuate Collection Set: 25,8ms
[2024-06-27T22:25:01.309-0400][gc,phases   ] GC(142)   Post Evacuate Collection Set: 1,5ms
[2024-06-27T22:25:01.309-0400][gc,phases   ] GC(142)   Other: 0,3ms
[2024-06-27T22:25:01.309-0400][gc,heap     ] GC(142) Eden regions: 47->0(47)
[2024-06-27T22:25:01.309-0400][gc,heap     ] GC(142) Survivor regions: 4->4(7)
[2024-06-27T22:25:01.309-0400][gc,heap     ] GC(142) Old regions: 97->97
[2024-06-27T22:25:01.309-0400][gc,heap     ] GC(142) Humongous regions: 129->129
[2024-06-27T22:25:01.309-0400][gc,metaspace] GC(142) Metaspace: 45268K(46080K)->45268K(46080K) NonClass: 39992K(40448K)->39992K(40448K) Class: 5275K(5632K)->5275K(5632K)
[2024-06-27T22:25:01.310-0400][gc          ] GC(142) Pause Young (Normal) (G1 Evacuation Pause) 276M->229M(1024M) 39,582ms
[2024-06-27T22:25:01.310-0400][gc,cpu      ] GC(142) User=0,06s Sys=0,00s Real=0,04s
[2024-06-28T09:50:35.542-0400][gc,start    ] GC(143) Pause Young (Normal) (G1 Evacuation Pause)
[2024-06-28T09:50:35.547-0400][gc,task     ] GC(143) Using 6 workers of 6 for evacuation
[2024-06-28T09:50:35.594-0400][gc,mmu      ] GC(143) MMU target violated: 21,0ms (20,0ms/21,0ms)
[2024-06-28T09:50:35.594-0400][gc,phases   ] GC(143)   Pre Evacuate Collection Set: 12,6ms
[2024-06-28T09:50:35.594-0400][gc,phases   ] GC(143)   Merge Heap Roots: 1,3ms
[2024-06-28T09:50:35.594-0400][gc,phases   ] GC(143)   Evacuate Collection Set: 29,7ms
[2024-06-28T09:50:35.594-0400][gc,phases   ] GC(143)   Post Evacuate Collection Set: 2,9ms
[2024-06-28T09:50:35.594-0400][gc,phases   ] GC(143)   Other: 0,4ms
[2024-06-28T09:50:35.594-0400][gc,heap     ] GC(143) Eden regions: 47->0(46)
[2024-06-28T09:50:35.594-0400][gc,heap     ] GC(143) Survivor regions: 4->5(7)
[2024-06-28T09:50:35.594-0400][gc,heap     ] GC(143) Old regions: 97->97
[2024-06-28T09:50:35.594-0400][gc,heap     ] GC(143) Humongous regions: 129->129
[2024-06-28T09:50:35.594-0400][gc,metaspace] GC(143) Metaspace: 45279K(46080K)->45279K(46080K) NonClass: 40004K(40448K)->40004K(40448K) Class: 5275K(5632K)->5275K(5632K)
[2024-06-28T09:50:35.594-0400][gc          ] GC(143) Pause Young (Normal) (G1 Evacuation Pause) 276M->230M(1024M) 52,214ms
[2024-06-28T09:50:35.594-0400][gc,cpu      ] GC(143) User=0,08s Sys=0,00s Real=0,05s
[2024-06-28T09:57:56.542-0400][gc,start    ] GC(144) Pause Young (Normal) (G1 Evacuation Pause)
[2024-06-28T09:57:56.543-0400][gc,task     ] GC(144) Using 6 workers of 6 for evacuation
[2024-06-28T09:57:56.564-0400][gc,mmu      ] GC(144) MMU target violated: 21,0ms (20,0ms/21,0ms)
[2024-06-28T09:57:56.564-0400][gc,phases   ] GC(144)   Pre Evacuate Collection Set: 0,6ms
[2024-06-28T09:57:56.564-0400][gc,phases   ] GC(144)   Merge Heap Roots: 1,4ms
[2024-06-28T09:57:56.564-0400][gc,phases   ] GC(144)   Evacuate Collection Set: 6,1ms
[2024-06-28T09:57:56.564-0400][gc,phases   ] GC(144)   Post Evacuate Collection Set: 13,5ms
[2024-06-28T09:57:56.564-0400][gc,phases   ] GC(144)   Other: 0,1ms
[2024-06-28T09:57:56.564-0400][gc,heap     ] GC(144) Eden regions: 46->0(48)
[2024-06-28T09:57:56.564-0400][gc,heap     ] GC(144) Survivor regions: 5->3(7)
[2024-06-28T09:57:56.564-0400][gc,heap     ] GC(144) Old regions: 97->98
[2024-06-28T09:57:56.564-0400][gc,heap     ] GC(144) Humongous regions: 129->129
[2024-06-28T09:57:56.564-0400][gc,metaspace] GC(144) Metaspace: 45288K(46080K)->45288K(46080K) NonClass: 40013K(40448K)->40013K(40448K) Class: 5275K(5632K)->5275K(5632K)
[2024-06-28T09:57:56.565-0400][gc          ] GC(144) Pause Young (Normal) (G1 Evacuation Pause) 276M->229M(1024M) 22,661ms
[2024-06-28T09:57:56.565-0400][gc,cpu      ] GC(144) User=0,02s Sys=0,03s Real=0,03s
[2024-06-28T10:05:09.852-0400][gc,start    ] GC(145) Pause Young (Normal) (G1 Evacuation Pause)
[2024-06-28T10:05:09.852-0400][gc,task     ] GC(145) Using 6 workers of 6 for evacuation
[2024-06-28T10:05:09.860-0400][gc,phases   ] GC(145)   Pre Evacuate Collection Set: 0,6ms
[2024-06-28T10:05:09.860-0400][gc,phases   ] GC(145)   Merge Heap Roots: 0,3ms
[2024-06-28T10:05:09.860-0400][gc,phases   ] GC(145)   Evacuate Collection Set: 5,1ms
[2024-06-28T10:05:09.860-0400][gc,phases   ] GC(145)   Post Evacuate Collection Set: 1,4ms
[2024-06-28T10:05:09.860-0400][gc,phases   ] GC(145)   Other: 0,1ms
[2024-06-28T10:05:09.860-0400][gc,heap     ] GC(145) Eden regions: 48->0(48)
[2024-06-28T10:05:09.860-0400][gc,heap     ] GC(145) Survivor regions: 3->3(7)
[2024-06-28T10:05:09.860-0400][gc,heap     ] GC(145) Old regions: 98->98
[2024-06-28T10:05:09.860-0400][gc,heap     ] GC(145) Humongous regions: 129->129
[2024-06-28T10:05:09.860-0400][gc,metaspace] GC(145) Metaspace: 45292K(46080K)->45292K(46080K) NonClass: 40016K(40448K)->40016K(40448K) Class: 5275K(5632K)->5275K(5632K)
[2024-06-28T10:05:09.860-0400][gc          ] GC(145) Pause Young (Normal) (G1 Evacuation Pause) 277M->229M(1024M) 7,733ms
[2024-06-28T10:05:09.860-0400][gc,cpu      ] GC(145) User=0,02s Sys=0,00s Real=0,01s
[2024-06-28T10:13:01.344-0400][gc,start    ] GC(146) Pause Young (Normal) (G1 Evacuation Pause)
[2024-06-28T10:13:01.344-0400][gc,task     ] GC(146) Using 6 workers of 6 for evacuation
[2024-06-28T10:13:01.361-0400][gc,phases   ] GC(146)   Pre Evacuate Collection Set: 0,6ms
[2024-06-28T10:13:01.361-0400][gc,phases   ] GC(146)   Merge Heap Roots: 0,2ms
[2024-06-28T10:13:01.361-0400][gc,phases   ] GC(146)   Evacuate Collection Set: 12,5ms
[2024-06-28T10:13:01.361-0400][gc,phases   ] GC(146)   Post Evacuate Collection Set: 3,5ms
[2024-06-28T10:13:01.361-0400][gc,phases   ] GC(146)   Other: 0,1ms
[2024-06-28T10:13:01.361-0400][gc,heap     ] GC(146) Eden regions: 48->0(46)
[2024-06-28T10:13:01.361-0400][gc,heap     ] GC(146) Survivor regions: 3->5(7)
[2024-06-28T10:13:01.361-0400][gc,heap     ] GC(146) Old regions: 98->98
[2024-06-28T10:13:01.361-0400][gc,heap     ] GC(146) Humongous regions: 129->129
[2024-06-28T10:13:01.361-0400][gc,metaspace] GC(146) Metaspace: 45304K(46080K)->45304K(46080K) NonClass: 40028K(40448K)->40028K(40448K) Class: 5275K(5632K)->5275K(5632K)
[2024-06-28T10:13:01.361-0400][gc          ] GC(146) Pause Young (Normal) (G1 Evacuation Pause) 277M->231M(1024M) 17,184ms
[2024-06-28T10:13:01.361-0400][gc,cpu      ] GC(146) User=0,03s Sys=0,00s Real=0,02s
[2024-06-28T10:20:36.398-0400][gc,start    ] GC(147) Pause Young (Normal) (G1 Evacuation Pause)
[2024-06-28T10:20:36.398-0400][gc,task     ] GC(147) Using 6 workers of 6 for evacuation
[2024-06-28T10:20:36.414-0400][gc,phases   ] GC(147)   Pre Evacuate Collection Set: 1,2ms
[2024-06-28T10:20:36.414-0400][gc,phases   ] GC(147)   Merge Heap Roots: 0,2ms
[2024-06-28T10:20:36.414-0400][gc,phases   ] GC(147)   Evacuate Collection Set: 11,2ms
[2024-06-28T10:20:36.414-0400][gc,phases   ] GC(147)   Post Evacuate Collection Set: 2,7ms
[2024-06-28T10:20:36.414-0400][gc,phases   ] GC(147)   Other: 0,1ms
[2024-06-28T10:20:36.414-0400][gc,heap     ] GC(147) Eden regions: 46->0(66)
[2024-06-28T10:20:36.414-0400][gc,heap     ] GC(147) Survivor regions: 5->3(7)
[2024-06-28T10:20:36.414-0400][gc,heap     ] GC(147) Old regions: 98->99
[2024-06-28T10:20:36.414-0400][gc,heap     ] GC(147) Humongous regions: 129->129
[2024-06-28T10:20:36.414-0400][gc,metaspace] GC(147) Metaspace: 45312K(46144K)->45312K(46144K) NonClass: 40036K(40512K)->40036K(40512K) Class: 5275K(5632K)->5275K(5632K)
[2024-06-28T10:20:36.414-0400][gc          ] GC(147) Pause Young (Normal) (G1 Evacuation Pause) 277M->230M(1024M) 15,764ms
[2024-06-28T10:20:36.414-0400][gc,cpu      ] GC(147) User=0,01s Sys=0,01s Real=0,01s
[2024-06-28T10:32:36.802-0400][gc,start    ] GC(148) Pause Young (Normal) (G1 Evacuation Pause)
[2024-06-28T10:32:36.805-0400][gc,task     ] GC(148) Using 6 workers of 6 for evacuation
[2024-06-28T10:32:36.851-0400][gc,mmu      ] GC(148) MMU target violated: 21,0ms (20,0ms/21,0ms)
[2024-06-28T10:32:36.851-0400][gc,phases   ] GC(148)   Pre Evacuate Collection Set: 1,2ms
[2024-06-28T10:32:36.851-0400][gc,phases   ] GC(148)   Merge Heap Roots: 0,2ms
[2024-06-28T10:32:36.851-0400][gc,phases   ] GC(148)   Evacuate Collection Set: 38,9ms
[2024-06-28T10:32:36.851-0400][gc,phases   ] GC(148)   Post Evacuate Collection Set: 5,8ms
[2024-06-28T10:32:36.851-0400][gc,phases   ] GC(148)   Other: 0,2ms
[2024-06-28T10:32:36.851-0400][gc,heap     ] GC(148) Eden regions: 73->0(47)
[2024-06-28T10:32:36.851-0400][gc,heap     ] GC(148) Survivor regions: 3->4(10)
[2024-06-28T10:32:36.851-0400][gc,heap     ] GC(148) Old regions: 99->99
[2024-06-28T10:32:36.851-0400][gc,heap     ] GC(148) Humongous regions: 129->129
[2024-06-28T10:32:36.851-0400][gc,metaspace] GC(148) Metaspace: 45323K(46144K)->45323K(46144K) NonClass: 40048K(40512K)->40048K(40512K) Class: 5275K(5632K)->5275K(5632K)
[2024-06-28T10:32:36.851-0400][gc          ] GC(148) Pause Young (Normal) (G1 Evacuation Pause) 303M->231M(1024M) 49,063ms
[2024-06-28T10:32:36.851-0400][gc,cpu      ] GC(148) User=0,10s Sys=0,04s Real=0,05s
[2024-06-28T10:40:20.217-0400][gc,start    ] GC(149) Pause Young (Normal) (G1 Evacuation Pause)
[2024-06-28T10:40:20.217-0400][gc,task     ] GC(149) Using 6 workers of 6 for evacuation
[2024-06-28T10:40:20.235-0400][gc,phases   ] GC(149)   Pre Evacuate Collection Set: 2,8ms
[2024-06-28T10:40:20.235-0400][gc,phases   ] GC(149)   Merge Heap Roots: 0,2ms
[2024-06-28T10:40:20.235-0400][gc,phases   ] GC(149)   Evacuate Collection Set: 10,3ms
[2024-06-28T10:40:20.235-0400][gc,phases   ] GC(149)   Post Evacuate Collection Set: 3,9ms
[2024-06-28T10:40:20.235-0400][gc,phases   ] GC(149)   Other: 0,6ms
[2024-06-28T10:40:20.235-0400][gc,heap     ] GC(149) Eden regions: 47->0(47)
[2024-06-28T10:40:20.235-0400][gc,heap     ] GC(149) Survivor regions: 4->4(7)
[2024-06-28T10:40:20.235-0400][gc,heap     ] GC(149) Old regions: 99->99
[2024-06-28T10:40:20.235-0400][gc,heap     ] GC(149) Humongous regions: 129->129
[2024-06-28T10:40:20.235-0400][gc,metaspace] GC(149) Metaspace: 45325K(46144K)->45325K(46144K) NonClass: 40050K(40512K)->40050K(40512K) Class: 5275K(5632K)->5275K(5632K)
[2024-06-28T10:40:20.235-0400][gc          ] GC(149) Pause Young (Normal) (G1 Evacuation Pause) 278M->231M(1024M) 18,076ms
[2024-06-28T10:40:20.235-0400][gc,cpu      ] GC(149) User=0,01s Sys=0,02s Real=0,01s
[2024-06-28T10:48:00.743-0400][gc,start    ] GC(150) Pause Young (Normal) (G1 Evacuation Pause)
[2024-06-28T10:48:00.745-0400][gc,task     ] GC(150) Using 6 workers of 6 for evacuation
[2024-06-28T10:48:00.764-0400][gc,phases   ] GC(150)   Pre Evacuate Collection Set: 3,2ms
[2024-06-28T10:48:00.764-0400][gc,phases   ] GC(150)   Merge Heap Roots: 0,3ms
[2024-06-28T10:48:00.764-0400][gc,phases   ] GC(150)   Evacuate Collection Set: 13,8ms
[2024-06-28T10:48:00.764-0400][gc,phases   ] GC(150)   Post Evacuate Collection Set: 0,9ms
[2024-06-28T10:48:00.766-0400][gc,phases   ] GC(150)   Other: 0,1ms
[2024-06-28T10:48:00.766-0400][gc,heap     ] GC(150) Eden regions: 47->0(47)
[2024-06-28T10:48:00.766-0400][gc,heap     ] GC(150) Survivor regions: 4->4(7)
[2024-06-28T10:48:00.766-0400][gc,heap     ] GC(150) Old regions: 99->99
[2024-06-28T10:48:00.766-0400][gc,heap     ] GC(150) Humongous regions: 129->129
[2024-06-28T10:48:00.766-0400][gc,metaspace] GC(150) Metaspace: 45328K(46144K)->45328K(46144K) NonClass: 40052K(40512K)->40052K(40512K) Class: 5275K(5632K)->5275K(5632K)
[2024-06-28T10:48:00.766-0400][gc          ] GC(150) Pause Young (Normal) (G1 Evacuation Pause) 278M->230M(1024M) 23,276ms
[2024-06-28T10:48:00.766-0400][gc,cpu      ] GC(150) User=0,02s Sys=0,01s Real=0,02s
[2024-06-28T10:55:45.029-0400][gc,start    ] GC(151) Pause Young (Normal) (G1 Evacuation Pause)
[2024-06-28T10:55:45.030-0400][gc,task     ] GC(151) Using 6 workers of 6 for evacuation
[2024-06-28T10:55:45.052-0400][gc,mmu      ] GC(151) MMU target violated: 21,0ms (20,0ms/21,0ms)
[2024-06-28T10:55:45.052-0400][gc,phases   ] GC(151)   Pre Evacuate Collection Set: 0,9ms
[2024-06-28T10:55:45.052-0400][gc,phases   ] GC(151)   Merge Heap Roots: 0,4ms
[2024-06-28T10:55:45.052-0400][gc,phases   ] GC(151)   Evacuate Collection Set: 17,7ms
[2024-06-28T10:55:45.052-0400][gc,phases   ] GC(151)   Post Evacuate Collection Set: 3,3ms
[2024-06-28T10:55:45.052-0400][gc,phases   ] GC(151)   Other: 0,2ms
[2024-06-28T10:55:45.052-0400][gc,heap     ] GC(151) Eden regions: 47->0(148)
[2024-06-28T10:55:45.052-0400][gc,heap     ] GC(151) Survivor regions: 4->3(7)
[2024-06-28T10:55:45.052-0400][gc,heap     ] GC(151) Old regions: 99->99
[2024-06-28T10:55:45.052-0400][gc,heap     ] GC(151) Humongous regions: 129->129
[2024-06-28T10:55:45.052-0400][gc,metaspace] GC(151) Metaspace: 45329K(46144K)->45329K(46144K) NonClass: 40053K(40512K)->40053K(40512K) Class: 5275K(5632K)->5275K(5632K)
[2024-06-28T10:55:45.052-0400][gc          ] GC(151) Pause Young (Normal) (G1 Evacuation Pause) 277M->230M(1024M) 22,820ms
[2024-06-28T10:55:45.052-0400][gc,cpu      ] GC(151) User=0,02s Sys=0,00s Real=0,02s
[2024-06-28T11:18:59.178-0400][gc,start    ] GC(152) Pause Young (Normal) (G1 Evacuation Pause)
[2024-06-28T11:18:59.181-0400][gc,task     ] GC(152) Using 6 workers of 6 for evacuation
[2024-06-28T11:18:59.322-0400][gc,mmu      ] GC(152) MMU target violated: 21,0ms (20,0ms/21,0ms)
[2024-06-28T11:18:59.322-0400][gc,phases   ] GC(152)   Pre Evacuate Collection Set: 2,3ms
[2024-06-28T11:18:59.322-0400][gc,phases   ] GC(152)   Merge Heap Roots: 0,4ms
[2024-06-28T11:18:59.322-0400][gc,phases   ] GC(152)   Evacuate Collection Set: 136,2ms
[2024-06-28T11:18:59.322-0400][gc,phases   ] GC(152)   Post Evacuate Collection Set: 2,2ms
[2024-06-28T11:18:59.322-0400][gc,phases   ] GC(152)   Other: 0,6ms
[2024-06-28T11:18:59.322-0400][gc,heap     ] GC(152) Eden regions: 145->0(46)
[2024-06-28T11:18:59.322-0400][gc,heap     ] GC(152) Survivor regions: 3->5(19)
[2024-06-28T11:18:59.322-0400][gc,heap     ] GC(152) Old regions: 99->99
[2024-06-28T11:18:59.322-0400][gc,heap     ] GC(152) Humongous regions: 129->129
[2024-06-28T11:18:59.322-0400][gc,metaspace] GC(152) Metaspace: 45361K(46144K)->45361K(46144K) NonClass: 40085K(40512K)->40085K(40512K) Class: 5275K(5632K)->5275K(5632K)
[2024-06-28T11:18:59.322-0400][gc          ] GC(152) Pause Young (Normal) (G1 Evacuation Pause) 375M->231M(1024M) 144,444ms
[2024-06-28T11:18:59.323-0400][gc,cpu      ] GC(152) User=0,05s Sys=0,18s Real=0,14s
[2024-06-28T11:26:27.885-0400][gc,start    ] GC(153) Pause Young (Normal) (G1 Evacuation Pause)
[2024-06-28T11:26:27.897-0400][gc,task     ] GC(153) Using 6 workers of 6 for evacuation
[2024-06-28T11:26:27.928-0400][gc,mmu      ] GC(153) MMU target violated: 21,0ms (20,0ms/21,0ms)
[2024-06-28T11:26:27.928-0400][gc,phases   ] GC(153)   Pre Evacuate Collection Set: 0,4ms
[2024-06-28T11:26:27.928-0400][gc,phases   ] GC(153)   Merge Heap Roots: 0,1ms
[2024-06-28T11:26:27.928-0400][gc,phases   ] GC(153)   Evacuate Collection Set: 25,2ms
[2024-06-28T11:26:27.928-0400][gc,phases   ] GC(153)   Post Evacuate Collection Set: 5,3ms
[2024-06-28T11:26:27.928-0400][gc,phases   ] GC(153)   Other: 0,2ms
[2024-06-28T11:26:27.928-0400][gc,heap     ] GC(153) Eden regions: 46->0(47)
[2024-06-28T11:26:27.929-0400][gc,heap     ] GC(153) Survivor regions: 5->4(7)
[2024-06-28T11:26:27.929-0400][gc,heap     ] GC(153) Old regions: 99->100
[2024-06-28T11:26:27.929-0400][gc,heap     ] GC(153) Humongous regions: 129->129
[2024-06-28T11:26:27.929-0400][gc,metaspace] GC(153) Metaspace: 45370K(46144K)->45370K(46144K) NonClass: 40094K(40512K)->40094K(40512K) Class: 5275K(5632K)->5275K(5632K)
[2024-06-28T11:26:27.929-0400][gc          ] GC(153) Pause Young (Normal) (G1 Evacuation Pause) 277M->231M(1024M) 43,631ms
[2024-06-28T11:26:27.929-0400][gc,cpu      ] GC(153) User=0,03s Sys=0,01s Real=0,05s
[2024-06-28T16:02:19.060-0400][gc,start    ] GC(154) Pause Young (Normal) (G1 Evacuation Pause)
[2024-06-28T16:02:19.061-0400][gc,task     ] GC(154) Using 6 workers of 6 for evacuation
[2024-06-28T16:02:19.070-0400][gc,phases   ] GC(154)   Pre Evacuate Collection Set: 0,7ms
[2024-06-28T16:02:19.070-0400][gc,phases   ] GC(154)   Merge Heap Roots: 0,3ms
[2024-06-28T16:02:19.070-0400][gc,phases   ] GC(154)   Evacuate Collection Set: 6,9ms
[2024-06-28T16:02:19.070-0400][gc,phases   ] GC(154)   Post Evacuate Collection Set: 1,0ms
[2024-06-28T16:02:19.070-0400][gc,phases   ] GC(154)   Other: 0,1ms
[2024-06-28T16:02:19.070-0400][gc,heap     ] GC(154) Eden regions: 47->0(46)
[2024-06-28T16:02:19.070-0400][gc,heap     ] GC(154) Survivor regions: 4->5(7)
[2024-06-28T16:02:19.070-0400][gc,heap     ] GC(154) Old regions: 100->100
[2024-06-28T16:02:19.070-0400][gc,heap     ] GC(154) Humongous regions: 129->129
[2024-06-28T16:02:19.070-0400][gc,metaspace] GC(154) Metaspace: 45373K(46144K)->45373K(46144K) NonClass: 40097K(40512K)->40097K(40512K) Class: 5275K(5632K)->5275K(5632K)
[2024-06-28T16:02:19.071-0400][gc          ] GC(154) Pause Young (Normal) (G1 Evacuation Pause) 278M->232M(1024M) 10,218ms
[2024-06-28T16:02:19.071-0400][gc,cpu      ] GC(154) User=0,01s Sys=0,02s Real=0,01s
[2024-06-28T16:09:50.678-0400][gc,start    ] GC(155) Pause Young (Normal) (G1 Evacuation Pause)
[2024-06-28T16:09:50.678-0400][gc,task     ] GC(155) Using 6 workers of 6 for evacuation
[2024-06-28T16:09:50.703-0400][gc,mmu      ] GC(155) MMU target violated: 21,0ms (20,0ms/21,0ms)
[2024-06-28T16:09:50.703-0400][gc,phases   ] GC(155)   Pre Evacuate Collection Set: 7,2ms
[2024-06-28T16:09:50.703-0400][gc,phases   ] GC(155)   Merge Heap Roots: 0,2ms
[2024-06-28T16:09:50.703-0400][gc,phases   ] GC(155)   Evacuate Collection Set: 15,0ms
[2024-06-28T16:09:50.703-0400][gc,phases   ] GC(155)   Post Evacuate Collection Set: 1,9ms
[2024-06-28T16:09:50.703-0400][gc,phases   ] GC(155)   Other: 0,2ms
[2024-06-28T16:09:50.703-0400][gc,heap     ] GC(155) Eden regions: 46->0(47)
[2024-06-28T16:09:50.703-0400][gc,heap     ] GC(155) Survivor regions: 5->4(7)
[2024-06-28T16:09:50.703-0400][gc,heap     ] GC(155) Old regions: 100->100
[2024-06-28T16:09:50.703-0400][gc,heap     ] GC(155) Humongous regions: 129->129
[2024-06-28T16:09:50.703-0400][gc,metaspace] GC(155) Metaspace: 45373K(46144K)->45373K(46144K) NonClass: 40097K(40512K)->40097K(40512K) Class: 5275K(5632K)->5275K(5632K)
[2024-06-28T16:09:50.703-0400][gc          ] GC(155) Pause Young (Normal) (G1 Evacuation Pause) 278M->232M(1024M) 24,785ms
[2024-06-28T16:09:50.703-0400][gc,cpu      ] GC(155) User=0,04s Sys=0,00s Real=0,02s
[2024-06-28T16:17:31.190-0400][gc,start    ] GC(156) Pause Young (Normal) (G1 Evacuation Pause)
[2024-06-28T16:17:31.192-0400][gc,task     ] GC(156) Using 6 workers of 6 for evacuation
[2024-06-28T16:17:31.206-0400][gc,phases   ] GC(156)   Pre Evacuate Collection Set: 1,2ms
[2024-06-28T16:17:31.206-0400][gc,phases   ] GC(156)   Merge Heap Roots: 0,8ms
[2024-06-28T16:17:31.206-0400][gc,phases   ] GC(156)   Evacuate Collection Set: 11,5ms
[2024-06-28T16:17:31.206-0400][gc,phases   ] GC(156)   Post Evacuate Collection Set: 0,8ms
[2024-06-28T16:17:31.206-0400][gc,phases   ] GC(156)   Other: 0,1ms
[2024-06-28T16:17:31.206-0400][gc,heap     ] GC(156) Eden regions: 47->0(48)
[2024-06-28T16:17:31.206-0400][gc,heap     ] GC(156) Survivor regions: 4->3(7)
[2024-06-28T16:17:31.206-0400][gc,heap     ] GC(156) Old regions: 100->100
[2024-06-28T16:17:31.207-0400][gc,heap     ] GC(156) Humongous regions: 129->129
[2024-06-28T16:17:31.207-0400][gc,metaspace] GC(156) Metaspace: 45378K(46144K)->45378K(46144K) NonClass: 40102K(40512K)->40102K(40512K) Class: 5275K(5632K)->5275K(5632K)
[2024-06-28T16:17:31.207-0400][gc          ] GC(156) Pause Young (Normal) (G1 Evacuation Pause) 279M->231M(1024M) 16,730ms
[2024-06-28T16:17:31.207-0400][gc,cpu      ] GC(156) User=0,01s Sys=0,02s Real=0,01s
[2024-06-28T16:25:23.409-0400][gc,start    ] GC(157) Pause Young (Normal) (G1 Evacuation Pause)
[2024-06-28T16:25:23.412-0400][gc,task     ] GC(157) Using 6 workers of 6 for evacuation
[2024-06-28T16:25:23.432-0400][gc,mmu      ] GC(157) MMU target violated: 20,3ms (20,0ms/21,0ms)
[2024-06-28T16:25:23.432-0400][gc,phases   ] GC(157)   Pre Evacuate Collection Set: 0,8ms
[2024-06-28T16:25:23.432-0400][gc,phases   ] GC(157)   Merge Heap Roots: 0,8ms
[2024-06-28T16:25:23.432-0400][gc,phases   ] GC(157)   Evacuate Collection Set: 18,1ms
[2024-06-28T16:25:23.432-0400][gc,phases   ] GC(157)   Post Evacuate Collection Set: 0,7ms
[2024-06-28T16:25:23.432-0400][gc,phases   ] GC(157)   Other: 0,1ms
[2024-06-28T16:25:23.432-0400][gc,heap     ] GC(157) Eden regions: 48->0(47)
[2024-06-28T16:25:23.432-0400][gc,heap     ] GC(157) Survivor regions: 3->4(7)
[2024-06-28T16:25:23.432-0400][gc,heap     ] GC(157) Old regions: 100->100
[2024-06-28T16:25:23.432-0400][gc,heap     ] GC(157) Humongous regions: 129->129
[2024-06-28T16:25:23.432-0400][gc,metaspace] GC(157) Metaspace: 45384K(46144K)->45384K(46144K) NonClass: 40108K(40512K)->40108K(40512K) Class: 5275K(5632K)->5275K(5632K)
[2024-06-28T16:25:23.433-0400][gc          ] GC(157) Pause Young (Normal) (G1 Evacuation Pause) 279M->232M(1024M) 24,276ms
[2024-06-28T16:25:23.433-0400][gc,cpu      ] GC(157) User=0,06s Sys=0,01s Real=0,02s
[2024-06-28T16:32:30.110-0400][gc,start    ] GC(158) Pause Young (Normal) (G1 Evacuation Pause)
[2024-06-28T16:32:30.116-0400][gc,task     ] GC(158) Using 6 workers of 6 for evacuation
[2024-06-28T16:32:30.126-0400][gc,phases   ] GC(158)   Pre Evacuate Collection Set: 0,7ms
[2024-06-28T16:32:30.126-0400][gc,phases   ] GC(158)   Merge Heap Roots: 0,2ms
[2024-06-28T16:32:30.126-0400][gc,phases   ] GC(158)   Evacuate Collection Set: 6,2ms
[2024-06-28T16:32:30.126-0400][gc,phases   ] GC(158)   Post Evacuate Collection Set: 1,8ms
[2024-06-28T16:32:30.126-0400][gc,phases   ] GC(158)   Other: 0,2ms
[2024-06-28T16:32:30.126-0400][gc,heap     ] GC(158) Eden regions: 47->0(47)
[2024-06-28T16:32:30.126-0400][gc,heap     ] GC(158) Survivor regions: 4->4(7)
[2024-06-28T16:32:30.126-0400][gc,heap     ] GC(158) Old regions: 100->100
[2024-06-28T16:32:30.126-0400][gc,heap     ] GC(158) Humongous regions: 129->129
[2024-06-28T16:32:30.126-0400][gc,metaspace] GC(158) Metaspace: 45386K(46144K)->45386K(46144K) NonClass: 40111K(40512K)->40111K(40512K) Class: 5275K(5632K)->5275K(5632K)
[2024-06-28T16:32:30.126-0400][gc          ] GC(158) Pause Young (Normal) (G1 Evacuation Pause) 279M->232M(1024M) 16,132ms
[2024-06-28T16:32:30.126-0400][gc,cpu      ] GC(158) User=0,02s Sys=0,00s Real=0,01s
[2024-06-28T16:40:12.104-0400][gc,start    ] GC(159) Pause Young (Normal) (G1 Evacuation Pause)
[2024-06-28T16:40:12.104-0400][gc,task     ] GC(159) Using 6 workers of 6 for evacuation
[2024-06-28T16:40:12.119-0400][gc,phases   ] GC(159)   Pre Evacuate Collection Set: 0,7ms
[2024-06-28T16:40:12.119-0400][gc,phases   ] GC(159)   Merge Heap Roots: 0,2ms
[2024-06-28T16:40:12.119-0400][gc,phases   ] GC(159)   Evacuate Collection Set: 10,1ms
[2024-06-28T16:40:12.119-0400][gc,phases   ] GC(159)   Post Evacuate Collection Set: 3,2ms
[2024-06-28T16:40:12.119-0400][gc,phases   ] GC(159)   Other: 0,2ms
[2024-06-28T16:40:12.119-0400][gc,heap     ] GC(159) Eden regions: 47->0(47)
[2024-06-28T16:40:12.119-0400][gc,heap     ] GC(159) Survivor regions: 4->4(7)
[2024-06-28T16:40:12.119-0400][gc,heap     ] GC(159) Old regions: 100->101
[2024-06-28T16:40:12.119-0400][gc,heap     ] GC(159) Humongous regions: 129->129
[2024-06-28T16:40:12.119-0400][gc,metaspace] GC(159) Metaspace: 45387K(46144K)->45387K(46144K) NonClass: 40111K(40512K)->40111K(40512K) Class: 5275K(5632K)->5275K(5632K)
[2024-06-28T16:40:12.119-0400][gc          ] GC(159) Pause Young (Normal) (G1 Evacuation Pause) 279M->232M(1024M) 14,540ms
[2024-06-28T16:40:12.119-0400][gc,cpu      ] GC(159) User=0,04s Sys=0,00s Real=0,02s
[2024-06-28T16:47:53.617-0400][gc,start    ] GC(160) Pause Young (Normal) (G1 Evacuation Pause)
[2024-06-28T16:47:53.618-0400][gc,task     ] GC(160) Using 6 workers of 6 for evacuation
[2024-06-28T16:47:53.629-0400][gc,phases   ] GC(160)   Pre Evacuate Collection Set: 0,8ms
[2024-06-28T16:47:53.629-0400][gc,phases   ] GC(160)   Merge Heap Roots: 0,3ms
[2024-06-28T16:47:53.629-0400][gc,phases   ] GC(160)   Evacuate Collection Set: 6,9ms
[2024-06-28T16:47:53.629-0400][gc,phases   ] GC(160)   Post Evacuate Collection Set: 1,2ms
[2024-06-28T16:47:53.629-0400][gc,phases   ] GC(160)   Other: 2,4ms
[2024-06-28T16:47:53.629-0400][gc,heap     ] GC(160) Eden regions: 47->0(95)
[2024-06-28T16:47:53.629-0400][gc,heap     ] GC(160) Survivor regions: 4->3(7)
[2024-06-28T16:47:53.629-0400][gc,heap     ] GC(160) Old regions: 101->101
[2024-06-28T16:47:53.629-0400][gc,heap     ] GC(160) Humongous regions: 129->129
[2024-06-28T16:47:53.629-0400][gc,metaspace] GC(160) Metaspace: 45387K(46144K)->45387K(46144K) NonClass: 40111K(40512K)->40111K(40512K) Class: 5275K(5632K)->5275K(5632K)
[2024-06-28T16:47:53.629-0400][gc          ] GC(160) Pause Young (Normal) (G1 Evacuation Pause) 279M->232M(1024M) 11,739ms
[2024-06-28T16:47:53.629-0400][gc,cpu      ] GC(160) User=0,03s Sys=0,01s Real=0,01s
[2024-06-28T17:03:13.070-0400][gc,start    ] GC(161) Pause Young (Normal) (G1 Evacuation Pause)
[2024-06-28T17:03:13.071-0400][gc,task     ] GC(161) Using 6 workers of 6 for evacuation
[2024-06-28T17:03:13.093-0400][gc,mmu      ] GC(161) MMU target violated: 21,0ms (20,0ms/21,0ms)
[2024-06-28T17:03:13.093-0400][gc,phases   ] GC(161)   Pre Evacuate Collection Set: 0,8ms
[2024-06-28T17:03:13.093-0400][gc,phases   ] GC(161)   Merge Heap Roots: 0,3ms
[2024-06-28T17:03:13.094-0400][gc,phases   ] GC(161)   Evacuate Collection Set: 19,4ms
[2024-06-28T17:03:13.094-0400][gc,phases   ] GC(161)   Post Evacuate Collection Set: 2,0ms
[2024-06-28T17:03:13.094-0400][gc,phases   ] GC(161)   Other: 0,3ms
[2024-06-28T17:03:13.094-0400][gc,heap     ] GC(161) Eden regions: 93->0(91)
[2024-06-28T17:03:13.094-0400][gc,heap     ] GC(161) Survivor regions: 3->4(12)
[2024-06-28T17:03:13.094-0400][gc,heap     ] GC(161) Old regions: 101->101
[2024-06-28T17:03:13.094-0400][gc,heap     ] GC(161) Humongous regions: 129->129
[2024-06-28T17:03:13.094-0400][gc,metaspace] GC(161) Metaspace: 45388K(46144K)->45388K(46144K) NonClass: 40113K(40512K)->40113K(40512K) Class: 5275K(5632K)->5275K(5632K)
[2024-06-28T17:03:13.094-0400][gc          ] GC(161) Pause Young (Normal) (G1 Evacuation Pause) 325M->232M(1024M) 23,125ms
[2024-06-28T17:03:13.094-0400][gc,cpu      ] GC(161) User=0,03s Sys=0,04s Real=0,02s
[2024-06-28T17:18:05.217-0400][gc,start    ] GC(162) Pause Young (Normal) (G1 Evacuation Pause)
[2024-06-28T17:18:05.217-0400][gc,task     ] GC(162) Using 6 workers of 6 for evacuation
[2024-06-28T17:18:05.230-0400][gc,phases   ] GC(162)   Pre Evacuate Collection Set: 0,9ms
[2024-06-28T17:18:05.230-0400][gc,phases   ] GC(162)   Merge Heap Roots: 0,2ms
[2024-06-28T17:18:05.230-0400][gc,phases   ] GC(162)   Evacuate Collection Set: 9,7ms
[2024-06-28T17:18:05.230-0400][gc,phases   ] GC(162)   Post Evacuate Collection Set: 1,5ms
[2024-06-28T17:18:05.230-0400][gc,phases   ] GC(162)   Other: 0,7ms
[2024-06-28T17:18:05.230-0400][gc,heap     ] GC(162) Eden regions: 90->0(149)
[2024-06-28T17:18:05.230-0400][gc,heap     ] GC(162) Survivor regions: 4->5(12)
[2024-06-28T17:18:05.230-0400][gc,heap     ] GC(162) Old regions: 101->101
[2024-06-28T17:18:05.230-0400][gc,heap     ] GC(162) Humongous regions: 129->129
[2024-06-28T17:18:05.230-0400][gc,metaspace] GC(162) Metaspace: 45389K(46144K)->45389K(46144K) NonClass: 40113K(40512K)->40113K(40512K) Class: 5275K(5632K)->5275K(5632K)
[2024-06-28T17:18:05.230-0400][gc          ] GC(162) Pause Young (Normal) (G1 Evacuation Pause) 322M->233M(1024M) 13,371ms
[2024-06-28T17:18:05.230-0400][gc,cpu      ] GC(162) User=0,02s Sys=0,02s Real=0,02s
[2024-06-28T17:41:53.513-0400][gc,start    ] GC(163) Pause Young (Normal) (G1 Evacuation Pause)
[2024-06-28T17:41:53.513-0400][gc,task     ] GC(163) Using 6 workers of 6 for evacuation
[2024-06-28T17:41:53.659-0400][gc,mmu      ] GC(163) MMU target violated: 21,0ms (20,0ms/21,0ms)
[2024-06-28T17:41:53.659-0400][gc,phases   ] GC(163)   Pre Evacuate Collection Set: 0,5ms
[2024-06-28T17:41:53.659-0400][gc,phases   ] GC(163)   Merge Heap Roots: 0,3ms
[2024-06-28T17:41:53.659-0400][gc,phases   ] GC(163)   Evacuate Collection Set: 136,9ms
[2024-06-28T17:41:53.659-0400][gc,phases   ] GC(163)   Post Evacuate Collection Set: 8,0ms
[2024-06-28T17:41:53.659-0400][gc,phases   ] GC(163)   Other: 0,1ms
[2024-06-28T17:41:53.659-0400][gc,heap     ] GC(163) Eden regions: 148->0(47)
[2024-06-28T17:41:53.659-0400][gc,heap     ] GC(163) Survivor regions: 5->4(20)
[2024-06-28T17:41:53.659-0400][gc,heap     ] GC(163) Old regions: 101->101
[2024-06-28T17:41:53.659-0400][gc,heap     ] GC(163) Humongous regions: 129->129
[2024-06-28T17:41:53.659-0400][gc,metaspace] GC(163) Metaspace: 45398K(46144K)->45398K(46144K) NonClass: 40122K(40512K)->40122K(40512K) Class: 5275K(5632K)->5275K(5632K)
[2024-06-28T17:41:53.659-0400][gc          ] GC(163) Pause Young (Normal) (G1 Evacuation Pause) 381M->232M(1024M) 145,946ms
[2024-06-28T17:41:53.659-0400][gc,cpu      ] GC(163) User=0,10s Sys=0,13s Real=0,15s
[2024-06-28T17:49:34.504-0400][gc,start    ] GC(164) Pause Young (Normal) (G1 Evacuation Pause)
[2024-06-28T17:49:34.504-0400][gc,task     ] GC(164) Using 6 workers of 6 for evacuation
[2024-06-28T17:49:34.516-0400][gc,phases   ] GC(164)   Pre Evacuate Collection Set: 0,7ms
[2024-06-28T17:49:34.516-0400][gc,phases   ] GC(164)   Merge Heap Roots: 0,3ms
[2024-06-28T17:49:34.516-0400][gc,phases   ] GC(164)   Evacuate Collection Set: 8,1ms
[2024-06-28T17:49:34.516-0400][gc,phases   ] GC(164)   Post Evacuate Collection Set: 2,9ms
[2024-06-28T17:49:34.516-0400][gc,phases   ] GC(164)   Other: 0,1ms
[2024-06-28T17:49:34.516-0400][gc,heap     ] GC(164) Eden regions: 47->0(48)
[2024-06-28T17:49:34.516-0400][gc,heap     ] GC(164) Survivor regions: 4->3(7)
[2024-06-28T17:49:34.517-0400][gc,heap     ] GC(164) Old regions: 101->101
[2024-06-28T17:49:34.517-0400][gc,heap     ] GC(164) Humongous regions: 129->129
[2024-06-28T17:49:34.517-0400][gc,metaspace] GC(164) Metaspace: 45398K(46144K)->45398K(46144K) NonClass: 40122K(40512K)->40122K(40512K) Class: 5275K(5632K)->5275K(5632K)
[2024-06-28T17:49:34.517-0400][gc          ] GC(164) Pause Young (Normal) (G1 Evacuation Pause) 279M->232M(1024M) 12,600ms
[2024-06-28T17:49:34.517-0400][gc,cpu      ] GC(164) User=0,03s Sys=0,01s Real=0,01s
[2024-06-28T17:57:26.827-0400][gc,start    ] GC(165) Pause Young (Normal) (G1 Evacuation Pause)
[2024-06-28T17:57:26.827-0400][gc,task     ] GC(165) Using 6 workers of 6 for evacuation
[2024-06-28T17:57:26.836-0400][gc,phases   ] GC(165)   Pre Evacuate Collection Set: 0,8ms
[2024-06-28T17:57:26.837-0400][gc,phases   ] GC(165)   Merge Heap Roots: 0,3ms
[2024-06-28T17:57:26.837-0400][gc,phases   ] GC(165)   Evacuate Collection Set: 5,6ms
[2024-06-28T17:57:26.837-0400][gc,phases   ] GC(165)   Post Evacuate Collection Set: 2,4ms
[2024-06-28T17:57:26.837-0400][gc,phases   ] GC(165)   Other: 0,1ms
[2024-06-28T17:57:26.837-0400][gc,heap     ] GC(165) Eden regions: 48->0(46)
[2024-06-28T17:57:26.837-0400][gc,heap     ] GC(165) Survivor regions: 3->5(7)
[2024-06-28T17:57:26.837-0400][gc,heap     ] GC(165) Old regions: 101->101
[2024-06-28T17:57:26.837-0400][gc,heap     ] GC(165) Humongous regions: 129->129
[2024-06-28T17:57:26.837-0400][gc,metaspace] GC(165) Metaspace: 45398K(46144K)->45398K(46144K) NonClass: 40122K(40512K)->40122K(40512K) Class: 5275K(5632K)->5275K(5632K)
[2024-06-28T17:57:26.837-0400][gc          ] GC(165) Pause Young (Normal) (G1 Evacuation Pause) 280M->233M(1024M) 9,370ms
[2024-06-28T17:57:26.837-0400][gc,cpu      ] GC(165) User=0,02s Sys=0,02s Real=0,00s
[2024-06-28T18:04:58.522-0400][gc,start    ] GC(166) Pause Young (Normal) (G1 Evacuation Pause)
[2024-06-28T18:04:58.522-0400][gc,task     ] GC(166) Using 6 workers of 6 for evacuation
[2024-06-28T18:04:58.533-0400][gc,phases   ] GC(166)   Pre Evacuate Collection Set: 1,2ms
[2024-06-28T18:04:58.533-0400][gc,phases   ] GC(166)   Merge Heap Roots: 0,3ms
[2024-06-28T18:04:58.533-0400][gc,phases   ] GC(166)   Evacuate Collection Set: 8,2ms
[2024-06-28T18:04:58.533-0400][gc,phases   ] GC(166)   Post Evacuate Collection Set: 1,4ms
[2024-06-28T18:04:58.533-0400][gc,phases   ] GC(166)   Other: 0,1ms
[2024-06-28T18:04:58.533-0400][gc,heap     ] GC(166) Eden regions: 46->0(47)
[2024-06-28T18:04:58.533-0400][gc,heap     ] GC(166) Survivor regions: 5->4(7)
[2024-06-28T18:04:58.533-0400][gc,heap     ] GC(166) Old regions: 101->101
[2024-06-28T18:04:58.533-0400][gc,heap     ] GC(166) Humongous regions: 129->129
[2024-06-28T18:04:58.533-0400][gc,metaspace] GC(166) Metaspace: 45398K(46144K)->45398K(46144K) NonClass: 40122K(40512K)->40122K(40512K) Class: 5275K(5632K)->5275K(5632K)
[2024-06-28T18:04:58.533-0400][gc          ] GC(166) Pause Young (Normal) (G1 Evacuation Pause) 279M->233M(1024M) 11,550ms
[2024-06-28T18:04:58.533-0400][gc,cpu      ] GC(166) User=0,03s Sys=0,00s Real=0,01s
[2024-06-28T18:12:40.386-0400][gc,start    ] GC(167) Pause Young (Normal) (G1 Evacuation Pause)
[2024-06-28T18:12:40.386-0400][gc,task     ] GC(167) Using 6 workers of 6 for evacuation
[2024-06-28T18:12:40.400-0400][gc,phases   ] GC(167)   Pre Evacuate Collection Set: 0,7ms
[2024-06-28T18:12:40.400-0400][gc,phases   ] GC(167)   Merge Heap Roots: 0,2ms
[2024-06-28T18:12:40.400-0400][gc,phases   ] GC(167)   Evacuate Collection Set: 12,2ms
[2024-06-28T18:12:40.400-0400][gc,phases   ] GC(167)   Post Evacuate Collection Set: 1,5ms
[2024-06-28T18:12:40.400-0400][gc,phases   ] GC(167)   Other: 0,1ms
[2024-06-28T18:12:40.400-0400][gc,heap     ] GC(167) Eden regions: 47->0(48)
[2024-06-28T18:12:40.400-0400][gc,heap     ] GC(167) Survivor regions: 4->3(7)
[2024-06-28T18:12:40.400-0400][gc,heap     ] GC(167) Old regions: 101->101
[2024-06-28T18:12:40.400-0400][gc,heap     ] GC(167) Humongous regions: 129->129
[2024-06-28T18:12:40.400-0400][gc,metaspace] GC(167) Metaspace: 45398K(46144K)->45398K(46144K) NonClass: 40122K(40512K)->40122K(40512K) Class: 5275K(5632K)->5275K(5632K)
[2024-06-28T18:12:40.400-0400][gc          ] GC(167) Pause Young (Normal) (G1 Evacuation Pause) 280M->232M(1024M) 14,859ms
[2024-06-28T18:12:40.400-0400][gc,cpu      ] GC(167) User=0,02s Sys=0,02s Real=0,02s
[2024-06-28T18:20:30.790-0400][gc,start    ] GC(168) Pause Young (Normal) (G1 Evacuation Pause)
[2024-06-28T18:20:30.791-0400][gc,task     ] GC(168) Using 6 workers of 6 for evacuation
[2024-06-28T18:20:30.802-0400][gc,phases   ] GC(168)   Pre Evacuate Collection Set: 4,1ms
[2024-06-28T18:20:30.802-0400][gc,phases   ] GC(168)   Merge Heap Roots: 0,1ms
[2024-06-28T18:20:30.802-0400][gc,phases   ] GC(168)   Evacuate Collection Set: 5,8ms
[2024-06-28T18:20:30.802-0400][gc,phases   ] GC(168)   Post Evacuate Collection Set: 1,7ms
[2024-06-28T18:20:30.802-0400][gc,phases   ] GC(168)   Other: 0,2ms
[2024-06-28T18:20:30.802-0400][gc,heap     ] GC(168) Eden regions: 48->0(48)
[2024-06-28T18:20:30.802-0400][gc,heap     ] GC(168) Survivor regions: 3->3(7)
[2024-06-28T18:20:30.802-0400][gc,heap     ] GC(168) Old regions: 101->101
[2024-06-28T18:20:30.802-0400][gc,heap     ] GC(168) Humongous regions: 129->129
[2024-06-28T18:20:30.802-0400][gc,metaspace] GC(168) Metaspace: 45399K(46144K)->45399K(46144K) NonClass: 40124K(40512K)->40124K(40512K) Class: 5275K(5632K)->5275K(5632K)
[2024-06-28T18:20:30.802-0400][gc          ] GC(168) Pause Young (Normal) (G1 Evacuation Pause) 280M->232M(1024M) 12,015ms
[2024-06-28T18:20:30.802-0400][gc,cpu      ] GC(168) User=0,02s Sys=0,00s Real=0,01s
[2024-06-28T18:28:23.774-0400][gc,start    ] GC(169) Pause Young (Normal) (G1 Evacuation Pause)
[2024-06-28T18:28:23.774-0400][gc,task     ] GC(169) Using 6 workers of 6 for evacuation
[2024-06-28T18:28:23.789-0400][gc,phases   ] GC(169)   Pre Evacuate Collection Set: 0,8ms
[2024-06-28T18:28:23.789-0400][gc,phases   ] GC(169)   Merge Heap Roots: 1,7ms
[2024-06-28T18:28:23.789-0400][gc,phases   ] GC(169)   Evacuate Collection Set: 9,6ms
[2024-06-28T18:28:23.789-0400][gc,phases   ] GC(169)   Post Evacuate Collection Set: 2,3ms
[2024-06-28T18:28:23.789-0400][gc,phases   ] GC(169)   Other: 0,2ms
[2024-06-28T18:28:23.789-0400][gc,heap     ] GC(169) Eden regions: 48->0(47)
[2024-06-28T18:28:23.789-0400][gc,heap     ] GC(169) Survivor regions: 3->4(7)
[2024-06-28T18:28:23.789-0400][gc,heap     ] GC(169) Old regions: 101->101
[2024-06-28T18:28:23.789-0400][gc,heap     ] GC(169) Humongous regions: 129->129
[2024-06-28T18:28:23.789-0400][gc,metaspace] GC(169) Metaspace: 45399K(46144K)->45399K(46144K) NonClass: 40124K(40512K)->40124K(40512K) Class: 5275K(5632K)->5275K(5632K)
[2024-06-28T18:28:23.789-0400][gc          ] GC(169) Pause Young (Normal) (G1 Evacuation Pause) 280M->233M(1024M) 14,653ms
[2024-06-28T18:28:23.789-0400][gc,cpu      ] GC(169) User=0,01s Sys=0,02s Real=0,02s
[2024-06-28T18:35:28.791-0400][gc,start    ] GC(170) Pause Young (Normal) (G1 Evacuation Pause)
[2024-06-28T18:35:28.791-0400][gc,task     ] GC(170) Using 6 workers of 6 for evacuation
[2024-06-28T18:35:28.809-0400][gc,phases   ] GC(170)   Pre Evacuate Collection Set: 0,7ms
[2024-06-28T18:35:28.809-0400][gc,phases   ] GC(170)   Merge Heap Roots: 0,3ms
[2024-06-28T18:35:28.809-0400][gc,phases   ] GC(170)   Evacuate Collection Set: 14,7ms
[2024-06-28T18:35:28.809-0400][gc,phases   ] GC(170)   Post Evacuate Collection Set: 2,4ms
[2024-06-28T18:35:28.809-0400][gc,phases   ] GC(170)   Other: 0,2ms
[2024-06-28T18:35:28.809-0400][gc,heap     ] GC(170) Eden regions: 47->0(47)
[2024-06-28T18:35:28.809-0400][gc,heap     ] GC(170) Survivor regions: 4->4(7)
[2024-06-28T18:35:28.809-0400][gc,heap     ] GC(170) Old regions: 101->101
[2024-06-28T18:35:28.809-0400][gc,heap     ] GC(170) Humongous regions: 129->129
[2024-06-28T18:35:28.809-0400][gc,metaspace] GC(170) Metaspace: 45400K(46144K)->45400K(46144K) NonClass: 40124K(40512K)->40124K(40512K) Class: 5275K(5632K)->5275K(5632K)
[2024-06-28T18:35:28.809-0400][gc          ] GC(170) Pause Young (Normal) (G1 Evacuation Pause) 280M->232M(1024M) 18,491ms
[2024-06-28T18:35:28.809-0400][gc,cpu      ] GC(170) User=0,06s Sys=0,00s Real=0,02s
[2024-06-28T18:43:10.325-0400][gc,start    ] GC(171) Pause Young (Normal) (G1 Evacuation Pause)
[2024-06-28T18:43:10.325-0400][gc,task     ] GC(171) Using 6 workers of 6 for evacuation
[2024-06-28T18:43:10.333-0400][gc,phases   ] GC(171)   Pre Evacuate Collection Set: 0,8ms
[2024-06-28T18:43:10.333-0400][gc,phases   ] GC(171)   Merge Heap Roots: 0,2ms
[2024-06-28T18:43:10.333-0400][gc,phases   ] GC(171)   Evacuate Collection Set: 4,7ms
[2024-06-28T18:43:10.333-0400][gc,phases   ] GC(171)   Post Evacuate Collection Set: 1,4ms
[2024-06-28T18:43:10.333-0400][gc,phases   ] GC(171)   Other: 0,1ms
[2024-06-28T18:43:10.333-0400][gc,heap     ] GC(171) Eden regions: 47->0(85)
[2024-06-28T18:43:10.333-0400][gc,heap     ] GC(171) Survivor regions: 4->3(7)
[2024-06-28T18:43:10.333-0400][gc,heap     ] GC(171) Old regions: 101->101
[2024-06-28T18:43:10.333-0400][gc,heap     ] GC(171) Humongous regions: 129->129
[2024-06-28T18:43:10.333-0400][gc,metaspace] GC(171) Metaspace: 45401K(46144K)->45401K(46144K) NonClass: 40125K(40512K)->40125K(40512K) Class: 5275K(5632K)->5275K(5632K)
[2024-06-28T18:43:10.333-0400][gc          ] GC(171) Pause Young (Normal) (G1 Evacuation Pause) 279M->232M(1024M) 7,481ms
[2024-06-28T18:43:10.333-0400][gc,cpu      ] GC(171) User=0,02s Sys=0,00s Real=0,01s
[2024-06-28T18:57:28.826-0400][gc,start    ] GC(172) Pause Young (Normal) (G1 Evacuation Pause)
[2024-06-28T18:57:28.826-0400][gc,task     ] GC(172) Using 6 workers of 6 for evacuation
[2024-06-28T18:57:28.850-0400][gc,mmu      ] GC(172) MMU target violated: 21,0ms (20,0ms/21,0ms)
[2024-06-28T18:57:28.850-0400][gc,phases   ] GC(172)   Pre Evacuate Collection Set: 4,3ms
[2024-06-28T18:57:28.850-0400][gc,phases   ] GC(172)   Merge Heap Roots: 10,4ms
[2024-06-28T18:57:28.850-0400][gc,phases   ] GC(172)   Evacuate Collection Set: 8,1ms
[2024-06-28T18:57:28.850-0400][gc,phases   ] GC(172)   Post Evacuate Collection Set: 1,2ms
[2024-06-28T18:57:28.850-0400][gc,phases   ] GC(172)   Other: 0,2ms
[2024-06-28T18:57:28.850-0400][gc,heap     ] GC(172) Eden regions: 87->0(149)
[2024-06-28T18:57:28.850-0400][gc,heap     ] GC(172) Survivor regions: 3->3(12)
[2024-06-28T18:57:28.850-0400][gc,heap     ] GC(172) Old regions: 101->101
[2024-06-28T18:57:28.850-0400][gc,heap     ] GC(172) Humongous regions: 129->129
[2024-06-28T18:57:28.850-0400][gc,metaspace] GC(172) Metaspace: 45408K(46144K)->45408K(46144K) NonClass: 40132K(40512K)->40132K(40512K) Class: 5275K(5632K)->5275K(5632K)
[2024-06-28T18:57:28.850-0400][gc          ] GC(172) Pause Young (Normal) (G1 Evacuation Pause) 319M->232M(1024M) 24,263ms
[2024-06-28T18:57:28.851-0400][gc,cpu      ] GC(172) User=0,01s Sys=0,03s Real=0,03s
[2024-06-28T19:22:21.599-0400][gc,start    ] GC(173) Pause Young (Normal) (G1 Evacuation Pause)
[2024-06-28T19:22:21.600-0400][gc,task     ] GC(173) Using 6 workers of 6 for evacuation
[2024-06-28T19:22:21.634-0400][gc,mmu      ] GC(173) MMU target violated: 21,0ms (20,0ms/21,0ms)
[2024-06-28T19:22:21.634-0400][gc,phases   ] GC(173)   Pre Evacuate Collection Set: 1,2ms
[2024-06-28T19:22:21.634-0400][gc,phases   ] GC(173)   Merge Heap Roots: 0,5ms
[2024-06-28T19:22:21.634-0400][gc,phases   ] GC(173)   Evacuate Collection Set: 29,1ms
[2024-06-28T19:22:21.634-0400][gc,phases   ] GC(173)   Post Evacuate Collection Set: 3,6ms
[2024-06-28T19:22:21.634-0400][gc,phases   ] GC(173)   Other: 0,2ms
[2024-06-28T19:22:21.634-0400][gc,heap     ] GC(173) Eden regions: 151->0(157)
[2024-06-28T19:22:21.634-0400][gc,heap     ] GC(173) Survivor regions: 3->3(20)
[2024-06-28T19:22:21.634-0400][gc,heap     ] GC(173) Old regions: 101->101
[2024-06-28T19:22:21.634-0400][gc,heap     ] GC(173) Humongous regions: 129->129
[2024-06-28T19:22:21.634-0400][gc,metaspace] GC(173) Metaspace: 45410K(46144K)->45410K(46144K) NonClass: 40134K(40512K)->40134K(40512K) Class: 5275K(5632K)->5275K(5632K)
[2024-06-28T19:22:21.634-0400][gc          ] GC(173) Pause Young (Normal) (G1 Evacuation Pause) 383M->232M(1024M) 34,826ms
[2024-06-28T19:22:21.634-0400][gc,cpu      ] GC(173) User=0,04s Sys=0,04s Real=0,03s
[2024-06-28T19:48:06.827-0400][gc,start    ] GC(174) Pause Young (Normal) (G1 Evacuation Pause)
[2024-06-28T19:48:06.827-0400][gc,task     ] GC(174) Using 6 workers of 6 for evacuation
[2024-06-28T19:48:06.857-0400][gc,mmu      ] GC(174) MMU target violated: 21,0ms (20,0ms/21,0ms)
[2024-06-28T19:48:06.857-0400][gc,phases   ] GC(174)   Pre Evacuate Collection Set: 0,7ms
[2024-06-28T19:48:06.857-0400][gc,phases   ] GC(174)   Merge Heap Roots: 1,7ms
[2024-06-28T19:48:06.857-0400][gc,phases   ] GC(174)   Evacuate Collection Set: 25,6ms
[2024-06-28T19:48:06.857-0400][gc,phases   ] GC(174)   Post Evacuate Collection Set: 1,3ms
[2024-06-28T19:48:06.857-0400][gc,phases   ] GC(174)   Other: 0,3ms
[2024-06-28T19:48:06.857-0400][gc,heap     ] GC(174) Eden regions: 159->0(47)
[2024-06-28T19:48:06.857-0400][gc,heap     ] GC(174) Survivor regions: 3->4(21)
[2024-06-28T19:48:06.857-0400][gc,heap     ] GC(174) Old regions: 101->101
[2024-06-28T19:48:06.857-0400][gc,heap     ] GC(174) Humongous regions: 129->129
[2024-06-28T19:48:06.857-0400][gc,metaspace] GC(174) Metaspace: 45416K(46144K)->45416K(46144K) NonClass: 40140K(40512K)->40140K(40512K) Class: 5275K(5632K)->5275K(5632K)
[2024-06-28T19:48:06.857-0400][gc          ] GC(174) Pause Young (Normal) (G1 Evacuation Pause) 391M->233M(1024M) 29,721ms
[2024-06-28T19:48:06.857-0400][gc,cpu      ] GC(174) User=0,11s Sys=0,01s Real=0,03s
[2024-06-28T19:55:41.828-0400][gc,start    ] GC(175) Pause Young (Normal) (G1 Evacuation Pause)
[2024-06-28T19:55:41.828-0400][gc,task     ] GC(175) Using 6 workers of 6 for evacuation
[2024-06-28T19:55:41.835-0400][gc,phases   ] GC(175)   Pre Evacuate Collection Set: 0,8ms
[2024-06-28T19:55:41.835-0400][gc,phases   ] GC(175)   Merge Heap Roots: 0,2ms
[2024-06-28T19:55:41.835-0400][gc,phases   ] GC(175)   Evacuate Collection Set: 3,7ms
[2024-06-28T19:55:41.835-0400][gc,phases   ] GC(175)   Post Evacuate Collection Set: 1,8ms
[2024-06-28T19:55:41.835-0400][gc,phases   ] GC(175)   Other: 0,2ms
[2024-06-28T19:55:41.835-0400][gc,heap     ] GC(175) Eden regions: 47->0(120)
[2024-06-28T19:55:41.835-0400][gc,heap     ] GC(175) Survivor regions: 4->3(7)
[2024-06-28T19:55:41.835-0400][gc,heap     ] GC(175) Old regions: 101->101
[2024-06-28T19:55:41.835-0400][gc,heap     ] GC(175) Humongous regions: 129->129
[2024-06-28T19:55:41.835-0400][gc,metaspace] GC(175) Metaspace: 45416K(46144K)->45416K(46144K) NonClass: 40140K(40512K)->40140K(40512K) Class: 5275K(5632K)->5275K(5632K)
[2024-06-28T19:55:41.835-0400][gc          ] GC(175) Pause Young (Normal) (G1 Evacuation Pause) 280M->232M(1024M) 6,923ms
[2024-06-28T19:55:41.835-0400][gc,cpu      ] GC(175) User=0,01s Sys=0,02s Real=0,00s
[2024-06-28T20:15:46.348-0400][gc,start    ] GC(176) Pause Young (Normal) (G1 Evacuation Pause)
[2024-06-28T20:15:46.348-0400][gc,task     ] GC(176) Using 6 workers of 6 for evacuation
[2024-06-28T20:15:46.356-0400][gc,phases   ] GC(176)   Pre Evacuate Collection Set: 1,3ms
[2024-06-28T20:15:46.357-0400][gc,phases   ] GC(176)   Merge Heap Roots: 0,4ms
[2024-06-28T20:15:46.357-0400][gc,phases   ] GC(176)   Evacuate Collection Set: 4,4ms
[2024-06-28T20:15:46.357-0400][gc,phases   ] GC(176)   Post Evacuate Collection Set: 1,4ms
[2024-06-28T20:15:46.357-0400][gc,phases   ] GC(176)   Other: 0,5ms
[2024-06-28T20:15:46.357-0400][gc,heap     ] GC(176) Eden regions: 122->0(314)
[2024-06-28T20:15:46.357-0400][gc,heap     ] GC(176) Survivor regions: 3->3(16)
[2024-06-28T20:15:46.357-0400][gc,heap     ] GC(176) Old regions: 101->101
[2024-06-28T20:15:46.357-0400][gc,heap     ] GC(176) Humongous regions: 129->129
[2024-06-28T20:15:46.357-0400][gc,metaspace] GC(176) Metaspace: 45418K(46144K)->45418K(46144K) NonClass: 40142K(40512K)->40142K(40512K) Class: 5275K(5632K)->5275K(5632K)
[2024-06-28T20:15:46.357-0400][gc          ] GC(176) Pause Young (Normal) (G1 Evacuation Pause) 354M->232M(1024M) 8,153ms
[2024-06-28T20:15:46.357-0400][gc,cpu      ] GC(176) User=0,02s Sys=0,00s Real=0,00s
[2024-06-28T21:09:36.829-0400][gc,start    ] GC(177) Pause Young (Normal) (G1 Evacuation Pause)
[2024-06-28T21:09:36.832-0400][gc,task     ] GC(177) Using 6 workers of 6 for evacuation
[2024-06-28T21:09:36.861-0400][gc,mmu      ] GC(177) MMU target violated: 21,0ms (20,0ms/21,0ms)
[2024-06-28T21:09:36.861-0400][gc,phases   ] GC(177)   Pre Evacuate Collection Set: 0,5ms
[2024-06-28T21:09:36.861-0400][gc,phases   ] GC(177)   Merge Heap Roots: 0,3ms
[2024-06-28T21:09:36.861-0400][gc,phases   ] GC(177)   Evacuate Collection Set: 25,5ms
[2024-06-28T21:09:36.861-0400][gc,phases   ] GC(177)   Post Evacuate Collection Set: 3,0ms
[2024-06-28T21:09:36.861-0400][gc,phases   ] GC(177)   Other: 0,9ms
[2024-06-28T21:09:36.861-0400][gc,heap     ] GC(177) Eden regions: 315->0(247)
[2024-06-28T21:09:36.862-0400][gc,heap     ] GC(177) Survivor regions: 3->4(40)
[2024-06-28T21:09:36.862-0400][gc,heap     ] GC(177) Old regions: 101->101
[2024-06-28T21:09:36.862-0400][gc,heap     ] GC(177) Humongous regions: 129->129
[2024-06-28T21:09:36.862-0400][gc,metaspace] GC(177) Metaspace: 45424K(46208K)->45424K(46208K) NonClass: 40148K(40576K)->40148K(40576K) Class: 5275K(5632K)->5275K(5632K)
[2024-06-28T21:09:36.862-0400][gc          ] GC(177) Pause Young (Normal) (G1 Evacuation Pause) 547M->233M(1024M) 32,496ms
[2024-06-28T21:09:36.862-0400][gc,cpu      ] GC(177) User=0,06s Sys=0,00s Real=0,03s
[2024-06-28T21:51:11.192-0400][gc,start    ] GC(178) Pause Young (Normal) (G1 Evacuation Pause)
[2024-06-28T21:51:11.194-0400][gc,task     ] GC(178) Using 6 workers of 6 for evacuation
[2024-06-28T21:51:11.210-0400][gc,phases   ] GC(178)   Pre Evacuate Collection Set: 2,7ms
[2024-06-28T21:51:11.210-0400][gc,phases   ] GC(178)   Merge Heap Roots: 0,3ms
[2024-06-28T21:51:11.210-0400][gc,phases   ] GC(178)   Evacuate Collection Set: 10,0ms
[2024-06-28T21:51:11.210-0400][gc,phases   ] GC(178)   Post Evacuate Collection Set: 1,9ms
[2024-06-28T21:51:11.210-0400][gc,phases   ] GC(178)   Other: 0,3ms
[2024-06-28T21:51:11.210-0400][gc,heap     ] GC(178) Eden regions: 249->0(534)
[2024-06-28T21:51:11.210-0400][gc,heap     ] GC(178) Survivor regions: 4->3(32)
[2024-06-28T21:51:11.210-0400][gc,heap     ] GC(178) Old regions: 101->101
[2024-06-28T21:51:11.210-0400][gc,heap     ] GC(178) Humongous regions: 129->129
[2024-06-28T21:51:11.210-0400][gc,metaspace] GC(178) Metaspace: 45429K(46208K)->45429K(46208K) NonClass: 40153K(40576K)->40153K(40576K) Class: 5275K(5632K)->5275K(5632K)
[2024-06-28T21:51:11.210-0400][gc          ] GC(178) Pause Young (Normal) (G1 Evacuation Pause) 482M->232M(1024M) 18,572ms
[2024-06-28T21:51:11.210-0400][gc,cpu      ] GC(178) User=0,03s Sys=0,00s Real=0,02s
[2024-06-29T08:38:23.433-0400][gc,start    ] GC(179) Pause Young (Normal) (G1 Evacuation Pause)
[2024-06-29T08:38:23.436-0400][gc,task     ] GC(179) Using 6 workers of 6 for evacuation
[2024-06-29T08:38:23.936-0400][gc,mmu      ] GC(179) MMU target violated: 21,0ms (20,0ms/21,0ms)
[2024-06-29T08:38:23.936-0400][gc,phases   ] GC(179)   Pre Evacuate Collection Set: 2,9ms
[2024-06-29T08:38:23.936-0400][gc,phases   ] GC(179)   Merge Heap Roots: 3,4ms
[2024-06-29T08:38:23.936-0400][gc,phases   ] GC(179)   Evacuate Collection Set: 471,3ms
[2024-06-29T08:38:23.936-0400][gc,phases   ] GC(179)   Post Evacuate Collection Set: 21,2ms
[2024-06-29T08:38:23.936-0400][gc,phases   ] GC(179)   Other: 0,7ms
[2024-06-29T08:38:23.936-0400][gc,heap     ] GC(179) Eden regions: 530->0(47)
[2024-06-29T08:38:23.937-0400][gc,heap     ] GC(179) Survivor regions: 3->4(67)
[2024-06-29T08:38:23.937-0400][gc,heap     ] GC(179) Old regions: 101->101
[2024-06-29T08:38:23.937-0400][gc,heap     ] GC(179) Humongous regions: 129->129
[2024-06-29T08:38:23.937-0400][gc,metaspace] GC(179) Metaspace: 46025K(46784K)->46025K(46784K) NonClass: 40611K(41024K)->40611K(41024K) Class: 5413K(5760K)->5413K(5760K)
[2024-06-29T08:38:23.937-0400][gc          ] GC(179) Pause Young (Normal) (G1 Evacuation Pause) 762M->233M(1024M) 503,258ms
[2024-06-29T08:38:23.937-0400][gc,cpu      ] GC(179) User=0,25s Sys=0,46s Real=0,50s
[2024-06-29T08:44:19.178-0400][gc,start    ] GC(180) Pause Young (Normal) (G1 Evacuation Pause)
[2024-06-29T08:44:19.178-0400][gc,task     ] GC(180) Using 6 workers of 6 for evacuation
[2024-06-29T08:44:19.202-0400][gc,mmu      ] GC(180) MMU target violated: 21,0ms (20,0ms/21,0ms)
[2024-06-29T08:44:19.202-0400][gc,phases   ] GC(180)   Pre Evacuate Collection Set: 0,8ms
[2024-06-29T08:44:19.202-0400][gc,phases   ] GC(180)   Merge Heap Roots: 6,1ms
[2024-06-29T08:44:19.202-0400][gc,phases   ] GC(180)   Evacuate Collection Set: 14,3ms
[2024-06-29T08:44:19.202-0400][gc,phases   ] GC(180)   Post Evacuate Collection Set: 2,4ms
[2024-06-29T08:44:19.202-0400][gc,phases   ] GC(180)   Other: 0,2ms
[2024-06-29T08:44:19.202-0400][gc,heap     ] GC(180) Eden regions: 47->0(47)
[2024-06-29T08:44:19.202-0400][gc,heap     ] GC(180) Survivor regions: 4->4(7)
[2024-06-29T08:44:19.202-0400][gc,heap     ] GC(180) Old regions: 101->101
[2024-06-29T08:44:19.202-0400][gc,heap     ] GC(180) Humongous regions: 129->129
[2024-06-29T08:44:19.202-0400][gc,metaspace] GC(180) Metaspace: 46025K(46784K)->46025K(46784K) NonClass: 40611K(41024K)->40611K(41024K) Class: 5413K(5760K)->5413K(5760K)
[2024-06-29T08:44:19.202-0400][gc          ] GC(180) Pause Young (Normal) (G1 Evacuation Pause) 280M->233M(1024M) 24,120ms
[2024-06-29T08:44:19.202-0400][gc,cpu      ] GC(180) User=0,04s Sys=0,03s Real=0,02s
[2024-06-29T08:50:09.177-0400][gc,start    ] GC(181) Pause Young (Normal) (G1 Evacuation Pause)
[2024-06-29T08:50:09.178-0400][gc,task     ] GC(181) Using 6 workers of 6 for evacuation
[2024-06-29T08:50:09.203-0400][gc,mmu      ] GC(181) MMU target violated: 21,0ms (20,0ms/21,0ms)
[2024-06-29T08:50:09.203-0400][gc,phases   ] GC(181)   Pre Evacuate Collection Set: 1,3ms
[2024-06-29T08:50:09.203-0400][gc,phases   ] GC(181)   Merge Heap Roots: 0,4ms
[2024-06-29T08:50:09.204-0400][gc,phases   ] GC(181)   Evacuate Collection Set: 21,9ms
[2024-06-29T08:50:09.204-0400][gc,phases   ] GC(181)   Post Evacuate Collection Set: 1,1ms
[2024-06-29T08:50:09.204-0400][gc,phases   ] GC(181)   Other: 0,5ms
[2024-06-29T08:50:09.204-0400][gc,heap     ] GC(181) Eden regions: 47->0(46)
[2024-06-29T08:50:09.204-0400][gc,heap     ] GC(181) Survivor regions: 4->5(7)
[2024-06-29T08:50:09.204-0400][gc,heap     ] GC(181) Old regions: 101->101
[2024-06-29T08:50:09.204-0400][gc,heap     ] GC(181) Humongous regions: 129->129
[2024-06-29T08:50:09.204-0400][gc,metaspace] GC(181) Metaspace: 46025K(46784K)->46025K(46784K) NonClass: 40611K(41024K)->40611K(41024K) Class: 5413K(5760K)->5413K(5760K)
[2024-06-29T08:50:09.204-0400][gc          ] GC(181) Pause Young (Normal) (G1 Evacuation Pause) 280M->233M(1024M) 26,617ms
[2024-06-29T08:50:09.204-0400][gc,cpu      ] GC(181) User=0,07s Sys=0,03s Real=0,02s
[2024-06-29T08:56:19.078-0400][gc,start    ] GC(182) Pause Young (Normal) (G1 Evacuation Pause)
[2024-06-29T08:56:19.078-0400][gc,task     ] GC(182) Using 6 workers of 6 for evacuation
[2024-06-29T08:56:19.112-0400][gc,mmu      ] GC(182) MMU target violated: 21,0ms (20,0ms/21,0ms)
[2024-06-29T08:56:19.112-0400][gc,phases   ] GC(182)   Pre Evacuate Collection Set: 0,9ms
[2024-06-29T08:56:19.112-0400][gc,phases   ] GC(182)   Merge Heap Roots: 0,1ms
[2024-06-29T08:56:19.112-0400][gc,phases   ] GC(182)   Evacuate Collection Set: 25,1ms
[2024-06-29T08:56:19.112-0400][gc,phases   ] GC(182)   Post Evacuate Collection Set: 5,6ms
[2024-06-29T08:56:19.112-0400][gc,phases   ] GC(182)   Other: 1,7ms
[2024-06-29T08:56:19.112-0400][gc,heap     ] GC(182) Eden regions: 46->0(47)
[2024-06-29T08:56:19.112-0400][gc,heap     ] GC(182) Survivor regions: 5->4(7)
[2024-06-29T08:56:19.112-0400][gc,heap     ] GC(182) Old regions: 101->102
[2024-06-29T08:56:19.112-0400][gc,heap     ] GC(182) Humongous regions: 129->129
[2024-06-29T08:56:19.112-0400][gc,metaspace] GC(182) Metaspace: 46028K(46784K)->46028K(46784K) NonClass: 40614K(41024K)->40614K(41024K) Class: 5413K(5760K)->5413K(5760K)
[2024-06-29T08:56:19.112-0400][gc          ] GC(182) Pause Young (Normal) (G1 Evacuation Pause) 279M->233M(1024M) 33,604ms
[2024-06-29T08:56:19.112-0400][gc,cpu      ] GC(182) User=0,04s Sys=0,00s Real=0,03s
[2024-06-29T09:02:36.027-0400][gc,start    ] GC(183) Pause Young (Normal) (G1 Evacuation Pause)
[2024-06-29T09:02:36.027-0400][gc,task     ] GC(183) Using 6 workers of 6 for evacuation
[2024-06-29T09:02:36.057-0400][gc,mmu      ] GC(183) MMU target violated: 21,0ms (20,0ms/21,0ms)
[2024-06-29T09:02:36.058-0400][gc,phases   ] GC(183)   Pre Evacuate Collection Set: 0,9ms
[2024-06-29T09:02:36.058-0400][gc,phases   ] GC(183)   Merge Heap Roots: 0,4ms
[2024-06-29T09:02:36.058-0400][gc,phases   ] GC(183)   Evacuate Collection Set: 22,8ms
[2024-06-29T09:02:36.058-0400][gc,phases   ] GC(183)   Post Evacuate Collection Set: 5,1ms
[2024-06-29T09:02:36.058-0400][gc,phases   ] GC(183)   Other: 1,9ms
[2024-06-29T09:02:36.058-0400][gc,heap     ] GC(183) Eden regions: 47->0(47)
[2024-06-29T09:02:36.058-0400][gc,heap     ] GC(183) Survivor regions: 4->4(7)
[2024-06-29T09:02:36.058-0400][gc,heap     ] GC(183) Old regions: 102->102
[2024-06-29T09:02:36.058-0400][gc,heap     ] GC(183) Humongous regions: 129->129
[2024-06-29T09:02:36.058-0400][gc,metaspace] GC(183) Metaspace: 46028K(46784K)->46028K(46784K) NonClass: 40614K(41024K)->40614K(41024K) Class: 5413K(5760K)->5413K(5760K)
[2024-06-29T09:02:36.058-0400][gc          ] GC(183) Pause Young (Normal) (G1 Evacuation Pause) 280M->233M(1024M) 31,438ms
[2024-06-29T09:02:36.058-0400][gc,cpu      ] GC(183) User=0,01s Sys=0,04s Real=0,04s
[2024-06-29T09:08:52.560-0400][gc,start    ] GC(184) Pause Young (Normal) (G1 Evacuation Pause)
[2024-06-29T09:08:52.560-0400][gc,task     ] GC(184) Using 6 workers of 6 for evacuation
[2024-06-29T09:08:52.593-0400][gc,mmu      ] GC(184) MMU target violated: 21,0ms (20,0ms/21,0ms)
[2024-06-29T09:08:52.593-0400][gc,phases   ] GC(184)   Pre Evacuate Collection Set: 1,1ms
[2024-06-29T09:08:52.593-0400][gc,phases   ] GC(184)   Merge Heap Roots: 0,8ms
[2024-06-29T09:08:52.593-0400][gc,phases   ] GC(184)   Evacuate Collection Set: 15,4ms
[2024-06-29T09:08:52.593-0400][gc,phases   ] GC(184)   Post Evacuate Collection Set: 11,8ms
[2024-06-29T09:08:52.593-0400][gc,phases   ] GC(184)   Other: 3,6ms
[2024-06-29T09:08:52.593-0400][gc,heap     ] GC(184) Eden regions: 47->0(47)
[2024-06-29T09:08:52.593-0400][gc,heap     ] GC(184) Survivor regions: 4->4(7)
[2024-06-29T09:08:52.593-0400][gc,heap     ] GC(184) Old regions: 102->102
[2024-06-29T09:08:52.593-0400][gc,heap     ] GC(184) Humongous regions: 129->129
[2024-06-29T09:08:52.593-0400][gc,metaspace] GC(184) Metaspace: 46028K(46784K)->46028K(46784K) NonClass: 40614K(41024K)->40614K(41024K) Class: 5413K(5760K)->5413K(5760K)
[2024-06-29T09:08:52.595-0400][gc          ] GC(184) Pause Young (Normal) (G1 Evacuation Pause) 280M->234M(1024M) 34,184ms
[2024-06-29T09:08:52.595-0400][gc,cpu      ] GC(184) User=0,04s Sys=0,02s Real=0,03s
[2024-06-29T09:15:11.042-0400][gc,start    ] GC(185) Pause Young (Normal) (G1 Evacuation Pause)
[2024-06-29T09:15:11.042-0400][gc,task     ] GC(185) Using 6 workers of 6 for evacuation
[2024-06-29T09:15:11.055-0400][gc,phases   ] GC(185)   Pre Evacuate Collection Set: 0,3ms
[2024-06-29T09:15:11.055-0400][gc,phases   ] GC(185)   Merge Heap Roots: 0,1ms
[2024-06-29T09:15:11.055-0400][gc,phases   ] GC(185)   Evacuate Collection Set: 8,4ms
[2024-06-29T09:15:11.055-0400][gc,phases   ] GC(185)   Post Evacuate Collection Set: 3,9ms
[2024-06-29T09:15:11.055-0400][gc,phases   ] GC(185)   Other: 0,1ms
[2024-06-29T09:15:11.055-0400][gc,heap     ] GC(185) Eden regions: 47->0(47)
[2024-06-29T09:15:11.055-0400][gc,heap     ] GC(185) Survivor regions: 4->4(7)
[2024-06-29T09:15:11.055-0400][gc,heap     ] GC(185) Old regions: 102->102
[2024-06-29T09:15:11.055-0400][gc,heap     ] GC(185) Humongous regions: 129->129
[2024-06-29T09:15:11.055-0400][gc,metaspace] GC(185) Metaspace: 46028K(46784K)->46028K(46784K) NonClass: 40614K(41024K)->40614K(41024K) Class: 5413K(5760K)->5413K(5760K)
[2024-06-29T09:15:11.055-0400][gc          ] GC(185) Pause Young (Normal) (G1 Evacuation Pause) 281M->233M(1024M) 13,038ms
[2024-06-29T09:15:11.055-0400][gc,cpu      ] GC(185) User=0,03s Sys=0,01s Real=0,01s
[2024-06-29T09:21:27.845-0400][gc,start    ] GC(186) Pause Young (Normal) (G1 Evacuation Pause)
[2024-06-29T09:21:27.845-0400][gc,task     ] GC(186) Using 6 workers of 6 for evacuation
[2024-06-29T09:21:27.864-0400][gc,phases   ] GC(186)   Pre Evacuate Collection Set: 0,8ms
[2024-06-29T09:21:27.864-0400][gc,phases   ] GC(186)   Merge Heap Roots: 0,4ms
[2024-06-29T09:21:27.864-0400][gc,phases   ] GC(186)   Evacuate Collection Set: 16,0ms
[2024-06-29T09:21:27.864-0400][gc,phases   ] GC(186)   Post Evacuate Collection Set: 1,6ms
[2024-06-29T09:21:27.864-0400][gc,phases   ] GC(186)   Other: 0,2ms
[2024-06-29T09:21:27.864-0400][gc,heap     ] GC(186) Eden regions: 47->0(47)
[2024-06-29T09:21:27.864-0400][gc,heap     ] GC(186) Survivor regions: 4->4(7)
[2024-06-29T09:21:27.864-0400][gc,heap     ] GC(186) Old regions: 102->102
[2024-06-29T09:21:27.864-0400][gc,heap     ] GC(186) Humongous regions: 129->129
[2024-06-29T09:21:27.864-0400][gc,metaspace] GC(186) Metaspace: 46030K(46784K)->46030K(46784K) NonClass: 40616K(41024K)->40616K(41024K) Class: 5413K(5760K)->5413K(5760K)
[2024-06-29T09:21:27.864-0400][gc          ] GC(186) Pause Young (Normal) (G1 Evacuation Pause) 280M->233M(1024M) 19,383ms
[2024-06-29T09:21:27.865-0400][gc,cpu      ] GC(186) User=0,03s Sys=0,01s Real=0,02s
[2024-06-29T09:27:44.178-0400][gc,start    ] GC(187) Pause Young (Normal) (G1 Evacuation Pause)
[2024-06-29T09:27:44.178-0400][gc,task     ] GC(187) Using 6 workers of 6 for evacuation
[2024-06-29T09:27:44.190-0400][gc,phases   ] GC(187)   Pre Evacuate Collection Set: 1,9ms
[2024-06-29T09:27:44.190-0400][gc,phases   ] GC(187)   Merge Heap Roots: 0,4ms
[2024-06-29T09:27:44.190-0400][gc,phases   ] GC(187)   Evacuate Collection Set: 7,8ms
[2024-06-29T09:27:44.190-0400][gc,phases   ] GC(187)   Post Evacuate Collection Set: 1,7ms
[2024-06-29T09:27:44.190-0400][gc,phases   ] GC(187)   Other: 0,2ms
[2024-06-29T09:27:44.190-0400][gc,heap     ] GC(187) Eden regions: 47->0(47)
[2024-06-29T09:27:44.190-0400][gc,heap     ] GC(187) Survivor regions: 4->4(7)
[2024-06-29T09:27:44.190-0400][gc,heap     ] GC(187) Old regions: 102->102
[2024-06-29T09:27:44.190-0400][gc,heap     ] GC(187) Humongous regions: 129->129
[2024-06-29T09:27:44.190-0400][gc,metaspace] GC(187) Metaspace: 46032K(46848K)->46032K(46848K) NonClass: 40618K(41088K)->40618K(41088K) Class: 5413K(5760K)->5413K(5760K)
[2024-06-29T09:27:44.190-0400][gc          ] GC(187) Pause Young (Normal) (G1 Evacuation Pause) 280M->233M(1024M) 12,806ms
[2024-06-29T09:27:44.190-0400][gc,cpu      ] GC(187) User=0,03s Sys=0,02s Real=0,01s
[2024-06-29T09:34:01.459-0400][gc,start    ] GC(188) Pause Young (Normal) (G1 Evacuation Pause)
[2024-06-29T09:34:01.459-0400][gc,task     ] GC(188) Using 6 workers of 6 for evacuation
[2024-06-29T09:34:01.482-0400][gc,mmu      ] GC(188) MMU target violated: 21,0ms (20,0ms/21,0ms)
[2024-06-29T09:34:01.482-0400][gc,phases   ] GC(188)   Pre Evacuate Collection Set: 0,6ms
[2024-06-29T09:34:01.482-0400][gc,phases   ] GC(188)   Merge Heap Roots: 8,4ms
[2024-06-29T09:34:01.482-0400][gc,phases   ] GC(188)   Evacuate Collection Set: 11,4ms
[2024-06-29T09:34:01.482-0400][gc,phases   ] GC(188)   Post Evacuate Collection Set: 2,6ms
[2024-06-29T09:34:01.483-0400][gc,phases   ] GC(188)   Other: 0,3ms
[2024-06-29T09:34:01.483-0400][gc,heap     ] GC(188) Eden regions: 47->0(47)
[2024-06-29T09:34:01.483-0400][gc,heap     ] GC(188) Survivor regions: 4->4(7)
[2024-06-29T09:34:01.483-0400][gc,heap     ] GC(188) Old regions: 102->102
[2024-06-29T09:34:01.483-0400][gc,heap     ] GC(188) Humongous regions: 129->129
[2024-06-29T09:34:01.483-0400][gc,metaspace] GC(188) Metaspace: 46035K(46848K)->46035K(46848K) NonClass: 40621K(41088K)->40621K(41088K) Class: 5413K(5760K)->5413K(5760K)
[2024-06-29T09:34:01.483-0400][gc          ] GC(188) Pause Young (Normal) (G1 Evacuation Pause) 280M->233M(1024M) 23,573ms
[2024-06-29T09:34:01.483-0400][gc,cpu      ] GC(188) User=0,03s Sys=0,00s Real=0,02s
[2024-06-29T09:39:09.285-0400][gc,start    ] GC(189) Pause Young (Normal) (G1 Evacuation Pause)
[2024-06-29T09:39:09.285-0400][gc,task     ] GC(189) Using 6 workers of 6 for evacuation
[2024-06-29T09:39:09.304-0400][gc,phases   ] GC(189)   Pre Evacuate Collection Set: 0,8ms
[2024-06-29T09:39:09.304-0400][gc,phases   ] GC(189)   Merge Heap Roots: 0,2ms
[2024-06-29T09:39:09.304-0400][gc,phases   ] GC(189)   Evacuate Collection Set: 10,2ms
[2024-06-29T09:39:09.304-0400][gc,phases   ] GC(189)   Post Evacuate Collection Set: 7,2ms
[2024-06-29T09:39:09.304-0400][gc,phases   ] GC(189)   Other: 0,1ms
[2024-06-29T09:39:09.304-0400][gc,heap     ] GC(189) Eden regions: 47->0(48)
[2024-06-29T09:39:09.304-0400][gc,heap     ] GC(189) Survivor regions: 4->3(7)
[2024-06-29T09:39:09.304-0400][gc,heap     ] GC(189) Old regions: 102->102
[2024-06-29T09:39:09.304-0400][gc,heap     ] GC(189) Humongous regions: 129->129
[2024-06-29T09:39:09.304-0400][gc,metaspace] GC(189) Metaspace: 46257K(47040K)->46257K(47040K) NonClass: 40843K(41280K)->40843K(41280K) Class: 5413K(5760K)->5413K(5760K)
[2024-06-29T09:39:09.304-0400][gc          ] GC(189) Pause Young (Normal) (G1 Evacuation Pause) 280M->232M(1024M) 18,716ms
[2024-06-29T09:39:09.304-0400][gc,cpu      ] GC(189) User=0,03s Sys=0,00s Real=0,02s
[2024-06-29T09:42:05.729-0400][gc,start    ] GC(190) Pause Young (Normal) (G1 Evacuation Pause)
[2024-06-29T09:42:05.729-0400][gc,task     ] GC(190) Using 6 workers of 6 for evacuation
[2024-06-29T09:42:05.745-0400][gc,phases   ] GC(190)   Pre Evacuate Collection Set: 0,6ms
[2024-06-29T09:42:05.745-0400][gc,phases   ] GC(190)   Merge Heap Roots: 0,2ms
[2024-06-29T09:42:05.745-0400][gc,phases   ] GC(190)   Evacuate Collection Set: 14,5ms
[2024-06-29T09:42:05.745-0400][gc,phases   ] GC(190)   Post Evacuate Collection Set: 1,1ms
[2024-06-29T09:42:05.745-0400][gc,phases   ] GC(190)   Other: 0,2ms
[2024-06-29T09:42:05.745-0400][gc,heap     ] GC(190) Eden regions: 48->0(47)
[2024-06-29T09:42:05.745-0400][gc,heap     ] GC(190) Survivor regions: 3->4(7)
[2024-06-29T09:42:05.745-0400][gc,heap     ] GC(190) Old regions: 102->102
[2024-06-29T09:42:05.745-0400][gc,heap     ] GC(190) Humongous regions: 129->129
[2024-06-29T09:42:05.745-0400][gc,metaspace] GC(190) Metaspace: 46482K(47232K)->46482K(47232K) NonClass: 41068K(41472K)->41068K(41472K) Class: 5413K(5760K)->5413K(5760K)
[2024-06-29T09:42:05.745-0400][gc          ] GC(190) Pause Young (Normal) (G1 Evacuation Pause) 280M->233M(1024M) 16,934ms
[2024-06-29T09:42:05.746-0400][gc,cpu      ] GC(190) User=0,03s Sys=0,01s Real=0,02s
[2024-06-29T09:44:46.538-0400][gc,start    ] GC(191) Pause Young (Normal) (G1 Evacuation Pause)
[2024-06-29T09:44:46.538-0400][gc,task     ] GC(191) Using 6 workers of 6 for evacuation
[2024-06-29T09:44:46.558-0400][gc,phases   ] GC(191)   Pre Evacuate Collection Set: 0,8ms
[2024-06-29T09:44:46.558-0400][gc,phases   ] GC(191)   Merge Heap Roots: 0,4ms
[2024-06-29T09:44:46.558-0400][gc,phases   ] GC(191)   Evacuate Collection Set: 14,7ms
[2024-06-29T09:44:46.558-0400][gc,phases   ] GC(191)   Post Evacuate Collection Set: 3,1ms
[2024-06-29T09:44:46.558-0400][gc,phases   ] GC(191)   Other: 0,2ms
[2024-06-29T09:44:46.558-0400][gc,heap     ] GC(191) Eden regions: 47->0(47)
[2024-06-29T09:44:46.558-0400][gc,heap     ] GC(191) Survivor regions: 4->4(7)
[2024-06-29T09:44:46.558-0400][gc,heap     ] GC(191) Old regions: 102->102
[2024-06-29T09:44:46.558-0400][gc,heap     ] GC(191) Humongous regions: 129->129
[2024-06-29T09:44:46.558-0400][gc,metaspace] GC(191) Metaspace: 46482K(47232K)->46482K(47232K) NonClass: 41068K(41472K)->41068K(41472K) Class: 5413K(5760K)->5413K(5760K)
[2024-06-29T09:44:46.558-0400][gc          ] GC(191) Pause Young (Normal) (G1 Evacuation Pause) 280M->233M(1024M) 19,598ms
[2024-06-29T09:44:46.558-0400][gc,cpu      ] GC(191) User=0,03s Sys=0,00s Real=0,03s
[2024-06-29T09:47:19.454-0400][gc,start    ] GC(192) Pause Young (Normal) (G1 Evacuation Pause)
[2024-06-29T09:47:19.454-0400][gc,task     ] GC(192) Using 6 workers of 6 for evacuation
[2024-06-29T09:47:19.470-0400][gc,phases   ] GC(192)   Pre Evacuate Collection Set: 1,7ms
[2024-06-29T09:47:19.470-0400][gc,phases   ] GC(192)   Merge Heap Roots: 0,1ms
[2024-06-29T09:47:19.470-0400][gc,phases   ] GC(192)   Evacuate Collection Set: 12,2ms
[2024-06-29T09:47:19.470-0400][gc,phases   ] GC(192)   Post Evacuate Collection Set: 1,7ms
[2024-06-29T09:47:19.470-0400][gc,phases   ] GC(192)   Other: 0,1ms
[2024-06-29T09:47:19.470-0400][gc,heap     ] GC(192) Eden regions: 47->0(47)
[2024-06-29T09:47:19.470-0400][gc,heap     ] GC(192) Survivor regions: 4->4(7)
[2024-06-29T09:47:19.470-0400][gc,heap     ] GC(192) Old regions: 102->102
[2024-06-29T09:47:19.470-0400][gc,heap     ] GC(192) Humongous regions: 129->129
[2024-06-29T09:47:19.470-0400][gc,metaspace] GC(192) Metaspace: 46483K(47232K)->46483K(47232K) NonClass: 41068K(41472K)->41068K(41472K) Class: 5414K(5760K)->5414K(5760K)
[2024-06-29T09:47:19.470-0400][gc          ] GC(192) Pause Young (Normal) (G1 Evacuation Pause) 280M->233M(1024M) 15,969ms
[2024-06-29T09:47:19.470-0400][gc,cpu      ] GC(192) User=0,04s Sys=0,01s Real=0,02s
[2024-06-29T09:52:28.084-0400][gc,start    ] GC(193) Pause Young (Normal) (G1 Evacuation Pause)
[2024-06-29T09:52:28.084-0400][gc,task     ] GC(193) Using 6 workers of 6 for evacuation
[2024-06-29T09:52:28.091-0400][gc,phases   ] GC(193)   Pre Evacuate Collection Set: 0,7ms
[2024-06-29T09:52:28.091-0400][gc,phases   ] GC(193)   Merge Heap Roots: 0,2ms
[2024-06-29T09:52:28.091-0400][gc,phases   ] GC(193)   Evacuate Collection Set: 4,3ms
[2024-06-29T09:52:28.091-0400][gc,phases   ] GC(193)   Post Evacuate Collection Set: 1,7ms
[2024-06-29T09:52:28.091-0400][gc,phases   ] GC(193)   Other: 0,2ms
[2024-06-29T09:52:28.091-0400][gc,heap     ] GC(193) Eden regions: 47->0(47)
[2024-06-29T09:52:28.091-0400][gc,heap     ] GC(193) Survivor regions: 4->4(7)
[2024-06-29T09:52:28.091-0400][gc,heap     ] GC(193) Old regions: 102->102
[2024-06-29T09:52:28.091-0400][gc,heap     ] GC(193) Humongous regions: 129->129
[2024-06-29T09:52:28.091-0400][gc,metaspace] GC(193) Metaspace: 46487K(47232K)->46487K(47232K) NonClass: 41073K(41472K)->41073K(41472K) Class: 5414K(5760K)->5414K(5760K)
[2024-06-29T09:52:28.091-0400][gc          ] GC(193) Pause Young (Normal) (G1 Evacuation Pause) 280M->233M(1024M) 7,327ms
[2024-06-29T09:52:28.091-0400][gc,cpu      ] GC(193) User=0,02s Sys=0,00s Real=0,01s
[2024-06-29T09:58:40.576-0400][gc,start    ] GC(194) Pause Young (Normal) (G1 Evacuation Pause)
[2024-06-29T09:58:40.576-0400][gc,task     ] GC(194) Using 6 workers of 6 for evacuation
[2024-06-29T09:58:40.586-0400][gc,phases   ] GC(194)   Pre Evacuate Collection Set: 0,8ms
[2024-06-29T09:58:40.586-0400][gc,phases   ] GC(194)   Merge Heap Roots: 0,4ms
[2024-06-29T09:58:40.586-0400][gc,phases   ] GC(194)   Evacuate Collection Set: 7,4ms
[2024-06-29T09:58:40.586-0400][gc,phases   ] GC(194)   Post Evacuate Collection Set: 1,4ms
[2024-06-29T09:58:40.586-0400][gc,phases   ] GC(194)   Other: 0,2ms
[2024-06-29T09:58:40.586-0400][gc,heap     ] GC(194) Eden regions: 47->0(46)
[2024-06-29T09:58:40.586-0400][gc,heap     ] GC(194) Survivor regions: 4->5(7)
[2024-06-29T09:58:40.586-0400][gc,heap     ] GC(194) Old regions: 102->102
[2024-06-29T09:58:40.586-0400][gc,heap     ] GC(194) Humongous regions: 129->129
[2024-06-29T09:58:40.586-0400][gc,metaspace] GC(194) Metaspace: 46487K(47232K)->46487K(47232K) NonClass: 41073K(41472K)->41073K(41472K) Class: 5414K(5760K)->5414K(5760K)
[2024-06-29T09:58:40.586-0400][gc          ] GC(194) Pause Young (Normal) (G1 Evacuation Pause) 280M->234M(1024M) 10,391ms
[2024-06-29T09:58:40.586-0400][gc,cpu      ] GC(194) User=0,02s Sys=0,01s Real=0,01s
[2024-06-29T10:04:45.630-0400][gc,start    ] GC(195) Pause Young (Normal) (G1 Evacuation Pause)
[2024-06-29T10:04:45.630-0400][gc,task     ] GC(195) Using 6 workers of 6 for evacuation
[2024-06-29T10:04:45.643-0400][gc,phases   ] GC(195)   Pre Evacuate Collection Set: 1,1ms
[2024-06-29T10:04:45.643-0400][gc,phases   ] GC(195)   Merge Heap Roots: 0,3ms
[2024-06-29T10:04:45.643-0400][gc,phases   ] GC(195)   Evacuate Collection Set: 10,0ms
[2024-06-29T10:04:45.643-0400][gc,phases   ] GC(195)   Post Evacuate Collection Set: 1,2ms
[2024-06-29T10:04:45.643-0400][gc,phases   ] GC(195)   Other: 0,3ms
[2024-06-29T10:04:45.643-0400][gc,heap     ] GC(195) Eden regions: 46->0(64)
[2024-06-29T10:04:45.643-0400][gc,heap     ] GC(195) Survivor regions: 5->4(7)
[2024-06-29T10:04:45.643-0400][gc,heap     ] GC(195) Old regions: 102->103
[2024-06-29T10:04:45.643-0400][gc,heap     ] GC(195) Humongous regions: 129->129
[2024-06-29T10:04:45.643-0400][gc,metaspace] GC(195) Metaspace: 46490K(47232K)->46490K(47232K) NonClass: 41076K(41472K)->41076K(41472K) Class: 5414K(5760K)->5414K(5760K)
[2024-06-29T10:04:45.643-0400][gc          ] GC(195) Pause Young (Normal) (G1 Evacuation Pause) 280M->234M(1024M) 13,067ms
[2024-06-29T10:04:45.643-0400][gc,cpu      ] GC(195) User=0,01s Sys=0,02s Real=0,01s
[2024-06-29T10:13:15.365-0400][gc,start    ] GC(196) Pause Young (Normal) (G1 Evacuation Pause)
[2024-06-29T10:13:15.365-0400][gc,task     ] GC(196) Using 6 workers of 6 for evacuation
[2024-06-29T10:13:15.412-0400][gc,mmu      ] GC(196) MMU target violated: 21,0ms (20,0ms/21,0ms)
[2024-06-29T10:13:15.412-0400][gc,phases   ] GC(196)   Pre Evacuate Collection Set: 2,1ms
[2024-06-29T10:13:15.412-0400][gc,phases   ] GC(196)   Merge Heap Roots: 0,2ms
[2024-06-29T10:13:15.412-0400][gc,phases   ] GC(196)   Evacuate Collection Set: 42,8ms
[2024-06-29T10:13:15.412-0400][gc,phases   ] GC(196)   Post Evacuate Collection Set: 1,2ms
[2024-06-29T10:13:15.412-0400][gc,phases   ] GC(196)   Other: 0,5ms
[2024-06-29T10:13:15.412-0400][gc,heap     ] GC(196) Eden regions: 64->0(46)
[2024-06-29T10:13:15.412-0400][gc,heap     ] GC(196) Survivor regions: 4->5(9)
[2024-06-29T10:13:15.412-0400][gc,heap     ] GC(196) Old regions: 103->103
[2024-06-29T10:13:15.412-0400][gc,heap     ] GC(196) Humongous regions: 129->129
[2024-06-29T10:13:15.412-0400][gc,metaspace] GC(196) Metaspace: 46493K(47232K)->46493K(47232K) NonClass: 41079K(41472K)->41079K(41472K) Class: 5414K(5760K)->5414K(5760K)
[2024-06-29T10:13:15.412-0400][gc          ] GC(196) Pause Young (Normal) (G1 Evacuation Pause) 298M->235M(1024M) 46,980ms
[2024-06-29T10:13:15.412-0400][gc,cpu      ] GC(196) User=0,18s Sys=0,04s Real=0,05s
[2024-06-29T10:19:21.534-0400][gc,start    ] GC(197) Pause Young (Normal) (G1 Evacuation Pause)
[2024-06-29T10:19:21.535-0400][gc,task     ] GC(197) Using 6 workers of 6 for evacuation
[2024-06-29T10:19:21.545-0400][gc,phases   ] GC(197)   Pre Evacuate Collection Set: 0,7ms
[2024-06-29T10:19:21.545-0400][gc,phases   ] GC(197)   Merge Heap Roots: 0,3ms
[2024-06-29T10:19:21.545-0400][gc,phases   ] GC(197)   Evacuate Collection Set: 7,6ms
[2024-06-29T10:19:21.545-0400][gc,phases   ] GC(197)   Post Evacuate Collection Set: 1,4ms
[2024-06-29T10:19:21.545-0400][gc,phases   ] GC(197)   Other: 0,1ms
[2024-06-29T10:19:21.545-0400][gc,heap     ] GC(197) Eden regions: 46->0(47)
[2024-06-29T10:19:21.545-0400][gc,heap     ] GC(197) Survivor regions: 5->4(7)
[2024-06-29T10:19:21.545-0400][gc,heap     ] GC(197) Old regions: 103->103
[2024-06-29T10:19:21.545-0400][gc,heap     ] GC(197) Humongous regions: 129->129
[2024-06-29T10:19:21.545-0400][gc,metaspace] GC(197) Metaspace: 46493K(47232K)->46493K(47232K) NonClass: 41079K(41472K)->41079K(41472K) Class: 5414K(5760K)->5414K(5760K)
[2024-06-29T10:19:21.545-0400][gc          ] GC(197) Pause Young (Normal) (G1 Evacuation Pause) 281M->235M(1024M) 10,388ms
[2024-06-29T10:19:21.545-0400][gc,cpu      ] GC(197) User=0,01s Sys=0,01s Real=0,01s
[2024-06-29T10:25:36.390-0400][gc,start    ] GC(198) Pause Young (Normal) (G1 Evacuation Pause)
[2024-06-29T10:25:36.390-0400][gc,task     ] GC(198) Using 6 workers of 6 for evacuation
[2024-06-29T10:25:36.399-0400][gc,phases   ] GC(198)   Pre Evacuate Collection Set: 0,5ms
[2024-06-29T10:25:36.399-0400][gc,phases   ] GC(198)   Merge Heap Roots: 0,4ms
[2024-06-29T10:25:36.399-0400][gc,phases   ] GC(198)   Evacuate Collection Set: 7,0ms
[2024-06-29T10:25:36.399-0400][gc,phases   ] GC(198)   Post Evacuate Collection Set: 1,3ms
[2024-06-29T10:25:36.399-0400][gc,phases   ] GC(198)   Other: 0,1ms
[2024-06-29T10:25:36.399-0400][gc,heap     ] GC(198) Eden regions: 47->0(46)
[2024-06-29T10:25:36.399-0400][gc,heap     ] GC(198) Survivor regions: 4->5(7)
[2024-06-29T10:25:36.399-0400][gc,heap     ] GC(198) Old regions: 103->104
[2024-06-29T10:25:36.399-0400][gc,heap     ] GC(198) Humongous regions: 129->129
[2024-06-29T10:25:36.399-0400][gc,metaspace] GC(198) Metaspace: 46493K(47232K)->46493K(47232K) NonClass: 41079K(41472K)->41079K(41472K) Class: 5414K(5760K)->5414K(5760K)
[2024-06-29T10:25:36.399-0400][gc          ] GC(198) Pause Young (Normal) (G1 Evacuation Pause) 282M->236M(1024M) 9,401ms
[2024-06-29T10:25:36.399-0400][gc,cpu      ] GC(198) User=0,02s Sys=0,02s Real=0,01s
[2024-06-29T10:31:42.673-0400][gc,start    ] GC(199) Pause Young (Normal) (G1 Evacuation Pause)
[2024-06-29T10:31:42.673-0400][gc,task     ] GC(199) Using 6 workers of 6 for evacuation
[2024-06-29T10:31:42.683-0400][gc,phases   ] GC(199)   Pre Evacuate Collection Set: 0,7ms
[2024-06-29T10:31:42.683-0400][gc,phases   ] GC(199)   Merge Heap Roots: 0,4ms
[2024-06-29T10:31:42.683-0400][gc,phases   ] GC(199)   Evacuate Collection Set: 6,8ms
[2024-06-29T10:31:42.683-0400][gc,phases   ] GC(199)   Post Evacuate Collection Set: 1,3ms
[2024-06-29T10:31:42.683-0400][gc,phases   ] GC(199)   Other: 0,1ms
[2024-06-29T10:31:42.683-0400][gc,heap     ] GC(199) Eden regions: 46->0(101)
[2024-06-29T10:31:42.683-0400][gc,heap     ] GC(199) Survivor regions: 5->4(7)
[2024-06-29T10:31:42.683-0400][gc,heap     ] GC(199) Old regions: 104->104
[2024-06-29T10:31:42.683-0400][gc,heap     ] GC(199) Humongous regions: 129->129
[2024-06-29T10:31:42.683-0400][gc,metaspace] GC(199) Metaspace: 46493K(47232K)->46493K(47232K) NonClass: 41079K(41472K)->41079K(41472K) Class: 5414K(5760K)->5414K(5760K)
[2024-06-29T10:31:42.683-0400][gc          ] GC(199) Pause Young (Normal) (G1 Evacuation Pause) 282M->236M(1024M) 9,614ms
[2024-06-29T10:31:42.683-0400][gc,cpu      ] GC(199) User=0,02s Sys=0,01s Real=0,01s
[2024-06-29T10:44:48.117-0400][gc,start    ] GC(200) Pause Young (Normal) (G1 Evacuation Pause)
[2024-06-29T10:44:48.117-0400][gc,task     ] GC(200) Using 6 workers of 6 for evacuation
[2024-06-29T10:44:48.156-0400][gc,mmu      ] GC(200) MMU target violated: 21,0ms (20,0ms/21,0ms)
[2024-06-29T10:44:48.156-0400][gc,phases   ] GC(200)   Pre Evacuate Collection Set: 0,7ms
[2024-06-29T10:44:48.156-0400][gc,phases   ] GC(200)   Merge Heap Roots: 1,3ms
[2024-06-29T10:44:48.156-0400][gc,phases   ] GC(200)   Evacuate Collection Set: 35,4ms
[2024-06-29T10:44:48.156-0400][gc,phases   ] GC(200)   Post Evacuate Collection Set: 1,9ms
[2024-06-29T10:44:48.156-0400][gc,phases   ] GC(200)   Other: 0,1ms
[2024-06-29T10:44:48.156-0400][gc,heap     ] GC(200) Eden regions: 98->0(45)
[2024-06-29T10:44:48.156-0400][gc,heap     ] GC(200) Survivor regions: 4->6(13)
[2024-06-29T10:44:48.156-0400][gc,heap     ] GC(200) Old regions: 104->104
[2024-06-29T10:44:48.156-0400][gc,heap     ] GC(200) Humongous regions: 129->129
[2024-06-29T10:44:48.156-0400][gc,metaspace] GC(200) Metaspace: 46493K(47232K)->46493K(47232K) NonClass: 41079K(41472K)->41079K(41472K) Class: 5414K(5760K)->5414K(5760K)
[2024-06-29T10:44:48.156-0400][gc          ] GC(200) Pause Young (Normal) (G1 Evacuation Pause) 334M->238M(1024M) 39,643ms
[2024-06-29T10:44:48.156-0400][gc,cpu      ] GC(200) User=0,13s Sys=0,05s Real=0,03s
[2024-06-29T10:50:14.178-0400][gc,start    ] GC(201) Pause Young (Normal) (G1 Evacuation Pause)
[2024-06-29T10:50:14.178-0400][gc,task     ] GC(201) Using 6 workers of 6 for evacuation
[2024-06-29T10:50:14.190-0400][gc,phases   ] GC(201)   Pre Evacuate Collection Set: 0,6ms
[2024-06-29T10:50:14.190-0400][gc,phases   ] GC(201)   Merge Heap Roots: 0,3ms
[2024-06-29T10:50:14.190-0400][gc,phases   ] GC(201)   Evacuate Collection Set: 10,2ms
[2024-06-29T10:50:14.190-0400][gc,phases   ] GC(201)   Post Evacuate Collection Set: 1,6ms
[2024-06-29T10:50:14.190-0400][gc,phases   ] GC(201)   Other: 0,1ms
[2024-06-29T10:50:14.190-0400][gc,heap     ] GC(201) Eden regions: 45->0(48)
[2024-06-29T10:50:14.190-0400][gc,heap     ] GC(201) Survivor regions: 6->4(7)
[2024-06-29T10:50:14.190-0400][gc,heap     ] GC(201) Old regions: 104->107
[2024-06-29T10:50:14.190-0400][gc,heap     ] GC(201) Humongous regions: 129->129
[2024-06-29T10:50:14.190-0400][gc,metaspace] GC(201) Metaspace: 46493K(47232K)->46493K(47232K) NonClass: 41079K(41472K)->41079K(41472K) Class: 5414K(5760K)->5414K(5760K)
[2024-06-29T10:50:14.190-0400][gc          ] GC(201) Pause Young (Normal) (G1 Evacuation Pause) 283M->239M(1024M) 12,925ms
[2024-06-29T10:50:14.191-0400][gc,cpu      ] GC(201) User=0,01s Sys=0,02s Real=0,01s
[2024-06-29T10:56:29.877-0400][gc,start    ] GC(202) Pause Young (Normal) (G1 Evacuation Pause)
[2024-06-29T10:56:29.877-0400][gc,task     ] GC(202) Using 6 workers of 6 for evacuation
[2024-06-29T10:56:29.886-0400][gc,phases   ] GC(202)   Pre Evacuate Collection Set: 0,6ms
[2024-06-29T10:56:29.886-0400][gc,phases   ] GC(202)   Merge Heap Roots: 0,7ms
[2024-06-29T10:56:29.886-0400][gc,phases   ] GC(202)   Evacuate Collection Set: 6,3ms
[2024-06-29T10:56:29.886-0400][gc,phases   ] GC(202)   Post Evacuate Collection Set: 1,4ms
[2024-06-29T10:56:29.886-0400][gc,phases   ] GC(202)   Other: 0,1ms
[2024-06-29T10:56:29.886-0400][gc,heap     ] GC(202) Eden regions: 47->0(187)
[2024-06-29T10:56:29.886-0400][gc,heap     ] GC(202) Survivor regions: 4->4(7)
[2024-06-29T10:56:29.886-0400][gc,heap     ] GC(202) Old regions: 107->107
[2024-06-29T10:56:29.886-0400][gc,heap     ] GC(202) Humongous regions: 129->129
[2024-06-29T10:56:29.886-0400][gc,metaspace] GC(202) Metaspace: 46493K(47232K)->46493K(47232K) NonClass: 41079K(41472K)->41079K(41472K) Class: 5414K(5760K)->5414K(5760K)
[2024-06-29T10:56:29.886-0400][gc          ] GC(202) Pause Young (Normal) (G1 Evacuation Pause) 286M->239M(1024M) 9,255ms
[2024-06-29T10:56:29.886-0400][gc,cpu      ] GC(202) User=0,01s Sys=0,01s Real=0,00s
[2024-06-29T11:21:22.313-0400][gc,start    ] GC(203) Pause Young (Normal) (G1 Evacuation Pause)
[2024-06-29T11:21:22.313-0400][gc,task     ] GC(203) Using 6 workers of 6 for evacuation
[2024-06-29T11:21:22.339-0400][gc,mmu      ] GC(203) MMU target violated: 21,0ms (20,0ms/21,0ms)
[2024-06-29T11:21:22.339-0400][gc,phases   ] GC(203)   Pre Evacuate Collection Set: 1,1ms
[2024-06-29T11:21:22.339-0400][gc,phases   ] GC(203)   Merge Heap Roots: 0,9ms
[2024-06-29T11:21:22.339-0400][gc,phases   ] GC(203)   Evacuate Collection Set: 22,3ms
[2024-06-29T11:21:22.339-0400][gc,phases   ] GC(203)   Post Evacuate Collection Set: 1,4ms
[2024-06-29T11:21:22.339-0400][gc,phases   ] GC(203)   Other: 0,3ms
[2024-06-29T11:21:22.339-0400][gc,heap     ] GC(203) Eden regions: 186->0(68)
[2024-06-29T11:21:22.339-0400][gc,heap     ] GC(203) Survivor regions: 4->4(24)
[2024-06-29T11:21:22.339-0400][gc,heap     ] GC(203) Old regions: 107->107
[2024-06-29T11:21:22.339-0400][gc,heap     ] GC(203) Humongous regions: 129->129
[2024-06-29T11:21:22.339-0400][gc,metaspace] GC(203) Metaspace: 46493K(47232K)->46493K(47232K) NonClass: 41079K(41472K)->41079K(41472K) Class: 5414K(5760K)->5414K(5760K)
[2024-06-29T11:21:22.339-0400][gc          ] GC(203) Pause Young (Normal) (G1 Evacuation Pause) 425M->238M(1024M) 26,269ms
[2024-06-29T11:21:22.339-0400][gc,cpu      ] GC(203) User=0,06s Sys=0,04s Real=0,03s
[2024-06-29T11:30:08.686-0400][gc,start    ] GC(204) Pause Young (Normal) (G1 Evacuation Pause)
[2024-06-29T11:30:08.686-0400][gc,task     ] GC(204) Using 6 workers of 6 for evacuation
[2024-06-29T11:30:08.707-0400][gc,mmu      ] GC(204) MMU target violated: 21,0ms (20,0ms/21,0ms)
[2024-06-29T11:30:08.707-0400][gc,phases   ] GC(204)   Pre Evacuate Collection Set: 0,5ms
[2024-06-29T11:30:08.707-0400][gc,phases   ] GC(204)   Merge Heap Roots: 2,8ms
[2024-06-29T11:30:08.707-0400][gc,phases   ] GC(204)   Evacuate Collection Set: 16,1ms
[2024-06-29T11:30:08.707-0400][gc,phases   ] GC(204)   Post Evacuate Collection Set: 1,0ms
[2024-06-29T11:30:08.707-0400][gc,phases   ] GC(204)   Other: 0,8ms
[2024-06-29T11:30:08.707-0400][gc,heap     ] GC(204) Eden regions: 67->0(184)
[2024-06-29T11:30:08.707-0400][gc,heap     ] GC(204) Survivor regions: 4->4(9)
[2024-06-29T11:30:08.707-0400][gc,heap     ] GC(204) Old regions: 107->107
[2024-06-29T11:30:08.707-0400][gc,heap     ] GC(204) Humongous regions: 129->129
[2024-06-29T11:30:08.707-0400][gc,metaspace] GC(204) Metaspace: 46493K(47232K)->46493K(47232K) NonClass: 41079K(41472K)->41079K(41472K) Class: 5414K(5760K)->5414K(5760K)
[2024-06-29T11:30:08.707-0400][gc          ] GC(204) Pause Young (Normal) (G1 Evacuation Pause) 305M->239M(1024M) 21,356ms
[2024-06-29T11:30:08.707-0400][gc,cpu      ] GC(204) User=0,03s Sys=0,02s Real=0,03s
[2024-06-29T11:54:16.182-0400][gc,start    ] GC(205) Pause Young (Normal) (G1 Evacuation Pause)
[2024-06-29T11:54:16.182-0400][gc,task     ] GC(205) Using 6 workers of 6 for evacuation
[2024-06-29T11:54:16.198-0400][gc,phases   ] GC(205)   Pre Evacuate Collection Set: 2,1ms
[2024-06-29T11:54:16.198-0400][gc,phases   ] GC(205)   Merge Heap Roots: 0,2ms
[2024-06-29T11:54:16.198-0400][gc,phases   ] GC(205)   Evacuate Collection Set: 10,3ms
[2024-06-29T11:54:16.198-0400][gc,phases   ] GC(205)   Post Evacuate Collection Set: 2,9ms
[2024-06-29T11:54:16.198-0400][gc,phases   ] GC(205)   Other: 0,1ms
[2024-06-29T11:54:16.198-0400][gc,heap     ] GC(205) Eden regions: 183->0(329)
[2024-06-29T11:54:16.198-0400][gc,heap     ] GC(205) Survivor regions: 4->3(24)
[2024-06-29T11:54:16.198-0400][gc,heap     ] GC(205) Old regions: 107->107
[2024-06-29T11:54:16.198-0400][gc,heap     ] GC(205) Humongous regions: 129->129
[2024-06-29T11:54:16.198-0400][gc,metaspace] GC(205) Metaspace: 46498K(47296K)->46498K(47296K) NonClass: 41084K(41536K)->41084K(41536K) Class: 5414K(5760K)->5414K(5760K)
[2024-06-29T11:54:16.198-0400][gc          ] GC(205) Pause Young (Normal) (G1 Evacuation Pause) 422M->238M(1024M) 15,783ms
[2024-06-29T11:54:16.198-0400][gc,cpu      ] GC(205) User=0,02s Sys=0,00s Real=0,02s
[2024-06-29T12:38:26.335-0400][gc,start    ] GC(206) Pause Young (Normal) (G1 Evacuation Pause)
[2024-06-29T12:38:26.337-0400][gc,task     ] GC(206) Using 6 workers of 6 for evacuation
[2024-06-29T12:38:26.375-0400][gc,mmu      ] GC(206) MMU target violated: 21,0ms (20,0ms/21,0ms)
[2024-06-29T12:38:26.375-0400][gc,phases   ] GC(206)   Pre Evacuate Collection Set: 0,8ms
[2024-06-29T12:38:26.375-0400][gc,phases   ] GC(206)   Merge Heap Roots: 0,3ms
[2024-06-29T12:38:26.375-0400][gc,phases   ] GC(206)   Evacuate Collection Set: 35,3ms
[2024-06-29T12:38:26.375-0400][gc,phases   ] GC(206)   Post Evacuate Collection Set: 1,6ms
[2024-06-29T12:38:26.375-0400][gc,phases   ] GC(206)   Other: 0,2ms
[2024-06-29T12:38:26.375-0400][gc,heap     ] GC(206) Eden regions: 327->0(47)
[2024-06-29T12:38:26.375-0400][gc,heap     ] GC(206) Survivor regions: 3->4(42)
[2024-06-29T12:38:26.375-0400][gc,heap     ] GC(206) Old regions: 107->107
[2024-06-29T12:38:26.375-0400][gc,heap     ] GC(206) Humongous regions: 129->129
[2024-06-29T12:38:26.375-0400][gc,metaspace] GC(206) Metaspace: 46498K(47296K)->46498K(47296K) NonClass: 41084K(41536K)->41084K(41536K) Class: 5414K(5760K)->5414K(5760K)
[2024-06-29T12:38:26.375-0400][gc          ] GC(206) Pause Young (Normal) (G1 Evacuation Pause) 565M->238M(1024M) 40,742ms
[2024-06-29T12:38:26.375-0400][gc,cpu      ] GC(206) User=0,12s Sys=0,06s Real=0,04s
[2024-06-29T12:44:37.678-0400][gc,start    ] GC(207) Pause Young (Normal) (G1 Evacuation Pause)
[2024-06-29T12:44:37.678-0400][gc,task     ] GC(207) Using 6 workers of 6 for evacuation
[2024-06-29T12:44:37.698-0400][gc,phases   ] GC(207)   Pre Evacuate Collection Set: 0,6ms
[2024-06-29T12:44:37.698-0400][gc,phases   ] GC(207)   Merge Heap Roots: 0,6ms
[2024-06-29T12:44:37.698-0400][gc,phases   ] GC(207)   Evacuate Collection Set: 6,9ms
[2024-06-29T12:44:37.698-0400][gc,phases   ] GC(207)   Post Evacuate Collection Set: 9,4ms
[2024-06-29T12:44:37.698-0400][gc,phases   ] GC(207)   Other: 2,1ms
[2024-06-29T12:44:37.698-0400][gc,heap     ] GC(207) Eden regions: 47->0(48)
[2024-06-29T12:44:37.698-0400][gc,heap     ] GC(207) Survivor regions: 4->3(7)
[2024-06-29T12:44:37.698-0400][gc,heap     ] GC(207) Old regions: 107->107
[2024-06-29T12:44:37.698-0400][gc,heap     ] GC(207) Humongous regions: 129->129
[2024-06-29T12:44:37.698-0400][gc,metaspace] GC(207) Metaspace: 46498K(47296K)->46498K(47296K) NonClass: 41084K(41536K)->41084K(41536K) Class: 5414K(5760K)->5414K(5760K)
[2024-06-29T12:44:37.698-0400][gc          ] GC(207) Pause Young (Normal) (G1 Evacuation Pause) 285M->238M(1024M) 19,830ms
[2024-06-29T12:44:37.698-0400][gc,cpu      ] GC(207) User=0,01s Sys=0,03s Real=0,02s
[2024-06-29T12:50:33.814-0400][gc,start    ] GC(208) Pause Young (Normal) (G1 Evacuation Pause)
[2024-06-29T12:50:33.814-0400][gc,task     ] GC(208) Using 6 workers of 6 for evacuation
[2024-06-29T12:50:33.824-0400][gc,phases   ] GC(208)   Pre Evacuate Collection Set: 0,5ms
[2024-06-29T12:50:33.824-0400][gc,phases   ] GC(208)   Merge Heap Roots: 0,3ms
[2024-06-29T12:50:33.824-0400][gc,phases   ] GC(208)   Evacuate Collection Set: 7,4ms
[2024-06-29T12:50:33.824-0400][gc,phases   ] GC(208)   Post Evacuate Collection Set: 1,5ms
[2024-06-29T12:50:33.824-0400][gc,phases   ] GC(208)   Other: 0,1ms
[2024-06-29T12:50:33.824-0400][gc,heap     ] GC(208) Eden regions: 48->0(46)
[2024-06-29T12:50:33.824-0400][gc,heap     ] GC(208) Survivor regions: 3->5(7)
[2024-06-29T12:50:33.824-0400][gc,heap     ] GC(208) Old regions: 107->107
[2024-06-29T12:50:33.824-0400][gc,heap     ] GC(208) Humongous regions: 129->129
[2024-06-29T12:50:33.824-0400][gc,metaspace] GC(208) Metaspace: 46498K(47296K)->46498K(47296K) NonClass: 41084K(41536K)->41084K(41536K) Class: 5414K(5760K)->5414K(5760K)
[2024-06-29T12:50:33.824-0400][gc          ] GC(208) Pause Young (Normal) (G1 Evacuation Pause) 286M->239M(1024M) 10,294ms
[2024-06-29T12:50:33.824-0400][gc,cpu      ] GC(208) User=0,01s Sys=0,01s Real=0,01s
[2024-06-29T12:56:38.389-0400][gc,start    ] GC(209) Pause Young (Normal) (G1 Evacuation Pause)
[2024-06-29T12:56:38.389-0400][gc,task     ] GC(209) Using 6 workers of 6 for evacuation
[2024-06-29T12:56:38.399-0400][gc,phases   ] GC(209)   Pre Evacuate Collection Set: 0,7ms
[2024-06-29T12:56:38.399-0400][gc,phases   ] GC(209)   Merge Heap Roots: 0,3ms
[2024-06-29T12:56:38.399-0400][gc,phases   ] GC(209)   Evacuate Collection Set: 7,7ms
[2024-06-29T12:56:38.399-0400][gc,phases   ] GC(209)   Post Evacuate Collection Set: 1,1ms
[2024-06-29T12:56:38.399-0400][gc,phases   ] GC(209)   Other: 0,2ms
[2024-06-29T12:56:38.399-0400][gc,heap     ] GC(209) Eden regions: 46->0(93)
[2024-06-29T12:56:38.399-0400][gc,heap     ] GC(209) Survivor regions: 5->4(7)
[2024-06-29T12:56:38.399-0400][gc,heap     ] GC(209) Old regions: 107->107
[2024-06-29T12:56:38.399-0400][gc,heap     ] GC(209) Humongous regions: 129->129
[2024-06-29T12:56:38.399-0400][gc,metaspace] GC(209) Metaspace: 46498K(47296K)->46498K(47296K) NonClass: 41084K(41536K)->41084K(41536K) Class: 5414K(5760K)->5414K(5760K)
[2024-06-29T12:56:38.399-0400][gc          ] GC(209) Pause Young (Normal) (G1 Evacuation Pause) 285M->239M(1024M) 10,186ms
[2024-06-29T12:56:38.400-0400][gc,cpu      ] GC(209) User=0,02s Sys=0,01s Real=0,01s
[2024-06-29T13:11:03.967-0400][gc,start    ] GC(210) Pause Young (Normal) (G1 Evacuation Pause)
[2024-06-29T13:11:03.968-0400][gc,task     ] GC(210) Using 6 workers of 6 for evacuation
[2024-06-29T13:11:03.981-0400][gc,phases   ] GC(210)   Pre Evacuate Collection Set: 6,7ms
[2024-06-29T13:11:03.981-0400][gc,phases   ] GC(210)   Merge Heap Roots: 0,3ms
[2024-06-29T13:11:03.981-0400][gc,phases   ] GC(210)   Evacuate Collection Set: 5,2ms
[2024-06-29T13:11:03.981-0400][gc,phases   ] GC(210)   Post Evacuate Collection Set: 1,1ms
[2024-06-29T13:11:03.981-0400][gc,phases   ] GC(210)   Other: 0,1ms
[2024-06-29T13:11:03.981-0400][gc,heap     ] GC(210) Eden regions: 108->0(229)
[2024-06-29T13:11:03.981-0400][gc,heap     ] GC(210) Survivor regions: 4->4(14)
[2024-06-29T13:11:03.981-0400][gc,heap     ] GC(210) Old regions: 107->107
[2024-06-29T13:11:03.981-0400][gc,heap     ] GC(210) Humongous regions: 129->129
[2024-06-29T13:11:03.981-0400][gc,metaspace] GC(210) Metaspace: 46507K(47296K)->46507K(47296K) NonClass: 41092K(41536K)->41092K(41536K) Class: 5414K(5760K)->5414K(5760K)
[2024-06-29T13:11:03.981-0400][gc          ] GC(210) Pause Young (Normal) (G1 Evacuation Pause) 347M->239M(1024M) 13,686ms
[2024-06-29T13:11:03.981-0400][gc,cpu      ] GC(210) User=0,01s Sys=0,00s Real=0,01s
[2024-06-29T13:44:29.119-0400][gc,start    ] GC(211) Pause Young (Normal) (G1 Evacuation Pause)
[2024-06-29T13:44:29.119-0400][gc,task     ] GC(211) Using 6 workers of 6 for evacuation
[2024-06-29T13:44:29.143-0400][gc,mmu      ] GC(211) MMU target violated: 21,0ms (20,0ms/21,0ms)
[2024-06-29T13:44:29.144-0400][gc,phases   ] GC(211)   Pre Evacuate Collection Set: 0,7ms
[2024-06-29T13:44:29.144-0400][gc,phases   ] GC(211)   Merge Heap Roots: 0,3ms
[2024-06-29T13:44:29.144-0400][gc,phases   ] GC(211)   Evacuate Collection Set: 14,0ms
[2024-06-29T13:44:29.144-0400][gc,phases   ] GC(211)   Post Evacuate Collection Set: 9,1ms
[2024-06-29T13:44:29.144-0400][gc,phases   ] GC(211)   Other: 0,3ms
[2024-06-29T13:44:29.144-0400][gc,heap     ] GC(211) Eden regions: 248->0(277)
[2024-06-29T13:44:29.144-0400][gc,heap     ] GC(211) Survivor regions: 4->4(32)
[2024-06-29T13:44:29.144-0400][gc,heap     ] GC(211) Old regions: 107->107
[2024-06-29T13:44:29.144-0400][gc,heap     ] GC(211) Humongous regions: 129->129
[2024-06-29T13:44:29.144-0400][gc,metaspace] GC(211) Metaspace: 46513K(47296K)->46513K(47296K) NonClass: 41099K(41536K)->41099K(41536K) Class: 5414K(5760K)->5414K(5760K)
[2024-06-29T13:44:29.144-0400][gc          ] GC(211) Pause Young (Normal) (G1 Evacuation Pause) 487M->239M(1024M) 24,720ms
[2024-06-29T13:44:29.144-0400][gc,cpu      ] GC(211) User=0,04s Sys=0,02s Real=0,02s
[2024-06-29T14:23:34.682-0400][gc,start    ] GC(212) Pause Young (Normal) (G1 Evacuation Pause)
[2024-06-29T14:23:34.682-0400][gc,task     ] GC(212) Using 6 workers of 6 for evacuation
[2024-06-29T14:23:34.700-0400][gc,phases   ] GC(212)   Pre Evacuate Collection Set: 4,0ms
[2024-06-29T14:23:34.700-0400][gc,phases   ] GC(212)   Merge Heap Roots: 1,3ms
[2024-06-29T14:23:34.700-0400][gc,phases   ] GC(212)   Evacuate Collection Set: 9,5ms
[2024-06-29T14:23:34.700-0400][gc,phases   ] GC(212)   Post Evacuate Collection Set: 2,6ms
[2024-06-29T14:23:34.700-0400][gc,phases   ] GC(212)   Other: 0,4ms
[2024-06-29T14:23:34.700-0400][gc,heap     ] GC(212) Eden regions: 293->0(537)
[2024-06-29T14:23:34.700-0400][gc,heap     ] GC(212) Survivor regions: 4->3(38)
[2024-06-29T14:23:34.700-0400][gc,heap     ] GC(212) Old regions: 107->107
[2024-06-29T14:23:34.700-0400][gc,heap     ] GC(212) Humongous regions: 129->129
[2024-06-29T14:23:34.700-0400][gc,metaspace] GC(212) Metaspace: 46522K(47296K)->46522K(47296K) NonClass: 41107K(41536K)->41107K(41536K) Class: 5414K(5760K)->5414K(5760K)
[2024-06-29T14:23:34.701-0400][gc          ] GC(212) Pause Young (Normal) (G1 Evacuation Pause) 532M->238M(1024M) 18,321ms
[2024-06-29T14:23:34.701-0400][gc,cpu      ] GC(212) User=0,04s Sys=0,01s Real=0,02s
[2024-06-29T15:37:46.366-0400][gc,start    ] GC(213) Pause Young (Normal) (G1 Evacuation Pause)
[2024-06-29T15:37:46.366-0400][gc,task     ] GC(213) Using 6 workers of 6 for evacuation
[2024-06-29T15:37:46.555-0400][gc,mmu      ] GC(213) MMU target violated: 21,0ms (20,0ms/21,0ms)
[2024-06-29T15:37:46.555-0400][gc,phases   ] GC(213)   Pre Evacuate Collection Set: 0,7ms
[2024-06-29T15:37:46.555-0400][gc,phases   ] GC(213)   Merge Heap Roots: 0,3ms
[2024-06-29T15:37:46.555-0400][gc,phases   ] GC(213)   Evacuate Collection Set: 186,0ms
[2024-06-29T15:37:46.555-0400][gc,phases   ] GC(213)   Post Evacuate Collection Set: 1,8ms
[2024-06-29T15:37:46.555-0400][gc,phases   ] GC(213)   Other: 0,1ms
[2024-06-29T15:37:46.555-0400][gc,heap     ] GC(213) Eden regions: 552->0(47)
[2024-06-29T15:37:46.555-0400][gc,heap     ] GC(213) Survivor regions: 3->4(70)
[2024-06-29T15:37:46.555-0400][gc,heap     ] GC(213) Old regions: 107->107
[2024-06-29T15:37:46.555-0400][gc,heap     ] GC(213) Humongous regions: 129->129
[2024-06-29T15:37:46.555-0400][gc,metaspace] GC(213) Metaspace: 46566K(47296K)->46566K(47296K) NonClass: 41151K(41536K)->41151K(41536K) Class: 5414K(5760K)->5414K(5760K)
[2024-06-29T15:37:46.555-0400][gc          ] GC(213) Pause Young (Normal) (G1 Evacuation Pause) 790M->239M(1024M) 189,097ms
[2024-06-29T15:37:46.555-0400][gc,cpu      ] GC(213) User=0,00s Sys=0,32s Real=0,19s
[2024-06-29T15:43:43.394-0400][gc,start    ] GC(214) Pause Young (Normal) (G1 Evacuation Pause)
[2024-06-29T15:43:43.395-0400][gc,task     ] GC(214) Using 6 workers of 6 for evacuation
[2024-06-29T15:43:43.418-0400][gc,mmu      ] GC(214) MMU target violated: 21,0ms (20,0ms/21,0ms)
[2024-06-29T15:43:43.418-0400][gc,phases   ] GC(214)   Pre Evacuate Collection Set: 2,2ms
[2024-06-29T15:43:43.418-0400][gc,phases   ] GC(214)   Merge Heap Roots: 0,7ms
[2024-06-29T15:43:43.418-0400][gc,phases   ] GC(214)   Evacuate Collection Set: 17,8ms
[2024-06-29T15:43:43.418-0400][gc,phases   ] GC(214)   Post Evacuate Collection Set: 2,3ms
[2024-06-29T15:43:43.418-0400][gc,phases   ] GC(214)   Other: 0,6ms
[2024-06-29T15:43:43.418-0400][gc,heap     ] GC(214) Eden regions: 47->0(48)
[2024-06-29T15:43:43.418-0400][gc,heap     ] GC(214) Survivor regions: 4->3(7)
[2024-06-29T15:43:43.418-0400][gc,heap     ] GC(214) Old regions: 107->107
[2024-06-29T15:43:43.418-0400][gc,heap     ] GC(214) Humongous regions: 129->129
[2024-06-29T15:43:43.418-0400][gc,metaspace] GC(214) Metaspace: 46571K(47360K)->46571K(47360K) NonClass: 41157K(41600K)->41157K(41600K) Class: 5414K(5760K)->5414K(5760K)
[2024-06-29T15:43:43.418-0400][gc          ] GC(214) Pause Young (Normal) (G1 Evacuation Pause) 286M->238M(1024M) 24,203ms
[2024-06-29T15:43:43.418-0400][gc,cpu      ] GC(214) User=0,05s Sys=0,01s Real=0,03s
[2024-06-29T15:49:37.932-0400][gc,start    ] GC(215) Pause Young (Normal) (G1 Evacuation Pause)
[2024-06-29T15:49:37.932-0400][gc,task     ] GC(215) Using 6 workers of 6 for evacuation
[2024-06-29T15:49:37.945-0400][gc,phases   ] GC(215)   Pre Evacuate Collection Set: 0,7ms
[2024-06-29T15:49:37.945-0400][gc,phases   ] GC(215)   Merge Heap Roots: 0,1ms
[2024-06-29T15:49:37.945-0400][gc,phases   ] GC(215)   Evacuate Collection Set: 7,3ms
[2024-06-29T15:49:37.945-0400][gc,phases   ] GC(215)   Post Evacuate Collection Set: 4,7ms
[2024-06-29T15:49:37.945-0400][gc,phases   ] GC(215)   Other: 0,1ms
[2024-06-29T15:49:37.945-0400][gc,heap     ] GC(215) Eden regions: 48->0(48)
[2024-06-29T15:49:37.945-0400][gc,heap     ] GC(215) Survivor regions: 3->3(7)
[2024-06-29T15:49:37.945-0400][gc,heap     ] GC(215) Old regions: 107->107
[2024-06-29T15:49:37.945-0400][gc,heap     ] GC(215) Humongous regions: 129->129
[2024-06-29T15:49:37.945-0400][gc,metaspace] GC(215) Metaspace: 46571K(47360K)->46571K(47360K) NonClass: 41157K(41600K)->41157K(41600K) Class: 5414K(5760K)->5414K(5760K)
[2024-06-29T15:49:37.945-0400][gc          ] GC(215) Pause Young (Normal) (G1 Evacuation Pause) 286M->238M(1024M) 13,185ms
[2024-06-29T15:49:37.945-0400][gc,cpu      ] GC(215) User=0,01s Sys=0,01s Real=0,01s
[2024-06-29T15:56:01.942-0400][gc,start    ] GC(216) Pause Young (Normal) (G1 Evacuation Pause)
[2024-06-29T15:56:01.943-0400][gc,task     ] GC(216) Using 6 workers of 6 for evacuation
[2024-06-29T15:56:01.953-0400][gc,phases   ] GC(216)   Pre Evacuate Collection Set: 1,0ms
[2024-06-29T15:56:01.953-0400][gc,phases   ] GC(216)   Merge Heap Roots: 0,3ms
[2024-06-29T15:56:01.953-0400][gc,phases   ] GC(216)   Evacuate Collection Set: 6,7ms
[2024-06-29T15:56:01.953-0400][gc,phases   ] GC(216)   Post Evacuate Collection Set: 1,9ms
[2024-06-29T15:56:01.953-0400][gc,phases   ] GC(216)   Other: 0,1ms
[2024-06-29T15:56:01.953-0400][gc,heap     ] GC(216) Eden regions: 48->0(48)
[2024-06-29T15:56:01.953-0400][gc,heap     ] GC(216) Survivor regions: 3->3(7)
[2024-06-29T15:56:01.953-0400][gc,heap     ] GC(216) Old regions: 107->107
[2024-06-29T15:56:01.953-0400][gc,heap     ] GC(216) Humongous regions: 129->129
[2024-06-29T15:56:01.953-0400][gc,metaspace] GC(216) Metaspace: 46571K(47360K)->46571K(47360K) NonClass: 41157K(41600K)->41157K(41600K) Class: 5414K(5760K)->5414K(5760K)
[2024-06-29T15:56:01.953-0400][gc          ] GC(216) Pause Young (Normal) (G1 Evacuation Pause) 286M->238M(1024M) 11,053ms
[2024-06-29T15:56:01.954-0400][gc,cpu      ] GC(216) User=0,02s Sys=0,00s Real=0,01s
[2024-07-01T09:38:11.483-0400][gc,start    ] GC(217) Pause Young (Normal) (G1 Evacuation Pause)
[2024-07-01T09:38:11.484-0400][gc,task     ] GC(217) Using 6 workers of 6 for evacuation
[2024-07-01T09:38:11.495-0400][gc,phases   ] GC(217)   Pre Evacuate Collection Set: 1,0ms
[2024-07-01T09:38:11.495-0400][gc,phases   ] GC(217)   Merge Heap Roots: 0,1ms
[2024-07-01T09:38:11.495-0400][gc,phases   ] GC(217)   Evacuate Collection Set: 7,4ms
[2024-07-01T09:38:11.495-0400][gc,phases   ] GC(217)   Post Evacuate Collection Set: 1,9ms
[2024-07-01T09:38:11.495-0400][gc,phases   ] GC(217)   Other: 0,1ms
[2024-07-01T09:38:11.495-0400][gc,heap     ] GC(217) Eden regions: 48->0(47)
[2024-07-01T09:38:11.495-0400][gc,heap     ] GC(217) Survivor regions: 3->4(7)
[2024-07-01T09:38:11.495-0400][gc,heap     ] GC(217) Old regions: 107->107
[2024-07-01T09:38:11.495-0400][gc,heap     ] GC(217) Humongous regions: 129->129
[2024-07-01T09:38:11.495-0400][gc,metaspace] GC(217) Metaspace: 46588K(47360K)->46588K(47360K) NonClass: 41174K(41600K)->41174K(41600K) Class: 5414K(5760K)->5414K(5760K)
[2024-07-01T09:38:11.495-0400][gc          ] GC(217) Pause Young (Normal) (G1 Evacuation Pause) 286M->239M(1024M) 12,056ms
[2024-07-01T09:38:11.495-0400][gc,cpu      ] GC(217) User=0,01s Sys=0,01s Real=0,00s
[2024-07-01T09:40:58.848-0400][gc,start    ] GC(218) Pause Young (Normal) (G1 Evacuation Pause)
[2024-07-01T09:40:58.848-0400][gc,task     ] GC(218) Using 6 workers of 6 for evacuation
[2024-07-01T09:40:58.861-0400][gc,phases   ] GC(218)   Pre Evacuate Collection Set: 0,5ms
[2024-07-01T09:40:58.861-0400][gc,phases   ] GC(218)   Merge Heap Roots: 0,1ms
[2024-07-01T09:40:58.861-0400][gc,phases   ] GC(218)   Evacuate Collection Set: 10,3ms
[2024-07-01T09:40:58.861-0400][gc,phases   ] GC(218)   Post Evacuate Collection Set: 2,1ms
[2024-07-01T09:40:58.861-0400][gc,phases   ] GC(218)   Other: 0,1ms
[2024-07-01T09:40:58.861-0400][gc,heap     ] GC(218) Eden regions: 47->0(47)
[2024-07-01T09:40:58.861-0400][gc,heap     ] GC(218) Survivor regions: 4->4(7)
[2024-07-01T09:40:58.861-0400][gc,heap     ] GC(218) Old regions: 107->108
[2024-07-01T09:40:58.861-0400][gc,heap     ] GC(218) Humongous regions: 129->129
[2024-07-01T09:40:58.861-0400][gc,metaspace] GC(218) Metaspace: 46588K(47360K)->46588K(47360K) NonClass: 41174K(41600K)->41174K(41600K) Class: 5414K(5760K)->5414K(5760K)
[2024-07-01T09:40:58.861-0400][gc          ] GC(218) Pause Young (Normal) (G1 Evacuation Pause) 286M->239M(1024M) 13,158ms
[2024-07-01T09:40:58.861-0400][gc,cpu      ] GC(218) User=0,03s Sys=0,00s Real=0,01s
[2024-07-01T09:43:32.262-0400][gc,start    ] GC(219) Pause Young (Normal) (G1 Evacuation Pause)
[2024-07-01T09:43:32.262-0400][gc,task     ] GC(219) Using 6 workers of 6 for evacuation
[2024-07-01T09:43:32.275-0400][gc,phases   ] GC(219)   Pre Evacuate Collection Set: 0,4ms
[2024-07-01T09:43:32.275-0400][gc,phases   ] GC(219)   Merge Heap Roots: 0,1ms
[2024-07-01T09:43:32.275-0400][gc,phases   ] GC(219)   Evacuate Collection Set: 4,3ms
[2024-07-01T09:43:32.275-0400][gc,phases   ] GC(219)   Post Evacuate Collection Set: 7,9ms
[2024-07-01T09:43:32.275-0400][gc,phases   ] GC(219)   Other: 0,1ms
[2024-07-01T09:43:32.275-0400][gc,heap     ] GC(219) Eden regions: 47->0(47)
[2024-07-01T09:43:32.275-0400][gc,heap     ] GC(219) Survivor regions: 4->4(7)
[2024-07-01T09:43:32.275-0400][gc,heap     ] GC(219) Old regions: 108->108
[2024-07-01T09:43:32.275-0400][gc,heap     ] GC(219) Humongous regions: 129->129
[2024-07-01T09:43:32.275-0400][gc,metaspace] GC(219) Metaspace: 46588K(47360K)->46588K(47360K) NonClass: 41174K(41600K)->41174K(41600K) Class: 5414K(5760K)->5414K(5760K)
[2024-07-01T09:43:32.275-0400][gc          ] GC(219) Pause Young (Normal) (G1 Evacuation Pause) 286M->239M(1024M) 12,978ms
[2024-07-01T09:43:32.275-0400][gc,cpu      ] GC(219) User=0,02s Sys=0,01s Real=0,02s
[2024-07-01T09:46:13.522-0400][gc,start    ] GC(220) Pause Young (Normal) (G1 Evacuation Pause)
[2024-07-01T09:46:13.522-0400][gc,task     ] GC(220) Using 6 workers of 6 for evacuation
[2024-07-01T09:46:13.533-0400][gc,phases   ] GC(220)   Pre Evacuate Collection Set: 1,5ms
[2024-07-01T09:46:13.533-0400][gc,phases   ] GC(220)   Merge Heap Roots: 0,3ms
[2024-07-01T09:46:13.533-0400][gc,phases   ] GC(220)   Evacuate Collection Set: 5,6ms
[2024-07-01T09:46:13.533-0400][gc,phases   ] GC(220)   Post Evacuate Collection Set: 3,6ms
[2024-07-01T09:46:13.533-0400][gc,phases   ] GC(220)   Other: 0,1ms
[2024-07-01T09:46:13.533-0400][gc,heap     ] GC(220) Eden regions: 47->0(47)
[2024-07-01T09:46:13.533-0400][gc,heap     ] GC(220) Survivor regions: 4->4(7)
[2024-07-01T09:46:13.533-0400][gc,heap     ] GC(220) Old regions: 108->108
[2024-07-01T09:46:13.533-0400][gc,heap     ] GC(220) Humongous regions: 129->129
[2024-07-01T09:46:13.533-0400][gc,metaspace] GC(220) Metaspace: 46588K(47360K)->46588K(47360K) NonClass: 41174K(41600K)->41174K(41600K) Class: 5414K(5760K)->5414K(5760K)
[2024-07-01T09:46:13.533-0400][gc          ] GC(220) Pause Young (Normal) (G1 Evacuation Pause) 286M->239M(1024M) 11,410ms
[2024-07-01T09:46:13.533-0400][gc,cpu      ] GC(220) User=0,02s Sys=0,00s Real=0,01s
[2024-07-01T09:48:55.852-0400][gc,start    ] GC(221) Pause Young (Normal) (G1 Evacuation Pause)
[2024-07-01T09:48:55.852-0400][gc,task     ] GC(221) Using 6 workers of 6 for evacuation
[2024-07-01T09:48:55.871-0400][gc,phases   ] GC(221)   Pre Evacuate Collection Set: 3,5ms
[2024-07-01T09:48:55.871-0400][gc,phases   ] GC(221)   Merge Heap Roots: 0,1ms
[2024-07-01T09:48:55.871-0400][gc,phases   ] GC(221)   Evacuate Collection Set: 13,1ms
[2024-07-01T09:48:55.871-0400][gc,phases   ] GC(221)   Post Evacuate Collection Set: 2,2ms
[2024-07-01T09:48:55.871-0400][gc,phases   ] GC(221)   Other: 0,1ms
[2024-07-01T09:48:55.871-0400][gc,heap     ] GC(221) Eden regions: 47->0(47)
[2024-07-01T09:48:55.871-0400][gc,heap     ] GC(221) Survivor regions: 4->4(7)
[2024-07-01T09:48:55.871-0400][gc,heap     ] GC(221) Old regions: 108->108
[2024-07-01T09:48:55.871-0400][gc,heap     ] GC(221) Humongous regions: 129->129
[2024-07-01T09:48:55.871-0400][gc,metaspace] GC(221) Metaspace: 46588K(47360K)->46588K(47360K) NonClass: 41174K(41600K)->41174K(41600K) Class: 5414K(5760K)->5414K(5760K)
[2024-07-01T09:48:55.871-0400][gc          ] GC(221) Pause Young (Normal) (G1 Evacuation Pause) 286M->239M(1024M) 19,060ms
[2024-07-01T09:48:55.871-0400][gc,cpu      ] GC(221) User=0,02s Sys=0,00s Real=0,02s
[2024-07-01T09:53:48.310-0400][gc,start    ] GC(222) Pause Young (Normal) (G1 Evacuation Pause)
[2024-07-01T09:53:48.310-0400][gc,task     ] GC(222) Using 6 workers of 6 for evacuation
[2024-07-01T09:53:48.318-0400][gc,phases   ] GC(222)   Pre Evacuate Collection Set: 0,6ms
[2024-07-01T09:53:48.318-0400][gc,phases   ] GC(222)   Merge Heap Roots: 0,3ms
[2024-07-01T09:53:48.318-0400][gc,phases   ] GC(222)   Evacuate Collection Set: 5,4ms
[2024-07-01T09:53:48.318-0400][gc,phases   ] GC(222)   Post Evacuate Collection Set: 1,4ms
[2024-07-01T09:53:48.318-0400][gc,phases   ] GC(222)   Other: 0,1ms
[2024-07-01T09:53:48.318-0400][gc,heap     ] GC(222) Eden regions: 47->0(46)
[2024-07-01T09:53:48.318-0400][gc,heap     ] GC(222) Survivor regions: 4->5(7)
[2024-07-01T09:53:48.318-0400][gc,heap     ] GC(222) Old regions: 108->108
[2024-07-01T09:53:48.318-0400][gc,heap     ] GC(222) Humongous regions: 129->129
[2024-07-01T09:53:48.318-0400][gc,metaspace] GC(222) Metaspace: 46588K(47360K)->46588K(47360K) NonClass: 41174K(41600K)->41174K(41600K) Class: 5414K(5760K)->5414K(5760K)
[2024-07-01T09:53:48.318-0400][gc          ] GC(222) Pause Young (Normal) (G1 Evacuation Pause) 286M->240M(1024M) 8,035ms
[2024-07-01T09:53:48.318-0400][gc,cpu      ] GC(222) User=0,01s Sys=0,01s Real=0,01s
[2024-07-01T10:00:20.785-0400][gc,start    ] GC(223) Pause Young (Normal) (G1 Evacuation Pause)
[2024-07-01T10:00:20.785-0400][gc,task     ] GC(223) Using 6 workers of 6 for evacuation
[2024-07-01T10:00:20.802-0400][gc,phases   ] GC(223)   Pre Evacuate Collection Set: 0,8ms
[2024-07-01T10:00:20.802-0400][gc,phases   ] GC(223)   Merge Heap Roots: 0,8ms
[2024-07-01T10:00:20.802-0400][gc,phases   ] GC(223)   Evacuate Collection Set: 11,7ms
[2024-07-01T10:00:20.802-0400][gc,phases   ] GC(223)   Post Evacuate Collection Set: 2,9ms
[2024-07-01T10:00:20.802-0400][gc,phases   ] GC(223)   Other: 0,1ms
[2024-07-01T10:00:20.802-0400][gc,heap     ] GC(223) Eden regions: 46->0(124)
[2024-07-01T10:00:20.802-0400][gc,heap     ] GC(223) Survivor regions: 5->3(7)
[2024-07-01T10:00:20.802-0400][gc,heap     ] GC(223) Old regions: 108->110
[2024-07-01T10:00:20.802-0400][gc,heap     ] GC(223) Humongous regions: 129->129
[2024-07-01T10:00:20.802-0400][gc,metaspace] GC(223) Metaspace: 46588K(47360K)->46588K(47360K) NonClass: 41174K(41600K)->41174K(41600K) Class: 5414K(5760K)->5414K(5760K)
[2024-07-01T10:00:20.802-0400][gc          ] GC(223) Pause Young (Normal) (G1 Evacuation Pause) 286M->240M(1024M) 16,531ms
[2024-07-01T10:00:20.802-0400][gc,cpu      ] GC(223) User=0,02s Sys=0,00s Real=0,01s
[2024-07-01T10:15:26.820-0400][gc,start    ] GC(224) Pause Young (Normal) (G1 Evacuation Pause)
[2024-07-01T10:15:26.820-0400][gc,task     ] GC(224) Using 6 workers of 6 for evacuation
[2024-07-01T10:15:26.845-0400][gc,mmu      ] GC(224) MMU target violated: 21,0ms (20,0ms/21,0ms)
[2024-07-01T10:15:26.845-0400][gc,phases   ] GC(224)   Pre Evacuate Collection Set: 3,7ms
[2024-07-01T10:15:26.845-0400][gc,phases   ] GC(224)   Merge Heap Roots: 0,2ms
[2024-07-01T10:15:26.845-0400][gc,phases   ] GC(224)   Evacuate Collection Set: 20,0ms
[2024-07-01T10:15:26.845-0400][gc,phases   ] GC(224)   Post Evacuate Collection Set: 1,5ms
[2024-07-01T10:15:26.845-0400][gc,phases   ] GC(224)   Other: 0,2ms
[2024-07-01T10:15:26.845-0400][gc,heap     ] GC(224) Eden regions: 131->0(353)
[2024-07-01T10:15:26.845-0400][gc,heap     ] GC(224) Survivor regions: 3->2(17)
[2024-07-01T10:15:26.845-0400][gc,heap     ] GC(224) Old regions: 110->110
[2024-07-01T10:15:26.845-0400][gc,heap     ] GC(224) Humongous regions: 129->129
[2024-07-01T10:15:26.845-0400][gc,metaspace] GC(224) Metaspace: 46591K(47360K)->46591K(47360K) NonClass: 41177K(41600K)->41177K(41600K) Class: 5414K(5760K)->5414K(5760K)
[2024-07-01T10:15:26.846-0400][gc          ] GC(224) Pause Young (Normal) (G1 Evacuation Pause) 371M->239M(1024M) 25,723ms
[2024-07-01T10:15:26.846-0400][gc,cpu      ] GC(224) User=0,02s Sys=0,00s Real=0,03s
[2024-07-01T10:39:32.143-0400][gc,start    ] GC(225) Pause Young (Normal) (G1 Evacuation Pause)
[2024-07-01T10:39:32.143-0400][gc,task     ] GC(225) Using 6 workers of 6 for evacuation
[2024-07-01T10:39:32.162-0400][gc,phases   ] GC(225)   Pre Evacuate Collection Set: 2,6ms
[2024-07-01T10:39:32.162-0400][gc,phases   ] GC(225)   Merge Heap Roots: 0,0ms
[2024-07-01T10:39:32.162-0400][gc,phases   ] GC(225)   Evacuate Collection Set: 14,1ms
[2024-07-01T10:39:32.162-0400][gc,phases   ] GC(225)   Post Evacuate Collection Set: 2,1ms
[2024-07-01T10:39:32.162-0400][gc,phases   ] GC(225)   Other: 0,1ms
[2024-07-01T10:39:32.162-0400][gc,heap     ] GC(225) Eden regions: 333->0(195)
[2024-07-01T10:39:32.162-0400][gc,heap     ] GC(225) Survivor regions: 2->4(42)
[2024-07-01T10:39:32.162-0400][gc,heap     ] GC(225) Old regions: 110->110
[2024-07-01T10:39:32.162-0400][gc,heap     ] GC(225) Humongous regions: 129->129
[2024-07-01T10:39:32.162-0400][gc,metaspace] GC(225) Metaspace: 46591K(47360K)->46591K(47360K) NonClass: 41177K(41600K)->41177K(41600K) Class: 5414K(5760K)->5414K(5760K)
[2024-07-01T10:39:32.162-0400][gc          ] GC(225) Pause Young (Normal) (G1 Evacuation Pause) 572M->242M(1024M) 19,019ms
[2024-07-01T10:39:32.162-0400][gc,cpu      ] GC(225) User=0,02s Sys=0,02s Real=0,02s
[2024-07-01T11:04:04.501-0400][gc,start    ] GC(226) Pause Young (Normal) (G1 Evacuation Pause)
[2024-07-01T11:04:04.501-0400][gc,task     ] GC(226) Using 6 workers of 6 for evacuation
[2024-07-01T11:04:04.510-0400][gc,phases   ] GC(226)   Pre Evacuate Collection Set: 0,3ms
[2024-07-01T11:04:04.510-0400][gc,phases   ] GC(226)   Merge Heap Roots: 0,3ms
[2024-07-01T11:04:04.510-0400][gc,phases   ] GC(226)   Evacuate Collection Set: 7,0ms
[2024-07-01T11:04:04.510-0400][gc,phases   ] GC(226)   Post Evacuate Collection Set: 1,4ms
[2024-07-01T11:04:04.511-0400][gc,phases   ] GC(226)   Other: 0,1ms
[2024-07-01T11:04:04.511-0400][gc,heap     ] GC(226) Eden regions: 194->0(215)
[2024-07-01T11:04:04.511-0400][gc,heap     ] GC(226) Survivor regions: 4->5(25)
[2024-07-01T11:04:04.511-0400][gc,heap     ] GC(226) Old regions: 110->110
[2024-07-01T11:04:04.511-0400][gc,heap     ] GC(226) Humongous regions: 129->129
[2024-07-01T11:04:04.511-0400][gc,metaspace] GC(226) Metaspace: 46623K(47360K)->46623K(47360K) NonClass: 41201K(41600K)->41201K(41600K) Class: 5422K(5760K)->5422K(5760K)
[2024-07-01T11:04:04.511-0400][gc          ] GC(226) Pause Young (Normal) (G1 Evacuation Pause) 436M->242M(1024M) 9,318ms
[2024-07-01T11:04:04.511-0400][gc,cpu      ] GC(226) User=0,03s Sys=0,01s Real=0,01s
[2024-07-01T11:30:00.436-0400][gc,start    ] GC(227) Pause Young (Normal) (G1 Evacuation Pause)
[2024-07-01T11:30:00.436-0400][gc,task     ] GC(227) Using 6 workers of 6 for evacuation
[2024-07-01T11:30:00.449-0400][gc,phases   ] GC(227)   Pre Evacuate Collection Set: 0,7ms
[2024-07-01T11:30:00.449-0400][gc,phases   ] GC(227)   Merge Heap Roots: 0,3ms
[2024-07-01T11:30:00.449-0400][gc,phases   ] GC(227)   Evacuate Collection Set: 10,0ms
[2024-07-01T11:30:00.449-0400][gc,phases   ] GC(227)   Post Evacuate Collection Set: 1,5ms
[2024-07-01T11:30:00.449-0400][gc,phases   ] GC(227)   Other: 0,1ms
[2024-07-01T11:30:00.449-0400][gc,heap     ] GC(227) Eden regions: 202->0(320)
[2024-07-01T11:30:00.449-0400][gc,heap     ] GC(227) Survivor regions: 5->6(26)
[2024-07-01T11:30:00.449-0400][gc,heap     ] GC(227) Old regions: 110->110
[2024-07-01T11:30:00.449-0400][gc,heap     ] GC(227) Humongous regions: 129->129
[2024-07-01T11:30:00.449-0400][gc,metaspace] GC(227) Metaspace: 46623K(47360K)->46623K(47360K) NonClass: 41201K(41600K)->41201K(41600K) Class: 5422K(5760K)->5422K(5760K)
[2024-07-01T11:30:00.449-0400][gc          ] GC(227) Pause Young (Normal) (G1 Evacuation Pause) 444M->244M(1024M) 12,994ms
[2024-07-01T11:30:00.449-0400][gc,cpu      ] GC(227) User=0,02s Sys=0,01s Real=0,01s
[2024-07-01T12:10:55.851-0400][gc,start    ] GC(228) Pause Young (Normal) (G1 Evacuation Pause)
[2024-07-01T12:10:55.852-0400][gc,task     ] GC(228) Using 6 workers of 6 for evacuation
[2024-07-01T12:10:55.865-0400][gc,phases   ] GC(228)   Pre Evacuate Collection Set: 1,6ms
[2024-07-01T12:10:55.865-0400][gc,phases   ] GC(228)   Merge Heap Roots: 1,0ms
[2024-07-01T12:10:55.865-0400][gc,phases   ] GC(228)   Evacuate Collection Set: 8,2ms
[2024-07-01T12:10:55.865-0400][gc,phases   ] GC(228)   Post Evacuate Collection Set: 2,5ms
[2024-07-01T12:10:55.865-0400][gc,phases   ] GC(228)   Other: 0,3ms
[2024-07-01T12:10:55.865-0400][gc,heap     ] GC(228) Eden regions: 311->0(609)
[2024-07-01T12:10:55.865-0400][gc,heap     ] GC(228) Survivor regions: 6->5(40)
[2024-07-01T12:10:55.865-0400][gc,heap     ] GC(228) Old regions: 110->110
[2024-07-01T12:10:55.865-0400][gc,heap     ] GC(228) Humongous regions: 129->129
[2024-07-01T12:10:55.865-0400][gc,metaspace] GC(228) Metaspace: 46625K(47360K)->46625K(47360K) NonClass: 41203K(41600K)->41203K(41600K) Class: 5422K(5760K)->5422K(5760K)
[2024-07-01T12:10:55.865-0400][gc          ] GC(228) Pause Young (Normal) (G1 Evacuation Pause) 555M->243M(1024M) 13,785ms
[2024-07-01T12:10:55.865-0400][gc,cpu      ] GC(228) User=0,03s Sys=0,00s Real=0,02s
[2024-07-01T13:31:46.645-0400][gc,start    ] GC(229) Pause Young (Normal) (G1 Evacuation Pause)
[2024-07-01T13:31:46.646-0400][gc,task     ] GC(229) Using 6 workers of 6 for evacuation
[2024-07-01T13:31:46.660-0400][gc,phases   ] GC(229)   Pre Evacuate Collection Set: 0,7ms
[2024-07-01T13:31:46.660-0400][gc,phases   ] GC(229)   Merge Heap Roots: 0,5ms
[2024-07-01T13:31:46.660-0400][gc,phases   ] GC(229)   Evacuate Collection Set: 10,4ms
[2024-07-01T13:31:46.660-0400][gc,phases   ] GC(229)   Post Evacuate Collection Set: 1,9ms
[2024-07-01T13:31:46.660-0400][gc,phases   ] GC(229)   Other: 0,8ms
[2024-07-01T13:31:46.660-0400][gc,heap     ] GC(229) Eden regions: 609->0(608)
[2024-07-01T13:31:46.660-0400][gc,heap     ] GC(229) Survivor regions: 5->6(77)
[2024-07-01T13:31:46.660-0400][gc,heap     ] GC(229) Old regions: 110->110
[2024-07-01T13:31:46.660-0400][gc,heap     ] GC(229) Humongous regions: 129->129
[2024-07-01T13:31:46.660-0400][gc,metaspace] GC(229) Metaspace: 46641K(47424K)->46641K(47424K) NonClass: 41219K(41664K)->41219K(41664K) Class: 5422K(5760K)->5422K(5760K)
[2024-07-01T13:31:46.660-0400][gc          ] GC(229) Pause Young (Normal) (G1 Evacuation Pause) 852M->244M(1024M) 14,458ms
[2024-07-01T13:31:46.660-0400][gc,cpu      ] GC(229) User=0,04s Sys=0,00s Real=0,01s
[2024-07-01T14:52:56.645-0400][gc,start    ] GC(230) Pause Young (Normal) (G1 Evacuation Pause)
[2024-07-01T14:52:56.645-0400][gc,task     ] GC(230) Using 6 workers of 6 for evacuation
[2024-07-01T14:52:56.675-0400][gc,mmu      ] GC(230) MMU target violated: 21,0ms (20,0ms/21,0ms)
[2024-07-01T14:52:56.675-0400][gc,phases   ] GC(230)   Pre Evacuate Collection Set: 5,1ms
[2024-07-01T14:52:56.675-0400][gc,phases   ] GC(230)   Merge Heap Roots: 0,1ms
[2024-07-01T14:52:56.675-0400][gc,phases   ] GC(230)   Evacuate Collection Set: 12,4ms
[2024-07-01T14:52:56.675-0400][gc,phases   ] GC(230)   Post Evacuate Collection Set: 12,2ms
[2024-07-01T14:52:56.675-0400][gc,phases   ] GC(230)   Other: 0,1ms
[2024-07-01T14:52:56.675-0400][gc,heap     ] GC(230) Eden regions: 608->0(45)
[2024-07-01T14:52:56.675-0400][gc,heap     ] GC(230) Survivor regions: 6->6(77)
[2024-07-01T14:52:56.675-0400][gc,heap     ] GC(230) Old regions: 110->110
[2024-07-01T14:52:56.675-0400][gc,heap     ] GC(230) Humongous regions: 129->129
[2024-07-01T14:52:56.675-0400][gc,metaspace] GC(230) Metaspace: 46647K(47424K)->46647K(47424K) NonClass: 41225K(41664K)->41225K(41664K) Class: 5422K(5760K)->5422K(5760K)
[2024-07-01T14:52:56.675-0400][gc          ] GC(230) Pause Young (Normal) (G1 Evacuation Pause) 852M->243M(1024M) 30,111ms
[2024-07-01T14:52:56.675-0400][gc,cpu      ] GC(230) User=0,03s Sys=0,04s Real=0,03s
[2024-07-01T14:58:34.292-0400][gc,start    ] GC(231) Pause Young (Normal) (G1 Evacuation Pause)
[2024-07-01T14:58:34.292-0400][gc,task     ] GC(231) Using 6 workers of 6 for evacuation
[2024-07-01T14:58:34.312-0400][gc,phases   ] GC(231)   Pre Evacuate Collection Set: 2,7ms
[2024-07-01T14:58:34.312-0400][gc,phases   ] GC(231)   Merge Heap Roots: 4,9ms
[2024-07-01T14:58:34.312-0400][gc,phases   ] GC(231)   Evacuate Collection Set: 9,4ms
[2024-07-01T14:58:34.312-0400][gc,phases   ] GC(231)   Post Evacuate Collection Set: 2,0ms
[2024-07-01T14:58:34.312-0400][gc,phases   ] GC(231)   Other: 0,2ms
[2024-07-01T14:58:34.312-0400][gc,heap     ] GC(231) Eden regions: 45->0(610)
[2024-07-01T14:58:34.312-0400][gc,heap     ] GC(231) Survivor regions: 6->4(7)
[2024-07-01T14:58:34.312-0400][gc,heap     ] GC(231) Old regions: 110->112
[2024-07-01T14:58:34.312-0400][gc,heap     ] GC(231) Humongous regions: 129->129
[2024-07-01T14:58:34.312-0400][gc,metaspace] GC(231) Metaspace: 46647K(47424K)->46647K(47424K) NonClass: 41225K(41664K)->41225K(41664K) Class: 5422K(5760K)->5422K(5760K)
[2024-07-01T14:58:34.312-0400][gc          ] GC(231) Pause Young (Normal) (G1 Evacuation Pause) 288M->243M(1024M) 19,340ms
[2024-07-01T14:58:34.312-0400][gc,cpu      ] GC(231) User=0,04s Sys=0,00s Real=0,02s
[2024-07-01T16:19:09.720-0400][gc,start    ] GC(232) Pause Young (Normal) (G1 Evacuation Pause)
[2024-07-01T16:19:09.720-0400][gc,task     ] GC(232) Using 6 workers of 6 for evacuation
[2024-07-01T16:19:09.729-0400][gc,phases   ] GC(232)   Pre Evacuate Collection Set: 1,0ms
[2024-07-01T16:19:09.729-0400][gc,phases   ] GC(232)   Merge Heap Roots: 0,2ms
[2024-07-01T16:19:09.729-0400][gc,phases   ] GC(232)   Evacuate Collection Set: 5,7ms
[2024-07-01T16:19:09.729-0400][gc,phases   ] GC(232)   Post Evacuate Collection Set: 2,8ms
[2024-07-01T16:19:09.729-0400][gc,phases   ] GC(232)   Other: 0,1ms
[2024-07-01T16:19:09.729-0400][gc,heap     ] GC(232) Eden regions: 610->0(610)
[2024-07-01T16:19:09.729-0400][gc,heap     ] GC(232) Survivor regions: 4->4(77)
[2024-07-01T16:19:09.729-0400][gc,heap     ] GC(232) Old regions: 112->112
[2024-07-01T16:19:09.729-0400][gc,heap     ] GC(232) Humongous regions: 129->129
[2024-07-01T16:19:09.729-0400][gc,metaspace] GC(232) Metaspace: 46653K(47424K)->46653K(47424K) NonClass: 41231K(41664K)->41231K(41664K) Class: 5422K(5760K)->5422K(5760K)
[2024-07-01T16:19:09.729-0400][gc          ] GC(232) Pause Young (Normal) (G1 Evacuation Pause) 853M->243M(1024M) 9,901ms
[2024-07-01T16:19:09.729-0400][gc,cpu      ] GC(232) User=0,03s Sys=0,00s Real=0,01s
[2024-07-01T17:40:07.509-0400][gc,start    ] GC(233) Pause Young (Normal) (G1 Evacuation Pause)
[2024-07-01T17:40:07.509-0400][gc,task     ] GC(233) Using 6 workers of 6 for evacuation
[2024-07-01T17:40:07.518-0400][gc,phases   ] GC(233)   Pre Evacuate Collection Set: 0,7ms
[2024-07-01T17:40:07.518-0400][gc,phases   ] GC(233)   Merge Heap Roots: 0,3ms
[2024-07-01T17:40:07.518-0400][gc,phases   ] GC(233)   Evacuate Collection Set: 6,0ms
[2024-07-01T17:40:07.518-0400][gc,phases   ] GC(233)   Post Evacuate Collection Set: 2,2ms
[2024-07-01T17:40:07.518-0400][gc,phases   ] GC(233)   Other: 0,1ms
[2024-07-01T17:40:07.518-0400][gc,heap     ] GC(233) Eden regions: 610->0(610)
[2024-07-01T17:40:07.518-0400][gc,heap     ] GC(233) Survivor regions: 4->4(77)
[2024-07-01T17:40:07.518-0400][gc,heap     ] GC(233) Old regions: 112->112
[2024-07-01T17:40:07.518-0400][gc,heap     ] GC(233) Humongous regions: 129->129
[2024-07-01T17:40:07.518-0400][gc,metaspace] GC(233) Metaspace: 46654K(47424K)->46654K(47424K) NonClass: 41232K(41664K)->41232K(41664K) Class: 5422K(5760K)->5422K(5760K)
[2024-07-01T17:40:07.518-0400][gc          ] GC(233) Pause Young (Normal) (G1 Evacuation Pause) 853M->243M(1024M) 9,457ms
[2024-07-01T17:40:07.518-0400][gc,cpu      ] GC(233) User=0,02s Sys=0,01s Real=0,01s
[2024-07-01T19:01:34.704-0400][gc,start    ] GC(234) Pause Young (Normal) (G1 Evacuation Pause)
[2024-07-01T19:01:34.705-0400][gc,task     ] GC(234) Using 6 workers of 6 for evacuation
[2024-07-01T19:01:34.723-0400][gc,phases   ] GC(234)   Pre Evacuate Collection Set: 4,9ms
[2024-07-01T19:01:34.723-0400][gc,phases   ] GC(234)   Merge Heap Roots: 2,0ms
[2024-07-01T19:01:34.723-0400][gc,phases   ] GC(234)   Evacuate Collection Set: 8,7ms
[2024-07-01T19:01:34.723-0400][gc,phases   ] GC(234)   Post Evacuate Collection Set: 1,7ms
[2024-07-01T19:01:34.723-0400][gc,phases   ] GC(234)   Other: 0,2ms
[2024-07-01T19:01:34.723-0400][gc,heap     ] GC(234) Eden regions: 610->0(611)
[2024-07-01T19:01:34.723-0400][gc,heap     ] GC(234) Survivor regions: 4->3(77)
[2024-07-01T19:01:34.723-0400][gc,heap     ] GC(234) Old regions: 112->112
[2024-07-01T19:01:34.723-0400][gc,heap     ] GC(234) Humongous regions: 129->129
[2024-07-01T19:01:34.723-0400][gc,metaspace] GC(234) Metaspace: 46654K(47424K)->46654K(47424K) NonClass: 41232K(41664K)->41232K(41664K) Class: 5422K(5760K)->5422K(5760K)
[2024-07-01T19:01:34.724-0400][gc          ] GC(234) Pause Young (Normal) (G1 Evacuation Pause) 853M->243M(1024M) 19,528ms
[2024-07-01T19:01:34.724-0400][gc,cpu      ] GC(234) User=0,02s Sys=0,02s Real=0,02s
[2024-07-01T20:19:25.750-0400][gc,start    ] GC(235) Pause Young (Normal) (G1 Evacuation Pause)
[2024-07-01T20:19:25.752-0400][gc,task     ] GC(235) Using 6 workers of 6 for evacuation
[2024-07-01T20:19:25.771-0400][gc,phases   ] GC(235)   Pre Evacuate Collection Set: 1,3ms
[2024-07-01T20:19:25.771-0400][gc,phases   ] GC(235)   Merge Heap Roots: 0,9ms
[2024-07-01T20:19:25.771-0400][gc,phases   ] GC(235)   Evacuate Collection Set: 15,4ms
[2024-07-01T20:19:25.771-0400][gc,phases   ] GC(235)   Post Evacuate Collection Set: 2,0ms
[2024-07-01T20:19:25.771-0400][gc,phases   ] GC(235)   Other: 0,1ms
[2024-07-01T20:19:25.771-0400][gc,heap     ] GC(235) Eden regions: 611->0(609)
[2024-07-01T20:19:25.771-0400][gc,heap     ] GC(235) Survivor regions: 3->5(77)
[2024-07-01T20:19:25.771-0400][gc,heap     ] GC(235) Old regions: 112->112
[2024-07-01T20:19:25.771-0400][gc,heap     ] GC(235) Humongous regions: 129->129
[2024-07-01T20:19:25.771-0400][gc,metaspace] GC(235) Metaspace: 46719K(47488K)->46719K(47488K) NonClass: 41297K(41728K)->41297K(41728K) Class: 5422K(5760K)->5422K(5760K)
[2024-07-01T20:19:25.771-0400][gc          ] GC(235) Pause Young (Normal) (G1 Evacuation Pause) 854M->244M(1024M) 21,260ms
[2024-07-01T20:19:25.771-0400][gc,cpu      ] GC(235) User=0,04s Sys=0,02s Real=0,02s
[2024-07-01T21:34:11.644-0400][gc,start    ] GC(236) Pause Young (Normal) (G1 Evacuation Pause)
[2024-07-01T21:34:11.647-0400][gc,task     ] GC(236) Using 6 workers of 6 for evacuation
[2024-07-01T21:34:11.677-0400][gc,mmu      ] GC(236) MMU target violated: 21,0ms (20,0ms/21,0ms)
[2024-07-01T21:34:11.677-0400][gc,phases   ] GC(236)   Pre Evacuate Collection Set: 1,3ms
[2024-07-01T21:34:11.677-0400][gc,phases   ] GC(236)   Merge Heap Roots: 0,3ms
[2024-07-01T21:34:11.677-0400][gc,phases   ] GC(236)   Evacuate Collection Set: 25,9ms
[2024-07-01T21:34:11.677-0400][gc,phases   ] GC(236)   Post Evacuate Collection Set: 2,3ms
[2024-07-01T21:34:11.677-0400][gc,phases   ] GC(236)   Other: 0,3ms
[2024-07-01T21:34:11.677-0400][gc,heap     ] GC(236) Eden regions: 609->0(608)
[2024-07-01T21:34:11.677-0400][gc,heap     ] GC(236) Survivor regions: 5->6(77)
[2024-07-01T21:34:11.677-0400][gc,heap     ] GC(236) Old regions: 112->112
[2024-07-01T21:34:11.677-0400][gc,heap     ] GC(236) Humongous regions: 129->129
[2024-07-01T21:34:11.677-0400][gc,metaspace] GC(236) Metaspace: 47283K(48000K)->47283K(48000K) NonClass: 41740K(42112K)->41740K(42112K) Class: 5542K(5888K)->5542K(5888K)
[2024-07-01T21:34:11.677-0400][gc          ] GC(236) Pause Young (Normal) (G1 Evacuation Pause) 853M->245M(1024M) 32,485ms
[2024-07-01T21:34:11.677-0400][gc,cpu      ] GC(236) User=0,10s Sys=0,00s Real=0,03s
[2024-07-01T22:54:14.454-0400][gc,start    ] GC(237) Pause Young (Normal) (G1 Evacuation Pause)
[2024-07-01T22:54:14.456-0400][gc,task     ] GC(237) Using 6 workers of 6 for evacuation
[2024-07-01T22:54:14.476-0400][gc,phases   ] GC(237)   Pre Evacuate Collection Set: 0,6ms
[2024-07-01T22:54:14.476-0400][gc,phases   ] GC(237)   Merge Heap Roots: 0,3ms
[2024-07-01T22:54:14.476-0400][gc,phases   ] GC(237)   Evacuate Collection Set: 14,7ms
[2024-07-01T22:54:14.476-0400][gc,phases   ] GC(237)   Post Evacuate Collection Set: 4,0ms
[2024-07-01T22:54:14.476-0400][gc,phases   ] GC(237)   Other: 0,2ms
[2024-07-01T22:54:14.476-0400][gc,heap     ] GC(237) Eden regions: 608->0(609)
[2024-07-01T22:54:14.476-0400][gc,heap     ] GC(237) Survivor regions: 6->5(77)
[2024-07-01T22:54:14.476-0400][gc,heap     ] GC(237) Old regions: 112->112
[2024-07-01T22:54:14.476-0400][gc,heap     ] GC(237) Humongous regions: 129->129
[2024-07-01T22:54:14.476-0400][gc,metaspace] GC(237) Metaspace: 47283K(48000K)->47283K(48000K) NonClass: 41740K(42112K)->41740K(42112K) Class: 5542K(5888K)->5542K(5888K)
[2024-07-01T22:54:14.476-0400][gc          ] GC(237) Pause Young (Normal) (G1 Evacuation Pause) 853M->244M(1024M) 21,474ms
[2024-07-01T22:54:14.476-0400][gc,cpu      ] GC(237) User=0,05s Sys=0,00s Real=0,02s
[2024-07-02T00:13:36.645-0400][gc,start    ] GC(238) Pause Young (Normal) (G1 Evacuation Pause)
[2024-07-02T00:13:36.648-0400][gc,task     ] GC(238) Using 6 workers of 6 for evacuation
[2024-07-02T00:13:36.962-0400][gc,mmu      ] GC(238) MMU target violated: 21,0ms (20,0ms/21,0ms)
[2024-07-02T00:13:36.962-0400][gc,phases   ] GC(238)   Pre Evacuate Collection Set: 195,1ms
[2024-07-02T00:13:36.962-0400][gc,phases   ] GC(238)   Merge Heap Roots: 1,0ms
[2024-07-02T00:13:36.962-0400][gc,phases   ] GC(238)   Evacuate Collection Set: 89,1ms
[2024-07-02T00:13:36.962-0400][gc,phases   ] GC(238)   Post Evacuate Collection Set: 26,9ms
[2024-07-02T00:13:36.962-0400][gc,phases   ] GC(238)   Other: 1,9ms
[2024-07-02T00:13:36.962-0400][gc,heap     ] GC(238) Eden regions: 609->0(46)
[2024-07-02T00:13:36.962-0400][gc,heap     ] GC(238) Survivor regions: 5->5(77)
[2024-07-02T00:13:36.962-0400][gc,heap     ] GC(238) Old regions: 112->112
[2024-07-02T00:13:36.962-0400][gc,heap     ] GC(238) Humongous regions: 129->129
[2024-07-02T00:13:36.962-0400][gc,metaspace] GC(238) Metaspace: 47578K(48320K)->47578K(48320K) NonClass: 42035K(42432K)->42035K(42432K) Class: 5543K(5888K)->5543K(5888K)
[2024-07-02T00:13:36.962-0400][gc          ] GC(238) Pause Young (Normal) (G1 Evacuation Pause) 853M->244M(1024M) 317,543ms
[2024-07-02T00:13:36.962-0400][gc,cpu      ] GC(238) User=0,16s Sys=0,17s Real=0,31s
[2024-07-02T00:20:01.426-0400][gc,start    ] GC(239) Pause Young (Normal) (G1 Evacuation Pause)
[2024-07-02T00:20:01.426-0400][gc,task     ] GC(239) Using 6 workers of 6 for evacuation
[2024-07-02T00:20:01.461-0400][gc,mmu      ] GC(239) MMU target violated: 21,0ms (20,0ms/21,0ms)
[2024-07-02T00:20:01.461-0400][gc,phases   ] GC(239)   Pre Evacuate Collection Set: 5,2ms
[2024-07-02T00:20:01.461-0400][gc,phases   ] GC(239)   Merge Heap Roots: 0,8ms
[2024-07-02T00:20:01.461-0400][gc,phases   ] GC(239)   Evacuate Collection Set: 18,5ms
[2024-07-02T00:20:01.461-0400][gc,phases   ] GC(239)   Post Evacuate Collection Set: 9,7ms
[2024-07-02T00:20:01.461-0400][gc,phases   ] GC(239)   Other: 0,1ms
[2024-07-02T00:20:01.461-0400][gc,heap     ] GC(239) Eden regions: 46->0(48)
[2024-07-02T00:20:01.461-0400][gc,heap     ] GC(239) Survivor regions: 5->3(7)
[2024-07-02T00:20:01.461-0400][gc,heap     ] GC(239) Old regions: 112->114
[2024-07-02T00:20:01.461-0400][gc,heap     ] GC(239) Humongous regions: 129->129
[2024-07-02T00:20:01.461-0400][gc,metaspace] GC(239) Metaspace: 47578K(48320K)->47578K(48320K) NonClass: 42035K(42432K)->42035K(42432K) Class: 5543K(5888K)->5543K(5888K)
[2024-07-02T00:20:01.461-0400][gc          ] GC(239) Pause Young (Normal) (G1 Evacuation Pause) 290M->244M(1024M) 34,556ms
[2024-07-02T00:20:01.461-0400][gc,cpu      ] GC(239) User=0,04s Sys=0,03s Real=0,03s
[2024-07-02T09:12:46.751-0400][gc,start    ] GC(240) Pause Young (Normal) (G1 Evacuation Pause)
[2024-07-02T09:12:46.753-0400][gc,task     ] GC(240) Using 6 workers of 6 for evacuation
[2024-07-02T09:12:46.770-0400][gc,phases   ] GC(240)   Pre Evacuate Collection Set: 0,7ms
[2024-07-02T09:12:46.770-0400][gc,phases   ] GC(240)   Merge Heap Roots: 0,2ms
[2024-07-02T09:12:46.770-0400][gc,phases   ] GC(240)   Evacuate Collection Set: 15,6ms
[2024-07-02T09:12:46.770-0400][gc,phases   ] GC(240)   Post Evacuate Collection Set: 1,0ms
[2024-07-02T09:12:46.770-0400][gc,phases   ] GC(240)   Other: 0,1ms
[2024-07-02T09:12:46.770-0400][gc,heap     ] GC(240) Eden regions: 48->0(44)
[2024-07-02T09:12:46.770-0400][gc,heap     ] GC(240) Survivor regions: 3->7(7)
[2024-07-02T09:12:46.770-0400][gc,heap     ] GC(240) Old regions: 114->114
[2024-07-02T09:12:46.770-0400][gc,heap     ] GC(240) Humongous regions: 129->129
[2024-07-02T09:12:46.770-0400][gc,metaspace] GC(240) Metaspace: 47578K(48320K)->47578K(48320K) NonClass: 42035K(42432K)->42035K(42432K) Class: 5543K(5888K)->5543K(5888K)
[2024-07-02T09:12:46.770-0400][gc          ] GC(240) Pause Young (Normal) (G1 Evacuation Pause) 292M->249M(1024M) 19,128ms
[2024-07-02T09:12:46.770-0400][gc,cpu      ] GC(240) User=0,06s Sys=0,00s Real=0,02s
[2024-07-02T09:19:14.705-0400][gc,start    ] GC(241) Pause Young (Normal) (G1 Evacuation Pause)
[2024-07-02T09:19:14.705-0400][gc,task     ] GC(241) Using 6 workers of 6 for evacuation
[2024-07-02T09:19:14.724-0400][gc,phases   ] GC(241)   Pre Evacuate Collection Set: 1,0ms
[2024-07-02T09:19:14.724-0400][gc,phases   ] GC(241)   Merge Heap Roots: 0,2ms
[2024-07-02T09:19:14.724-0400][gc,phases   ] GC(241)   Evacuate Collection Set: 13,5ms
[2024-07-02T09:19:14.724-0400][gc,phases   ] GC(241)   Post Evacuate Collection Set: 3,8ms
[2024-07-02T09:19:14.724-0400][gc,phases   ] GC(241)   Other: 0,1ms
[2024-07-02T09:19:14.724-0400][gc,heap     ] GC(241) Eden regions: 44->0(47)
[2024-07-02T09:19:14.724-0400][gc,heap     ] GC(241) Survivor regions: 7->4(7)
[2024-07-02T09:19:14.724-0400][gc,heap     ] GC(241) Old regions: 114->118
[2024-07-02T09:19:14.724-0400][gc,heap     ] GC(241) Humongous regions: 129->129
[2024-07-02T09:19:14.724-0400][gc,metaspace] GC(241) Metaspace: 47578K(48320K)->47578K(48320K) NonClass: 42035K(42432K)->42035K(42432K) Class: 5543K(5888K)->5543K(5888K)
[2024-07-02T09:19:14.724-0400][gc          ] GC(241) Pause Young (Normal) (G1 Evacuation Pause) 293M->249M(1024M) 18,854ms
[2024-07-02T09:19:14.724-0400][gc,cpu      ] GC(241) User=0,03s Sys=0,02s Real=0,02s
[2024-07-02T09:25:13.508-0400][gc,start    ] GC(242) Pause Young (Normal) (G1 Evacuation Pause)
[2024-07-02T09:25:13.508-0400][gc,task     ] GC(242) Using 6 workers of 6 for evacuation
[2024-07-02T09:25:13.536-0400][gc,mmu      ] GC(242) MMU target violated: 21,0ms (20,0ms/21,0ms)
[2024-07-02T09:25:13.536-0400][gc,phases   ] GC(242)   Pre Evacuate Collection Set: 2,9ms
[2024-07-02T09:25:13.536-0400][gc,phases   ] GC(242)   Merge Heap Roots: 0,1ms
[2024-07-02T09:25:13.536-0400][gc,phases   ] GC(242)   Evacuate Collection Set: 21,8ms
[2024-07-02T09:25:13.536-0400][gc,phases   ] GC(242)   Post Evacuate Collection Set: 2,7ms
[2024-07-02T09:25:13.536-0400][gc,phases   ] GC(242)   Other: 0,3ms
[2024-07-02T09:25:13.536-0400][gc,heap     ] GC(242) Eden regions: 47->0(44)
[2024-07-02T09:25:13.536-0400][gc,heap     ] GC(242) Survivor regions: 4->7(7)
[2024-07-02T09:25:13.536-0400][gc,heap     ] GC(242) Old regions: 118->118
[2024-07-02T09:25:13.536-0400][gc,heap     ] GC(242) Humongous regions: 129->129
[2024-07-02T09:25:13.536-0400][gc,metaspace] GC(242) Metaspace: 47629K(48384K)->47629K(48384K) NonClass: 42086K(42496K)->42086K(42496K) Class: 5543K(5888K)->5543K(5888K)
[2024-07-02T09:25:13.537-0400][gc          ] GC(242) Pause Young (Normal) (G1 Evacuation Pause) 296M->253M(1024M) 28,898ms
[2024-07-02T09:25:13.537-0400][gc,cpu      ] GC(242) User=0,06s Sys=0,00s Real=0,03s
[2024-07-02T09:31:32.548-0400][gc,start    ] GC(243) Pause Young (Normal) (G1 Evacuation Pause)
[2024-07-02T09:31:32.548-0400][gc,task     ] GC(243) Using 6 workers of 6 for evacuation
[2024-07-02T09:31:32.595-0400][gc,mmu      ] GC(243) MMU target violated: 21,0ms (20,0ms/21,0ms)
[2024-07-02T09:31:32.595-0400][gc,phases   ] GC(243)   Pre Evacuate Collection Set: 1,2ms
[2024-07-02T09:31:32.595-0400][gc,phases   ] GC(243)   Merge Heap Roots: 0,3ms
[2024-07-02T09:31:32.595-0400][gc,phases   ] GC(243)   Evacuate Collection Set: 30,7ms
[2024-07-02T09:31:32.595-0400][gc,phases   ] GC(243)   Post Evacuate Collection Set: 14,2ms
[2024-07-02T09:31:32.595-0400][gc,phases   ] GC(243)   Other: 0,2ms
[2024-07-02T09:31:32.595-0400][gc,heap     ] GC(243) Eden regions: 44->0(45)
[2024-07-02T09:31:32.595-0400][gc,heap     ] GC(243) Survivor regions: 7->6(7)
[2024-07-02T09:31:32.595-0400][gc,heap     ] GC(243) Old regions: 118->124
[2024-07-02T09:31:32.595-0400][gc,heap     ] GC(243) Humongous regions: 129->129
[2024-07-02T09:31:32.595-0400][gc,metaspace] GC(243) Metaspace: 47630K(48384K)->47630K(48384K) NonClass: 42086K(42496K)->42086K(42496K) Class: 5543K(5888K)->5543K(5888K)
[2024-07-02T09:31:32.595-0400][gc          ] GC(243) Pause Young (Normal) (G1 Evacuation Pause) 297M->258M(1024M) 46,866ms
[2024-07-02T09:31:32.595-0400][gc,cpu      ] GC(243) User=0,08s Sys=0,00s Real=0,04s
[2024-07-02T09:37:25.424-0400][gc,start    ] GC(244) Pause Young (Normal) (G1 Evacuation Pause)
[2024-07-02T09:37:25.424-0400][gc,task     ] GC(244) Using 6 workers of 6 for evacuation
[2024-07-02T09:37:25.442-0400][gc,phases   ] GC(244)   Pre Evacuate Collection Set: 0,8ms
[2024-07-02T09:37:25.442-0400][gc,phases   ] GC(244)   Merge Heap Roots: 0,4ms
[2024-07-02T09:37:25.442-0400][gc,phases   ] GC(244)   Evacuate Collection Set: 14,2ms
[2024-07-02T09:37:25.442-0400][gc,phases   ] GC(244)   Post Evacuate Collection Set: 2,7ms
[2024-07-02T09:37:25.442-0400][gc,phases   ] GC(244)   Other: 0,1ms
[2024-07-02T09:37:25.442-0400][gc,heap     ] GC(244) Eden regions: 45->0(45)
[2024-07-02T09:37:25.442-0400][gc,heap     ] GC(244) Survivor regions: 6->6(7)
[2024-07-02T09:37:25.442-0400][gc,heap     ] GC(244) Old regions: 124->128
[2024-07-02T09:37:25.442-0400][gc,heap     ] GC(244) Humongous regions: 129->129
[2024-07-02T09:37:25.442-0400][gc,metaspace] GC(244) Metaspace: 47666K(48448K)->47666K(48448K) NonClass: 42122K(42560K)->42122K(42560K) Class: 5543K(5888K)->5543K(5888K)
[2024-07-02T09:37:25.443-0400][gc          ] GC(244) Pause Young (Normal) (G1 Evacuation Pause) 303M->262M(1024M) 18,991ms
[2024-07-02T09:37:25.443-0400][gc,cpu      ] GC(244) User=0,03s Sys=0,03s Real=0,02s
[2024-07-02T09:43:19.571-0400][gc,start    ] GC(245) Pause Young (Normal) (G1 Evacuation Pause)
[2024-07-02T09:43:19.571-0400][gc,task     ] GC(245) Using 6 workers of 6 for evacuation
[2024-07-02T09:43:19.591-0400][gc,mmu      ] GC(245) MMU target violated: 20,3ms (20,0ms/21,0ms)
[2024-07-02T09:43:19.591-0400][gc,phases   ] GC(245)   Pre Evacuate Collection Set: 1,9ms
[2024-07-02T09:43:19.591-0400][gc,phases   ] GC(245)   Merge Heap Roots: 0,4ms
[2024-07-02T09:43:19.591-0400][gc,phases   ] GC(245)   Evacuate Collection Set: 14,8ms
[2024-07-02T09:43:19.591-0400][gc,phases   ] GC(245)   Post Evacuate Collection Set: 3,2ms
[2024-07-02T09:43:19.591-0400][gc,phases   ] GC(245)   Other: 0,2ms
[2024-07-02T09:43:19.591-0400][gc,heap     ] GC(245) Eden regions: 45->0(44)
[2024-07-02T09:43:19.591-0400][gc,heap     ] GC(245) Survivor regions: 6->7(7)
[2024-07-02T09:43:19.591-0400][gc,heap     ] GC(245) Old regions: 128->133
[2024-07-02T09:43:19.591-0400][gc,heap     ] GC(245) Humongous regions: 129->129
[2024-07-02T09:43:19.591-0400][gc,metaspace] GC(245) Metaspace: 47666K(48448K)->47666K(48448K) NonClass: 42122K(42560K)->42122K(42560K) Class: 5543K(5888K)->5543K(5888K)
[2024-07-02T09:43:19.591-0400][gc          ] GC(245) Pause Young (Normal) (G1 Evacuation Pause) 307M->268M(1024M) 20,511ms
[2024-07-02T09:43:19.591-0400][gc,cpu      ] GC(245) User=0,02s Sys=0,04s Real=0,02s
[2024-07-02T09:49:45.445-0400][gc,start    ] GC(246) Pause Young (Normal) (G1 Evacuation Pause)
[2024-07-02T09:49:45.446-0400][gc,task     ] GC(246) Using 6 workers of 6 for evacuation
[2024-07-02T09:49:45.467-0400][gc,mmu      ] GC(246) MMU target violated: 21,0ms (20,0ms/21,0ms)
[2024-07-02T09:49:45.467-0400][gc,phases   ] GC(246)   Pre Evacuate Collection Set: 0,8ms
[2024-07-02T09:49:45.467-0400][gc,phases   ] GC(246)   Merge Heap Roots: 0,3ms
[2024-07-02T09:49:45.467-0400][gc,phases   ] GC(246)   Evacuate Collection Set: 17,6ms
[2024-07-02T09:49:45.467-0400][gc,phases   ] GC(246)   Post Evacuate Collection Set: 2,4ms
[2024-07-02T09:49:45.467-0400][gc,phases   ] GC(246)   Other: 0,2ms
[2024-07-02T09:49:45.467-0400][gc,heap     ] GC(246) Eden regions: 44->0(45)
[2024-07-02T09:49:45.467-0400][gc,heap     ] GC(246) Survivor regions: 7->6(7)
[2024-07-02T09:49:45.467-0400][gc,heap     ] GC(246) Old regions: 133->139
[2024-07-02T09:49:45.467-0400][gc,heap     ] GC(246) Humongous regions: 129->129
[2024-07-02T09:49:45.467-0400][gc,metaspace] GC(246) Metaspace: 47669K(48448K)->47669K(48448K) NonClass: 42126K(42560K)->42126K(42560K) Class: 5543K(5888K)->5543K(5888K)
[2024-07-02T09:49:45.467-0400][gc          ] GC(246) Pause Young (Normal) (G1 Evacuation Pause) 312M->273M(1024M) 21,569ms
[2024-07-02T09:49:45.467-0400][gc,cpu      ] GC(246) User=0,03s Sys=0,03s Real=0,03s
[2024-07-02T09:56:04.702-0400][gc,start    ] GC(247) Pause Young (Normal) (G1 Evacuation Pause)
[2024-07-02T09:56:04.702-0400][gc,task     ] GC(247) Using 6 workers of 6 for evacuation
[2024-07-02T09:56:04.722-0400][gc,phases   ] GC(247)   Pre Evacuate Collection Set: 0,7ms
[2024-07-02T09:56:04.722-0400][gc,phases   ] GC(247)   Merge Heap Roots: 0,1ms
[2024-07-02T09:56:04.722-0400][gc,phases   ] GC(247)   Evacuate Collection Set: 13,8ms
[2024-07-02T09:56:04.722-0400][gc,phases   ] GC(247)   Post Evacuate Collection Set: 4,4ms
[2024-07-02T09:56:04.722-0400][gc,phases   ] GC(247)   Other: 0,1ms
[2024-07-02T09:56:04.722-0400][gc,heap     ] GC(247) Eden regions: 45->0(45)
[2024-07-02T09:56:04.722-0400][gc,heap     ] GC(247) Survivor regions: 6->6(7)
[2024-07-02T09:56:04.722-0400][gc,heap     ] GC(247) Old regions: 139->144
[2024-07-02T09:56:04.722-0400][gc,heap     ] GC(247) Humongous regions: 129->129
[2024-07-02T09:56:04.722-0400][gc,metaspace] GC(247) Metaspace: 47711K(48448K)->47711K(48448K) NonClass: 42167K(42560K)->42167K(42560K) Class: 5543K(5888K)->5543K(5888K)
[2024-07-02T09:56:04.722-0400][gc          ] GC(247) Pause Young (Normal) (G1 Evacuation Pause) 318M->278M(1024M) 19,357ms
[2024-07-02T09:56:04.722-0400][gc,cpu      ] GC(247) User=0,03s Sys=0,03s Real=0,02s
[2024-07-02T10:02:29.710-0400][gc,start    ] GC(248) Pause Young (Normal) (G1 Evacuation Pause)
[2024-07-02T10:02:29.710-0400][gc,task     ] GC(248) Using 6 workers of 6 for evacuation
[2024-07-02T10:02:29.744-0400][gc,mmu      ] GC(248) MMU target violated: 21,0ms (20,0ms/21,0ms)
[2024-07-02T10:02:29.744-0400][gc,phases   ] GC(248)   Pre Evacuate Collection Set: 0,6ms
[2024-07-02T10:02:29.744-0400][gc,phases   ] GC(248)   Merge Heap Roots: 0,2ms
[2024-07-02T10:02:29.744-0400][gc,phases   ] GC(248)   Evacuate Collection Set: 24,0ms
[2024-07-02T10:02:29.744-0400][gc,phases   ] GC(248)   Post Evacuate Collection Set: 8,7ms
[2024-07-02T10:02:29.744-0400][gc,phases   ] GC(248)   Other: 0,8ms
[2024-07-02T10:02:29.744-0400][gc,heap     ] GC(248) Eden regions: 45->0(45)
[2024-07-02T10:02:29.744-0400][gc,heap     ] GC(248) Survivor regions: 6->6(7)
[2024-07-02T10:02:29.744-0400][gc,heap     ] GC(248) Old regions: 144->149
[2024-07-02T10:02:29.744-0400][gc,heap     ] GC(248) Humongous regions: 129->129
[2024-07-02T10:02:29.744-0400][gc,metaspace] GC(248) Metaspace: 47711K(48448K)->47711K(48448K) NonClass: 42167K(42560K)->42167K(42560K) Class: 5543K(5888K)->5543K(5888K)
[2024-07-02T10:02:29.744-0400][gc          ] GC(248) Pause Young (Normal) (G1 Evacuation Pause) 323M->283M(1024M) 34,425ms
[2024-07-02T10:02:29.744-0400][gc,cpu      ] GC(248) User=0,05s Sys=0,01s Real=0,03s
[2024-07-02T10:09:05.981-0400][gc,start    ] GC(249) Pause Young (Normal) (G1 Evacuation Pause)
[2024-07-02T10:09:05.981-0400][gc,task     ] GC(249) Using 6 workers of 6 for evacuation
[2024-07-02T10:09:05.997-0400][gc,phases   ] GC(249)   Pre Evacuate Collection Set: 0,6ms
[2024-07-02T10:09:05.997-0400][gc,phases   ] GC(249)   Merge Heap Roots: 0,2ms
[2024-07-02T10:09:05.997-0400][gc,phases   ] GC(249)   Evacuate Collection Set: 13,1ms
[2024-07-02T10:09:05.997-0400][gc,phases   ] GC(249)   Post Evacuate Collection Set: 2,7ms
[2024-07-02T10:09:05.997-0400][gc,phases   ] GC(249)   Other: 0,1ms
[2024-07-02T10:09:05.998-0400][gc,heap     ] GC(249) Eden regions: 45->0(44)
[2024-07-02T10:09:05.998-0400][gc,heap     ] GC(249) Survivor regions: 6->7(7)
[2024-07-02T10:09:05.998-0400][gc,heap     ] GC(249) Old regions: 149->154
[2024-07-02T10:09:05.998-0400][gc,heap     ] GC(249) Humongous regions: 129->129
[2024-07-02T10:09:05.998-0400][gc,metaspace] GC(249) Metaspace: 47711K(48448K)->47711K(48448K) NonClass: 42167K(42560K)->42167K(42560K) Class: 5543K(5888K)->5543K(5888K)
[2024-07-02T10:09:05.998-0400][gc          ] GC(249) Pause Young (Normal) (G1 Evacuation Pause) 328M->289M(1024M) 17,005ms
[2024-07-02T10:09:05.998-0400][gc,cpu      ] GC(249) User=0,04s Sys=0,03s Real=0,02s
[2024-07-02T10:14:43.793-0400][gc,start    ] GC(250) Pause Young (Normal) (G1 Evacuation Pause)
[2024-07-02T10:14:43.793-0400][gc,task     ] GC(250) Using 6 workers of 6 for evacuation
[2024-07-02T10:14:43.808-0400][gc,phases   ] GC(250)   Pre Evacuate Collection Set: 1,4ms
[2024-07-02T10:14:43.808-0400][gc,phases   ] GC(250)   Merge Heap Roots: 0,4ms
[2024-07-02T10:14:43.808-0400][gc,phases   ] GC(250)   Evacuate Collection Set: 6,6ms
[2024-07-02T10:14:43.808-0400][gc,phases   ] GC(250)   Post Evacuate Collection Set: 4,5ms
[2024-07-02T10:14:43.808-0400][gc,phases   ] GC(250)   Other: 2,3ms
[2024-07-02T10:14:43.808-0400][gc,heap     ] GC(250) Eden regions: 44->0(48)
[2024-07-02T10:14:43.808-0400][gc,heap     ] GC(250) Survivor regions: 7->3(7)
[2024-07-02T10:14:43.808-0400][gc,heap     ] GC(250) Old regions: 154->159
[2024-07-02T10:14:43.808-0400][gc,heap     ] GC(250) Humongous regions: 129->129
[2024-07-02T10:14:43.808-0400][gc,metaspace] GC(250) Metaspace: 47733K(48512K)->47733K(48512K) NonClass: 42188K(42624K)->42188K(42624K) Class: 5545K(5888K)->5545K(5888K)
[2024-07-02T10:14:43.808-0400][gc          ] GC(250) Pause Young (Normal) (G1 Evacuation Pause) 333M->291M(1024M) 15,353ms
[2024-07-02T10:14:43.808-0400][gc,cpu      ] GC(250) User=0,02s Sys=0,02s Real=0,02s
[2024-07-02T10:21:15.287-0400][gc,start    ] GC(251) Pause Young (Normal) (G1 Evacuation Pause)
[2024-07-02T10:21:15.287-0400][gc,task     ] GC(251) Using 6 workers of 6 for evacuation
[2024-07-02T10:21:15.299-0400][gc,phases   ] GC(251)   Pre Evacuate Collection Set: 0,6ms
[2024-07-02T10:21:15.299-0400][gc,phases   ] GC(251)   Merge Heap Roots: 0,4ms
[2024-07-02T10:21:15.299-0400][gc,phases   ] GC(251)   Evacuate Collection Set: 6,9ms
[2024-07-02T10:21:15.299-0400][gc,phases   ] GC(251)   Post Evacuate Collection Set: 1,2ms
[2024-07-02T10:21:15.299-0400][gc,phases   ] GC(251)   Other: 2,4ms
[2024-07-02T10:21:15.299-0400][gc,heap     ] GC(251) Eden regions: 48->0(45)
[2024-07-02T10:21:15.299-0400][gc,heap     ] GC(251) Survivor regions: 3->6(7)
[2024-07-02T10:21:15.299-0400][gc,heap     ] GC(251) Old regions: 159->159
[2024-07-02T10:21:15.299-0400][gc,heap     ] GC(251) Humongous regions: 129->129
[2024-07-02T10:21:15.299-0400][gc,metaspace] GC(251) Metaspace: 47775K(48512K)->47775K(48512K) NonClass: 42229K(42624K)->42229K(42624K) Class: 5545K(5888K)->5545K(5888K)
[2024-07-02T10:21:15.299-0400][gc          ] GC(251) Pause Young (Normal) (G1 Evacuation Pause) 339M->294M(1024M) 11,658ms
[2024-07-02T10:21:15.299-0400][gc,cpu      ] GC(251) User=0,03s Sys=0,01s Real=0,01s
[2024-07-02T10:27:51.393-0400][gc,start    ] GC(252) Pause Young (Normal) (G1 Evacuation Pause)
[2024-07-02T10:27:51.404-0400][gc,task     ] GC(252) Using 6 workers of 6 for evacuation
[2024-07-02T10:27:51.428-0400][gc,mmu      ] GC(252) MMU target violated: 21,0ms (20,0ms/21,0ms)
[2024-07-02T10:27:51.429-0400][gc,phases   ] GC(252)   Pre Evacuate Collection Set: 0,6ms
[2024-07-02T10:27:51.429-0400][gc,phases   ] GC(252)   Merge Heap Roots: 0,1ms
[2024-07-02T10:27:51.429-0400][gc,phases   ] GC(252)   Evacuate Collection Set: 21,4ms
[2024-07-02T10:27:51.429-0400][gc,phases   ] GC(252)   Post Evacuate Collection Set: 1,5ms
[2024-07-02T10:27:51.429-0400][gc,phases   ] GC(252)   Other: 0,3ms
[2024-07-02T10:27:51.429-0400][gc,heap     ] GC(252) Eden regions: 45->0(46)
[2024-07-02T10:27:51.429-0400][gc,heap     ] GC(252) Survivor regions: 6->5(7)
[2024-07-02T10:27:51.429-0400][gc,heap     ] GC(252) Old regions: 159->164
[2024-07-02T10:27:51.429-0400][gc,heap     ] GC(252) Humongous regions: 129->129
[2024-07-02T10:27:51.429-0400][gc,metaspace] GC(252) Metaspace: 47775K(48512K)->47775K(48512K) NonClass: 42229K(42624K)->42229K(42624K) Class: 5545K(5888K)->5545K(5888K)
[2024-07-02T10:27:51.429-0400][gc          ] GC(252) Pause Young (Normal) (G1 Evacuation Pause) 339M->297M(1024M) 35,982ms
[2024-07-02T10:27:51.429-0400][gc,cpu      ] GC(252) User=0,07s Sys=0,00s Real=0,04s
[2024-07-02T10:34:42.206-0400][gc,start    ] GC(253) Pause Young (Normal) (G1 Evacuation Pause)
[2024-07-02T10:34:42.209-0400][gc,task     ] GC(253) Using 6 workers of 6 for evacuation
[2024-07-02T10:34:42.225-0400][gc,phases   ] GC(253)   Pre Evacuate Collection Set: 0,8ms
[2024-07-02T10:34:42.225-0400][gc,phases   ] GC(253)   Merge Heap Roots: 0,2ms
[2024-07-02T10:34:42.225-0400][gc,phases   ] GC(253)   Evacuate Collection Set: 11,9ms
[2024-07-02T10:34:42.225-0400][gc,phases   ] GC(253)   Post Evacuate Collection Set: 2,3ms
[2024-07-02T10:34:42.225-0400][gc,phases   ] GC(253)   Other: 0,1ms
[2024-07-02T10:34:42.225-0400][gc,heap     ] GC(253) Eden regions: 46->0(47)
[2024-07-02T10:34:42.225-0400][gc,heap     ] GC(253) Survivor regions: 5->7(7)
[2024-07-02T10:34:42.225-0400][gc,heap     ] GC(253) Old regions: 164->167
[2024-07-02T10:34:42.225-0400][gc,heap     ] GC(253) Humongous regions: 129->129
[2024-07-02T10:34:42.225-0400][gc,metaspace] GC(253) Metaspace: 47775K(48512K)->47775K(48512K) NonClass: 42229K(42624K)->42229K(42624K) Class: 5545K(5888K)->5545K(5888K)
[2024-07-02T10:34:42.225-0400][gc          ] GC(253) Pause Young (Normal) (G1 Evacuation Pause) 343M->302M(1024M) 18,686ms
[2024-07-02T10:34:42.225-0400][gc,cpu      ] GC(253) User=0,02s Sys=0,03s Real=0,01s
[2024-07-02T10:40:15.697-0400][gc,start    ] GC(254) Pause Young (Normal) (G1 Evacuation Pause)
[2024-07-02T10:40:15.698-0400][gc,task     ] GC(254) Using 6 workers of 6 for evacuation
[2024-07-02T10:40:15.711-0400][gc,phases   ] GC(254)   Pre Evacuate Collection Set: 0,6ms
[2024-07-02T10:40:15.711-0400][gc,phases   ] GC(254)   Merge Heap Roots: 0,2ms
[2024-07-02T10:40:15.711-0400][gc,phases   ] GC(254)   Evacuate Collection Set: 10,1ms
[2024-07-02T10:40:15.711-0400][gc,phases   ] GC(254)   Post Evacuate Collection Set: 1,8ms
[2024-07-02T10:40:15.711-0400][gc,phases   ] GC(254)   Other: 0,1ms
[2024-07-02T10:40:15.711-0400][gc,heap     ] GC(254) Eden regions: 44->0(61)
[2024-07-02T10:40:15.711-0400][gc,heap     ] GC(254) Survivor regions: 7->7(7)
[2024-07-02T10:40:15.711-0400][gc,heap     ] GC(254) Old regions: 167->172
[2024-07-02T10:40:15.711-0400][gc,heap     ] GC(254) Humongous regions: 129->129
[2024-07-02T10:40:15.712-0400][gc,metaspace] GC(254) Metaspace: 47775K(48512K)->47775K(48512K) NonClass: 42229K(42624K)->42229K(42624K) Class: 5545K(5888K)->5545K(5888K)
[2024-07-02T10:40:15.712-0400][gc          ] GC(254) Pause Young (Normal) (G1 Evacuation Pause) 346M->307M(1024M) 14,429ms
[2024-07-02T10:40:15.712-0400][gc,cpu      ] GC(254) User=0,04s Sys=0,01s Real=0,01s
[2024-07-02T10:48:57.045-0400][gc,start    ] GC(255) Pause Young (Normal) (G1 Evacuation Pause)
[2024-07-02T10:48:57.056-0400][gc,task     ] GC(255) Using 6 workers of 6 for evacuation
[2024-07-02T10:48:57.292-0400][gc,mmu      ] GC(255) MMU target violated: 21,0ms (20,0ms/21,0ms)
[2024-07-02T10:48:57.292-0400][gc,phases   ] GC(255)   Pre Evacuate Collection Set: 1,5ms
[2024-07-02T10:48:57.292-0400][gc,phases   ] GC(255)   Merge Heap Roots: 0,2ms
[2024-07-02T10:48:57.292-0400][gc,phases   ] GC(255)   Evacuate Collection Set: 205,7ms
[2024-07-02T10:48:57.292-0400][gc,phases   ] GC(255)   Post Evacuate Collection Set: 16,6ms
[2024-07-02T10:48:57.292-0400][gc,phases   ] GC(255)   Other: 13,2ms
[2024-07-02T10:48:57.292-0400][gc,heap     ] GC(255) Eden regions: 58->0(43)
[2024-07-02T10:48:57.292-0400][gc,heap     ] GC(255) Survivor regions: 7->8(9)
[2024-07-02T10:48:57.292-0400][gc,heap     ] GC(255) Old regions: 172->178
[2024-07-02T10:48:57.293-0400][gc,heap     ] GC(255) Humongous regions: 129->129
[2024-07-02T10:48:57.293-0400][gc,metaspace] GC(255) Metaspace: 47775K(48512K)->47775K(48512K) NonClass: 42229K(42624K)->42229K(42624K) Class: 5545K(5888K)->5545K(5888K)
[2024-07-02T10:48:57.293-0400][gc          ] GC(255) Pause Young (Normal) (G1 Evacuation Pause) 365M->314M(1024M) 252,344ms
[2024-07-02T10:48:57.293-0400][gc,cpu      ] GC(255) User=0,10s Sys=0,09s Real=0,26s
[2024-07-02T10:54:35.934-0400][gc,start    ] GC(256) Pause Young (Normal) (G1 Evacuation Pause)
[2024-07-02T10:54:35.936-0400][gc,task     ] GC(256) Using 6 workers of 6 for evacuation
[2024-07-02T10:54:35.964-0400][gc,mmu      ] GC(256) MMU target violated: 21,0ms (20,0ms/21,0ms)
[2024-07-02T10:54:35.964-0400][gc,phases   ] GC(256)   Pre Evacuate Collection Set: 0,6ms
[2024-07-02T10:54:35.964-0400][gc,phases   ] GC(256)   Merge Heap Roots: 0,1ms
[2024-07-02T10:54:35.964-0400][gc,phases   ] GC(256)   Evacuate Collection Set: 21,9ms
[2024-07-02T10:54:35.964-0400][gc,phases   ] GC(256)   Post Evacuate Collection Set: 5,7ms
[2024-07-02T10:54:35.964-0400][gc,phases   ] GC(256)   Other: 0,1ms
[2024-07-02T10:54:35.964-0400][gc,heap     ] GC(256) Eden regions: 43->0(44)
[2024-07-02T10:54:35.964-0400][gc,heap     ] GC(256) Survivor regions: 8->7(7)
[2024-07-02T10:54:35.964-0400][gc,heap     ] GC(256) Old regions: 178->185
[2024-07-02T10:54:35.964-0400][gc,heap     ] GC(256) Humongous regions: 129->129
[2024-07-02T10:54:35.964-0400][gc,metaspace] GC(256) Metaspace: 47775K(48512K)->47775K(48512K) NonClass: 42229K(42624K)->42229K(42624K) Class: 5545K(5888K)->5545K(5888K)
[2024-07-02T10:54:35.964-0400][gc          ] GC(256) Pause Young (Normal) (G1 Evacuation Pause) 357M->319M(1024M) 30,751ms
[2024-07-02T10:54:35.964-0400][gc,cpu      ] GC(256) User=0,02s Sys=0,03s Real=0,03s
[2024-07-02T11:00:43.649-0400][gc,start    ] GC(257) Pause Young (Normal) (G1 Evacuation Pause)
[2024-07-02T11:00:43.654-0400][gc,task     ] GC(257) Using 6 workers of 6 for evacuation
[2024-07-02T11:00:43.670-0400][gc,phases   ] GC(257)   Pre Evacuate Collection Set: 1,9ms
[2024-07-02T11:00:43.670-0400][gc,phases   ] GC(257)   Merge Heap Roots: 0,2ms
[2024-07-02T11:00:43.670-0400][gc,phases   ] GC(257)   Evacuate Collection Set: 11,7ms
[2024-07-02T11:00:43.670-0400][gc,phases   ] GC(257)   Post Evacuate Collection Set: 2,0ms
[2024-07-02T11:00:43.670-0400][gc,phases   ] GC(257)   Other: 0,2ms
[2024-07-02T11:00:43.670-0400][gc,heap     ] GC(257) Eden regions: 44->0(44)
[2024-07-02T11:00:43.670-0400][gc,heap     ] GC(257) Survivor regions: 7->7(7)
[2024-07-02T11:00:43.670-0400][gc,heap     ] GC(257) Old regions: 185->189
[2024-07-02T11:00:43.670-0400][gc,heap     ] GC(257) Humongous regions: 129->129
[2024-07-02T11:00:43.670-0400][gc,metaspace] GC(257) Metaspace: 47775K(48512K)->47775K(48512K) NonClass: 42229K(42624K)->42229K(42624K) Class: 5545K(5888K)->5545K(5888K)
[2024-07-02T11:00:43.670-0400][gc          ] GC(257) Pause Young (Normal) (G1 Evacuation Pause) 363M->324M(1024M) 21,356ms
[2024-07-02T11:00:43.670-0400][gc,cpu      ] GC(257) User=0,01s Sys=0,04s Real=0,02s
[2024-07-02T11:07:16.186-0400][gc,start    ] GC(258) Pause Young (Normal) (G1 Evacuation Pause)
[2024-07-02T11:07:16.186-0400][gc,task     ] GC(258) Using 6 workers of 6 for evacuation
[2024-07-02T11:07:16.211-0400][gc,mmu      ] GC(258) MMU target violated: 21,0ms (20,0ms/21,0ms)
[2024-07-02T11:07:16.211-0400][gc,phases   ] GC(258)   Pre Evacuate Collection Set: 0,7ms
[2024-07-02T11:07:16.211-0400][gc,phases   ] GC(258)   Merge Heap Roots: 0,3ms
[2024-07-02T11:07:16.211-0400][gc,phases   ] GC(258)   Evacuate Collection Set: 19,7ms
[2024-07-02T11:07:16.211-0400][gc,phases   ] GC(258)   Post Evacuate Collection Set: 3,5ms
[2024-07-02T11:07:16.211-0400][gc,phases   ] GC(258)   Other: 0,2ms
[2024-07-02T11:07:16.211-0400][gc,heap     ] GC(258) Eden regions: 44->0(44)
[2024-07-02T11:07:16.211-0400][gc,heap     ] GC(258) Survivor regions: 7->7(7)
[2024-07-02T11:07:16.211-0400][gc,heap     ] GC(258) Old regions: 189->194
[2024-07-02T11:07:16.211-0400][gc,heap     ] GC(258) Humongous regions: 129->129
[2024-07-02T11:07:16.211-0400][gc,metaspace] GC(258) Metaspace: 47775K(48512K)->47775K(48512K) NonClass: 42229K(42624K)->42229K(42624K) Class: 5545K(5888K)->5545K(5888K)
[2024-07-02T11:07:16.211-0400][gc          ] GC(258) Pause Young (Normal) (G1 Evacuation Pause) 368M->329M(1024M) 24,818ms
[2024-07-02T11:07:16.211-0400][gc,cpu      ] GC(258) User=0,02s Sys=0,04s Real=0,02s
[2024-07-02T11:13:24.062-0400][gc,start    ] GC(259) Pause Young (Normal) (G1 Evacuation Pause)
[2024-07-02T11:13:24.062-0400][gc,task     ] GC(259) Using 6 workers of 6 for evacuation
[2024-07-02T11:13:24.078-0400][gc,phases   ] GC(259)   Pre Evacuate Collection Set: 0,6ms
[2024-07-02T11:13:24.078-0400][gc,phases   ] GC(259)   Merge Heap Roots: 0,2ms
[2024-07-02T11:13:24.078-0400][gc,phases   ] GC(259)   Evacuate Collection Set: 8,7ms
[2024-07-02T11:13:24.078-0400][gc,phases   ] GC(259)   Post Evacuate Collection Set: 6,9ms
[2024-07-02T11:13:24.078-0400][gc,phases   ] GC(259)   Other: 0,1ms
[2024-07-02T11:13:24.078-0400][gc,heap     ] GC(259) Eden regions: 44->0(45)
[2024-07-02T11:13:24.078-0400][gc,heap     ] GC(259) Survivor regions: 7->6(7)
[2024-07-02T11:13:24.078-0400][gc,heap     ] GC(259) Old regions: 194->199
[2024-07-02T11:13:24.078-0400][gc,heap     ] GC(259) Humongous regions: 129->129
[2024-07-02T11:13:24.078-0400][gc,metaspace] GC(259) Metaspace: 47775K(48512K)->47775K(48512K) NonClass: 42229K(42624K)->42229K(42624K) Class: 5545K(5888K)->5545K(5888K)
[2024-07-02T11:13:24.078-0400][gc          ] GC(259) Pause Young (Normal) (G1 Evacuation Pause) 373M->332M(1024M) 16,652ms
[2024-07-02T11:13:24.078-0400][gc,cpu      ] GC(259) User=0,02s Sys=0,03s Real=0,02s
[2024-07-02T11:20:02.207-0400][gc,start    ] GC(260) Pause Young (Normal) (G1 Evacuation Pause)
[2024-07-02T11:20:02.207-0400][gc,task     ] GC(260) Using 6 workers of 6 for evacuation
[2024-07-02T11:20:02.221-0400][gc,phases   ] GC(260)   Pre Evacuate Collection Set: 0,6ms
[2024-07-02T11:20:02.221-0400][gc,phases   ] GC(260)   Merge Heap Roots: 1,9ms
[2024-07-02T11:20:02.221-0400][gc,phases   ] GC(260)   Evacuate Collection Set: 5,7ms
[2024-07-02T11:20:02.221-0400][gc,phases   ] GC(260)   Post Evacuate Collection Set: 5,6ms
[2024-07-02T11:20:02.221-0400][gc,phases   ] GC(260)   Other: 0,1ms
[2024-07-02T11:20:02.221-0400][gc,heap     ] GC(260) Eden regions: 45->0(48)
[2024-07-02T11:20:02.221-0400][gc,heap     ] GC(260) Survivor regions: 6->3(7)
[2024-07-02T11:20:02.221-0400][gc,heap     ] GC(260) Old regions: 199->201
[2024-07-02T11:20:02.221-0400][gc,heap     ] GC(260) Humongous regions: 129->129
[2024-07-02T11:20:02.221-0400][gc,metaspace] GC(260) Metaspace: 47775K(48512K)->47775K(48512K) NonClass: 42229K(42624K)->42229K(42624K) Class: 5545K(5888K)->5545K(5888K)
[2024-07-02T11:20:02.221-0400][gc          ] GC(260) Pause Young (Normal) (G1 Evacuation Pause) 377M->332M(1024M) 14,295ms
[2024-07-02T11:20:02.221-0400][gc,cpu      ] GC(260) User=0,01s Sys=0,02s Real=0,01s
[2024-07-02T11:26:24.410-0400][gc,start    ] GC(261) Pause Young (Normal) (G1 Evacuation Pause)
[2024-07-02T11:26:24.414-0400][gc,task     ] GC(261) Using 6 workers of 6 for evacuation
[2024-07-02T11:26:24.448-0400][gc,mmu      ] GC(261) MMU target violated: 21,0ms (20,0ms/21,0ms)
[2024-07-02T11:26:24.448-0400][gc,phases   ] GC(261)   Pre Evacuate Collection Set: 3,1ms
[2024-07-02T11:26:24.448-0400][gc,phases   ] GC(261)   Merge Heap Roots: 1,1ms
[2024-07-02T11:26:24.448-0400][gc,phases   ] GC(261)   Evacuate Collection Set: 28,8ms
[2024-07-02T11:26:24.448-0400][gc,phases   ] GC(261)   Post Evacuate Collection Set: 0,7ms
[2024-07-02T11:26:24.448-0400][gc,phases   ] GC(261)   Other: 0,3ms
[2024-07-02T11:26:24.448-0400][gc,heap     ] GC(261) Eden regions: 48->0(44)
[2024-07-02T11:26:24.448-0400][gc,heap     ] GC(261) Survivor regions: 3->7(7)
[2024-07-02T11:26:24.448-0400][gc,heap     ] GC(261) Old regions: 201->201
[2024-07-02T11:26:24.448-0400][gc,heap     ] GC(261) Humongous regions: 129->129
[2024-07-02T11:26:24.448-0400][gc,metaspace] GC(261) Metaspace: 47775K(48512K)->47775K(48512K) NonClass: 42229K(42624K)->42229K(42624K) Class: 5545K(5888K)->5545K(5888K)
[2024-07-02T11:26:24.448-0400][gc          ] GC(261) Pause Young (Normal) (G1 Evacuation Pause) 380M->336M(1024M) 38,090ms
[2024-07-02T11:26:24.448-0400][gc,cpu      ] GC(261) User=0,05s Sys=0,00s Real=0,04s
[2024-07-02T11:32:57.914-0400][gc,start    ] GC(262) Pause Young (Normal) (G1 Evacuation Pause)
[2024-07-02T11:32:57.914-0400][gc,task     ] GC(262) Using 6 workers of 6 for evacuation
[2024-07-02T11:32:57.943-0400][gc,mmu      ] GC(262) MMU target violated: 21,0ms (20,0ms/21,0ms)
[2024-07-02T11:32:57.943-0400][gc,phases   ] GC(262)   Pre Evacuate Collection Set: 0,8ms
[2024-07-02T11:32:57.943-0400][gc,phases   ] GC(262)   Merge Heap Roots: 0,2ms
[2024-07-02T11:32:57.943-0400][gc,phases   ] GC(262)   Evacuate Collection Set: 22,8ms
[2024-07-02T11:32:57.943-0400][gc,phases   ] GC(262)   Post Evacuate Collection Set: 4,4ms
[2024-07-02T11:32:57.943-0400][gc,phases   ] GC(262)   Other: 0,2ms
[2024-07-02T11:32:57.943-0400][gc,heap     ] GC(262) Eden regions: 44->0(45)
[2024-07-02T11:32:57.943-0400][gc,heap     ] GC(262) Survivor regions: 7->6(7)
[2024-07-02T11:32:57.943-0400][gc,heap     ] GC(262) Old regions: 201->208
[2024-07-02T11:32:57.943-0400][gc,heap     ] GC(262) Humongous regions: 129->129
[2024-07-02T11:32:57.943-0400][gc,metaspace] GC(262) Metaspace: 47775K(48512K)->47775K(48512K) NonClass: 42229K(42624K)->42229K(42624K) Class: 5545K(5888K)->5545K(5888K)
[2024-07-02T11:32:57.943-0400][gc          ] GC(262) Pause Young (Normal) (G1 Evacuation Pause) 380M->342M(1024M) 28,513ms
[2024-07-02T11:32:57.943-0400][gc,cpu      ] GC(262) User=0,05s Sys=0,02s Real=0,03s
[2024-07-02T11:39:41.044-0400][gc,start    ] GC(263) Pause Young (Normal) (G1 Evacuation Pause)
[2024-07-02T11:39:41.045-0400][gc,task     ] GC(263) Using 6 workers of 6 for evacuation
[2024-07-02T11:39:41.074-0400][gc,mmu      ] GC(263) MMU target violated: 21,0ms (20,0ms/21,0ms)
[2024-07-02T11:39:41.074-0400][gc,phases   ] GC(263)   Pre Evacuate Collection Set: 0,9ms
[2024-07-02T11:39:41.074-0400][gc,phases   ] GC(263)   Merge Heap Roots: 0,2ms
[2024-07-02T11:39:41.074-0400][gc,phases   ] GC(263)   Evacuate Collection Set: 13,4ms
[2024-07-02T11:39:41.074-0400][gc,phases   ] GC(263)   Post Evacuate Collection Set: 14,6ms
[2024-07-02T11:39:41.074-0400][gc,phases   ] GC(263)   Other: 0,2ms
[2024-07-02T11:39:41.074-0400][gc,heap     ] GC(263) Eden regions: 45->0(45)
[2024-07-02T11:39:41.074-0400][gc,heap     ] GC(263) Survivor regions: 6->6(7)
[2024-07-02T11:39:41.074-0400][gc,heap     ] GC(263) Old regions: 208->212
[2024-07-02T11:39:41.074-0400][gc,heap     ] GC(263) Humongous regions: 129->129
[2024-07-02T11:39:41.074-0400][gc,metaspace] GC(263) Metaspace: 47775K(48512K)->47775K(48512K) NonClass: 42229K(42624K)->42229K(42624K) Class: 5545K(5888K)->5545K(5888K)
[2024-07-02T11:39:41.074-0400][gc          ] GC(263) Pause Young (Normal) (G1 Evacuation Pause) 387M->346M(1024M) 29,627ms
[2024-07-02T11:39:41.074-0400][gc,cpu      ] GC(263) User=0,03s Sys=0,03s Real=0,03s
[2024-07-02T11:46:22.732-0400][gc,start    ] GC(264) Pause Young (Normal) (G1 Evacuation Pause)
[2024-07-02T11:46:22.732-0400][gc,task     ] GC(264) Using 6 workers of 6 for evacuation
[2024-07-02T11:46:22.753-0400][gc,mmu      ] GC(264) MMU target violated: 20,7ms (20,0ms/21,0ms)
[2024-07-02T11:46:22.753-0400][gc,phases   ] GC(264)   Pre Evacuate Collection Set: 0,6ms
[2024-07-02T11:46:22.753-0400][gc,phases   ] GC(264)   Merge Heap Roots: 0,2ms
[2024-07-02T11:46:22.753-0400][gc,phases   ] GC(264)   Evacuate Collection Set: 16,3ms
[2024-07-02T11:46:22.753-0400][gc,phases   ] GC(264)   Post Evacuate Collection Set: 3,5ms
[2024-07-02T11:46:22.753-0400][gc,phases   ] GC(264)   Other: 0,2ms
[2024-07-02T11:46:22.753-0400][gc,heap     ] GC(264) Eden regions: 45->0(44)
[2024-07-02T11:46:22.753-0400][gc,heap     ] GC(264) Survivor regions: 6->7(7)
[2024-07-02T11:46:22.753-0400][gc,heap     ] GC(264) Old regions: 212->217
[2024-07-02T11:46:22.753-0400][gc,heap     ] GC(264) Humongous regions: 129->129
[2024-07-02T11:46:22.753-0400][gc,metaspace] GC(264) Metaspace: 47775K(48512K)->47775K(48512K) NonClass: 42229K(42624K)->42229K(42624K) Class: 5545K(5888K)->5545K(5888K)
[2024-07-02T11:46:22.753-0400][gc          ] GC(264) Pause Young (Normal) (G1 Evacuation Pause) 391M->352M(1024M) 21,317ms
[2024-07-02T11:46:22.753-0400][gc,cpu      ] GC(264) User=0,04s Sys=0,02s Real=0,02s
[2024-07-02T11:52:56.482-0400][gc,start    ] GC(265) Pause Young (Normal) (G1 Evacuation Pause)
[2024-07-02T11:52:56.482-0400][gc,task     ] GC(265) Using 6 workers of 6 for evacuation
[2024-07-02T11:52:56.507-0400][gc,mmu      ] GC(265) MMU target violated: 21,0ms (20,0ms/21,0ms)
[2024-07-02T11:52:56.507-0400][gc,phases   ] GC(265)   Pre Evacuate Collection Set: 4,7ms
[2024-07-02T11:52:56.507-0400][gc,phases   ] GC(265)   Merge Heap Roots: 0,2ms
[2024-07-02T11:52:56.507-0400][gc,phases   ] GC(265)   Evacuate Collection Set: 15,4ms
[2024-07-02T11:52:56.507-0400][gc,phases   ] GC(265)   Post Evacuate Collection Set: 4,4ms
[2024-07-02T11:52:56.507-0400][gc,phases   ] GC(265)   Other: 0,2ms
[2024-07-02T11:52:56.507-0400][gc,heap     ] GC(265) Eden regions: 44->0(44)
[2024-07-02T11:52:56.507-0400][gc,heap     ] GC(265) Survivor regions: 7->7(7)
[2024-07-02T11:52:56.507-0400][gc,heap     ] GC(265) Old regions: 217->222
[2024-07-02T11:52:56.507-0400][gc,heap     ] GC(265) Humongous regions: 129->129
[2024-07-02T11:52:56.507-0400][gc,metaspace] GC(265) Metaspace: 47775K(48512K)->47775K(48512K) NonClass: 42229K(42624K)->42229K(42624K) Class: 5545K(5888K)->5545K(5888K)
[2024-07-02T11:52:56.507-0400][gc          ] GC(265) Pause Young (Normal) (G1 Evacuation Pause) 396M->357M(1024M) 25,212ms
[2024-07-02T11:52:56.507-0400][gc,cpu      ] GC(265) User=0,02s Sys=0,04s Real=0,03s
[2024-07-02T11:59:29.062-0400][gc,start    ] GC(266) Pause Young (Normal) (G1 Evacuation Pause)
[2024-07-02T11:59:29.062-0400][gc,task     ] GC(266) Using 6 workers of 6 for evacuation
[2024-07-02T11:59:29.082-0400][gc,phases   ] GC(266)   Pre Evacuate Collection Set: 0,8ms
[2024-07-02T11:59:29.082-0400][gc,phases   ] GC(266)   Merge Heap Roots: 0,2ms
[2024-07-02T11:59:29.082-0400][gc,phases   ] GC(266)   Evacuate Collection Set: 15,7ms
[2024-07-02T11:59:29.082-0400][gc,phases   ] GC(266)   Post Evacuate Collection Set: 2,5ms
[2024-07-02T11:59:29.082-0400][gc,phases   ] GC(266)   Other: 0,1ms
[2024-07-02T11:59:29.082-0400][gc,heap     ] GC(266) Eden regions: 44->0(45)
[2024-07-02T11:59:29.082-0400][gc,heap     ] GC(266) Survivor regions: 7->6(7)
[2024-07-02T11:59:29.082-0400][gc,heap     ] GC(266) Old regions: 222->227
[2024-07-02T11:59:29.082-0400][gc,heap     ] GC(266) Humongous regions: 129->129
[2024-07-02T11:59:29.082-0400][gc,metaspace] GC(266) Metaspace: 47775K(48512K)->47775K(48512K) NonClass: 42229K(42624K)->42229K(42624K) Class: 5545K(5888K)->5545K(5888K)
[2024-07-02T11:59:29.082-0400][gc          ] GC(266) Pause Young (Normal) (G1 Evacuation Pause) 401M->360M(1024M) 19,831ms
[2024-07-02T11:59:29.082-0400][gc,cpu      ] GC(266) User=0,02s Sys=0,02s Real=0,02s
[2024-07-02T12:06:12.206-0400][gc,start    ] GC(267) Pause Young (Normal) (G1 Evacuation Pause)
[2024-07-02T12:06:12.207-0400][gc,task     ] GC(267) Using 6 workers of 6 for evacuation
[2024-07-02T12:06:12.235-0400][gc,mmu      ] GC(267) MMU target violated: 21,0ms (20,0ms/21,0ms)
[2024-07-02T12:06:12.235-0400][gc,phases   ] GC(267)   Pre Evacuate Collection Set: 4,7ms
[2024-07-02T12:06:12.235-0400][gc,phases   ] GC(267)   Merge Heap Roots: 0,1ms
[2024-07-02T12:06:12.235-0400][gc,phases   ] GC(267)   Evacuate Collection Set: 12,7ms
[2024-07-02T12:06:12.235-0400][gc,phases   ] GC(267)   Post Evacuate Collection Set: 10,4ms
[2024-07-02T12:06:12.235-0400][gc,phases   ] GC(267)   Other: 0,2ms
[2024-07-02T12:06:12.235-0400][gc,heap     ] GC(267) Eden regions: 45->0(45)
[2024-07-02T12:06:12.235-0400][gc,heap     ] GC(267) Survivor regions: 6->6(7)
[2024-07-02T12:06:12.235-0400][gc,heap     ] GC(267) Old regions: 227->232
[2024-07-02T12:06:12.235-0400][gc,heap     ] GC(267) Humongous regions: 129->129
[2024-07-02T12:06:12.235-0400][gc,metaspace] GC(267) Metaspace: 47776K(48512K)->47776K(48512K) NonClass: 42230K(42624K)->42230K(42624K) Class: 5545K(5888K)->5545K(5888K)
[2024-07-02T12:06:12.235-0400][gc          ] GC(267) Pause Young (Normal) (G1 Evacuation Pause) 405M->366M(1024M) 28,368ms
[2024-07-02T12:06:12.235-0400][gc,cpu      ] GC(267) User=0,04s Sys=0,02s Real=0,02s
[2024-07-02T12:12:30.709-0400][gc,start    ] GC(268) Pause Young (Concurrent Start) (G1 Evacuation Pause)
[2024-07-02T12:12:30.709-0400][gc,task     ] GC(268) Using 6 workers of 6 for evacuation
[2024-07-02T12:12:31.008-0400][gc,mmu      ] GC(268) MMU target violated: 21,0ms (20,0ms/21,0ms)
[2024-07-02T12:12:31.008-0400][gc,phases   ] GC(268)   Pre Evacuate Collection Set: 15,2ms
[2024-07-02T12:12:31.008-0400][gc,phases   ] GC(268)   Merge Heap Roots: 0,4ms
[2024-07-02T12:12:31.008-0400][gc,phases   ] GC(268)   Evacuate Collection Set: 277,2ms
[2024-07-02T12:12:31.008-0400][gc,phases   ] GC(268)   Post Evacuate Collection Set: 3,9ms
[2024-07-02T12:12:31.008-0400][gc,phases   ] GC(268)   Other: 1,8ms
[2024-07-02T12:12:31.008-0400][gc,heap     ] GC(268) Eden regions: 45->0(45)
[2024-07-02T12:12:31.008-0400][gc,heap     ] GC(268) Survivor regions: 6->6(7)
[2024-07-02T12:12:31.008-0400][gc,heap     ] GC(268) Old regions: 232->237
[2024-07-02T12:12:31.008-0400][gc,heap     ] GC(268) Humongous regions: 129->129
[2024-07-02T12:12:31.008-0400][gc,metaspace] GC(268) Metaspace: 47776K(48512K)->47776K(48512K) NonClass: 42230K(42624K)->42230K(42624K) Class: 5545K(5888K)->5545K(5888K)
[2024-07-02T12:12:31.008-0400][gc          ] GC(268) Pause Young (Concurrent Start) (G1 Evacuation Pause) 411M->371M(1024M) 298,940ms
[2024-07-02T12:12:31.008-0400][gc,cpu      ] GC(268) User=0,37s Sys=0,05s Real=0,30s
[2024-07-02T12:12:31.026-0400][gc          ] GC(269) Concurrent Mark Cycle
[2024-07-02T12:12:31.028-0400][gc,marking  ] GC(269) Concurrent Scan Root Regions
[2024-07-02T12:12:31.232-0400][gc,marking  ] GC(269) Concurrent Scan Root Regions 204,662ms
[2024-07-02T12:12:31.232-0400][gc,marking  ] GC(269) Concurrent Mark
[2024-07-02T12:12:31.232-0400][gc,marking  ] GC(269) Concurrent Mark From Roots
[2024-07-02T12:12:31.232-0400][gc,task     ] GC(269) Using 2 workers of 2 for marking
[2024-07-02T12:12:32.926-0400][gc,marking  ] GC(269) Concurrent Mark From Roots 1693,830ms
[2024-07-02T12:12:32.926-0400][gc,marking  ] GC(269) Concurrent Preclean
[2024-07-02T12:12:32.928-0400][gc,marking  ] GC(269) Concurrent Preclean 2,066ms
[2024-07-02T12:12:32.929-0400][gc,start    ] GC(269) Pause Remark
[2024-07-02T12:12:35.878-0400][gc,mmu      ] GC(269) MMU target violated: 21,0ms (20,0ms/21,0ms)
[2024-07-02T12:12:35.878-0400][gc          ] GC(269) Pause Remark 371M->290M(1024M) 2949,785ms
[2024-07-02T12:12:35.878-0400][gc,cpu      ] GC(269) User=4,86s Sys=1,36s Real=2,95s
[2024-07-02T12:12:35.881-0400][gc,marking  ] GC(269) Concurrent Mark 4648,254ms
[2024-07-02T12:12:35.881-0400][gc,marking  ] GC(269) Concurrent Rebuild Remembered Sets and Scrub Regions
[2024-07-02T12:12:36.569-0400][gc,marking  ] GC(269) Concurrent Rebuild Remembered Sets and Scrub Regions 688,249ms
[2024-07-02T12:12:36.569-0400][gc,start    ] GC(269) Pause Cleanup
[2024-07-02T12:12:36.570-0400][gc          ] GC(269) Pause Cleanup 290M->290M(1024M) 0,603ms
[2024-07-02T12:12:36.570-0400][gc,cpu      ] GC(269) User=0,00s Sys=0,00s Real=0,00s
[2024-07-02T12:12:36.570-0400][gc,marking  ] GC(269) Concurrent Clear Claimed Marks
[2024-07-02T12:12:36.570-0400][gc,marking  ] GC(269) Concurrent Clear Claimed Marks 0,120ms
[2024-07-02T12:12:36.570-0400][gc,marking  ] GC(269) Concurrent Cleanup for Next Mark
[2024-07-02T12:12:37.337-0400][gc,marking  ] GC(269) Concurrent Cleanup for Next Mark 766,751ms
[2024-07-02T12:12:37.337-0400][gc          ] GC(269) Concurrent Mark Cycle 6310,904ms
[2024-07-02T12:19:16.668-0400][gc,start    ] GC(270) Pause Young (Prepare Mixed) (G1 Evacuation Pause)
[2024-07-02T12:19:16.668-0400][gc,task     ] GC(270) Using 6 workers of 6 for evacuation
[2024-07-02T12:19:16.880-0400][gc,mmu      ] GC(270) MMU target violated: 21,0ms (20,0ms/21,0ms)
[2024-07-02T12:19:16.880-0400][gc,phases   ] GC(270)   Pre Evacuate Collection Set: 2,3ms
[2024-07-02T12:19:16.880-0400][gc,phases   ] GC(270)   Merge Heap Roots: 1,1ms
[2024-07-02T12:19:16.880-0400][gc,phases   ] GC(270)   Evacuate Collection Set: 199,5ms
[2024-07-02T12:19:16.880-0400][gc,phases   ] GC(270)   Post Evacuate Collection Set: 9,0ms
[2024-07-02T12:19:16.880-0400][gc,phases   ] GC(270)   Other: 0,3ms
[2024-07-02T12:19:16.880-0400][gc,heap     ] GC(270) Eden regions: 45->0(48)
[2024-07-02T12:19:16.880-0400][gc,heap     ] GC(270) Survivor regions: 6->3(7)
[2024-07-02T12:19:16.880-0400][gc,heap     ] GC(270) Old regions: 156->159
[2024-07-02T12:19:16.880-0400][gc,heap     ] GC(270) Humongous regions: 129->129
[2024-07-02T12:19:16.880-0400][gc,metaspace] GC(270) Metaspace: 47705K(48512K)->47705K(48512K) NonClass: 42178K(42624K)->42178K(42624K) Class: 5527K(5888K)->5527K(5888K)
[2024-07-02T12:19:16.880-0400][gc          ] GC(270) Pause Young (Prepare Mixed) (G1 Evacuation Pause) 335M->290M(1024M) 212,282ms
[2024-07-02T12:19:16.880-0400][gc,cpu      ] GC(270) User=0,03s Sys=0,21s Real=0,21s
[2024-07-02T12:26:24.047-0400][gc,start    ] GC(271) Pause Young (Mixed) (G1 Evacuation Pause)
[2024-07-02T12:26:24.047-0400][gc,task     ] GC(271) Using 6 workers of 6 for evacuation
[2024-07-02T12:26:24.063-0400][gc,phases   ] GC(271)   Pre Evacuate Collection Set: 1,6ms
[2024-07-02T12:26:24.063-0400][gc,phases   ] GC(271)   Merge Heap Roots: 0,3ms
[2024-07-02T12:26:24.063-0400][gc,phases   ] GC(271)   Evacuate Collection Set: 11,9ms
[2024-07-02T12:26:24.063-0400][gc,phases   ] GC(271)   Post Evacuate Collection Set: 1,8ms
[2024-07-02T12:26:24.063-0400][gc,phases   ] GC(271)   Other: 0,1ms
[2024-07-02T12:26:24.063-0400][gc,heap     ] GC(271) Eden regions: 48->0(44)
[2024-07-02T12:26:24.063-0400][gc,heap     ] GC(271) Survivor regions: 3->7(7)
[2024-07-02T12:26:24.063-0400][gc,heap     ] GC(271) Old regions: 159->150
[2024-07-02T12:26:24.063-0400][gc,heap     ] GC(271) Humongous regions: 129->129
[2024-07-02T12:26:24.063-0400][gc,metaspace] GC(271) Metaspace: 47705K(48512K)->47705K(48512K) NonClass: 42178K(42624K)->42178K(42624K) Class: 5527K(5888K)->5527K(5888K)
[2024-07-02T12:26:24.063-0400][gc          ] GC(271) Pause Young (Mixed) (G1 Evacuation Pause) 338M->285M(1024M) 16,015ms
[2024-07-02T12:26:24.063-0400][gc,cpu      ] GC(271) User=0,04s Sys=0,00s Real=0,01s
[2024-07-02T12:32:58.912-0400][gc,start    ] GC(272) Pause Young (Mixed) (G1 Evacuation Pause)
[2024-07-02T12:32:58.913-0400][gc,task     ] GC(272) Using 6 workers of 6 for evacuation
[2024-07-02T12:32:59.363-0400][gc,mmu      ] GC(272) MMU target violated: 21,0ms (20,0ms/21,0ms)
[2024-07-02T12:32:59.363-0400][gc,phases   ] GC(272)   Pre Evacuate Collection Set: 1,4ms
[2024-07-02T12:32:59.363-0400][gc,phases   ] GC(272)   Merge Heap Roots: 0,5ms
[2024-07-02T12:32:59.363-0400][gc,phases   ] GC(272)   Evacuate Collection Set: 447,5ms
[2024-07-02T12:32:59.363-0400][gc,phases   ] GC(272)   Post Evacuate Collection Set: 1,2ms
[2024-07-02T12:32:59.363-0400][gc,phases   ] GC(272)   Other: 0,2ms
[2024-07-02T12:32:59.363-0400][gc,heap     ] GC(272) Eden regions: 44->0(44)
[2024-07-02T12:32:59.363-0400][gc,heap     ] GC(272) Survivor regions: 7->7(7)
[2024-07-02T12:32:59.363-0400][gc,heap     ] GC(272) Old regions: 150->146
[2024-07-02T12:32:59.363-0400][gc,heap     ] GC(272) Humongous regions: 129->129
[2024-07-02T12:32:59.363-0400][gc,metaspace] GC(272) Metaspace: 47705K(48512K)->47705K(48512K) NonClass: 42178K(42624K)->42178K(42624K) Class: 5527K(5888K)->5527K(5888K)
[2024-07-02T12:32:59.363-0400][gc          ] GC(272) Pause Young (Mixed) (G1 Evacuation Pause) 329M->280M(1024M) 451,019ms
[2024-07-02T12:32:59.363-0400][gc,cpu      ] GC(272) User=0,05s Sys=0,35s Real=0,45s
[2024-07-02T12:39:32.072-0400][gc,start    ] GC(273) Pause Young (Mixed) (G1 Evacuation Pause)
[2024-07-02T12:39:32.072-0400][gc,task     ] GC(273) Using 6 workers of 6 for evacuation
[2024-07-02T12:39:32.264-0400][gc,mmu      ] GC(273) MMU target violated: 21,0ms (20,0ms/21,0ms)
[2024-07-02T12:39:32.264-0400][gc,phases   ] GC(273)   Pre Evacuate Collection Set: 0,5ms
[2024-07-02T12:39:32.264-0400][gc,phases   ] GC(273)   Merge Heap Roots: 0,4ms
[2024-07-02T12:39:32.264-0400][gc,phases   ] GC(273)   Evacuate Collection Set: 184,9ms
[2024-07-02T12:39:32.264-0400][gc,phases   ] GC(273)   Post Evacuate Collection Set: 6,3ms
[2024-07-02T12:39:32.264-0400][gc,phases   ] GC(273)   Other: 0,3ms
[2024-07-02T12:39:32.265-0400][gc,heap     ] GC(273) Eden regions: 44->0(45)
[2024-07-02T12:39:32.265-0400][gc,heap     ] GC(273) Survivor regions: 7->6(7)
[2024-07-02T12:39:32.265-0400][gc,heap     ] GC(273) Old regions: 146->140
[2024-07-02T12:39:32.265-0400][gc,heap     ] GC(273) Humongous regions: 129->129
[2024-07-02T12:39:32.265-0400][gc,metaspace] GC(273) Metaspace: 47705K(48512K)->47705K(48512K) NonClass: 42178K(42624K)->42178K(42624K) Class: 5527K(5888K)->5527K(5888K)
[2024-07-02T12:39:32.265-0400][gc          ] GC(273) Pause Young (Mixed) (G1 Evacuation Pause) 324M->273M(1024M) 192,772ms
[2024-07-02T12:39:32.265-0400][gc,cpu      ] GC(273) User=0,04s Sys=0,25s Real=0,19s
[2024-07-02T12:46:14.472-0400][gc,start    ] GC(274) Pause Young (Mixed) (G1 Evacuation Pause)
[2024-07-02T12:46:14.472-0400][gc,task     ] GC(274) Using 6 workers of 6 for evacuation
[2024-07-02T12:46:14.670-0400][gc,mmu      ] GC(274) MMU target violated: 21,0ms (20,0ms/21,0ms)
[2024-07-02T12:46:14.670-0400][gc,phases   ] GC(274)   Pre Evacuate Collection Set: 0,5ms
[2024-07-02T12:46:14.670-0400][gc,phases   ] GC(274)   Merge Heap Roots: 1,2ms
[2024-07-02T12:46:14.670-0400][gc,phases   ] GC(274)   Evacuate Collection Set: 194,8ms
[2024-07-02T12:46:14.670-0400][gc,phases   ] GC(274)   Post Evacuate Collection Set: 1,0ms
[2024-07-02T12:46:14.670-0400][gc,phases   ] GC(274)   Other: 0,2ms
[2024-07-02T12:46:14.670-0400][gc,heap     ] GC(274) Eden regions: 45->0(45)
[2024-07-02T12:46:14.670-0400][gc,heap     ] GC(274) Survivor regions: 6->6(7)
[2024-07-02T12:46:14.670-0400][gc,heap     ] GC(274) Old regions: 140->135
[2024-07-02T12:46:14.670-0400][gc,heap     ] GC(274) Humongous regions: 129->129
[2024-07-02T12:46:14.670-0400][gc,metaspace] GC(274) Metaspace: 47705K(48512K)->47705K(48512K) NonClass: 42178K(42624K)->42178K(42624K) Class: 5527K(5888K)->5527K(5888K)
[2024-07-02T12:46:14.670-0400][gc          ] GC(274) Pause Young (Mixed) (G1 Evacuation Pause) 318M->269M(1024M) 197,876ms
[2024-07-02T12:46:14.670-0400][gc,cpu      ] GC(274) User=0,05s Sys=0,27s Real=0,20s
[2024-07-02T12:52:58.269-0400][gc,start    ] GC(275) Pause Young (Mixed) (G1 Evacuation Pause)
[2024-07-02T12:52:58.269-0400][gc,task     ] GC(275) Using 6 workers of 6 for evacuation
[2024-07-02T12:52:58.524-0400][gc,mmu      ] GC(275) MMU target violated: 21,0ms (20,0ms/21,0ms)
[2024-07-02T12:52:58.524-0400][gc,phases   ] GC(275)   Pre Evacuate Collection Set: 0,3ms
[2024-07-02T12:52:58.524-0400][gc,phases   ] GC(275)   Merge Heap Roots: 0,3ms
[2024-07-02T12:52:58.524-0400][gc,phases   ] GC(275)   Evacuate Collection Set: 252,7ms
[2024-07-02T12:52:58.524-0400][gc,phases   ] GC(275)   Post Evacuate Collection Set: 1,4ms
[2024-07-02T12:52:58.524-0400][gc,phases   ] GC(275)   Other: 0,1ms
[2024-07-02T12:52:58.524-0400][gc,heap     ] GC(275) Eden regions: 45->0(45)
[2024-07-02T12:52:58.524-0400][gc,heap     ] GC(275) Survivor regions: 6->6(7)
[2024-07-02T12:52:58.524-0400][gc,heap     ] GC(275) Old regions: 135->130
[2024-07-02T12:52:58.524-0400][gc,heap     ] GC(275) Humongous regions: 129->129
[2024-07-02T12:52:58.524-0400][gc,metaspace] GC(275) Metaspace: 47705K(48512K)->47705K(48512K) NonClass: 42178K(42624K)->42178K(42624K) Class: 5527K(5888K)->5527K(5888K)
[2024-07-02T12:52:58.524-0400][gc          ] GC(275) Pause Young (Mixed) (G1 Evacuation Pause) 314M->264M(1024M) 255,276ms
[2024-07-02T12:52:58.524-0400][gc,cpu      ] GC(275) User=0,06s Sys=0,33s Real=0,25s
[2024-07-02T12:59:41.043-0400][gc,start    ] GC(276) Pause Young (Mixed) (G1 Evacuation Pause)
[2024-07-02T12:59:41.043-0400][gc,task     ] GC(276) Using 6 workers of 6 for evacuation
[2024-07-02T12:59:41.264-0400][gc,mmu      ] GC(276) MMU target violated: 21,0ms (20,0ms/21,0ms)
[2024-07-02T12:59:41.264-0400][gc,phases   ] GC(276)   Pre Evacuate Collection Set: 0,7ms
[2024-07-02T12:59:41.264-0400][gc,phases   ] GC(276)   Merge Heap Roots: 0,4ms
[2024-07-02T12:59:41.264-0400][gc,phases   ] GC(276)   Evacuate Collection Set: 215,7ms
[2024-07-02T12:59:41.264-0400][gc,phases   ] GC(276)   Post Evacuate Collection Set: 3,7ms
[2024-07-02T12:59:41.264-0400][gc,phases   ] GC(276)   Other: 0,3ms
[2024-07-02T12:59:41.264-0400][gc,heap     ] GC(276) Eden regions: 45->0(45)
[2024-07-02T12:59:41.264-0400][gc,heap     ] GC(276) Survivor regions: 6->6(7)
[2024-07-02T12:59:41.264-0400][gc,heap     ] GC(276) Old regions: 130->125
[2024-07-02T12:59:41.264-0400][gc,heap     ] GC(276) Humongous regions: 129->129
[2024-07-02T12:59:41.264-0400][gc,metaspace] GC(276) Metaspace: 47705K(48512K)->47705K(48512K) NonClass: 42178K(42624K)->42178K(42624K) Class: 5527K(5888K)->5527K(5888K)
[2024-07-02T12:59:41.264-0400][gc          ] GC(276) Pause Young (Mixed) (G1 Evacuation Pause) 309M->259M(1024M) 221,305ms
[2024-07-02T12:59:41.264-0400][gc,cpu      ] GC(276) User=0,06s Sys=0,26s Real=0,22s
[2024-07-02T13:06:25.926-0400][gc,start    ] GC(277) Pause Young (Mixed) (G1 Evacuation Pause)
[2024-07-02T13:06:25.926-0400][gc,task     ] GC(277) Using 6 workers of 6 for evacuation
[2024-07-02T13:06:26.094-0400][gc,mmu      ] GC(277) MMU target violated: 21,0ms (20,0ms/21,0ms)
[2024-07-02T13:06:26.094-0400][gc,phases   ] GC(277)   Pre Evacuate Collection Set: 1,6ms
[2024-07-02T13:06:26.094-0400][gc,phases   ] GC(277)   Merge Heap Roots: 0,4ms
[2024-07-02T13:06:26.094-0400][gc,phases   ] GC(277)   Evacuate Collection Set: 164,2ms
[2024-07-02T13:06:26.094-0400][gc,phases   ] GC(277)   Post Evacuate Collection Set: 1,6ms
[2024-07-02T13:06:26.094-0400][gc,phases   ] GC(277)   Other: 0,3ms
[2024-07-02T13:06:26.094-0400][gc,heap     ] GC(277) Eden regions: 45->0(44)
[2024-07-02T13:06:26.094-0400][gc,heap     ] GC(277) Survivor regions: 6->7(7)
[2024-07-02T13:06:26.094-0400][gc,heap     ] GC(277) Old regions: 125->120
[2024-07-02T13:06:26.094-0400][gc,heap     ] GC(277) Humongous regions: 129->129
[2024-07-02T13:06:26.094-0400][gc,metaspace] GC(277) Metaspace: 47705K(48512K)->47705K(48512K) NonClass: 42178K(42624K)->42178K(42624K) Class: 5527K(5888K)->5527K(5888K)
[2024-07-02T13:06:26.094-0400][gc          ] GC(277) Pause Young (Mixed) (G1 Evacuation Pause) 304M->255M(1024M) 168,343ms
[2024-07-02T13:06:26.094-0400][gc,cpu      ] GC(277) User=0,10s Sys=0,19s Real=0,16s
[2024-07-02T13:12:35.674-0400][gc,start    ] GC(278) Pause Young (Mixed) (G1 Evacuation Pause)
[2024-07-02T13:12:35.674-0400][gc,task     ] GC(278) Using 6 workers of 6 for evacuation
[2024-07-02T13:12:35.833-0400][gc,mmu      ] GC(278) MMU target violated: 21,0ms (20,0ms/21,0ms)
[2024-07-02T13:12:35.833-0400][gc,phases   ] GC(278)   Pre Evacuate Collection Set: 0,5ms
[2024-07-02T13:12:35.833-0400][gc,phases   ] GC(278)   Merge Heap Roots: 0,5ms
[2024-07-02T13:12:35.833-0400][gc,phases   ] GC(278)   Evacuate Collection Set: 153,6ms
[2024-07-02T13:12:35.833-0400][gc,phases   ] GC(278)   Post Evacuate Collection Set: 4,3ms
[2024-07-02T13:12:35.833-0400][gc,phases   ] GC(278)   Other: 0,2ms
[2024-07-02T13:12:35.833-0400][gc,heap     ] GC(278) Eden regions: 44->0(45)
[2024-07-02T13:12:35.833-0400][gc,heap     ] GC(278) Survivor regions: 7->6(7)
[2024-07-02T13:12:35.833-0400][gc,heap     ] GC(278) Old regions: 120->116
[2024-07-02T13:12:35.833-0400][gc,heap     ] GC(278) Humongous regions: 129->129
[2024-07-02T13:12:35.833-0400][gc,metaspace] GC(278) Metaspace: 47705K(48512K)->47705K(48512K) NonClass: 42178K(42624K)->42178K(42624K) Class: 5527K(5888K)->5527K(5888K)
[2024-07-02T13:12:35.833-0400][gc          ] GC(278) Pause Young (Mixed) (G1 Evacuation Pause) 299M->250M(1024M) 159,246ms
[2024-07-02T13:12:35.833-0400][gc,cpu      ] GC(278) User=0,04s Sys=0,24s Real=0,16s
[2024-07-02T13:19:19.057-0400][gc,start    ] GC(279) Pause Young (Normal) (G1 Evacuation Pause)
[2024-07-02T13:19:19.057-0400][gc,task     ] GC(279) Using 6 workers of 6 for evacuation
[2024-07-02T13:19:19.200-0400][gc,mmu      ] GC(279) MMU target violated: 21,0ms (20,0ms/21,0ms)
[2024-07-02T13:19:19.200-0400][gc,phases   ] GC(279)   Pre Evacuate Collection Set: 0,9ms
[2024-07-02T13:19:19.200-0400][gc,phases   ] GC(279)   Merge Heap Roots: 0,9ms
[2024-07-02T13:19:19.200-0400][gc,phases   ] GC(279)   Evacuate Collection Set: 140,2ms
[2024-07-02T13:19:19.200-0400][gc,phases   ] GC(279)   Post Evacuate Collection Set: 0,9ms
[2024-07-02T13:19:19.200-0400][gc,phases   ] GC(279)   Other: 0,1ms
[2024-07-02T13:19:19.200-0400][gc,heap     ] GC(279) Eden regions: 45->0(47)
[2024-07-02T13:19:19.200-0400][gc,heap     ] GC(279) Survivor regions: 6->4(7)
[2024-07-02T13:19:19.200-0400][gc,heap     ] GC(279) Old regions: 116->119
[2024-07-02T13:19:19.200-0400][gc,heap     ] GC(279) Humongous regions: 129->129
[2024-07-02T13:19:19.200-0400][gc,metaspace] GC(279) Metaspace: 47705K(48512K)->47705K(48512K) NonClass: 42178K(42624K)->42178K(42624K) Class: 5527K(5888K)->5527K(5888K)
[2024-07-02T13:19:19.200-0400][gc          ] GC(279) Pause Young (Normal) (G1 Evacuation Pause) 295M->250M(1024M) 143,351ms
[2024-07-02T13:19:19.200-0400][gc,cpu      ] GC(279) User=0,05s Sys=0,09s Real=0,14s
[2024-07-02T13:26:19.953-0400][gc,start    ] GC(280) Pause Young (Normal) (G1 Evacuation Pause)
[2024-07-02T13:26:19.953-0400][gc,task     ] GC(280) Using 6 workers of 6 for evacuation
[2024-07-02T13:26:19.970-0400][gc,phases   ] GC(280)   Pre Evacuate Collection Set: 0,9ms
[2024-07-02T13:26:19.970-0400][gc,phases   ] GC(280)   Merge Heap Roots: 0,3ms
[2024-07-02T13:26:19.970-0400][gc,phases   ] GC(280)   Evacuate Collection Set: 10,6ms
[2024-07-02T13:26:19.970-0400][gc,phases   ] GC(280)   Post Evacuate Collection Set: 5,1ms
[2024-07-02T13:26:19.970-0400][gc,phases   ] GC(280)   Other: 0,1ms
[2024-07-02T13:26:19.970-0400][gc,heap     ] GC(280) Eden regions: 47->0(44)
[2024-07-02T13:26:19.970-0400][gc,heap     ] GC(280) Survivor regions: 4->7(7)
[2024-07-02T13:26:19.970-0400][gc,heap     ] GC(280) Old regions: 119->119
[2024-07-02T13:26:19.970-0400][gc,heap     ] GC(280) Humongous regions: 129->129
[2024-07-02T13:26:19.970-0400][gc,metaspace] GC(280) Metaspace: 47705K(48512K)->47705K(48512K) NonClass: 42178K(42624K)->42178K(42624K) Class: 5527K(5888K)->5527K(5888K)
[2024-07-02T13:26:19.972-0400][gc          ] GC(280) Pause Young (Normal) (G1 Evacuation Pause) 297M->254M(1024M) 19,209ms
[2024-07-02T13:26:19.972-0400][gc,cpu      ] GC(280) User=0,03s Sys=0,01s Real=0,02s
[2024-07-02T13:32:52.780-0400][gc,start    ] GC(281) Pause Young (Normal) (G1 Evacuation Pause)
[2024-07-02T13:32:52.780-0400][gc,task     ] GC(281) Using 6 workers of 6 for evacuation
[2024-07-02T13:32:53.161-0400][gc,mmu      ] GC(281) MMU target violated: 21,0ms (20,0ms/21,0ms)
[2024-07-02T13:32:53.161-0400][gc,phases   ] GC(281)   Pre Evacuate Collection Set: 0,5ms
[2024-07-02T13:32:53.161-0400][gc,phases   ] GC(281)   Merge Heap Roots: 0,2ms
[2024-07-02T13:32:53.161-0400][gc,phases   ] GC(281)   Evacuate Collection Set: 378,5ms
[2024-07-02T13:32:53.161-0400][gc,phases   ] GC(281)   Post Evacuate Collection Set: 2,3ms
[2024-07-02T13:32:53.161-0400][gc,phases   ] GC(281)   Other: 0,2ms
[2024-07-02T13:32:53.162-0400][gc,heap     ] GC(281) Eden regions: 44->0(45)
[2024-07-02T13:32:53.162-0400][gc,heap     ] GC(281) Survivor regions: 7->6(7)
[2024-07-02T13:32:53.162-0400][gc,heap     ] GC(281) Old regions: 119->125
[2024-07-02T13:32:53.162-0400][gc,heap     ] GC(281) Humongous regions: 129->129
[2024-07-02T13:32:53.162-0400][gc,metaspace] GC(281) Metaspace: 47705K(48512K)->47705K(48512K) NonClass: 42178K(42624K)->42178K(42624K) Class: 5527K(5888K)->5527K(5888K)
[2024-07-02T13:32:53.162-0400][gc          ] GC(281) Pause Young (Normal) (G1 Evacuation Pause) 298M->259M(1024M) 382,048ms
[2024-07-02T13:32:53.162-0400][gc,cpu      ] GC(281) User=0,06s Sys=0,41s Real=0,38s
[2024-07-02T13:39:35.728-0400][gc,start    ] GC(282) Pause Young (Normal) (G1 Evacuation Pause)
[2024-07-02T13:39:35.728-0400][gc,task     ] GC(282) Using 6 workers of 6 for evacuation
[2024-07-02T13:39:36.034-0400][gc,mmu      ] GC(282) MMU target violated: 21,0ms (20,0ms/21,0ms)
[2024-07-02T13:39:36.034-0400][gc,phases   ] GC(282)   Pre Evacuate Collection Set: 0,5ms
[2024-07-02T13:39:36.034-0400][gc,phases   ] GC(282)   Merge Heap Roots: 0,1ms
[2024-07-02T13:39:36.034-0400][gc,phases   ] GC(282)   Evacuate Collection Set: 303,8ms
[2024-07-02T13:39:36.034-0400][gc,phases   ] GC(282)   Post Evacuate Collection Set: 1,1ms
[2024-07-02T13:39:36.034-0400][gc,phases   ] GC(282)   Other: 0,2ms
[2024-07-02T13:39:36.034-0400][gc,heap     ] GC(282) Eden regions: 45->0(45)
[2024-07-02T13:39:36.034-0400][gc,heap     ] GC(282) Survivor regions: 6->6(7)
[2024-07-02T13:39:36.034-0400][gc,heap     ] GC(282) Old regions: 125->130
[2024-07-02T13:39:36.034-0400][gc,heap     ] GC(282) Humongous regions: 129->129
[2024-07-02T13:39:36.034-0400][gc,metaspace] GC(282) Metaspace: 47705K(48512K)->47705K(48512K) NonClass: 42178K(42624K)->42178K(42624K) Class: 5527K(5888K)->5527K(5888K)
[2024-07-02T13:39:36.034-0400][gc          ] GC(282) Pause Young (Normal) (G1 Evacuation Pause) 304M->264M(1024M) 305,814ms
[2024-07-02T13:39:36.034-0400][gc,cpu      ] GC(282) User=0,08s Sys=0,42s Real=0,30s
[2024-07-02T13:46:18.376-0400][gc,start    ] GC(283) Pause Young (Normal) (G1 Evacuation Pause)
[2024-07-02T13:46:18.376-0400][gc,task     ] GC(283) Using 6 workers of 6 for evacuation
[2024-07-02T13:46:18.622-0400][gc,mmu      ] GC(283) MMU target violated: 21,0ms (20,0ms/21,0ms)
[2024-07-02T13:46:18.622-0400][gc,phases   ] GC(283)   Pre Evacuate Collection Set: 1,0ms
[2024-07-02T13:46:18.622-0400][gc,phases   ] GC(283)   Merge Heap Roots: 0,4ms
[2024-07-02T13:46:18.622-0400][gc,phases   ] GC(283)   Evacuate Collection Set: 243,4ms
[2024-07-02T13:46:18.622-0400][gc,phases   ] GC(283)   Post Evacuate Collection Set: 1,1ms
[2024-07-02T13:46:18.622-0400][gc,phases   ] GC(283)   Other: 0,2ms
[2024-07-02T13:46:18.622-0400][gc,heap     ] GC(283) Eden regions: 45->0(44)
[2024-07-02T13:46:18.622-0400][gc,heap     ] GC(283) Survivor regions: 6->7(7)
[2024-07-02T13:46:18.622-0400][gc,heap     ] GC(283) Old regions: 130->135
[2024-07-02T13:46:18.622-0400][gc,heap     ] GC(283) Humongous regions: 129->129
[2024-07-02T13:46:18.622-0400][gc,metaspace] GC(283) Metaspace: 47705K(48512K)->47705K(48512K) NonClass: 42178K(42624K)->42178K(42624K) Class: 5527K(5888K)->5527K(5888K)
[2024-07-02T13:46:18.622-0400][gc          ] GC(283) Pause Young (Normal) (G1 Evacuation Pause) 309M->269M(1024M) 246,183ms
[2024-07-02T13:46:18.622-0400][gc,cpu      ] GC(283) User=0,08s Sys=0,27s Real=0,24s
[2024-07-02T13:52:53.721-0400][gc,start    ] GC(284) Pause Young (Normal) (G1 Evacuation Pause)
[2024-07-02T13:52:53.721-0400][gc,task     ] GC(284) Using 6 workers of 6 for evacuation
[2024-07-02T13:52:54.262-0400][gc,mmu      ] GC(284) MMU target violated: 21,0ms (20,0ms/21,0ms)
[2024-07-02T13:52:54.262-0400][gc,phases   ] GC(284)   Pre Evacuate Collection Set: 0,4ms
[2024-07-02T13:52:54.262-0400][gc,phases   ] GC(284)   Merge Heap Roots: 0,2ms
[2024-07-02T13:52:54.262-0400][gc,phases   ] GC(284)   Evacuate Collection Set: 538,8ms
[2024-07-02T13:52:54.262-0400][gc,phases   ] GC(284)   Post Evacuate Collection Set: 1,0ms
[2024-07-02T13:52:54.262-0400][gc,phases   ] GC(284)   Other: 0,3ms
[2024-07-02T13:52:54.262-0400][gc,heap     ] GC(284) Eden regions: 44->0(44)
[2024-07-02T13:52:54.262-0400][gc,heap     ] GC(284) Survivor regions: 7->7(7)
[2024-07-02T13:52:54.262-0400][gc,heap     ] GC(284) Old regions: 135->140
[2024-07-02T13:52:54.262-0400][gc,heap     ] GC(284) Humongous regions: 129->129
[2024-07-02T13:52:54.262-0400][gc,metaspace] GC(284) Metaspace: 47705K(48512K)->47705K(48512K) NonClass: 42178K(42624K)->42178K(42624K) Class: 5527K(5888K)->5527K(5888K)
[2024-07-02T13:52:54.262-0400][gc          ] GC(284) Pause Young (Normal) (G1 Evacuation Pause) 313M->275M(1024M) 541,090ms
[2024-07-02T13:52:54.262-0400][gc,cpu      ] GC(284) User=0,09s Sys=0,56s Real=0,54s
[2024-07-02T13:59:27.214-0400][gc,start    ] GC(285) Pause Young (Normal) (G1 Evacuation Pause)
[2024-07-02T13:59:27.215-0400][gc,task     ] GC(285) Using 6 workers of 6 for evacuation
[2024-07-02T13:59:27.474-0400][gc,mmu      ] GC(285) MMU target violated: 21,0ms (20,0ms/21,0ms)
[2024-07-02T13:59:27.474-0400][gc,phases   ] GC(285)   Pre Evacuate Collection Set: 0,6ms
[2024-07-02T13:59:27.474-0400][gc,phases   ] GC(285)   Merge Heap Roots: 0,2ms
[2024-07-02T13:59:27.474-0400][gc,phases   ] GC(285)   Evacuate Collection Set: 255,3ms
[2024-07-02T13:59:27.474-0400][gc,phases   ] GC(285)   Post Evacuate Collection Set: 3,5ms
[2024-07-02T13:59:27.474-0400][gc,phases   ] GC(285)   Other: 0,1ms
[2024-07-02T13:59:27.474-0400][gc,heap     ] GC(285) Eden regions: 44->0(45)
[2024-07-02T13:59:27.474-0400][gc,heap     ] GC(285) Survivor regions: 7->6(7)
[2024-07-02T13:59:27.474-0400][gc,heap     ] GC(285) Old regions: 140->145
[2024-07-02T13:59:27.474-0400][gc,heap     ] GC(285) Humongous regions: 129->129
[2024-07-02T13:59:27.474-0400][gc,metaspace] GC(285) Metaspace: 47705K(48512K)->47705K(48512K) NonClass: 42178K(42624K)->42178K(42624K) Class: 5527K(5888K)->5527K(5888K)
[2024-07-02T13:59:27.474-0400][gc          ] GC(285) Pause Young (Normal) (G1 Evacuation Pause) 319M->278M(1024M) 259,940ms
[2024-07-02T13:59:27.474-0400][gc,cpu      ] GC(285) User=0,09s Sys=0,37s Real=0,26s
[2024-07-02T14:06:11.525-0400][gc,start    ] GC(286) Pause Young (Normal) (G1 Evacuation Pause)
[2024-07-02T14:06:11.525-0400][gc,task     ] GC(286) Using 6 workers of 6 for evacuation
[2024-07-02T14:06:11.994-0400][gc,mmu      ] GC(286) MMU target violated: 21,0ms (20,0ms/21,0ms)
[2024-07-02T14:06:11.994-0400][gc,phases   ] GC(286)   Pre Evacuate Collection Set: 3,2ms
[2024-07-02T14:06:11.994-0400][gc,phases   ] GC(286)   Merge Heap Roots: 1,9ms
[2024-07-02T14:06:11.994-0400][gc,phases   ] GC(286)   Evacuate Collection Set: 462,6ms
[2024-07-02T14:06:11.994-0400][gc,phases   ] GC(286)   Post Evacuate Collection Set: 0,8ms
[2024-07-02T14:06:11.994-0400][gc,phases   ] GC(286)   Other: 0,3ms
[2024-07-02T14:06:11.994-0400][gc,heap     ] GC(286) Eden regions: 45->0(45)
[2024-07-02T14:06:11.994-0400][gc,heap     ] GC(286) Survivor regions: 6->6(7)
[2024-07-02T14:06:11.994-0400][gc,heap     ] GC(286) Old regions: 145->150
[2024-07-02T14:06:11.994-0400][gc,heap     ] GC(286) Humongous regions: 129->129
[2024-07-02T14:06:11.994-0400][gc,metaspace] GC(286) Metaspace: 47705K(48512K)->47705K(48512K) NonClass: 42178K(42624K)->42178K(42624K) Class: 5527K(5888K)->5527K(5888K)
[2024-07-02T14:06:11.994-0400][gc          ] GC(286) Pause Young (Normal) (G1 Evacuation Pause) 323M->284M(1024M) 469,002ms
[2024-07-02T14:06:11.994-0400][gc,cpu      ] GC(286) User=0,06s Sys=0,52s Real=0,47s
[2024-07-02T14:12:29.835-0400][gc,start    ] GC(287) Pause Young (Normal) (G1 Evacuation Pause)
[2024-07-02T14:12:29.836-0400][gc,task     ] GC(287) Using 6 workers of 6 for evacuation
[2024-07-02T14:12:30.056-0400][gc,mmu      ] GC(287) MMU target violated: 21,0ms (20,0ms/21,0ms)
[2024-07-02T14:12:30.056-0400][gc,phases   ] GC(287)   Pre Evacuate Collection Set: 0,9ms
[2024-07-02T14:12:30.056-0400][gc,phases   ] GC(287)   Merge Heap Roots: 0,8ms
[2024-07-02T14:12:30.056-0400][gc,phases   ] GC(287)   Evacuate Collection Set: 217,4ms
[2024-07-02T14:12:30.056-0400][gc,phases   ] GC(287)   Post Evacuate Collection Set: 0,9ms
[2024-07-02T14:12:30.056-0400][gc,phases   ] GC(287)   Other: 0,3ms
[2024-07-02T14:12:30.056-0400][gc,heap     ] GC(287) Eden regions: 45->0(46)
[2024-07-02T14:12:30.056-0400][gc,heap     ] GC(287) Survivor regions: 6->5(7)
[2024-07-02T14:12:30.056-0400][gc,heap     ] GC(287) Old regions: 150->155
[2024-07-02T14:12:30.056-0400][gc,heap     ] GC(287) Humongous regions: 129->129
[2024-07-02T14:12:30.056-0400][gc,metaspace] GC(287) Metaspace: 47705K(48512K)->47705K(48512K) NonClass: 42178K(42624K)->42178K(42624K) Class: 5527K(5888K)->5527K(5888K)
[2024-07-02T14:12:30.056-0400][gc          ] GC(287) Pause Young (Normal) (G1 Evacuation Pause) 329M->288M(1024M) 220,556ms
[2024-07-02T14:12:30.056-0400][gc,cpu      ] GC(287) User=0,50s Sys=0,08s Real=0,22s
[2024-07-02T14:19:23.206-0400][gc,start    ] GC(288) Pause Young (Normal) (G1 Evacuation Pause)
[2024-07-02T14:19:23.206-0400][gc,task     ] GC(288) Using 6 workers of 6 for evacuation
[2024-07-02T14:19:23.263-0400][gc,mmu      ] GC(288) MMU target violated: 21,0ms (20,0ms/21,0ms)
[2024-07-02T14:19:23.263-0400][gc,phases   ] GC(288)   Pre Evacuate Collection Set: 0,5ms
[2024-07-02T14:19:23.263-0400][gc,phases   ] GC(288)   Merge Heap Roots: 1,3ms
[2024-07-02T14:19:23.263-0400][gc,phases   ] GC(288)   Evacuate Collection Set: 54,3ms
[2024-07-02T14:19:23.263-0400][gc,phases   ] GC(288)   Post Evacuate Collection Set: 0,7ms
[2024-07-02T14:19:23.263-0400][gc,phases   ] GC(288)   Other: 0,1ms
[2024-07-02T14:19:23.263-0400][gc,heap     ] GC(288) Eden regions: 46->0(47)
[2024-07-02T14:19:23.263-0400][gc,heap     ] GC(288) Survivor regions: 5->4(7)
[2024-07-02T14:19:23.263-0400][gc,heap     ] GC(288) Old regions: 155->158
[2024-07-02T14:19:23.263-0400][gc,heap     ] GC(288) Humongous regions: 129->129
[2024-07-02T14:19:23.263-0400][gc,metaspace] GC(288) Metaspace: 47705K(48512K)->47705K(48512K) NonClass: 42178K(42624K)->42178K(42624K) Class: 5527K(5888K)->5527K(5888K)
[2024-07-02T14:19:23.263-0400][gc          ] GC(288) Pause Young (Normal) (G1 Evacuation Pause) 334M->289M(1024M) 57,119ms
[2024-07-02T14:19:23.263-0400][gc,cpu      ] GC(288) User=0,21s Sys=0,01s Real=0,05s
[2024-07-02T14:26:25.473-0400][gc,start    ] GC(289) Pause Young (Normal) (G1 Evacuation Pause)
[2024-07-02T14:26:25.473-0400][gc,task     ] GC(289) Using 6 workers of 6 for evacuation
[2024-07-02T14:26:25.507-0400][gc,mmu      ] GC(289) MMU target violated: 21,0ms (20,0ms/21,0ms)
[2024-07-02T14:26:25.507-0400][gc,phases   ] GC(289)   Pre Evacuate Collection Set: 0,5ms
[2024-07-02T14:26:25.507-0400][gc,phases   ] GC(289)   Merge Heap Roots: 0,1ms
[2024-07-02T14:26:25.507-0400][gc,phases   ] GC(289)   Evacuate Collection Set: 30,4ms
[2024-07-02T14:26:25.507-0400][gc,phases   ] GC(289)   Post Evacuate Collection Set: 3,1ms
[2024-07-02T14:26:25.507-0400][gc,phases   ] GC(289)   Other: 0,2ms
[2024-07-02T14:26:25.507-0400][gc,heap     ] GC(289) Eden regions: 47->0(44)
[2024-07-02T14:26:25.507-0400][gc,heap     ] GC(289) Survivor regions: 4->7(7)
[2024-07-02T14:26:25.507-0400][gc,heap     ] GC(289) Old regions: 158->158
[2024-07-02T14:26:25.507-0400][gc,heap     ] GC(289) Humongous regions: 129->129
[2024-07-02T14:26:25.507-0400][gc,metaspace] GC(289) Metaspace: 47705K(48512K)->47705K(48512K) NonClass: 42178K(42624K)->42178K(42624K) Class: 5527K(5888K)->5527K(5888K)
[2024-07-02T14:26:25.507-0400][gc          ] GC(289) Pause Young (Normal) (G1 Evacuation Pause) 336M->293M(1024M) 34,586ms
[2024-07-02T14:26:25.507-0400][gc,cpu      ] GC(289) User=0,07s Sys=0,04s Real=0,04s
[2024-07-02T14:33:00.206-0400][gc,start    ] GC(290) Pause Young (Normal) (G1 Evacuation Pause)
[2024-07-02T14:33:00.207-0400][gc,task     ] GC(290) Using 6 workers of 6 for evacuation
[2024-07-02T14:33:00.354-0400][gc,mmu      ] GC(290) MMU target violated: 21,0ms (20,0ms/21,0ms)
[2024-07-02T14:33:00.354-0400][gc,phases   ] GC(290)   Pre Evacuate Collection Set: 0,5ms
[2024-07-02T14:33:00.354-0400][gc,phases   ] GC(290)   Merge Heap Roots: 0,3ms
[2024-07-02T14:33:00.354-0400][gc,phases   ] GC(290)   Evacuate Collection Set: 142,2ms
[2024-07-02T14:33:00.354-0400][gc,phases   ] GC(290)   Post Evacuate Collection Set: 4,6ms
[2024-07-02T14:33:00.354-0400][gc,phases   ] GC(290)   Other: 0,2ms
[2024-07-02T14:33:00.354-0400][gc,heap     ] GC(290) Eden regions: 44->0(45)
[2024-07-02T14:33:00.354-0400][gc,heap     ] GC(290) Survivor regions: 7->6(7)
[2024-07-02T14:33:00.354-0400][gc,heap     ] GC(290) Old regions: 158->164
[2024-07-02T14:33:00.354-0400][gc,heap     ] GC(290) Humongous regions: 129->129
[2024-07-02T14:33:00.354-0400][gc,metaspace] GC(290) Metaspace: 47705K(48512K)->47705K(48512K) NonClass: 42178K(42624K)->42178K(42624K) Class: 5527K(5888K)->5527K(5888K)
[2024-07-02T14:33:00.354-0400][gc          ] GC(290) Pause Young (Normal) (G1 Evacuation Pause) 337M->297M(1024M) 147,975ms
[2024-07-02T14:33:00.354-0400][gc,cpu      ] GC(290) User=0,44s Sys=0,17s Real=0,14s
[2024-07-02T14:39:42.206-0400][gc,start    ] GC(291) Pause Young (Normal) (G1 Evacuation Pause)
[2024-07-02T14:39:42.206-0400][gc,task     ] GC(291) Using 6 workers of 6 for evacuation
[2024-07-02T14:39:42.278-0400][gc,mmu      ] GC(291) MMU target violated: 21,0ms (20,0ms/21,0ms)
[2024-07-02T14:39:42.278-0400][gc,phases   ] GC(291)   Pre Evacuate Collection Set: 1,8ms
[2024-07-02T14:39:42.278-0400][gc,phases   ] GC(291)   Merge Heap Roots: 0,2ms
[2024-07-02T14:39:42.278-0400][gc,phases   ] GC(291)   Evacuate Collection Set: 67,9ms
[2024-07-02T14:39:42.278-0400][gc,phases   ] GC(291)   Post Evacuate Collection Set: 1,5ms
[2024-07-02T14:39:42.278-0400][gc,phases   ] GC(291)   Other: 0,5ms
[2024-07-02T14:39:42.278-0400][gc,heap     ] GC(291) Eden regions: 45->0(45)
[2024-07-02T14:39:42.278-0400][gc,heap     ] GC(291) Survivor regions: 6->6(7)
[2024-07-02T14:39:42.278-0400][gc,heap     ] GC(291) Old regions: 164->169
[2024-07-02T14:39:42.278-0400][gc,heap     ] GC(291) Humongous regions: 129->129
[2024-07-02T14:39:42.278-0400][gc,metaspace] GC(291) Metaspace: 47705K(48512K)->47705K(48512K) NonClass: 42178K(42624K)->42178K(42624K) Class: 5527K(5888K)->5527K(5888K)
[2024-07-02T14:39:42.278-0400][gc          ] GC(291) Pause Young (Normal) (G1 Evacuation Pause) 342M->302M(1024M) 71,936ms
[2024-07-02T14:39:42.278-0400][gc,cpu      ] GC(291) User=0,28s Sys=0,00s Real=0,07s
[2024-07-02T14:46:24.683-0400][gc,start    ] GC(292) Pause Young (Normal) (G1 Evacuation Pause)
[2024-07-02T14:46:24.683-0400][gc,task     ] GC(292) Using 6 workers of 6 for evacuation
[2024-07-02T14:46:24.752-0400][gc,mmu      ] GC(292) MMU target violated: 21,0ms (20,0ms/21,0ms)
[2024-07-02T14:46:24.752-0400][gc,phases   ] GC(292)   Pre Evacuate Collection Set: 1,9ms
[2024-07-02T14:46:24.752-0400][gc,phases   ] GC(292)   Merge Heap Roots: 0,2ms
[2024-07-02T14:46:24.752-0400][gc,phases   ] GC(292)   Evacuate Collection Set: 65,0ms
[2024-07-02T14:46:24.752-0400][gc,phases   ] GC(292)   Post Evacuate Collection Set: 1,7ms
[2024-07-02T14:46:24.752-0400][gc,phases   ] GC(292)   Other: 0,2ms
[2024-07-02T14:46:24.752-0400][gc,heap     ] GC(292) Eden regions: 45->0(45)
[2024-07-02T14:46:24.752-0400][gc,heap     ] GC(292) Survivor regions: 6->6(7)
[2024-07-02T14:46:24.752-0400][gc,heap     ] GC(292) Old regions: 169->174
[2024-07-02T14:46:24.752-0400][gc,heap     ] GC(292) Humongous regions: 129->129
[2024-07-02T14:46:24.752-0400][gc,metaspace] GC(292) Metaspace: 47705K(48512K)->47705K(48512K) NonClass: 42178K(42624K)->42178K(42624K) Class: 5527K(5888K)->5527K(5888K)
[2024-07-02T14:46:24.752-0400][gc          ] GC(292) Pause Young (Normal) (G1 Evacuation Pause) 347M->307M(1024M) 69,134ms
[2024-07-02T14:46:24.752-0400][gc,cpu      ] GC(292) User=0,25s Sys=0,00s Real=0,07s
[2024-07-02T14:53:10.120-0400][gc,start    ] GC(293) Pause Young (Normal) (G1 Evacuation Pause)
[2024-07-02T14:53:10.120-0400][gc,task     ] GC(293) Using 6 workers of 6 for evacuation
[2024-07-02T14:53:10.191-0400][gc,mmu      ] GC(293) MMU target violated: 21,0ms (20,0ms/21,0ms)
[2024-07-02T14:53:10.191-0400][gc,phases   ] GC(293)   Pre Evacuate Collection Set: 1,7ms
[2024-07-02T14:53:10.191-0400][gc,phases   ] GC(293)   Merge Heap Roots: 0,3ms
[2024-07-02T14:53:10.191-0400][gc,phases   ] GC(293)   Evacuate Collection Set: 65,3ms
[2024-07-02T14:53:10.191-0400][gc,phases   ] GC(293)   Post Evacuate Collection Set: 3,6ms
[2024-07-02T14:53:10.191-0400][gc,phases   ] GC(293)   Other: 0,3ms
[2024-07-02T14:53:10.191-0400][gc,heap     ] GC(293) Eden regions: 45->0(44)
[2024-07-02T14:53:10.191-0400][gc,heap     ] GC(293) Survivor regions: 6->7(7)
[2024-07-02T14:53:10.192-0400][gc,heap     ] GC(293) Old regions: 174->179
[2024-07-02T14:53:10.192-0400][gc,heap     ] GC(293) Humongous regions: 129->129
[2024-07-02T14:53:10.192-0400][gc,metaspace] GC(293) Metaspace: 47705K(48512K)->47705K(48512K) NonClass: 42178K(42624K)->42178K(42624K) Class: 5527K(5888K)->5527K(5888K)
[2024-07-02T14:53:10.192-0400][gc          ] GC(293) Pause Young (Normal) (G1 Evacuation Pause) 352M->313M(1024M) 71,271ms
[2024-07-02T14:53:10.192-0400][gc,cpu      ] GC(293) User=0,28s Sys=0,03s Real=0,07s
[2024-07-02T14:59:43.652-0400][gc,start    ] GC(294) Pause Young (Normal) (G1 Evacuation Pause)
[2024-07-02T14:59:43.652-0400][gc,task     ] GC(294) Using 6 workers of 6 for evacuation
[2024-07-02T14:59:43.839-0400][gc,mmu      ] GC(294) MMU target violated: 21,0ms (20,0ms/21,0ms)
[2024-07-02T14:59:43.839-0400][gc,phases   ] GC(294)   Pre Evacuate Collection Set: 0,6ms
[2024-07-02T14:59:43.839-0400][gc,phases   ] GC(294)   Merge Heap Roots: 0,2ms
[2024-07-02T14:59:43.839-0400][gc,phases   ] GC(294)   Evacuate Collection Set: 183,6ms
[2024-07-02T14:59:43.839-0400][gc,phases   ] GC(294)   Post Evacuate Collection Set: 2,4ms
[2024-07-02T14:59:43.839-0400][gc,phases   ] GC(294)   Other: 0,3ms
[2024-07-02T14:59:43.839-0400][gc,heap     ] GC(294) Eden regions: 44->0(44)
[2024-07-02T14:59:43.839-0400][gc,heap     ] GC(294) Survivor regions: 7->7(7)
[2024-07-02T14:59:43.839-0400][gc,heap     ] GC(294) Old regions: 179->184
[2024-07-02T14:59:43.839-0400][gc,heap     ] GC(294) Humongous regions: 129->129
[2024-07-02T14:59:43.839-0400][gc,metaspace] GC(294) Metaspace: 47705K(48512K)->47705K(48512K) NonClass: 42178K(42624K)->42178K(42624K) Class: 5527K(5888K)->5527K(5888K)
[2024-07-02T14:59:43.839-0400][gc          ] GC(294) Pause Young (Normal) (G1 Evacuation Pause) 357M->318M(1024M) 187,308ms
[2024-07-02T14:59:43.839-0400][gc,cpu      ] GC(294) User=0,21s Sys=0,12s Real=0,19s
[2024-07-02T15:06:17.568-0400][gc,start    ] GC(295) Pause Young (Normal) (G1 Evacuation Pause)
[2024-07-02T15:06:17.568-0400][gc,task     ] GC(295) Using 6 workers of 6 for evacuation
[2024-07-02T15:06:17.661-0400][gc,mmu      ] GC(295) MMU target violated: 21,0ms (20,0ms/21,0ms)
[2024-07-02T15:06:17.661-0400][gc,phases   ] GC(295)   Pre Evacuate Collection Set: 0,5ms
[2024-07-02T15:06:17.661-0400][gc,phases   ] GC(295)   Merge Heap Roots: 0,3ms
[2024-07-02T15:06:17.661-0400][gc,phases   ] GC(295)   Evacuate Collection Set: 89,5ms
[2024-07-02T15:06:17.661-0400][gc,phases   ] GC(295)   Post Evacuate Collection Set: 2,4ms
[2024-07-02T15:06:17.661-0400][gc,phases   ] GC(295)   Other: 0,1ms
[2024-07-02T15:06:17.661-0400][gc,heap     ] GC(295) Eden regions: 44->0(44)
[2024-07-02T15:06:17.661-0400][gc,heap     ] GC(295) Survivor regions: 7->7(7)
[2024-07-02T15:06:17.661-0400][gc,heap     ] GC(295) Old regions: 184->189
[2024-07-02T15:06:17.661-0400][gc,heap     ] GC(295) Humongous regions: 129->129
[2024-07-02T15:06:17.661-0400][gc,metaspace] GC(295) Metaspace: 47707K(48512K)->47707K(48512K) NonClass: 42179K(42624K)->42179K(42624K) Class: 5527K(5888K)->5527K(5888K)
[2024-07-02T15:06:17.661-0400][gc          ] GC(295) Pause Young (Normal) (G1 Evacuation Pause) 362M->324M(1024M) 92,938ms
[2024-07-02T15:06:17.661-0400][gc,cpu      ] GC(295) User=0,19s Sys=0,22s Real=0,09s
[2024-07-02T15:12:27.212-0400][gc,start    ] GC(296) Pause Young (Normal) (G1 Evacuation Pause)
[2024-07-02T15:12:27.212-0400][gc,task     ] GC(296) Using 6 workers of 6 for evacuation
[2024-07-02T15:12:27.278-0400][gc,mmu      ] GC(296) MMU target violated: 21,0ms (20,0ms/21,0ms)
[2024-07-02T15:12:27.278-0400][gc,phases   ] GC(296)   Pre Evacuate Collection Set: 1,9ms
[2024-07-02T15:12:27.278-0400][gc,phases   ] GC(296)   Merge Heap Roots: 0,2ms
[2024-07-02T15:12:27.278-0400][gc,phases   ] GC(296)   Evacuate Collection Set: 62,2ms
[2024-07-02T15:12:27.278-0400][gc,phases   ] GC(296)   Post Evacuate Collection Set: 1,5ms
[2024-07-02T15:12:27.278-0400][gc,phases   ] GC(296)   Other: 0,3ms
[2024-07-02T15:12:27.278-0400][gc,heap     ] GC(296) Eden regions: 44->0(45)
[2024-07-02T15:12:27.278-0400][gc,heap     ] GC(296) Survivor regions: 7->6(7)
[2024-07-02T15:12:27.278-0400][gc,heap     ] GC(296) Old regions: 189->194
[2024-07-02T15:12:27.278-0400][gc,heap     ] GC(296) Humongous regions: 129->129
[2024-07-02T15:12:27.278-0400][gc,metaspace] GC(296) Metaspace: 47707K(48512K)->47707K(48512K) NonClass: 42179K(42624K)->42179K(42624K) Class: 5527K(5888K)->5527K(5888K)
[2024-07-02T15:12:27.278-0400][gc          ] GC(296) Pause Young (Normal) (G1 Evacuation Pause) 368M->328M(1024M) 66,078ms
[2024-07-02T15:12:27.278-0400][gc,cpu      ] GC(296) User=0,18s Sys=0,07s Real=0,07s
[2024-07-02T15:19:11.268-0400][gc,start    ] GC(297) Pause Young (Normal) (G1 Evacuation Pause)
[2024-07-02T15:19:11.268-0400][gc,task     ] GC(297) Using 6 workers of 6 for evacuation
[2024-07-02T15:19:11.292-0400][gc,mmu      ] GC(297) MMU target violated: 21,0ms (20,0ms/21,0ms)
[2024-07-02T15:19:11.292-0400][gc,phases   ] GC(297)   Pre Evacuate Collection Set: 0,7ms
[2024-07-02T15:19:11.292-0400][gc,phases   ] GC(297)   Merge Heap Roots: 0,8ms
[2024-07-02T15:19:11.292-0400][gc,phases   ] GC(297)   Evacuate Collection Set: 22,4ms
[2024-07-02T15:19:11.292-0400][gc,phases   ] GC(297)   Post Evacuate Collection Set: 0,8ms
[2024-07-02T15:19:11.292-0400][gc,phases   ] GC(297)   Other: 0,2ms
[2024-07-02T15:19:11.292-0400][gc,heap     ] GC(297) Eden regions: 45->0(47)
[2024-07-02T15:19:11.292-0400][gc,heap     ] GC(297) Survivor regions: 6->4(7)
[2024-07-02T15:19:11.292-0400][gc,heap     ] GC(297) Old regions: 194->197
[2024-07-02T15:19:11.292-0400][gc,heap     ] GC(297) Humongous regions: 129->129
[2024-07-02T15:19:11.292-0400][gc,metaspace] GC(297) Metaspace: 47707K(48512K)->47707K(48512K) NonClass: 42179K(42624K)->42179K(42624K) Class: 5527K(5888K)->5527K(5888K)
[2024-07-02T15:19:11.292-0400][gc          ] GC(297) Pause Young (Normal) (G1 Evacuation Pause) 373M->329M(1024M) 24,948ms
[2024-07-02T15:19:11.293-0400][gc,cpu      ] GC(297) User=0,05s Sys=0,03s Real=0,02s
[2024-07-02T15:26:12.072-0400][gc,start    ] GC(298) Pause Young (Normal) (G1 Evacuation Pause)
[2024-07-02T15:26:12.072-0400][gc,task     ] GC(298) Using 6 workers of 6 for evacuation
[2024-07-02T15:26:12.092-0400][gc,mmu      ] GC(298) MMU target violated: 20,4ms (20,0ms/21,0ms)
[2024-07-02T15:26:12.092-0400][gc,phases   ] GC(298)   Pre Evacuate Collection Set: 2,4ms
[2024-07-02T15:26:12.092-0400][gc,phases   ] GC(298)   Merge Heap Roots: 1,2ms
[2024-07-02T15:26:12.092-0400][gc,phases   ] GC(298)   Evacuate Collection Set: 15,9ms
[2024-07-02T15:26:12.092-0400][gc,phases   ] GC(298)   Post Evacuate Collection Set: 0,8ms
[2024-07-02T15:26:12.092-0400][gc,phases   ] GC(298)   Other: 0,1ms
[2024-07-02T15:26:12.092-0400][gc,heap     ] GC(298) Eden regions: 47->0(44)
[2024-07-02T15:26:12.092-0400][gc,heap     ] GC(298) Survivor regions: 4->7(7)
[2024-07-02T15:26:12.092-0400][gc,heap     ] GC(298) Old regions: 197->197
[2024-07-02T15:26:12.092-0400][gc,heap     ] GC(298) Humongous regions: 129->129
[2024-07-02T15:26:12.092-0400][gc,metaspace] GC(298) Metaspace: 47707K(48512K)->47707K(48512K) NonClass: 42179K(42624K)->42179K(42624K) Class: 5527K(5888K)->5527K(5888K)
[2024-07-02T15:26:12.092-0400][gc          ] GC(298) Pause Young (Normal) (G1 Evacuation Pause) 376M->332M(1024M) 20,652ms
[2024-07-02T15:26:12.092-0400][gc,cpu      ] GC(298) User=0,03s Sys=0,01s Real=0,02s
[2024-07-02T15:32:46.666-0400][gc,start    ] GC(299) Pause Young (Normal) (G1 Evacuation Pause)
[2024-07-02T15:32:46.667-0400][gc,task     ] GC(299) Using 6 workers of 6 for evacuation
[2024-07-02T15:32:46.728-0400][gc,mmu      ] GC(299) MMU target violated: 21,0ms (20,0ms/21,0ms)
[2024-07-02T15:32:46.728-0400][gc,phases   ] GC(299)   Pre Evacuate Collection Set: 0,8ms
[2024-07-02T15:32:46.728-0400][gc,phases   ] GC(299)   Merge Heap Roots: 1,0ms
[2024-07-02T15:32:46.728-0400][gc,phases   ] GC(299)   Evacuate Collection Set: 57,7ms
[2024-07-02T15:32:46.728-0400][gc,phases   ] GC(299)   Post Evacuate Collection Set: 1,8ms
[2024-07-02T15:32:46.728-0400][gc,phases   ] GC(299)   Other: 0,7ms
[2024-07-02T15:32:46.728-0400][gc,heap     ] GC(299) Eden regions: 44->0(45)
[2024-07-02T15:32:46.729-0400][gc,heap     ] GC(299) Survivor regions: 7->6(7)
[2024-07-02T15:32:46.729-0400][gc,heap     ] GC(299) Old regions: 197->203
[2024-07-02T15:32:46.729-0400][gc,heap     ] GC(299) Humongous regions: 129->129
[2024-07-02T15:32:46.729-0400][gc,metaspace] GC(299) Metaspace: 47707K(48512K)->47707K(48512K) NonClass: 42179K(42624K)->42179K(42624K) Class: 5527K(5888K)->5527K(5888K)
[2024-07-02T15:32:46.729-0400][gc          ] GC(299) Pause Young (Normal) (G1 Evacuation Pause) 376M->336M(1024M) 62,108ms
[2024-07-02T15:32:46.729-0400][gc,cpu      ] GC(299) User=0,17s Sys=0,03s Real=0,07s
[2024-07-02T15:39:30.797-0400][gc,start    ] GC(300) Pause Young (Normal) (G1 Evacuation Pause)
[2024-07-02T15:39:30.797-0400][gc,task     ] GC(300) Using 6 workers of 6 for evacuation
[2024-07-02T15:39:30.828-0400][gc,mmu      ] GC(300) MMU target violated: 21,0ms (20,0ms/21,0ms)
[2024-07-02T15:39:30.828-0400][gc,phases   ] GC(300)   Pre Evacuate Collection Set: 0,3ms
[2024-07-02T15:39:30.828-0400][gc,phases   ] GC(300)   Merge Heap Roots: 0,1ms
[2024-07-02T15:39:30.828-0400][gc,phases   ] GC(300)   Evacuate Collection Set: 25,9ms
[2024-07-02T15:39:30.828-0400][gc,phases   ] GC(300)   Post Evacuate Collection Set: 4,0ms
[2024-07-02T15:39:30.828-0400][gc,phases   ] GC(300)   Other: 0,2ms
[2024-07-02T15:39:30.828-0400][gc,heap     ] GC(300) Eden regions: 45->0(45)
[2024-07-02T15:39:30.828-0400][gc,heap     ] GC(300) Survivor regions: 6->6(7)
[2024-07-02T15:39:30.828-0400][gc,heap     ] GC(300) Old regions: 203->207
[2024-07-02T15:39:30.828-0400][gc,heap     ] GC(300) Humongous regions: 129->129
[2024-07-02T15:39:30.828-0400][gc,metaspace] GC(300) Metaspace: 47707K(48512K)->47707K(48512K) NonClass: 42179K(42624K)->42179K(42624K) Class: 5527K(5888K)->5527K(5888K)
[2024-07-02T15:39:30.828-0400][gc          ] GC(300) Pause Young (Normal) (G1 Evacuation Pause) 381M->341M(1024M) 30,721ms
[2024-07-02T15:39:30.828-0400][gc,cpu      ] GC(300) User=0,08s Sys=0,03s Real=0,03s
[2024-07-02T15:46:15.811-0400][gc,start    ] GC(301) Pause Young (Normal) (G1 Evacuation Pause)
[2024-07-02T15:46:15.811-0400][gc,task     ] GC(301) Using 6 workers of 6 for evacuation
[2024-07-02T15:46:15.870-0400][gc,mmu      ] GC(301) MMU target violated: 21,0ms (20,0ms/21,0ms)
[2024-07-02T15:46:15.870-0400][gc,phases   ] GC(301)   Pre Evacuate Collection Set: 0,7ms
[2024-07-02T15:46:15.870-0400][gc,phases   ] GC(301)   Merge Heap Roots: 0,3ms
[2024-07-02T15:46:15.870-0400][gc,phases   ] GC(301)   Evacuate Collection Set: 55,9ms
[2024-07-02T15:46:15.870-0400][gc,phases   ] GC(301)   Post Evacuate Collection Set: 1,3ms
[2024-07-02T15:46:15.870-0400][gc,phases   ] GC(301)   Other: 0,1ms
[2024-07-02T15:46:15.870-0400][gc,heap     ] GC(301) Eden regions: 45->0(44)
[2024-07-02T15:46:15.870-0400][gc,heap     ] GC(301) Survivor regions: 6->7(7)
[2024-07-02T15:46:15.870-0400][gc,heap     ] GC(301) Old regions: 207->212
[2024-07-02T15:46:15.870-0400][gc,heap     ] GC(301) Humongous regions: 129->129
[2024-07-02T15:46:15.870-0400][gc,metaspace] GC(301) Metaspace: 47707K(48512K)->47707K(48512K) NonClass: 42179K(42624K)->42179K(42624K) Class: 5527K(5888K)->5527K(5888K)
[2024-07-02T15:46:15.870-0400][gc          ] GC(301) Pause Young (Normal) (G1 Evacuation Pause) 386M->347M(1024M) 58,412ms
[2024-07-02T15:46:15.870-0400][gc,cpu      ] GC(301) User=0,16s Sys=0,09s Real=0,06s
[2024-07-02T15:52:48.661-0400][gc,start    ] GC(302) Pause Young (Normal) (G1 Evacuation Pause)
[2024-07-02T15:52:48.661-0400][gc,task     ] GC(302) Using 6 workers of 6 for evacuation
[2024-07-02T15:52:48.701-0400][gc,mmu      ] GC(302) MMU target violated: 21,0ms (20,0ms/21,0ms)
[2024-07-02T15:52:48.701-0400][gc,phases   ] GC(302)   Pre Evacuate Collection Set: 0,5ms
[2024-07-02T15:52:48.701-0400][gc,phases   ] GC(302)   Merge Heap Roots: 0,1ms
[2024-07-02T15:52:48.701-0400][gc,phases   ] GC(302)   Evacuate Collection Set: 36,0ms
[2024-07-02T15:52:48.701-0400][gc,phases   ] GC(302)   Post Evacuate Collection Set: 2,8ms
[2024-07-02T15:52:48.701-0400][gc,phases   ] GC(302)   Other: 0,2ms
[2024-07-02T15:52:48.701-0400][gc,heap     ] GC(302) Eden regions: 44->0(44)
[2024-07-02T15:52:48.701-0400][gc,heap     ] GC(302) Survivor regions: 7->7(7)
[2024-07-02T15:52:48.701-0400][gc,heap     ] GC(302) Old regions: 212->217
[2024-07-02T15:52:48.701-0400][gc,heap     ] GC(302) Humongous regions: 129->129
[2024-07-02T15:52:48.701-0400][gc,metaspace] GC(302) Metaspace: 47707K(48512K)->47707K(48512K) NonClass: 42179K(42624K)->42179K(42624K) Class: 5527K(5888K)->5527K(5888K)
[2024-07-02T15:52:48.701-0400][gc          ] GC(302) Pause Young (Normal) (G1 Evacuation Pause) 391M->352M(1024M) 39,914ms
[2024-07-02T15:52:48.701-0400][gc,cpu      ] GC(302) User=0,09s Sys=0,03s Real=0,04s
[2024-07-02T15:59:22.524-0400][gc,start    ] GC(303) Pause Young (Normal) (G1 Evacuation Pause)
[2024-07-02T15:59:22.524-0400][gc,task     ] GC(303) Using 6 workers of 6 for evacuation
[2024-07-02T15:59:22.556-0400][gc,mmu      ] GC(303) MMU target violated: 21,0ms (20,0ms/21,0ms)
[2024-07-02T15:59:22.556-0400][gc,phases   ] GC(303)   Pre Evacuate Collection Set: 0,5ms
[2024-07-02T15:59:22.556-0400][gc,phases   ] GC(303)   Merge Heap Roots: 1,1ms
[2024-07-02T15:59:22.556-0400][gc,phases   ] GC(303)   Evacuate Collection Set: 26,2ms
[2024-07-02T15:59:22.556-0400][gc,phases   ] GC(303)   Post Evacuate Collection Set: 4,3ms
[2024-07-02T15:59:22.556-0400][gc,phases   ] GC(303)   Other: 0,3ms
[2024-07-02T15:59:22.557-0400][gc,heap     ] GC(303) Eden regions: 44->0(45)
[2024-07-02T15:59:22.557-0400][gc,heap     ] GC(303) Survivor regions: 7->6(7)
[2024-07-02T15:59:22.557-0400][gc,heap     ] GC(303) Old regions: 217->222
[2024-07-02T15:59:22.557-0400][gc,heap     ] GC(303) Humongous regions: 129->129
[2024-07-02T15:59:22.557-0400][gc,metaspace] GC(303) Metaspace: 47707K(48512K)->47707K(48512K) NonClass: 42179K(42624K)->42179K(42624K) Class: 5527K(5888K)->5527K(5888K)
[2024-07-02T15:59:22.557-0400][gc          ] GC(303) Pause Young (Normal) (G1 Evacuation Pause) 396M->356M(1024M) 33,117ms
[2024-07-02T15:59:22.557-0400][gc,cpu      ] GC(303) User=0,11s Sys=0,04s Real=0,04s
[2024-07-02T16:06:05.250-0400][gc,start    ] GC(304) Pause Young (Normal) (G1 Evacuation Pause)
[2024-07-02T16:06:05.250-0400][gc,task     ] GC(304) Using 6 workers of 6 for evacuation
[2024-07-02T16:06:05.289-0400][gc,mmu      ] GC(304) MMU target violated: 21,0ms (20,0ms/21,0ms)
[2024-07-02T16:06:05.289-0400][gc,phases   ] GC(304)   Pre Evacuate Collection Set: 0,2ms
[2024-07-02T16:06:05.289-0400][gc,phases   ] GC(304)   Merge Heap Roots: 0,7ms
[2024-07-02T16:06:05.289-0400][gc,phases   ] GC(304)   Evacuate Collection Set: 35,3ms
[2024-07-02T16:06:05.289-0400][gc,phases   ] GC(304)   Post Evacuate Collection Set: 2,1ms
[2024-07-02T16:06:05.289-0400][gc,phases   ] GC(304)   Other: 0,1ms
[2024-07-02T16:06:05.289-0400][gc,heap     ] GC(304) Eden regions: 45->0(45)
[2024-07-02T16:06:05.289-0400][gc,heap     ] GC(304) Survivor regions: 6->6(7)
[2024-07-02T16:06:05.289-0400][gc,heap     ] GC(304) Old regions: 222->227
[2024-07-02T16:06:05.289-0400][gc,heap     ] GC(304) Humongous regions: 129->129
[2024-07-02T16:06:05.289-0400][gc,metaspace] GC(304) Metaspace: 47707K(48512K)->47707K(48512K) NonClass: 42179K(42624K)->42179K(42624K) Class: 5527K(5888K)->5527K(5888K)
[2024-07-02T16:06:05.289-0400][gc          ] GC(304) Pause Young (Normal) (G1 Evacuation Pause) 401M->361M(1024M) 38,706ms
[2024-07-02T16:06:05.289-0400][gc,cpu      ] GC(304) User=0,09s Sys=0,02s Real=0,04s
[2024-07-02T16:12:23.434-0400][gc,start    ] GC(305) Pause Young (Normal) (G1 Evacuation Pause)
[2024-07-02T16:12:23.434-0400][gc,task     ] GC(305) Using 6 workers of 6 for evacuation
[2024-07-02T16:12:23.469-0400][gc,mmu      ] GC(305) MMU target violated: 21,0ms (20,0ms/21,0ms)
[2024-07-02T16:12:23.469-0400][gc,phases   ] GC(305)   Pre Evacuate Collection Set: 0,2ms
[2024-07-02T16:12:23.469-0400][gc,phases   ] GC(305)   Merge Heap Roots: 0,1ms
[2024-07-02T16:12:23.469-0400][gc,phases   ] GC(305)   Evacuate Collection Set: 34,0ms
[2024-07-02T16:12:23.469-0400][gc,phases   ] GC(305)   Post Evacuate Collection Set: 1,3ms
[2024-07-02T16:12:23.469-0400][gc,phases   ] GC(305)   Other: 0,2ms
[2024-07-02T16:12:23.469-0400][gc,heap     ] GC(305) Eden regions: 45->0(45)
[2024-07-02T16:12:23.469-0400][gc,heap     ] GC(305) Survivor regions: 6->6(7)
[2024-07-02T16:12:23.469-0400][gc,heap     ] GC(305) Old regions: 227->232
[2024-07-02T16:12:23.469-0400][gc,heap     ] GC(305) Humongous regions: 129->129
[2024-07-02T16:12:23.469-0400][gc,metaspace] GC(305) Metaspace: 47707K(48512K)->47707K(48512K) NonClass: 42179K(42624K)->42179K(42624K) Class: 5527K(5888K)->5527K(5888K)
[2024-07-02T16:12:23.469-0400][gc          ] GC(305) Pause Young (Normal) (G1 Evacuation Pause) 406M->366M(1024M) 35,977ms
[2024-07-02T16:12:23.470-0400][gc,cpu      ] GC(305) User=0,09s Sys=0,00s Real=0,04s
[2024-07-02T16:19:07.207-0400][gc,start    ] GC(306) Pause Young (Normal) (G1 Evacuation Pause)
[2024-07-02T16:19:07.207-0400][gc,task     ] GC(306) Using 6 workers of 6 for evacuation
[2024-07-02T16:19:07.229-0400][gc,mmu      ] GC(306) MMU target violated: 21,0ms (20,0ms/21,0ms)
[2024-07-02T16:19:07.229-0400][gc,phases   ] GC(306)   Pre Evacuate Collection Set: 0,7ms
[2024-07-02T16:19:07.229-0400][gc,phases   ] GC(306)   Merge Heap Roots: 0,6ms
[2024-07-02T16:19:07.229-0400][gc,phases   ] GC(306)   Evacuate Collection Set: 19,6ms
[2024-07-02T16:19:07.229-0400][gc,phases   ] GC(306)   Post Evacuate Collection Set: 1,0ms
[2024-07-02T16:19:07.229-0400][gc,phases   ] GC(306)   Other: 0,2ms
[2024-07-02T16:19:07.229-0400][gc,heap     ] GC(306) Eden regions: 45->0(48)
[2024-07-02T16:19:07.229-0400][gc,heap     ] GC(306) Survivor regions: 6->3(7)
[2024-07-02T16:19:07.229-0400][gc,heap     ] GC(306) Old regions: 232->236
[2024-07-02T16:19:07.229-0400][gc,heap     ] GC(306) Humongous regions: 129->129
[2024-07-02T16:19:07.229-0400][gc,metaspace] GC(306) Metaspace: 47707K(48512K)->47707K(48512K) NonClass: 42179K(42624K)->42179K(42624K) Class: 5527K(5888K)->5527K(5888K)
[2024-07-02T16:19:07.229-0400][gc          ] GC(306) Pause Young (Normal) (G1 Evacuation Pause) 411M->367M(1024M) 22,476ms
[2024-07-02T16:19:07.229-0400][gc,cpu      ] GC(306) User=0,04s Sys=0,01s Real=0,02s
[2024-07-02T16:26:18.391-0400][gc,start    ] GC(307) Pause Young (Normal) (G1 Evacuation Pause)
[2024-07-02T16:26:18.391-0400][gc,task     ] GC(307) Using 6 workers of 6 for evacuation
[2024-07-02T16:26:18.421-0400][gc,mmu      ] GC(307) MMU target violated: 21,0ms (20,0ms/21,0ms)
[2024-07-02T16:26:18.421-0400][gc,phases   ] GC(307)   Pre Evacuate Collection Set: 4,8ms
[2024-07-02T16:26:18.421-0400][gc,phases   ] GC(307)   Merge Heap Roots: 1,3ms
[2024-07-02T16:26:18.421-0400][gc,phases   ] GC(307)   Evacuate Collection Set: 18,2ms
[2024-07-02T16:26:18.421-0400][gc,phases   ] GC(307)   Post Evacuate Collection Set: 5,2ms
[2024-07-02T16:26:18.421-0400][gc,phases   ] GC(307)   Other: 0,2ms
[2024-07-02T16:26:18.421-0400][gc,heap     ] GC(307) Eden regions: 48->0(44)
[2024-07-02T16:26:18.421-0400][gc,heap     ] GC(307) Survivor regions: 3->7(7)
[2024-07-02T16:26:18.421-0400][gc,heap     ] GC(307) Old regions: 236->236
[2024-07-02T16:26:18.421-0400][gc,heap     ] GC(307) Humongous regions: 129->129
[2024-07-02T16:26:18.421-0400][gc,metaspace] GC(307) Metaspace: 47707K(48512K)->47707K(48512K) NonClass: 42179K(42624K)->42179K(42624K) Class: 5527K(5888K)->5527K(5888K)
[2024-07-02T16:26:18.421-0400][gc          ] GC(307) Pause Young (Normal) (G1 Evacuation Pause) 415M->371M(1024M) 29,839ms
[2024-07-02T16:26:18.421-0400][gc,cpu      ] GC(307) User=0,06s Sys=0,01s Real=0,03s
[2024-07-02T16:32:52.775-0400][gc,start    ] GC(308) Pause Young (Normal) (G1 Evacuation Pause)
[2024-07-02T16:32:52.775-0400][gc,task     ] GC(308) Using 6 workers of 6 for evacuation
[2024-07-02T16:32:52.805-0400][gc,mmu      ] GC(308) MMU target violated: 21,0ms (20,0ms/21,0ms)
[2024-07-02T16:32:52.805-0400][gc,phases   ] GC(308)   Pre Evacuate Collection Set: 2,8ms
[2024-07-02T16:32:52.805-0400][gc,phases   ] GC(308)   Merge Heap Roots: 0,7ms
[2024-07-02T16:32:52.805-0400][gc,phases   ] GC(308)   Evacuate Collection Set: 19,5ms
[2024-07-02T16:32:52.805-0400][gc,phases   ] GC(308)   Post Evacuate Collection Set: 7,0ms
[2024-07-02T16:32:52.805-0400][gc,phases   ] GC(308)   Other: 0,1ms
[2024-07-02T16:32:52.805-0400][gc,heap     ] GC(308) Eden regions: 44->0(46)
[2024-07-02T16:32:52.806-0400][gc,heap     ] GC(308) Survivor regions: 7->5(7)
[2024-07-02T16:32:52.806-0400][gc,heap     ] GC(308) Old regions: 236->242
[2024-07-02T16:32:52.806-0400][gc,heap     ] GC(308) Humongous regions: 129->129
[2024-07-02T16:32:52.806-0400][gc,metaspace] GC(308) Metaspace: 47707K(48512K)->47707K(48512K) NonClass: 42179K(42624K)->42179K(42624K) Class: 5527K(5888K)->5527K(5888K)
[2024-07-02T16:32:52.806-0400][gc          ] GC(308) Pause Young (Normal) (G1 Evacuation Pause) 415M->375M(1024M) 31,277ms
[2024-07-02T16:32:52.806-0400][gc,cpu      ] GC(308) User=0,06s Sys=0,00s Real=0,04s
[2024-07-02T16:39:44.966-0400][gc,start    ] GC(309) Pause Young (Normal) (G1 Evacuation Pause)
[2024-07-02T16:39:44.966-0400][gc,task     ] GC(309) Using 6 workers of 6 for evacuation
[2024-07-02T16:39:44.994-0400][gc,mmu      ] GC(309) MMU target violated: 21,0ms (20,0ms/21,0ms)
[2024-07-02T16:39:44.994-0400][gc,phases   ] GC(309)   Pre Evacuate Collection Set: 0,7ms
[2024-07-02T16:39:44.994-0400][gc,phases   ] GC(309)   Merge Heap Roots: 0,2ms
[2024-07-02T16:39:44.994-0400][gc,phases   ] GC(309)   Evacuate Collection Set: 18,6ms
[2024-07-02T16:39:44.994-0400][gc,phases   ] GC(309)   Post Evacuate Collection Set: 8,3ms
[2024-07-02T16:39:44.995-0400][gc,phases   ] GC(309)   Other: 0,3ms
[2024-07-02T16:39:44.995-0400][gc,heap     ] GC(309) Eden regions: 46->0(45)
[2024-07-02T16:39:44.995-0400][gc,heap     ] GC(309) Survivor regions: 5->6(7)
[2024-07-02T16:39:44.995-0400][gc,heap     ] GC(309) Old regions: 242->247
[2024-07-02T16:39:44.995-0400][gc,heap     ] GC(309) Humongous regions: 129->129
[2024-07-02T16:39:44.995-0400][gc,metaspace] GC(309) Metaspace: 47707K(48512K)->47707K(48512K) NonClass: 42179K(42624K)->42179K(42624K) Class: 5527K(5888K)->5527K(5888K)
[2024-07-02T16:39:44.995-0400][gc          ] GC(309) Pause Young (Normal) (G1 Evacuation Pause) 421M->381M(1024M) 28,251ms
[2024-07-02T16:39:44.995-0400][gc,cpu      ] GC(309) User=0,04s Sys=0,02s Real=0,02s
[2024-07-02T16:46:29.736-0400][gc,start    ] GC(310) Pause Young (Normal) (G1 Evacuation Pause)
[2024-07-02T16:46:29.736-0400][gc,task     ] GC(310) Using 6 workers of 6 for evacuation
[2024-07-02T16:46:29.763-0400][gc,mmu      ] GC(310) MMU target violated: 21,0ms (20,0ms/21,0ms)
[2024-07-02T16:46:29.764-0400][gc,phases   ] GC(310)   Pre Evacuate Collection Set: 1,7ms
[2024-07-02T16:46:29.764-0400][gc,phases   ] GC(310)   Merge Heap Roots: 0,4ms
[2024-07-02T16:46:29.764-0400][gc,phases   ] GC(310)   Evacuate Collection Set: 18,6ms
[2024-07-02T16:46:29.764-0400][gc,phases   ] GC(310)   Post Evacuate Collection Set: 5,9ms
[2024-07-02T16:46:29.764-0400][gc,phases   ] GC(310)   Other: 0,8ms
[2024-07-02T16:46:29.764-0400][gc,heap     ] GC(310) Eden regions: 45->0(45)
[2024-07-02T16:46:29.764-0400][gc,heap     ] GC(310) Survivor regions: 6->6(7)
[2024-07-02T16:46:29.764-0400][gc,heap     ] GC(310) Old regions: 247->252
[2024-07-02T16:46:29.764-0400][gc,heap     ] GC(310) Humongous regions: 129->129
[2024-07-02T16:46:29.764-0400][gc,metaspace] GC(310) Metaspace: 47707K(48512K)->47707K(48512K) NonClass: 42179K(42624K)->42179K(42624K) Class: 5527K(5888K)->5527K(5888K)
[2024-07-02T16:46:29.764-0400][gc          ] GC(310) Pause Young (Normal) (G1 Evacuation Pause) 426M->386M(1024M) 27,669ms
[2024-07-02T16:46:29.764-0400][gc,cpu      ] GC(310) User=0,05s Sys=0,01s Real=0,02s
[2024-07-02T16:53:14.281-0400][gc,start    ] GC(311) Pause Young (Normal) (G1 Evacuation Pause)
[2024-07-02T16:53:14.281-0400][gc,task     ] GC(311) Using 6 workers of 6 for evacuation
[2024-07-02T16:53:14.303-0400][gc,mmu      ] GC(311) MMU target violated: 21,0ms (20,0ms/21,0ms)
[2024-07-02T16:53:14.303-0400][gc,phases   ] GC(311)   Pre Evacuate Collection Set: 0,6ms
[2024-07-02T16:53:14.303-0400][gc,phases   ] GC(311)   Merge Heap Roots: 0,2ms
[2024-07-02T16:53:14.303-0400][gc,phases   ] GC(311)   Evacuate Collection Set: 18,5ms
[2024-07-02T16:53:14.303-0400][gc,phases   ] GC(311)   Post Evacuate Collection Set: 2,4ms
[2024-07-02T16:53:14.303-0400][gc,phases   ] GC(311)   Other: 0,2ms
[2024-07-02T16:53:14.303-0400][gc,heap     ] GC(311) Eden regions: 45->0(44)
[2024-07-02T16:53:14.303-0400][gc,heap     ] GC(311) Survivor regions: 6->7(7)
[2024-07-02T16:53:14.303-0400][gc,heap     ] GC(311) Old regions: 252->257
[2024-07-02T16:53:14.303-0400][gc,heap     ] GC(311) Humongous regions: 129->129
[2024-07-02T16:53:14.303-0400][gc,metaspace] GC(311) Metaspace: 47707K(48512K)->47707K(48512K) NonClass: 42179K(42624K)->42179K(42624K) Class: 5527K(5888K)->5527K(5888K)
[2024-07-02T16:53:14.303-0400][gc          ] GC(311) Pause Young (Normal) (G1 Evacuation Pause) 431M->391M(1024M) 22,153ms
[2024-07-02T16:53:14.303-0400][gc,cpu      ] GC(311) User=0,03s Sys=0,02s Real=0,02s
[2024-07-02T16:59:48.397-0400][gc,start    ] GC(312) Pause Young (Normal) (G1 Evacuation Pause)
[2024-07-02T16:59:48.397-0400][gc,task     ] GC(312) Using 6 workers of 6 for evacuation
[2024-07-02T16:59:48.431-0400][gc,mmu      ] GC(312) MMU target violated: 21,0ms (20,0ms/21,0ms)
[2024-07-02T16:59:48.431-0400][gc,phases   ] GC(312)   Pre Evacuate Collection Set: 5,5ms
[2024-07-02T16:59:48.431-0400][gc,phases   ] GC(312)   Merge Heap Roots: 1,5ms
[2024-07-02T16:59:48.431-0400][gc,phases   ] GC(312)   Evacuate Collection Set: 23,4ms
[2024-07-02T16:59:48.431-0400][gc,phases   ] GC(312)   Post Evacuate Collection Set: 3,5ms
[2024-07-02T16:59:48.431-0400][gc,phases   ] GC(312)   Other: 0,3ms
[2024-07-02T16:59:48.431-0400][gc,heap     ] GC(312) Eden regions: 44->0(44)
[2024-07-02T16:59:48.431-0400][gc,heap     ] GC(312) Survivor regions: 7->7(7)
[2024-07-02T16:59:48.431-0400][gc,heap     ] GC(312) Old regions: 257->262
[2024-07-02T16:59:48.431-0400][gc,heap     ] GC(312) Humongous regions: 129->129
[2024-07-02T16:59:48.431-0400][gc,metaspace] GC(312) Metaspace: 47707K(48512K)->47707K(48512K) NonClass: 42179K(42624K)->42179K(42624K) Class: 5527K(5888K)->5527K(5888K)
[2024-07-02T16:59:48.431-0400][gc          ] GC(312) Pause Young (Normal) (G1 Evacuation Pause) 435M->396M(1024M) 34,525ms
[2024-07-02T16:59:48.431-0400][gc,cpu      ] GC(312) User=0,05s Sys=0,02s Real=0,03s
[2024-07-02T17:06:22.228-0400][gc,start    ] GC(313) Pause Young (Normal) (G1 Evacuation Pause)
[2024-07-02T17:06:22.228-0400][gc,task     ] GC(313) Using 6 workers of 6 for evacuation
[2024-07-02T17:06:22.244-0400][gc,phases   ] GC(313)   Pre Evacuate Collection Set: 1,1ms
[2024-07-02T17:06:22.244-0400][gc,phases   ] GC(313)   Merge Heap Roots: 0,3ms
[2024-07-02T17:06:22.244-0400][gc,phases   ] GC(313)   Evacuate Collection Set: 11,9ms
[2024-07-02T17:06:22.244-0400][gc,phases   ] GC(313)   Post Evacuate Collection Set: 2,0ms
[2024-07-02T17:06:22.244-0400][gc,phases   ] GC(313)   Other: 0,1ms
[2024-07-02T17:06:22.244-0400][gc,heap     ] GC(313) Eden regions: 44->0(44)
[2024-07-02T17:06:22.244-0400][gc,heap     ] GC(313) Survivor regions: 7->7(7)
[2024-07-02T17:06:22.244-0400][gc,heap     ] GC(313) Old regions: 262->266
[2024-07-02T17:06:22.244-0400][gc,heap     ] GC(313) Humongous regions: 129->129
[2024-07-02T17:06:22.244-0400][gc,metaspace] GC(313) Metaspace: 47707K(48512K)->47707K(48512K) NonClass: 42179K(42624K)->42179K(42624K) Class: 5527K(5888K)->5527K(5888K)
[2024-07-02T17:06:22.244-0400][gc          ] GC(313) Pause Young (Normal) (G1 Evacuation Pause) 440M->401M(1024M) 15,590ms
[2024-07-02T17:06:22.244-0400][gc,cpu      ] GC(313) User=0,02s Sys=0,02s Real=0,01s
[2024-07-02T17:12:31.638-0400][gc,start    ] GC(314) Pause Young (Normal) (G1 Evacuation Pause)
[2024-07-02T17:12:31.638-0400][gc,task     ] GC(314) Using 6 workers of 6 for evacuation
[2024-07-02T17:12:31.661-0400][gc,mmu      ] GC(314) MMU target violated: 21,0ms (20,0ms/21,0ms)
[2024-07-02T17:12:31.661-0400][gc,phases   ] GC(314)   Pre Evacuate Collection Set: 0,6ms
[2024-07-02T17:12:31.661-0400][gc,phases   ] GC(314)   Merge Heap Roots: 0,4ms
[2024-07-02T17:12:31.661-0400][gc,phases   ] GC(314)   Evacuate Collection Set: 15,7ms
[2024-07-02T17:12:31.661-0400][gc,phases   ] GC(314)   Post Evacuate Collection Set: 6,0ms
[2024-07-02T17:12:31.661-0400][gc,phases   ] GC(314)   Other: 0,3ms
[2024-07-02T17:12:31.661-0400][gc,heap     ] GC(314) Eden regions: 44->0(45)
[2024-07-02T17:12:31.661-0400][gc,heap     ] GC(314) Survivor regions: 7->6(7)
[2024-07-02T17:12:31.661-0400][gc,heap     ] GC(314) Old regions: 266->271
[2024-07-02T17:12:31.661-0400][gc,heap     ] GC(314) Humongous regions: 129->129
[2024-07-02T17:12:31.661-0400][gc,metaspace] GC(314) Metaspace: 47707K(48512K)->47707K(48512K) NonClass: 42179K(42624K)->42179K(42624K) Class: 5527K(5888K)->5527K(5888K)
[2024-07-02T17:12:31.661-0400][gc          ] GC(314) Pause Young (Normal) (G1 Evacuation Pause) 445M->405M(1024M) 23,340ms
[2024-07-02T17:12:31.661-0400][gc,cpu      ] GC(314) User=0,04s Sys=0,01s Real=0,02s
[2024-07-02T17:19:14.470-0400][gc,start    ] GC(315) Pause Young (Normal) (G1 Evacuation Pause)
[2024-07-02T17:19:14.470-0400][gc,task     ] GC(315) Using 6 workers of 6 for evacuation
[2024-07-02T17:19:14.486-0400][gc,phases   ] GC(315)   Pre Evacuate Collection Set: 0,5ms
[2024-07-02T17:19:14.486-0400][gc,phases   ] GC(315)   Merge Heap Roots: 0,3ms
[2024-07-02T17:19:14.486-0400][gc,phases   ] GC(315)   Evacuate Collection Set: 8,5ms
[2024-07-02T17:19:14.486-0400][gc,phases   ] GC(315)   Post Evacuate Collection Set: 6,8ms
[2024-07-02T17:19:14.486-0400][gc,phases   ] GC(315)   Other: 0,1ms
[2024-07-02T17:19:14.486-0400][gc,heap     ] GC(315) Eden regions: 45->0(92)
[2024-07-02T17:19:14.486-0400][gc,heap     ] GC(315) Survivor regions: 6->3(7)
[2024-07-02T17:19:14.486-0400][gc,heap     ] GC(315) Old regions: 271->274
[2024-07-02T17:19:14.486-0400][gc,heap     ] GC(315) Humongous regions: 129->129
[2024-07-02T17:19:14.486-0400][gc,metaspace] GC(315) Metaspace: 47707K(48512K)->47707K(48512K) NonClass: 42179K(42624K)->42179K(42624K) Class: 5527K(5888K)->5527K(5888K)
[2024-07-02T17:19:14.486-0400][gc          ] GC(315) Pause Young (Normal) (G1 Evacuation Pause) 450M->405M(1024M) 16,264ms
[2024-07-02T17:19:14.486-0400][gc,cpu      ] GC(315) User=0,02s Sys=0,02s Real=0,02s
[2024-07-02T17:33:47.137-0400][gc,start    ] GC(316) Pause Young (Normal) (G1 Evacuation Pause)
[2024-07-02T17:33:47.137-0400][gc,task     ] GC(316) Using 6 workers of 6 for evacuation
[2024-07-02T17:33:47.510-0400][gc,mmu      ] GC(316) MMU target violated: 21,0ms (20,0ms/21,0ms)
[2024-07-02T17:33:47.510-0400][gc,phases   ] GC(316)   Pre Evacuate Collection Set: 0,6ms
[2024-07-02T17:33:47.510-0400][gc,phases   ] GC(316)   Merge Heap Roots: 1,5ms
[2024-07-02T17:33:47.510-0400][gc,phases   ] GC(316)   Evacuate Collection Set: 365,5ms
[2024-07-02T17:33:47.510-0400][gc,phases   ] GC(316)   Post Evacuate Collection Set: 5,7ms
[2024-07-02T17:33:47.510-0400][gc,phases   ] GC(316)   Other: 0,4ms
[2024-07-02T17:33:47.510-0400][gc,heap     ] GC(316) Eden regions: 97->0(38)
[2024-07-02T17:33:47.510-0400][gc,heap     ] GC(316) Survivor regions: 3->13(13)
[2024-07-02T17:33:47.510-0400][gc,heap     ] GC(316) Old regions: 274->274
[2024-07-02T17:33:47.510-0400][gc,heap     ] GC(316) Humongous regions: 129->129
[2024-07-02T17:33:47.510-0400][gc,metaspace] GC(316) Metaspace: 47707K(48512K)->47707K(48512K) NonClass: 42179K(42624K)->42179K(42624K) Class: 5527K(5888K)->5527K(5888K)
[2024-07-02T17:33:47.510-0400][gc          ] GC(316) Pause Young (Normal) (G1 Evacuation Pause) 502M->415M(1024M) 373,745ms
[2024-07-02T17:33:47.510-0400][gc,cpu      ] GC(316) User=1,33s Sys=0,42s Real=0,37s
[2024-07-02T17:39:21.542-0400][gc,start    ] GC(317) Pause Young (Normal) (G1 Evacuation Pause)
[2024-07-02T17:39:21.542-0400][gc,task     ] GC(317) Using 6 workers of 6 for evacuation
[2024-07-02T17:39:21.815-0400][gc,mmu      ] GC(317) MMU target violated: 21,0ms (20,0ms/21,0ms)
[2024-07-02T17:39:21.815-0400][gc,phases   ] GC(317)   Pre Evacuate Collection Set: 0,7ms
[2024-07-02T17:39:21.815-0400][gc,phases   ] GC(317)   Merge Heap Roots: 0,1ms
[2024-07-02T17:39:21.815-0400][gc,phases   ] GC(317)   Evacuate Collection Set: 270,5ms
[2024-07-02T17:39:21.815-0400][gc,phases   ] GC(317)   Post Evacuate Collection Set: 1,5ms
[2024-07-02T17:39:21.815-0400][gc,phases   ] GC(317)   Other: 0,2ms
[2024-07-02T17:39:21.815-0400][gc,heap     ] GC(317) Eden regions: 38->0(45)
[2024-07-02T17:39:21.815-0400][gc,heap     ] GC(317) Survivor regions: 13->6(7)
[2024-07-02T17:39:21.815-0400][gc,heap     ] GC(317) Old regions: 274->285
[2024-07-02T17:39:21.815-0400][gc,heap     ] GC(317) Humongous regions: 129->129
[2024-07-02T17:39:21.815-0400][gc,metaspace] GC(317) Metaspace: 47707K(48512K)->47707K(48512K) NonClass: 42179K(42624K)->42179K(42624K) Class: 5527K(5888K)->5527K(5888K)
[2024-07-02T17:39:21.815-0400][gc          ] GC(317) Pause Young (Normal) (G1 Evacuation Pause) 453M->419M(1024M) 273,336ms
[2024-07-02T17:39:21.815-0400][gc,cpu      ] GC(317) User=1,05s Sys=0,25s Real=0,27s
[2024-07-02T17:46:04.351-0400][gc,start    ] GC(318) Pause Young (Normal) (G1 Evacuation Pause)
[2024-07-02T17:46:04.352-0400][gc,task     ] GC(318) Using 6 workers of 6 for evacuation
[2024-07-02T17:46:04.479-0400][gc,mmu      ] GC(318) MMU target violated: 21,0ms (20,0ms/21,0ms)
[2024-07-02T17:46:04.479-0400][gc,phases   ] GC(318)   Pre Evacuate Collection Set: 0,5ms
[2024-07-02T17:46:04.479-0400][gc,phases   ] GC(318)   Merge Heap Roots: 0,3ms
[2024-07-02T17:46:04.479-0400][gc,phases   ] GC(318)   Evacuate Collection Set: 125,1ms
[2024-07-02T17:46:04.479-0400][gc,phases   ] GC(318)   Post Evacuate Collection Set: 1,4ms
[2024-07-02T17:46:04.479-0400][gc,phases   ] GC(318)   Other: 0,3ms
[2024-07-02T17:46:04.479-0400][gc,heap     ] GC(318) Eden regions: 45->0(44)
[2024-07-02T17:46:04.479-0400][gc,heap     ] GC(318) Survivor regions: 6->7(7)
[2024-07-02T17:46:04.479-0400][gc,heap     ] GC(318) Old regions: 285->290
[2024-07-02T17:46:04.479-0400][gc,heap     ] GC(318) Humongous regions: 129->129
[2024-07-02T17:46:04.479-0400][gc,metaspace] GC(318) Metaspace: 47707K(48512K)->47707K(48512K) NonClass: 42179K(42624K)->42179K(42624K) Class: 5527K(5888K)->5527K(5888K)
[2024-07-02T17:46:04.479-0400][gc          ] GC(318) Pause Young (Normal) (G1 Evacuation Pause) 464M->425M(1024M) 127,687ms
[2024-07-02T17:46:04.479-0400][gc,cpu      ] GC(318) User=0,34s Sys=0,25s Real=0,13s
[2024-07-02T17:52:38.086-0400][gc,start    ] GC(319) Pause Young (Normal) (G1 Evacuation Pause)
[2024-07-02T17:52:38.086-0400][gc,task     ] GC(319) Using 6 workers of 6 for evacuation
[2024-07-02T17:52:38.215-0400][gc,mmu      ] GC(319) MMU target violated: 21,0ms (20,0ms/21,0ms)
[2024-07-02T17:52:38.216-0400][gc,phases   ] GC(319)   Pre Evacuate Collection Set: 0,8ms
[2024-07-02T17:52:38.216-0400][gc,phases   ] GC(319)   Merge Heap Roots: 0,3ms
[2024-07-02T17:52:38.216-0400][gc,phases   ] GC(319)   Evacuate Collection Set: 125,7ms
[2024-07-02T17:52:38.216-0400][gc,phases   ] GC(319)   Post Evacuate Collection Set: 2,1ms
[2024-07-02T17:52:38.216-0400][gc,phases   ] GC(319)   Other: 0,3ms
[2024-07-02T17:52:38.216-0400][gc,heap     ] GC(319) Eden regions: 44->0(44)
[2024-07-02T17:52:38.216-0400][gc,heap     ] GC(319) Survivor regions: 7->7(7)
[2024-07-02T17:52:38.216-0400][gc,heap     ] GC(319) Old regions: 290->295
[2024-07-02T17:52:38.216-0400][gc,heap     ] GC(319) Humongous regions: 129->129
[2024-07-02T17:52:38.216-0400][gc,metaspace] GC(319) Metaspace: 47707K(48512K)->47707K(48512K) NonClass: 42179K(42624K)->42179K(42624K) Class: 5527K(5888K)->5527K(5888K)
[2024-07-02T17:52:38.216-0400][gc          ] GC(319) Pause Young (Normal) (G1 Evacuation Pause) 469M->430M(1024M) 129,498ms
[2024-07-02T17:52:38.216-0400][gc,cpu      ] GC(319) User=0,32s Sys=0,14s Real=0,12s
[2024-07-02T17:59:13.195-0400][gc,start    ] GC(320) Pause Young (Normal) (G1 Evacuation Pause)
[2024-07-02T17:59:13.195-0400][gc,task     ] GC(320) Using 6 workers of 6 for evacuation
[2024-07-02T17:59:13.302-0400][gc,mmu      ] GC(320) MMU target violated: 21,0ms (20,0ms/21,0ms)
[2024-07-02T17:59:13.302-0400][gc,phases   ] GC(320)   Pre Evacuate Collection Set: 0,7ms
[2024-07-02T17:59:13.303-0400][gc,phases   ] GC(320)   Merge Heap Roots: 0,9ms
[2024-07-02T17:59:13.303-0400][gc,phases   ] GC(320)   Evacuate Collection Set: 97,6ms
[2024-07-02T17:59:13.303-0400][gc,phases   ] GC(320)   Post Evacuate Collection Set: 7,3ms
[2024-07-02T17:59:13.303-0400][gc,phases   ] GC(320)   Other: 0,4ms
[2024-07-02T17:59:13.303-0400][gc,heap     ] GC(320) Eden regions: 44->0(45)
[2024-07-02T17:59:13.303-0400][gc,heap     ] GC(320) Survivor regions: 7->6(7)
[2024-07-02T17:59:13.303-0400][gc,heap     ] GC(320) Old regions: 295->300
[2024-07-02T17:59:13.303-0400][gc,heap     ] GC(320) Humongous regions: 129->129
[2024-07-02T17:59:13.303-0400][gc,metaspace] GC(320) Metaspace: 47707K(48512K)->47707K(48512K) NonClass: 42179K(42624K)->42179K(42624K) Class: 5527K(5888K)->5527K(5888K)
[2024-07-02T17:59:13.303-0400][gc          ] GC(320) Pause Young (Normal) (G1 Evacuation Pause) 474M->434M(1024M) 108,324ms
[2024-07-02T17:59:13.303-0400][gc,cpu      ] GC(320) User=0,30s Sys=0,16s Real=0,11s
[2024-07-02T18:05:57.014-0400][gc,start    ] GC(321) Pause Young (Normal) (G1 Evacuation Pause)
[2024-07-02T18:05:57.014-0400][gc,task     ] GC(321) Using 6 workers of 6 for evacuation
[2024-07-02T18:05:57.103-0400][gc,mmu      ] GC(321) MMU target violated: 21,0ms (20,0ms/21,0ms)
[2024-07-02T18:05:57.104-0400][gc,phases   ] GC(321)   Pre Evacuate Collection Set: 0,5ms
[2024-07-02T18:05:57.104-0400][gc,phases   ] GC(321)   Merge Heap Roots: 0,2ms
[2024-07-02T18:05:57.104-0400][gc,phases   ] GC(321)   Evacuate Collection Set: 87,0ms
[2024-07-02T18:05:57.104-0400][gc,phases   ] GC(321)   Post Evacuate Collection Set: 1,8ms
[2024-07-02T18:05:57.104-0400][gc,phases   ] GC(321)   Other: 0,2ms
[2024-07-02T18:05:57.104-0400][gc,heap     ] GC(321) Eden regions: 45->0(45)
[2024-07-02T18:05:57.104-0400][gc,heap     ] GC(321) Survivor regions: 6->6(7)
[2024-07-02T18:05:57.104-0400][gc,heap     ] GC(321) Old regions: 300->305
[2024-07-02T18:05:57.104-0400][gc,heap     ] GC(321) Humongous regions: 129->129
[2024-07-02T18:05:57.104-0400][gc,metaspace] GC(321) Metaspace: 47707K(48512K)->47707K(48512K) NonClass: 42179K(42624K)->42179K(42624K) Class: 5527K(5888K)->5527K(5888K)
[2024-07-02T18:05:57.104-0400][gc          ] GC(321) Pause Young (Normal) (G1 Evacuation Pause) 479M->439M(1024M) 89,824ms
[2024-07-02T18:05:57.104-0400][gc,cpu      ] GC(321) User=0,31s Sys=0,01s Real=0,09s
[2024-07-02T18:12:15.708-0400][gc,start    ] GC(322) Pause Young (Normal) (G1 Evacuation Pause)
[2024-07-02T18:12:15.708-0400][gc,task     ] GC(322) Using 6 workers of 6 for evacuation
[2024-07-02T18:12:15.794-0400][gc,mmu      ] GC(322) MMU target violated: 21,0ms (20,0ms/21,0ms)
[2024-07-02T18:12:15.794-0400][gc,phases   ] GC(322)   Pre Evacuate Collection Set: 0,7ms
[2024-07-02T18:12:15.794-0400][gc,phases   ] GC(322)   Merge Heap Roots: 0,3ms
[2024-07-02T18:12:15.794-0400][gc,phases   ] GC(322)   Evacuate Collection Set: 82,1ms
[2024-07-02T18:12:15.794-0400][gc,phases   ] GC(322)   Post Evacuate Collection Set: 2,9ms
[2024-07-02T18:12:15.794-0400][gc,phases   ] GC(322)   Other: 0,2ms
[2024-07-02T18:12:15.794-0400][gc,heap     ] GC(322) Eden regions: 45->0(45)
[2024-07-02T18:12:15.794-0400][gc,heap     ] GC(322) Survivor regions: 6->6(7)
[2024-07-02T18:12:15.794-0400][gc,heap     ] GC(322) Old regions: 305->310
[2024-07-02T18:12:15.794-0400][gc,heap     ] GC(322) Humongous regions: 129->129
[2024-07-02T18:12:15.794-0400][gc,metaspace] GC(322) Metaspace: 47707K(48512K)->47707K(48512K) NonClass: 42179K(42624K)->42179K(42624K) Class: 5527K(5888K)->5527K(5888K)
[2024-07-02T18:12:15.794-0400][gc          ] GC(322) Pause Young (Normal) (G1 Evacuation Pause) 484M->443M(1024M) 86,404ms
[2024-07-02T18:12:15.794-0400][gc,cpu      ] GC(322) User=0,28s Sys=0,06s Real=0,08s
[2024-07-02T18:18:59.126-0400][gc,start    ] GC(323) Pause Young (Normal) (G1 Evacuation Pause)
[2024-07-02T18:18:59.126-0400][gc,task     ] GC(323) Using 6 workers of 6 for evacuation
[2024-07-02T18:18:59.207-0400][gc,mmu      ] GC(323) MMU target violated: 21,0ms (20,0ms/21,0ms)
[2024-07-02T18:18:59.207-0400][gc,phases   ] GC(323)   Pre Evacuate Collection Set: 8,4ms
[2024-07-02T18:18:59.207-0400][gc,phases   ] GC(323)   Merge Heap Roots: 0,2ms
[2024-07-02T18:18:59.207-0400][gc,phases   ] GC(323)   Evacuate Collection Set: 70,6ms
[2024-07-02T18:18:59.207-0400][gc,phases   ] GC(323)   Post Evacuate Collection Set: 1,4ms
[2024-07-02T18:18:59.207-0400][gc,phases   ] GC(323)   Other: 0,2ms
[2024-07-02T18:18:59.207-0400][gc,heap     ] GC(323) Eden regions: 45->0(48)
[2024-07-02T18:18:59.207-0400][gc,heap     ] GC(323) Survivor regions: 6->3(7)
[2024-07-02T18:18:59.207-0400][gc,heap     ] GC(323) Old regions: 310->313
[2024-07-02T18:18:59.207-0400][gc,heap     ] GC(323) Humongous regions: 129->129
[2024-07-02T18:18:59.207-0400][gc,metaspace] GC(323) Metaspace: 47707K(48512K)->47707K(48512K) NonClass: 42179K(42624K)->42179K(42624K) Class: 5527K(5888K)->5527K(5888K)
[2024-07-02T18:18:59.207-0400][gc          ] GC(323) Pause Young (Normal) (G1 Evacuation Pause) 488M->444M(1024M) 80,899ms
[2024-07-02T18:18:59.207-0400][gc,cpu      ] GC(323) User=0,29s Sys=0,00s Real=0,08s
[2024-07-02T18:26:11.225-0400][gc,start    ] GC(324) Pause Young (Normal) (G1 Evacuation Pause)
[2024-07-02T18:26:11.225-0400][gc,task     ] GC(324) Using 6 workers of 6 for evacuation
[2024-07-02T18:26:11.268-0400][gc,mmu      ] GC(324) MMU target violated: 21,0ms (20,0ms/21,0ms)
[2024-07-02T18:26:11.268-0400][gc,phases   ] GC(324)   Pre Evacuate Collection Set: 0,8ms
[2024-07-02T18:26:11.268-0400][gc,phases   ] GC(324)   Merge Heap Roots: 0,9ms
[2024-07-02T18:26:11.268-0400][gc,phases   ] GC(324)   Evacuate Collection Set: 35,7ms
[2024-07-02T18:26:11.268-0400][gc,phases   ] GC(324)   Post Evacuate Collection Set: 5,3ms
[2024-07-02T18:26:11.268-0400][gc,phases   ] GC(324)   Other: 0,1ms
[2024-07-02T18:26:11.268-0400][gc,heap     ] GC(324) Eden regions: 48->0(44)
[2024-07-02T18:26:11.268-0400][gc,heap     ] GC(324) Survivor regions: 3->7(7)
[2024-07-02T18:26:11.268-0400][gc,heap     ] GC(324) Old regions: 313->314
[2024-07-02T18:26:11.268-0400][gc,heap     ] GC(324) Humongous regions: 129->129
[2024-07-02T18:26:11.268-0400][gc,metaspace] GC(324) Metaspace: 47707K(48512K)->47707K(48512K) NonClass: 42179K(42624K)->42179K(42624K) Class: 5527K(5888K)->5527K(5888K)
[2024-07-02T18:26:11.268-0400][gc          ] GC(324) Pause Young (Normal) (G1 Evacuation Pause) 492M->449M(1024M) 43,027ms
[2024-07-02T18:26:11.268-0400][gc,cpu      ] GC(324) User=0,11s Sys=0,01s Real=0,05s
[2024-07-02T18:32:43.876-0400][gc,start    ] GC(325) Pause Young (Normal) (G1 Evacuation Pause)
[2024-07-02T18:32:43.876-0400][gc,task     ] GC(325) Using 6 workers of 6 for evacuation
[2024-07-02T18:32:44.006-0400][gc,mmu      ] GC(325) MMU target violated: 21,0ms (20,0ms/21,0ms)
[2024-07-02T18:32:44.006-0400][gc,phases   ] GC(325)   Pre Evacuate Collection Set: 0,4ms
[2024-07-02T18:32:44.006-0400][gc,phases   ] GC(325)   Merge Heap Roots: 0,2ms
[2024-07-02T18:32:44.006-0400][gc,phases   ] GC(325)   Evacuate Collection Set: 124,8ms
[2024-07-02T18:32:44.006-0400][gc,phases   ] GC(325)   Post Evacuate Collection Set: 4,8ms
[2024-07-02T18:32:44.006-0400][gc,phases   ] GC(325)   Other: 0,3ms
[2024-07-02T18:32:44.006-0400][gc,heap     ] GC(325) Eden regions: 44->0(45)
[2024-07-02T18:32:44.006-0400][gc,heap     ] GC(325) Survivor regions: 7->6(7)
[2024-07-02T18:32:44.006-0400][gc,heap     ] GC(325) Old regions: 314->320
[2024-07-02T18:32:44.006-0400][gc,heap     ] GC(325) Humongous regions: 129->129
[2024-07-02T18:32:44.006-0400][gc,metaspace] GC(325) Metaspace: 47707K(48512K)->47707K(48512K) NonClass: 42179K(42624K)->42179K(42624K) Class: 5527K(5888K)->5527K(5888K)
[2024-07-02T18:32:44.006-0400][gc          ] GC(325) Pause Young (Normal) (G1 Evacuation Pause) 493M->453M(1024M) 130,626ms
[2024-07-02T18:32:44.006-0400][gc,cpu      ] GC(325) User=0,35s Sys=0,19s Real=0,14s
[2024-07-02T18:39:27.211-0400][gc,start    ] GC(326) Pause Young (Normal) (G1 Evacuation Pause)
[2024-07-02T18:39:27.211-0400][gc,task     ] GC(326) Using 6 workers of 6 for evacuation
[2024-07-02T18:39:27.318-0400][gc,mmu      ] GC(326) MMU target violated: 21,0ms (20,0ms/21,0ms)
[2024-07-02T18:39:27.318-0400][gc,phases   ] GC(326)   Pre Evacuate Collection Set: 3,4ms
[2024-07-02T18:39:27.318-0400][gc,phases   ] GC(326)   Merge Heap Roots: 0,3ms
[2024-07-02T18:39:27.319-0400][gc,phases   ] GC(326)   Evacuate Collection Set: 100,9ms
[2024-07-02T18:39:27.319-0400][gc,phases   ] GC(326)   Post Evacuate Collection Set: 2,7ms
[2024-07-02T18:39:27.319-0400][gc,phases   ] GC(326)   Other: 0,1ms
[2024-07-02T18:39:27.319-0400][gc,heap     ] GC(326) Eden regions: 45->0(45)
[2024-07-02T18:39:27.319-0400][gc,heap     ] GC(326) Survivor regions: 6->6(7)
[2024-07-02T18:39:27.319-0400][gc,heap     ] GC(326) Old regions: 320->324
[2024-07-02T18:39:27.319-0400][gc,heap     ] GC(326) Humongous regions: 129->129
[2024-07-02T18:39:27.319-0400][gc,metaspace] GC(326) Metaspace: 47707K(48512K)->47707K(48512K) NonClass: 42179K(42624K)->42179K(42624K) Class: 5527K(5888K)->5527K(5888K)
[2024-07-02T18:39:27.319-0400][gc          ] GC(326) Pause Young (Normal) (G1 Evacuation Pause) 498M->458M(1024M) 107,676ms
[2024-07-02T18:39:27.319-0400][gc,cpu      ] GC(326) User=0,39s Sys=0,07s Real=0,11s
[2024-07-02T18:46:12.207-0400][gc,start    ] GC(327) Pause Young (Normal) (G1 Evacuation Pause)
[2024-07-02T18:46:12.207-0400][gc,task     ] GC(327) Using 6 workers of 6 for evacuation
[2024-07-02T18:46:12.328-0400][gc,mmu      ] GC(327) MMU target violated: 21,0ms (20,0ms/21,0ms)
[2024-07-02T18:46:12.328-0400][gc,phases   ] GC(327)   Pre Evacuate Collection Set: 1,9ms
[2024-07-02T18:46:12.328-0400][gc,phases   ] GC(327)   Merge Heap Roots: 0,1ms
[2024-07-02T18:46:12.328-0400][gc,phases   ] GC(327)   Evacuate Collection Set: 117,9ms
[2024-07-02T18:46:12.328-0400][gc,phases   ] GC(327)   Post Evacuate Collection Set: 1,1ms
[2024-07-02T18:46:12.328-0400][gc,phases   ] GC(327)   Other: 0,2ms
[2024-07-02T18:46:12.328-0400][gc,heap     ] GC(327) Eden regions: 45->0(45)
[2024-07-02T18:46:12.328-0400][gc,heap     ] GC(327) Survivor regions: 6->6(7)
[2024-07-02T18:46:12.328-0400][gc,heap     ] GC(327) Old regions: 324->329
[2024-07-02T18:46:12.328-0400][gc,heap     ] GC(327) Humongous regions: 129->129
[2024-07-02T18:46:12.328-0400][gc,metaspace] GC(327) Metaspace: 47707K(48512K)->47707K(48512K) NonClass: 42179K(42624K)->42179K(42624K) Class: 5527K(5888K)->5527K(5888K)
[2024-07-02T18:46:12.328-0400][gc          ] GC(327) Pause Young (Normal) (G1 Evacuation Pause) 503M->463M(1024M) 121,345ms
[2024-07-02T18:46:12.328-0400][gc,cpu      ] GC(327) User=0,46s Sys=0,03s Real=0,12s
[2024-07-02T18:52:56.598-0400][gc,start    ] GC(328) Pause Young (Normal) (G1 Evacuation Pause)
[2024-07-02T18:52:56.598-0400][gc,task     ] GC(328) Using 6 workers of 6 for evacuation
[2024-07-02T18:52:56.705-0400][gc,mmu      ] GC(328) MMU target violated: 21,0ms (20,0ms/21,0ms)
[2024-07-02T18:52:56.705-0400][gc,phases   ] GC(328)   Pre Evacuate Collection Set: 3,3ms
[2024-07-02T18:52:56.705-0400][gc,phases   ] GC(328)   Merge Heap Roots: 0,2ms
[2024-07-02T18:52:56.705-0400][gc,phases   ] GC(328)   Evacuate Collection Set: 101,9ms
[2024-07-02T18:52:56.705-0400][gc,phases   ] GC(328)   Post Evacuate Collection Set: 1,1ms
[2024-07-02T18:52:56.705-0400][gc,phases   ] GC(328)   Other: 0,1ms
[2024-07-02T18:52:56.705-0400][gc,heap     ] GC(328) Eden regions: 45->0(45)
[2024-07-02T18:52:56.705-0400][gc,heap     ] GC(328) Survivor regions: 6->6(7)
[2024-07-02T18:52:56.705-0400][gc,heap     ] GC(328) Old regions: 329->334
[2024-07-02T18:52:56.705-0400][gc,heap     ] GC(328) Humongous regions: 129->129
[2024-07-02T18:52:56.705-0400][gc,metaspace] GC(328) Metaspace: 47707K(48512K)->47707K(48512K) NonClass: 42179K(42624K)->42179K(42624K) Class: 5527K(5888K)->5527K(5888K)
[2024-07-02T18:52:56.705-0400][gc          ] GC(328) Pause Young (Normal) (G1 Evacuation Pause) 508M->468M(1024M) 106,664ms
[2024-07-02T18:52:56.705-0400][gc,cpu      ] GC(328) User=0,41s Sys=0,07s Real=0,10s
[2024-07-02T18:59:38.239-0400][gc,start    ] GC(329) Pause Young (Normal) (G1 Evacuation Pause)
[2024-07-02T18:59:38.239-0400][gc,task     ] GC(329) Using 6 workers of 6 for evacuation
[2024-07-02T18:59:38.352-0400][gc,mmu      ] GC(329) MMU target violated: 21,0ms (20,0ms/21,0ms)
[2024-07-02T18:59:38.352-0400][gc,phases   ] GC(329)   Pre Evacuate Collection Set: 0,7ms
[2024-07-02T18:59:38.352-0400][gc,phases   ] GC(329)   Merge Heap Roots: 4,5ms
[2024-07-02T18:59:38.352-0400][gc,phases   ] GC(329)   Evacuate Collection Set: 107,7ms
[2024-07-02T18:59:38.352-0400][gc,phases   ] GC(329)   Post Evacuate Collection Set: 0,7ms
[2024-07-02T18:59:38.352-0400][gc,phases   ] GC(329)   Other: 0,1ms
[2024-07-02T18:59:38.352-0400][gc,heap     ] GC(329) Eden regions: 45->0(44)
[2024-07-02T18:59:38.352-0400][gc,heap     ] GC(329) Survivor regions: 6->7(7)
[2024-07-02T18:59:38.352-0400][gc,heap     ] GC(329) Old regions: 334->339
[2024-07-02T18:59:38.352-0400][gc,heap     ] GC(329) Humongous regions: 129->129
[2024-07-02T18:59:38.352-0400][gc,metaspace] GC(329) Metaspace: 47707K(48512K)->47707K(48512K) NonClass: 42179K(42624K)->42179K(42624K) Class: 5527K(5888K)->5527K(5888K)
[2024-07-02T18:59:38.354-0400][gc          ] GC(329) Pause Young (Normal) (G1 Evacuation Pause) 513M->474M(1024M) 115,108ms
[2024-07-02T18:59:38.354-0400][gc,cpu      ] GC(329) User=0,38s Sys=0,08s Real=0,11s
[2024-07-02T19:06:11.687-0400][gc,start    ] GC(330) Pause Young (Normal) (G1 Evacuation Pause)
[2024-07-02T19:06:11.687-0400][gc,task     ] GC(330) Using 6 workers of 6 for evacuation
[2024-07-02T19:06:11.788-0400][gc,mmu      ] GC(330) MMU target violated: 21,0ms (20,0ms/21,0ms)
[2024-07-02T19:06:11.789-0400][gc,phases   ] GC(330)   Pre Evacuate Collection Set: 0,6ms
[2024-07-02T19:06:11.789-0400][gc,phases   ] GC(330)   Merge Heap Roots: 0,3ms
[2024-07-02T19:06:11.789-0400][gc,phases   ] GC(330)   Evacuate Collection Set: 98,7ms
[2024-07-02T19:06:11.789-0400][gc,phases   ] GC(330)   Post Evacuate Collection Set: 2,0ms
[2024-07-02T19:06:11.789-0400][gc,phases   ] GC(330)   Other: 0,2ms
[2024-07-02T19:06:11.789-0400][gc,heap     ] GC(330) Eden regions: 44->0(44)
[2024-07-02T19:06:11.789-0400][gc,heap     ] GC(330) Survivor regions: 7->7(7)
[2024-07-02T19:06:11.789-0400][gc,heap     ] GC(330) Old regions: 339->344
[2024-07-02T19:06:11.789-0400][gc,heap     ] GC(330) Humongous regions: 129->129
[2024-07-02T19:06:11.789-0400][gc,metaspace] GC(330) Metaspace: 47707K(48512K)->47707K(48512K) NonClass: 42179K(42624K)->42179K(42624K) Class: 5527K(5888K)->5527K(5888K)
[2024-07-02T19:06:11.789-0400][gc          ] GC(330) Pause Young (Normal) (G1 Evacuation Pause) 518M->479M(1024M) 102,051ms
[2024-07-02T19:06:11.789-0400][gc,cpu      ] GC(330) User=0,39s Sys=0,08s Real=0,10s
[2024-07-02T19:12:20.704-0400][gc,start    ] GC(331) Pause Young (Normal) (G1 Evacuation Pause)
[2024-07-02T19:12:20.704-0400][gc,task     ] GC(331) Using 6 workers of 6 for evacuation
[2024-07-02T19:12:20.800-0400][gc,mmu      ] GC(331) MMU target violated: 21,0ms (20,0ms/21,0ms)
[2024-07-02T19:12:20.800-0400][gc,phases   ] GC(331)   Pre Evacuate Collection Set: 0,6ms
[2024-07-02T19:12:20.800-0400][gc,phases   ] GC(331)   Merge Heap Roots: 0,2ms
[2024-07-02T19:12:20.800-0400][gc,phases   ] GC(331)   Evacuate Collection Set: 93,4ms
[2024-07-02T19:12:20.800-0400][gc,phases   ] GC(331)   Post Evacuate Collection Set: 1,4ms
[2024-07-02T19:12:20.800-0400][gc,phases   ] GC(331)   Other: 0,3ms
[2024-07-02T19:12:20.800-0400][gc,heap     ] GC(331) Eden regions: 44->0(45)
[2024-07-02T19:12:20.800-0400][gc,heap     ] GC(331) Survivor regions: 7->6(7)
[2024-07-02T19:12:20.800-0400][gc,heap     ] GC(331) Old regions: 344->349
[2024-07-02T19:12:20.800-0400][gc,heap     ] GC(331) Humongous regions: 129->129
[2024-07-02T19:12:20.800-0400][gc,metaspace] GC(331) Metaspace: 47707K(48512K)->47707K(48512K) NonClass: 42179K(42624K)->42179K(42624K) Class: 5527K(5888K)->5527K(5888K)
[2024-07-02T19:12:20.800-0400][gc          ] GC(331) Pause Young (Normal) (G1 Evacuation Pause) 523M->483M(1024M) 96,010ms
[2024-07-02T19:12:20.800-0400][gc,cpu      ] GC(331) User=0,26s Sys=0,21s Real=0,10s
[2024-07-02T19:19:02.207-0400][gc,start    ] GC(332) Pause Young (Normal) (G1 Evacuation Pause)
[2024-07-02T19:19:02.209-0400][gc,task     ] GC(332) Using 6 workers of 6 for evacuation
[2024-07-02T19:19:02.275-0400][gc,mmu      ] GC(332) MMU target violated: 21,0ms (20,0ms/21,0ms)
[2024-07-02T19:19:02.275-0400][gc,phases   ] GC(332)   Pre Evacuate Collection Set: 2,5ms
[2024-07-02T19:19:02.275-0400][gc,phases   ] GC(332)   Merge Heap Roots: 1,0ms
[2024-07-02T19:19:02.275-0400][gc,phases   ] GC(332)   Evacuate Collection Set: 61,6ms
[2024-07-02T19:19:02.275-0400][gc,phases   ] GC(332)   Post Evacuate Collection Set: 1,5ms
[2024-07-02T19:19:02.275-0400][gc,phases   ] GC(332)   Other: 2,1ms
[2024-07-02T19:19:02.275-0400][gc,heap     ] GC(332) Eden regions: 45->0(48)
[2024-07-02T19:19:02.275-0400][gc,heap     ] GC(332) Survivor regions: 6->3(7)
[2024-07-02T19:19:02.275-0400][gc,heap     ] GC(332) Old regions: 349->352
[2024-07-02T19:19:02.275-0400][gc,heap     ] GC(332) Humongous regions: 129->129
[2024-07-02T19:19:02.275-0400][gc,metaspace] GC(332) Metaspace: 47707K(48512K)->47707K(48512K) NonClass: 42179K(42624K)->42179K(42624K) Class: 5527K(5888K)->5527K(5888K)
[2024-07-02T19:19:02.275-0400][gc          ] GC(332) Pause Young (Normal) (G1 Evacuation Pause) 528M->482M(1024M) 68,885ms
[2024-07-02T19:19:02.275-0400][gc,cpu      ] GC(332) User=0,25s Sys=0,04s Real=0,06s
[2024-07-02T19:26:12.837-0400][gc,start    ] GC(333) Pause Young (Normal) (G1 Evacuation Pause)
[2024-07-02T19:26:12.837-0400][gc,task     ] GC(333) Using 6 workers of 6 for evacuation
[2024-07-02T19:26:12.861-0400][gc,mmu      ] GC(333) MMU target violated: 21,0ms (20,0ms/21,0ms)
[2024-07-02T19:26:12.861-0400][gc,phases   ] GC(333)   Pre Evacuate Collection Set: 2,3ms
[2024-07-02T19:26:12.861-0400][gc,phases   ] GC(333)   Merge Heap Roots: 1,8ms
[2024-07-02T19:26:12.861-0400][gc,phases   ] GC(333)   Evacuate Collection Set: 12,8ms
[2024-07-02T19:26:12.861-0400][gc,phases   ] GC(333)   Post Evacuate Collection Set: 6,5ms
[2024-07-02T19:26:12.861-0400][gc,phases   ] GC(333)   Other: 0,1ms
[2024-07-02T19:26:12.861-0400][gc,heap     ] GC(333) Eden regions: 48->0(44)
[2024-07-02T19:26:12.861-0400][gc,heap     ] GC(333) Survivor regions: 3->7(7)
[2024-07-02T19:26:12.861-0400][gc,heap     ] GC(333) Old regions: 352->352
[2024-07-02T19:26:12.861-0400][gc,heap     ] GC(333) Humongous regions: 129->129
[2024-07-02T19:26:12.861-0400][gc,metaspace] GC(333) Metaspace: 47707K(48512K)->47707K(48512K) NonClass: 42179K(42624K)->42179K(42624K) Class: 5527K(5888K)->5527K(5888K)
[2024-07-02T19:26:12.861-0400][gc          ] GC(333) Pause Young (Normal) (G1 Evacuation Pause) 530M->487M(1024M) 23,657ms
[2024-07-02T19:26:12.861-0400][gc,cpu      ] GC(333) User=0,03s Sys=0,02s Real=0,02s
[2024-07-02T19:32:46.373-0400][gc,start    ] GC(334) Pause Young (Normal) (G1 Evacuation Pause)
[2024-07-02T19:32:46.373-0400][gc,task     ] GC(334) Using 6 workers of 6 for evacuation
[2024-07-02T19:32:46.483-0400][gc,mmu      ] GC(334) MMU target violated: 21,0ms (20,0ms/21,0ms)
[2024-07-02T19:32:46.483-0400][gc,phases   ] GC(334)   Pre Evacuate Collection Set: 0,6ms
[2024-07-02T19:32:46.483-0400][gc,phases   ] GC(334)   Merge Heap Roots: 0,2ms
[2024-07-02T19:32:46.483-0400][gc,phases   ] GC(334)   Evacuate Collection Set: 105,3ms
[2024-07-02T19:32:46.483-0400][gc,phases   ] GC(334)   Post Evacuate Collection Set: 3,8ms
[2024-07-02T19:32:46.483-0400][gc,phases   ] GC(334)   Other: 0,2ms
[2024-07-02T19:32:46.483-0400][gc,heap     ] GC(334) Eden regions: 44->0(45)
[2024-07-02T19:32:46.483-0400][gc,heap     ] GC(334) Survivor regions: 7->6(7)
[2024-07-02T19:32:46.483-0400][gc,heap     ] GC(334) Old regions: 352->358
[2024-07-02T19:32:46.483-0400][gc,heap     ] GC(334) Humongous regions: 129->129
[2024-07-02T19:32:46.483-0400][gc,metaspace] GC(334) Metaspace: 47707K(48512K)->47707K(48512K) NonClass: 42179K(42624K)->42179K(42624K) Class: 5527K(5888K)->5527K(5888K)
[2024-07-02T19:32:46.483-0400][gc          ] GC(334) Pause Young (Normal) (G1 Evacuation Pause) 531M->492M(1024M) 110,303ms
[2024-07-02T19:32:46.483-0400][gc,cpu      ] GC(334) User=0,22s Sys=0,27s Real=0,11s
[2024-07-02T19:39:29.132-0400][gc,start    ] GC(335) Pause Young (Normal) (G1 Evacuation Pause)
[2024-07-02T19:39:29.132-0400][gc,task     ] GC(335) Using 6 workers of 6 for evacuation
[2024-07-02T19:39:29.201-0400][gc,mmu      ] GC(335) MMU target violated: 21,0ms (20,0ms/21,0ms)
[2024-07-02T19:39:29.201-0400][gc,phases   ] GC(335)   Pre Evacuate Collection Set: 0,8ms
[2024-07-02T19:39:29.201-0400][gc,phases   ] GC(335)   Merge Heap Roots: 0,5ms
[2024-07-02T19:39:29.201-0400][gc,phases   ] GC(335)   Evacuate Collection Set: 66,4ms
[2024-07-02T19:39:29.201-0400][gc,phases   ] GC(335)   Post Evacuate Collection Set: 1,6ms
[2024-07-02T19:39:29.201-0400][gc,phases   ] GC(335)   Other: 0,2ms
[2024-07-02T19:39:29.201-0400][gc,heap     ] GC(335) Eden regions: 45->0(44)
[2024-07-02T19:39:29.201-0400][gc,heap     ] GC(335) Survivor regions: 6->7(7)
[2024-07-02T19:39:29.201-0400][gc,heap     ] GC(335) Old regions: 358->363
[2024-07-02T19:39:29.201-0400][gc,heap     ] GC(335) Humongous regions: 129->129
[2024-07-02T19:39:29.201-0400][gc,metaspace] GC(335) Metaspace: 47707K(48512K)->47707K(48512K) NonClass: 42179K(42624K)->42179K(42624K) Class: 5527K(5888K)->5527K(5888K)
[2024-07-02T19:39:29.201-0400][gc          ] GC(335) Pause Young (Normal) (G1 Evacuation Pause) 537M->498M(1024M) 69,739ms
[2024-07-02T19:39:29.202-0400][gc,cpu      ] GC(335) User=0,22s Sys=0,08s Real=0,07s
[2024-07-02T19:46:03.910-0400][gc,start    ] GC(336) Pause Young (Normal) (G1 Evacuation Pause)
[2024-07-02T19:46:03.911-0400][gc,task     ] GC(336) Using 6 workers of 6 for evacuation
[2024-07-02T19:46:04.014-0400][gc,mmu      ] GC(336) MMU target violated: 21,0ms (20,0ms/21,0ms)
[2024-07-02T19:46:04.014-0400][gc,phases   ] GC(336)   Pre Evacuate Collection Set: 2,6ms
[2024-07-02T19:46:04.014-0400][gc,phases   ] GC(336)   Merge Heap Roots: 0,2ms
[2024-07-02T19:46:04.014-0400][gc,phases   ] GC(336)   Evacuate Collection Set: 99,2ms
[2024-07-02T19:46:04.014-0400][gc,phases   ] GC(336)   Post Evacuate Collection Set: 0,9ms
[2024-07-02T19:46:04.014-0400][gc,phases   ] GC(336)   Other: 0,2ms
[2024-07-02T19:46:04.014-0400][gc,heap     ] GC(336) Eden regions: 44->0(44)
[2024-07-02T19:46:04.014-0400][gc,heap     ] GC(336) Survivor regions: 7->7(7)
[2024-07-02T19:46:04.014-0400][gc,heap     ] GC(336) Old regions: 363->368
[2024-07-02T19:46:04.014-0400][gc,heap     ] GC(336) Humongous regions: 129->129
[2024-07-02T19:46:04.014-0400][gc,metaspace] GC(336) Metaspace: 47707K(48512K)->47707K(48512K) NonClass: 42179K(42624K)->42179K(42624K) Class: 5527K(5888K)->5527K(5888K)
[2024-07-02T19:46:04.014-0400][gc          ] GC(336) Pause Young (Normal) (G1 Evacuation Pause) 542M->503M(1024M) 103,293ms
[2024-07-02T19:46:04.014-0400][gc,cpu      ] GC(336) User=0,35s Sys=0,10s Real=0,10s
[2024-07-02T19:52:36.893-0400][gc,start    ] GC(337) Pause Young (Normal) (G1 Evacuation Pause)
[2024-07-02T19:52:36.893-0400][gc,task     ] GC(337) Using 6 workers of 6 for evacuation
[2024-07-02T19:52:37.003-0400][gc,mmu      ] GC(337) MMU target violated: 21,0ms (20,0ms/21,0ms)
[2024-07-02T19:52:37.003-0400][gc,phases   ] GC(337)   Pre Evacuate Collection Set: 0,3ms
[2024-07-02T19:52:37.003-0400][gc,phases   ] GC(337)   Merge Heap Roots: 0,4ms
[2024-07-02T19:52:37.003-0400][gc,phases   ] GC(337)   Evacuate Collection Set: 106,9ms
[2024-07-02T19:52:37.003-0400][gc,phases   ] GC(337)   Post Evacuate Collection Set: 2,2ms
[2024-07-02T19:52:37.003-0400][gc,phases   ] GC(337)   Other: 0,1ms
[2024-07-02T19:52:37.003-0400][gc,heap     ] GC(337) Eden regions: 44->0(45)
[2024-07-02T19:52:37.003-0400][gc,heap     ] GC(337) Survivor regions: 7->6(7)
[2024-07-02T19:52:37.003-0400][gc,heap     ] GC(337) Old regions: 368->373
[2024-07-02T19:52:37.003-0400][gc,heap     ] GC(337) Humongous regions: 129->129
[2024-07-02T19:52:37.003-0400][gc,metaspace] GC(337) Metaspace: 47707K(48512K)->47707K(48512K) NonClass: 42179K(42624K)->42179K(42624K) Class: 5527K(5888K)->5527K(5888K)
[2024-07-02T19:52:37.003-0400][gc          ] GC(337) Pause Young (Normal) (G1 Evacuation Pause) 547M->506M(1024M) 110,182ms
[2024-07-02T19:52:37.004-0400][gc,cpu      ] GC(337) User=0,33s Sys=0,21s Real=0,11s
[2024-07-15T18:04:55.971-0400][gc,start    ] GC(338) Pause Young (Normal) (G1 Evacuation Pause)
[2024-07-15T18:04:55.979-0400][gc,task     ] GC(338) Using 6 workers of 6 for evacuation
[2024-07-15T18:04:56.049-0400][gc,mmu      ] GC(338) MMU target violated: 21,0ms (20,0ms/21,0ms)
[2024-07-15T18:04:56.049-0400][gc,phases   ] GC(338)   Pre Evacuate Collection Set: 9,0ms
[2024-07-15T18:04:56.049-0400][gc,phases   ] GC(338)   Merge Heap Roots: 0,8ms
[2024-07-15T18:04:56.049-0400][gc,phases   ] GC(338)   Evacuate Collection Set: 56,4ms
[2024-07-15T18:04:56.049-0400][gc,phases   ] GC(338)   Post Evacuate Collection Set: 3,5ms
[2024-07-15T18:04:56.049-0400][gc,phases   ] GC(338)   Other: 1,1ms
[2024-07-15T18:04:56.049-0400][gc,heap     ] GC(338) Eden regions: 45->0(45)
[2024-07-15T18:04:56.050-0400][gc,heap     ] GC(338) Survivor regions: 6->6(7)
[2024-07-15T18:04:56.050-0400][gc,heap     ] GC(338) Old regions: 373->378
[2024-07-15T18:04:56.050-0400][gc,heap     ] GC(338) Humongous regions: 129->129
[2024-07-15T18:04:56.050-0400][gc,metaspace] GC(338) Metaspace: 47707K(48512K)->47707K(48512K) NonClass: 42179K(42624K)->42179K(42624K) Class: 5527K(5888K)->5527K(5888K)
[2024-07-15T18:04:56.050-0400][gc          ] GC(338) Pause Young (Normal) (G1 Evacuation Pause) 551M->512M(1024M) 78,248ms
[2024-07-15T18:04:56.050-0400][gc,cpu      ] GC(338) User=0,15s Sys=0,03s Real=0,08s
[2024-07-15T18:12:25.909-0400][gc,start    ] GC(339) Pause Young (Normal) (G1 Evacuation Pause)
[2024-07-15T18:12:25.947-0400][gc,task     ] GC(339) Using 6 workers of 6 for evacuation
[2024-07-15T18:12:26.219-0400][gc,mmu      ] GC(339) MMU target violated: 21,0ms (20,0ms/21,0ms)
[2024-07-15T18:12:26.232-0400][gc,phases   ] GC(339)   Pre Evacuate Collection Set: 1,7ms
[2024-07-15T18:12:26.232-0400][gc,phases   ] GC(339)   Merge Heap Roots: 0,2ms
[2024-07-15T18:12:26.232-0400][gc,phases   ] GC(339)   Evacuate Collection Set: 241,7ms
[2024-07-15T18:12:26.232-0400][gc,phases   ] GC(339)   Post Evacuate Collection Set: 28,5ms
[2024-07-15T18:12:26.232-0400][gc,phases   ] GC(339)   Other: 14,5ms
[2024-07-15T18:12:26.233-0400][gc,heap     ] GC(339) Eden regions: 45->0(49)
[2024-07-15T18:12:26.233-0400][gc,heap     ] GC(339) Survivor regions: 6->2(7)
[2024-07-15T18:12:26.233-0400][gc,heap     ] GC(339) Old regions: 378->383
[2024-07-15T18:12:26.233-0400][gc,heap     ] GC(339) Humongous regions: 129->129
[2024-07-15T18:12:26.233-0400][gc,metaspace] GC(339) Metaspace: 47752K(48512K)->47752K(48512K) NonClass: 42214K(42624K)->42214K(42624K) Class: 5538K(5888K)->5538K(5888K)
[2024-07-15T18:12:26.233-0400][gc          ] GC(339) Pause Young (Normal) (G1 Evacuation Pause) 557M->513M(1024M) 323,603ms
[2024-07-15T18:12:26.233-0400][gc,cpu      ] GC(339) User=0,11s Sys=0,08s Real=0,32s
[2024-07-15T18:19:17.144-0400][gc,start    ] GC(340) Pause Young (Normal) (G1 Evacuation Pause)
[2024-07-15T18:19:17.149-0400][gc,task     ] GC(340) Using 6 workers of 6 for evacuation
[2024-07-15T18:19:17.175-0400][gc,mmu      ] GC(340) MMU target violated: 21,0ms (20,0ms/21,0ms)
[2024-07-15T18:19:17.176-0400][gc,phases   ] GC(340)   Pre Evacuate Collection Set: 1,0ms
[2024-07-15T18:19:17.176-0400][gc,phases   ] GC(340)   Merge Heap Roots: 0,8ms
[2024-07-15T18:19:17.176-0400][gc,phases   ] GC(340)   Evacuate Collection Set: 22,3ms
[2024-07-15T18:19:17.176-0400][gc,phases   ] GC(340)   Post Evacuate Collection Set: 2,1ms
[2024-07-15T18:19:17.176-0400][gc,phases   ] GC(340)   Other: 0,3ms
[2024-07-15T18:19:17.176-0400][gc,heap     ] GC(340) Eden regions: 49->0(47)
[2024-07-15T18:19:17.176-0400][gc,heap     ] GC(340) Survivor regions: 2->4(7)
[2024-07-15T18:19:17.176-0400][gc,heap     ] GC(340) Old regions: 383->383
[2024-07-15T18:19:17.176-0400][gc,heap     ] GC(340) Humongous regions: 129->129
[2024-07-15T18:19:17.176-0400][gc,metaspace] GC(340) Metaspace: 47790K(48576K)->47790K(48576K) NonClass: 42251K(42688K)->42251K(42688K) Class: 5538K(5888K)->5538K(5888K)
[2024-07-15T18:19:17.176-0400][gc          ] GC(340) Pause Young (Normal) (G1 Evacuation Pause) 562M->515M(1024M) 31,807ms
[2024-07-15T18:19:17.176-0400][gc,cpu      ] GC(340) User=0,06s Sys=0,00s Real=0,03s
[2024-07-15T18:26:18.219-0400][gc,start    ] GC(341) Pause Young (Normal) (G1 Evacuation Pause)
[2024-07-15T18:26:18.222-0400][gc,task     ] GC(341) Using 6 workers of 6 for evacuation
[2024-07-15T18:26:18.271-0400][gc,mmu      ] GC(341) MMU target violated: 21,0ms (20,0ms/21,0ms)
[2024-07-15T18:26:18.271-0400][gc,phases   ] GC(341)   Pre Evacuate Collection Set: 4,3ms
[2024-07-15T18:26:18.271-0400][gc,phases   ] GC(341)   Merge Heap Roots: 0,6ms
[2024-07-15T18:26:18.271-0400][gc,phases   ] GC(341)   Evacuate Collection Set: 41,4ms
[2024-07-15T18:26:18.271-0400][gc,phases   ] GC(341)   Post Evacuate Collection Set: 2,3ms
[2024-07-15T18:26:18.271-0400][gc,phases   ] GC(341)   Other: 0,8ms
[2024-07-15T18:26:18.271-0400][gc,heap     ] GC(341) Eden regions: 47->0(46)
[2024-07-15T18:26:18.271-0400][gc,heap     ] GC(341) Survivor regions: 4->5(7)
[2024-07-15T18:26:18.271-0400][gc,heap     ] GC(341) Old regions: 383->383
[2024-07-15T18:26:18.271-0400][gc,heap     ] GC(341) Humongous regions: 129->129
[2024-07-15T18:26:18.271-0400][gc,metaspace] GC(341) Metaspace: 47790K(48576K)->47790K(48576K) NonClass: 42251K(42688K)->42251K(42688K) Class: 5538K(5888K)->5538K(5888K)
[2024-07-15T18:26:18.272-0400][gc          ] GC(341) Pause Young (Normal) (G1 Evacuation Pause) 562M->516M(1024M) 52,451ms
[2024-07-15T18:26:18.272-0400][gc,cpu      ] GC(341) User=0,10s Sys=0,00s Real=0,05s
[2024-07-15T18:33:09.382-0400][gc,start    ] GC(342) Pause Young (Normal) (G1 Evacuation Pause)
[2024-07-15T18:33:09.383-0400][gc,task     ] GC(342) Using 6 workers of 6 for evacuation
[2024-07-15T18:33:09.424-0400][gc,mmu      ] GC(342) MMU target violated: 21,0ms (20,0ms/21,0ms)
[2024-07-15T18:33:09.424-0400][gc,phases   ] GC(342)   Pre Evacuate Collection Set: 1,4ms
[2024-07-15T18:33:09.424-0400][gc,phases   ] GC(342)   Merge Heap Roots: 0,3ms
[2024-07-15T18:33:09.425-0400][gc,phases   ] GC(342)   Evacuate Collection Set: 33,2ms
[2024-07-15T18:33:09.425-0400][gc,phases   ] GC(342)   Post Evacuate Collection Set: 5,7ms
[2024-07-15T18:33:09.425-0400][gc,phases   ] GC(342)   Other: 0,7ms
[2024-07-15T18:33:09.425-0400][gc,heap     ] GC(342) Eden regions: 46->0(48)
[2024-07-15T18:33:09.425-0400][gc,heap     ] GC(342) Survivor regions: 5->3(7)
[2024-07-15T18:33:09.425-0400][gc,heap     ] GC(342) Old regions: 383->384
[2024-07-15T18:33:09.425-0400][gc,heap     ] GC(342) Humongous regions: 129->129
[2024-07-15T18:33:09.425-0400][gc,metaspace] GC(342) Metaspace: 47790K(48576K)->47790K(48576K) NonClass: 42251K(42688K)->42251K(42688K) Class: 5538K(5888K)->5538K(5888K)
[2024-07-15T18:33:09.425-0400][gc          ] GC(342) Pause Young (Normal) (G1 Evacuation Pause) 562M->515M(1024M) 42,401ms
[2024-07-15T18:33:09.425-0400][gc,cpu      ] GC(342) User=0,04s Sys=0,01s Real=0,04s
[2024-07-16T10:26:55.286-0400][gc,start    ] GC(343) Pause Young (Normal) (G1 Evacuation Pause)
[2024-07-16T10:26:55.286-0400][gc,task     ] GC(343) Using 6 workers of 6 for evacuation
[2024-07-16T10:26:55.304-0400][gc,phases   ] GC(343)   Pre Evacuate Collection Set: 2,2ms
[2024-07-16T10:26:55.304-0400][gc,phases   ] GC(343)   Merge Heap Roots: 0,3ms
[2024-07-16T10:26:55.304-0400][gc,phases   ] GC(343)   Evacuate Collection Set: 14,5ms
[2024-07-16T10:26:55.304-0400][gc,phases   ] GC(343)   Post Evacuate Collection Set: 0,9ms
[2024-07-16T10:26:55.304-0400][gc,phases   ] GC(343)   Other: 0,1ms
[2024-07-16T10:26:55.304-0400][gc,heap     ] GC(343) Eden regions: 48->0(47)
[2024-07-16T10:26:55.304-0400][gc,heap     ] GC(343) Survivor regions: 3->4(7)
[2024-07-16T10:26:55.304-0400][gc,heap     ] GC(343) Old regions: 384->384
[2024-07-16T10:26:55.304-0400][gc,heap     ] GC(343) Humongous regions: 129->129
[2024-07-16T10:26:55.304-0400][gc,metaspace] GC(343) Metaspace: 47790K(48576K)->47790K(48576K) NonClass: 42251K(42688K)->42251K(42688K) Class: 5538K(5888K)->5538K(5888K)
[2024-07-16T10:26:55.304-0400][gc          ] GC(343) Pause Young (Normal) (G1 Evacuation Pause) 563M->515M(1024M) 18,281ms
[2024-07-16T10:26:55.304-0400][gc,cpu      ] GC(343) User=0,02s Sys=0,01s Real=0,01s
[2024-07-16T10:34:27.729-0400][gc,start    ] GC(344) Pause Young (Normal) (G1 Evacuation Pause)
[2024-07-16T10:34:27.735-0400][gc,task     ] GC(344) Using 6 workers of 6 for evacuation
[2024-07-16T10:34:27.743-0400][gc,phases   ] GC(344)   Pre Evacuate Collection Set: 0,9ms
[2024-07-16T10:34:27.743-0400][gc,phases   ] GC(344)   Merge Heap Roots: 0,2ms
[2024-07-16T10:34:27.743-0400][gc,phases   ] GC(344)   Evacuate Collection Set: 4,5ms
[2024-07-16T10:34:27.743-0400][gc,phases   ] GC(344)   Post Evacuate Collection Set: 1,7ms
[2024-07-16T10:34:27.743-0400][gc,phases   ] GC(344)   Other: 0,1ms
[2024-07-16T10:34:27.743-0400][gc,heap     ] GC(344) Eden regions: 47->0(48)
[2024-07-16T10:34:27.743-0400][gc,heap     ] GC(344) Survivor regions: 4->3(7)
[2024-07-16T10:34:27.743-0400][gc,heap     ] GC(344) Old regions: 384->384
[2024-07-16T10:34:27.743-0400][gc,heap     ] GC(344) Humongous regions: 129->129
[2024-07-16T10:34:27.743-0400][gc,metaspace] GC(344) Metaspace: 47790K(48576K)->47790K(48576K) NonClass: 42251K(42688K)->42251K(42688K) Class: 5538K(5888K)->5538K(5888K)
[2024-07-16T10:34:27.743-0400][gc          ] GC(344) Pause Young (Normal) (G1 Evacuation Pause) 562M->515M(1024M) 14,000ms
[2024-07-16T10:34:27.743-0400][gc,cpu      ] GC(344) User=0,01s Sys=0,00s Real=0,01s
[2024-07-16T10:42:10.940-0400][gc,start    ] GC(345) Pause Young (Normal) (G1 Evacuation Pause)
[2024-07-16T10:42:10.940-0400][gc,task     ] GC(345) Using 6 workers of 6 for evacuation
[2024-07-16T10:42:10.950-0400][gc,phases   ] GC(345)   Pre Evacuate Collection Set: 3,4ms
[2024-07-16T10:42:10.950-0400][gc,phases   ] GC(345)   Merge Heap Roots: 0,1ms
[2024-07-16T10:42:10.950-0400][gc,phases   ] GC(345)   Evacuate Collection Set: 3,8ms
[2024-07-16T10:42:10.950-0400][gc,phases   ] GC(345)   Post Evacuate Collection Set: 2,3ms
[2024-07-16T10:42:10.950-0400][gc,phases   ] GC(345)   Other: 0,1ms
[2024-07-16T10:42:10.950-0400][gc,heap     ] GC(345) Eden regions: 48->0(49)
[2024-07-16T10:42:10.950-0400][gc,heap     ] GC(345) Survivor regions: 3->2(7)
[2024-07-16T10:42:10.950-0400][gc,heap     ] GC(345) Old regions: 384->384
[2024-07-16T10:42:10.950-0400][gc,heap     ] GC(345) Humongous regions: 129->129
[2024-07-16T10:42:10.950-0400][gc,metaspace] GC(345) Metaspace: 47790K(48576K)->47790K(48576K) NonClass: 42251K(42688K)->42251K(42688K) Class: 5538K(5888K)->5538K(5888K)
[2024-07-16T10:42:10.950-0400][gc          ] GC(345) Pause Young (Normal) (G1 Evacuation Pause) 563M->514M(1024M) 10,110ms
[2024-07-16T10:42:10.950-0400][gc,cpu      ] GC(345) User=0,02s Sys=0,00s Real=0,01s
[2024-07-16T10:50:04.346-0400][gc,start    ] GC(346) Pause Young (Normal) (G1 Evacuation Pause)
[2024-07-16T10:50:04.346-0400][gc,task     ] GC(346) Using 6 workers of 6 for evacuation
[2024-07-16T10:50:04.352-0400][gc,phases   ] GC(346)   Pre Evacuate Collection Set: 0,6ms
[2024-07-16T10:50:04.353-0400][gc,phases   ] GC(346)   Merge Heap Roots: 0,2ms
[2024-07-16T10:50:04.353-0400][gc,phases   ] GC(346)   Evacuate Collection Set: 4,1ms
[2024-07-16T10:50:04.353-0400][gc,phases   ] GC(346)   Post Evacuate Collection Set: 1,1ms
[2024-07-16T10:50:04.353-0400][gc,phases   ] GC(346)   Other: 0,1ms
[2024-07-16T10:50:04.353-0400][gc,heap     ] GC(346) Eden regions: 49->0(47)
[2024-07-16T10:50:04.353-0400][gc,heap     ] GC(346) Survivor regions: 2->4(7)
[2024-07-16T10:50:04.353-0400][gc,heap     ] GC(346) Old regions: 384->384
[2024-07-16T10:50:04.353-0400][gc,heap     ] GC(346) Humongous regions: 129->129
[2024-07-16T10:50:04.353-0400][gc,metaspace] GC(346) Metaspace: 47790K(48576K)->47790K(48576K) NonClass: 42251K(42688K)->42251K(42688K) Class: 5538K(5888K)->5538K(5888K)
[2024-07-16T10:50:04.353-0400][gc          ] GC(346) Pause Young (Normal) (G1 Evacuation Pause) 563M->515M(1024M) 6,362ms
[2024-07-16T10:50:04.353-0400][gc,cpu      ] GC(346) User=0,02s Sys=0,00s Real=0,00s
[2024-07-16T10:57:35.900-0400][gc,start    ] GC(347) Pause Young (Normal) (G1 Evacuation Pause)
[2024-07-16T10:57:35.900-0400][gc,task     ] GC(347) Using 6 workers of 6 for evacuation
[2024-07-16T10:57:35.907-0400][gc,phases   ] GC(347)   Pre Evacuate Collection Set: 1,1ms
[2024-07-16T10:57:35.907-0400][gc,phases   ] GC(347)   Merge Heap Roots: 0,3ms
[2024-07-16T10:57:35.907-0400][gc,phases   ] GC(347)   Evacuate Collection Set: 4,5ms
[2024-07-16T10:57:35.908-0400][gc,phases   ] GC(347)   Post Evacuate Collection Set: 1,3ms
[2024-07-16T10:57:35.908-0400][gc,phases   ] GC(347)   Other: 0,1ms
[2024-07-16T10:57:35.908-0400][gc,heap     ] GC(347) Eden regions: 47->0(48)
[2024-07-16T10:57:35.908-0400][gc,heap     ] GC(347) Survivor regions: 4->3(7)
[2024-07-16T10:57:35.908-0400][gc,heap     ] GC(347) Old regions: 384->384
[2024-07-16T10:57:35.908-0400][gc,heap     ] GC(347) Humongous regions: 129->129
[2024-07-16T10:57:35.908-0400][gc,metaspace] GC(347) Metaspace: 47790K(48576K)->47790K(48576K) NonClass: 42251K(42688K)->42251K(42688K) Class: 5538K(5888K)->5538K(5888K)
[2024-07-16T10:57:35.908-0400][gc          ] GC(347) Pause Young (Normal) (G1 Evacuation Pause) 562M->514M(1024M) 7,690ms
[2024-07-16T10:57:35.908-0400][gc,cpu      ] GC(347) User=0,01s Sys=0,01s Real=0,01s
[2024-07-16T11:04:49.361-0400][gc,start    ] GC(348) Pause Young (Normal) (G1 Evacuation Pause)
[2024-07-16T11:04:49.361-0400][gc,task     ] GC(348) Using 6 workers of 6 for evacuation
[2024-07-16T11:04:49.388-0400][gc,mmu      ] GC(348) MMU target violated: 21,0ms (20,0ms/21,0ms)
[2024-07-16T11:04:49.388-0400][gc,phases   ] GC(348)   Pre Evacuate Collection Set: 0,8ms
[2024-07-16T11:04:49.388-0400][gc,phases   ] GC(348)   Merge Heap Roots: 0,2ms
[2024-07-16T11:04:49.388-0400][gc,phases   ] GC(348)   Evacuate Collection Set: 18,3ms
[2024-07-16T11:04:49.388-0400][gc,phases   ] GC(348)   Post Evacuate Collection Set: 7,5ms
[2024-07-16T11:04:49.388-0400][gc,phases   ] GC(348)   Other: 0,1ms
[2024-07-16T11:04:49.388-0400][gc,heap     ] GC(348) Eden regions: 48->0(48)
[2024-07-16T11:04:49.388-0400][gc,heap     ] GC(348) Survivor regions: 3->3(7)
[2024-07-16T11:04:49.388-0400][gc,heap     ] GC(348) Old regions: 384->384
[2024-07-16T11:04:49.388-0400][gc,heap     ] GC(348) Humongous regions: 129->129
[2024-07-16T11:04:49.388-0400][gc,metaspace] GC(348) Metaspace: 47790K(48576K)->47790K(48576K) NonClass: 42251K(42688K)->42251K(42688K) Class: 5538K(5888K)->5538K(5888K)
[2024-07-16T11:04:49.388-0400][gc          ] GC(348) Pause Young (Normal) (G1 Evacuation Pause) 562M->515M(1024M) 26,913ms
[2024-07-16T11:04:49.388-0400][gc,cpu      ] GC(348) User=0,03s Sys=0,02s Real=0,03s
[2024-07-16T11:11:57.763-0400][gc,start    ] GC(349) Pause Young (Normal) (G1 Evacuation Pause)
[2024-07-16T11:11:57.763-0400][gc,task     ] GC(349) Using 6 workers of 6 for evacuation
[2024-07-16T11:11:57.776-0400][gc,phases   ] GC(349)   Pre Evacuate Collection Set: 0,7ms
[2024-07-16T11:11:57.776-0400][gc,phases   ] GC(349)   Merge Heap Roots: 0,2ms
[2024-07-16T11:11:57.776-0400][gc,phases   ] GC(349)   Evacuate Collection Set: 10,4ms
[2024-07-16T11:11:57.776-0400][gc,phases   ] GC(349)   Post Evacuate Collection Set: 1,2ms
[2024-07-16T11:11:57.776-0400][gc,phases   ] GC(349)   Other: 0,1ms
[2024-07-16T11:11:57.776-0400][gc,heap     ] GC(349) Eden regions: 48->0(159)
[2024-07-16T11:11:57.776-0400][gc,heap     ] GC(349) Survivor regions: 3->3(7)
[2024-07-16T11:11:57.776-0400][gc,heap     ] GC(349) Old regions: 384->384
[2024-07-16T11:11:57.776-0400][gc,heap     ] GC(349) Humongous regions: 129->129
[2024-07-16T11:11:57.776-0400][gc,metaspace] GC(349) Metaspace: 47790K(48576K)->47790K(48576K) NonClass: 42251K(42688K)->42251K(42688K) Class: 5538K(5888K)->5538K(5888K)
[2024-07-16T11:11:57.776-0400][gc          ] GC(349) Pause Young (Normal) (G1 Evacuation Pause) 563M->515M(1024M) 12,813ms
[2024-07-16T11:11:57.776-0400][gc,cpu      ] GC(349) User=0,01s Sys=0,01s Real=0,02s
[2024-07-16T11:37:34.319-0400][gc,start    ] GC(350) Pause Young (Normal) (G1 Evacuation Pause)
[2024-07-16T11:37:34.319-0400][gc,task     ] GC(350) Using 6 workers of 6 for evacuation
[2024-07-16T11:37:34.372-0400][gc,mmu      ] GC(350) MMU target violated: 21,0ms (20,0ms/21,0ms)
[2024-07-16T11:37:34.372-0400][gc,phases   ] GC(350)   Pre Evacuate Collection Set: 0,6ms
[2024-07-16T11:37:34.372-0400][gc,phases   ] GC(350)   Merge Heap Roots: 0,9ms
[2024-07-16T11:37:34.372-0400][gc,phases   ] GC(350)   Evacuate Collection Set: 49,9ms
[2024-07-16T11:37:34.372-0400][gc,phases   ] GC(350)   Post Evacuate Collection Set: 1,4ms
[2024-07-16T11:37:34.372-0400][gc,phases   ] GC(350)   Other: 0,3ms
[2024-07-16T11:37:34.372-0400][gc,heap     ] GC(350) Eden regions: 171->0(48)
[2024-07-16T11:37:34.372-0400][gc,heap     ] GC(350) Survivor regions: 3->3(22)
[2024-07-16T11:37:34.372-0400][gc,heap     ] GC(350) Old regions: 384->384
[2024-07-16T11:37:34.372-0400][gc,heap     ] GC(350) Humongous regions: 129->129
[2024-07-16T11:37:34.372-0400][gc,metaspace] GC(350) Metaspace: 47790K(48576K)->47790K(48576K) NonClass: 42251K(42688K)->42251K(42688K) Class: 5538K(5888K)->5538K(5888K)
[2024-07-16T11:37:34.372-0400][gc          ] GC(350) Pause Young (Normal) (G1 Evacuation Pause) 686M->515M(1024M) 53,138ms
[2024-07-16T11:37:34.372-0400][gc,cpu      ] GC(350) User=0,25s Sys=0,00s Real=0,05s
[2024-07-16T11:44:40.385-0400][gc,start    ] GC(351) Pause Young (Normal) (G1 Evacuation Pause)
[2024-07-16T11:44:40.385-0400][gc,task     ] GC(351) Using 6 workers of 6 for evacuation
[2024-07-16T11:44:40.397-0400][gc,phases   ] GC(351)   Pre Evacuate Collection Set: 0,6ms
[2024-07-16T11:44:40.397-0400][gc,phases   ] GC(351)   Merge Heap Roots: 0,4ms
[2024-07-16T11:44:40.397-0400][gc,phases   ] GC(351)   Evacuate Collection Set: 8,5ms
[2024-07-16T11:44:40.397-0400][gc,phases   ] GC(351)   Post Evacuate Collection Set: 2,5ms
[2024-07-16T11:44:40.397-0400][gc,phases   ] GC(351)   Other: 0,1ms
[2024-07-16T11:44:40.397-0400][gc,heap     ] GC(351) Eden regions: 48->0(48)
[2024-07-16T11:44:40.397-0400][gc,heap     ] GC(351) Survivor regions: 3->3(7)
[2024-07-16T11:44:40.397-0400][gc,heap     ] GC(351) Old regions: 384->384
[2024-07-16T11:44:40.397-0400][gc,heap     ] GC(351) Humongous regions: 129->129
[2024-07-16T11:44:40.397-0400][gc,metaspace] GC(351) Metaspace: 47790K(48576K)->47790K(48576K) NonClass: 42251K(42688K)->42251K(42688K) Class: 5538K(5888K)->5538K(5888K)
[2024-07-16T11:44:40.397-0400][gc          ] GC(351) Pause Young (Normal) (G1 Evacuation Pause) 563M->515M(1024M) 12,285ms
[2024-07-16T11:44:40.397-0400][gc,cpu      ] GC(351) User=0,01s Sys=0,02s Real=0,01s
[2024-07-16T11:51:48.580-0400][gc,start    ] GC(352) Pause Young (Normal) (G1 Evacuation Pause)
[2024-07-16T11:51:48.580-0400][gc,task     ] GC(352) Using 6 workers of 6 for evacuation
[2024-07-16T11:51:48.588-0400][gc,phases   ] GC(352)   Pre Evacuate Collection Set: 0,8ms
[2024-07-16T11:51:48.588-0400][gc,phases   ] GC(352)   Merge Heap Roots: 0,3ms
[2024-07-16T11:51:48.588-0400][gc,phases   ] GC(352)   Evacuate Collection Set: 4,8ms
[2024-07-16T11:51:48.588-0400][gc,phases   ] GC(352)   Post Evacuate Collection Set: 1,2ms
[2024-07-16T11:51:48.588-0400][gc,phases   ] GC(352)   Other: 0,3ms
[2024-07-16T11:51:48.588-0400][gc,heap     ] GC(352) Eden regions: 48->0(48)
[2024-07-16T11:51:48.588-0400][gc,heap     ] GC(352) Survivor regions: 3->3(7)
[2024-07-16T11:51:48.588-0400][gc,heap     ] GC(352) Old regions: 384->384
[2024-07-16T11:51:48.588-0400][gc,heap     ] GC(352) Humongous regions: 129->129
[2024-07-16T11:51:48.588-0400][gc,metaspace] GC(352) Metaspace: 47790K(48576K)->47790K(48576K) NonClass: 42251K(42688K)->42251K(42688K) Class: 5538K(5888K)->5538K(5888K)
[2024-07-16T11:51:48.588-0400][gc          ] GC(352) Pause Young (Normal) (G1 Evacuation Pause) 563M->515M(1024M) 7,481ms
[2024-07-16T11:51:48.588-0400][gc,cpu      ] GC(352) User=0,01s Sys=0,01s Real=0,01s
[2024-07-16T11:58:58.376-0400][gc,start    ] GC(353) Pause Young (Normal) (G1 Evacuation Pause)
[2024-07-16T11:58:58.376-0400][gc,task     ] GC(353) Using 6 workers of 6 for evacuation
[2024-07-16T11:58:58.389-0400][gc,phases   ] GC(353)   Pre Evacuate Collection Set: 0,9ms
[2024-07-16T11:58:58.389-0400][gc,phases   ] GC(353)   Merge Heap Roots: 1,0ms
[2024-07-16T11:58:58.389-0400][gc,phases   ] GC(353)   Evacuate Collection Set: 9,2ms
[2024-07-16T11:58:58.389-0400][gc,phases   ] GC(353)   Post Evacuate Collection Set: 1,3ms
[2024-07-16T11:58:58.389-0400][gc,phases   ] GC(353)   Other: 0,1ms
[2024-07-16T11:58:58.389-0400][gc,heap     ] GC(353) Eden regions: 48->0(48)
[2024-07-16T11:58:58.389-0400][gc,heap     ] GC(353) Survivor regions: 3->3(7)
[2024-07-16T11:58:58.389-0400][gc,heap     ] GC(353) Old regions: 384->384
[2024-07-16T11:58:58.389-0400][gc,heap     ] GC(353) Humongous regions: 129->129
[2024-07-16T11:58:58.389-0400][gc,metaspace] GC(353) Metaspace: 47790K(48576K)->47790K(48576K) NonClass: 42251K(42688K)->42251K(42688K) Class: 5538K(5888K)->5538K(5888K)
[2024-07-16T11:58:58.389-0400][gc          ] GC(353) Pause Young (Normal) (G1 Evacuation Pause) 563M->515M(1024M) 12,701ms
[2024-07-16T11:58:58.389-0400][gc,cpu      ] GC(353) User=0,00s Sys=0,02s Real=0,01s
[2024-07-16T12:05:43.316-0400][gc,start    ] GC(354) Pause Young (Normal) (G1 Evacuation Pause)
[2024-07-16T12:05:43.316-0400][gc,task     ] GC(354) Using 6 workers of 6 for evacuation
[2024-07-16T12:05:43.334-0400][gc,phases   ] GC(354)   Pre Evacuate Collection Set: 1,2ms
[2024-07-16T12:05:43.334-0400][gc,phases   ] GC(354)   Merge Heap Roots: 4,8ms
[2024-07-16T12:05:43.334-0400][gc,phases   ] GC(354)   Evacuate Collection Set: 11,3ms
[2024-07-16T12:05:43.334-0400][gc,phases   ] GC(354)   Post Evacuate Collection Set: 1,1ms
[2024-07-16T12:05:43.334-0400][gc,phases   ] GC(354)   Other: 0,1ms
[2024-07-16T12:05:43.334-0400][gc,heap     ] GC(354) Eden regions: 48->0(99)
[2024-07-16T12:05:43.334-0400][gc,heap     ] GC(354) Survivor regions: 3->4(7)
[2024-07-16T12:05:43.334-0400][gc,heap     ] GC(354) Old regions: 384->384
[2024-07-16T12:05:43.334-0400][gc,heap     ] GC(354) Humongous regions: 129->129
[2024-07-16T12:05:43.334-0400][gc,metaspace] GC(354) Metaspace: 47790K(48576K)->47790K(48576K) NonClass: 42251K(42688K)->42251K(42688K) Class: 5538K(5888K)->5538K(5888K)
[2024-07-16T12:05:43.334-0400][gc          ] GC(354) Pause Young (Normal) (G1 Evacuation Pause) 563M->515M(1024M) 18,700ms
[2024-07-16T12:05:43.334-0400][gc,cpu      ] GC(354) User=0,02s Sys=0,02s Real=0,01s
[2024-07-16T12:21:24.309-0400][gc,start    ] GC(355) Pause Young (Normal) (G1 Evacuation Pause)
[2024-07-16T12:21:24.309-0400][gc,task     ] GC(355) Using 6 workers of 6 for evacuation
[2024-07-16T12:21:24.317-0400][gc,phases   ] GC(355)   Pre Evacuate Collection Set: 0,6ms
[2024-07-16T12:21:24.317-0400][gc,phases   ] GC(355)   Merge Heap Roots: 0,3ms
[2024-07-16T12:21:24.317-0400][gc,phases   ] GC(355)   Evacuate Collection Set: 5,5ms
[2024-07-16T12:21:24.317-0400][gc,phases   ] GC(355)   Post Evacuate Collection Set: 1,3ms
[2024-07-16T12:21:24.317-0400][gc,phases   ] GC(355)   Other: 0,1ms
[2024-07-16T12:21:24.317-0400][gc,heap     ] GC(355) Eden regions: 105->0(453)
[2024-07-16T12:21:24.317-0400][gc,heap     ] GC(355) Survivor regions: 4->3(14)
[2024-07-16T12:21:24.317-0400][gc,heap     ] GC(355) Old regions: 384->384
[2024-07-16T12:21:24.317-0400][gc,heap     ] GC(355) Humongous regions: 129->129
[2024-07-16T12:21:24.317-0400][gc,metaspace] GC(355) Metaspace: 47790K(48576K)->47790K(48576K) NonClass: 42251K(42688K)->42251K(42688K) Class: 5538K(5888K)->5538K(5888K)
[2024-07-16T12:21:24.317-0400][gc          ] GC(355) Pause Young (Normal) (G1 Evacuation Pause) 620M->514M(1024M) 8,041ms
[2024-07-16T12:21:24.317-0400][gc,cpu      ] GC(355) User=0,02s Sys=0,00s Real=0,01s
[2024-07-16T13:29:24.327-0400][gc,start    ] GC(356) Pause Young (Normal) (G1 Evacuation Pause)
[2024-07-16T13:29:24.327-0400][gc,task     ] GC(356) Using 6 workers of 6 for evacuation
[2024-07-16T13:29:24.463-0400][gc,mmu      ] GC(356) MMU target violated: 21,0ms (20,0ms/21,0ms)
[2024-07-16T13:29:24.463-0400][gc,phases   ] GC(356)   Pre Evacuate Collection Set: 0,9ms
[2024-07-16T13:29:24.463-0400][gc,phases   ] GC(356)   Merge Heap Roots: 0,5ms
[2024-07-16T13:29:24.463-0400][gc,phases   ] GC(356)   Evacuate Collection Set: 133,0ms
[2024-07-16T13:29:24.463-0400][gc,phases   ] GC(356)   Post Evacuate Collection Set: 1,7ms
[2024-07-16T13:29:24.463-0400][gc,phases   ] GC(356)   Other: 0,2ms
[2024-07-16T13:29:24.463-0400][gc,heap     ] GC(356) Eden regions: 453->0(47)
[2024-07-16T13:29:24.463-0400][gc,heap     ] GC(356) Survivor regions: 3->4(55)
[2024-07-16T13:29:24.463-0400][gc,heap     ] GC(356) Old regions: 384->384
[2024-07-16T13:29:24.463-0400][gc,heap     ] GC(356) Humongous regions: 129->129
[2024-07-16T13:29:24.463-0400][gc,metaspace] GC(356) Metaspace: 47790K(48576K)->47790K(48576K) NonClass: 42251K(42688K)->42251K(42688K) Class: 5538K(5888K)->5538K(5888K)
[2024-07-16T13:29:24.463-0400][gc          ] GC(356) Pause Young (Normal) (G1 Evacuation Pause) 967M->515M(1024M) 136,426ms
[2024-07-16T13:29:24.463-0400][gc,cpu      ] GC(356) User=0,09s Sys=0,12s Real=0,13s
[2024-07-16T13:36:12.736-0400][gc,start    ] GC(357) Pause Young (Concurrent Start) (G1 Evacuation Pause)
[2024-07-16T13:36:12.736-0400][gc,task     ] GC(357) Using 6 workers of 6 for evacuation
[2024-07-16T13:36:12.828-0400][gc,mmu      ] GC(357) MMU target violated: 21,0ms (20,0ms/21,0ms)
[2024-07-16T13:36:12.828-0400][gc,phases   ] GC(357)   Pre Evacuate Collection Set: 2,6ms
[2024-07-16T13:36:12.828-0400][gc,phases   ] GC(357)   Merge Heap Roots: 0,4ms
[2024-07-16T13:36:12.828-0400][gc,phases   ] GC(357)   Evacuate Collection Set: 86,7ms
[2024-07-16T13:36:12.828-0400][gc,phases   ] GC(357)   Post Evacuate Collection Set: 1,4ms
[2024-07-16T13:36:12.828-0400][gc,phases   ] GC(357)   Other: 0,6ms
[2024-07-16T13:36:12.828-0400][gc,heap     ] GC(357) Eden regions: 47->0(49)
[2024-07-16T13:36:12.828-0400][gc,heap     ] GC(357) Survivor regions: 4->2(7)
[2024-07-16T13:36:12.828-0400][gc,heap     ] GC(357) Old regions: 384->384
[2024-07-16T13:36:12.828-0400][gc,heap     ] GC(357) Humongous regions: 129->129
[2024-07-16T13:36:12.828-0400][gc,metaspace] GC(357) Metaspace: 47790K(48576K)->47790K(48576K) NonClass: 42251K(42688K)->42251K(42688K) Class: 5538K(5888K)->5538K(5888K)
[2024-07-16T13:36:12.828-0400][gc          ] GC(357) Pause Young (Concurrent Start) (G1 Evacuation Pause) 562M->514M(1024M) 91,780ms
[2024-07-16T13:36:12.828-0400][gc,cpu      ] GC(357) User=0,17s Sys=0,00s Real=0,09s
[2024-07-16T13:36:12.828-0400][gc          ] GC(358) Concurrent Mark Cycle
[2024-07-16T13:36:12.828-0400][gc,marking  ] GC(358) Concurrent Scan Root Regions
[2024-07-16T13:36:12.876-0400][gc,marking  ] GC(358) Concurrent Scan Root Regions 47,419ms
[2024-07-16T13:36:12.876-0400][gc,marking  ] GC(358) Concurrent Mark
[2024-07-16T13:36:12.876-0400][gc,marking  ] GC(358) Concurrent Mark From Roots
[2024-07-16T13:36:12.876-0400][gc,task     ] GC(358) Using 2 workers of 2 for marking
[2024-07-16T13:36:13.280-0400][gc,marking  ] GC(358) Concurrent Mark From Roots 404,430ms
[2024-07-16T13:36:13.280-0400][gc,marking  ] GC(358) Concurrent Preclean
[2024-07-16T13:36:13.281-0400][gc,marking  ] GC(358) Concurrent Preclean 0,814ms
[2024-07-16T13:36:13.281-0400][gc,start    ] GC(358) Pause Remark
[2024-07-16T13:36:13.754-0400][gc,mmu      ] GC(358) MMU target violated: 21,0ms (20,0ms/21,0ms)
[2024-07-16T13:36:13.754-0400][gc          ] GC(358) Pause Remark 515M->223M(1024M) 472,990ms
[2024-07-16T13:36:13.754-0400][gc,cpu      ] GC(358) User=1,13s Sys=0,00s Real=0,47s
[2024-07-16T13:36:13.755-0400][gc,marking  ] GC(358) Concurrent Mark 878,969ms
[2024-07-16T13:36:13.755-0400][gc,marking  ] GC(358) Concurrent Rebuild Remembered Sets and Scrub Regions
[2024-07-16T13:36:13.801-0400][gc,marking  ] GC(358) Concurrent Rebuild Remembered Sets and Scrub Regions 45,801ms
[2024-07-16T13:36:13.801-0400][gc,start    ] GC(358) Pause Cleanup
[2024-07-16T13:36:13.804-0400][gc          ] GC(358) Pause Cleanup 223M->223M(1024M) 2,905ms
[2024-07-16T13:36:13.804-0400][gc,cpu      ] GC(358) User=0,00s Sys=0,00s Real=0,00s
[2024-07-16T13:36:13.804-0400][gc,marking  ] GC(358) Concurrent Clear Claimed Marks
[2024-07-16T13:36:13.804-0400][gc,marking  ] GC(358) Concurrent Clear Claimed Marks 0,105ms
[2024-07-16T13:36:13.804-0400][gc,marking  ] GC(358) Concurrent Cleanup for Next Mark
[2024-07-16T13:36:14.048-0400][gc,marking  ] GC(358) Concurrent Cleanup for Next Mark 243,266ms
[2024-07-16T13:36:14.048-0400][gc          ] GC(358) Concurrent Mark Cycle 1219,446ms
[2024-07-16T13:43:30.992-0400][gc,start    ] GC(359) Pause Young (Prepare Mixed) (G1 Evacuation Pause)
[2024-07-16T13:43:30.993-0400][gc,task     ] GC(359) Using 6 workers of 6 for evacuation
[2024-07-16T13:43:31.001-0400][gc,phases   ] GC(359)   Pre Evacuate Collection Set: 0,9ms
[2024-07-16T13:43:31.001-0400][gc,phases   ] GC(359)   Merge Heap Roots: 0,5ms
[2024-07-16T13:43:31.001-0400][gc,phases   ] GC(359)   Evacuate Collection Set: 5,0ms
[2024-07-16T13:43:31.001-0400][gc,phases   ] GC(359)   Post Evacuate Collection Set: 1,5ms
[2024-07-16T13:43:31.001-0400][gc,phases   ] GC(359)   Other: 0,2ms
[2024-07-16T13:43:31.001-0400][gc,heap     ] GC(359) Eden regions: 49->0(48)
[2024-07-16T13:43:31.001-0400][gc,heap     ] GC(359) Survivor regions: 2->3(7)
[2024-07-16T13:43:31.001-0400][gc,heap     ] GC(359) Old regions: 92->92
[2024-07-16T13:43:31.001-0400][gc,heap     ] GC(359) Humongous regions: 129->129
[2024-07-16T13:43:31.001-0400][gc,metaspace] GC(359) Metaspace: 47790K(48576K)->47790K(48576K) NonClass: 42251K(42688K)->42251K(42688K) Class: 5538K(5888K)->5538K(5888K)
[2024-07-16T13:43:31.001-0400][gc          ] GC(359) Pause Young (Prepare Mixed) (G1 Evacuation Pause) 271M->223M(1024M) 8,329ms
[2024-07-16T13:43:31.001-0400][gc,cpu      ] GC(359) User=0,03s Sys=0,00s Real=0,01s
