[2024-05-28T18:24:21.647-0400][gc,init] CardTable entry size: 512
[2024-05-28T18:24:21.647-0400][gc     ] Using G1
[2024-05-28T18:24:21.671-0400][gc,init] Version: 21.0.3+9-Ubuntu-1ubuntu1 (release)
[2024-05-28T18:24:21.671-0400][gc,init] CPUs: 6 total, 6 available
[2024-05-28T18:24:21.671-0400][gc,init] Memory: 7940M
[2024-05-28T18:24:21.671-0400][gc,init] Large Page Support: Disabled
[2024-05-28T18:24:21.671-0400][gc,init] NUMA Support: Disabled
[2024-05-28T18:24:21.671-0400][gc,init] Compressed Oops: Enabled (32-bit)
[2024-05-28T18:24:21.671-0400][gc,init] Heap Region Size: 1M
[2024-05-28T18:24:21.671-0400][gc,init] Heap Min Capacity: 1G
[2024-05-28T18:24:21.671-0400][gc,init] Heap Initial Capacity: 1G
[2024-05-28T18:24:21.671-0400][gc,init] Heap Max Capacity: 1G
[2024-05-28T18:24:21.671-0400][gc,init] Pre-touch: Disabled
[2024-05-28T18:24:21.671-0400][gc,init] Parallel Workers: 6
[2024-05-28T18:24:21.671-0400][gc,init] Concurrent Workers: 2
[2024-05-28T18:24:21.671-0400][gc,init] Concurrent Refinement Workers: 6
[2024-05-28T18:24:21.671-0400][gc,init] Periodic GC: Disabled
[2024-05-28T18:24:21.680-0400][gc,metaspace] CDS archive(s) mapped at: [0x00007d14c3000000-0x00007d14c3caa000-0x00007d14c3caa000), size 13279232, SharedBaseAddress: 0x00007d14c3000000, ArchiveRelocationMode: 1.
[2024-05-28T18:24:21.680-0400][gc,metaspace] Compressed class space mapped at: 0x00007d14c4000000-0x00007d1504000000, reserved size: 1073741824
[2024-05-28T18:24:21.680-0400][gc,metaspace] Narrow klass base: 0x00007d14c3000000, Narrow klass shift: 0, Narrow klass range: 0x100000000
[2024-05-28T18:24:23.464-0400][gc,start    ] GC(0) Pause Young (Normal) (G1 Evacuation Pause)
[2024-05-28T18:24:23.467-0400][gc,task     ] GC(0) Using 6 workers of 6 for evacuation
[2024-05-28T18:24:23.475-0400][gc,phases   ] GC(0)   Pre Evacuate Collection Set: 0,4ms
[2024-05-28T18:24:23.475-0400][gc,phases   ] GC(0)   Merge Heap Roots: 0,2ms
[2024-05-28T18:24:23.475-0400][gc,phases   ] GC(0)   Evacuate Collection Set: 6,3ms
[2024-05-28T18:24:23.475-0400][gc,phases   ] GC(0)   Post Evacuate Collection Set: 1,6ms
[2024-05-28T18:24:23.475-0400][gc,phases   ] GC(0)   Other: 2,6ms
[2024-05-28T18:24:23.475-0400][gc,heap     ] GC(0) Eden regions: 51->0(44)
[2024-05-28T18:24:23.475-0400][gc,heap     ] GC(0) Survivor regions: 0->7(7)
[2024-05-28T18:24:23.475-0400][gc,heap     ] GC(0) Old regions: 2->3
[2024-05-28T18:24:23.475-0400][gc,heap     ] GC(0) Humongous regions: 0->0
[2024-05-28T18:24:23.475-0400][gc,metaspace] GC(0) Metaspace: 18698K(18944K)->18698K(18944K) NonClass: 16586K(16704K)->16586K(16704K) Class: 2112K(2240K)->2112K(2240K)
[2024-05-28T18:24:23.475-0400][gc          ] GC(0) Pause Young (Normal) (G1 Evacuation Pause) 52M->8M(1024M) 11,528ms
[2024-05-28T18:24:23.476-0400][gc,cpu      ] GC(0) User=0,02s Sys=0,02s Real=0,01s
[2024-05-28T18:24:23.709-0400][gc,start    ] GC(1) Pause Young (Concurrent Start) (Metadata GC Threshold)
[2024-05-28T18:24:23.709-0400][gc,task     ] GC(1) Using 6 workers of 6 for evacuation
[2024-05-28T18:24:23.731-0400][gc,mmu      ] GC(1) MMU target violated: 21,0ms (20,0ms/21,0ms)
[2024-05-28T18:24:23.731-0400][gc,phases   ] GC(1)   Pre Evacuate Collection Set: 0,8ms
[2024-05-28T18:24:23.731-0400][gc,phases   ] GC(1)   Merge Heap Roots: 0,2ms
[2024-05-28T18:24:23.731-0400][gc,phases   ] GC(1)   Evacuate Collection Set: 14,5ms
[2024-05-28T18:24:23.731-0400][gc,phases   ] GC(1)   Post Evacuate Collection Set: 5,7ms
[2024-05-28T18:24:23.731-0400][gc,phases   ] GC(1)   Other: 0,3ms
[2024-05-28T18:24:23.731-0400][gc,heap     ] GC(1) Eden regions: 10->0(49)
[2024-05-28T18:24:23.731-0400][gc,heap     ] GC(1) Survivor regions: 7->2(7)
[2024-05-28T18:24:23.731-0400][gc,heap     ] GC(1) Old regions: 3->10
[2024-05-28T18:24:23.731-0400][gc,heap     ] GC(1) Humongous regions: 0->0
[2024-05-28T18:24:23.731-0400][gc,metaspace] GC(1) Metaspace: 21307K(21504K)->21307K(21504K) NonClass: 18859K(18944K)->18859K(18944K) Class: 2447K(2560K)->2447K(2560K)
[2024-05-28T18:24:23.731-0400][gc          ] GC(1) Pause Young (Concurrent Start) (Metadata GC Threshold) 18M->9M(1024M) 21,744ms
[2024-05-28T18:24:23.731-0400][gc,cpu      ] GC(1) User=0,01s Sys=0,04s Real=0,03s
[2024-05-28T18:24:23.731-0400][gc          ] GC(2) Concurrent Mark Cycle
[2024-05-28T18:24:23.731-0400][gc,marking  ] GC(2) Concurrent Scan Root Regions
[2024-05-28T18:24:23.734-0400][gc,marking  ] GC(2) Concurrent Scan Root Regions 3,133ms
[2024-05-28T18:24:23.734-0400][gc,marking  ] GC(2) Concurrent Mark
[2024-05-28T18:24:23.734-0400][gc,marking  ] GC(2) Concurrent Mark From Roots
[2024-05-28T18:24:23.734-0400][gc,task     ] GC(2) Using 2 workers of 2 for marking
[2024-05-28T18:24:23.736-0400][gc,marking  ] GC(2) Concurrent Mark From Roots 2,122ms
[2024-05-28T18:24:23.736-0400][gc,marking  ] GC(2) Concurrent Preclean
[2024-05-28T18:24:23.736-0400][gc,marking  ] GC(2) Concurrent Preclean 0,006ms
[2024-05-28T18:24:23.737-0400][gc,start    ] GC(2) Pause Remark
[2024-05-28T18:24:23.741-0400][gc          ] GC(2) Pause Remark 10M->10M(1024M) 4,112ms
[2024-05-28T18:24:23.741-0400][gc,cpu      ] GC(2) User=0,01s Sys=0,00s Real=0,01s
[2024-05-28T18:24:23.741-0400][gc,marking  ] GC(2) Concurrent Mark 7,247ms
[2024-05-28T18:24:23.741-0400][gc,marking  ] GC(2) Concurrent Rebuild Remembered Sets and Scrub Regions
[2024-05-28T18:24:23.748-0400][gc,marking  ] GC(2) Concurrent Rebuild Remembered Sets and Scrub Regions 6,239ms
[2024-05-28T18:24:23.749-0400][gc,start    ] GC(2) Pause Cleanup
[2024-05-28T18:24:23.749-0400][gc          ] GC(2) Pause Cleanup 10M->10M(1024M) 0,329ms
[2024-05-28T18:24:23.749-0400][gc,cpu      ] GC(2) User=0,00s Sys=0,00s Real=0,00s
[2024-05-28T18:24:23.749-0400][gc,marking  ] GC(2) Concurrent Clear Claimed Marks
[2024-05-28T18:24:23.749-0400][gc,marking  ] GC(2) Concurrent Clear Claimed Marks 0,026ms
[2024-05-28T18:24:23.749-0400][gc,marking  ] GC(2) Concurrent Cleanup for Next Mark
[2024-05-28T18:24:23.819-0400][gc,marking  ] GC(2) Concurrent Cleanup for Next Mark 69,421ms
[2024-05-28T18:24:23.819-0400][gc          ] GC(2) Concurrent Mark Cycle 87,737ms
[2024-05-28T18:24:25.137-0400][gc,start    ] GC(3) Pause Young (Prepare Mixed) (G1 Evacuation Pause)
[2024-05-28T18:24:25.137-0400][gc,task     ] GC(3) Using 6 workers of 6 for evacuation
[2024-05-28T18:24:25.150-0400][gc,phases   ] GC(3)   Pre Evacuate Collection Set: 0,3ms
[2024-05-28T18:24:25.150-0400][gc,phases   ] GC(3)   Merge Heap Roots: 2,4ms
[2024-05-28T18:24:25.150-0400][gc,phases   ] GC(3)   Evacuate Collection Set: 8,7ms
[2024-05-28T18:24:25.150-0400][gc,phases   ] GC(3)   Post Evacuate Collection Set: 1,3ms
[2024-05-28T18:24:25.150-0400][gc,phases   ] GC(3)   Other: 0,1ms
[2024-05-28T18:24:25.150-0400][gc,heap     ] GC(3) Eden regions: 49->0(45)
[2024-05-28T18:24:25.150-0400][gc,heap     ] GC(3) Survivor regions: 2->6(7)
[2024-05-28T18:24:25.150-0400][gc,heap     ] GC(3) Old regions: 10->10
[2024-05-28T18:24:25.150-0400][gc,heap     ] GC(3) Humongous regions: 129->129
[2024-05-28T18:24:25.150-0400][gc,metaspace] GC(3) Metaspace: 32918K(33280K)->32918K(33280K) NonClass: 29331K(29568K)->29331K(29568K) Class: 3586K(3712K)->3586K(3712K)
[2024-05-28T18:24:25.150-0400][gc          ] GC(3) Pause Young (Prepare Mixed) (G1 Evacuation Pause) 187M->143M(1024M) 12,844ms
[2024-05-28T18:24:25.150-0400][gc,cpu      ] GC(3) User=0,01s Sys=0,01s Real=0,02s
[2024-05-28T18:24:25.491-0400][gc,start    ] GC(4) Pause Young (Mixed) (Metadata GC Threshold)
[2024-05-28T18:24:25.491-0400][gc,task     ] GC(4) Using 6 workers of 6 for evacuation
[2024-05-28T18:24:25.500-0400][gc,phases   ] GC(4)   Pre Evacuate Collection Set: 0,8ms
[2024-05-28T18:24:25.500-0400][gc,phases   ] GC(4)   Merge Heap Roots: 0,2ms
[2024-05-28T18:24:25.500-0400][gc,phases   ] GC(4)   Evacuate Collection Set: 6,4ms
[2024-05-28T18:24:25.500-0400][gc,phases   ] GC(4)   Post Evacuate Collection Set: 1,0ms
[2024-05-28T18:24:25.500-0400][gc,phases   ] GC(4)   Other: 0,1ms
[2024-05-28T18:24:25.500-0400][gc,heap     ] GC(4) Eden regions: 12->0(50)
[2024-05-28T18:24:25.500-0400][gc,heap     ] GC(4) Survivor regions: 6->1(7)
[2024-05-28T18:24:25.500-0400][gc,heap     ] GC(4) Old regions: 10->16
[2024-05-28T18:24:25.500-0400][gc,heap     ] GC(4) Humongous regions: 129->129
[2024-05-28T18:24:25.500-0400][gc,metaspace] GC(4) Metaspace: 35624K(35968K)->35624K(35968K) NonClass: 31757K(32000K)->31757K(32000K) Class: 3867K(3968K)->3867K(3968K)
[2024-05-28T18:24:25.500-0400][gc          ] GC(4) Pause Young (Mixed) (Metadata GC Threshold) 154M->145M(1024M) 8,727ms
[2024-05-28T18:24:25.500-0400][gc,cpu      ] GC(4) User=0,02s Sys=0,02s Real=0,01s
[2024-05-28T18:24:25.534-0400][gc,start    ] GC(5) Pause Young (Concurrent Start) (Metadata GC Threshold)
[2024-05-28T18:24:25.534-0400][gc,task     ] GC(5) Using 6 workers of 6 for evacuation
[2024-05-28T18:24:25.549-0400][gc,phases   ] GC(5)   Pre Evacuate Collection Set: 6,0ms
[2024-05-28T18:24:25.549-0400][gc,phases   ] GC(5)   Merge Heap Roots: 3,5ms
[2024-05-28T18:24:25.549-0400][gc,phases   ] GC(5)   Evacuate Collection Set: 4,9ms
[2024-05-28T18:24:25.549-0400][gc,phases   ] GC(5)   Post Evacuate Collection Set: 0,7ms
[2024-05-28T18:24:25.549-0400][gc,phases   ] GC(5)   Other: 0,3ms
[2024-05-28T18:24:25.549-0400][gc,heap     ] GC(5) Eden regions: 2->0(50)
[2024-05-28T18:24:25.549-0400][gc,heap     ] GC(5) Survivor regions: 1->1(7)
[2024-05-28T18:24:25.549-0400][gc,heap     ] GC(5) Old regions: 16->16
[2024-05-28T18:24:25.549-0400][gc,heap     ] GC(5) Humongous regions: 129->129
[2024-05-28T18:24:25.549-0400][gc,metaspace] GC(5) Metaspace: 35946K(36288K)->35946K(36288K) NonClass: 32019K(32256K)->32019K(32256K) Class: 3926K(4032K)->3926K(4032K)
[2024-05-28T18:24:25.549-0400][gc          ] GC(5) Pause Young (Concurrent Start) (Metadata GC Threshold) 146M->144M(1024M) 15,577ms
[2024-05-28T18:24:25.549-0400][gc,cpu      ] GC(5) User=0,04s Sys=0,01s Real=0,01s
[2024-05-28T18:24:25.550-0400][gc          ] GC(6) Concurrent Mark Cycle
[2024-05-28T18:24:25.551-0400][gc,marking  ] GC(6) Concurrent Scan Root Regions
[2024-05-28T18:24:25.552-0400][gc,marking  ] GC(6) Concurrent Scan Root Regions 1,099ms
[2024-05-28T18:24:25.552-0400][gc,marking  ] GC(6) Concurrent Mark
[2024-05-28T18:24:25.552-0400][gc,marking  ] GC(6) Concurrent Mark From Roots
[2024-05-28T18:24:25.552-0400][gc,task     ] GC(6) Using 2 workers of 2 for marking
[2024-05-28T18:24:25.561-0400][gc,marking  ] GC(6) Concurrent Mark From Roots 8,746ms
[2024-05-28T18:24:25.561-0400][gc,marking  ] GC(6) Concurrent Preclean
[2024-05-28T18:24:25.561-0400][gc,marking  ] GC(6) Concurrent Preclean 0,039ms
[2024-05-28T18:24:25.562-0400][gc,start    ] GC(6) Pause Remark
[2024-05-28T18:24:25.565-0400][gc          ] GC(6) Pause Remark 145M->145M(1024M) 3,117ms
[2024-05-28T18:24:25.565-0400][gc,cpu      ] GC(6) User=0,00s Sys=0,00s Real=0,00s
[2024-05-28T18:24:25.565-0400][gc,marking  ] GC(6) Concurrent Mark 13,030ms
[2024-05-28T18:24:25.565-0400][gc,marking  ] GC(6) Concurrent Rebuild Remembered Sets and Scrub Regions
[2024-05-28T18:24:25.568-0400][gc,marking  ] GC(6) Concurrent Rebuild Remembered Sets and Scrub Regions 2,576ms
[2024-05-28T18:24:25.569-0400][gc,start    ] GC(6) Pause Cleanup
[2024-05-28T18:24:25.569-0400][gc          ] GC(6) Pause Cleanup 145M->145M(1024M) 0,327ms
[2024-05-28T18:24:25.569-0400][gc,cpu      ] GC(6) User=0,00s Sys=0,00s Real=0,00s
[2024-05-28T18:24:25.569-0400][gc,marking  ] GC(6) Concurrent Clear Claimed Marks
[2024-05-28T18:24:25.569-0400][gc,marking  ] GC(6) Concurrent Clear Claimed Marks 0,031ms
[2024-05-28T18:24:25.569-0400][gc,marking  ] GC(6) Concurrent Cleanup for Next Mark
[2024-05-28T18:24:25.573-0400][gc,marking  ] GC(6) Concurrent Cleanup for Next Mark 3,596ms
[2024-05-28T18:24:25.573-0400][gc          ] GC(6) Concurrent Mark Cycle 22,785ms
[2024-05-28T18:34:07.477-0400][gc,start    ] GC(7) Pause Young (Prepare Mixed) (G1 Evacuation Pause)
[2024-05-28T18:34:07.477-0400][gc,task     ] GC(7) Using 6 workers of 6 for evacuation
[2024-05-28T18:34:07.492-0400][gc,phases   ] GC(7)   Pre Evacuate Collection Set: 0,7ms
[2024-05-28T18:34:07.492-0400][gc,phases   ] GC(7)   Merge Heap Roots: 4,9ms
[2024-05-28T18:34:07.492-0400][gc,phases   ] GC(7)   Evacuate Collection Set: 6,6ms
[2024-05-28T18:34:07.492-0400][gc,phases   ] GC(7)   Post Evacuate Collection Set: 2,7ms
[2024-05-28T18:34:07.492-0400][gc,phases   ] GC(7)   Other: 0,1ms
[2024-05-28T18:34:07.492-0400][gc,heap     ] GC(7) Eden regions: 50->0(46)
[2024-05-28T18:34:07.492-0400][gc,heap     ] GC(7) Survivor regions: 1->5(7)
[2024-05-28T18:34:07.492-0400][gc,heap     ] GC(7) Old regions: 16->16
[2024-05-28T18:34:07.492-0400][gc,heap     ] GC(7) Humongous regions: 129->129
[2024-05-28T18:34:07.492-0400][gc,metaspace] GC(7) Metaspace: 41473K(42112K)->41473K(42112K) NonClass: 36774K(37120K)->36774K(37120K) Class: 4698K(4992K)->4698K(4992K)
[2024-05-28T18:34:07.492-0400][gc          ] GC(7) Pause Young (Prepare Mixed) (G1 Evacuation Pause) 194M->149M(1024M) 15,218ms
[2024-05-28T18:34:07.492-0400][gc,cpu      ] GC(7) User=0,04s Sys=0,01s Real=0,02s
[2024-05-28T18:42:05.215-0400][gc,start    ] GC(8) Pause Young (Mixed) (G1 Evacuation Pause)
[2024-05-28T18:42:05.215-0400][gc,task     ] GC(8) Using 6 workers of 6 for evacuation
[2024-05-28T18:42:05.224-0400][gc,phases   ] GC(8)   Pre Evacuate Collection Set: 0,7ms
[2024-05-28T18:42:05.224-0400][gc,phases   ] GC(8)   Merge Heap Roots: 0,4ms
[2024-05-28T18:42:05.224-0400][gc,phases   ] GC(8)   Evacuate Collection Set: 6,7ms
[2024-05-28T18:42:05.224-0400][gc,phases   ] GC(8)   Post Evacuate Collection Set: 1,4ms
[2024-05-28T18:42:05.224-0400][gc,phases   ] GC(8)   Other: 0,0ms
[2024-05-28T18:42:05.224-0400][gc,heap     ] GC(8) Eden regions: 46->0(48)
[2024-05-28T18:42:05.224-0400][gc,heap     ] GC(8) Survivor regions: 5->3(7)
[2024-05-28T18:42:05.224-0400][gc,heap     ] GC(8) Old regions: 16->18
[2024-05-28T18:42:05.224-0400][gc,heap     ] GC(8) Humongous regions: 129->129
[2024-05-28T18:42:05.224-0400][gc,metaspace] GC(8) Metaspace: 41809K(42432K)->41809K(42432K) NonClass: 37087K(37440K)->37087K(37440K) Class: 4721K(4992K)->4721K(4992K)
[2024-05-28T18:42:05.224-0400][gc          ] GC(8) Pause Young (Mixed) (G1 Evacuation Pause) 195M->149M(1024M) 9,425ms
[2024-05-28T18:42:05.224-0400][gc,cpu      ] GC(8) User=0,03s Sys=0,01s Real=0,01s
[2024-05-28T18:51:32.527-0400][gc,start    ] GC(9) Pause Young (Normal) (G1 Evacuation Pause)
[2024-05-28T18:51:32.528-0400][gc,task     ] GC(9) Using 6 workers of 6 for evacuation
[2024-05-28T18:51:32.536-0400][gc,phases   ] GC(9)   Pre Evacuate Collection Set: 0,7ms
[2024-05-28T18:51:32.536-0400][gc,phases   ] GC(9)   Merge Heap Roots: 0,2ms
[2024-05-28T18:51:32.536-0400][gc,phases   ] GC(9)   Evacuate Collection Set: 6,5ms
[2024-05-28T18:51:32.536-0400][gc,phases   ] GC(9)   Post Evacuate Collection Set: 1,2ms
[2024-05-28T18:51:32.536-0400][gc,phases   ] GC(9)   Other: 0,1ms
[2024-05-28T18:51:32.536-0400][gc,heap     ] GC(9) Eden regions: 48->0(44)
[2024-05-28T18:51:32.536-0400][gc,heap     ] GC(9) Survivor regions: 3->7(7)
[2024-05-28T18:51:32.536-0400][gc,heap     ] GC(9) Old regions: 18->18
[2024-05-28T18:51:32.536-0400][gc,heap     ] GC(9) Humongous regions: 129->129
[2024-05-28T18:51:32.536-0400][gc,metaspace] GC(9) Metaspace: 41915K(42560K)->41915K(42560K) NonClass: 37194K(37568K)->37194K(37568K) Class: 4721K(4992K)->4721K(4992K)
[2024-05-28T18:51:32.536-0400][gc          ] GC(9) Pause Young (Normal) (G1 Evacuation Pause) 197M->153M(1024M) 8,856ms
[2024-05-28T18:51:32.536-0400][gc,cpu      ] GC(9) User=0,02s Sys=0,01s Real=0,01s
[2024-05-29T18:46:37.016-0400][gc,start    ] GC(10) Pause Young (Normal) (G1 Evacuation Pause)
[2024-05-29T18:46:37.016-0400][gc,task     ] GC(10) Using 6 workers of 6 for evacuation
[2024-05-29T18:46:37.042-0400][gc,mmu      ] GC(10) MMU target violated: 21,0ms (20,0ms/21,0ms)
[2024-05-29T18:46:37.042-0400][gc,phases   ] GC(10)   Pre Evacuate Collection Set: 2,8ms
[2024-05-29T18:46:37.042-0400][gc,phases   ] GC(10)   Merge Heap Roots: 0,4ms
[2024-05-29T18:46:37.042-0400][gc,phases   ] GC(10)   Evacuate Collection Set: 20,7ms
[2024-05-29T18:46:37.042-0400][gc,phases   ] GC(10)   Post Evacuate Collection Set: 1,4ms
[2024-05-29T18:46:37.042-0400][gc,phases   ] GC(10)   Other: 0,2ms
[2024-05-29T18:46:37.042-0400][gc,heap     ] GC(10) Eden regions: 44->0(49)
[2024-05-29T18:46:37.042-0400][gc,heap     ] GC(10) Survivor regions: 7->2(7)
[2024-05-29T18:46:37.042-0400][gc,heap     ] GC(10) Old regions: 18->23
[2024-05-29T18:46:37.042-0400][gc,heap     ] GC(10) Humongous regions: 129->129
[2024-05-29T18:46:37.042-0400][gc,metaspace] GC(10) Metaspace: 42001K(42624K)->42001K(42624K) NonClass: 37278K(37632K)->37278K(37632K) Class: 4722K(4992K)->4722K(4992K)
[2024-05-29T18:46:37.042-0400][gc          ] GC(10) Pause Young (Normal) (G1 Evacuation Pause) 197M->153M(1024M) 25,926ms
[2024-05-29T18:46:37.042-0400][gc,cpu      ] GC(10) User=0,06s Sys=0,05s Real=0,03s
[2024-05-29T18:57:56.073-0400][gc,start    ] GC(11) Pause Young (Normal) (G1 Evacuation Pause)
[2024-05-29T18:57:56.073-0400][gc,task     ] GC(11) Using 6 workers of 6 for evacuation
[2024-05-29T18:57:56.087-0400][gc,phases   ] GC(11)   Pre Evacuate Collection Set: 0,8ms
[2024-05-29T18:57:56.087-0400][gc,phases   ] GC(11)   Merge Heap Roots: 2,0ms
[2024-05-29T18:57:56.087-0400][gc,phases   ] GC(11)   Evacuate Collection Set: 3,7ms
[2024-05-29T18:57:56.087-0400][gc,phases   ] GC(11)   Post Evacuate Collection Set: 6,6ms
[2024-05-29T18:57:56.087-0400][gc,phases   ] GC(11)   Other: 0,1ms
[2024-05-29T18:57:56.087-0400][gc,heap     ] GC(11) Eden regions: 49->0(48)
[2024-05-29T18:57:56.087-0400][gc,heap     ] GC(11) Survivor regions: 2->3(7)
[2024-05-29T18:57:56.087-0400][gc,heap     ] GC(11) Old regions: 23->23
[2024-05-29T18:57:56.087-0400][gc,heap     ] GC(11) Humongous regions: 129->129
[2024-05-29T18:57:56.087-0400][gc,metaspace] GC(11) Metaspace: 42046K(42688K)->42046K(42688K) NonClass: 37324K(37696K)->37324K(37696K) Class: 4722K(4992K)->4722K(4992K)
[2024-05-29T18:57:56.087-0400][gc          ] GC(11) Pause Young (Normal) (G1 Evacuation Pause) 202M->154M(1024M) 13,427ms
[2024-05-29T18:57:56.087-0400][gc,cpu      ] GC(11) User=0,00s Sys=0,02s Real=0,01s
[2024-05-29T19:09:01.352-0400][gc,start    ] GC(12) Pause Young (Normal) (G1 Evacuation Pause)
[2024-05-29T19:09:01.352-0400][gc,task     ] GC(12) Using 6 workers of 6 for evacuation
[2024-05-29T19:09:01.371-0400][gc,phases   ] GC(12)   Pre Evacuate Collection Set: 0,8ms
[2024-05-29T19:09:01.371-0400][gc,phases   ] GC(12)   Merge Heap Roots: 0,3ms
[2024-05-29T19:09:01.371-0400][gc,phases   ] GC(12)   Evacuate Collection Set: 3,4ms
[2024-05-29T19:09:01.371-0400][gc,phases   ] GC(12)   Post Evacuate Collection Set: 13,2ms
[2024-05-29T19:09:01.371-0400][gc,phases   ] GC(12)   Other: 0,5ms
[2024-05-29T19:09:01.371-0400][gc,heap     ] GC(12) Eden regions: 48->0(48)
[2024-05-29T19:09:01.371-0400][gc,heap     ] GC(12) Survivor regions: 3->3(7)
[2024-05-29T19:09:01.371-0400][gc,heap     ] GC(12) Old regions: 23->23
[2024-05-29T19:09:01.371-0400][gc,heap     ] GC(12) Humongous regions: 129->129
[2024-05-29T19:09:01.371-0400][gc,metaspace] GC(12) Metaspace: 42108K(42752K)->42108K(42752K) NonClass: 37386K(37760K)->37386K(37760K) Class: 4722K(4992K)->4722K(4992K)
[2024-05-29T19:09:01.371-0400][gc          ] GC(12) Pause Young (Normal) (G1 Evacuation Pause) 202M->153M(1024M) 18,481ms
[2024-05-29T19:09:01.371-0400][gc,cpu      ] GC(12) User=0,02s Sys=0,02s Real=0,02s
[2024-05-29T19:19:17.023-0400][gc,start    ] GC(13) Pause Young (Normal) (G1 Evacuation Pause)
[2024-05-29T19:19:17.023-0400][gc,task     ] GC(13) Using 6 workers of 6 for evacuation
[2024-05-29T19:19:17.055-0400][gc,mmu      ] GC(13) MMU target violated: 21,0ms (20,0ms/21,0ms)
[2024-05-29T19:19:17.055-0400][gc,phases   ] GC(13)   Pre Evacuate Collection Set: 11,8ms
[2024-05-29T19:19:17.060-0400][gc,phases   ] GC(13)   Merge Heap Roots: 2,5ms
[2024-05-29T19:19:17.060-0400][gc,phases   ] GC(13)   Evacuate Collection Set: 14,6ms
[2024-05-29T19:19:17.060-0400][gc,phases   ] GC(13)   Post Evacuate Collection Set: 3,1ms
[2024-05-29T19:19:17.060-0400][gc,phases   ] GC(13)   Other: 0,0ms
[2024-05-29T19:19:17.060-0400][gc,heap     ] GC(13) Eden regions: 48->0(47)
[2024-05-29T19:19:17.060-0400][gc,heap     ] GC(13) Survivor regions: 3->4(7)
[2024-05-29T19:19:17.060-0400][gc,heap     ] GC(13) Old regions: 23->23
[2024-05-29T19:19:17.060-0400][gc,heap     ] GC(13) Humongous regions: 129->129
[2024-05-29T19:19:17.060-0400][gc,metaspace] GC(13) Metaspace: 42154K(42816K)->42154K(42816K) NonClass: 37428K(37824K)->37428K(37824K) Class: 4725K(4992K)->4725K(4992K)
[2024-05-29T19:19:17.060-0400][gc          ] GC(13) Pause Young (Normal) (G1 Evacuation Pause) 201M->155M(1024M) 36,993ms
[2024-05-29T19:19:17.060-0400][gc,cpu      ] GC(13) User=0,01s Sys=0,04s Real=0,04s
[2024-05-29T19:29:44.713-0400][gc,start    ] GC(14) Pause Young (Normal) (G1 Evacuation Pause)
[2024-05-29T19:29:44.714-0400][gc,task     ] GC(14) Using 6 workers of 6 for evacuation
[2024-05-29T19:29:44.721-0400][gc,phases   ] GC(14)   Pre Evacuate Collection Set: 0,8ms
[2024-05-29T19:29:44.721-0400][gc,phases   ] GC(14)   Merge Heap Roots: 0,2ms
[2024-05-29T19:29:44.721-0400][gc,phases   ] GC(14)   Evacuate Collection Set: 5,0ms
[2024-05-29T19:29:44.721-0400][gc,phases   ] GC(14)   Post Evacuate Collection Set: 1,0ms
[2024-05-29T19:29:44.721-0400][gc,phases   ] GC(14)   Other: 0,1ms
[2024-05-29T19:29:44.721-0400][gc,heap     ] GC(14) Eden regions: 47->0(46)
[2024-05-29T19:29:44.721-0400][gc,heap     ] GC(14) Survivor regions: 4->5(7)
[2024-05-29T19:29:44.721-0400][gc,heap     ] GC(14) Old regions: 23->23
[2024-05-29T19:29:44.721-0400][gc,heap     ] GC(14) Humongous regions: 129->129
[2024-05-29T19:29:44.721-0400][gc,metaspace] GC(14) Metaspace: 42154K(42816K)->42154K(42816K) NonClass: 37428K(37824K)->37428K(37824K) Class: 4725K(4992K)->4725K(4992K)
[2024-05-29T19:29:44.721-0400][gc          ] GC(14) Pause Young (Normal) (G1 Evacuation Pause) 202M->156M(1024M) 7,214ms
[2024-05-29T19:29:44.721-0400][gc,cpu      ] GC(14) User=0,02s Sys=0,00s Real=0,01s
[2024-05-29T19:40:01.214-0400][gc,start    ] GC(15) Pause Young (Normal) (G1 Evacuation Pause)
[2024-05-29T19:40:01.214-0400][gc,task     ] GC(15) Using 6 workers of 6 for evacuation
[2024-05-29T19:40:01.242-0400][gc,mmu      ] GC(15) MMU target violated: 21,0ms (20,0ms/21,0ms)
[2024-05-29T19:40:01.242-0400][gc,phases   ] GC(15)   Pre Evacuate Collection Set: 3,9ms
[2024-05-29T19:40:01.242-0400][gc,phases   ] GC(15)   Merge Heap Roots: 2,8ms
[2024-05-29T19:40:01.242-0400][gc,phases   ] GC(15)   Evacuate Collection Set: 20,4ms
[2024-05-29T19:40:01.242-0400][gc,phases   ] GC(15)   Post Evacuate Collection Set: 0,8ms
[2024-05-29T19:40:01.242-0400][gc,phases   ] GC(15)   Other: 0,1ms
[2024-05-29T19:40:01.242-0400][gc,heap     ] GC(15) Eden regions: 46->0(46)
[2024-05-29T19:40:01.242-0400][gc,heap     ] GC(15) Survivor regions: 5->5(7)
[2024-05-29T19:40:01.242-0400][gc,heap     ] GC(15) Old regions: 23->24
[2024-05-29T19:40:01.242-0400][gc,heap     ] GC(15) Humongous regions: 129->129
[2024-05-29T19:40:01.242-0400][gc,metaspace] GC(15) Metaspace: 42173K(42816K)->42173K(42816K) NonClass: 37447K(37824K)->37447K(37824K) Class: 4725K(4992K)->4725K(4992K)
[2024-05-29T19:40:01.242-0400][gc          ] GC(15) Pause Young (Normal) (G1 Evacuation Pause) 202M->156M(1024M) 28,153ms
[2024-05-29T19:40:01.242-0400][gc,cpu      ] GC(15) User=0,07s Sys=0,01s Real=0,03s
[2024-05-29T19:50:15.383-0400][gc,start    ] GC(16) Pause Young (Normal) (G1 Evacuation Pause)
[2024-05-29T19:50:15.383-0400][gc,task     ] GC(16) Using 6 workers of 6 for evacuation
[2024-05-29T19:50:15.395-0400][gc,phases   ] GC(16)   Pre Evacuate Collection Set: 4,2ms
[2024-05-29T19:50:15.395-0400][gc,phases   ] GC(16)   Merge Heap Roots: 0,2ms
[2024-05-29T19:50:15.395-0400][gc,phases   ] GC(16)   Evacuate Collection Set: 6,2ms
[2024-05-29T19:50:15.395-0400][gc,phases   ] GC(16)   Post Evacuate Collection Set: 1,3ms
[2024-05-29T19:50:15.395-0400][gc,phases   ] GC(16)   Other: 0,1ms
[2024-05-29T19:50:15.395-0400][gc,heap     ] GC(16) Eden regions: 46->0(60)
[2024-05-29T19:50:15.395-0400][gc,heap     ] GC(16) Survivor regions: 5->3(7)
[2024-05-29T19:50:15.395-0400][gc,heap     ] GC(16) Old regions: 24->25
[2024-05-29T19:50:15.395-0400][gc,heap     ] GC(16) Humongous regions: 129->129
[2024-05-29T19:50:15.395-0400][gc,metaspace] GC(16) Metaspace: 42193K(42816K)->42193K(42816K) NonClass: 37467K(37824K)->37467K(37824K) Class: 4725K(4992K)->4725K(4992K)
[2024-05-29T19:50:15.395-0400][gc          ] GC(16) Pause Young (Normal) (G1 Evacuation Pause) 202M->156M(1024M) 11,989ms
[2024-05-29T19:50:15.395-0400][gc,cpu      ] GC(16) User=0,02s Sys=0,00s Real=0,01s
[2024-05-29T20:29:20.215-0400][gc,start    ] GC(17) Pause Young (Normal) (G1 Evacuation Pause)
[2024-05-29T20:29:20.221-0400][gc,task     ] GC(17) Using 6 workers of 6 for evacuation
[2024-05-29T20:29:20.242-0400][gc,mmu      ] GC(17) MMU target violated: 20,9ms (20,0ms/21,0ms)
[2024-05-29T20:29:20.243-0400][gc,phases   ] GC(17)   Pre Evacuate Collection Set: 3,3ms
[2024-05-29T20:29:20.243-0400][gc,phases   ] GC(17)   Merge Heap Roots: 0,4ms
[2024-05-29T20:29:20.243-0400][gc,phases   ] GC(17)   Evacuate Collection Set: 11,1ms
[2024-05-29T20:29:20.243-0400][gc,phases   ] GC(17)   Post Evacuate Collection Set: 2,2ms
[2024-05-29T20:29:20.243-0400][gc,phases   ] GC(17)   Other: 6,0ms
[2024-05-29T20:29:20.243-0400][gc,heap     ] GC(17) Eden regions: 189->0(47)
[2024-05-29T20:29:20.243-0400][gc,heap     ] GC(17) Survivor regions: 3->5(24)
[2024-05-29T20:29:20.243-0400][gc,heap     ] GC(17) Old regions: 25->25
[2024-05-29T20:29:20.243-0400][gc,heap     ] GC(17) Humongous regions: 129->129
[2024-05-29T20:29:20.244-0400][gc,metaspace] GC(17) Metaspace: 42458K(43136K)->42458K(43136K) NonClass: 37704K(38080K)->37704K(38080K) Class: 4754K(5056K)->4754K(5056K)
[2024-05-29T20:29:20.244-0400][gc          ] GC(17) Pause Young (Normal) (G1 Evacuation Pause) 345M->157M(1024M) 29,900ms
[2024-05-29T20:29:20.244-0400][gc,cpu      ] GC(17) User=0,03s Sys=0,02s Real=0,03s
[2024-05-29T21:20:53.157-0400][gc,start    ] GC(18) Pause Young (Normal) (G1 Evacuation Pause)
[2024-05-29T21:20:53.158-0400][gc,task     ] GC(18) Using 6 workers of 6 for evacuation
[2024-05-29T21:20:53.171-0400][gc,phases   ] GC(18)   Pre Evacuate Collection Set: 0,3ms
[2024-05-29T21:20:53.171-0400][gc,phases   ] GC(18)   Merge Heap Roots: 0,0ms
[2024-05-29T21:20:53.171-0400][gc,phases   ] GC(18)   Evacuate Collection Set: 8,0ms
[2024-05-29T21:20:53.171-0400][gc,phases   ] GC(18)   Post Evacuate Collection Set: 3,9ms
[2024-05-29T21:20:53.171-0400][gc,phases   ] GC(18)   Other: 0,1ms
[2024-05-29T21:20:53.171-0400][gc,heap     ] GC(18) Eden regions: 234->0(148)
[2024-05-29T21:20:53.171-0400][gc,heap     ] GC(18) Survivor regions: 5->5(30)
[2024-05-29T21:20:53.171-0400][gc,heap     ] GC(18) Old regions: 25->25
[2024-05-29T21:20:53.171-0400][gc,heap     ] GC(18) Humongous regions: 129->129
[2024-05-29T21:20:53.171-0400][gc,metaspace] GC(18) Metaspace: 42507K(43136K)->42507K(43136K) NonClass: 37753K(38080K)->37753K(38080K) Class: 4754K(5056K)->4754K(5056K)
[2024-05-29T21:20:53.171-0400][gc          ] GC(18) Pause Young (Normal) (G1 Evacuation Pause) 391M->158M(1024M) 13,941ms
[2024-05-29T21:20:53.171-0400][gc,cpu      ] GC(18) User=0,02s Sys=0,02s Real=0,01s
[2024-05-29T23:27:31.995-0400][gc,start    ] GC(19) Pause Young (Normal) (G1 Evacuation Pause)
[2024-05-29T23:27:32.004-0400][gc,task     ] GC(19) Using 6 workers of 6 for evacuation
[2024-05-29T23:27:32.657-0400][gc,mmu      ] GC(19) MMU target violated: 21,0ms (20,0ms/21,0ms)
[2024-05-29T23:27:32.657-0400][gc,phases   ] GC(19)   Pre Evacuate Collection Set: 136,1ms
[2024-05-29T23:27:32.657-0400][gc,phases   ] GC(19)   Merge Heap Roots: 11,3ms
[2024-05-29T23:27:32.657-0400][gc,phases   ] GC(19)   Evacuate Collection Set: 412,3ms
[2024-05-29T23:27:32.657-0400][gc,phases   ] GC(19)   Post Evacuate Collection Set: 81,4ms
[2024-05-29T23:27:32.657-0400][gc,phases   ] GC(19)   Other: 12,4ms
[2024-05-29T23:27:32.657-0400][gc,heap     ] GC(19) Eden regions: 567->0(46)
[2024-05-29T23:27:32.658-0400][gc,heap     ] GC(19) Survivor regions: 5->5(72)
[2024-05-29T23:27:32.658-0400][gc,heap     ] GC(19) Old regions: 25->25
[2024-05-29T23:27:32.658-0400][gc,heap     ] GC(19) Humongous regions: 129->129
[2024-05-29T23:27:32.658-0400][gc,metaspace] GC(19) Metaspace: 42575K(43264K)->42575K(43264K) NonClass: 37819K(38208K)->37819K(38208K) Class: 4756K(5056K)->4756K(5056K)
[2024-05-29T23:27:32.658-0400][gc          ] GC(19) Pause Young (Normal) (G1 Evacuation Pause) 725M->158M(1024M) 662,975ms
[2024-05-29T23:27:32.658-0400][gc,cpu      ] GC(19) User=0,07s Sys=0,47s Real=0,67s
[2024-05-29T23:37:33.600-0400][gc,start    ] GC(20) Pause Young (Normal) (G1 Evacuation Pause)
[2024-05-29T23:37:33.601-0400][gc,task     ] GC(20) Using 6 workers of 6 for evacuation
[2024-05-29T23:37:33.691-0400][gc,mmu      ] GC(20) MMU target violated: 21,0ms (20,0ms/21,0ms)
[2024-05-29T23:37:33.691-0400][gc,phases   ] GC(20)   Pre Evacuate Collection Set: 0,7ms
[2024-05-29T23:37:33.691-0400][gc,phases   ] GC(20)   Merge Heap Roots: 0,2ms
[2024-05-29T23:37:33.691-0400][gc,phases   ] GC(20)   Evacuate Collection Set: 87,1ms
[2024-05-29T23:37:33.691-0400][gc,phases   ] GC(20)   Post Evacuate Collection Set: 1,8ms
[2024-05-29T23:37:33.691-0400][gc,phases   ] GC(20)   Other: 0,2ms
[2024-05-29T23:37:33.691-0400][gc,heap     ] GC(20) Eden regions: 46->0(48)
[2024-05-29T23:37:33.691-0400][gc,heap     ] GC(20) Survivor regions: 5->3(7)
[2024-05-29T23:37:33.691-0400][gc,heap     ] GC(20) Old regions: 25->27
[2024-05-29T23:37:33.691-0400][gc,heap     ] GC(20) Humongous regions: 129->129
[2024-05-29T23:37:33.691-0400][gc,metaspace] GC(20) Metaspace: 42578K(43264K)->42578K(43264K) NonClass: 37822K(38208K)->37822K(38208K) Class: 4756K(5056K)->4756K(5056K)
[2024-05-29T23:37:33.691-0400][gc          ] GC(20) Pause Young (Normal) (G1 Evacuation Pause) 204M->157M(1024M) 91,006ms
[2024-05-29T23:37:33.691-0400][gc,cpu      ] GC(20) User=0,02s Sys=0,13s Real=0,09s
[2024-05-29T23:48:13.443-0400][gc,start    ] GC(21) Pause Young (Normal) (G1 Evacuation Pause)
[2024-05-29T23:48:13.447-0400][gc,task     ] GC(21) Using 6 workers of 6 for evacuation
[2024-05-29T23:48:13.996-0400][gc,mmu      ] GC(21) MMU target violated: 21,0ms (20,0ms/21,0ms)
[2024-05-29T23:48:13.997-0400][gc,phases   ] GC(21)   Pre Evacuate Collection Set: 1,8ms
[2024-05-29T23:48:13.997-0400][gc,phases   ] GC(21)   Merge Heap Roots: 0,4ms
[2024-05-29T23:48:13.997-0400][gc,phases   ] GC(21)   Evacuate Collection Set: 547,5ms
[2024-05-29T23:48:13.997-0400][gc,phases   ] GC(21)   Post Evacuate Collection Set: -0,6ms
[2024-05-29T23:48:13.997-0400][gc,phases   ] GC(21)   Other: 0,1ms
[2024-05-29T23:48:13.997-0400][gc,heap     ] GC(21) Eden regions: 48->0(45)
[2024-05-29T23:48:13.997-0400][gc,heap     ] GC(21) Survivor regions: 3->6(7)
[2024-05-29T23:48:13.997-0400][gc,heap     ] GC(21) Old regions: 27->27
[2024-05-29T23:48:13.997-0400][gc,heap     ] GC(21) Humongous regions: 129->129
[2024-05-29T23:48:13.997-0400][gc,metaspace] GC(21) Metaspace: 42584K(43264K)->42584K(43264K) NonClass: 37828K(38208K)->37828K(38208K) Class: 4756K(5056K)->4756K(5056K)
[2024-05-29T23:48:13.997-0400][gc          ] GC(21) Pause Young (Normal) (G1 Evacuation Pause) 205M->160M(1024M) 553,974ms
[2024-05-29T23:48:13.997-0400][gc,cpu      ] GC(21) User=0,08s Sys=0,46s Real=0,56s
[2024-05-29T23:55:28.211-0400][gc,start    ] GC(22) Pause Young (Normal) (G1 Evacuation Pause)
[2024-05-29T23:55:28.213-0400][gc,task     ] GC(22) Using 6 workers of 6 for evacuation
[2024-05-29T23:55:28.270-0400][gc,mmu      ] GC(22) MMU target violated: 21,0ms (20,0ms/21,0ms)
[2024-05-29T23:55:28.271-0400][gc,phases   ] GC(22)   Pre Evacuate Collection Set: 1,3ms
[2024-05-29T23:55:28.271-0400][gc,phases   ] GC(22)   Merge Heap Roots: 0,3ms
[2024-05-29T23:55:28.271-0400][gc,phases   ] GC(22)   Evacuate Collection Set: 53,2ms
[2024-05-29T23:55:28.271-0400][gc,phases   ] GC(22)   Post Evacuate Collection Set: 1,6ms
[2024-05-29T23:55:28.271-0400][gc,phases   ] GC(22)   Other: 0,3ms
[2024-05-29T23:55:28.271-0400][gc,heap     ] GC(22) Eden regions: 45->0(46)
[2024-05-29T23:55:28.271-0400][gc,heap     ] GC(22) Survivor regions: 6->5(7)
[2024-05-29T23:55:28.271-0400][gc,heap     ] GC(22) Old regions: 27->31
[2024-05-29T23:55:28.271-0400][gc,heap     ] GC(22) Humongous regions: 129->129
[2024-05-29T23:55:28.271-0400][gc,metaspace] GC(22) Metaspace: 42743K(43392K)->42743K(43392K) NonClass: 37986K(38336K)->37986K(38336K) Class: 4756K(5056K)->4756K(5056K)
[2024-05-29T23:55:28.271-0400][gc          ] GC(22) Pause Young (Normal) (G1 Evacuation Pause) 205M->163M(1024M) 59,927ms
[2024-05-29T23:55:28.271-0400][gc,cpu      ] GC(22) User=0,04s Sys=0,04s Real=0,06s
[2024-05-30T09:24:16.847-0400][gc,start    ] GC(23) Pause Young (Normal) (G1 Evacuation Pause)
[2024-05-30T09:24:16.847-0400][gc,task     ] GC(23) Using 6 workers of 6 for evacuation
[2024-05-30T09:24:16.913-0400][gc,mmu      ] GC(23) MMU target violated: 21,0ms (20,0ms/21,0ms)
[2024-05-30T09:24:16.913-0400][gc,phases   ] GC(23)   Pre Evacuate Collection Set: 6,8ms
[2024-05-30T09:24:16.913-0400][gc,phases   ] GC(23)   Merge Heap Roots: 0,7ms
[2024-05-30T09:24:16.913-0400][gc,phases   ] GC(23)   Evacuate Collection Set: 53,7ms
[2024-05-30T09:24:16.913-0400][gc,phases   ] GC(23)   Post Evacuate Collection Set: 3,0ms
[2024-05-30T09:24:16.913-0400][gc,phases   ] GC(23)   Other: 1,7ms
[2024-05-30T09:24:16.913-0400][gc,heap     ] GC(23) Eden regions: 46->0(46)
[2024-05-30T09:24:16.913-0400][gc,heap     ] GC(23) Survivor regions: 5->5(7)
[2024-05-30T09:24:16.913-0400][gc,heap     ] GC(23) Old regions: 31->34
[2024-05-30T09:24:16.913-0400][gc,heap     ] GC(23) Humongous regions: 129->129
[2024-05-30T09:24:16.914-0400][gc,metaspace] GC(23) Metaspace: 42775K(43456K)->42775K(43456K) NonClass: 38016K(38400K)->38016K(38400K) Class: 4759K(5056K)->4759K(5056K)
[2024-05-30T09:24:16.914-0400][gc          ] GC(23) Pause Young (Normal) (G1 Evacuation Pause) 209M->166M(1024M) 67,325ms
[2024-05-30T09:24:16.914-0400][gc,cpu      ] GC(23) User=0,05s Sys=0,06s Real=0,03s
[2024-05-30T09:33:06.575-0400][gc,start    ] GC(24) Pause Young (Normal) (G1 Evacuation Pause)
[2024-05-30T09:33:06.576-0400][gc,task     ] GC(24) Using 6 workers of 6 for evacuation
[2024-05-30T09:33:06.629-0400][gc,mmu      ] GC(24) MMU target violated: 21,0ms (20,0ms/21,0ms)
[2024-05-30T09:33:06.629-0400][gc,phases   ] GC(24)   Pre Evacuate Collection Set: 1,6ms
[2024-05-30T09:33:06.629-0400][gc,phases   ] GC(24)   Merge Heap Roots: 0,4ms
[2024-05-30T09:33:06.629-0400][gc,phases   ] GC(24)   Evacuate Collection Set: 48,9ms
[2024-05-30T09:33:06.629-0400][gc,phases   ] GC(24)   Post Evacuate Collection Set: 2,0ms
[2024-05-30T09:33:06.629-0400][gc,phases   ] GC(24)   Other: 0,6ms
[2024-05-30T09:33:06.629-0400][gc,heap     ] GC(24) Eden regions: 46->0(44)
[2024-05-30T09:33:06.629-0400][gc,heap     ] GC(24) Survivor regions: 5->7(7)
[2024-05-30T09:33:06.629-0400][gc,heap     ] GC(24) Old regions: 34->38
[2024-05-30T09:33:06.629-0400][gc,heap     ] GC(24) Humongous regions: 129->129
[2024-05-30T09:33:06.629-0400][gc,metaspace] GC(24) Metaspace: 42826K(43456K)->42826K(43456K) NonClass: 38066K(38400K)->38066K(38400K) Class: 4759K(5056K)->4759K(5056K)
[2024-05-30T09:33:06.630-0400][gc          ] GC(24) Pause Young (Normal) (G1 Evacuation Pause) 212M->172M(1024M) 55,353ms
[2024-05-30T09:33:06.630-0400][gc,cpu      ] GC(24) User=0,05s Sys=0,06s Real=0,05s
[2024-05-30T09:42:19.994-0400][gc,start    ] GC(25) Pause Young (Normal) (G1 Evacuation Pause)
[2024-05-30T09:42:19.994-0400][gc,task     ] GC(25) Using 6 workers of 6 for evacuation
[2024-05-30T09:42:20.018-0400][gc,mmu      ] GC(25) MMU target violated: 21,0ms (20,0ms/21,0ms)
[2024-05-30T09:42:20.018-0400][gc,phases   ] GC(25)   Pre Evacuate Collection Set: 0,9ms
[2024-05-30T09:42:20.018-0400][gc,phases   ] GC(25)   Merge Heap Roots: 0,3ms
[2024-05-30T09:42:20.018-0400][gc,phases   ] GC(25)   Evacuate Collection Set: 18,3ms
[2024-05-30T09:42:20.018-0400][gc,phases   ] GC(25)   Post Evacuate Collection Set: 3,5ms
[2024-05-30T09:42:20.018-0400][gc,phases   ] GC(25)   Other: 0,4ms
[2024-05-30T09:42:20.018-0400][gc,heap     ] GC(25) Eden regions: 44->0(48)
[2024-05-30T09:42:20.018-0400][gc,heap     ] GC(25) Survivor regions: 7->3(7)
[2024-05-30T09:42:20.018-0400][gc,heap     ] GC(25) Old regions: 38->42
[2024-05-30T09:42:20.018-0400][gc,heap     ] GC(25) Humongous regions: 129->129
[2024-05-30T09:42:20.018-0400][gc,metaspace] GC(25) Metaspace: 42856K(43456K)->42856K(43456K) NonClass: 38095K(38400K)->38095K(38400K) Class: 4760K(5056K)->4760K(5056K)
[2024-05-30T09:42:20.018-0400][gc          ] GC(25) Pause Young (Normal) (G1 Evacuation Pause) 216M->173M(1024M) 23,777ms
[2024-05-30T09:42:20.018-0400][gc,cpu      ] GC(25) User=0,03s Sys=0,01s Real=0,02s
[2024-05-30T09:53:09.830-0400][gc,start    ] GC(26) Pause Young (Normal) (G1 Evacuation Pause)
[2024-05-30T09:53:09.903-0400][gc,task     ] GC(26) Using 6 workers of 6 for evacuation
[2024-05-30T09:53:10.031-0400][gc,mmu      ] GC(26) MMU target violated: 21,0ms (20,0ms/21,0ms)
[2024-05-30T09:53:10.032-0400][gc,phases   ] GC(26)   Pre Evacuate Collection Set: 12,2ms
[2024-05-30T09:53:10.032-0400][gc,phases   ] GC(26)   Merge Heap Roots: 0,2ms
[2024-05-30T09:53:10.033-0400][gc,phases   ] GC(26)   Evacuate Collection Set: 34,2ms
[2024-05-30T09:53:10.033-0400][gc,phases   ] GC(26)   Post Evacuate Collection Set: 55,1ms
[2024-05-30T09:53:10.033-0400][gc,phases   ] GC(26)   Other: 44,8ms
[2024-05-30T09:53:10.039-0400][gc,heap     ] GC(26) Eden regions: 48->0(45)
[2024-05-30T09:53:10.039-0400][gc,heap     ] GC(26) Survivor regions: 3->6(7)
[2024-05-30T09:53:10.039-0400][gc,heap     ] GC(26) Old regions: 42->42
[2024-05-30T09:53:10.039-0400][gc,heap     ] GC(26) Humongous regions: 129->129
[2024-05-30T09:53:10.051-0400][gc,metaspace] GC(26) Metaspace: 42909K(43520K)->42909K(43520K) NonClass: 38149K(38464K)->38149K(38464K) Class: 4760K(5056K)->4760K(5056K)
[2024-05-30T09:53:10.059-0400][gc          ] GC(26) Pause Young (Normal) (G1 Evacuation Pause) 221M->176M(1024M) 230,846ms
[2024-05-30T09:53:10.059-0400][gc,cpu      ] GC(26) User=0,06s Sys=0,09s Real=0,24s
[2024-05-30T10:02:21.279-0400][gc,start    ] GC(27) Pause Young (Normal) (G1 Evacuation Pause)
[2024-05-30T10:02:21.281-0400][gc,task     ] GC(27) Using 6 workers of 6 for evacuation
[2024-05-30T10:02:21.293-0400][gc,phases   ] GC(27)   Pre Evacuate Collection Set: 0,6ms
[2024-05-30T10:02:21.293-0400][gc,phases   ] GC(27)   Merge Heap Roots: 0,3ms
[2024-05-30T10:02:21.293-0400][gc,phases   ] GC(27)   Evacuate Collection Set: 7,7ms
[2024-05-30T10:02:21.293-0400][gc,phases   ] GC(27)   Post Evacuate Collection Set: 2,1ms
[2024-05-30T10:02:21.293-0400][gc,phases   ] GC(27)   Other: 2,1ms
[2024-05-30T10:02:21.293-0400][gc,heap     ] GC(27) Eden regions: 45->0(46)
[2024-05-30T10:02:21.293-0400][gc,heap     ] GC(27) Survivor regions: 6->5(7)
[2024-05-30T10:02:21.293-0400][gc,heap     ] GC(27) Old regions: 42->47
[2024-05-30T10:02:21.293-0400][gc,heap     ] GC(27) Humongous regions: 129->129
[2024-05-30T10:02:21.293-0400][gc,metaspace] GC(27) Metaspace: 42983K(43648K)->42983K(43648K) NonClass: 38223K(38592K)->38223K(38592K) Class: 4760K(5056K)->4760K(5056K)
[2024-05-30T10:02:21.294-0400][gc          ] GC(27) Pause Young (Normal) (G1 Evacuation Pause) 221M->179M(1024M) 14,193ms
[2024-05-30T10:02:21.294-0400][gc,cpu      ] GC(27) User=0,04s Sys=0,00s Real=0,01s
[2024-05-30T10:12:19.376-0400][gc,start    ] GC(28) Pause Young (Normal) (G1 Evacuation Pause)
[2024-05-30T10:12:19.547-0400][gc,task     ] GC(28) Using 6 workers of 6 for evacuation
[2024-05-30T10:12:19.771-0400][gc,mmu      ] GC(28) MMU target violated: 21,0ms (20,0ms/21,0ms)
[2024-05-30T10:12:19.778-0400][gc,phases   ] GC(28)   Pre Evacuate Collection Set: 0,4ms
[2024-05-30T10:12:19.778-0400][gc,phases   ] GC(28)   Merge Heap Roots: 0,2ms
[2024-05-30T10:12:19.778-0400][gc,phases   ] GC(28)   Evacuate Collection Set: 65,3ms
[2024-05-30T10:12:19.778-0400][gc,phases   ] GC(28)   Post Evacuate Collection Set: 103,7ms
[2024-05-30T10:12:19.785-0400][gc,phases   ] GC(28)   Other: 96,8ms
[2024-05-30T10:12:19.801-0400][gc,heap     ] GC(28) Eden regions: 46->0(46)
[2024-05-30T10:12:19.801-0400][gc,heap     ] GC(28) Survivor regions: 5->5(7)
[2024-05-30T10:12:19.801-0400][gc,heap     ] GC(28) Old regions: 47->50
[2024-05-30T10:12:19.801-0400][gc,heap     ] GC(28) Humongous regions: 129->129
[2024-05-30T10:12:19.815-0400][gc,metaspace] GC(28) Metaspace: 43053K(43712K)->43053K(43712K) NonClass: 38293K(38656K)->38293K(38656K) Class: 4760K(5056K)->4760K(5056K)
[2024-05-30T10:12:19.826-0400][gc          ] GC(28) Pause Young (Normal) (G1 Evacuation Pause) 225M->183M(1024M) 459,960ms
[2024-05-30T10:12:19.827-0400][gc,cpu      ] GC(28) User=0,02s Sys=0,10s Real=0,46s
[2024-05-30T10:21:59.357-0400][gc,start    ] GC(29) Pause Young (Normal) (G1 Evacuation Pause)
[2024-05-30T10:22:00.259-0400][gc,task     ] GC(29) Using 6 workers of 6 for evacuation
[2024-05-30T10:22:05.443-0400][gc,mmu      ] GC(29) MMU target violated: 21,0ms (20,0ms/21,0ms)
[2024-05-30T10:22:06.579-0400][gc,phases   ] GC(29)   Pre Evacuate Collection Set: 293,1ms
[2024-05-30T10:22:07.363-0400][gc,phases   ] GC(29)   Merge Heap Roots: 124,1ms
[2024-05-30T10:22:07.383-0400][gc,phases   ] GC(29)   Evacuate Collection Set: 1710,3ms
[2024-05-30T10:22:07.383-0400][gc,phases   ] GC(29)   Post Evacuate Collection Set: 1810,4ms
[2024-05-30T10:22:07.405-0400][gc,phases   ] GC(29)   Other: 2349,8ms
[2024-05-30T10:22:07.503-0400][gc,heap     ] GC(29) Eden regions: 46->0(46)
[2024-05-30T10:22:07.503-0400][gc,heap     ] GC(29) Survivor regions: 5->5(7)
[2024-05-30T10:22:07.503-0400][gc,heap     ] GC(29) Old regions: 50->54
[2024-05-30T10:22:07.503-0400][gc,heap     ] GC(29) Humongous regions: 129->129
[2024-05-30T10:22:07.611-0400][gc,metaspace] GC(29) Metaspace: 43082K(43712K)->43082K(43712K) NonClass: 38322K(38656K)->38322K(38656K) Class: 4760K(5056K)->4760K(5056K)
[2024-05-30T10:22:08.799-0400][gc          ] GC(29) Pause Young (Normal) (G1 Evacuation Pause) 229M->186M(1024M) 9133,249ms
[2024-05-30T10:22:09.807-0400][gc,cpu      ] GC(29) User=0,26s Sys=1,65s Real=10,10s
[2024-05-30T10:41:01.161-0400][gc,start    ] GC(30) Pause Young (Normal) (G1 Evacuation Pause)
[2024-05-30T10:41:03.694-0400][gc,task     ] GC(30) Using 6 workers of 6 for evacuation
[2024-05-30T10:41:14.776-0400][gc,mmu      ] GC(30) MMU target violated: 21,0ms (20,0ms/21,0ms)
[2024-05-30T10:41:16.817-0400][gc,phases   ] GC(30)   Pre Evacuate Collection Set: 986,7ms
[2024-05-30T10:41:18.172-0400][gc,phases   ] GC(30)   Merge Heap Roots: 510,0ms
[2024-05-30T10:41:20.261-0400][gc,phases   ] GC(30)   Evacuate Collection Set: 2908,7ms
[2024-05-30T10:41:23.916-0400][gc,phases   ] GC(30)   Post Evacuate Collection Set: 4349,2ms
[2024-05-30T10:41:31.811-0400][gc,phases   ] GC(30)   Other: 4511,2ms
[2024-05-30T10:41:33.595-0400][gc,heap     ] GC(30) Eden regions: 46->0(49)
[2024-05-30T10:41:34.455-0400][gc,heap     ] GC(30) Survivor regions: 5->2(7)
[2024-05-30T10:41:34.605-0400][gc,heap     ] GC(30) Old regions: 54->58
[2024-05-30T10:41:34.605-0400][gc,heap     ] GC(30) Humongous regions: 129->129
[2024-05-30T10:41:34.645-0400][gc,metaspace] GC(30) Metaspace: 43279K(43904K)->43279K(43904K) NonClass: 38490K(38848K)->38490K(38848K) Class: 4789K(5056K)->4789K(5056K)
[2024-05-30T10:41:34.823-0400][gc          ] GC(30) Pause Young (Normal) (G1 Evacuation Pause) 232M->188M(1024M) 34089,340ms
[2024-05-30T10:41:34.867-0400][gc,cpu      ] GC(30) User=0,00s Sys=1,88s Real=34,57s
