[2024-06-21T16:27:16.087-0400][gc,init] CardTable entry size: 512
[2024-06-21T16:27:16.087-0400][gc     ] Using G1
[2024-06-21T16:27:16.101-0400][gc,init] Version: 21.0.3+9-Ubuntu-1ubuntu1 (release)
[2024-06-21T16:27:16.101-0400][gc,init] CPUs: 6 total, 6 available
[2024-06-21T16:27:16.101-0400][gc,init] Memory: 7940M
[2024-06-21T16:27:16.101-0400][gc,init] Large Page Support: Disabled
[2024-06-21T16:27:16.101-0400][gc,init] NUMA Support: Disabled
[2024-06-21T16:27:16.101-0400][gc,init] Compressed Oops: Enabled (32-bit)
[2024-06-21T16:27:16.101-0400][gc,init] Heap Region Size: 1M
[2024-06-21T16:27:16.101-0400][gc,init] Heap Min Capacity: 1G
[2024-06-21T16:27:16.101-0400][gc,init] Heap Initial Capacity: 1G
[2024-06-21T16:27:16.101-0400][gc,init] Heap Max Capacity: 1G
[2024-06-21T16:27:16.101-0400][gc,init] Pre-touch: Disabled
[2024-06-21T16:27:16.101-0400][gc,init] Parallel Workers: 6
[2024-06-21T16:27:16.101-0400][gc,init] Concurrent Workers: 2
[2024-06-21T16:27:16.101-0400][gc,init] Concurrent Refinement Workers: 6
[2024-06-21T16:27:16.101-0400][gc,init] Periodic GC: Disabled
[2024-06-21T16:27:16.112-0400][gc,metaspace] CDS archive(s) mapped at: [0x00007a6bf3000000-0x00007a6bf3caa000-0x00007a6bf3caa000), size 13279232, SharedBaseAddress: 0x00007a6bf3000000, ArchiveRelocationMode: 1.
[2024-06-21T16:27:16.112-0400][gc,metaspace] Compressed class space mapped at: 0x00007a6bf4000000-0x00007a6c34000000, reserved size: 1073741824
[2024-06-21T16:27:16.112-0400][gc,metaspace] Narrow klass base: 0x00007a6bf3000000, Narrow klass shift: 0, Narrow klass range: 0x100000000
[2024-06-21T16:27:17.523-0400][gc,start    ] GC(0) Pause Young (Normal) (G1 Evacuation Pause)
[2024-06-21T16:27:17.529-0400][gc,task     ] GC(0) Using 6 workers of 6 for evacuation
[2024-06-21T16:27:17.550-0400][gc,mmu      ] GC(0) MMU target violated: 21,0ms (20,0ms/21,0ms)
[2024-06-21T16:27:17.550-0400][gc,phases   ] GC(0)   Pre Evacuate Collection Set: 8,3ms
[2024-06-21T16:27:17.550-0400][gc,phases   ] GC(0)   Merge Heap Roots: 0,8ms
[2024-06-21T16:27:17.550-0400][gc,phases   ] GC(0)   Evacuate Collection Set: 8,8ms
[2024-06-21T16:27:17.550-0400][gc,phases   ] GC(0)   Post Evacuate Collection Set: 3,5ms
[2024-06-21T16:27:17.550-0400][gc,phases   ] GC(0)   Other: 5,4ms
[2024-06-21T16:27:17.550-0400][gc,heap     ] GC(0) Eden regions: 51->0(44)
[2024-06-21T16:27:17.550-0400][gc,heap     ] GC(0) Survivor regions: 0->7(7)
[2024-06-21T16:27:17.550-0400][gc,heap     ] GC(0) Old regions: 2->3
[2024-06-21T16:27:17.550-0400][gc,heap     ] GC(0) Humongous regions: 0->0
[2024-06-21T16:27:17.550-0400][gc,metaspace] GC(0) Metaspace: 18685K(18944K)->18685K(18944K) NonClass: 16572K(16704K)->16572K(16704K) Class: 2112K(2240K)->2112K(2240K)
[2024-06-21T16:27:17.550-0400][gc          ] GC(0) Pause Young (Normal) (G1 Evacuation Pause) 52M->8M(1024M) 26,951ms
[2024-06-21T16:27:17.550-0400][gc,cpu      ] GC(0) User=0,03s Sys=0,03s Real=0,03s
[2024-06-21T16:27:17.872-0400][gc,start    ] GC(1) Pause Young (Concurrent Start) (Metadata GC Threshold)
[2024-06-21T16:27:17.872-0400][gc,task     ] GC(1) Using 6 workers of 6 for evacuation
[2024-06-21T16:27:17.887-0400][gc,phases   ] GC(1)   Pre Evacuate Collection Set: 0,5ms
[2024-06-21T16:27:17.887-0400][gc,phases   ] GC(1)   Merge Heap Roots: 0,1ms
[2024-06-21T16:27:17.887-0400][gc,phases   ] GC(1)   Evacuate Collection Set: 13,2ms
[2024-06-21T16:27:17.887-0400][gc,phases   ] GC(1)   Post Evacuate Collection Set: 1,3ms
[2024-06-21T16:27:17.887-0400][gc,phases   ] GC(1)   Other: 0,3ms
[2024-06-21T16:27:17.887-0400][gc,heap     ] GC(1) Eden regions: 11->0(49)
[2024-06-21T16:27:17.887-0400][gc,heap     ] GC(1) Survivor regions: 7->2(7)
[2024-06-21T16:27:17.887-0400][gc,heap     ] GC(1) Old regions: 3->10
[2024-06-21T16:27:17.887-0400][gc,heap     ] GC(1) Humongous regions: 0->0
[2024-06-21T16:27:17.887-0400][gc,metaspace] GC(1) Metaspace: 21327K(21504K)->21327K(21504K) NonClass: 18873K(18944K)->18873K(18944K) Class: 2454K(2560K)->2454K(2560K)
[2024-06-21T16:27:17.887-0400][gc          ] GC(1) Pause Young (Concurrent Start) (Metadata GC Threshold) 18M->9M(1024M) 15,689ms
[2024-06-21T16:27:17.887-0400][gc,cpu      ] GC(1) User=0,01s Sys=0,02s Real=0,01s
[2024-06-21T16:27:17.887-0400][gc          ] GC(2) Concurrent Mark Cycle
[2024-06-21T16:27:17.887-0400][gc,marking  ] GC(2) Concurrent Scan Root Regions
[2024-06-21T16:27:17.890-0400][gc,marking  ] GC(2) Concurrent Scan Root Regions 2,919ms
[2024-06-21T16:27:17.890-0400][gc,marking  ] GC(2) Concurrent Mark
[2024-06-21T16:27:17.890-0400][gc,marking  ] GC(2) Concurrent Mark From Roots
[2024-06-21T16:27:17.890-0400][gc,task     ] GC(2) Using 2 workers of 2 for marking
[2024-06-21T16:27:17.897-0400][gc,marking  ] GC(2) Concurrent Mark From Roots 6,971ms
[2024-06-21T16:27:17.897-0400][gc,marking  ] GC(2) Concurrent Preclean
[2024-06-21T16:27:17.897-0400][gc,marking  ] GC(2) Concurrent Preclean 0,007ms
[2024-06-21T16:27:17.901-0400][gc,start    ] GC(2) Pause Remark
[2024-06-21T16:27:17.908-0400][gc          ] GC(2) Pause Remark 10M->10M(1024M) 6,809ms
[2024-06-21T16:27:17.908-0400][gc,cpu      ] GC(2) User=0,01s Sys=0,00s Real=0,00s
[2024-06-21T16:27:17.908-0400][gc,marking  ] GC(2) Concurrent Mark 17,615ms
[2024-06-21T16:27:17.908-0400][gc,marking  ] GC(2) Concurrent Rebuild Remembered Sets and Scrub Regions
[2024-06-21T16:27:17.910-0400][gc,marking  ] GC(2) Concurrent Rebuild Remembered Sets and Scrub Regions 2,300ms
[2024-06-21T16:27:17.911-0400][gc,start    ] GC(2) Pause Cleanup
[2024-06-21T16:27:17.911-0400][gc          ] GC(2) Pause Cleanup 10M->10M(1024M) 0,676ms
[2024-06-21T16:27:17.911-0400][gc,cpu      ] GC(2) User=0,00s Sys=0,00s Real=0,00s
[2024-06-21T16:27:17.912-0400][gc,marking  ] GC(2) Concurrent Clear Claimed Marks
[2024-06-21T16:27:17.912-0400][gc,marking  ] GC(2) Concurrent Clear Claimed Marks 0,037ms
[2024-06-21T16:27:17.912-0400][gc,marking  ] GC(2) Concurrent Cleanup for Next Mark
[2024-06-21T16:27:17.920-0400][gc,marking  ] GC(2) Concurrent Cleanup for Next Mark 8,696ms
[2024-06-21T16:27:17.921-0400][gc          ] GC(2) Concurrent Mark Cycle 33,127ms
[2024-06-21T16:27:20.006-0400][gc,start    ] GC(3) Pause Young (Prepare Mixed) (G1 Evacuation Pause)
[2024-06-21T16:27:20.006-0400][gc,task     ] GC(3) Using 6 workers of 6 for evacuation
[2024-06-21T16:27:20.019-0400][gc,phases   ] GC(3)   Pre Evacuate Collection Set: 0,7ms
[2024-06-21T16:27:20.019-0400][gc,phases   ] GC(3)   Merge Heap Roots: 0,2ms
[2024-06-21T16:27:20.019-0400][gc,phases   ] GC(3)   Evacuate Collection Set: 10,7ms
[2024-06-21T16:27:20.019-0400][gc,phases   ] GC(3)   Post Evacuate Collection Set: 1,5ms
[2024-06-21T16:27:20.019-0400][gc,phases   ] GC(3)   Other: 0,1ms
[2024-06-21T16:27:20.019-0400][gc,heap     ] GC(3) Eden regions: 49->0(45)
[2024-06-21T16:27:20.019-0400][gc,heap     ] GC(3) Survivor regions: 2->6(7)
[2024-06-21T16:27:20.019-0400][gc,heap     ] GC(3) Old regions: 10->10
[2024-06-21T16:27:20.019-0400][gc,heap     ] GC(3) Humongous regions: 129->129
[2024-06-21T16:27:20.019-0400][gc,metaspace] GC(3) Metaspace: 30999K(31360K)->30999K(31360K) NonClass: 27571K(27776K)->27571K(27776K) Class: 3428K(3584K)->3428K(3584K)
[2024-06-21T16:27:20.019-0400][gc          ] GC(3) Pause Young (Prepare Mixed) (G1 Evacuation Pause) 187M->143M(1024M) 13,260ms
[2024-06-21T16:27:20.019-0400][gc,cpu      ] GC(3) User=0,04s Sys=0,02s Real=0,01s
[2024-06-21T16:27:20.452-0400][gc,start    ] GC(4) Pause Young (Mixed) (Metadata GC Threshold)
[2024-06-21T16:27:20.452-0400][gc,task     ] GC(4) Using 6 workers of 6 for evacuation
[2024-06-21T16:27:20.461-0400][gc,phases   ] GC(4)   Pre Evacuate Collection Set: 0,5ms
[2024-06-21T16:27:20.461-0400][gc,phases   ] GC(4)   Merge Heap Roots: 0,6ms
[2024-06-21T16:27:20.461-0400][gc,phases   ] GC(4)   Evacuate Collection Set: 6,1ms
[2024-06-21T16:27:20.461-0400][gc,phases   ] GC(4)   Post Evacuate Collection Set: 1,9ms
[2024-06-21T16:27:20.461-0400][gc,phases   ] GC(4)   Other: 0,1ms
[2024-06-21T16:27:20.462-0400][gc,heap     ] GC(4) Eden regions: 18->0(49)
[2024-06-21T16:27:20.462-0400][gc,heap     ] GC(4) Survivor regions: 6->2(7)
[2024-06-21T16:27:20.462-0400][gc,heap     ] GC(4) Old regions: 10->14
[2024-06-21T16:27:20.462-0400][gc,heap     ] GC(4) Humongous regions: 129->129
[2024-06-21T16:27:20.462-0400][gc,metaspace] GC(4) Metaspace: 35835K(36096K)->35835K(36096K) NonClass: 31985K(32128K)->31985K(32128K) Class: 3850K(3968K)->3850K(3968K)
[2024-06-21T16:27:20.462-0400][gc          ] GC(4) Pause Young (Mixed) (Metadata GC Threshold) 161M->144M(1024M) 9,369ms
[2024-06-21T16:27:20.462-0400][gc,cpu      ] GC(4) User=0,02s Sys=0,01s Real=0,01s
[2024-06-21T16:27:20.488-0400][gc,start    ] GC(5) Pause Young (Concurrent Start) (Metadata GC Threshold)
[2024-06-21T16:27:20.488-0400][gc,task     ] GC(5) Using 6 workers of 6 for evacuation
[2024-06-21T16:27:20.497-0400][gc,phases   ] GC(5)   Pre Evacuate Collection Set: 1,7ms
[2024-06-21T16:27:20.497-0400][gc,phases   ] GC(5)   Merge Heap Roots: 0,6ms
[2024-06-21T16:27:20.497-0400][gc,phases   ] GC(5)   Evacuate Collection Set: 2,3ms
[2024-06-21T16:27:20.497-0400][gc,phases   ] GC(5)   Post Evacuate Collection Set: 2,7ms
[2024-06-21T16:27:20.497-0400][gc,phases   ] GC(5)   Other: 1,2ms
[2024-06-21T16:27:20.497-0400][gc,heap     ] GC(5) Eden regions: 2->0(49)
[2024-06-21T16:27:20.497-0400][gc,heap     ] GC(5) Survivor regions: 2->2(7)
[2024-06-21T16:27:20.497-0400][gc,heap     ] GC(5) Old regions: 14->14
[2024-06-21T16:27:20.497-0400][gc,heap     ] GC(5) Humongous regions: 129->129
[2024-06-21T16:27:20.497-0400][gc,metaspace] GC(5) Metaspace: 36143K(36416K)->36143K(36416K) NonClass: 32240K(32384K)->32240K(32384K) Class: 3902K(4032K)->3902K(4032K)
[2024-06-21T16:27:20.497-0400][gc          ] GC(5) Pause Young (Concurrent Start) (Metadata GC Threshold) 146M->144M(1024M) 8,877ms
[2024-06-21T16:27:20.497-0400][gc,cpu      ] GC(5) User=0,01s Sys=0,01s Real=0,01s
[2024-06-21T16:27:20.497-0400][gc          ] GC(6) Concurrent Mark Cycle
[2024-06-21T16:27:20.497-0400][gc,marking  ] GC(6) Concurrent Scan Root Regions
[2024-06-21T16:27:20.499-0400][gc,marking  ] GC(6) Concurrent Scan Root Regions 1,594ms
[2024-06-21T16:27:20.499-0400][gc,marking  ] GC(6) Concurrent Mark
[2024-06-21T16:27:20.499-0400][gc,marking  ] GC(6) Concurrent Mark From Roots
[2024-06-21T16:27:20.499-0400][gc,task     ] GC(6) Using 2 workers of 2 for marking
[2024-06-21T16:27:20.507-0400][gc,marking  ] GC(6) Concurrent Mark From Roots 8,633ms
[2024-06-21T16:27:20.507-0400][gc,marking  ] GC(6) Concurrent Preclean
[2024-06-21T16:27:20.507-0400][gc,marking  ] GC(6) Concurrent Preclean 0,050ms
[2024-06-21T16:27:20.509-0400][gc,start    ] GC(6) Pause Remark
[2024-06-21T16:27:20.521-0400][gc          ] GC(6) Pause Remark 145M->145M(1024M) 12,483ms
[2024-06-21T16:27:20.521-0400][gc,cpu      ] GC(6) User=0,01s Sys=0,01s Real=0,02s
[2024-06-21T16:27:20.523-0400][gc,marking  ] GC(6) Concurrent Mark 23,831ms
[2024-06-21T16:27:20.523-0400][gc,marking  ] GC(6) Concurrent Rebuild Remembered Sets and Scrub Regions
[2024-06-21T16:27:20.525-0400][gc,marking  ] GC(6) Concurrent Rebuild Remembered Sets and Scrub Regions 2,914ms
[2024-06-21T16:27:20.526-0400][gc,start    ] GC(6) Pause Cleanup
[2024-06-21T16:27:20.526-0400][gc          ] GC(6) Pause Cleanup 145M->145M(1024M) 0,198ms
[2024-06-21T16:27:20.526-0400][gc,cpu      ] GC(6) User=0,00s Sys=0,00s Real=0,00s
[2024-06-21T16:27:20.526-0400][gc,marking  ] GC(6) Concurrent Clear Claimed Marks
[2024-06-21T16:27:20.526-0400][gc,marking  ] GC(6) Concurrent Clear Claimed Marks 0,035ms
[2024-06-21T16:27:20.526-0400][gc,marking  ] GC(6) Concurrent Cleanup for Next Mark
[2024-06-21T16:27:20.528-0400][gc,marking  ] GC(6) Concurrent Cleanup for Next Mark 1,983ms
[2024-06-21T16:27:20.528-0400][gc          ] GC(6) Concurrent Mark Cycle 31,382ms
[2024-06-21T16:35:13.106-0400][gc,start    ] GC(7) Pause Young (Prepare Mixed) (G1 Evacuation Pause)
[2024-06-21T16:35:13.106-0400][gc,task     ] GC(7) Using 6 workers of 6 for evacuation
[2024-06-21T16:35:13.118-0400][gc,phases   ] GC(7)   Pre Evacuate Collection Set: 1,8ms
[2024-06-21T16:35:13.118-0400][gc,phases   ] GC(7)   Merge Heap Roots: 0,1ms
[2024-06-21T16:35:13.118-0400][gc,phases   ] GC(7)   Evacuate Collection Set: 8,0ms
[2024-06-21T16:35:13.118-0400][gc,phases   ] GC(7)   Post Evacuate Collection Set: 2,5ms
[2024-06-21T16:35:13.118-0400][gc,phases   ] GC(7)   Other: 0,2ms
[2024-06-21T16:35:13.118-0400][gc,heap     ] GC(7) Eden regions: 49->0(45)
[2024-06-21T16:35:13.118-0400][gc,heap     ] GC(7) Survivor regions: 2->6(7)
[2024-06-21T16:35:13.118-0400][gc,heap     ] GC(7) Old regions: 14->14
[2024-06-21T16:35:13.118-0400][gc,heap     ] GC(7) Humongous regions: 129->129
[2024-06-21T16:35:13.118-0400][gc,metaspace] GC(7) Metaspace: 40715K(41280K)->40715K(41280K) NonClass: 36239K(36544K)->36239K(36544K) Class: 4476K(4736K)->4476K(4736K)
[2024-06-21T16:35:13.118-0400][gc          ] GC(7) Pause Young (Prepare Mixed) (G1 Evacuation Pause) 193M->148M(1024M) 12,748ms
[2024-06-21T16:35:13.118-0400][gc,cpu      ] GC(7) User=0,04s Sys=0,00s Real=0,01s
[2024-06-21T16:42:34.590-0400][gc,start    ] GC(8) Pause Young (Mixed) (G1 Evacuation Pause)
[2024-06-21T16:42:34.591-0400][gc,task     ] GC(8) Using 6 workers of 6 for evacuation
[2024-06-21T16:42:34.610-0400][gc,phases   ] GC(8)   Pre Evacuate Collection Set: 0,8ms
[2024-06-21T16:42:34.611-0400][gc,phases   ] GC(8)   Merge Heap Roots: 0,2ms
[2024-06-21T16:42:34.611-0400][gc,phases   ] GC(8)   Evacuate Collection Set: 16,7ms
[2024-06-21T16:42:34.611-0400][gc,phases   ] GC(8)   Post Evacuate Collection Set: 2,1ms
[2024-06-21T16:42:34.611-0400][gc,phases   ] GC(8)   Other: 0,1ms
[2024-06-21T16:42:34.611-0400][gc,heap     ] GC(8) Eden regions: 45->0(48)
[2024-06-21T16:42:34.611-0400][gc,heap     ] GC(8) Survivor regions: 6->3(7)
[2024-06-21T16:42:34.611-0400][gc,heap     ] GC(8) Old regions: 14->17
[2024-06-21T16:42:34.611-0400][gc,heap     ] GC(8) Humongous regions: 129->129
[2024-06-21T16:42:34.611-0400][gc,metaspace] GC(8) Metaspace: 41390K(41920K)->41390K(41920K) NonClass: 36790K(37056K)->36790K(37056K) Class: 4600K(4864K)->4600K(4864K)
[2024-06-21T16:42:34.611-0400][gc          ] GC(8) Pause Young (Mixed) (G1 Evacuation Pause) 193M->148M(1024M) 20,108ms
[2024-06-21T16:42:34.611-0400][gc,cpu      ] GC(8) User=0,03s Sys=0,01s Real=0,02s
[2024-06-21T16:51:39.983-0400][gc,start    ] GC(9) Pause Young (Normal) (G1 Evacuation Pause)
[2024-06-21T16:51:39.983-0400][gc,task     ] GC(9) Using 6 workers of 6 for evacuation
[2024-06-21T16:51:39.994-0400][gc,phases   ] GC(9)   Pre Evacuate Collection Set: 0,7ms
[2024-06-21T16:51:39.994-0400][gc,phases   ] GC(9)   Merge Heap Roots: 0,3ms
[2024-06-21T16:51:39.994-0400][gc,phases   ] GC(9)   Evacuate Collection Set: 7,7ms
[2024-06-21T16:51:39.994-0400][gc,phases   ] GC(9)   Post Evacuate Collection Set: 1,3ms
[2024-06-21T16:51:39.994-0400][gc,phases   ] GC(9)   Other: 0,1ms
[2024-06-21T16:51:39.994-0400][gc,heap     ] GC(9) Eden regions: 48->0(45)
[2024-06-21T16:51:39.994-0400][gc,heap     ] GC(9) Survivor regions: 3->6(7)
[2024-06-21T16:51:39.994-0400][gc,heap     ] GC(9) Old regions: 17->17
[2024-06-21T16:51:39.994-0400][gc,heap     ] GC(9) Humongous regions: 129->129
[2024-06-21T16:51:39.994-0400][gc,metaspace] GC(9) Metaspace: 41452K(42048K)->41452K(42048K) NonClass: 36852K(37184K)->36852K(37184K) Class: 4600K(4864K)->4600K(4864K)
[2024-06-21T16:51:39.994-0400][gc          ] GC(9) Pause Young (Normal) (G1 Evacuation Pause) 196M->151M(1024M) 10,339ms
[2024-06-21T16:51:39.994-0400][gc,cpu      ] GC(9) User=0,02s Sys=0,01s Real=0,01s
[2024-06-21T17:00:35.370-0400][gc,start    ] GC(10) Pause Young (Normal) (G1 Evacuation Pause)
[2024-06-21T17:00:35.371-0400][gc,task     ] GC(10) Using 6 workers of 6 for evacuation
[2024-06-21T17:00:35.383-0400][gc,phases   ] GC(10)   Pre Evacuate Collection Set: 0,8ms
[2024-06-21T17:00:35.383-0400][gc,phases   ] GC(10)   Merge Heap Roots: 0,2ms
[2024-06-21T17:00:35.383-0400][gc,phases   ] GC(10)   Evacuate Collection Set: 9,9ms
[2024-06-21T17:00:35.383-0400][gc,phases   ] GC(10)   Post Evacuate Collection Set: 1,5ms
[2024-06-21T17:00:35.383-0400][gc,phases   ] GC(10)   Other: 0,1ms
[2024-06-21T17:00:35.383-0400][gc,heap     ] GC(10) Eden regions: 45->0(46)
[2024-06-21T17:00:35.383-0400][gc,heap     ] GC(10) Survivor regions: 6->5(7)
[2024-06-21T17:00:35.383-0400][gc,heap     ] GC(10) Old regions: 17->21
[2024-06-21T17:00:35.383-0400][gc,heap     ] GC(10) Humongous regions: 129->129
[2024-06-21T17:00:35.383-0400][gc,metaspace] GC(10) Metaspace: 41615K(42240K)->41615K(42240K) NonClass: 36983K(37312K)->36983K(37312K) Class: 4631K(4928K)->4631K(4928K)
[2024-06-21T17:00:35.383-0400][gc          ] GC(10) Pause Young (Normal) (G1 Evacuation Pause) 196M->154M(1024M) 12,719ms
[2024-06-21T17:00:35.383-0400][gc,cpu      ] GC(10) User=0,02s Sys=0,02s Real=0,01s
[2024-06-21T17:10:03.531-0400][gc,start    ] GC(11) Pause Young (Normal) (G1 Evacuation Pause)
[2024-06-21T17:10:03.531-0400][gc,task     ] GC(11) Using 6 workers of 6 for evacuation
[2024-06-21T17:10:03.548-0400][gc,phases   ] GC(11)   Pre Evacuate Collection Set: 1,1ms
[2024-06-21T17:10:03.548-0400][gc,phases   ] GC(11)   Merge Heap Roots: 0,1ms
[2024-06-21T17:10:03.548-0400][gc,phases   ] GC(11)   Evacuate Collection Set: 13,3ms
[2024-06-21T17:10:03.548-0400][gc,phases   ] GC(11)   Post Evacuate Collection Set: 2,1ms
[2024-06-21T17:10:03.548-0400][gc,phases   ] GC(11)   Other: 0,0ms
[2024-06-21T17:10:03.548-0400][gc,heap     ] GC(11) Eden regions: 46->0(46)
[2024-06-21T17:10:03.548-0400][gc,heap     ] GC(11) Survivor regions: 5->5(7)
[2024-06-21T17:10:03.548-0400][gc,heap     ] GC(11) Old regions: 21->24
[2024-06-21T17:10:03.548-0400][gc,heap     ] GC(11) Humongous regions: 129->129
[2024-06-21T17:10:03.548-0400][gc,metaspace] GC(11) Metaspace: 41663K(42240K)->41663K(42240K) NonClass: 37030K(37312K)->37030K(37312K) Class: 4632K(4928K)->4632K(4928K)
[2024-06-21T17:10:03.548-0400][gc          ] GC(11) Pause Young (Normal) (G1 Evacuation Pause) 200M->156M(1024M) 17,047ms
[2024-06-21T17:10:03.548-0400][gc,cpu      ] GC(11) User=0,04s Sys=0,01s Real=0,01s
[2024-06-21T17:19:40.644-0400][gc,start    ] GC(12) Pause Young (Normal) (G1 Evacuation Pause)
[2024-06-21T17:19:40.648-0400][gc,task     ] GC(12) Using 6 workers of 6 for evacuation
[2024-06-21T17:19:40.668-0400][gc,phases   ] GC(12)   Pre Evacuate Collection Set: 1,9ms
[2024-06-21T17:19:40.668-0400][gc,phases   ] GC(12)   Merge Heap Roots: 2,5ms
[2024-06-21T17:19:40.668-0400][gc,phases   ] GC(12)   Evacuate Collection Set: 10,4ms
[2024-06-21T17:19:40.668-0400][gc,phases   ] GC(12)   Post Evacuate Collection Set: 4,9ms
[2024-06-21T17:19:40.668-0400][gc,phases   ] GC(12)   Other: 0,1ms
[2024-06-21T17:19:40.668-0400][gc,heap     ] GC(12) Eden regions: 46->0(46)
[2024-06-21T17:19:40.668-0400][gc,heap     ] GC(12) Survivor regions: 5->5(7)
[2024-06-21T17:19:40.668-0400][gc,heap     ] GC(12) Old regions: 24->28
[2024-06-21T17:19:40.668-0400][gc,heap     ] GC(12) Humongous regions: 129->129
[2024-06-21T17:19:40.668-0400][gc,metaspace] GC(12) Metaspace: 41684K(42304K)->41684K(42304K) NonClass: 37052K(37376K)->37052K(37376K) Class: 4632K(4928K)->4632K(4928K)
[2024-06-21T17:19:40.671-0400][gc          ] GC(12) Pause Young (Normal) (G1 Evacuation Pause) 202M->160M(1024M) 27,002ms
[2024-06-21T17:19:40.671-0400][gc,cpu      ] GC(12) User=0,02s Sys=0,02s Real=0,03s
[2024-06-21T17:28:45.285-0400][gc,start    ] GC(13) Pause Young (Normal) (G1 Evacuation Pause)
[2024-06-21T17:28:45.285-0400][gc,task     ] GC(13) Using 6 workers of 6 for evacuation
[2024-06-21T17:28:45.311-0400][gc,mmu      ] GC(13) MMU target violated: 21,0ms (20,0ms/21,0ms)
[2024-06-21T17:28:45.311-0400][gc,phases   ] GC(13)   Pre Evacuate Collection Set: 0,5ms
[2024-06-21T17:28:45.311-0400][gc,phases   ] GC(13)   Merge Heap Roots: 3,8ms
[2024-06-21T17:28:45.311-0400][gc,phases   ] GC(13)   Evacuate Collection Set: 19,1ms
[2024-06-21T17:28:45.311-0400][gc,phases   ] GC(13)   Post Evacuate Collection Set: 2,4ms
[2024-06-21T17:28:45.311-0400][gc,phases   ] GC(13)   Other: 0,2ms
[2024-06-21T17:28:45.311-0400][gc,heap     ] GC(13) Eden regions: 46->0(44)
[2024-06-21T17:28:45.311-0400][gc,heap     ] GC(13) Survivor regions: 5->7(7)
[2024-06-21T17:28:45.311-0400][gc,heap     ] GC(13) Old regions: 28->31
[2024-06-21T17:28:45.311-0400][gc,heap     ] GC(13) Humongous regions: 129->129
[2024-06-21T17:28:45.311-0400][gc,metaspace] GC(13) Metaspace: 41744K(42368K)->41744K(42368K) NonClass: 37108K(37440K)->37108K(37440K) Class: 4635K(4928K)->4635K(4928K)
[2024-06-21T17:28:45.311-0400][gc          ] GC(13) Pause Young (Normal) (G1 Evacuation Pause) 206M->165M(1024M) 26,135ms
[2024-06-21T17:28:45.311-0400][gc,cpu      ] GC(13) User=0,05s Sys=0,03s Real=0,03s
[2024-06-21T17:37:57.836-0400][gc,start    ] GC(14) Pause Young (Normal) (G1 Evacuation Pause)
[2024-06-21T17:37:57.836-0400][gc,task     ] GC(14) Using 6 workers of 6 for evacuation
[2024-06-21T17:37:57.858-0400][gc,mmu      ] GC(14) MMU target violated: 21,0ms (20,0ms/21,0ms)
[2024-06-21T17:37:57.858-0400][gc,phases   ] GC(14)   Pre Evacuate Collection Set: 8,0ms
[2024-06-21T17:37:57.858-0400][gc,phases   ] GC(14)   Merge Heap Roots: 0,2ms
[2024-06-21T17:37:57.858-0400][gc,phases   ] GC(14)   Evacuate Collection Set: 12,6ms
[2024-06-21T17:37:57.858-0400][gc,phases   ] GC(14)   Post Evacuate Collection Set: 1,0ms
[2024-06-21T17:37:57.858-0400][gc,phases   ] GC(14)   Other: 0,3ms
[2024-06-21T17:37:57.858-0400][gc,heap     ] GC(14) Eden regions: 44->0(47)
[2024-06-21T17:37:57.858-0400][gc,heap     ] GC(14) Survivor regions: 7->4(7)
[2024-06-21T17:37:57.858-0400][gc,heap     ] GC(14) Old regions: 31->35
[2024-06-21T17:37:57.858-0400][gc,heap     ] GC(14) Humongous regions: 129->129
[2024-06-21T17:37:57.858-0400][gc,metaspace] GC(14) Metaspace: 41767K(42432K)->41767K(42432K) NonClass: 37132K(37504K)->37132K(37504K) Class: 4635K(4928K)->4635K(4928K)
[2024-06-21T17:37:57.858-0400][gc          ] GC(14) Pause Young (Normal) (G1 Evacuation Pause) 209M->166M(1024M) 22,397ms
[2024-06-21T17:37:57.858-0400][gc,cpu      ] GC(14) User=0,03s Sys=0,03s Real=0,02s
[2024-06-21T17:47:49.840-0400][gc,start    ] GC(15) Pause Young (Normal) (G1 Evacuation Pause)
[2024-06-21T17:47:49.840-0400][gc,task     ] GC(15) Using 6 workers of 6 for evacuation
[2024-06-21T17:47:49.853-0400][gc,phases   ] GC(15)   Pre Evacuate Collection Set: 1,1ms
[2024-06-21T17:47:49.853-0400][gc,phases   ] GC(15)   Merge Heap Roots: 2,6ms
[2024-06-21T17:47:49.853-0400][gc,phases   ] GC(15)   Evacuate Collection Set: 7,5ms
[2024-06-21T17:47:49.853-0400][gc,phases   ] GC(15)   Post Evacuate Collection Set: 1,8ms
[2024-06-21T17:47:49.853-0400][gc,phases   ] GC(15)   Other: 0,1ms
[2024-06-21T17:47:49.853-0400][gc,heap     ] GC(15) Eden regions: 47->0(46)
[2024-06-21T17:47:49.853-0400][gc,heap     ] GC(15) Survivor regions: 4->5(7)
[2024-06-21T17:47:49.853-0400][gc,heap     ] GC(15) Old regions: 35->35
[2024-06-21T17:47:49.853-0400][gc,heap     ] GC(15) Humongous regions: 129->129
[2024-06-21T17:47:49.853-0400][gc,metaspace] GC(15) Metaspace: 41777K(42432K)->41777K(42432K) NonClass: 37141K(37504K)->37141K(37504K) Class: 4635K(4928K)->4635K(4928K)
[2024-06-21T17:47:49.853-0400][gc          ] GC(15) Pause Young (Normal) (G1 Evacuation Pause) 213M->168M(1024M) 13,247ms
[2024-06-21T17:47:49.853-0400][gc,cpu      ] GC(15) User=0,02s Sys=0,01s Real=0,01s
[2024-06-22T08:39:01.479-0400][gc,start    ] GC(16) Pause Young (Normal) (G1 Evacuation Pause)
[2024-06-22T08:39:01.479-0400][gc,task     ] GC(16) Using 6 workers of 6 for evacuation
[2024-06-22T08:39:01.533-0400][gc,mmu      ] GC(16) MMU target violated: 21,0ms (20,0ms/21,0ms)
[2024-06-22T08:39:01.533-0400][gc,phases   ] GC(16)   Pre Evacuate Collection Set: 7,6ms
[2024-06-22T08:39:01.533-0400][gc,phases   ] GC(16)   Merge Heap Roots: 0,9ms
[2024-06-22T08:39:01.533-0400][gc,phases   ] GC(16)   Evacuate Collection Set: 31,1ms
[2024-06-22T08:39:01.533-0400][gc,phases   ] GC(16)   Post Evacuate Collection Set: 10,7ms
[2024-06-22T08:39:01.533-0400][gc,phases   ] GC(16)   Other: 3,5ms
[2024-06-22T08:39:01.533-0400][gc,heap     ] GC(16) Eden regions: 64->0(44)
[2024-06-22T08:39:01.533-0400][gc,heap     ] GC(16) Survivor regions: 5->7(9)
[2024-06-22T08:39:01.533-0400][gc,heap     ] GC(16) Old regions: 35->36
[2024-06-22T08:39:01.533-0400][gc,heap     ] GC(16) Humongous regions: 129->129
[2024-06-22T08:39:01.533-0400][gc,metaspace] GC(16) Metaspace: 41795K(42432K)->41795K(42432K) NonClass: 37159K(37504K)->37159K(37504K) Class: 4635K(4928K)->4635K(4928K)
[2024-06-22T08:39:01.533-0400][gc          ] GC(16) Pause Young (Normal) (G1 Evacuation Pause) 232M->171M(1024M) 54,316ms
[2024-06-22T08:39:01.533-0400][gc,cpu      ] GC(16) User=0,22s Sys=0,00s Real=0,05s
[2024-06-22T08:48:51.423-0400][gc,start    ] GC(17) Pause Young (Normal) (G1 Evacuation Pause)
[2024-06-22T08:48:51.423-0400][gc,task     ] GC(17) Using 6 workers of 6 for evacuation
[2024-06-22T08:48:51.446-0400][gc,mmu      ] GC(17) MMU target violated: 21,0ms (20,0ms/21,0ms)
[2024-06-22T08:48:51.446-0400][gc,phases   ] GC(17)   Pre Evacuate Collection Set: 5,5ms
[2024-06-22T08:48:51.447-0400][gc,phases   ] GC(17)   Merge Heap Roots: 6,4ms
[2024-06-22T08:48:51.447-0400][gc,phases   ] GC(17)   Evacuate Collection Set: 8,1ms
[2024-06-22T08:48:51.447-0400][gc,phases   ] GC(17)   Post Evacuate Collection Set: 2,9ms
[2024-06-22T08:48:51.447-0400][gc,phases   ] GC(17)   Other: 0,3ms
[2024-06-22T08:48:51.447-0400][gc,heap     ] GC(17) Eden regions: 44->0(49)
[2024-06-22T08:48:51.447-0400][gc,heap     ] GC(17) Survivor regions: 7->2(7)
[2024-06-22T08:48:51.447-0400][gc,heap     ] GC(17) Old regions: 36->42
[2024-06-22T08:48:51.447-0400][gc,heap     ] GC(17) Humongous regions: 129->129
[2024-06-22T08:48:51.447-0400][gc,metaspace] GC(17) Metaspace: 41810K(42432K)->41810K(42432K) NonClass: 37174K(37504K)->37174K(37504K) Class: 4635K(4928K)->4635K(4928K)
[2024-06-22T08:48:51.447-0400][gc          ] GC(17) Pause Young (Normal) (G1 Evacuation Pause) 215M->172M(1024M) 23,355ms
[2024-06-22T08:48:51.447-0400][gc,cpu      ] GC(17) User=0,01s Sys=0,03s Real=0,03s
[2024-06-22T08:59:50.325-0400][gc,start    ] GC(18) Pause Young (Normal) (G1 Evacuation Pause)
[2024-06-22T08:59:50.325-0400][gc,task     ] GC(18) Using 6 workers of 6 for evacuation
[2024-06-22T08:59:50.335-0400][gc,phases   ] GC(18)   Pre Evacuate Collection Set: 5,0ms
[2024-06-22T08:59:50.335-0400][gc,phases   ] GC(18)   Merge Heap Roots: 0,3ms
[2024-06-22T08:59:50.335-0400][gc,phases   ] GC(18)   Evacuate Collection Set: 3,4ms
[2024-06-22T08:59:50.335-0400][gc,phases   ] GC(18)   Post Evacuate Collection Set: 1,0ms
[2024-06-22T08:59:50.335-0400][gc,phases   ] GC(18)   Other: 0,1ms
[2024-06-22T08:59:50.335-0400][gc,heap     ] GC(18) Eden regions: 49->0(65)
[2024-06-22T08:59:50.335-0400][gc,heap     ] GC(18) Survivor regions: 2->1(7)
[2024-06-22T08:59:50.335-0400][gc,heap     ] GC(18) Old regions: 42->42
[2024-06-22T08:59:50.335-0400][gc,heap     ] GC(18) Humongous regions: 129->129
[2024-06-22T08:59:50.335-0400][gc,metaspace] GC(18) Metaspace: 41814K(42432K)->41814K(42432K) NonClass: 37178K(37504K)->37178K(37504K) Class: 4635K(4928K)->4635K(4928K)
[2024-06-22T08:59:50.335-0400][gc          ] GC(18) Pause Young (Normal) (G1 Evacuation Pause) 221M->171M(1024M) 9,910ms
[2024-06-22T08:59:50.335-0400][gc,cpu      ] GC(18) User=0,00s Sys=0,01s Real=0,01s
[2024-06-22T09:11:20.779-0400][gc,start    ] GC(19) Pause Young (Normal) (G1 Evacuation Pause)
[2024-06-22T09:11:20.779-0400][gc,task     ] GC(19) Using 6 workers of 6 for evacuation
[2024-06-22T09:11:20.789-0400][gc,phases   ] GC(19)   Pre Evacuate Collection Set: 0,6ms
[2024-06-22T09:11:20.789-0400][gc,phases   ] GC(19)   Merge Heap Roots: 0,2ms
[2024-06-22T09:11:20.789-0400][gc,phases   ] GC(19)   Evacuate Collection Set: 7,6ms
[2024-06-22T09:11:20.789-0400][gc,phases   ] GC(19)   Post Evacuate Collection Set: 1,5ms
[2024-06-22T09:11:20.789-0400][gc,phases   ] GC(19)   Other: 0,1ms
[2024-06-22T09:11:20.789-0400][gc,heap     ] GC(19) Eden regions: 54->0(48)
[2024-06-22T09:11:20.789-0400][gc,heap     ] GC(19) Survivor regions: 1->3(7)
[2024-06-22T09:11:20.789-0400][gc,heap     ] GC(19) Old regions: 42->42
[2024-06-22T09:11:20.789-0400][gc,heap     ] GC(19) Humongous regions: 129->129
[2024-06-22T09:11:20.789-0400][gc,metaspace] GC(19) Metaspace: 41825K(42432K)->41825K(42432K) NonClass: 37189K(37504K)->37189K(37504K) Class: 4635K(4928K)->4635K(4928K)
[2024-06-22T09:11:20.789-0400][gc          ] GC(19) Pause Young (Normal) (G1 Evacuation Pause) 225M->173M(1024M) 10,221ms
[2024-06-22T09:11:20.789-0400][gc,cpu      ] GC(19) User=0,04s Sys=0,00s Real=0,01s
[2024-06-22T09:21:37.675-0400][gc,start    ] GC(20) Pause Young (Normal) (G1 Evacuation Pause)
[2024-06-22T09:21:37.675-0400][gc,task     ] GC(20) Using 6 workers of 6 for evacuation
[2024-06-22T09:21:37.687-0400][gc,phases   ] GC(20)   Pre Evacuate Collection Set: 0,8ms
[2024-06-22T09:21:37.687-0400][gc,phases   ] GC(20)   Merge Heap Roots: 0,1ms
[2024-06-22T09:21:37.687-0400][gc,phases   ] GC(20)   Evacuate Collection Set: 10,2ms
[2024-06-22T09:21:37.687-0400][gc,phases   ] GC(20)   Post Evacuate Collection Set: 1,2ms
[2024-06-22T09:21:37.687-0400][gc,phases   ] GC(20)   Other: 0,1ms
[2024-06-22T09:21:37.687-0400][gc,heap     ] GC(20) Eden regions: 48->0(101)
[2024-06-22T09:21:37.687-0400][gc,heap     ] GC(20) Survivor regions: 3->4(7)
[2024-06-22T09:21:37.687-0400][gc,heap     ] GC(20) Old regions: 42->42
[2024-06-22T09:21:37.687-0400][gc,heap     ] GC(20) Humongous regions: 129->129
[2024-06-22T09:21:37.687-0400][gc,metaspace] GC(20) Metaspace: 41843K(42432K)->41843K(42432K) NonClass: 37207K(37504K)->37207K(37504K) Class: 4635K(4928K)->4635K(4928K)
[2024-06-22T09:21:37.687-0400][gc          ] GC(20) Pause Young (Normal) (G1 Evacuation Pause) 221M->174M(1024M) 12,695ms
[2024-06-22T09:21:37.687-0400][gc,cpu      ] GC(20) User=0,02s Sys=0,01s Real=0,02s
[2024-06-22T09:42:40.694-0400][gc,start    ] GC(21) Pause Young (Normal) (G1 Evacuation Pause)
[2024-06-22T09:42:40.694-0400][gc,task     ] GC(21) Using 6 workers of 6 for evacuation
[2024-06-22T09:42:40.728-0400][gc,mmu      ] GC(21) MMU target violated: 21,0ms (20,0ms/21,0ms)
[2024-06-22T09:42:40.728-0400][gc,phases   ] GC(21)   Pre Evacuate Collection Set: 3,1ms
[2024-06-22T09:42:40.728-0400][gc,phases   ] GC(21)   Merge Heap Roots: -0,3ms
[2024-06-22T09:42:40.728-0400][gc,phases   ] GC(21)   Evacuate Collection Set: 27,3ms
[2024-06-22T09:42:40.728-0400][gc,phases   ] GC(21)   Post Evacuate Collection Set: 3,6ms
[2024-06-22T09:42:40.728-0400][gc,phases   ] GC(21)   Other: 0,2ms
[2024-06-22T09:42:40.728-0400][gc,heap     ] GC(21) Eden regions: 98->0(47)
[2024-06-22T09:42:40.728-0400][gc,heap     ] GC(21) Survivor regions: 4->4(13)
[2024-06-22T09:42:40.728-0400][gc,heap     ] GC(21) Old regions: 42->42
[2024-06-22T09:42:40.728-0400][gc,heap     ] GC(21) Humongous regions: 129->129
[2024-06-22T09:42:40.728-0400][gc,metaspace] GC(21) Metaspace: 41843K(42432K)->41843K(42432K) NonClass: 37207K(37504K)->37207K(37504K) Class: 4635K(4928K)->4635K(4928K)
[2024-06-22T09:42:40.728-0400][gc          ] GC(21) Pause Young (Normal) (G1 Evacuation Pause) 272M->174M(1024M) 34,135ms
[2024-06-22T09:42:40.728-0400][gc,cpu      ] GC(21) User=0,03s Sys=0,00s Real=0,04s
[2024-06-22T09:52:41.201-0400][gc,start    ] GC(22) Pause Young (Normal) (G1 Evacuation Pause)
[2024-06-22T09:52:41.201-0400][gc,task     ] GC(22) Using 6 workers of 6 for evacuation
[2024-06-22T09:52:41.209-0400][gc,phases   ] GC(22)   Pre Evacuate Collection Set: 0,8ms
[2024-06-22T09:52:41.209-0400][gc,phases   ] GC(22)   Merge Heap Roots: 0,5ms
[2024-06-22T09:52:41.209-0400][gc,phases   ] GC(22)   Evacuate Collection Set: 4,0ms
[2024-06-22T09:52:41.209-0400][gc,phases   ] GC(22)   Post Evacuate Collection Set: 2,1ms
[2024-06-22T09:52:41.209-0400][gc,phases   ] GC(22)   Other: 0,1ms
[2024-06-22T09:52:41.209-0400][gc,heap     ] GC(22) Eden regions: 47->0(170)
[2024-06-22T09:52:41.209-0400][gc,heap     ] GC(22) Survivor regions: 4->4(7)
[2024-06-22T09:52:41.209-0400][gc,heap     ] GC(22) Old regions: 42->42
[2024-06-22T09:52:41.209-0400][gc,heap     ] GC(22) Humongous regions: 129->129
[2024-06-22T09:52:41.209-0400][gc,metaspace] GC(22) Metaspace: 41843K(42432K)->41843K(42432K) NonClass: 37207K(37504K)->37207K(37504K) Class: 4635K(4928K)->4635K(4928K)
[2024-06-22T09:52:41.210-0400][gc          ] GC(22) Pause Young (Normal) (G1 Evacuation Pause) 221M->175M(1024M) 8,567ms
[2024-06-22T09:52:41.210-0400][gc,cpu      ] GC(22) User=0,01s Sys=0,02s Real=0,01s
[2024-06-22T10:29:38.220-0400][gc,start    ] GC(23) Pause Young (Normal) (G1 Evacuation Pause)
[2024-06-22T10:29:38.220-0400][gc,task     ] GC(23) Using 6 workers of 6 for evacuation
[2024-06-22T10:29:38.276-0400][gc,mmu      ] GC(23) MMU target violated: 21,0ms (20,0ms/21,0ms)
[2024-06-22T10:29:38.276-0400][gc,phases   ] GC(23)   Pre Evacuate Collection Set: 1,4ms
[2024-06-22T10:29:38.276-0400][gc,phases   ] GC(23)   Merge Heap Roots: 1,4ms
[2024-06-22T10:29:38.276-0400][gc,phases   ] GC(23)   Evacuate Collection Set: 10,1ms
[2024-06-22T10:29:38.276-0400][gc,phases   ] GC(23)   Post Evacuate Collection Set: 2,4ms
[2024-06-22T10:29:38.276-0400][gc,phases   ] GC(23)   Other: 41,1ms
[2024-06-22T10:29:38.276-0400][gc,heap     ] GC(23) Eden regions: 175->0(47)
[2024-06-22T10:29:38.276-0400][gc,heap     ] GC(23) Survivor regions: 4->4(23)
[2024-06-22T10:29:38.276-0400][gc,heap     ] GC(23) Old regions: 42->42
[2024-06-22T10:29:38.276-0400][gc,heap     ] GC(23) Humongous regions: 129->129
[2024-06-22T10:29:38.276-0400][gc,metaspace] GC(23) Metaspace: 41854K(42432K)->41854K(42432K) NonClass: 37218K(37504K)->37218K(37504K) Class: 4635K(4928K)->4635K(4928K)
[2024-06-22T10:29:38.276-0400][gc          ] GC(23) Pause Young (Normal) (G1 Evacuation Pause) 350M->174M(1024M) 56,634ms
[2024-06-22T10:29:38.277-0400][gc,cpu      ] GC(23) User=0,09s Sys=0,00s Real=0,06s
[2024-06-22T10:39:38.590-0400][gc,start    ] GC(24) Pause Young (Normal) (G1 Evacuation Pause)
[2024-06-22T10:39:38.590-0400][gc,task     ] GC(24) Using 6 workers of 6 for evacuation
[2024-06-22T10:39:38.602-0400][gc,phases   ] GC(24)   Pre Evacuate Collection Set: 3,3ms
[2024-06-22T10:39:38.602-0400][gc,phases   ] GC(24)   Merge Heap Roots: 0,2ms
[2024-06-22T10:39:38.602-0400][gc,phases   ] GC(24)   Evacuate Collection Set: 7,7ms
[2024-06-22T10:39:38.602-0400][gc,phases   ] GC(24)   Post Evacuate Collection Set: 1,3ms
[2024-06-22T10:39:38.602-0400][gc,phases   ] GC(24)   Other: 0,2ms
[2024-06-22T10:39:38.603-0400][gc,heap     ] GC(24) Eden regions: 47->0(48)
[2024-06-22T10:39:38.603-0400][gc,heap     ] GC(24) Survivor regions: 4->3(7)
[2024-06-22T10:39:38.603-0400][gc,heap     ] GC(24) Old regions: 42->42
[2024-06-22T10:39:38.603-0400][gc,heap     ] GC(24) Humongous regions: 129->129
[2024-06-22T10:39:38.603-0400][gc,metaspace] GC(24) Metaspace: 41858K(42432K)->41858K(42432K) NonClass: 37222K(37504K)->37222K(37504K) Class: 4635K(4928K)->4635K(4928K)
[2024-06-22T10:39:38.603-0400][gc          ] GC(24) Pause Young (Normal) (G1 Evacuation Pause) 221M->174M(1024M) 13,791ms
[2024-06-22T10:39:38.603-0400][gc,cpu      ] GC(24) User=0,02s Sys=0,01s Real=0,01s
[2024-06-22T10:49:52.926-0400][gc,start    ] GC(25) Pause Young (Normal) (G1 Evacuation Pause)
[2024-06-22T10:49:52.926-0400][gc,task     ] GC(25) Using 6 workers of 6 for evacuation
[2024-06-22T10:49:52.937-0400][gc,phases   ] GC(25)   Pre Evacuate Collection Set: 1,4ms
[2024-06-22T10:49:52.937-0400][gc,phases   ] GC(25)   Merge Heap Roots: 0,4ms
[2024-06-22T10:49:52.937-0400][gc,phases   ] GC(25)   Evacuate Collection Set: 7,0ms
[2024-06-22T10:49:52.937-0400][gc,phases   ] GC(25)   Post Evacuate Collection Set: 2,3ms
[2024-06-22T10:49:52.937-0400][gc,phases   ] GC(25)   Other: 0,1ms
[2024-06-22T10:49:52.937-0400][gc,heap     ] GC(25) Eden regions: 48->0(47)
[2024-06-22T10:49:52.937-0400][gc,heap     ] GC(25) Survivor regions: 3->4(7)
[2024-06-22T10:49:52.937-0400][gc,heap     ] GC(25) Old regions: 42->42
[2024-06-22T10:49:52.937-0400][gc,heap     ] GC(25) Humongous regions: 129->129
[2024-06-22T10:49:52.937-0400][gc,metaspace] GC(25) Metaspace: 41862K(42496K)->41862K(42496K) NonClass: 37226K(37568K)->37226K(37568K) Class: 4635K(4928K)->4635K(4928K)
[2024-06-22T10:49:52.937-0400][gc          ] GC(25) Pause Young (Normal) (G1 Evacuation Pause) 222M->174M(1024M) 11,406ms
[2024-06-22T10:49:52.937-0400][gc,cpu      ] GC(25) User=0,02s Sys=0,00s Real=0,02s
[2024-06-22T10:59:58.761-0400][gc,start    ] GC(26) Pause Young (Normal) (G1 Evacuation Pause)
[2024-06-22T10:59:58.761-0400][gc,task     ] GC(26) Using 6 workers of 6 for evacuation
[2024-06-22T10:59:58.770-0400][gc,phases   ] GC(26)   Pre Evacuate Collection Set: 0,7ms
[2024-06-22T10:59:58.770-0400][gc,phases   ] GC(26)   Merge Heap Roots: 0,3ms
[2024-06-22T10:59:58.771-0400][gc,phases   ] GC(26)   Evacuate Collection Set: 7,4ms
[2024-06-22T10:59:58.771-0400][gc,phases   ] GC(26)   Post Evacuate Collection Set: 0,9ms
[2024-06-22T10:59:58.771-0400][gc,phases   ] GC(26)   Other: 0,2ms
[2024-06-22T10:59:58.771-0400][gc,heap     ] GC(26) Eden regions: 47->0(46)
[2024-06-22T10:59:58.771-0400][gc,heap     ] GC(26) Survivor regions: 4->5(7)
[2024-06-22T10:59:58.771-0400][gc,heap     ] GC(26) Old regions: 42->42
[2024-06-22T10:59:58.771-0400][gc,heap     ] GC(26) Humongous regions: 129->129
[2024-06-22T10:59:58.771-0400][gc,metaspace] GC(26) Metaspace: 41863K(42496K)->41863K(42496K) NonClass: 37227K(37568K)->37227K(37568K) Class: 4635K(4928K)->4635K(4928K)
[2024-06-22T10:59:58.772-0400][gc          ] GC(26) Pause Young (Normal) (G1 Evacuation Pause) 221M->175M(1024M) 11,615ms
[2024-06-22T10:59:58.772-0400][gc,cpu      ] GC(26) User=0,03s Sys=0,01s Real=0,01s
[2024-06-22T11:09:11.112-0400][gc,start    ] GC(27) Pause Young (Normal) (G1 Evacuation Pause)
[2024-06-22T11:09:11.112-0400][gc,task     ] GC(27) Using 6 workers of 6 for evacuation
[2024-06-22T11:09:11.121-0400][gc,phases   ] GC(27)   Pre Evacuate Collection Set: 0,7ms
[2024-06-22T11:09:11.121-0400][gc,phases   ] GC(27)   Merge Heap Roots: 0,2ms
[2024-06-22T11:09:11.121-0400][gc,phases   ] GC(27)   Evacuate Collection Set: 6,0ms
[2024-06-22T11:09:11.121-0400][gc,phases   ] GC(27)   Post Evacuate Collection Set: 2,0ms
[2024-06-22T11:09:11.121-0400][gc,phases   ] GC(27)   Other: 0,1ms
[2024-06-22T11:09:11.121-0400][gc,heap     ] GC(27) Eden regions: 46->0(611)
[2024-06-22T11:09:11.121-0400][gc,heap     ] GC(27) Survivor regions: 5->3(7)
[2024-06-22T11:09:11.121-0400][gc,heap     ] GC(27) Old regions: 42->43
[2024-06-22T11:09:11.121-0400][gc,heap     ] GC(27) Humongous regions: 129->129
[2024-06-22T11:09:11.121-0400][gc,metaspace] GC(27) Metaspace: 41863K(42496K)->41863K(42496K) NonClass: 37227K(37568K)->37227K(37568K) Class: 4635K(4928K)->4635K(4928K)
[2024-06-22T11:09:11.121-0400][gc          ] GC(27) Pause Young (Normal) (G1 Evacuation Pause) 221M->174M(1024M) 9,233ms
[2024-06-22T11:09:11.121-0400][gc,cpu      ] GC(27) User=0,03s Sys=0,00s Real=0,01s
[2024-06-24T17:23:17.369-0400][gc,start    ] GC(28) Pause Young (Normal) (G1 Evacuation Pause)
[2024-06-24T17:23:17.369-0400][gc,task     ] GC(28) Using 6 workers of 6 for evacuation
[2024-06-24T17:23:17.412-0400][gc,mmu      ] GC(28) MMU target violated: 21,0ms (20,0ms/21,0ms)
[2024-06-24T17:23:17.412-0400][gc,phases   ] GC(28)   Pre Evacuate Collection Set: 2,2ms
[2024-06-24T17:23:17.412-0400][gc,phases   ] GC(28)   Merge Heap Roots: 4,9ms
[2024-06-24T17:23:17.412-0400][gc,phases   ] GC(28)   Evacuate Collection Set: 32,7ms
[2024-06-24T17:23:17.413-0400][gc,phases   ] GC(28)   Post Evacuate Collection Set: 3,4ms
[2024-06-24T17:23:17.413-0400][gc,phases   ] GC(28)   Other: 0,3ms
[2024-06-24T17:23:17.413-0400][gc,heap     ] GC(28) Eden regions: 611->0(611)
[2024-06-24T17:23:17.413-0400][gc,heap     ] GC(28) Survivor regions: 3->3(77)
[2024-06-24T17:23:17.413-0400][gc,heap     ] GC(28) Old regions: 43->43
[2024-06-24T17:23:17.413-0400][gc,heap     ] GC(28) Humongous regions: 129->129
[2024-06-24T17:23:17.413-0400][gc,metaspace] GC(28) Metaspace: 41888K(42496K)->41888K(42496K) NonClass: 37252K(37568K)->37252K(37568K) Class: 4636K(4928K)->4636K(4928K)
[2024-06-24T17:23:17.413-0400][gc          ] GC(28) Pause Young (Normal) (G1 Evacuation Pause) 785M->174M(1024M) 43,765ms
[2024-06-24T17:23:17.413-0400][gc,cpu      ] GC(28) User=0,11s Sys=0,00s Real=0,05s
[2024-06-24T19:35:15.291-0400][gc,start    ] GC(29) Pause Young (Normal) (G1 Evacuation Pause)
[2024-06-24T19:35:15.293-0400][gc,task     ] GC(29) Using 6 workers of 6 for evacuation
[2024-06-24T19:35:15.511-0400][gc,mmu      ] GC(29) MMU target violated: 21,0ms (20,0ms/21,0ms)
[2024-06-24T19:35:15.511-0400][gc,phases   ] GC(29)   Pre Evacuate Collection Set: 22,1ms
[2024-06-24T19:35:15.511-0400][gc,phases   ] GC(29)   Merge Heap Roots: 4,9ms
[2024-06-24T19:35:15.511-0400][gc,phases   ] GC(29)   Evacuate Collection Set: 162,3ms
[2024-06-24T19:35:15.511-0400][gc,phases   ] GC(29)   Post Evacuate Collection Set: 26,8ms
[2024-06-24T19:35:15.511-0400][gc,phases   ] GC(29)   Other: 3,7ms
[2024-06-24T19:35:15.511-0400][gc,heap     ] GC(29) Eden regions: 611->0(47)
[2024-06-24T19:35:15.512-0400][gc,heap     ] GC(29) Survivor regions: 3->4(77)
[2024-06-24T19:35:15.512-0400][gc,heap     ] GC(29) Old regions: 43->43
[2024-06-24T19:35:15.512-0400][gc,heap     ] GC(29) Humongous regions: 129->129
[2024-06-24T19:35:15.512-0400][gc,metaspace] GC(29) Metaspace: 41909K(42496K)->41909K(42496K) NonClass: 37272K(37568K)->37272K(37568K) Class: 4636K(4928K)->4636K(4928K)
[2024-06-24T19:35:15.512-0400][gc          ] GC(29) Pause Young (Normal) (G1 Evacuation Pause) 785M->175M(1024M) 221,284ms
[2024-06-24T19:35:15.512-0400][gc,cpu      ] GC(29) User=0,81s Sys=0,00s Real=0,22s
[2024-06-24T19:44:57.687-0400][gc,start    ] GC(30) Pause Young (Normal) (G1 Evacuation Pause)
[2024-06-24T19:44:57.687-0400][gc,task     ] GC(30) Using 6 workers of 6 for evacuation
[2024-06-24T19:44:57.708-0400][gc,mmu      ] GC(30) MMU target violated: 20,7ms (20,0ms/21,0ms)
[2024-06-24T19:44:57.708-0400][gc,phases   ] GC(30)   Pre Evacuate Collection Set: 0,9ms
[2024-06-24T19:44:57.708-0400][gc,phases   ] GC(30)   Merge Heap Roots: 0,4ms
[2024-06-24T19:44:57.708-0400][gc,phases   ] GC(30)   Evacuate Collection Set: 18,2ms
[2024-06-24T19:44:57.708-0400][gc,phases   ] GC(30)   Post Evacuate Collection Set: 1,1ms
[2024-06-24T19:44:57.708-0400][gc,phases   ] GC(30)   Other: 0,3ms
[2024-06-24T19:44:57.708-0400][gc,heap     ] GC(30) Eden regions: 47->0(48)
[2024-06-24T19:44:57.708-0400][gc,heap     ] GC(30) Survivor regions: 4->3(7)
[2024-06-24T19:44:57.708-0400][gc,heap     ] GC(30) Old regions: 43->43
[2024-06-24T19:44:57.708-0400][gc,heap     ] GC(30) Humongous regions: 129->129
[2024-06-24T19:44:57.708-0400][gc,metaspace] GC(30) Metaspace: 41917K(42496K)->41917K(42496K) NonClass: 37280K(37568K)->37280K(37568K) Class: 4636K(4928K)->4636K(4928K)
[2024-06-24T19:44:57.708-0400][gc          ] GC(30) Pause Young (Normal) (G1 Evacuation Pause) 222M->173M(1024M) 21,044ms
[2024-06-24T19:44:57.708-0400][gc,cpu      ] GC(30) User=0,09s Sys=0,01s Real=0,02s
[2024-06-24T19:55:14.338-0400][gc,start    ] GC(31) Pause Young (Normal) (G1 Evacuation Pause)
[2024-06-24T19:55:14.338-0400][gc,task     ] GC(31) Using 6 workers of 6 for evacuation
[2024-06-24T19:55:14.354-0400][gc,phases   ] GC(31)   Pre Evacuate Collection Set: 1,3ms
[2024-06-24T19:55:14.354-0400][gc,phases   ] GC(31)   Merge Heap Roots: 1,2ms
[2024-06-24T19:55:14.354-0400][gc,phases   ] GC(31)   Evacuate Collection Set: 11,8ms
[2024-06-24T19:55:14.354-0400][gc,phases   ] GC(31)   Post Evacuate Collection Set: 1,6ms
[2024-06-24T19:55:14.354-0400][gc,phases   ] GC(31)   Other: 0,1ms
[2024-06-24T19:55:14.354-0400][gc,heap     ] GC(31) Eden regions: 48->0(47)
[2024-06-24T19:55:14.354-0400][gc,heap     ] GC(31) Survivor regions: 3->4(7)
[2024-06-24T19:55:14.354-0400][gc,heap     ] GC(31) Old regions: 43->43
[2024-06-24T19:55:14.354-0400][gc,heap     ] GC(31) Humongous regions: 129->129
[2024-06-24T19:55:14.354-0400][gc,metaspace] GC(31) Metaspace: 41917K(42496K)->41917K(42496K) NonClass: 37280K(37568K)->37280K(37568K) Class: 4636K(4928K)->4636K(4928K)
[2024-06-24T19:55:14.354-0400][gc          ] GC(31) Pause Young (Normal) (G1 Evacuation Pause) 221M->174M(1024M) 16,166ms
[2024-06-24T19:55:14.354-0400][gc,cpu      ] GC(31) User=0,06s Sys=0,01s Real=0,02s
[2024-06-24T20:05:17.684-0400][gc,start    ] GC(32) Pause Young (Normal) (G1 Evacuation Pause)
[2024-06-24T20:05:17.684-0400][gc,task     ] GC(32) Using 6 workers of 6 for evacuation
[2024-06-24T20:05:17.697-0400][gc,phases   ] GC(32)   Pre Evacuate Collection Set: 1,1ms
[2024-06-24T20:05:17.697-0400][gc,phases   ] GC(32)   Merge Heap Roots: 0,3ms
[2024-06-24T20:05:17.697-0400][gc,phases   ] GC(32)   Evacuate Collection Set: 10,4ms
[2024-06-24T20:05:17.697-0400][gc,phases   ] GC(32)   Post Evacuate Collection Set: 1,8ms
[2024-06-24T20:05:17.697-0400][gc,phases   ] GC(32)   Other: 0,1ms
[2024-06-24T20:05:17.697-0400][gc,heap     ] GC(32) Eden regions: 47->0(47)
[2024-06-24T20:05:17.697-0400][gc,heap     ] GC(32) Survivor regions: 4->4(7)
[2024-06-24T20:05:17.697-0400][gc,heap     ] GC(32) Old regions: 43->43
[2024-06-24T20:05:17.697-0400][gc,heap     ] GC(32) Humongous regions: 129->129
[2024-06-24T20:05:17.697-0400][gc,metaspace] GC(32) Metaspace: 41917K(42496K)->41917K(42496K) NonClass: 37280K(37568K)->37280K(37568K) Class: 4636K(4928K)->4636K(4928K)
[2024-06-24T20:05:17.697-0400][gc          ] GC(32) Pause Young (Normal) (G1 Evacuation Pause) 221M->175M(1024M) 13,889ms
[2024-06-24T20:05:17.697-0400][gc,cpu      ] GC(32) User=0,02s Sys=0,01s Real=0,01s
[2024-06-24T20:14:43.783-0400][gc,start    ] GC(33) Pause Young (Normal) (G1 Evacuation Pause)
[2024-06-24T20:14:43.783-0400][gc,task     ] GC(33) Using 6 workers of 6 for evacuation
[2024-06-24T20:14:43.791-0400][gc,phases   ] GC(33)   Pre Evacuate Collection Set: 1,2ms
[2024-06-24T20:14:43.791-0400][gc,phases   ] GC(33)   Merge Heap Roots: 0,5ms
[2024-06-24T20:14:43.791-0400][gc,phases   ] GC(33)   Evacuate Collection Set: 3,6ms
[2024-06-24T20:14:43.791-0400][gc,phases   ] GC(33)   Post Evacuate Collection Set: 2,0ms
[2024-06-24T20:14:43.791-0400][gc,phases   ] GC(33)   Other: 0,3ms
[2024-06-24T20:14:43.791-0400][gc,heap     ] GC(33) Eden regions: 47->0(48)
[2024-06-24T20:14:43.791-0400][gc,heap     ] GC(33) Survivor regions: 4->3(7)
[2024-06-24T20:14:43.791-0400][gc,heap     ] GC(33) Old regions: 43->43
[2024-06-24T20:14:43.791-0400][gc,heap     ] GC(33) Humongous regions: 129->129
[2024-06-24T20:14:43.791-0400][gc,metaspace] GC(33) Metaspace: 41919K(42496K)->41919K(42496K) NonClass: 37282K(37568K)->37282K(37568K) Class: 4636K(4928K)->4636K(4928K)
[2024-06-24T20:14:43.791-0400][gc          ] GC(33) Pause Young (Normal) (G1 Evacuation Pause) 222M->174M(1024M) 7,777ms
[2024-06-24T20:14:43.791-0400][gc,cpu      ] GC(33) User=0,01s Sys=0,01s Real=0,00s
[2024-06-24T20:25:00.959-0400][gc,start    ] GC(34) Pause Young (Normal) (G1 Evacuation Pause)
[2024-06-24T20:25:00.959-0400][gc,task     ] GC(34) Using 6 workers of 6 for evacuation
[2024-06-24T20:25:00.972-0400][gc,phases   ] GC(34)   Pre Evacuate Collection Set: 0,4ms
[2024-06-24T20:25:00.972-0400][gc,phases   ] GC(34)   Merge Heap Roots: 0,0ms
[2024-06-24T20:25:00.972-0400][gc,phases   ] GC(34)   Evacuate Collection Set: 11,0ms
[2024-06-24T20:25:00.972-0400][gc,phases   ] GC(34)   Post Evacuate Collection Set: 1,0ms
[2024-06-24T20:25:00.972-0400][gc,phases   ] GC(34)   Other: 0,3ms
[2024-06-24T20:25:00.972-0400][gc,heap     ] GC(34) Eden regions: 48->0(47)
[2024-06-24T20:25:00.972-0400][gc,heap     ] GC(34) Survivor regions: 3->4(7)
[2024-06-24T20:25:00.972-0400][gc,heap     ] GC(34) Old regions: 43->43
[2024-06-24T20:25:00.972-0400][gc,heap     ] GC(34) Humongous regions: 129->129
[2024-06-24T20:25:00.972-0400][gc,metaspace] GC(34) Metaspace: 41919K(42496K)->41919K(42496K) NonClass: 37282K(37568K)->37282K(37568K) Class: 4636K(4928K)->4636K(4928K)
[2024-06-24T20:25:00.972-0400][gc          ] GC(34) Pause Young (Normal) (G1 Evacuation Pause) 222M->175M(1024M) 12,905ms
[2024-06-24T20:25:00.972-0400][gc,cpu      ] GC(34) User=0,04s Sys=0,00s Real=0,02s
[2024-06-24T20:35:02.339-0400][gc,start    ] GC(35) Pause Young (Normal) (G1 Evacuation Pause)
[2024-06-24T20:35:02.339-0400][gc,task     ] GC(35) Using 6 workers of 6 for evacuation
[2024-06-24T20:35:02.355-0400][gc,phases   ] GC(35)   Pre Evacuate Collection Set: 4,6ms
[2024-06-24T20:35:02.355-0400][gc,phases   ] GC(35)   Merge Heap Roots: 0,2ms
[2024-06-24T20:35:02.355-0400][gc,phases   ] GC(35)   Evacuate Collection Set: 8,6ms
[2024-06-24T20:35:02.355-0400][gc,phases   ] GC(35)   Post Evacuate Collection Set: 1,7ms
[2024-06-24T20:35:02.355-0400][gc,phases   ] GC(35)   Other: 0,3ms
[2024-06-24T20:35:02.355-0400][gc,heap     ] GC(35) Eden regions: 47->0(174)
[2024-06-24T20:35:02.355-0400][gc,heap     ] GC(35) Survivor regions: 4->3(7)
[2024-06-24T20:35:02.355-0400][gc,heap     ] GC(35) Old regions: 43->43
[2024-06-24T20:35:02.355-0400][gc,heap     ] GC(35) Humongous regions: 129->129
[2024-06-24T20:35:02.355-0400][gc,metaspace] GC(35) Metaspace: 41919K(42496K)->41919K(42496K) NonClass: 37282K(37568K)->37282K(37568K) Class: 4636K(4928K)->4636K(4928K)
[2024-06-24T20:35:02.355-0400][gc          ] GC(35) Pause Young (Normal) (G1 Evacuation Pause) 222M->174M(1024M) 15,630ms
[2024-06-24T20:35:02.355-0400][gc,cpu      ] GC(35) User=0,02s Sys=0,01s Real=0,02s
[2024-06-24T21:16:13.735-0400][gc,start    ] GC(36) Pause Young (Normal) (G1 Evacuation Pause)
[2024-06-24T21:16:13.735-0400][gc,task     ] GC(36) Using 6 workers of 6 for evacuation
[2024-06-24T21:16:13.771-0400][gc,mmu      ] GC(36) MMU target violated: 21,0ms (20,0ms/21,0ms)
[2024-06-24T21:16:13.771-0400][gc,phases   ] GC(36)   Pre Evacuate Collection Set: 2,5ms
[2024-06-24T21:16:13.771-0400][gc,phases   ] GC(36)   Merge Heap Roots: 0,3ms
[2024-06-24T21:16:13.771-0400][gc,phases   ] GC(36)   Evacuate Collection Set: 31,6ms
[2024-06-24T21:16:13.771-0400][gc,phases   ] GC(36)   Post Evacuate Collection Set: 0,8ms
[2024-06-24T21:16:13.771-0400][gc,phases   ] GC(36)   Other: 1,0ms
[2024-06-24T21:16:13.771-0400][gc,heap     ] GC(36) Eden regions: 194->0(47)
[2024-06-24T21:16:13.771-0400][gc,heap     ] GC(36) Survivor regions: 3->4(25)
[2024-06-24T21:16:13.771-0400][gc,heap     ] GC(36) Old regions: 43->43
[2024-06-24T21:16:13.771-0400][gc,heap     ] GC(36) Humongous regions: 129->129
[2024-06-24T21:16:13.771-0400][gc,metaspace] GC(36) Metaspace: 41919K(42496K)->41919K(42496K) NonClass: 37282K(37568K)->37282K(37568K) Class: 4636K(4928K)->4636K(4928K)
[2024-06-24T21:16:13.771-0400][gc          ] GC(36) Pause Young (Normal) (G1 Evacuation Pause) 368M->175M(1024M) 36,332ms
[2024-06-24T21:16:13.771-0400][gc,cpu      ] GC(36) User=0,14s Sys=0,01s Real=0,03s
[2024-06-24T21:26:07.695-0400][gc,start    ] GC(37) Pause Young (Normal) (G1 Evacuation Pause)
[2024-06-24T21:26:07.695-0400][gc,task     ] GC(37) Using 6 workers of 6 for evacuation
[2024-06-24T21:26:07.701-0400][gc,phases   ] GC(37)   Pre Evacuate Collection Set: 0,8ms
[2024-06-24T21:26:07.701-0400][gc,phases   ] GC(37)   Merge Heap Roots: 0,3ms
[2024-06-24T21:26:07.701-0400][gc,phases   ] GC(37)   Evacuate Collection Set: 3,9ms
[2024-06-24T21:26:07.701-0400][gc,phases   ] GC(37)   Post Evacuate Collection Set: 1,1ms
[2024-06-24T21:26:07.701-0400][gc,phases   ] GC(37)   Other: 0,1ms
[2024-06-24T21:26:07.701-0400][gc,heap     ] GC(37) Eden regions: 47->0(65)
[2024-06-24T21:26:07.701-0400][gc,heap     ] GC(37) Survivor regions: 4->3(7)
[2024-06-24T21:26:07.701-0400][gc,heap     ] GC(37) Old regions: 43->43
[2024-06-24T21:26:07.702-0400][gc,heap     ] GC(37) Humongous regions: 129->129
[2024-06-24T21:26:07.702-0400][gc,metaspace] GC(37) Metaspace: 41919K(42496K)->41919K(42496K) NonClass: 37282K(37568K)->37282K(37568K) Class: 4636K(4928K)->4636K(4928K)
[2024-06-24T21:26:07.702-0400][gc          ] GC(37) Pause Young (Normal) (G1 Evacuation Pause) 222M->174M(1024M) 6,416ms
[2024-06-24T21:26:07.702-0400][gc,cpu      ] GC(37) User=0,02s Sys=0,00s Real=0,00s
[2024-06-24T21:41:23.375-0400][gc,start    ] GC(38) Pause Young (Normal) (G1 Evacuation Pause)
[2024-06-24T21:41:23.375-0400][gc,task     ] GC(38) Using 6 workers of 6 for evacuation
[2024-06-24T21:41:23.394-0400][gc,phases   ] GC(38)   Pre Evacuate Collection Set: 1,1ms
[2024-06-24T21:41:23.395-0400][gc,phases   ] GC(38)   Merge Heap Roots: 0,3ms
[2024-06-24T21:41:23.395-0400][gc,phases   ] GC(38)   Evacuate Collection Set: 12,6ms
[2024-06-24T21:41:23.395-0400][gc,phases   ] GC(38)   Post Evacuate Collection Set: 3,9ms
[2024-06-24T21:41:23.395-0400][gc,phases   ] GC(38)   Other: 1,5ms
[2024-06-24T21:41:23.395-0400][gc,heap     ] GC(38) Eden regions: 71->0(142)
[2024-06-24T21:41:23.395-0400][gc,heap     ] GC(38) Survivor regions: 3->4(10)
[2024-06-24T21:41:23.395-0400][gc,heap     ] GC(38) Old regions: 43->43
[2024-06-24T21:41:23.395-0400][gc,heap     ] GC(38) Humongous regions: 129->129
[2024-06-24T21:41:23.395-0400][gc,metaspace] GC(38) Metaspace: 41919K(42496K)->41919K(42496K) NonClass: 37282K(37568K)->37282K(37568K) Class: 4636K(4928K)->4636K(4928K)
[2024-06-24T21:41:23.395-0400][gc          ] GC(38) Pause Young (Normal) (G1 Evacuation Pause) 245M->175M(1024M) 19,659ms
[2024-06-24T21:41:23.395-0400][gc,cpu      ] GC(38) User=0,03s Sys=0,00s Real=0,02s
[2024-06-24T22:13:01.613-0400][gc,start    ] GC(39) Pause Young (Normal) (G1 Evacuation Pause)
[2024-06-24T22:13:01.613-0400][gc,task     ] GC(39) Using 6 workers of 6 for evacuation
[2024-06-24T22:13:01.674-0400][gc,mmu      ] GC(39) MMU target violated: 21,0ms (20,0ms/21,0ms)
[2024-06-24T22:13:01.674-0400][gc,phases   ] GC(39)   Pre Evacuate Collection Set: 0,7ms
[2024-06-24T22:13:01.674-0400][gc,phases   ] GC(39)   Merge Heap Roots: 0,5ms
[2024-06-24T22:13:01.674-0400][gc,phases   ] GC(39)   Evacuate Collection Set: 58,6ms
[2024-06-24T22:13:01.674-0400][gc,phases   ] GC(39)   Post Evacuate Collection Set: 1,3ms
[2024-06-24T22:13:01.674-0400][gc,phases   ] GC(39)   Other: 0,4ms
[2024-06-24T22:13:01.674-0400][gc,heap     ] GC(39) Eden regions: 149->0(505)
[2024-06-24T22:13:01.674-0400][gc,heap     ] GC(39) Survivor regions: 4->4(20)
[2024-06-24T22:13:01.674-0400][gc,heap     ] GC(39) Old regions: 43->43
[2024-06-24T22:13:01.674-0400][gc,heap     ] GC(39) Humongous regions: 129->129
[2024-06-24T22:13:01.674-0400][gc,metaspace] GC(39) Metaspace: 41921K(42496K)->41921K(42496K) NonClass: 37285K(37568K)->37285K(37568K) Class: 4636K(4928K)->4636K(4928K)
[2024-06-24T22:13:01.674-0400][gc          ] GC(39) Pause Young (Normal) (G1 Evacuation Pause) 324M->174M(1024M) 61,676ms
[2024-06-24T22:13:01.674-0400][gc,cpu      ] GC(39) User=0,14s Sys=0,00s Real=0,06s
[2024-06-25T09:12:24.065-0400][gc,start    ] GC(40) Pause Young (Normal) (G1 Evacuation Pause)
[2024-06-25T09:12:24.067-0400][gc,task     ] GC(40) Using 6 workers of 6 for evacuation
[2024-06-25T09:12:24.257-0400][gc,mmu      ] GC(40) MMU target violated: 21,0ms (20,0ms/21,0ms)
[2024-06-25T09:12:24.257-0400][gc,phases   ] GC(40)   Pre Evacuate Collection Set: 1,9ms
[2024-06-25T09:12:24.257-0400][gc,phases   ] GC(40)   Merge Heap Roots: 1,3ms
[2024-06-25T09:12:24.257-0400][gc,phases   ] GC(40)   Evacuate Collection Set: 180,1ms
[2024-06-25T09:12:24.257-0400][gc,phases   ] GC(40)   Post Evacuate Collection Set: 6,8ms
[2024-06-25T09:12:24.257-0400][gc,phases   ] GC(40)   Other: 0,3ms
[2024-06-25T09:12:24.257-0400][gc,heap     ] GC(40) Eden regions: 513->0(47)
[2024-06-25T09:12:24.257-0400][gc,heap     ] GC(40) Survivor regions: 4->4(65)
[2024-06-25T09:12:24.257-0400][gc,heap     ] GC(40) Old regions: 43->43
[2024-06-25T09:12:24.257-0400][gc,heap     ] GC(40) Humongous regions: 129->129
[2024-06-25T09:12:24.257-0400][gc,metaspace] GC(40) Metaspace: 41948K(42560K)->41948K(42560K) NonClass: 37305K(37632K)->37305K(37632K) Class: 4643K(4928K)->4643K(4928K)
[2024-06-25T09:12:24.257-0400][gc          ] GC(40) Pause Young (Normal) (G1 Evacuation Pause) 687M->175M(1024M) 191,667ms
[2024-06-25T09:12:24.257-0400][gc,cpu      ] GC(40) User=0,63s Sys=0,00s Real=0,19s
[2024-06-25T09:21:27.055-0400][gc,start    ] GC(41) Pause Young (Normal) (G1 Evacuation Pause)
[2024-06-25T09:21:27.055-0400][gc,task     ] GC(41) Using 6 workers of 6 for evacuation
[2024-06-25T09:21:27.068-0400][gc,phases   ] GC(41)   Pre Evacuate Collection Set: 0,9ms
[2024-06-25T09:21:27.068-0400][gc,phases   ] GC(41)   Merge Heap Roots: 0,2ms
[2024-06-25T09:21:27.068-0400][gc,phases   ] GC(41)   Evacuate Collection Set: 11,1ms
[2024-06-25T09:21:27.068-0400][gc,phases   ] GC(41)   Post Evacuate Collection Set: 1,0ms
[2024-06-25T09:21:27.068-0400][gc,phases   ] GC(41)   Other: 0,1ms
[2024-06-25T09:21:27.068-0400][gc,heap     ] GC(41) Eden regions: 47->0(48)
[2024-06-25T09:21:27.068-0400][gc,heap     ] GC(41) Survivor regions: 4->3(7)
[2024-06-25T09:21:27.068-0400][gc,heap     ] GC(41) Old regions: 43->43
[2024-06-25T09:21:27.068-0400][gc,heap     ] GC(41) Humongous regions: 129->129
[2024-06-25T09:21:27.068-0400][gc,metaspace] GC(41) Metaspace: 41950K(42560K)->41950K(42560K) NonClass: 37307K(37632K)->37307K(37632K) Class: 4643K(4928K)->4643K(4928K)
[2024-06-25T09:21:27.068-0400][gc          ] GC(41) Pause Young (Normal) (G1 Evacuation Pause) 222M->174M(1024M) 13,616ms
[2024-06-25T09:21:27.068-0400][gc,cpu      ] GC(41) User=0,00s Sys=0,02s Real=0,01s
[2024-06-25T09:31:46.336-0400][gc,start    ] GC(42) Pause Young (Normal) (G1 Evacuation Pause)
[2024-06-25T09:31:46.336-0400][gc,task     ] GC(42) Using 6 workers of 6 for evacuation
[2024-06-25T09:31:46.348-0400][gc,phases   ] GC(42)   Pre Evacuate Collection Set: 1,3ms
[2024-06-25T09:31:46.348-0400][gc,phases   ] GC(42)   Merge Heap Roots: 0,0ms
[2024-06-25T09:31:46.348-0400][gc,phases   ] GC(42)   Evacuate Collection Set: 7,0ms
[2024-06-25T09:31:46.348-0400][gc,phases   ] GC(42)   Post Evacuate Collection Set: 4,0ms
[2024-06-25T09:31:46.348-0400][gc,phases   ] GC(42)   Other: 0,0ms
[2024-06-25T09:31:46.348-0400][gc,heap     ] GC(42) Eden regions: 48->0(47)
[2024-06-25T09:31:46.348-0400][gc,heap     ] GC(42) Survivor regions: 3->4(7)
[2024-06-25T09:31:46.348-0400][gc,heap     ] GC(42) Old regions: 43->43
[2024-06-25T09:31:46.348-0400][gc,heap     ] GC(42) Humongous regions: 129->129
[2024-06-25T09:31:46.348-0400][gc,metaspace] GC(42) Metaspace: 41950K(42560K)->41950K(42560K) NonClass: 37307K(37632K)->37307K(37632K) Class: 4643K(4928K)->4643K(4928K)
[2024-06-25T09:31:46.348-0400][gc          ] GC(42) Pause Young (Normal) (G1 Evacuation Pause) 222M->174M(1024M) 12,369ms
[2024-06-25T09:31:46.348-0400][gc,cpu      ] GC(42) User=0,02s Sys=0,01s Real=0,02s
[2024-06-25T09:41:50.110-0400][gc,start    ] GC(43) Pause Young (Normal) (G1 Evacuation Pause)
[2024-06-25T09:41:50.110-0400][gc,task     ] GC(43) Using 6 workers of 6 for evacuation
[2024-06-25T09:41:50.118-0400][gc,phases   ] GC(43)   Pre Evacuate Collection Set: 0,7ms
[2024-06-25T09:41:50.118-0400][gc,phases   ] GC(43)   Merge Heap Roots: 0,3ms
[2024-06-25T09:41:50.118-0400][gc,phases   ] GC(43)   Evacuate Collection Set: 5,7ms
[2024-06-25T09:41:50.118-0400][gc,phases   ] GC(43)   Post Evacuate Collection Set: 1,3ms
[2024-06-25T09:41:50.118-0400][gc,phases   ] GC(43)   Other: 0,1ms
[2024-06-25T09:41:50.118-0400][gc,heap     ] GC(43) Eden regions: 47->0(47)
[2024-06-25T09:41:50.118-0400][gc,heap     ] GC(43) Survivor regions: 4->4(7)
[2024-06-25T09:41:50.118-0400][gc,heap     ] GC(43) Old regions: 43->43
[2024-06-25T09:41:50.118-0400][gc,heap     ] GC(43) Humongous regions: 129->129
[2024-06-25T09:41:50.118-0400][gc,metaspace] GC(43) Metaspace: 41950K(42560K)->41950K(42560K) NonClass: 37307K(37632K)->37307K(37632K) Class: 4643K(4928K)->4643K(4928K)
[2024-06-25T09:41:50.118-0400][gc          ] GC(43) Pause Young (Normal) (G1 Evacuation Pause) 221M->175M(1024M) 8,378ms
[2024-06-25T09:41:50.118-0400][gc,cpu      ] GC(43) User=0,02s Sys=0,00s Real=0,00s
[2024-06-25T09:51:55.081-0400][gc,start    ] GC(44) Pause Young (Normal) (G1 Evacuation Pause)
[2024-06-25T09:51:55.081-0400][gc,task     ] GC(44) Using 6 workers of 6 for evacuation
[2024-06-25T09:51:55.103-0400][gc,mmu      ] GC(44) MMU target violated: 21,0ms (20,0ms/21,0ms)
[2024-06-25T09:51:55.103-0400][gc,phases   ] GC(44)   Pre Evacuate Collection Set: 1,8ms
[2024-06-25T09:51:55.103-0400][gc,phases   ] GC(44)   Merge Heap Roots: 8,3ms
[2024-06-25T09:51:55.103-0400][gc,phases   ] GC(44)   Evacuate Collection Set: 9,9ms
[2024-06-25T09:51:55.103-0400][gc,phases   ] GC(44)   Post Evacuate Collection Set: 1,2ms
[2024-06-25T09:51:55.103-0400][gc,phases   ] GC(44)   Other: 0,1ms
[2024-06-25T09:51:55.103-0400][gc,heap     ] GC(44) Eden regions: 47->0(48)
[2024-06-25T09:51:55.103-0400][gc,heap     ] GC(44) Survivor regions: 4->3(7)
[2024-06-25T09:51:55.103-0400][gc,heap     ] GC(44) Old regions: 43->44
[2024-06-25T09:51:55.103-0400][gc,heap     ] GC(44) Humongous regions: 129->129
[2024-06-25T09:51:55.103-0400][gc,metaspace] GC(44) Metaspace: 41952K(42560K)->41952K(42560K) NonClass: 37308K(37632K)->37308K(37632K) Class: 4643K(4928K)->4643K(4928K)
[2024-06-25T09:51:55.103-0400][gc          ] GC(44) Pause Young (Normal) (G1 Evacuation Pause) 222M->174M(1024M) 21,860ms
[2024-06-25T09:51:55.103-0400][gc,cpu      ] GC(44) User=0,03s Sys=0,01s Real=0,02s
[2024-06-25T10:02:15.147-0400][gc,start    ] GC(45) Pause Young (Normal) (G1 Evacuation Pause)
[2024-06-25T10:02:15.148-0400][gc,task     ] GC(45) Using 6 workers of 6 for evacuation
[2024-06-25T10:02:15.155-0400][gc,phases   ] GC(45)   Pre Evacuate Collection Set: 1,0ms
[2024-06-25T10:02:15.155-0400][gc,phases   ] GC(45)   Merge Heap Roots: 0,2ms
[2024-06-25T10:02:15.155-0400][gc,phases   ] GC(45)   Evacuate Collection Set: 4,0ms
[2024-06-25T10:02:15.155-0400][gc,phases   ] GC(45)   Post Evacuate Collection Set: 1,7ms
[2024-06-25T10:02:15.155-0400][gc,phases   ] GC(45)   Other: 0,1ms
[2024-06-25T10:02:15.155-0400][gc,heap     ] GC(45) Eden regions: 48->0(47)
[2024-06-25T10:02:15.155-0400][gc,heap     ] GC(45) Survivor regions: 3->4(7)
[2024-06-25T10:02:15.155-0400][gc,heap     ] GC(45) Old regions: 44->44
[2024-06-25T10:02:15.155-0400][gc,heap     ] GC(45) Humongous regions: 129->129
[2024-06-25T10:02:15.155-0400][gc,metaspace] GC(45) Metaspace: 41952K(42560K)->41952K(42560K) NonClass: 37308K(37632K)->37308K(37632K) Class: 4643K(4928K)->4643K(4928K)
[2024-06-25T10:02:15.155-0400][gc          ] GC(45) Pause Young (Normal) (G1 Evacuation Pause) 222M->175M(1024M) 7,177ms
[2024-06-25T10:02:15.155-0400][gc,cpu      ] GC(45) User=0,01s Sys=0,02s Real=0,01s
[2024-06-25T10:12:19.183-0400][gc,start    ] GC(46) Pause Young (Normal) (G1 Evacuation Pause)
[2024-06-25T10:12:19.183-0400][gc,task     ] GC(46) Using 6 workers of 6 for evacuation
[2024-06-25T10:12:19.190-0400][gc,phases   ] GC(46)   Pre Evacuate Collection Set: 2,3ms
[2024-06-25T10:12:19.190-0400][gc,phases   ] GC(46)   Merge Heap Roots: 0,2ms
[2024-06-25T10:12:19.190-0400][gc,phases   ] GC(46)   Evacuate Collection Set: 3,4ms
[2024-06-25T10:12:19.190-0400][gc,phases   ] GC(46)   Post Evacuate Collection Set: 1,0ms
[2024-06-25T10:12:19.190-0400][gc,phases   ] GC(46)   Other: 0,2ms
[2024-06-25T10:12:19.190-0400][gc,heap     ] GC(46) Eden regions: 47->0(366)
[2024-06-25T10:12:19.190-0400][gc,heap     ] GC(46) Survivor regions: 4->3(7)
[2024-06-25T10:12:19.190-0400][gc,heap     ] GC(46) Old regions: 44->44
[2024-06-25T10:12:19.190-0400][gc,heap     ] GC(46) Humongous regions: 129->129
[2024-06-25T10:12:19.190-0400][gc,metaspace] GC(46) Metaspace: 41952K(42560K)->41952K(42560K) NonClass: 37308K(37632K)->37308K(37632K) Class: 4643K(4928K)->4643K(4928K)
[2024-06-25T10:12:19.190-0400][gc          ] GC(46) Pause Young (Normal) (G1 Evacuation Pause) 222M->174M(1024M) 7,197ms
[2024-06-25T10:12:19.190-0400][gc,cpu      ] GC(46) User=0,02s Sys=0,01s Real=0,01s
[2024-06-25T13:49:37.946-0400][gc,start    ] GC(47) Pause Young (Normal) (G1 Evacuation Pause)
[2024-06-25T13:49:37.947-0400][gc,task     ] GC(47) Using 6 workers of 6 for evacuation
[2024-06-25T13:49:38.016-0400][gc,mmu      ] GC(47) MMU target violated: 21,0ms (20,0ms/21,0ms)
[2024-06-25T13:49:38.016-0400][gc,phases   ] GC(47)   Pre Evacuate Collection Set: 3,6ms
[2024-06-25T13:49:38.016-0400][gc,phases   ] GC(47)   Merge Heap Roots: 1,5ms
[2024-06-25T13:49:38.016-0400][gc,phases   ] GC(47)   Evacuate Collection Set: 52,6ms
[2024-06-25T13:49:38.016-0400][gc,phases   ] GC(47)   Post Evacuate Collection Set: 10,9ms
[2024-06-25T13:49:38.016-0400][gc,phases   ] GC(47)   Other: 0,5ms
[2024-06-25T13:49:38.016-0400][gc,heap     ] GC(47) Eden regions: 368->0(47)
[2024-06-25T13:49:38.016-0400][gc,heap     ] GC(47) Survivor regions: 3->4(47)
[2024-06-25T13:49:38.016-0400][gc,heap     ] GC(47) Old regions: 44->44
[2024-06-25T13:49:38.016-0400][gc,heap     ] GC(47) Humongous regions: 129->129
[2024-06-25T13:49:38.016-0400][gc,metaspace] GC(47) Metaspace: 41953K(42560K)->41953K(42560K) NonClass: 37310K(37632K)->37310K(37632K) Class: 4643K(4928K)->4643K(4928K)
[2024-06-25T13:49:38.016-0400][gc          ] GC(47) Pause Young (Normal) (G1 Evacuation Pause) 542M->175M(1024M) 70,589ms
[2024-06-25T13:49:38.016-0400][gc,cpu      ] GC(47) User=0,26s Sys=0,00s Real=0,07s
[2024-06-25T13:59:29.710-0400][gc,start    ] GC(48) Pause Young (Normal) (G1 Evacuation Pause)
[2024-06-25T13:59:29.710-0400][gc,task     ] GC(48) Using 6 workers of 6 for evacuation
[2024-06-25T13:59:29.723-0400][gc,phases   ] GC(48)   Pre Evacuate Collection Set: 0,5ms
[2024-06-25T13:59:29.723-0400][gc,phases   ] GC(48)   Merge Heap Roots: 0,6ms
[2024-06-25T13:59:29.723-0400][gc,phases   ] GC(48)   Evacuate Collection Set: 10,8ms
[2024-06-25T13:59:29.723-0400][gc,phases   ] GC(48)   Post Evacuate Collection Set: 0,9ms
[2024-06-25T13:59:29.723-0400][gc,phases   ] GC(48)   Other: 0,1ms
[2024-06-25T13:59:29.723-0400][gc,heap     ] GC(48) Eden regions: 47->0(65)
[2024-06-25T13:59:29.723-0400][gc,heap     ] GC(48) Survivor regions: 4->3(7)
[2024-06-25T13:59:29.723-0400][gc,heap     ] GC(48) Old regions: 44->44
[2024-06-25T13:59:29.723-0400][gc,heap     ] GC(48) Humongous regions: 129->129
[2024-06-25T13:59:29.723-0400][gc,metaspace] GC(48) Metaspace: 41953K(42560K)->41953K(42560K) NonClass: 37310K(37632K)->37310K(37632K) Class: 4643K(4928K)->4643K(4928K)
[2024-06-25T13:59:29.723-0400][gc          ] GC(48) Pause Young (Normal) (G1 Evacuation Pause) 222M->174M(1024M) 13,192ms
[2024-06-25T13:59:29.723-0400][gc,cpu      ] GC(48) User=0,05s Sys=0,00s Real=0,02s
[2024-06-25T14:13:58.721-0400][gc,start    ] GC(49) Pause Young (Normal) (G1 Evacuation Pause)
[2024-06-25T14:13:58.721-0400][gc,task     ] GC(49) Using 6 workers of 6 for evacuation
[2024-06-25T14:13:58.778-0400][gc,mmu      ] GC(49) MMU target violated: 21,0ms (20,0ms/21,0ms)
[2024-06-25T14:13:58.778-0400][gc,phases   ] GC(49)   Pre Evacuate Collection Set: 2,8ms
[2024-06-25T14:13:58.778-0400][gc,phases   ] GC(49)   Merge Heap Roots: 2,4ms
[2024-06-25T14:13:58.778-0400][gc,phases   ] GC(49)   Evacuate Collection Set: 46,9ms
[2024-06-25T14:13:58.778-0400][gc,phases   ] GC(49)   Post Evacuate Collection Set: 1,0ms
[2024-06-25T14:13:58.778-0400][gc,phases   ] GC(49)   Other: 3,4ms
[2024-06-25T14:13:58.778-0400][gc,heap     ] GC(49) Eden regions: 67->0(48)
[2024-06-25T14:13:58.778-0400][gc,heap     ] GC(49) Survivor regions: 3->3(9)
[2024-06-25T14:13:58.778-0400][gc,heap     ] GC(49) Old regions: 44->44
[2024-06-25T14:13:58.778-0400][gc,heap     ] GC(49) Humongous regions: 129->129
[2024-06-25T14:13:58.778-0400][gc,metaspace] GC(49) Metaspace: 41953K(42560K)->41953K(42560K) NonClass: 37310K(37632K)->37310K(37632K) Class: 4643K(4928K)->4643K(4928K)
[2024-06-25T14:13:58.778-0400][gc          ] GC(49) Pause Young (Normal) (G1 Evacuation Pause) 241M->175M(1024M) 56,665ms
[2024-06-25T14:13:58.778-0400][gc,cpu      ] GC(49) User=0,15s Sys=0,05s Real=0,06s
[2024-06-25T14:24:15.788-0400][gc,start    ] GC(50) Pause Young (Normal) (G1 Evacuation Pause)
[2024-06-25T14:24:15.788-0400][gc,task     ] GC(50) Using 6 workers of 6 for evacuation
[2024-06-25T14:24:15.814-0400][gc,mmu      ] GC(50) MMU target violated: 21,0ms (20,0ms/21,0ms)
[2024-06-25T14:24:15.814-0400][gc,phases   ] GC(50)   Pre Evacuate Collection Set: 0,8ms
[2024-06-25T14:24:15.814-0400][gc,phases   ] GC(50)   Merge Heap Roots: 0,2ms
[2024-06-25T14:24:15.814-0400][gc,phases   ] GC(50)   Evacuate Collection Set: 23,0ms
[2024-06-25T14:24:15.814-0400][gc,phases   ] GC(50)   Post Evacuate Collection Set: 1,1ms
[2024-06-25T14:24:15.814-0400][gc,phases   ] GC(50)   Other: 0,1ms
[2024-06-25T14:24:15.814-0400][gc,heap     ] GC(50) Eden regions: 48->0(47)
[2024-06-25T14:24:15.814-0400][gc,heap     ] GC(50) Survivor regions: 3->4(7)
[2024-06-25T14:24:15.814-0400][gc,heap     ] GC(50) Old regions: 44->44
[2024-06-25T14:24:15.814-0400][gc,heap     ] GC(50) Humongous regions: 129->129
[2024-06-25T14:24:15.814-0400][gc,metaspace] GC(50) Metaspace: 41953K(42560K)->41953K(42560K) NonClass: 37310K(37632K)->37310K(37632K) Class: 4643K(4928K)->4643K(4928K)
[2024-06-25T14:24:15.814-0400][gc          ] GC(50) Pause Young (Normal) (G1 Evacuation Pause) 223M->175M(1024M) 25,330ms
[2024-06-25T14:24:15.814-0400][gc,cpu      ] GC(50) User=0,13s Sys=0,00s Real=0,03s
[2024-06-25T14:34:17.956-0400][gc,start    ] GC(51) Pause Young (Normal) (G1 Evacuation Pause)
[2024-06-25T14:34:17.956-0400][gc,task     ] GC(51) Using 6 workers of 6 for evacuation
[2024-06-25T14:34:17.974-0400][gc,phases   ] GC(51)   Pre Evacuate Collection Set: 1,4ms
[2024-06-25T14:34:17.974-0400][gc,phases   ] GC(51)   Merge Heap Roots: 0,3ms
[2024-06-25T14:34:17.974-0400][gc,phases   ] GC(51)   Evacuate Collection Set: 8,7ms
[2024-06-25T14:34:17.974-0400][gc,phases   ] GC(51)   Post Evacuate Collection Set: 2,8ms
[2024-06-25T14:34:17.974-0400][gc,phases   ] GC(51)   Other: 5,2ms
[2024-06-25T14:34:17.974-0400][gc,heap     ] GC(51) Eden regions: 47->0(48)
[2024-06-25T14:34:17.974-0400][gc,heap     ] GC(51) Survivor regions: 4->3(7)
[2024-06-25T14:34:17.974-0400][gc,heap     ] GC(51) Old regions: 44->44
[2024-06-25T14:34:17.974-0400][gc,heap     ] GC(51) Humongous regions: 129->129
[2024-06-25T14:34:17.974-0400][gc,metaspace] GC(51) Metaspace: 41953K(42560K)->41953K(42560K) NonClass: 37310K(37632K)->37310K(37632K) Class: 4643K(4928K)->4643K(4928K)
[2024-06-25T14:34:17.975-0400][gc          ] GC(51) Pause Young (Normal) (G1 Evacuation Pause) 222M->175M(1024M) 18,565ms
[2024-06-25T14:34:17.975-0400][gc,cpu      ] GC(51) User=0,03s Sys=0,02s Real=0,02s
[2024-06-25T14:44:01.795-0400][gc,start    ] GC(52) Pause Young (Normal) (G1 Evacuation Pause)
[2024-06-25T14:44:01.795-0400][gc,task     ] GC(52) Using 6 workers of 6 for evacuation
[2024-06-25T14:44:01.813-0400][gc,phases   ] GC(52)   Pre Evacuate Collection Set: 1,9ms
[2024-06-25T14:44:01.813-0400][gc,phases   ] GC(52)   Merge Heap Roots: 0,3ms
[2024-06-25T14:44:01.813-0400][gc,phases   ] GC(52)   Evacuate Collection Set: 14,1ms
[2024-06-25T14:44:01.813-0400][gc,phases   ] GC(52)   Post Evacuate Collection Set: 0,9ms
[2024-06-25T14:44:01.813-0400][gc,phases   ] GC(52)   Other: 0,1ms
[2024-06-25T14:44:01.813-0400][gc,heap     ] GC(52) Eden regions: 48->0(47)
[2024-06-25T14:44:01.813-0400][gc,heap     ] GC(52) Survivor regions: 3->4(7)
[2024-06-25T14:44:01.813-0400][gc,heap     ] GC(52) Old regions: 44->44
[2024-06-25T14:44:01.813-0400][gc,heap     ] GC(52) Humongous regions: 129->129
[2024-06-25T14:44:01.813-0400][gc,metaspace] GC(52) Metaspace: 41953K(42560K)->41953K(42560K) NonClass: 37310K(37632K)->37310K(37632K) Class: 4643K(4928K)->4643K(4928K)
[2024-06-25T14:44:01.814-0400][gc          ] GC(52) Pause Young (Normal) (G1 Evacuation Pause) 223M->175M(1024M) 18,232ms
[2024-06-25T14:44:01.814-0400][gc,cpu      ] GC(52) User=0,03s Sys=0,02s Real=0,02s
[2024-06-25T14:54:02.956-0400][gc,start    ] GC(53) Pause Young (Normal) (G1 Evacuation Pause)
[2024-06-25T14:54:02.956-0400][gc,task     ] GC(53) Using 6 workers of 6 for evacuation
[2024-06-25T14:54:02.964-0400][gc,phases   ] GC(53)   Pre Evacuate Collection Set: 0,9ms
[2024-06-25T14:54:02.964-0400][gc,phases   ] GC(53)   Merge Heap Roots: 0,4ms
[2024-06-25T14:54:02.964-0400][gc,phases   ] GC(53)   Evacuate Collection Set: 5,2ms
[2024-06-25T14:54:02.964-0400][gc,phases   ] GC(53)   Post Evacuate Collection Set: 1,2ms
[2024-06-25T14:54:02.964-0400][gc,phases   ] GC(53)   Other: 0,1ms
[2024-06-25T14:54:02.964-0400][gc,heap     ] GC(53) Eden regions: 47->0(395)
[2024-06-25T14:54:02.964-0400][gc,heap     ] GC(53) Survivor regions: 4->3(7)
[2024-06-25T14:54:02.964-0400][gc,heap     ] GC(53) Old regions: 44->44
[2024-06-25T14:54:02.964-0400][gc,heap     ] GC(53) Humongous regions: 129->129
[2024-06-25T14:54:02.964-0400][gc,metaspace] GC(53) Metaspace: 41955K(42560K)->41955K(42560K) NonClass: 37311K(37632K)->37311K(37632K) Class: 4643K(4928K)->4643K(4928K)
[2024-06-25T14:54:02.964-0400][gc          ] GC(53) Pause Young (Normal) (G1 Evacuation Pause) 222M->174M(1024M) 7,922ms
[2024-06-25T14:54:02.964-0400][gc,cpu      ] GC(53) User=0,01s Sys=0,00s Real=0,01s
[2024-06-25T16:18:56.869-0400][gc,start    ] GC(54) Pause Young (Normal) (G1 Evacuation Pause)
[2024-06-25T16:18:56.870-0400][gc,task     ] GC(54) Using 6 workers of 6 for evacuation
[2024-06-25T16:18:57.156-0400][gc,mmu      ] GC(54) MMU target violated: 21,0ms (20,0ms/21,0ms)
[2024-06-25T16:18:57.156-0400][gc,phases   ] GC(54)   Pre Evacuate Collection Set: 20,9ms
[2024-06-25T16:18:57.156-0400][gc,phases   ] GC(54)   Merge Heap Roots: 1,9ms
[2024-06-25T16:18:57.156-0400][gc,phases   ] GC(54)   Evacuate Collection Set: 246,6ms
[2024-06-25T16:18:57.156-0400][gc,phases   ] GC(54)   Post Evacuate Collection Set: 16,0ms
[2024-06-25T16:18:57.156-0400][gc,phases   ] GC(54)   Other: 1,5ms
[2024-06-25T16:18:57.156-0400][gc,heap     ] GC(54) Eden regions: 396->0(48)
[2024-06-25T16:18:57.156-0400][gc,heap     ] GC(54) Survivor regions: 3->3(50)
[2024-06-25T16:18:57.156-0400][gc,heap     ] GC(54) Old regions: 44->44
[2024-06-25T16:18:57.156-0400][gc,heap     ] GC(54) Humongous regions: 129->129
[2024-06-25T16:18:57.156-0400][gc,metaspace] GC(54) Metaspace: 41955K(42560K)->41955K(42560K) NonClass: 37311K(37632K)->37311K(37632K) Class: 4643K(4928K)->4643K(4928K)
[2024-06-25T16:18:57.157-0400][gc          ] GC(54) Pause Young (Normal) (G1 Evacuation Pause) 570M->174M(1024M) 287,930ms
[2024-06-25T16:18:57.157-0400][gc,cpu      ] GC(54) User=1,33s Sys=0,00s Real=0,29s
[2024-06-25T16:29:04.471-0400][gc,start    ] GC(55) Pause Young (Normal) (G1 Evacuation Pause)
[2024-06-25T16:29:04.471-0400][gc,task     ] GC(55) Using 6 workers of 6 for evacuation
[2024-06-25T16:29:04.522-0400][gc,mmu      ] GC(55) MMU target violated: 21,0ms (20,0ms/21,0ms)
[2024-06-25T16:29:04.522-0400][gc,phases   ] GC(55)   Pre Evacuate Collection Set: 5,8ms
[2024-06-25T16:29:04.522-0400][gc,phases   ] GC(55)   Merge Heap Roots: 0,1ms
[2024-06-25T16:29:04.522-0400][gc,phases   ] GC(55)   Evacuate Collection Set: 43,3ms
[2024-06-25T16:29:04.522-0400][gc,phases   ] GC(55)   Post Evacuate Collection Set: 1,4ms
[2024-06-25T16:29:04.522-0400][gc,phases   ] GC(55)   Other: 0,6ms
[2024-06-25T16:29:04.522-0400][gc,heap     ] GC(55) Eden regions: 48->0(47)
[2024-06-25T16:29:04.522-0400][gc,heap     ] GC(55) Survivor regions: 3->4(7)
[2024-06-25T16:29:04.522-0400][gc,heap     ] GC(55) Old regions: 44->44
[2024-06-25T16:29:04.522-0400][gc,heap     ] GC(55) Humongous regions: 129->129
[2024-06-25T16:29:04.522-0400][gc,metaspace] GC(55) Metaspace: 41955K(42560K)->41955K(42560K) NonClass: 37311K(37632K)->37311K(37632K) Class: 4643K(4928K)->4643K(4928K)
[2024-06-25T16:29:04.522-0400][gc          ] GC(55) Pause Young (Normal) (G1 Evacuation Pause) 222M->175M(1024M) 51,636ms
[2024-06-25T16:29:04.522-0400][gc,cpu      ] GC(55) User=0,11s Sys=0,12s Real=0,06s
[2024-06-25T16:38:31.446-0400][gc,start    ] GC(56) Pause Young (Normal) (G1 Evacuation Pause)
[2024-06-25T16:38:31.446-0400][gc,task     ] GC(56) Using 6 workers of 6 for evacuation
[2024-06-25T16:38:31.483-0400][gc,mmu      ] GC(56) MMU target violated: 21,0ms (20,0ms/21,0ms)
[2024-06-25T16:38:31.483-0400][gc,phases   ] GC(56)   Pre Evacuate Collection Set: 0,9ms
[2024-06-25T16:38:31.483-0400][gc,phases   ] GC(56)   Merge Heap Roots: 0,4ms
[2024-06-25T16:38:31.483-0400][gc,phases   ] GC(56)   Evacuate Collection Set: 33,6ms
[2024-06-25T16:38:31.483-0400][gc,phases   ] GC(56)   Post Evacuate Collection Set: 1,9ms
[2024-06-25T16:38:31.483-0400][gc,phases   ] GC(56)   Other: 0,2ms
[2024-06-25T16:38:31.483-0400][gc,heap     ] GC(56) Eden regions: 47->0(47)
[2024-06-25T16:38:31.483-0400][gc,heap     ] GC(56) Survivor regions: 4->4(7)
[2024-06-25T16:38:31.483-0400][gc,heap     ] GC(56) Old regions: 44->44
[2024-06-25T16:38:31.483-0400][gc,heap     ] GC(56) Humongous regions: 129->129
[2024-06-25T16:38:31.483-0400][gc,metaspace] GC(56) Metaspace: 41955K(42560K)->41955K(42560K) NonClass: 37311K(37632K)->37311K(37632K) Class: 4643K(4928K)->4643K(4928K)
[2024-06-25T16:38:31.484-0400][gc          ] GC(56) Pause Young (Normal) (G1 Evacuation Pause) 222M->176M(1024M) 37,920ms
[2024-06-25T16:38:31.484-0400][gc,cpu      ] GC(56) User=0,11s Sys=0,09s Real=0,04s
[2024-06-25T16:48:33.522-0400][gc,start    ] GC(57) Pause Young (Normal) (G1 Evacuation Pause)
[2024-06-25T16:48:33.522-0400][gc,task     ] GC(57) Using 6 workers of 6 for evacuation
[2024-06-25T16:48:33.527-0400][gc,phases   ] GC(57)   Pre Evacuate Collection Set: 0,6ms
[2024-06-25T16:48:33.527-0400][gc,phases   ] GC(57)   Merge Heap Roots: 0,4ms
[2024-06-25T16:48:33.527-0400][gc,phases   ] GC(57)   Evacuate Collection Set: 3,0ms
[2024-06-25T16:48:33.527-0400][gc,phases   ] GC(57)   Post Evacuate Collection Set: 1,6ms
[2024-06-25T16:48:33.527-0400][gc,phases   ] GC(57)   Other: 0,1ms
[2024-06-25T16:48:33.527-0400][gc,heap     ] GC(57) Eden regions: 47->0(48)
[2024-06-25T16:48:33.527-0400][gc,heap     ] GC(57) Survivor regions: 4->3(7)
[2024-06-25T16:48:33.527-0400][gc,heap     ] GC(57) Old regions: 44->44
[2024-06-25T16:48:33.527-0400][gc,heap     ] GC(57) Humongous regions: 129->129
[2024-06-25T16:48:33.527-0400][gc,metaspace] GC(57) Metaspace: 41955K(42560K)->41955K(42560K) NonClass: 37311K(37632K)->37311K(37632K) Class: 4643K(4928K)->4643K(4928K)
[2024-06-25T16:48:33.527-0400][gc          ] GC(57) Pause Young (Normal) (G1 Evacuation Pause) 223M->174M(1024M) 5,787ms
[2024-06-25T16:48:33.527-0400][gc,cpu      ] GC(57) User=0,01s Sys=0,01s Real=0,01s
[2024-06-25T16:58:50.177-0400][gc,start    ] GC(58) Pause Young (Normal) (G1 Evacuation Pause)
[2024-06-25T16:58:50.178-0400][gc,task     ] GC(58) Using 6 workers of 6 for evacuation
[2024-06-25T16:58:50.197-0400][gc,phases   ] GC(58)   Pre Evacuate Collection Set: 2,1ms
[2024-06-25T16:58:50.197-0400][gc,phases   ] GC(58)   Merge Heap Roots: 0,3ms
[2024-06-25T16:58:50.197-0400][gc,phases   ] GC(58)   Evacuate Collection Set: 14,8ms
[2024-06-25T16:58:50.197-0400][gc,phases   ] GC(58)   Post Evacuate Collection Set: 1,7ms
[2024-06-25T16:58:50.197-0400][gc,phases   ] GC(58)   Other: 0,1ms
[2024-06-25T16:58:50.197-0400][gc,heap     ] GC(58) Eden regions: 48->0(47)
[2024-06-25T16:58:50.197-0400][gc,heap     ] GC(58) Survivor regions: 3->4(7)
[2024-06-25T16:58:50.197-0400][gc,heap     ] GC(58) Old regions: 44->44
[2024-06-25T16:58:50.197-0400][gc,heap     ] GC(58) Humongous regions: 129->129
[2024-06-25T16:58:50.197-0400][gc,metaspace] GC(58) Metaspace: 41955K(42560K)->41955K(42560K) NonClass: 37311K(37632K)->37311K(37632K) Class: 4643K(4928K)->4643K(4928K)
[2024-06-25T16:58:50.197-0400][gc          ] GC(58) Pause Young (Normal) (G1 Evacuation Pause) 222M->175M(1024M) 19,905ms
[2024-06-25T16:58:50.197-0400][gc,cpu      ] GC(58) User=0,07s Sys=0,02s Real=0,02s
[2024-06-25T17:08:53.850-0400][gc,start    ] GC(59) Pause Young (Normal) (G1 Evacuation Pause)
[2024-06-25T17:08:53.850-0400][gc,task     ] GC(59) Using 6 workers of 6 for evacuation
[2024-06-25T17:08:53.858-0400][gc,phases   ] GC(59)   Pre Evacuate Collection Set: 1,0ms
[2024-06-25T17:08:53.859-0400][gc,phases   ] GC(59)   Merge Heap Roots: 0,2ms
[2024-06-25T17:08:53.859-0400][gc,phases   ] GC(59)   Evacuate Collection Set: 6,1ms
[2024-06-25T17:08:53.859-0400][gc,phases   ] GC(59)   Post Evacuate Collection Set: 1,3ms
[2024-06-25T17:08:53.859-0400][gc,phases   ] GC(59)   Other: 0,1ms
[2024-06-25T17:08:53.859-0400][gc,heap     ] GC(59) Eden regions: 47->0(48)
[2024-06-25T17:08:53.859-0400][gc,heap     ] GC(59) Survivor regions: 4->3(7)
[2024-06-25T17:08:53.859-0400][gc,heap     ] GC(59) Old regions: 44->44
[2024-06-25T17:08:53.859-0400][gc,heap     ] GC(59) Humongous regions: 129->129
[2024-06-25T17:08:53.859-0400][gc,metaspace] GC(59) Metaspace: 41955K(42560K)->41955K(42560K) NonClass: 37312K(37632K)->37312K(37632K) Class: 4643K(4928K)->4643K(4928K)
[2024-06-25T17:08:53.859-0400][gc          ] GC(59) Pause Young (Normal) (G1 Evacuation Pause) 222M->175M(1024M) 8,893ms
[2024-06-25T17:08:53.859-0400][gc,cpu      ] GC(59) User=0,03s Sys=0,00s Real=0,01s
[2024-06-25T17:19:11.327-0400][gc,start    ] GC(60) Pause Young (Normal) (G1 Evacuation Pause)
[2024-06-25T17:19:11.327-0400][gc,task     ] GC(60) Using 6 workers of 6 for evacuation
[2024-06-25T17:19:11.362-0400][gc,mmu      ] GC(60) MMU target violated: 21,0ms (20,0ms/21,0ms)
[2024-06-25T17:19:11.362-0400][gc,phases   ] GC(60)   Pre Evacuate Collection Set: 8,7ms
[2024-06-25T17:19:11.362-0400][gc,phases   ] GC(60)   Merge Heap Roots: 4,9ms
[2024-06-25T17:19:11.362-0400][gc,phases   ] GC(60)   Evacuate Collection Set: 17,7ms
[2024-06-25T17:19:11.362-0400][gc,phases   ] GC(60)   Post Evacuate Collection Set: 3,8ms
[2024-06-25T17:19:11.362-0400][gc,phases   ] GC(60)   Other: 0,1ms
[2024-06-25T17:19:11.362-0400][gc,heap     ] GC(60) Eden regions: 48->0(48)
[2024-06-25T17:19:11.362-0400][gc,heap     ] GC(60) Survivor regions: 3->3(7)
[2024-06-25T17:19:11.362-0400][gc,heap     ] GC(60) Old regions: 44->44
[2024-06-25T17:19:11.362-0400][gc,heap     ] GC(60) Humongous regions: 129->129
[2024-06-25T17:19:11.362-0400][gc,metaspace] GC(60) Metaspace: 41956K(42560K)->41956K(42560K) NonClass: 37313K(37632K)->37313K(37632K) Class: 4643K(4928K)->4643K(4928K)
[2024-06-25T17:19:11.362-0400][gc          ] GC(60) Pause Young (Normal) (G1 Evacuation Pause) 223M->175M(1024M) 35,383ms
[2024-06-25T17:19:11.362-0400][gc,cpu      ] GC(60) User=0,05s Sys=0,02s Real=0,04s
[2024-06-25T17:29:27.956-0400][gc,start    ] GC(61) Pause Young (Normal) (G1 Evacuation Pause)
[2024-06-25T17:29:27.956-0400][gc,task     ] GC(61) Using 6 workers of 6 for evacuation
[2024-06-25T17:29:27.999-0400][gc,mmu      ] GC(61) MMU target violated: 21,0ms (20,0ms/21,0ms)
[2024-06-25T17:29:27.999-0400][gc,phases   ] GC(61)   Pre Evacuate Collection Set: 9,0ms
[2024-06-25T17:29:27.999-0400][gc,phases   ] GC(61)   Merge Heap Roots: 0,5ms
[2024-06-25T17:29:27.999-0400][gc,phases   ] GC(61)   Evacuate Collection Set: 29,4ms
[2024-06-25T17:29:27.999-0400][gc,phases   ] GC(61)   Post Evacuate Collection Set: 3,4ms
[2024-06-25T17:29:27.999-0400][gc,phases   ] GC(61)   Other: 0,3ms
[2024-06-25T17:29:27.999-0400][gc,heap     ] GC(61) Eden regions: 48->0(48)
[2024-06-25T17:29:27.999-0400][gc,heap     ] GC(61) Survivor regions: 3->3(7)
[2024-06-25T17:29:27.999-0400][gc,heap     ] GC(61) Old regions: 44->44
[2024-06-25T17:29:27.999-0400][gc,heap     ] GC(61) Humongous regions: 129->129
[2024-06-25T17:29:27.999-0400][gc,metaspace] GC(61) Metaspace: 41956K(42560K)->41956K(42560K) NonClass: 37313K(37632K)->37313K(37632K) Class: 4643K(4928K)->4643K(4928K)
[2024-06-25T17:29:27.999-0400][gc          ] GC(61) Pause Young (Normal) (G1 Evacuation Pause) 223M->174M(1024M) 43,147ms
[2024-06-25T17:29:27.999-0400][gc,cpu      ] GC(61) User=0,07s Sys=0,01s Real=0,04s
[2024-06-25T17:39:10.875-0400][gc,start    ] GC(62) Pause Young (Normal) (G1 Evacuation Pause)
[2024-06-25T17:39:10.875-0400][gc,task     ] GC(62) Using 6 workers of 6 for evacuation
[2024-06-25T17:39:10.881-0400][gc,phases   ] GC(62)   Pre Evacuate Collection Set: 0,8ms
[2024-06-25T17:39:10.881-0400][gc,phases   ] GC(62)   Merge Heap Roots: 0,2ms
[2024-06-25T17:39:10.881-0400][gc,phases   ] GC(62)   Evacuate Collection Set: 4,2ms
[2024-06-25T17:39:10.881-0400][gc,phases   ] GC(62)   Post Evacuate Collection Set: 1,0ms
[2024-06-25T17:39:10.881-0400][gc,phases   ] GC(62)   Other: 0,1ms
[2024-06-25T17:39:10.881-0400][gc,heap     ] GC(62) Eden regions: 48->0(48)
[2024-06-25T17:39:10.881-0400][gc,heap     ] GC(62) Survivor regions: 3->3(7)
[2024-06-25T17:39:10.881-0400][gc,heap     ] GC(62) Old regions: 44->44
[2024-06-25T17:39:10.881-0400][gc,heap     ] GC(62) Humongous regions: 129->129
[2024-06-25T17:39:10.881-0400][gc,metaspace] GC(62) Metaspace: 41956K(42560K)->41956K(42560K) NonClass: 37313K(37632K)->37313K(37632K) Class: 4643K(4928K)->4643K(4928K)
[2024-06-25T17:39:10.881-0400][gc          ] GC(62) Pause Young (Normal) (G1 Evacuation Pause) 222M->175M(1024M) 6,374ms
[2024-06-25T17:39:10.881-0400][gc,cpu      ] GC(62) User=0,02s Sys=0,00s Real=0,00s
[2024-06-26T08:28:50.071-0400][gc,start    ] GC(63) Pause Young (Normal) (G1 Evacuation Pause)
[2024-06-26T08:28:50.071-0400][gc,task     ] GC(63) Using 6 workers of 6 for evacuation
[2024-06-26T08:28:50.084-0400][gc,phases   ] GC(63)   Pre Evacuate Collection Set: 0,7ms
[2024-06-26T08:28:50.084-0400][gc,phases   ] GC(63)   Merge Heap Roots: 0,5ms
[2024-06-26T08:28:50.084-0400][gc,phases   ] GC(63)   Evacuate Collection Set: 10,1ms
[2024-06-26T08:28:50.084-0400][gc,phases   ] GC(63)   Post Evacuate Collection Set: 1,7ms
[2024-06-26T08:28:50.084-0400][gc,phases   ] GC(63)   Other: 0,1ms
[2024-06-26T08:28:50.084-0400][gc,heap     ] GC(63) Eden regions: 48->0(47)
[2024-06-26T08:28:50.084-0400][gc,heap     ] GC(63) Survivor regions: 3->4(7)
[2024-06-26T08:28:50.084-0400][gc,heap     ] GC(63) Old regions: 44->44
[2024-06-26T08:28:50.084-0400][gc,heap     ] GC(63) Humongous regions: 129->129
[2024-06-26T08:28:50.084-0400][gc,metaspace] GC(63) Metaspace: 41962K(42560K)->41962K(42560K) NonClass: 37318K(37632K)->37318K(37632K) Class: 4643K(4928K)->4643K(4928K)
[2024-06-26T08:28:50.084-0400][gc          ] GC(63) Pause Young (Normal) (G1 Evacuation Pause) 223M->176M(1024M) 13,404ms
[2024-06-26T08:28:50.084-0400][gc,cpu      ] GC(63) User=0,03s Sys=0,00s Real=0,01s
[2024-06-26T08:39:25.763-0400][gc,start    ] GC(64) Pause Young (Normal) (G1 Evacuation Pause)
[2024-06-26T08:39:25.763-0400][gc,task     ] GC(64) Using 6 workers of 6 for evacuation
[2024-06-26T08:39:25.778-0400][gc,phases   ] GC(64)   Pre Evacuate Collection Set: 0,6ms
[2024-06-26T08:39:25.779-0400][gc,phases   ] GC(64)   Merge Heap Roots: 0,2ms
[2024-06-26T08:39:25.779-0400][gc,phases   ] GC(64)   Evacuate Collection Set: 13,7ms
[2024-06-26T08:39:25.779-0400][gc,phases   ] GC(64)   Post Evacuate Collection Set: 1,1ms
[2024-06-26T08:39:25.779-0400][gc,phases   ] GC(64)   Other: 0,3ms
[2024-06-26T08:39:25.779-0400][gc,heap     ] GC(64) Eden regions: 47->0(48)
[2024-06-26T08:39:25.779-0400][gc,heap     ] GC(64) Survivor regions: 4->3(7)
[2024-06-26T08:39:25.779-0400][gc,heap     ] GC(64) Old regions: 44->44
[2024-06-26T08:39:25.779-0400][gc,heap     ] GC(64) Humongous regions: 129->129
[2024-06-26T08:39:25.779-0400][gc,metaspace] GC(64) Metaspace: 41962K(42560K)->41962K(42560K) NonClass: 37318K(37632K)->37318K(37632K) Class: 4643K(4928K)->4643K(4928K)
[2024-06-26T08:39:25.779-0400][gc          ] GC(64) Pause Young (Normal) (G1 Evacuation Pause) 223M->175M(1024M) 15,995ms
[2024-06-26T08:39:25.779-0400][gc,cpu      ] GC(64) User=0,03s Sys=0,01s Real=0,01s
[2024-06-26T08:50:18.868-0400][gc,start    ] GC(65) Pause Young (Normal) (G1 Evacuation Pause)
[2024-06-26T08:50:18.868-0400][gc,task     ] GC(65) Using 6 workers of 6 for evacuation
[2024-06-26T08:50:18.888-0400][gc,mmu      ] GC(65) MMU target violated: 20,5ms (20,0ms/21,0ms)
[2024-06-26T08:50:18.888-0400][gc,phases   ] GC(65)   Pre Evacuate Collection Set: 0,8ms
[2024-06-26T08:50:18.888-0400][gc,phases   ] GC(65)   Merge Heap Roots: 1,7ms
[2024-06-26T08:50:18.888-0400][gc,phases   ] GC(65)   Evacuate Collection Set: 7,3ms
[2024-06-26T08:50:18.888-0400][gc,phases   ] GC(65)   Post Evacuate Collection Set: 10,6ms
[2024-06-26T08:50:18.890-0400][gc,phases   ] GC(65)   Other: 0,1ms
[2024-06-26T08:50:18.890-0400][gc,heap     ] GC(65) Eden regions: 48->0(47)
[2024-06-26T08:50:18.890-0400][gc,heap     ] GC(65) Survivor regions: 3->4(7)
[2024-06-26T08:50:18.890-0400][gc,heap     ] GC(65) Old regions: 44->44
[2024-06-26T08:50:18.890-0400][gc,heap     ] GC(65) Humongous regions: 129->129
[2024-06-26T08:50:18.890-0400][gc,metaspace] GC(65) Metaspace: 41963K(42624K)->41963K(42624K) NonClass: 37319K(37696K)->37319K(37696K) Class: 4643K(4928K)->4643K(4928K)
[2024-06-26T08:50:18.890-0400][gc          ] GC(65) Pause Young (Normal) (G1 Evacuation Pause) 223M->176M(1024M) 21,951ms
[2024-06-26T08:50:18.890-0400][gc,cpu      ] GC(65) User=0,04s Sys=0,00s Real=0,03s
[2024-06-26T09:00:55.424-0400][gc,start    ] GC(66) Pause Young (Normal) (G1 Evacuation Pause)
[2024-06-26T09:00:55.424-0400][gc,task     ] GC(66) Using 6 workers of 6 for evacuation
[2024-06-26T09:00:55.476-0400][gc,mmu      ] GC(66) MMU target violated: 21,0ms (20,0ms/21,0ms)
[2024-06-26T09:00:55.476-0400][gc,phases   ] GC(66)   Pre Evacuate Collection Set: 2,3ms
[2024-06-26T09:00:55.476-0400][gc,phases   ] GC(66)   Merge Heap Roots: 2,2ms
[2024-06-26T09:00:55.476-0400][gc,phases   ] GC(66)   Evacuate Collection Set: 39,0ms
[2024-06-26T09:00:55.476-0400][gc,phases   ] GC(66)   Post Evacuate Collection Set: 8,4ms
[2024-06-26T09:00:55.476-0400][gc,phases   ] GC(66)   Other: 0,1ms
[2024-06-26T09:00:55.476-0400][gc,heap     ] GC(66) Eden regions: 47->0(48)
[2024-06-26T09:00:55.476-0400][gc,heap     ] GC(66) Survivor regions: 4->3(7)
[2024-06-26T09:00:55.476-0400][gc,heap     ] GC(66) Old regions: 44->44
[2024-06-26T09:00:55.476-0400][gc,heap     ] GC(66) Humongous regions: 129->129
[2024-06-26T09:00:55.476-0400][gc,metaspace] GC(66) Metaspace: 41963K(42624K)->41963K(42624K) NonClass: 37319K(37696K)->37319K(37696K) Class: 4643K(4928K)->4643K(4928K)
[2024-06-26T09:00:55.476-0400][gc          ] GC(66) Pause Young (Normal) (G1 Evacuation Pause) 223M->175M(1024M) 52,313ms
[2024-06-26T09:00:55.476-0400][gc,cpu      ] GC(66) User=0,09s Sys=0,01s Real=0,05s
[2024-06-26T09:11:46.110-0400][gc,start    ] GC(67) Pause Young (Normal) (G1 Evacuation Pause)
[2024-06-26T09:11:46.110-0400][gc,task     ] GC(67) Using 6 workers of 6 for evacuation
[2024-06-26T09:11:46.124-0400][gc,phases   ] GC(67)   Pre Evacuate Collection Set: 0,5ms
[2024-06-26T09:11:46.124-0400][gc,phases   ] GC(67)   Merge Heap Roots: 0,5ms
[2024-06-26T09:11:46.124-0400][gc,phases   ] GC(67)   Evacuate Collection Set: 11,7ms
[2024-06-26T09:11:46.124-0400][gc,phases   ] GC(67)   Post Evacuate Collection Set: 0,9ms
[2024-06-26T09:11:46.124-0400][gc,phases   ] GC(67)   Other: 0,2ms
[2024-06-26T09:11:46.124-0400][gc,heap     ] GC(67) Eden regions: 48->0(176)
[2024-06-26T09:11:46.124-0400][gc,heap     ] GC(67) Survivor regions: 3->3(7)
[2024-06-26T09:11:46.124-0400][gc,heap     ] GC(67) Old regions: 44->44
[2024-06-26T09:11:46.124-0400][gc,heap     ] GC(67) Humongous regions: 129->129
[2024-06-26T09:11:46.124-0400][gc,metaspace] GC(67) Metaspace: 41963K(42624K)->41963K(42624K) NonClass: 37319K(37696K)->37319K(37696K) Class: 4643K(4928K)->4643K(4928K)
[2024-06-26T09:11:46.124-0400][gc          ] GC(67) Pause Young (Normal) (G1 Evacuation Pause) 223M->174M(1024M) 13,878ms
[2024-06-26T09:11:46.124-0400][gc,cpu      ] GC(67) User=0,01s Sys=0,01s Real=0,01s
[2024-06-26T09:49:32.214-0400][gc,start    ] GC(68) Pause Young (Normal) (G1 Evacuation Pause)
[2024-06-26T09:49:32.214-0400][gc,task     ] GC(68) Using 6 workers of 6 for evacuation
[2024-06-26T09:49:32.327-0400][gc,mmu      ] GC(68) MMU target violated: 21,0ms (20,0ms/21,0ms)
[2024-06-26T09:49:32.327-0400][gc,phases   ] GC(68)   Pre Evacuate Collection Set: 0,6ms
[2024-06-26T09:49:32.327-0400][gc,phases   ] GC(68)   Merge Heap Roots: 0,7ms
[2024-06-26T09:49:32.327-0400][gc,phases   ] GC(68)   Evacuate Collection Set: 109,9ms
[2024-06-26T09:49:32.327-0400][gc,phases   ] GC(68)   Post Evacuate Collection Set: 1,2ms
[2024-06-26T09:49:32.327-0400][gc,phases   ] GC(68)   Other: 0,1ms
[2024-06-26T09:49:32.327-0400][gc,heap     ] GC(68) Eden regions: 176->0(48)
[2024-06-26T09:49:32.327-0400][gc,heap     ] GC(68) Survivor regions: 3->3(23)
[2024-06-26T09:49:32.327-0400][gc,heap     ] GC(68) Old regions: 44->44
[2024-06-26T09:49:32.327-0400][gc,heap     ] GC(68) Humongous regions: 129->129
[2024-06-26T09:49:32.327-0400][gc,metaspace] GC(68) Metaspace: 41977K(42624K)->41977K(42624K) NonClass: 37334K(37696K)->37334K(37696K) Class: 4643K(4928K)->4643K(4928K)
[2024-06-26T09:49:32.327-0400][gc          ] GC(68) Pause Young (Normal) (G1 Evacuation Pause) 350M->174M(1024M) 112,665ms
[2024-06-26T09:49:32.327-0400][gc,cpu      ] GC(68) User=0,49s Sys=0,04s Real=0,11s
[2024-06-26T09:59:40.763-0400][gc,start    ] GC(69) Pause Young (Normal) (G1 Evacuation Pause)
[2024-06-26T09:59:40.763-0400][gc,task     ] GC(69) Using 6 workers of 6 for evacuation
[2024-06-26T09:59:40.782-0400][gc,phases   ] GC(69)   Pre Evacuate Collection Set: 0,7ms
[2024-06-26T09:59:40.782-0400][gc,phases   ] GC(69)   Merge Heap Roots: 0,6ms
[2024-06-26T09:59:40.782-0400][gc,phases   ] GC(69)   Evacuate Collection Set: 16,2ms
[2024-06-26T09:59:40.782-0400][gc,phases   ] GC(69)   Post Evacuate Collection Set: 1,1ms
[2024-06-26T09:59:40.782-0400][gc,phases   ] GC(69)   Other: 0,1ms
[2024-06-26T09:59:40.782-0400][gc,heap     ] GC(69) Eden regions: 48->0(48)
[2024-06-26T09:59:40.782-0400][gc,heap     ] GC(69) Survivor regions: 3->3(7)
[2024-06-26T09:59:40.782-0400][gc,heap     ] GC(69) Old regions: 44->44
[2024-06-26T09:59:40.782-0400][gc,heap     ] GC(69) Humongous regions: 129->129
[2024-06-26T09:59:40.782-0400][gc,metaspace] GC(69) Metaspace: 41977K(42624K)->41977K(42624K) NonClass: 37334K(37696K)->37334K(37696K) Class: 4643K(4928K)->4643K(4928K)
[2024-06-26T09:59:40.782-0400][gc          ] GC(69) Pause Young (Normal) (G1 Evacuation Pause) 222M->175M(1024M) 18,909ms
[2024-06-26T09:59:40.782-0400][gc,cpu      ] GC(69) User=0,01s Sys=0,04s Real=0,02s
[2024-06-26T10:09:57.695-0400][gc,start    ] GC(70) Pause Young (Normal) (G1 Evacuation Pause)
[2024-06-26T10:09:57.695-0400][gc,task     ] GC(70) Using 6 workers of 6 for evacuation
[2024-06-26T10:09:57.704-0400][gc,phases   ] GC(70)   Pre Evacuate Collection Set: 0,8ms
[2024-06-26T10:09:57.704-0400][gc,phases   ] GC(70)   Merge Heap Roots: 0,2ms
[2024-06-26T10:09:57.704-0400][gc,phases   ] GC(70)   Evacuate Collection Set: 6,5ms
[2024-06-26T10:09:57.704-0400][gc,phases   ] GC(70)   Post Evacuate Collection Set: 1,3ms
[2024-06-26T10:09:57.704-0400][gc,phases   ] GC(70)   Other: 0,1ms
[2024-06-26T10:09:57.704-0400][gc,heap     ] GC(70) Eden regions: 48->0(47)
[2024-06-26T10:09:57.704-0400][gc,heap     ] GC(70) Survivor regions: 3->4(7)
[2024-06-26T10:09:57.704-0400][gc,heap     ] GC(70) Old regions: 44->44
[2024-06-26T10:09:57.704-0400][gc,heap     ] GC(70) Humongous regions: 129->129
[2024-06-26T10:09:57.704-0400][gc,metaspace] GC(70) Metaspace: 41977K(42624K)->41977K(42624K) NonClass: 37334K(37696K)->37334K(37696K) Class: 4643K(4928K)->4643K(4928K)
[2024-06-26T10:09:57.704-0400][gc          ] GC(70) Pause Young (Normal) (G1 Evacuation Pause) 223M->176M(1024M) 9,091ms
[2024-06-26T10:09:57.704-0400][gc,cpu      ] GC(70) User=0,01s Sys=0,01s Real=0,01s
[2024-06-26T10:19:24.327-0400][gc,start    ] GC(71) Pause Young (Normal) (G1 Evacuation Pause)
[2024-06-26T10:19:24.327-0400][gc,task     ] GC(71) Using 6 workers of 6 for evacuation
[2024-06-26T10:19:24.343-0400][gc,phases   ] GC(71)   Pre Evacuate Collection Set: 0,5ms
[2024-06-26T10:19:24.343-0400][gc,phases   ] GC(71)   Merge Heap Roots: 0,4ms
[2024-06-26T10:19:24.343-0400][gc,phases   ] GC(71)   Evacuate Collection Set: 11,1ms
[2024-06-26T10:19:24.343-0400][gc,phases   ] GC(71)   Post Evacuate Collection Set: 3,4ms
[2024-06-26T10:19:24.343-0400][gc,phases   ] GC(71)   Other: 0,1ms
[2024-06-26T10:19:24.343-0400][gc,heap     ] GC(71) Eden regions: 47->0(48)
[2024-06-26T10:19:24.343-0400][gc,heap     ] GC(71) Survivor regions: 4->3(7)
[2024-06-26T10:19:24.343-0400][gc,heap     ] GC(71) Old regions: 44->44
[2024-06-26T10:19:24.343-0400][gc,heap     ] GC(71) Humongous regions: 129->129
[2024-06-26T10:19:24.343-0400][gc,metaspace] GC(71) Metaspace: 41977K(42624K)->41977K(42624K) NonClass: 37334K(37696K)->37334K(37696K) Class: 4643K(4928K)->4643K(4928K)
[2024-06-26T10:19:24.343-0400][gc          ] GC(71) Pause Young (Normal) (G1 Evacuation Pause) 223M->175M(1024M) 15,717ms
[2024-06-26T10:19:24.343-0400][gc,cpu      ] GC(71) User=0,01s Sys=0,02s Real=0,02s
[2024-06-26T10:29:43.681-0400][gc,start    ] GC(72) Pause Young (Normal) (G1 Evacuation Pause)
[2024-06-26T10:29:43.681-0400][gc,task     ] GC(72) Using 6 workers of 6 for evacuation
[2024-06-26T10:29:43.702-0400][gc,mmu      ] GC(72) MMU target violated: 21,0ms (20,0ms/21,0ms)
[2024-06-26T10:29:43.702-0400][gc,phases   ] GC(72)   Pre Evacuate Collection Set: 0,5ms
[2024-06-26T10:29:43.702-0400][gc,phases   ] GC(72)   Merge Heap Roots: 1,5ms
[2024-06-26T10:29:43.702-0400][gc,phases   ] GC(72)   Evacuate Collection Set: 4,8ms
[2024-06-26T10:29:43.702-0400][gc,phases   ] GC(72)   Post Evacuate Collection Set: 13,9ms
[2024-06-26T10:29:43.702-0400][gc,phases   ] GC(72)   Other: 0,3ms
[2024-06-26T10:29:43.702-0400][gc,heap     ] GC(72) Eden regions: 48->0(47)
[2024-06-26T10:29:43.702-0400][gc,heap     ] GC(72) Survivor regions: 3->4(7)
[2024-06-26T10:29:43.702-0400][gc,heap     ] GC(72) Old regions: 44->44
[2024-06-26T10:29:43.702-0400][gc,heap     ] GC(72) Humongous regions: 129->129
[2024-06-26T10:29:43.702-0400][gc,metaspace] GC(72) Metaspace: 41981K(42624K)->41981K(42624K) NonClass: 37338K(37696K)->37338K(37696K) Class: 4643K(4928K)->4643K(4928K)
[2024-06-26T10:29:43.702-0400][gc          ] GC(72) Pause Young (Normal) (G1 Evacuation Pause) 223M->175M(1024M) 21,389ms
[2024-06-26T10:29:43.702-0400][gc,cpu      ] GC(72) User=0,01s Sys=0,03s Real=0,02s
[2024-06-26T10:39:46.630-0400][gc,start    ] GC(73) Pause Young (Normal) (G1 Evacuation Pause)
[2024-06-26T10:39:46.630-0400][gc,task     ] GC(73) Using 6 workers of 6 for evacuation
[2024-06-26T10:39:46.641-0400][gc,phases   ] GC(73)   Pre Evacuate Collection Set: 0,6ms
[2024-06-26T10:39:46.641-0400][gc,phases   ] GC(73)   Merge Heap Roots: 0,5ms
[2024-06-26T10:39:46.641-0400][gc,phases   ] GC(73)   Evacuate Collection Set: 8,6ms
[2024-06-26T10:39:46.641-0400][gc,phases   ] GC(73)   Post Evacuate Collection Set: 0,9ms
[2024-06-26T10:39:46.641-0400][gc,phases   ] GC(73)   Other: 0,1ms
[2024-06-26T10:39:46.641-0400][gc,heap     ] GC(73) Eden regions: 47->0(48)
[2024-06-26T10:39:46.641-0400][gc,heap     ] GC(73) Survivor regions: 4->3(7)
[2024-06-26T10:39:46.641-0400][gc,heap     ] GC(73) Old regions: 44->44
[2024-06-26T10:39:46.641-0400][gc,heap     ] GC(73) Humongous regions: 129->129
[2024-06-26T10:39:46.641-0400][gc,metaspace] GC(73) Metaspace: 41981K(42624K)->41981K(42624K) NonClass: 37338K(37696K)->37338K(37696K) Class: 4643K(4928K)->4643K(4928K)
[2024-06-26T10:39:46.641-0400][gc          ] GC(73) Pause Young (Normal) (G1 Evacuation Pause) 222M->174M(1024M) 11,028ms
[2024-06-26T10:39:46.641-0400][gc,cpu      ] GC(73) User=0,02s Sys=0,01s Real=0,01s
[2024-06-26T10:50:04.681-0400][gc,start    ] GC(74) Pause Young (Normal) (G1 Evacuation Pause)
[2024-06-26T10:50:04.681-0400][gc,task     ] GC(74) Using 6 workers of 6 for evacuation
[2024-06-26T10:50:04.700-0400][gc,phases   ] GC(74)   Pre Evacuate Collection Set: 0,6ms
[2024-06-26T10:50:04.700-0400][gc,phases   ] GC(74)   Merge Heap Roots: 0,9ms
[2024-06-26T10:50:04.700-0400][gc,phases   ] GC(74)   Evacuate Collection Set: 12,4ms
[2024-06-26T10:50:04.700-0400][gc,phases   ] GC(74)   Post Evacuate Collection Set: 5,4ms
[2024-06-26T10:50:04.700-0400][gc,phases   ] GC(74)   Other: 0,1ms
[2024-06-26T10:50:04.700-0400][gc,heap     ] GC(74) Eden regions: 48->0(48)
[2024-06-26T10:50:04.700-0400][gc,heap     ] GC(74) Survivor regions: 3->3(7)
[2024-06-26T10:50:04.700-0400][gc,heap     ] GC(74) Old regions: 44->44
[2024-06-26T10:50:04.700-0400][gc,heap     ] GC(74) Humongous regions: 129->129
[2024-06-26T10:50:04.700-0400][gc,metaspace] GC(74) Metaspace: 41981K(42624K)->41981K(42624K) NonClass: 37338K(37696K)->37338K(37696K) Class: 4643K(4928K)->4643K(4928K)
[2024-06-26T10:50:04.700-0400][gc          ] GC(74) Pause Young (Normal) (G1 Evacuation Pause) 222M->175M(1024M) 19,519ms
[2024-06-26T10:50:04.700-0400][gc,cpu      ] GC(74) User=0,01s Sys=0,02s Real=0,02s
[2024-06-26T11:00:20.767-0400][gc,start    ] GC(75) Pause Young (Normal) (G1 Evacuation Pause)
[2024-06-26T11:00:20.767-0400][gc,task     ] GC(75) Using 6 workers of 6 for evacuation
[2024-06-26T11:00:20.782-0400][gc,phases   ] GC(75)   Pre Evacuate Collection Set: 3,0ms
[2024-06-26T11:00:20.782-0400][gc,phases   ] GC(75)   Merge Heap Roots: 2,1ms
[2024-06-26T11:00:20.782-0400][gc,phases   ] GC(75)   Evacuate Collection Set: 5,8ms
[2024-06-26T11:00:20.782-0400][gc,phases   ] GC(75)   Post Evacuate Collection Set: 3,6ms
[2024-06-26T11:00:20.782-0400][gc,phases   ] GC(75)   Other: 0,1ms
[2024-06-26T11:00:20.782-0400][gc,heap     ] GC(75) Eden regions: 48->0(47)
[2024-06-26T11:00:20.782-0400][gc,heap     ] GC(75) Survivor regions: 3->4(7)
[2024-06-26T11:00:20.782-0400][gc,heap     ] GC(75) Old regions: 44->44
[2024-06-26T11:00:20.782-0400][gc,heap     ] GC(75) Humongous regions: 129->129
[2024-06-26T11:00:20.782-0400][gc,metaspace] GC(75) Metaspace: 41982K(42624K)->41982K(42624K) NonClass: 37338K(37696K)->37338K(37696K) Class: 4643K(4928K)->4643K(4928K)
[2024-06-26T11:00:20.782-0400][gc          ] GC(75) Pause Young (Normal) (G1 Evacuation Pause) 223M->176M(1024M) 15,112ms
[2024-06-26T11:00:20.782-0400][gc,cpu      ] GC(75) User=0,01s Sys=0,03s Real=0,02s
[2024-06-26T11:10:22.948-0400][gc,start    ] GC(76) Pause Young (Normal) (G1 Evacuation Pause)
[2024-06-26T11:10:22.949-0400][gc,task     ] GC(76) Using 6 workers of 6 for evacuation
[2024-06-26T11:10:22.957-0400][gc,phases   ] GC(76)   Pre Evacuate Collection Set: 0,5ms
[2024-06-26T11:10:22.957-0400][gc,phases   ] GC(76)   Merge Heap Roots: 0,8ms
[2024-06-26T11:10:22.957-0400][gc,phases   ] GC(76)   Evacuate Collection Set: 4,9ms
[2024-06-26T11:10:22.957-0400][gc,phases   ] GC(76)   Post Evacuate Collection Set: 1,9ms
[2024-06-26T11:10:22.957-0400][gc,phases   ] GC(76)   Other: 0,1ms
[2024-06-26T11:10:22.957-0400][gc,heap     ] GC(76) Eden regions: 47->0(86)
[2024-06-26T11:10:22.957-0400][gc,heap     ] GC(76) Survivor regions: 4->3(7)
[2024-06-26T11:10:22.957-0400][gc,heap     ] GC(76) Old regions: 44->44
[2024-06-26T11:10:22.957-0400][gc,heap     ] GC(76) Humongous regions: 129->129
[2024-06-26T11:10:22.957-0400][gc,metaspace] GC(76) Metaspace: 41982K(42624K)->41982K(42624K) NonClass: 37338K(37696K)->37338K(37696K) Class: 4643K(4928K)->4643K(4928K)
[2024-06-26T11:10:22.957-0400][gc          ] GC(76) Pause Young (Normal) (G1 Evacuation Pause) 223M->175M(1024M) 8,471ms
[2024-06-26T11:10:22.957-0400][gc,cpu      ] GC(76) User=0,01s Sys=0,01s Real=0,01s
[2024-06-26T11:28:18.409-0400][gc,start    ] GC(77) Pause Young (Normal) (G1 Evacuation Pause)
[2024-06-26T11:28:18.409-0400][gc,task     ] GC(77) Using 6 workers of 6 for evacuation
[2024-06-26T11:28:18.417-0400][gc,phases   ] GC(77)   Pre Evacuate Collection Set: 0,6ms
[2024-06-26T11:28:18.417-0400][gc,phases   ] GC(77)   Merge Heap Roots: 0,4ms
[2024-06-26T11:28:18.417-0400][gc,phases   ] GC(77)   Evacuate Collection Set: 4,1ms
[2024-06-26T11:28:18.417-0400][gc,phases   ] GC(77)   Post Evacuate Collection Set: 2,5ms
[2024-06-26T11:28:18.417-0400][gc,phases   ] GC(77)   Other: 0,1ms
[2024-06-26T11:28:18.417-0400][gc,heap     ] GC(77) Eden regions: 86->0(312)
[2024-06-26T11:28:18.417-0400][gc,heap     ] GC(77) Survivor regions: 3->3(12)
[2024-06-26T11:28:18.417-0400][gc,heap     ] GC(77) Old regions: 44->44
[2024-06-26T11:28:18.417-0400][gc,heap     ] GC(77) Humongous regions: 129->129
[2024-06-26T11:28:18.417-0400][gc,metaspace] GC(77) Metaspace: 41982K(42624K)->41982K(42624K) NonClass: 37338K(37696K)->37338K(37696K) Class: 4643K(4928K)->4643K(4928K)
[2024-06-26T11:28:18.417-0400][gc          ] GC(77) Pause Young (Normal) (G1 Evacuation Pause) 261M->175M(1024M) 7,971ms
[2024-06-26T11:28:18.417-0400][gc,cpu      ] GC(77) User=0,02s Sys=0,00s Real=0,00s
[2024-06-26T12:35:23.350-0400][gc,start    ] GC(78) Pause Young (Normal) (G1 Evacuation Pause)
[2024-06-26T12:35:23.350-0400][gc,task     ] GC(78) Using 6 workers of 6 for evacuation
[2024-06-26T12:35:23.474-0400][gc,mmu      ] GC(78) MMU target violated: 21,0ms (20,0ms/21,0ms)
[2024-06-26T12:35:23.474-0400][gc,phases   ] GC(78)   Pre Evacuate Collection Set: 1,4ms
[2024-06-26T12:35:23.474-0400][gc,phases   ] GC(78)   Merge Heap Roots: 2,1ms
[2024-06-26T12:35:23.474-0400][gc,phases   ] GC(78)   Evacuate Collection Set: 119,5ms
[2024-06-26T12:35:23.474-0400][gc,phases   ] GC(78)   Post Evacuate Collection Set: 1,4ms
[2024-06-26T12:35:23.474-0400][gc,phases   ] GC(78)   Other: 0,1ms
[2024-06-26T12:35:23.474-0400][gc,heap     ] GC(78) Eden regions: 312->0(48)
[2024-06-26T12:35:23.474-0400][gc,heap     ] GC(78) Survivor regions: 3->3(40)
[2024-06-26T12:35:23.474-0400][gc,heap     ] GC(78) Old regions: 44->44
[2024-06-26T12:35:23.474-0400][gc,heap     ] GC(78) Humongous regions: 129->129
[2024-06-26T12:35:23.474-0400][gc,metaspace] GC(78) Metaspace: 41993K(42624K)->41993K(42624K) NonClass: 37350K(37696K)->37350K(37696K) Class: 4643K(4928K)->4643K(4928K)
[2024-06-26T12:35:23.474-0400][gc          ] GC(78) Pause Young (Normal) (G1 Evacuation Pause) 487M->175M(1024M) 124,705ms
[2024-06-26T12:35:23.474-0400][gc,cpu      ] GC(78) User=0,71s Sys=0,00s Real=0,12s
[2024-06-26T12:45:35.057-0400][gc,start    ] GC(79) Pause Young (Normal) (G1 Evacuation Pause)
[2024-06-26T12:45:35.057-0400][gc,task     ] GC(79) Using 6 workers of 6 for evacuation
[2024-06-26T12:45:35.076-0400][gc,phases   ] GC(79)   Pre Evacuate Collection Set: 3,6ms
[2024-06-26T12:45:35.076-0400][gc,phases   ] GC(79)   Merge Heap Roots: 1,0ms
[2024-06-26T12:45:35.076-0400][gc,phases   ] GC(79)   Evacuate Collection Set: 10,7ms
[2024-06-26T12:45:35.076-0400][gc,phases   ] GC(79)   Post Evacuate Collection Set: 2,8ms
[2024-06-26T12:45:35.076-0400][gc,phases   ] GC(79)   Other: 0,1ms
[2024-06-26T12:45:35.076-0400][gc,heap     ] GC(79) Eden regions: 48->0(47)
[2024-06-26T12:45:35.076-0400][gc,heap     ] GC(79) Survivor regions: 3->4(7)
[2024-06-26T12:45:35.076-0400][gc,heap     ] GC(79) Old regions: 44->44
[2024-06-26T12:45:35.076-0400][gc,heap     ] GC(79) Humongous regions: 129->129
[2024-06-26T12:45:35.076-0400][gc,metaspace] GC(79) Metaspace: 41994K(42624K)->41994K(42624K) NonClass: 37351K(37696K)->37351K(37696K) Class: 4643K(4928K)->4643K(4928K)
[2024-06-26T12:45:35.076-0400][gc          ] GC(79) Pause Young (Normal) (G1 Evacuation Pause) 223M->176M(1024M) 18,306ms
[2024-06-26T12:45:35.076-0400][gc,cpu      ] GC(79) User=0,03s Sys=0,00s Real=0,02s
[2024-06-26T12:56:22.123-0400][gc,start    ] GC(80) Pause Young (Normal) (G1 Evacuation Pause)
[2024-06-26T12:56:22.123-0400][gc,task     ] GC(80) Using 6 workers of 6 for evacuation
[2024-06-26T12:56:22.138-0400][gc,phases   ] GC(80)   Pre Evacuate Collection Set: 0,8ms
[2024-06-26T12:56:22.138-0400][gc,phases   ] GC(80)   Merge Heap Roots: 0,6ms
[2024-06-26T12:56:22.138-0400][gc,phases   ] GC(80)   Evacuate Collection Set: 9,4ms
[2024-06-26T12:56:22.138-0400][gc,phases   ] GC(80)   Post Evacuate Collection Set: 3,7ms
[2024-06-26T12:56:22.138-0400][gc,phases   ] GC(80)   Other: 0,1ms
[2024-06-26T12:56:22.138-0400][gc,heap     ] GC(80) Eden regions: 47->0(48)
[2024-06-26T12:56:22.138-0400][gc,heap     ] GC(80) Survivor regions: 4->3(7)
[2024-06-26T12:56:22.138-0400][gc,heap     ] GC(80) Old regions: 44->44
[2024-06-26T12:56:22.138-0400][gc,heap     ] GC(80) Humongous regions: 129->129
[2024-06-26T12:56:22.138-0400][gc,metaspace] GC(80) Metaspace: 41997K(42624K)->41997K(42624K) NonClass: 37353K(37696K)->37353K(37696K) Class: 4643K(4928K)->4643K(4928K)
[2024-06-26T12:56:22.138-0400][gc          ] GC(80) Pause Young (Normal) (G1 Evacuation Pause) 223M->175M(1024M) 14,828ms
[2024-06-26T12:56:22.138-0400][gc,cpu      ] GC(80) User=0,00s Sys=0,03s Real=0,01s
[2024-06-26T13:09:22.006-0400][gc,start    ] GC(81) Pause Young (Normal) (G1 Evacuation Pause)
[2024-06-26T13:09:22.006-0400][gc,task     ] GC(81) Using 6 workers of 6 for evacuation
[2024-06-26T13:09:22.029-0400][gc,mmu      ] GC(81) MMU target violated: 21,0ms (20,0ms/21,0ms)
[2024-06-26T13:09:22.029-0400][gc,phases   ] GC(81)   Pre Evacuate Collection Set: 2,8ms
[2024-06-26T13:09:22.029-0400][gc,phases   ] GC(81)   Merge Heap Roots: 0,5ms
[2024-06-26T13:09:22.029-0400][gc,phases   ] GC(81)   Evacuate Collection Set: 12,9ms
[2024-06-26T13:09:22.029-0400][gc,phases   ] GC(81)   Post Evacuate Collection Set: 5,7ms
[2024-06-26T13:09:22.029-0400][gc,phases   ] GC(81)   Other: 0,7ms
[2024-06-26T13:09:22.029-0400][gc,heap     ] GC(81) Eden regions: 48->0(47)
[2024-06-26T13:09:22.029-0400][gc,heap     ] GC(81) Survivor regions: 3->4(7)
[2024-06-26T13:09:22.029-0400][gc,heap     ] GC(81) Old regions: 44->44
[2024-06-26T13:09:22.029-0400][gc,heap     ] GC(81) Humongous regions: 129->129
[2024-06-26T13:09:22.029-0400][gc,metaspace] GC(81) Metaspace: 41997K(42624K)->41997K(42624K) NonClass: 37353K(37696K)->37353K(37696K) Class: 4643K(4928K)->4643K(4928K)
[2024-06-26T13:09:22.029-0400][gc          ] GC(81) Pause Young (Normal) (G1 Evacuation Pause) 223M->175M(1024M) 23,432ms
[2024-06-26T13:09:22.029-0400][gc,cpu      ] GC(81) User=0,07s Sys=0,00s Real=0,02s
[2024-06-26T13:18:53.327-0400][gc,start    ] GC(82) Pause Young (Normal) (G1 Evacuation Pause)
[2024-06-26T13:18:53.327-0400][gc,task     ] GC(82) Using 6 workers of 6 for evacuation
[2024-06-26T13:18:53.336-0400][gc,phases   ] GC(82)   Pre Evacuate Collection Set: 0,7ms
[2024-06-26T13:18:53.336-0400][gc,phases   ] GC(82)   Merge Heap Roots: 0,3ms
[2024-06-26T13:18:53.336-0400][gc,phases   ] GC(82)   Evacuate Collection Set: 7,3ms
[2024-06-26T13:18:53.336-0400][gc,phases   ] GC(82)   Post Evacuate Collection Set: 1,2ms
[2024-06-26T13:18:53.336-0400][gc,phases   ] GC(82)   Other: 0,1ms
[2024-06-26T13:18:53.336-0400][gc,heap     ] GC(82) Eden regions: 47->0(47)
[2024-06-26T13:18:53.336-0400][gc,heap     ] GC(82) Survivor regions: 4->4(7)
[2024-06-26T13:18:53.336-0400][gc,heap     ] GC(82) Old regions: 44->44
[2024-06-26T13:18:53.336-0400][gc,heap     ] GC(82) Humongous regions: 129->129
[2024-06-26T13:18:53.336-0400][gc,metaspace] GC(82) Metaspace: 41997K(42624K)->41997K(42624K) NonClass: 37353K(37696K)->37353K(37696K) Class: 4643K(4928K)->4643K(4928K)
[2024-06-26T13:18:53.336-0400][gc          ] GC(82) Pause Young (Normal) (G1 Evacuation Pause) 222M->176M(1024M) 9,851ms
[2024-06-26T13:18:53.336-0400][gc,cpu      ] GC(82) User=0,03s Sys=0,01s Real=0,01s
[2024-06-27T10:59:31.655-0400][gc,start    ] GC(83) Pause Young (Normal) (G1 Evacuation Pause)
[2024-06-27T10:59:31.655-0400][gc,task     ] GC(83) Using 6 workers of 6 for evacuation
[2024-06-27T10:59:31.676-0400][gc,mmu      ] GC(83) MMU target violated: 21,0ms (20,0ms/21,0ms)
[2024-06-27T10:59:31.683-0400][gc,phases   ] GC(83)   Pre Evacuate Collection Set: 1,4ms
[2024-06-27T10:59:31.683-0400][gc,phases   ] GC(83)   Merge Heap Roots: 0,3ms
[2024-06-27T10:59:31.683-0400][gc,phases   ] GC(83)   Evacuate Collection Set: 8,1ms
[2024-06-27T10:59:31.683-0400][gc,phases   ] GC(83)   Post Evacuate Collection Set: 10,7ms
[2024-06-27T10:59:31.683-0400][gc,phases   ] GC(83)   Other: 7,6ms
[2024-06-27T10:59:31.683-0400][gc,heap     ] GC(83) Eden regions: 47->0(48)
[2024-06-27T10:59:31.683-0400][gc,heap     ] GC(83) Survivor regions: 4->3(7)
[2024-06-27T10:59:31.683-0400][gc,heap     ] GC(83) Old regions: 44->44
[2024-06-27T10:59:31.683-0400][gc,heap     ] GC(83) Humongous regions: 129->129
[2024-06-27T10:59:31.683-0400][gc,metaspace] GC(83) Metaspace: 41997K(42624K)->41997K(42624K) NonClass: 37354K(37696K)->37354K(37696K) Class: 4643K(4928K)->4643K(4928K)
[2024-06-27T10:59:31.683-0400][gc          ] GC(83) Pause Young (Normal) (G1 Evacuation Pause) 223M->175M(1024M) 28,274ms
[2024-06-27T10:59:31.683-0400][gc,cpu      ] GC(83) User=0,03s Sys=0,01s Real=0,03s
[2024-06-27T11:10:23.123-0400][gc,start    ] GC(84) Pause Young (Normal) (G1 Evacuation Pause)
[2024-06-27T11:10:23.124-0400][gc,task     ] GC(84) Using 6 workers of 6 for evacuation
[2024-06-27T11:10:23.131-0400][gc,phases   ] GC(84)   Pre Evacuate Collection Set: 0,8ms
[2024-06-27T11:10:23.131-0400][gc,phases   ] GC(84)   Merge Heap Roots: 0,3ms
[2024-06-27T11:10:23.131-0400][gc,phases   ] GC(84)   Evacuate Collection Set: 4,1ms
[2024-06-27T11:10:23.131-0400][gc,phases   ] GC(84)   Post Evacuate Collection Set: 1,3ms
[2024-06-27T11:10:23.131-0400][gc,phases   ] GC(84)   Other: 0,1ms
[2024-06-27T11:10:23.131-0400][gc,heap     ] GC(84) Eden regions: 48->0(47)
[2024-06-27T11:10:23.131-0400][gc,heap     ] GC(84) Survivor regions: 3->4(7)
[2024-06-27T11:10:23.131-0400][gc,heap     ] GC(84) Old regions: 44->44
[2024-06-27T11:10:23.131-0400][gc,heap     ] GC(84) Humongous regions: 129->129
[2024-06-27T11:10:23.131-0400][gc,metaspace] GC(84) Metaspace: 41997K(42624K)->41997K(42624K) NonClass: 37354K(37696K)->37354K(37696K) Class: 4643K(4928K)->4643K(4928K)
[2024-06-27T11:10:23.131-0400][gc          ] GC(84) Pause Young (Normal) (G1 Evacuation Pause) 223M->176M(1024M) 8,186ms
[2024-06-27T11:10:23.131-0400][gc,cpu      ] GC(84) User=0,01s Sys=0,01s Real=0,01s
[2024-06-27T11:20:59.731-0400][gc,start    ] GC(85) Pause Young (Normal) (G1 Evacuation Pause)
[2024-06-27T11:20:59.731-0400][gc,task     ] GC(85) Using 6 workers of 6 for evacuation
[2024-06-27T11:20:59.759-0400][gc,mmu      ] GC(85) MMU target violated: 21,0ms (20,0ms/21,0ms)
[2024-06-27T11:20:59.759-0400][gc,phases   ] GC(85)   Pre Evacuate Collection Set: 1,5ms
[2024-06-27T11:20:59.759-0400][gc,phases   ] GC(85)   Merge Heap Roots: 0,2ms
[2024-06-27T11:20:59.759-0400][gc,phases   ] GC(85)   Evacuate Collection Set: 10,6ms
[2024-06-27T11:20:59.759-0400][gc,phases   ] GC(85)   Post Evacuate Collection Set: 15,0ms
[2024-06-27T11:20:59.759-0400][gc,phases   ] GC(85)   Other: 0,1ms
[2024-06-27T11:20:59.759-0400][gc,heap     ] GC(85) Eden regions: 47->0(48)
[2024-06-27T11:20:59.759-0400][gc,heap     ] GC(85) Survivor regions: 4->3(7)
[2024-06-27T11:20:59.759-0400][gc,heap     ] GC(85) Old regions: 44->44
[2024-06-27T11:20:59.759-0400][gc,heap     ] GC(85) Humongous regions: 129->129
[2024-06-27T11:20:59.759-0400][gc,metaspace] GC(85) Metaspace: 41997K(42624K)->41997K(42624K) NonClass: 37354K(37696K)->37354K(37696K) Class: 4643K(4928K)->4643K(4928K)
[2024-06-27T11:20:59.759-0400][gc          ] GC(85) Pause Young (Normal) (G1 Evacuation Pause) 223M->175M(1024M) 27,525ms
[2024-06-27T11:20:59.759-0400][gc,cpu      ] GC(85) User=0,00s Sys=0,02s Real=0,03s
[2024-06-27T11:31:51.810-0400][gc,start    ] GC(86) Pause Young (Normal) (G1 Evacuation Pause)
[2024-06-27T11:31:51.810-0400][gc,task     ] GC(86) Using 6 workers of 6 for evacuation
[2024-06-27T11:31:51.822-0400][gc,phases   ] GC(86)   Pre Evacuate Collection Set: 2,1ms
[2024-06-27T11:31:51.822-0400][gc,phases   ] GC(86)   Merge Heap Roots: 0,2ms
[2024-06-27T11:31:51.822-0400][gc,phases   ] GC(86)   Evacuate Collection Set: 3,4ms
[2024-06-27T11:31:51.822-0400][gc,phases   ] GC(86)   Post Evacuate Collection Set: 5,3ms
[2024-06-27T11:31:51.822-0400][gc,phases   ] GC(86)   Other: 0,1ms
[2024-06-27T11:31:51.822-0400][gc,heap     ] GC(86) Eden regions: 48->0(48)
[2024-06-27T11:31:51.822-0400][gc,heap     ] GC(86) Survivor regions: 3->3(7)
[2024-06-27T11:31:51.822-0400][gc,heap     ] GC(86) Old regions: 44->44
[2024-06-27T11:31:51.822-0400][gc,heap     ] GC(86) Humongous regions: 129->129
[2024-06-27T11:31:51.822-0400][gc,metaspace] GC(86) Metaspace: 41997K(42624K)->41997K(42624K) NonClass: 37354K(37696K)->37354K(37696K) Class: 4643K(4928K)->4643K(4928K)
[2024-06-27T11:31:51.822-0400][gc          ] GC(86) Pause Young (Normal) (G1 Evacuation Pause) 223M->175M(1024M) 11,377ms
[2024-06-27T11:31:51.822-0400][gc,cpu      ] GC(86) User=0,00s Sys=0,00s Real=0,01s
[2024-06-27T11:42:47.573-0400][gc,start    ] GC(87) Pause Young (Normal) (G1 Evacuation Pause)
[2024-06-27T11:42:47.573-0400][gc,task     ] GC(87) Using 6 workers of 6 for evacuation
[2024-06-27T11:42:47.586-0400][gc,phases   ] GC(87)   Pre Evacuate Collection Set: 0,7ms
[2024-06-27T11:42:47.586-0400][gc,phases   ] GC(87)   Merge Heap Roots: 0,3ms
[2024-06-27T11:42:47.586-0400][gc,phases   ] GC(87)   Evacuate Collection Set: 2,0ms
[2024-06-27T11:42:47.586-0400][gc,phases   ] GC(87)   Post Evacuate Collection Set: 9,7ms
[2024-06-27T11:42:47.586-0400][gc,phases   ] GC(87)   Other: 0,1ms
[2024-06-27T11:42:47.586-0400][gc,heap     ] GC(87) Eden regions: 48->0(48)
[2024-06-27T11:42:47.586-0400][gc,heap     ] GC(87) Survivor regions: 3->3(7)
[2024-06-27T11:42:47.586-0400][gc,heap     ] GC(87) Old regions: 44->44
[2024-06-27T11:42:47.586-0400][gc,heap     ] GC(87) Humongous regions: 129->129
[2024-06-27T11:42:47.586-0400][gc,metaspace] GC(87) Metaspace: 41998K(42624K)->41998K(42624K) NonClass: 37355K(37696K)->37355K(37696K) Class: 4643K(4928K)->4643K(4928K)
[2024-06-27T11:42:47.586-0400][gc          ] GC(87) Pause Young (Normal) (G1 Evacuation Pause) 223M->175M(1024M) 13,189ms
[2024-06-27T11:42:47.586-0400][gc,cpu      ] GC(87) User=0,01s Sys=0,02s Real=0,01s
[2024-06-27T11:52:52.311-0400][gc,start    ] GC(88) Pause Young (Normal) (G1 Evacuation Pause)
[2024-06-27T11:52:52.312-0400][gc,task     ] GC(88) Using 6 workers of 6 for evacuation
[2024-06-27T11:52:52.328-0400][gc,phases   ] GC(88)   Pre Evacuate Collection Set: 2,1ms
[2024-06-27T11:52:52.328-0400][gc,phases   ] GC(88)   Merge Heap Roots: 0,6ms
[2024-06-27T11:52:52.328-0400][gc,phases   ] GC(88)   Evacuate Collection Set: 10,2ms
[2024-06-27T11:52:52.328-0400][gc,phases   ] GC(88)   Post Evacuate Collection Set: 2,0ms
[2024-06-27T11:52:52.328-0400][gc,phases   ] GC(88)   Other: 0,6ms
[2024-06-27T11:52:52.328-0400][gc,heap     ] GC(88) Eden regions: 48->0(89)
[2024-06-27T11:52:52.328-0400][gc,heap     ] GC(88) Survivor regions: 3->3(7)
[2024-06-27T11:52:52.328-0400][gc,heap     ] GC(88) Old regions: 44->44
[2024-06-27T11:52:52.328-0400][gc,heap     ] GC(88) Humongous regions: 129->129
[2024-06-27T11:52:52.328-0400][gc,metaspace] GC(88) Metaspace: 41998K(42624K)->41998K(42624K) NonClass: 37355K(37696K)->37355K(37696K) Class: 4643K(4928K)->4643K(4928K)
[2024-06-27T11:52:52.328-0400][gc          ] GC(88) Pause Young (Normal) (G1 Evacuation Pause) 223M->175M(1024M) 17,179ms
[2024-06-27T11:52:52.328-0400][gc,cpu      ] GC(88) User=0,05s Sys=0,00s Real=0,01s
[2024-06-27T15:11:16.497-0400][gc,start    ] GC(89) Pause Young (Normal) (G1 Evacuation Pause)
[2024-06-27T15:11:16.497-0400][gc,task     ] GC(89) Using 6 workers of 6 for evacuation
[2024-06-27T15:11:16.530-0400][gc,mmu      ] GC(89) MMU target violated: 21,0ms (20,0ms/21,0ms)
[2024-06-27T15:11:16.530-0400][gc,phases   ] GC(89)   Pre Evacuate Collection Set: 0,5ms
[2024-06-27T15:11:16.530-0400][gc,phases   ] GC(89)   Merge Heap Roots: 0,1ms
[2024-06-27T15:11:16.530-0400][gc,phases   ] GC(89)   Evacuate Collection Set: 30,4ms
[2024-06-27T15:11:16.530-0400][gc,phases   ] GC(89)   Post Evacuate Collection Set: 1,5ms
[2024-06-27T15:11:16.530-0400][gc,phases   ] GC(89)   Other: 0,2ms
[2024-06-27T15:11:16.530-0400][gc,heap     ] GC(89) Eden regions: 90->0(47)
[2024-06-27T15:11:16.530-0400][gc,heap     ] GC(89) Survivor regions: 3->4(12)
[2024-06-27T15:11:16.530-0400][gc,heap     ] GC(89) Old regions: 44->44
[2024-06-27T15:11:16.530-0400][gc,heap     ] GC(89) Humongous regions: 129->129
[2024-06-27T15:11:16.530-0400][gc,metaspace] GC(89) Metaspace: 42000K(42624K)->42000K(42624K) NonClass: 37357K(37696K)->37357K(37696K) Class: 4643K(4928K)->4643K(4928K)
[2024-06-27T15:11:16.530-0400][gc          ] GC(89) Pause Young (Normal) (G1 Evacuation Pause) 265M->176M(1024M) 32,864ms
[2024-06-27T15:11:16.530-0400][gc,cpu      ] GC(89) User=0,04s Sys=0,00s Real=0,03s
[2024-06-27T15:21:16.674-0400][gc,start    ] GC(90) Pause Young (Normal) (G1 Evacuation Pause)
[2024-06-27T15:21:16.674-0400][gc,task     ] GC(90) Using 6 workers of 6 for evacuation
[2024-06-27T15:21:16.702-0400][gc,mmu      ] GC(90) MMU target violated: 21,0ms (20,0ms/21,0ms)
[2024-06-27T15:21:16.702-0400][gc,phases   ] GC(90)   Pre Evacuate Collection Set: 8,5ms
[2024-06-27T15:21:16.702-0400][gc,phases   ] GC(90)   Merge Heap Roots: 3,9ms
[2024-06-27T15:21:16.702-0400][gc,phases   ] GC(90)   Evacuate Collection Set: 9,1ms
[2024-06-27T15:21:16.702-0400][gc,phases   ] GC(90)   Post Evacuate Collection Set: 6,8ms
[2024-06-27T15:21:16.702-0400][gc,phases   ] GC(90)   Other: 0,1ms
[2024-06-27T15:21:16.702-0400][gc,heap     ] GC(90) Eden regions: 47->0(48)
[2024-06-27T15:21:16.702-0400][gc,heap     ] GC(90) Survivor regions: 4->3(7)
[2024-06-27T15:21:16.702-0400][gc,heap     ] GC(90) Old regions: 44->44
[2024-06-27T15:21:16.702-0400][gc,heap     ] GC(90) Humongous regions: 129->129
[2024-06-27T15:21:16.702-0400][gc,metaspace] GC(90) Metaspace: 42000K(42624K)->42000K(42624K) NonClass: 37357K(37696K)->37357K(37696K) Class: 4643K(4928K)->4643K(4928K)
[2024-06-27T15:21:16.702-0400][gc          ] GC(90) Pause Young (Normal) (G1 Evacuation Pause) 223M->175M(1024M) 28,581ms
[2024-06-27T15:21:16.703-0400][gc,cpu      ] GC(90) User=0,02s Sys=0,01s Real=0,03s
[2024-06-27T15:31:38.333-0400][gc,start    ] GC(91) Pause Young (Normal) (G1 Evacuation Pause)
[2024-06-27T15:31:38.333-0400][gc,task     ] GC(91) Using 6 workers of 6 for evacuation
[2024-06-27T15:31:38.340-0400][gc,phases   ] GC(91)   Pre Evacuate Collection Set: 1,7ms
[2024-06-27T15:31:38.340-0400][gc,phases   ] GC(91)   Merge Heap Roots: 0,1ms
[2024-06-27T15:31:38.340-0400][gc,phases   ] GC(91)   Evacuate Collection Set: 3,6ms
[2024-06-27T15:31:38.340-0400][gc,phases   ] GC(91)   Post Evacuate Collection Set: 1,1ms
[2024-06-27T15:31:38.340-0400][gc,phases   ] GC(91)   Other: 0,1ms
[2024-06-27T15:31:38.340-0400][gc,heap     ] GC(91) Eden regions: 48->0(266)
[2024-06-27T15:31:38.340-0400][gc,heap     ] GC(91) Survivor regions: 3->3(7)
[2024-06-27T15:31:38.340-0400][gc,heap     ] GC(91) Old regions: 44->44
[2024-06-27T15:31:38.340-0400][gc,heap     ] GC(91) Humongous regions: 129->129
[2024-06-27T15:31:38.340-0400][gc,metaspace] GC(91) Metaspace: 42000K(42624K)->42000K(42624K) NonClass: 37357K(37696K)->37357K(37696K) Class: 4643K(4928K)->4643K(4928K)
[2024-06-27T15:31:38.340-0400][gc          ] GC(91) Pause Young (Normal) (G1 Evacuation Pause) 223M->175M(1024M) 6,839ms
[2024-06-27T15:31:38.340-0400][gc,cpu      ] GC(91) User=0,01s Sys=0,00s Real=0,01s
[2024-06-27T16:27:30.356-0400][gc,start    ] GC(92) Pause Young (Normal) (G1 Evacuation Pause)
[2024-06-27T16:27:30.357-0400][gc,task     ] GC(92) Using 6 workers of 6 for evacuation
[2024-06-27T16:27:30.385-0400][gc,mmu      ] GC(92) MMU target violated: 21,0ms (20,0ms/21,0ms)
[2024-06-27T16:27:30.385-0400][gc,phases   ] GC(92)   Pre Evacuate Collection Set: 0,8ms
[2024-06-27T16:27:30.385-0400][gc,phases   ] GC(92)   Merge Heap Roots: 0,6ms
[2024-06-27T16:27:30.385-0400][gc,phases   ] GC(92)   Evacuate Collection Set: 19,2ms
[2024-06-27T16:27:30.385-0400][gc,phases   ] GC(92)   Post Evacuate Collection Set: 7,5ms
[2024-06-27T16:27:30.385-0400][gc,phases   ] GC(92)   Other: 0,2ms
[2024-06-27T16:27:30.385-0400][gc,heap     ] GC(92) Eden regions: 265->0(299)
[2024-06-27T16:27:30.385-0400][gc,heap     ] GC(92) Survivor regions: 3->4(34)
[2024-06-27T16:27:30.385-0400][gc,heap     ] GC(92) Old regions: 44->44
[2024-06-27T16:27:30.385-0400][gc,heap     ] GC(92) Humongous regions: 129->129
[2024-06-27T16:27:30.385-0400][gc,metaspace] GC(92) Metaspace: 42022K(42688K)->42022K(42688K) NonClass: 37378K(37760K)->37378K(37760K) Class: 4644K(4928K)->4644K(4928K)
[2024-06-27T16:27:30.385-0400][gc          ] GC(92) Pause Young (Normal) (G1 Evacuation Pause) 440M->176M(1024M) 29,068ms
[2024-06-27T16:27:30.385-0400][gc,cpu      ] GC(92) User=0,01s Sys=0,04s Real=0,02s
[2024-06-27T17:30:47.982-0400][gc,start    ] GC(93) Pause Young (Normal) (G1 Evacuation Pause)
[2024-06-27T17:30:47.983-0400][gc,task     ] GC(93) Using 6 workers of 6 for evacuation
[2024-06-27T17:30:47.995-0400][gc,phases   ] GC(93)   Pre Evacuate Collection Set: 1,4ms
[2024-06-27T17:30:47.995-0400][gc,phases   ] GC(93)   Merge Heap Roots: 0,5ms
[2024-06-27T17:30:47.995-0400][gc,phases   ] GC(93)   Evacuate Collection Set: 8,5ms
[2024-06-27T17:30:47.995-0400][gc,phases   ] GC(93)   Post Evacuate Collection Set: 1,9ms
[2024-06-27T17:30:47.995-0400][gc,phases   ] GC(93)   Other: 0,1ms
[2024-06-27T17:30:47.995-0400][gc,heap     ] GC(93) Eden regions: 295->0(610)
[2024-06-27T17:30:47.995-0400][gc,heap     ] GC(93) Survivor regions: 4->4(38)
[2024-06-27T17:30:47.995-0400][gc,heap     ] GC(93) Old regions: 44->45
[2024-06-27T17:30:47.995-0400][gc,heap     ] GC(93) Humongous regions: 129->129
[2024-06-27T17:30:47.995-0400][gc,metaspace] GC(93) Metaspace: 42026K(42688K)->42026K(42688K) NonClass: 37382K(37760K)->37382K(37760K) Class: 4644K(4928K)->4644K(4928K)
[2024-06-27T17:30:47.995-0400][gc          ] GC(93) Pause Young (Normal) (G1 Evacuation Pause) 471M->176M(1024M) 13,431ms
[2024-06-27T17:30:47.995-0400][gc,cpu      ] GC(93) User=0,03s Sys=0,01s Real=0,01s
[2024-06-27T19:42:10.874-0400][gc,start    ] GC(94) Pause Young (Normal) (G1 Evacuation Pause)
[2024-06-27T19:42:10.875-0400][gc,task     ] GC(94) Using 6 workers of 6 for evacuation
[2024-06-27T19:42:10.959-0400][gc,mmu      ] GC(94) MMU target violated: 21,0ms (20,0ms/21,0ms)
[2024-06-27T19:42:10.959-0400][gc,phases   ] GC(94)   Pre Evacuate Collection Set: 0,6ms
[2024-06-27T19:42:10.959-0400][gc,phases   ] GC(94)   Merge Heap Roots: 0,5ms
[2024-06-27T19:42:10.959-0400][gc,phases   ] GC(94)   Evacuate Collection Set: 81,5ms
[2024-06-27T19:42:10.959-0400][gc,phases   ] GC(94)   Post Evacuate Collection Set: 1,3ms
[2024-06-27T19:42:10.959-0400][gc,phases   ] GC(94)   Other: 0,1ms
[2024-06-27T19:42:10.959-0400][gc,heap     ] GC(94) Eden regions: 610->0(48)
[2024-06-27T19:42:10.959-0400][gc,heap     ] GC(94) Survivor regions: 4->3(77)
[2024-06-27T19:42:10.959-0400][gc,heap     ] GC(94) Old regions: 45->45
[2024-06-27T19:42:10.959-0400][gc,heap     ] GC(94) Humongous regions: 129->129
[2024-06-27T19:42:10.959-0400][gc,metaspace] GC(94) Metaspace: 42032K(42688K)->42032K(42688K) NonClass: 37388K(37760K)->37388K(37760K) Class: 4644K(4928K)->4644K(4928K)
[2024-06-27T19:42:10.959-0400][gc          ] GC(94) Pause Young (Normal) (G1 Evacuation Pause) 786M->175M(1024M) 84,893ms
[2024-06-27T19:42:10.959-0400][gc,cpu      ] GC(94) User=0,00s Sys=0,16s Real=0,09s
[2024-06-27T19:51:24.803-0400][gc,start    ] GC(95) Pause Young (Normal) (G1 Evacuation Pause)
[2024-06-27T19:51:24.803-0400][gc,task     ] GC(95) Using 6 workers of 6 for evacuation
[2024-06-27T19:51:24.811-0400][gc,phases   ] GC(95)   Pre Evacuate Collection Set: 0,6ms
[2024-06-27T19:51:24.811-0400][gc,phases   ] GC(95)   Merge Heap Roots: 0,4ms
[2024-06-27T19:51:24.811-0400][gc,phases   ] GC(95)   Evacuate Collection Set: 5,4ms
[2024-06-27T19:51:24.811-0400][gc,phases   ] GC(95)   Post Evacuate Collection Set: 1,2ms
[2024-06-27T19:51:24.811-0400][gc,phases   ] GC(95)   Other: 0,1ms
[2024-06-27T19:51:24.811-0400][gc,heap     ] GC(95) Eden regions: 48->0(48)
[2024-06-27T19:51:24.811-0400][gc,heap     ] GC(95) Survivor regions: 3->3(7)
[2024-06-27T19:51:24.811-0400][gc,heap     ] GC(95) Old regions: 45->45
[2024-06-27T19:51:24.811-0400][gc,heap     ] GC(95) Humongous regions: 129->129
[2024-06-27T19:51:24.811-0400][gc,metaspace] GC(95) Metaspace: 42032K(42688K)->42032K(42688K) NonClass: 37388K(37760K)->37388K(37760K) Class: 4644K(4928K)->4644K(4928K)
[2024-06-27T19:51:24.811-0400][gc          ] GC(95) Pause Young (Normal) (G1 Evacuation Pause) 223M->175M(1024M) 7,803ms
[2024-06-27T19:51:24.811-0400][gc,cpu      ] GC(95) User=0,02s Sys=0,00s Real=0,01s
[2024-06-27T20:01:39.504-0400][gc,start    ] GC(96) Pause Young (Normal) (G1 Evacuation Pause)
[2024-06-27T20:01:39.504-0400][gc,task     ] GC(96) Using 6 workers of 6 for evacuation
[2024-06-27T20:01:39.518-0400][gc,phases   ] GC(96)   Pre Evacuate Collection Set: 4,2ms
[2024-06-27T20:01:39.518-0400][gc,phases   ] GC(96)   Merge Heap Roots: 2,4ms
[2024-06-27T20:01:39.518-0400][gc,phases   ] GC(96)   Evacuate Collection Set: 4,8ms
[2024-06-27T20:01:39.518-0400][gc,phases   ] GC(96)   Post Evacuate Collection Set: 2,1ms
[2024-06-27T20:01:39.518-0400][gc,phases   ] GC(96)   Other: 0,1ms
[2024-06-27T20:01:39.518-0400][gc,heap     ] GC(96) Eden regions: 48->0(47)
[2024-06-27T20:01:39.518-0400][gc,heap     ] GC(96) Survivor regions: 3->4(7)
[2024-06-27T20:01:39.518-0400][gc,heap     ] GC(96) Old regions: 45->45
[2024-06-27T20:01:39.518-0400][gc,heap     ] GC(96) Humongous regions: 129->129
[2024-06-27T20:01:39.518-0400][gc,metaspace] GC(96) Metaspace: 42036K(42688K)->42036K(42688K) NonClass: 37392K(37760K)->37392K(37760K) Class: 4644K(4928K)->4644K(4928K)
[2024-06-27T20:01:39.518-0400][gc          ] GC(96) Pause Young (Normal) (G1 Evacuation Pause) 223M->176M(1024M) 13,688ms
[2024-06-27T20:01:39.518-0400][gc,cpu      ] GC(96) User=0,01s Sys=0,02s Real=0,02s
[2024-06-27T20:11:39.798-0400][gc,start    ] GC(97) Pause Young (Normal) (G1 Evacuation Pause)
[2024-06-27T20:11:39.799-0400][gc,task     ] GC(97) Using 6 workers of 6 for evacuation
[2024-06-27T20:11:39.811-0400][gc,phases   ] GC(97)   Pre Evacuate Collection Set: 0,4ms
[2024-06-27T20:11:39.812-0400][gc,phases   ] GC(97)   Merge Heap Roots: 0,1ms
[2024-06-27T20:11:39.812-0400][gc,phases   ] GC(97)   Evacuate Collection Set: 8,0ms
[2024-06-27T20:11:39.812-0400][gc,phases   ] GC(97)   Post Evacuate Collection Set: 4,2ms
[2024-06-27T20:11:39.812-0400][gc,phases   ] GC(97)   Other: 0,1ms
[2024-06-27T20:11:39.812-0400][gc,heap     ] GC(97) Eden regions: 47->0(48)
[2024-06-27T20:11:39.812-0400][gc,heap     ] GC(97) Survivor regions: 4->3(7)
[2024-06-27T20:11:39.812-0400][gc,heap     ] GC(97) Old regions: 45->45
[2024-06-27T20:11:39.812-0400][gc,heap     ] GC(97) Humongous regions: 129->129
[2024-06-27T20:11:39.812-0400][gc,metaspace] GC(97) Metaspace: 42036K(42688K)->42036K(42688K) NonClass: 37392K(37760K)->37392K(37760K) Class: 4644K(4928K)->4644K(4928K)
[2024-06-27T20:11:39.812-0400][gc          ] GC(97) Pause Young (Normal) (G1 Evacuation Pause) 223M->175M(1024M) 13,212ms
[2024-06-27T20:11:39.812-0400][gc,cpu      ] GC(97) User=0,00s Sys=0,01s Real=0,01s
[2024-06-27T20:21:56.791-0400][gc,start    ] GC(98) Pause Young (Normal) (G1 Evacuation Pause)
[2024-06-27T20:21:56.791-0400][gc,task     ] GC(98) Using 6 workers of 6 for evacuation
[2024-06-27T20:21:56.807-0400][gc,phases   ] GC(98)   Pre Evacuate Collection Set: 4,0ms
[2024-06-27T20:21:56.807-0400][gc,phases   ] GC(98)   Merge Heap Roots: 2,2ms
[2024-06-27T20:21:56.807-0400][gc,phases   ] GC(98)   Evacuate Collection Set: 8,3ms
[2024-06-27T20:21:56.807-0400][gc,phases   ] GC(98)   Post Evacuate Collection Set: 1,1ms
[2024-06-27T20:21:56.807-0400][gc,phases   ] GC(98)   Other: 0,1ms
[2024-06-27T20:21:56.807-0400][gc,heap     ] GC(98) Eden regions: 48->0(47)
[2024-06-27T20:21:56.807-0400][gc,heap     ] GC(98) Survivor regions: 3->4(7)
[2024-06-27T20:21:56.807-0400][gc,heap     ] GC(98) Old regions: 45->45
[2024-06-27T20:21:56.807-0400][gc,heap     ] GC(98) Humongous regions: 129->129
[2024-06-27T20:21:56.807-0400][gc,metaspace] GC(98) Metaspace: 42036K(42688K)->42036K(42688K) NonClass: 37392K(37760K)->37392K(37760K) Class: 4644K(4928K)->4644K(4928K)
[2024-06-27T20:21:56.807-0400][gc          ] GC(98) Pause Young (Normal) (G1 Evacuation Pause) 223M->176M(1024M) 15,915ms
[2024-06-27T20:21:56.807-0400][gc,cpu      ] GC(98) User=0,02s Sys=0,02s Real=0,02s
[2024-06-27T20:31:58.331-0400][gc,start    ] GC(99) Pause Young (Normal) (G1 Evacuation Pause)
[2024-06-27T20:31:58.333-0400][gc,task     ] GC(99) Using 6 workers of 6 for evacuation
[2024-06-27T20:31:58.346-0400][gc,phases   ] GC(99)   Pre Evacuate Collection Set: 2,6ms
[2024-06-27T20:31:58.346-0400][gc,phases   ] GC(99)   Merge Heap Roots: 0,8ms
[2024-06-27T20:31:58.346-0400][gc,phases   ] GC(99)   Evacuate Collection Set: 8,0ms
[2024-06-27T20:31:58.346-0400][gc,phases   ] GC(99)   Post Evacuate Collection Set: 1,1ms
[2024-06-27T20:31:58.346-0400][gc,phases   ] GC(99)   Other: 0,1ms
[2024-06-27T20:31:58.346-0400][gc,heap     ] GC(99) Eden regions: 47->0(47)
[2024-06-27T20:31:58.346-0400][gc,heap     ] GC(99) Survivor regions: 4->4(7)
[2024-06-27T20:31:58.346-0400][gc,heap     ] GC(99) Old regions: 45->45
[2024-06-27T20:31:58.346-0400][gc,heap     ] GC(99) Humongous regions: 129->129
[2024-06-27T20:31:58.346-0400][gc,metaspace] GC(99) Metaspace: 42049K(42688K)->42049K(42688K) NonClass: 37405K(37760K)->37405K(37760K) Class: 4644K(4928K)->4644K(4928K)
[2024-06-27T20:31:58.346-0400][gc          ] GC(99) Pause Young (Normal) (G1 Evacuation Pause) 223M->176M(1024M) 14,799ms
[2024-06-27T20:31:58.346-0400][gc,cpu      ] GC(99) User=0,03s Sys=0,00s Real=0,02s
[2024-06-27T20:41:47.934-0400][gc,start    ] GC(100) Pause Young (Normal) (G1 Evacuation Pause)
[2024-06-27T20:41:47.934-0400][gc,task     ] GC(100) Using 6 workers of 6 for evacuation
[2024-06-27T20:41:47.953-0400][gc,phases   ] GC(100)   Pre Evacuate Collection Set: 1,2ms
[2024-06-27T20:41:47.953-0400][gc,phases   ] GC(100)   Merge Heap Roots: 0,3ms
[2024-06-27T20:41:47.953-0400][gc,phases   ] GC(100)   Evacuate Collection Set: 14,7ms
[2024-06-27T20:41:47.953-0400][gc,phases   ] GC(100)   Post Evacuate Collection Set: 1,9ms
[2024-06-27T20:41:47.953-0400][gc,phases   ] GC(100)   Other: 0,3ms
[2024-06-27T20:41:47.953-0400][gc,heap     ] GC(100) Eden regions: 47->0(48)
[2024-06-27T20:41:47.953-0400][gc,heap     ] GC(100) Survivor regions: 4->3(7)
[2024-06-27T20:41:47.953-0400][gc,heap     ] GC(100) Old regions: 45->45
[2024-06-27T20:41:47.953-0400][gc,heap     ] GC(100) Humongous regions: 129->129
[2024-06-27T20:41:47.953-0400][gc,metaspace] GC(100) Metaspace: 42054K(42688K)->42054K(42688K) NonClass: 37410K(37760K)->37410K(37760K) Class: 4644K(4928K)->4644K(4928K)
[2024-06-27T20:41:47.953-0400][gc          ] GC(100) Pause Young (Normal) (G1 Evacuation Pause) 223M->175M(1024M) 18,749ms
[2024-06-27T20:41:47.953-0400][gc,cpu      ] GC(100) User=0,02s Sys=0,00s Real=0,02s
[2024-06-27T20:51:29.048-0400][gc,start    ] GC(101) Pause Young (Normal) (G1 Evacuation Pause)
[2024-06-27T20:51:29.049-0400][gc,task     ] GC(101) Using 6 workers of 6 for evacuation
[2024-06-27T20:51:29.079-0400][gc,mmu      ] GC(101) MMU target violated: 21,0ms (20,0ms/21,0ms)
[2024-06-27T20:51:29.079-0400][gc,phases   ] GC(101)   Pre Evacuate Collection Set: 8,4ms
[2024-06-27T20:51:29.079-0400][gc,phases   ] GC(101)   Merge Heap Roots: 4,4ms
[2024-06-27T20:51:29.079-0400][gc,phases   ] GC(101)   Evacuate Collection Set: 14,4ms
[2024-06-27T20:51:29.079-0400][gc,phases   ] GC(101)   Post Evacuate Collection Set: 2,9ms
[2024-06-27T20:51:29.079-0400][gc,phases   ] GC(101)   Other: 0,2ms
[2024-06-27T20:51:29.079-0400][gc,heap     ] GC(101) Eden regions: 48->0(47)
[2024-06-27T20:51:29.079-0400][gc,heap     ] GC(101) Survivor regions: 3->4(7)
[2024-06-27T20:51:29.079-0400][gc,heap     ] GC(101) Old regions: 45->45
[2024-06-27T20:51:29.079-0400][gc,heap     ] GC(101) Humongous regions: 129->129
[2024-06-27T20:51:29.079-0400][gc,metaspace] GC(101) Metaspace: 42055K(42688K)->42055K(42688K) NonClass: 37411K(37760K)->37411K(37760K) Class: 4644K(4928K)->4644K(4928K)
[2024-06-27T20:51:29.079-0400][gc          ] GC(101) Pause Young (Normal) (G1 Evacuation Pause) 223M->176M(1024M) 30,519ms
[2024-06-27T20:51:29.079-0400][gc,cpu      ] GC(101) User=0,04s Sys=0,01s Real=0,03s
[2024-06-27T21:01:27.243-0400][gc,start    ] GC(102) Pause Young (Normal) (G1 Evacuation Pause)
[2024-06-27T21:01:27.244-0400][gc,task     ] GC(102) Using 6 workers of 6 for evacuation
[2024-06-27T21:01:27.264-0400][gc,mmu      ] GC(102) MMU target violated: 20,3ms (20,0ms/21,0ms)
[2024-06-27T21:01:27.265-0400][gc,phases   ] GC(102)   Pre Evacuate Collection Set: 1,1ms
[2024-06-27T21:01:27.265-0400][gc,phases   ] GC(102)   Merge Heap Roots: 0,4ms
[2024-06-27T21:01:27.265-0400][gc,phases   ] GC(102)   Evacuate Collection Set: 16,0ms
[2024-06-27T21:01:27.265-0400][gc,phases   ] GC(102)   Post Evacuate Collection Set: 2,7ms
[2024-06-27T21:01:27.265-0400][gc,phases   ] GC(102)   Other: 0,3ms
[2024-06-27T21:01:27.265-0400][gc,heap     ] GC(102) Eden regions: 47->0(47)
[2024-06-27T21:01:27.265-0400][gc,heap     ] GC(102) Survivor regions: 4->4(7)
[2024-06-27T21:01:27.265-0400][gc,heap     ] GC(102) Old regions: 45->45
[2024-06-27T21:01:27.265-0400][gc,heap     ] GC(102) Humongous regions: 129->129
[2024-06-27T21:01:27.265-0400][gc,metaspace] GC(102) Metaspace: 42059K(42688K)->42059K(42688K) NonClass: 37415K(37760K)->37415K(37760K) Class: 4644K(4928K)->4644K(4928K)
[2024-06-27T21:01:27.265-0400][gc          ] GC(102) Pause Young (Normal) (G1 Evacuation Pause) 223M->177M(1024M) 22,354ms
[2024-06-27T21:01:27.265-0400][gc,cpu      ] GC(102) User=0,04s Sys=0,00s Real=0,02s
[2024-06-27T21:11:23.329-0400][gc,start    ] GC(103) Pause Young (Normal) (G1 Evacuation Pause)
[2024-06-27T21:11:23.331-0400][gc,task     ] GC(103) Using 6 workers of 6 for evacuation
[2024-06-27T21:11:23.340-0400][gc,phases   ] GC(103)   Pre Evacuate Collection Set: 0,6ms
[2024-06-27T21:11:23.340-0400][gc,phases   ] GC(103)   Merge Heap Roots: 0,1ms
[2024-06-27T21:11:23.340-0400][gc,phases   ] GC(103)   Evacuate Collection Set: 7,5ms
[2024-06-27T21:11:23.340-0400][gc,phases   ] GC(103)   Post Evacuate Collection Set: 1,2ms
[2024-06-27T21:11:23.340-0400][gc,phases   ] GC(103)   Other: 0,1ms
[2024-06-27T21:11:23.340-0400][gc,heap     ] GC(103) Eden regions: 47->0(334)
[2024-06-27T21:11:23.340-0400][gc,heap     ] GC(103) Survivor regions: 4->3(7)
[2024-06-27T21:11:23.340-0400][gc,heap     ] GC(103) Old regions: 45->45
[2024-06-27T21:11:23.340-0400][gc,heap     ] GC(103) Humongous regions: 129->129
[2024-06-27T21:11:23.340-0400][gc,metaspace] GC(103) Metaspace: 42066K(42688K)->42066K(42688K) NonClass: 37422K(37760K)->37422K(37760K) Class: 4644K(4928K)->4644K(4928K)
[2024-06-27T21:11:23.340-0400][gc          ] GC(103) Pause Young (Normal) (G1 Evacuation Pause) 224M->176M(1024M) 11,016ms
[2024-06-27T21:11:23.340-0400][gc,cpu      ] GC(103) User=0,01s Sys=0,01s Real=0,01s
[2024-06-27T22:23:30.705-0400][gc,start    ] GC(104) Pause Young (Normal) (G1 Evacuation Pause)
[2024-06-27T22:23:30.755-0400][gc,task     ] GC(104) Using 6 workers of 6 for evacuation
[2024-06-27T22:23:31.003-0400][gc,mmu      ] GC(104) MMU target violated: 21,0ms (20,0ms/21,0ms)
[2024-06-27T22:23:31.003-0400][gc,phases   ] GC(104)   Pre Evacuate Collection Set: 16,6ms
[2024-06-27T22:23:31.003-0400][gc,phases   ] GC(104)   Merge Heap Roots: 4,1ms
[2024-06-27T22:23:31.003-0400][gc,phases   ] GC(104)   Evacuate Collection Set: 196,9ms
[2024-06-27T22:23:31.003-0400][gc,phases   ] GC(104)   Post Evacuate Collection Set: 30,1ms
[2024-06-27T22:23:31.010-0400][gc,phases   ] GC(104)   Other: 19,8ms
[2024-06-27T22:23:31.010-0400][gc,heap     ] GC(104) Eden regions: 334->0(48)
[2024-06-27T22:23:31.010-0400][gc,heap     ] GC(104) Survivor regions: 3->3(43)
[2024-06-27T22:23:31.010-0400][gc,heap     ] GC(104) Old regions: 45->45
[2024-06-27T22:23:31.010-0400][gc,heap     ] GC(104) Humongous regions: 129->129
[2024-06-27T22:23:31.010-0400][gc,metaspace] GC(104) Metaspace: 42137K(42752K)->42137K(42752K) NonClass: 37487K(37824K)->37487K(37824K) Class: 4650K(4928K)->4650K(4928K)
[2024-06-27T22:23:31.010-0400][gc          ] GC(104) Pause Young (Normal) (G1 Evacuation Pause) 510M->176M(1024M) 304,609ms
[2024-06-27T22:23:31.010-0400][gc,cpu      ] GC(104) User=0,17s Sys=0,08s Real=0,31s
[2024-06-28T09:50:11.338-0400][gc,start    ] GC(105) Pause Young (Normal) (G1 Evacuation Pause)
[2024-06-28T09:50:11.343-0400][gc,task     ] GC(105) Using 6 workers of 6 for evacuation
[2024-06-28T09:50:11.369-0400][gc,mmu      ] GC(105) MMU target violated: 21,0ms (20,0ms/21,0ms)
[2024-06-28T09:50:11.369-0400][gc,phases   ] GC(105)   Pre Evacuate Collection Set: 6,3ms
[2024-06-28T09:50:11.369-0400][gc,phases   ] GC(105)   Merge Heap Roots: 0,4ms
[2024-06-28T09:50:11.369-0400][gc,phases   ] GC(105)   Evacuate Collection Set: 16,8ms
[2024-06-28T09:50:11.369-0400][gc,phases   ] GC(105)   Post Evacuate Collection Set: 2,3ms
[2024-06-28T09:50:11.369-0400][gc,phases   ] GC(105)   Other: 1,0ms
[2024-06-28T09:50:11.369-0400][gc,heap     ] GC(105) Eden regions: 48->0(48)
[2024-06-28T09:50:11.369-0400][gc,heap     ] GC(105) Survivor regions: 3->3(7)
[2024-06-28T09:50:11.369-0400][gc,heap     ] GC(105) Old regions: 45->45
[2024-06-28T09:50:11.369-0400][gc,heap     ] GC(105) Humongous regions: 129->129
[2024-06-28T09:50:11.369-0400][gc,metaspace] GC(105) Metaspace: 42474K(43072K)->42474K(43072K) NonClass: 37770K(38080K)->37770K(38080K) Class: 4703K(4992K)->4703K(4992K)
[2024-06-28T09:50:11.369-0400][gc          ] GC(105) Pause Young (Normal) (G1 Evacuation Pause) 224M->176M(1024M) 31,363ms
[2024-06-28T09:50:11.369-0400][gc,cpu      ] GC(105) User=0,07s Sys=0,00s Real=0,03s
[2024-06-28T09:59:59.829-0400][gc,start    ] GC(106) Pause Young (Normal) (G1 Evacuation Pause)
[2024-06-28T09:59:59.829-0400][gc,task     ] GC(106) Using 6 workers of 6 for evacuation
[2024-06-28T09:59:59.872-0400][gc,mmu      ] GC(106) MMU target violated: 21,0ms (20,0ms/21,0ms)
[2024-06-28T09:59:59.872-0400][gc,phases   ] GC(106)   Pre Evacuate Collection Set: 0,6ms
[2024-06-28T09:59:59.872-0400][gc,phases   ] GC(106)   Merge Heap Roots: 0,1ms
[2024-06-28T09:59:59.872-0400][gc,phases   ] GC(106)   Evacuate Collection Set: 40,9ms
[2024-06-28T09:59:59.872-0400][gc,phases   ] GC(106)   Post Evacuate Collection Set: 1,1ms
[2024-06-28T09:59:59.872-0400][gc,phases   ] GC(106)   Other: 0,1ms
[2024-06-28T09:59:59.872-0400][gc,heap     ] GC(106) Eden regions: 48->0(47)
[2024-06-28T09:59:59.872-0400][gc,heap     ] GC(106) Survivor regions: 3->4(7)
[2024-06-28T09:59:59.872-0400][gc,heap     ] GC(106) Old regions: 45->45
[2024-06-28T09:59:59.872-0400][gc,heap     ] GC(106) Humongous regions: 129->129
[2024-06-28T09:59:59.872-0400][gc,metaspace] GC(106) Metaspace: 42486K(43136K)->42486K(43136K) NonClass: 37782K(38144K)->37782K(38144K) Class: 4703K(4992K)->4703K(4992K)
[2024-06-28T09:59:59.877-0400][gc          ] GC(106) Pause Young (Normal) (G1 Evacuation Pause) 224M->176M(1024M) 48,087ms
[2024-06-28T09:59:59.877-0400][gc,cpu      ] GC(106) User=0,06s Sys=0,00s Real=0,05s
[2024-06-28T10:09:12.107-0400][gc,start    ] GC(107) Pause Young (Normal) (G1 Evacuation Pause)
[2024-06-28T10:09:12.107-0400][gc,task     ] GC(107) Using 6 workers of 6 for evacuation
[2024-06-28T10:09:12.117-0400][gc,phases   ] GC(107)   Pre Evacuate Collection Set: 0,6ms
[2024-06-28T10:09:12.117-0400][gc,phases   ] GC(107)   Merge Heap Roots: 0,1ms
[2024-06-28T10:09:12.117-0400][gc,phases   ] GC(107)   Evacuate Collection Set: 7,8ms
[2024-06-28T10:09:12.117-0400][gc,phases   ] GC(107)   Post Evacuate Collection Set: 1,2ms
[2024-06-28T10:09:12.117-0400][gc,phases   ] GC(107)   Other: 0,1ms
[2024-06-28T10:09:12.117-0400][gc,heap     ] GC(107) Eden regions: 47->0(47)
[2024-06-28T10:09:12.117-0400][gc,heap     ] GC(107) Survivor regions: 4->4(7)
[2024-06-28T10:09:12.117-0400][gc,heap     ] GC(107) Old regions: 45->45
[2024-06-28T10:09:12.117-0400][gc,heap     ] GC(107) Humongous regions: 129->129
[2024-06-28T10:09:12.117-0400][gc,metaspace] GC(107) Metaspace: 42486K(43136K)->42486K(43136K) NonClass: 37782K(38144K)->37782K(38144K) Class: 4703K(4992K)->4703K(4992K)
[2024-06-28T10:09:12.117-0400][gc          ] GC(107) Pause Young (Normal) (G1 Evacuation Pause) 223M->176M(1024M) 9,863ms
[2024-06-28T10:09:12.117-0400][gc,cpu      ] GC(107) User=0,03s Sys=0,00s Real=0,01s
[2024-06-28T10:19:02.836-0400][gc,start    ] GC(108) Pause Young (Normal) (G1 Evacuation Pause)
[2024-06-28T10:19:02.838-0400][gc,task     ] GC(108) Using 6 workers of 6 for evacuation
[2024-06-28T10:19:02.847-0400][gc,phases   ] GC(108)   Pre Evacuate Collection Set: 0,8ms
[2024-06-28T10:19:02.847-0400][gc,phases   ] GC(108)   Merge Heap Roots: 0,2ms
[2024-06-28T10:19:02.847-0400][gc,phases   ] GC(108)   Evacuate Collection Set: 5,6ms
[2024-06-28T10:19:02.847-0400][gc,phases   ] GC(108)   Post Evacuate Collection Set: 2,0ms
[2024-06-28T10:19:02.847-0400][gc,phases   ] GC(108)   Other: 0,2ms
[2024-06-28T10:19:02.847-0400][gc,heap     ] GC(108) Eden regions: 47->0(48)
[2024-06-28T10:19:02.847-0400][gc,heap     ] GC(108) Survivor regions: 4->3(7)
[2024-06-28T10:19:02.847-0400][gc,heap     ] GC(108) Old regions: 45->45
[2024-06-28T10:19:02.847-0400][gc,heap     ] GC(108) Humongous regions: 129->129
[2024-06-28T10:19:02.847-0400][gc,metaspace] GC(108) Metaspace: 42486K(43136K)->42486K(43136K) NonClass: 37782K(38144K)->37782K(38144K) Class: 4703K(4992K)->4703K(4992K)
[2024-06-28T10:19:02.847-0400][gc          ] GC(108) Pause Young (Normal) (G1 Evacuation Pause) 223M->175M(1024M) 10,516ms
[2024-06-28T10:19:02.847-0400][gc,cpu      ] GC(108) User=0,02s Sys=0,00s Real=0,01s
[2024-06-28T10:29:08.747-0400][gc,start    ] GC(109) Pause Young (Normal) (G1 Evacuation Pause)
[2024-06-28T10:29:08.752-0400][gc,task     ] GC(109) Using 6 workers of 6 for evacuation
[2024-06-28T10:29:08.787-0400][gc,mmu      ] GC(109) MMU target violated: 21,0ms (20,0ms/21,0ms)
[2024-06-28T10:29:08.787-0400][gc,phases   ] GC(109)   Pre Evacuate Collection Set: 21,3ms
[2024-06-28T10:29:08.787-0400][gc,phases   ] GC(109)   Merge Heap Roots: 0,2ms
[2024-06-28T10:29:08.787-0400][gc,phases   ] GC(109)   Evacuate Collection Set: 12,3ms
[2024-06-28T10:29:08.787-0400][gc,phases   ] GC(109)   Post Evacuate Collection Set: 1,3ms
[2024-06-28T10:29:08.787-0400][gc,phases   ] GC(109)   Other: 1,0ms
[2024-06-28T10:29:08.787-0400][gc,heap     ] GC(109) Eden regions: 48->0(48)
[2024-06-28T10:29:08.787-0400][gc,heap     ] GC(109) Survivor regions: 3->3(7)
[2024-06-28T10:29:08.787-0400][gc,heap     ] GC(109) Old regions: 45->45
[2024-06-28T10:29:08.787-0400][gc,heap     ] GC(109) Humongous regions: 129->129
[2024-06-28T10:29:08.787-0400][gc,metaspace] GC(109) Metaspace: 42499K(43136K)->42499K(43136K) NonClass: 37795K(38144K)->37795K(38144K) Class: 4703K(4992K)->4703K(4992K)
[2024-06-28T10:29:08.787-0400][gc          ] GC(109) Pause Young (Normal) (G1 Evacuation Pause) 223M->176M(1024M) 40,565ms
[2024-06-28T10:29:08.787-0400][gc,cpu      ] GC(109) User=0,02s Sys=0,01s Real=0,04s
[2024-06-28T10:39:17.514-0400][gc,start    ] GC(110) Pause Young (Normal) (G1 Evacuation Pause)
[2024-06-28T10:39:17.514-0400][gc,task     ] GC(110) Using 6 workers of 6 for evacuation
[2024-06-28T10:39:17.535-0400][gc,mmu      ] GC(110) MMU target violated: 21,0ms (20,0ms/21,0ms)
[2024-06-28T10:39:17.536-0400][gc,phases   ] GC(110)   Pre Evacuate Collection Set: 0,5ms
[2024-06-28T10:39:17.536-0400][gc,phases   ] GC(110)   Merge Heap Roots: 1,0ms
[2024-06-28T10:39:17.536-0400][gc,phases   ] GC(110)   Evacuate Collection Set: 18,2ms
[2024-06-28T10:39:17.536-0400][gc,phases   ] GC(110)   Post Evacuate Collection Set: 1,4ms
[2024-06-28T10:39:17.536-0400][gc,phases   ] GC(110)   Other: 0,2ms
[2024-06-28T10:39:17.536-0400][gc,heap     ] GC(110) Eden regions: 48->0(47)
[2024-06-28T10:39:17.536-0400][gc,heap     ] GC(110) Survivor regions: 3->4(7)
[2024-06-28T10:39:17.536-0400][gc,heap     ] GC(110) Old regions: 45->45
[2024-06-28T10:39:17.536-0400][gc,heap     ] GC(110) Humongous regions: 129->129
[2024-06-28T10:39:17.536-0400][gc,metaspace] GC(110) Metaspace: 42499K(43136K)->42499K(43136K) NonClass: 37796K(38144K)->37796K(38144K) Class: 4703K(4992K)->4703K(4992K)
[2024-06-28T10:39:17.536-0400][gc          ] GC(110) Pause Young (Normal) (G1 Evacuation Pause) 224M->177M(1024M) 22,109ms
[2024-06-28T10:39:17.536-0400][gc,cpu      ] GC(110) User=0,03s Sys=0,00s Real=0,03s
[2024-06-28T10:49:11.826-0400][gc,start    ] GC(111) Pause Young (Normal) (G1 Evacuation Pause)
[2024-06-28T10:49:11.828-0400][gc,task     ] GC(111) Using 6 workers of 6 for evacuation
[2024-06-28T10:49:11.837-0400][gc,phases   ] GC(111)   Pre Evacuate Collection Set: 1,2ms
[2024-06-28T10:49:11.837-0400][gc,phases   ] GC(111)   Merge Heap Roots: 0,1ms
[2024-06-28T10:49:11.837-0400][gc,phases   ] GC(111)   Evacuate Collection Set: 6,3ms
[2024-06-28T10:49:11.837-0400][gc,phases   ] GC(111)   Post Evacuate Collection Set: 1,1ms
[2024-06-28T10:49:11.837-0400][gc,phases   ] GC(111)   Other: 0,2ms
[2024-06-28T10:49:11.837-0400][gc,heap     ] GC(111) Eden regions: 47->0(48)
[2024-06-28T10:49:11.837-0400][gc,heap     ] GC(111) Survivor regions: 4->3(7)
[2024-06-28T10:49:11.837-0400][gc,heap     ] GC(111) Old regions: 45->45
[2024-06-28T10:49:11.837-0400][gc,heap     ] GC(111) Humongous regions: 129->129
[2024-06-28T10:49:11.837-0400][gc,metaspace] GC(111) Metaspace: 42506K(43136K)->42506K(43136K) NonClass: 37803K(38144K)->37803K(38144K) Class: 4703K(4992K)->4703K(4992K)
[2024-06-28T10:49:11.837-0400][gc          ] GC(111) Pause Young (Normal) (G1 Evacuation Pause) 224M->176M(1024M) 10,846ms
[2024-06-28T10:49:11.837-0400][gc,cpu      ] GC(111) User=0,02s Sys=0,00s Real=0,01s
[2024-06-28T10:59:21.127-0400][gc,start    ] GC(112) Pause Young (Normal) (G1 Evacuation Pause)
[2024-06-28T10:59:21.127-0400][gc,task     ] GC(112) Using 6 workers of 6 for evacuation
[2024-06-28T10:59:21.139-0400][gc,phases   ] GC(112)   Pre Evacuate Collection Set: 1,4ms
[2024-06-28T10:59:21.139-0400][gc,phases   ] GC(112)   Merge Heap Roots: 1,2ms
[2024-06-28T10:59:21.140-0400][gc,phases   ] GC(112)   Evacuate Collection Set: 8,0ms
[2024-06-28T10:59:21.140-0400][gc,phases   ] GC(112)   Post Evacuate Collection Set: 1,9ms
[2024-06-28T10:59:21.140-0400][gc,phases   ] GC(112)   Other: 0,1ms
[2024-06-28T10:59:21.140-0400][gc,heap     ] GC(112) Eden regions: 48->0(47)
[2024-06-28T10:59:21.140-0400][gc,heap     ] GC(112) Survivor regions: 3->4(7)
[2024-06-28T10:59:21.140-0400][gc,heap     ] GC(112) Old regions: 45->45
[2024-06-28T10:59:21.140-0400][gc,heap     ] GC(112) Humongous regions: 129->129
[2024-06-28T10:59:21.140-0400][gc,metaspace] GC(112) Metaspace: 42506K(43136K)->42506K(43136K) NonClass: 37803K(38144K)->37803K(38144K) Class: 4703K(4992K)->4703K(4992K)
[2024-06-28T10:59:21.140-0400][gc          ] GC(112) Pause Young (Normal) (G1 Evacuation Pause) 224M->176M(1024M) 13,416ms
[2024-06-28T10:59:21.140-0400][gc,cpu      ] GC(112) User=0,02s Sys=0,02s Real=0,01s
[2024-06-28T11:08:35.981-0400][gc,start    ] GC(113) Pause Young (Normal) (G1 Evacuation Pause)
[2024-06-28T11:08:35.997-0400][gc,task     ] GC(113) Using 6 workers of 6 for evacuation
[2024-06-28T11:08:36.012-0400][gc,phases   ] GC(113)   Pre Evacuate Collection Set: 1,1ms
[2024-06-28T11:08:36.013-0400][gc,phases   ] GC(113)   Merge Heap Roots: 0,2ms
[2024-06-28T11:08:36.013-0400][gc,phases   ] GC(113)   Evacuate Collection Set: 11,8ms
[2024-06-28T11:08:36.013-0400][gc,phases   ] GC(113)   Post Evacuate Collection Set: 1,2ms
[2024-06-28T11:08:36.013-0400][gc,phases   ] GC(113)   Other: 0,4ms
[2024-06-28T11:08:36.013-0400][gc,heap     ] GC(113) Eden regions: 47->0(66)
[2024-06-28T11:08:36.013-0400][gc,heap     ] GC(113) Survivor regions: 4->4(7)
[2024-06-28T11:08:36.013-0400][gc,heap     ] GC(113) Old regions: 45->45
[2024-06-28T11:08:36.013-0400][gc,heap     ] GC(113) Humongous regions: 129->129
[2024-06-28T11:08:36.013-0400][gc,metaspace] GC(113) Metaspace: 42535K(43136K)->42535K(43136K) NonClass: 37831K(38144K)->37831K(38144K) Class: 4703K(4992K)->4703K(4992K)
[2024-06-28T11:08:36.013-0400][gc          ] GC(113) Pause Young (Normal) (G1 Evacuation Pause) 223M->177M(1024M) 32,009ms
[2024-06-28T11:08:36.013-0400][gc,cpu      ] GC(113) User=0,02s Sys=0,01s Real=0,03s
[2024-06-28T11:21:54.933-0400][gc,start    ] GC(114) Pause Young (Normal) (G1 Evacuation Pause)
[2024-06-28T11:21:54.940-0400][gc,task     ] GC(114) Using 6 workers of 6 for evacuation
[2024-06-28T11:21:55.109-0400][gc,mmu      ] GC(114) MMU target violated: 21,0ms (20,0ms/21,0ms)
[2024-06-28T11:21:55.109-0400][gc,phases   ] GC(114)   Pre Evacuate Collection Set: 5,4ms
[2024-06-28T11:21:55.109-0400][gc,phases   ] GC(114)   Merge Heap Roots: 0,5ms
[2024-06-28T11:21:55.109-0400][gc,phases   ] GC(114)   Evacuate Collection Set: 160,3ms
[2024-06-28T11:21:55.109-0400][gc,phases   ] GC(114)   Post Evacuate Collection Set: 2,4ms
[2024-06-28T11:21:55.109-0400][gc,phases   ] GC(114)   Other: 0,5ms
[2024-06-28T11:21:55.109-0400][gc,heap     ] GC(114) Eden regions: 63->0(47)
[2024-06-28T11:21:55.109-0400][gc,heap     ] GC(114) Survivor regions: 4->4(9)
[2024-06-28T11:21:55.109-0400][gc,heap     ] GC(114) Old regions: 45->45
[2024-06-28T11:21:55.109-0400][gc,heap     ] GC(114) Humongous regions: 129->129
[2024-06-28T11:21:55.109-0400][gc,metaspace] GC(114) Metaspace: 42551K(43136K)->42551K(43136K) NonClass: 37847K(38144K)->37847K(38144K) Class: 4703K(4992K)->4703K(4992K)
[2024-06-28T11:21:55.110-0400][gc          ] GC(114) Pause Young (Normal) (G1 Evacuation Pause) 240M->177M(1024M) 176,436ms
[2024-06-28T11:21:55.110-0400][gc,cpu      ] GC(114) User=0,10s Sys=0,15s Real=0,18s
[2024-06-28T15:59:56.881-0400][gc,start    ] GC(115) Pause Young (Normal) (G1 Evacuation Pause)
[2024-06-28T15:59:56.886-0400][gc,task     ] GC(115) Using 6 workers of 6 for evacuation
[2024-06-28T15:59:56.912-0400][gc,mmu      ] GC(115) MMU target violated: 21,0ms (20,0ms/21,0ms)
[2024-06-28T15:59:56.912-0400][gc,phases   ] GC(115)   Pre Evacuate Collection Set: 3,3ms
[2024-06-28T15:59:56.912-0400][gc,phases   ] GC(115)   Merge Heap Roots: 0,1ms
[2024-06-28T15:59:56.912-0400][gc,phases   ] GC(115)   Evacuate Collection Set: 14,4ms
[2024-06-28T15:59:56.912-0400][gc,phases   ] GC(115)   Post Evacuate Collection Set: 8,2ms
[2024-06-28T15:59:56.912-0400][gc,phases   ] GC(115)   Other: 0,2ms
[2024-06-28T15:59:56.912-0400][gc,heap     ] GC(115) Eden regions: 47->0(48)
[2024-06-28T15:59:56.912-0400][gc,heap     ] GC(115) Survivor regions: 4->3(7)
[2024-06-28T15:59:56.912-0400][gc,heap     ] GC(115) Old regions: 45->45
[2024-06-28T15:59:56.912-0400][gc,heap     ] GC(115) Humongous regions: 129->129
[2024-06-28T15:59:56.912-0400][gc,metaspace] GC(115) Metaspace: 42552K(43136K)->42552K(43136K) NonClass: 37848K(38144K)->37848K(38144K) Class: 4703K(4992K)->4703K(4992K)
[2024-06-28T15:59:56.913-0400][gc          ] GC(115) Pause Young (Normal) (G1 Evacuation Pause) 224M->176M(1024M) 31,842ms
[2024-06-28T15:59:56.913-0400][gc,cpu      ] GC(115) User=0,03s Sys=0,01s Real=0,03s
[2024-06-28T16:10:04.814-0400][gc,start    ] GC(116) Pause Young (Normal) (G1 Evacuation Pause)
[2024-06-28T16:10:04.814-0400][gc,task     ] GC(116) Using 6 workers of 6 for evacuation
[2024-06-28T16:10:04.825-0400][gc,phases   ] GC(116)   Pre Evacuate Collection Set: 0,8ms
[2024-06-28T16:10:04.825-0400][gc,phases   ] GC(116)   Merge Heap Roots: 0,5ms
[2024-06-28T16:10:04.825-0400][gc,phases   ] GC(116)   Evacuate Collection Set: 7,7ms
[2024-06-28T16:10:04.825-0400][gc,phases   ] GC(116)   Post Evacuate Collection Set: 1,8ms
[2024-06-28T16:10:04.825-0400][gc,phases   ] GC(116)   Other: 0,1ms
[2024-06-28T16:10:04.825-0400][gc,heap     ] GC(116) Eden regions: 48->0(47)
[2024-06-28T16:10:04.825-0400][gc,heap     ] GC(116) Survivor regions: 3->4(7)
[2024-06-28T16:10:04.825-0400][gc,heap     ] GC(116) Old regions: 45->45
[2024-06-28T16:10:04.825-0400][gc,heap     ] GC(116) Humongous regions: 129->129
[2024-06-28T16:10:04.825-0400][gc,metaspace] GC(116) Metaspace: 42552K(43136K)->42552K(43136K) NonClass: 37848K(38144K)->37848K(38144K) Class: 4703K(4992K)->4703K(4992K)
[2024-06-28T16:10:04.825-0400][gc          ] GC(116) Pause Young (Normal) (G1 Evacuation Pause) 224M->176M(1024M) 11,060ms
[2024-06-28T16:10:04.825-0400][gc,cpu      ] GC(116) User=0,02s Sys=0,00s Real=0,01s
[2024-06-28T16:19:54.656-0400][gc,start    ] GC(117) Pause Young (Normal) (G1 Evacuation Pause)
[2024-06-28T16:19:54.657-0400][gc,task     ] GC(117) Using 6 workers of 6 for evacuation
[2024-06-28T16:19:54.666-0400][gc,phases   ] GC(117)   Pre Evacuate Collection Set: 0,7ms
[2024-06-28T16:19:54.666-0400][gc,phases   ] GC(117)   Merge Heap Roots: 0,3ms
[2024-06-28T16:19:54.666-0400][gc,phases   ] GC(117)   Evacuate Collection Set: 4,1ms
[2024-06-28T16:19:54.666-0400][gc,phases   ] GC(117)   Post Evacuate Collection Set: 2,5ms
[2024-06-28T16:19:54.666-0400][gc,phases   ] GC(117)   Other: 0,2ms
[2024-06-28T16:19:54.666-0400][gc,heap     ] GC(117) Eden regions: 47->0(48)
[2024-06-28T16:19:54.666-0400][gc,heap     ] GC(117) Survivor regions: 4->3(7)
[2024-06-28T16:19:54.666-0400][gc,heap     ] GC(117) Old regions: 45->45
[2024-06-28T16:19:54.666-0400][gc,heap     ] GC(117) Humongous regions: 129->129
[2024-06-28T16:19:54.666-0400][gc,metaspace] GC(117) Metaspace: 42555K(43136K)->42555K(43136K) NonClass: 37851K(38144K)->37851K(38144K) Class: 4703K(4992K)->4703K(4992K)
[2024-06-28T16:19:54.666-0400][gc          ] GC(117) Pause Young (Normal) (G1 Evacuation Pause) 223M->176M(1024M) 10,021ms
[2024-06-28T16:19:54.666-0400][gc,cpu      ] GC(117) User=0,02s Sys=0,00s Real=0,01s
[2024-06-28T16:29:51.363-0400][gc,start    ] GC(118) Pause Young (Normal) (G1 Evacuation Pause)
[2024-06-28T16:29:51.363-0400][gc,task     ] GC(118) Using 6 workers of 6 for evacuation
[2024-06-28T16:29:51.379-0400][gc,phases   ] GC(118)   Pre Evacuate Collection Set: 0,5ms
[2024-06-28T16:29:51.379-0400][gc,phases   ] GC(118)   Merge Heap Roots: 0,1ms
[2024-06-28T16:29:51.379-0400][gc,phases   ] GC(118)   Evacuate Collection Set: 13,5ms
[2024-06-28T16:29:51.379-0400][gc,phases   ] GC(118)   Post Evacuate Collection Set: 1,9ms
[2024-06-28T16:29:51.379-0400][gc,phases   ] GC(118)   Other: 0,3ms
[2024-06-28T16:29:51.379-0400][gc,heap     ] GC(118) Eden regions: 48->0(48)
[2024-06-28T16:29:51.379-0400][gc,heap     ] GC(118) Survivor regions: 3->3(7)
[2024-06-28T16:29:51.379-0400][gc,heap     ] GC(118) Old regions: 45->45
[2024-06-28T16:29:51.379-0400][gc,heap     ] GC(118) Humongous regions: 129->129
[2024-06-28T16:29:51.379-0400][gc,metaspace] GC(118) Metaspace: 42558K(43136K)->42558K(43136K) NonClass: 37854K(38144K)->37854K(38144K) Class: 4703K(4992K)->4703K(4992K)
[2024-06-28T16:29:51.379-0400][gc          ] GC(118) Pause Young (Normal) (G1 Evacuation Pause) 224M->176M(1024M) 16,581ms
[2024-06-28T16:29:51.379-0400][gc,cpu      ] GC(118) User=0,01s Sys=0,02s Real=0,02s
[2024-06-28T16:39:32.785-0400][gc,start    ] GC(119) Pause Young (Normal) (G1 Evacuation Pause)
[2024-06-28T16:39:32.786-0400][gc,task     ] GC(119) Using 6 workers of 6 for evacuation
[2024-06-28T16:39:32.797-0400][gc,phases   ] GC(119)   Pre Evacuate Collection Set: 1,1ms
[2024-06-28T16:39:32.797-0400][gc,phases   ] GC(119)   Merge Heap Roots: 0,4ms
[2024-06-28T16:39:32.797-0400][gc,phases   ] GC(119)   Evacuate Collection Set: 6,8ms
[2024-06-28T16:39:32.797-0400][gc,phases   ] GC(119)   Post Evacuate Collection Set: 2,1ms
[2024-06-28T16:39:32.797-0400][gc,phases   ] GC(119)   Other: 0,2ms
[2024-06-28T16:39:32.797-0400][gc,heap     ] GC(119) Eden regions: 48->0(47)
[2024-06-28T16:39:32.797-0400][gc,heap     ] GC(119) Survivor regions: 3->4(7)
[2024-06-28T16:39:32.797-0400][gc,heap     ] GC(119) Old regions: 45->45
[2024-06-28T16:39:32.797-0400][gc,heap     ] GC(119) Humongous regions: 129->129
[2024-06-28T16:39:32.797-0400][gc,metaspace] GC(119) Metaspace: 42559K(43136K)->42559K(43136K) NonClass: 37855K(38144K)->37855K(38144K) Class: 4703K(4992K)->4703K(4992K)
[2024-06-28T16:39:32.797-0400][gc          ] GC(119) Pause Young (Normal) (G1 Evacuation Pause) 224M->176M(1024M) 12,716ms
[2024-06-28T16:39:32.797-0400][gc,cpu      ] GC(119) User=0,03s Sys=0,00s Real=0,02s
[2024-06-28T16:49:25.222-0400][gc,start    ] GC(120) Pause Young (Normal) (G1 Evacuation Pause)
[2024-06-28T16:49:25.222-0400][gc,task     ] GC(120) Using 6 workers of 6 for evacuation
[2024-06-28T16:49:25.232-0400][gc,phases   ] GC(120)   Pre Evacuate Collection Set: 1,6ms
[2024-06-28T16:49:25.232-0400][gc,phases   ] GC(120)   Merge Heap Roots: 0,8ms
[2024-06-28T16:49:25.232-0400][gc,phases   ] GC(120)   Evacuate Collection Set: 4,9ms
[2024-06-28T16:49:25.232-0400][gc,phases   ] GC(120)   Post Evacuate Collection Set: 2,0ms
[2024-06-28T16:49:25.232-0400][gc,phases   ] GC(120)   Other: 0,2ms
[2024-06-28T16:49:25.232-0400][gc,heap     ] GC(120) Eden regions: 47->0(48)
[2024-06-28T16:49:25.232-0400][gc,heap     ] GC(120) Survivor regions: 4->3(7)
[2024-06-28T16:49:25.232-0400][gc,heap     ] GC(120) Old regions: 45->45
[2024-06-28T16:49:25.232-0400][gc,heap     ] GC(120) Humongous regions: 129->129
[2024-06-28T16:49:25.232-0400][gc,metaspace] GC(120) Metaspace: 42559K(43136K)->42559K(43136K) NonClass: 37855K(38144K)->37855K(38144K) Class: 4703K(4992K)->4703K(4992K)
[2024-06-28T16:49:25.232-0400][gc          ] GC(120) Pause Young (Normal) (G1 Evacuation Pause) 223M->175M(1024M) 9,645ms
[2024-06-28T16:49:25.232-0400][gc,cpu      ] GC(120) User=0,02s Sys=0,00s Real=0,01s
[2024-06-28T16:59:32.864-0400][gc,start    ] GC(121) Pause Young (Normal) (G1 Evacuation Pause)
[2024-06-28T16:59:32.864-0400][gc,task     ] GC(121) Using 6 workers of 6 for evacuation
[2024-06-28T16:59:32.894-0400][gc,mmu      ] GC(121) MMU target violated: 21,0ms (20,0ms/21,0ms)
[2024-06-28T16:59:32.894-0400][gc,phases   ] GC(121)   Pre Evacuate Collection Set: 5,8ms
[2024-06-28T16:59:32.894-0400][gc,phases   ] GC(121)   Merge Heap Roots: 4,2ms
[2024-06-28T16:59:32.894-0400][gc,phases   ] GC(121)   Evacuate Collection Set: 18,1ms
[2024-06-28T16:59:32.894-0400][gc,phases   ] GC(121)   Post Evacuate Collection Set: 1,4ms
[2024-06-28T16:59:32.894-0400][gc,phases   ] GC(121)   Other: 0,2ms
[2024-06-28T16:59:32.894-0400][gc,heap     ] GC(121) Eden regions: 48->0(48)
[2024-06-28T16:59:32.894-0400][gc,heap     ] GC(121) Survivor regions: 3->3(7)
[2024-06-28T16:59:32.894-0400][gc,heap     ] GC(121) Old regions: 45->45
[2024-06-28T16:59:32.894-0400][gc,heap     ] GC(121) Humongous regions: 129->129
[2024-06-28T16:59:32.894-0400][gc,metaspace] GC(121) Metaspace: 42559K(43136K)->42559K(43136K) NonClass: 37855K(38144K)->37855K(38144K) Class: 4703K(4992K)->4703K(4992K)
[2024-06-28T16:59:32.894-0400][gc          ] GC(121) Pause Young (Normal) (G1 Evacuation Pause) 223M->176M(1024M) 29,943ms
[2024-06-28T16:59:32.894-0400][gc,cpu      ] GC(121) User=0,04s Sys=0,01s Real=0,03s
[2024-06-28T17:09:43.182-0400][gc,start    ] GC(122) Pause Young (Normal) (G1 Evacuation Pause)
[2024-06-28T17:09:43.182-0400][gc,task     ] GC(122) Using 6 workers of 6 for evacuation
[2024-06-28T17:09:43.200-0400][gc,phases   ] GC(122)   Pre Evacuate Collection Set: 1,4ms
[2024-06-28T17:09:43.200-0400][gc,phases   ] GC(122)   Merge Heap Roots: 0,4ms
[2024-06-28T17:09:43.200-0400][gc,phases   ] GC(122)   Evacuate Collection Set: 7,7ms
[2024-06-28T17:09:43.200-0400][gc,phases   ] GC(122)   Post Evacuate Collection Set: 8,0ms
[2024-06-28T17:09:43.200-0400][gc,phases   ] GC(122)   Other: 0,1ms
[2024-06-28T17:09:43.200-0400][gc,heap     ] GC(122) Eden regions: 48->0(47)
[2024-06-28T17:09:43.200-0400][gc,heap     ] GC(122) Survivor regions: 3->4(7)
[2024-06-28T17:09:43.200-0400][gc,heap     ] GC(122) Old regions: 45->45
[2024-06-28T17:09:43.200-0400][gc,heap     ] GC(122) Humongous regions: 129->129
[2024-06-28T17:09:43.200-0400][gc,metaspace] GC(122) Metaspace: 42559K(43136K)->42559K(43136K) NonClass: 37855K(38144K)->37855K(38144K) Class: 4703K(4992K)->4703K(4992K)
[2024-06-28T17:09:43.200-0400][gc          ] GC(122) Pause Young (Normal) (G1 Evacuation Pause) 224M->177M(1024M) 17,767ms
[2024-06-28T17:09:43.200-0400][gc,cpu      ] GC(122) User=0,02s Sys=0,02s Real=0,02s
[2024-06-28T17:19:37.778-0400][gc,start    ] GC(123) Pause Young (Normal) (G1 Evacuation Pause)
[2024-06-28T17:19:37.778-0400][gc,task     ] GC(123) Using 6 workers of 6 for evacuation
[2024-06-28T17:19:37.787-0400][gc,phases   ] GC(123)   Pre Evacuate Collection Set: 0,8ms
[2024-06-28T17:19:37.787-0400][gc,phases   ] GC(123)   Merge Heap Roots: 0,2ms
[2024-06-28T17:19:37.787-0400][gc,phases   ] GC(123)   Evacuate Collection Set: 6,0ms
[2024-06-28T17:19:37.787-0400][gc,phases   ] GC(123)   Post Evacuate Collection Set: 1,3ms
[2024-06-28T17:19:37.787-0400][gc,phases   ] GC(123)   Other: 0,1ms
[2024-06-28T17:19:37.787-0400][gc,heap     ] GC(123) Eden regions: 47->0(186)
[2024-06-28T17:19:37.787-0400][gc,heap     ] GC(123) Survivor regions: 4->3(7)
[2024-06-28T17:19:37.787-0400][gc,heap     ] GC(123) Old regions: 45->45
[2024-06-28T17:19:37.787-0400][gc,heap     ] GC(123) Humongous regions: 129->129
[2024-06-28T17:19:37.787-0400][gc,metaspace] GC(123) Metaspace: 42559K(43136K)->42559K(43136K) NonClass: 37855K(38144K)->37855K(38144K) Class: 4703K(4992K)->4703K(4992K)
[2024-06-28T17:19:37.787-0400][gc          ] GC(123) Pause Young (Normal) (G1 Evacuation Pause) 224M->176M(1024M) 8,657ms
[2024-06-28T17:19:37.787-0400][gc,cpu      ] GC(123) User=0,01s Sys=0,01s Real=0,01s
[2024-06-28T18:04:23.472-0400][gc,start    ] GC(124) Pause Young (Normal) (G1 Evacuation Pause)
[2024-06-28T18:04:23.473-0400][gc,task     ] GC(124) Using 6 workers of 6 for evacuation
[2024-06-28T18:04:23.506-0400][gc,mmu      ] GC(124) MMU target violated: 21,0ms (20,0ms/21,0ms)
[2024-06-28T18:04:23.506-0400][gc,phases   ] GC(124)   Pre Evacuate Collection Set: 1,0ms
[2024-06-28T18:04:23.506-0400][gc,phases   ] GC(124)   Merge Heap Roots: 0,6ms
[2024-06-28T18:04:23.506-0400][gc,phases   ] GC(124)   Evacuate Collection Set: 30,2ms
[2024-06-28T18:04:23.506-0400][gc,phases   ] GC(124)   Post Evacuate Collection Set: 1,4ms
[2024-06-28T18:04:23.506-0400][gc,phases   ] GC(124)   Other: 0,2ms
[2024-06-28T18:04:23.506-0400][gc,heap     ] GC(124) Eden regions: 214->0(47)
[2024-06-28T18:04:23.506-0400][gc,heap     ] GC(124) Survivor regions: 3->4(28)
[2024-06-28T18:04:23.506-0400][gc,heap     ] GC(124) Old regions: 45->45
[2024-06-28T18:04:23.506-0400][gc,heap     ] GC(124) Humongous regions: 129->129
[2024-06-28T18:04:23.506-0400][gc,metaspace] GC(124) Metaspace: 42559K(43136K)->42559K(43136K) NonClass: 37855K(38144K)->37855K(38144K) Class: 4703K(4992K)->4703K(4992K)
[2024-06-28T18:04:23.506-0400][gc          ] GC(124) Pause Young (Normal) (G1 Evacuation Pause) 390M->177M(1024M) 33,526ms
[2024-06-28T18:04:23.506-0400][gc,cpu      ] GC(124) User=0,09s Sys=0,05s Real=0,03s
[2024-06-28T18:14:05.221-0400][gc,start    ] GC(125) Pause Young (Normal) (G1 Evacuation Pause)
[2024-06-28T18:14:05.221-0400][gc,task     ] GC(125) Using 6 workers of 6 for evacuation
[2024-06-28T18:14:05.230-0400][gc,phases   ] GC(125)   Pre Evacuate Collection Set: 0,9ms
[2024-06-28T18:14:05.230-0400][gc,phases   ] GC(125)   Merge Heap Roots: 0,6ms
[2024-06-28T18:14:05.230-0400][gc,phases   ] GC(125)   Evacuate Collection Set: 5,7ms
[2024-06-28T18:14:05.230-0400][gc,phases   ] GC(125)   Post Evacuate Collection Set: 2,2ms
[2024-06-28T18:14:05.230-0400][gc,phases   ] GC(125)   Other: 0,1ms
[2024-06-28T18:14:05.230-0400][gc,heap     ] GC(125) Eden regions: 47->0(110)
[2024-06-28T18:14:05.230-0400][gc,heap     ] GC(125) Survivor regions: 4->3(7)
[2024-06-28T18:14:05.230-0400][gc,heap     ] GC(125) Old regions: 45->45
[2024-06-28T18:14:05.230-0400][gc,heap     ] GC(125) Humongous regions: 129->129
[2024-06-28T18:14:05.230-0400][gc,metaspace] GC(125) Metaspace: 42559K(43136K)->42559K(43136K) NonClass: 37855K(38144K)->37855K(38144K) Class: 4703K(4992K)->4703K(4992K)
[2024-06-28T18:14:05.230-0400][gc          ] GC(125) Pause Young (Normal) (G1 Evacuation Pause) 224M->176M(1024M) 9,878ms
[2024-06-28T18:14:05.230-0400][gc,cpu      ] GC(125) User=0,02s Sys=0,01s Real=0,01s
[2024-06-28T18:38:29.516-0400][gc,start    ] GC(126) Pause Young (Normal) (G1 Evacuation Pause)
[2024-06-28T18:38:29.516-0400][gc,task     ] GC(126) Using 6 workers of 6 for evacuation
[2024-06-28T18:38:29.525-0400][gc,phases   ] GC(126)   Pre Evacuate Collection Set: 0,7ms
[2024-06-28T18:38:29.525-0400][gc,phases   ] GC(126)   Merge Heap Roots: 0,3ms
[2024-06-28T18:38:29.525-0400][gc,phases   ] GC(126)   Evacuate Collection Set: 4,4ms
[2024-06-28T18:38:29.525-0400][gc,phases   ] GC(126)   Post Evacuate Collection Set: 3,1ms
[2024-06-28T18:38:29.525-0400][gc,phases   ] GC(126)   Other: 0,1ms
[2024-06-28T18:38:29.525-0400][gc,heap     ] GC(126) Eden regions: 118->0(211)
[2024-06-28T18:38:29.525-0400][gc,heap     ] GC(126) Survivor regions: 3->4(16)
[2024-06-28T18:38:29.525-0400][gc,heap     ] GC(126) Old regions: 45->45
[2024-06-28T18:38:29.525-0400][gc,heap     ] GC(126) Humongous regions: 129->129
[2024-06-28T18:38:29.525-0400][gc,metaspace] GC(126) Metaspace: 42559K(43136K)->42559K(43136K) NonClass: 37855K(38144K)->37855K(38144K) Class: 4703K(4992K)->4703K(4992K)
[2024-06-28T18:38:29.525-0400][gc          ] GC(126) Pause Young (Normal) (G1 Evacuation Pause) 294M->177M(1024M) 8,892ms
[2024-06-28T18:38:29.525-0400][gc,cpu      ] GC(126) User=0,02s Sys=0,01s Real=0,01s
[2024-06-28T19:25:31.428-0400][gc,start    ] GC(127) Pause Young (Normal) (G1 Evacuation Pause)
[2024-06-28T19:25:31.428-0400][gc,task     ] GC(127) Using 6 workers of 6 for evacuation
[2024-06-28T19:25:31.462-0400][gc,mmu      ] GC(127) MMU target violated: 21,0ms (20,0ms/21,0ms)
[2024-06-28T19:25:31.462-0400][gc,phases   ] GC(127)   Pre Evacuate Collection Set: 3,8ms
[2024-06-28T19:25:31.462-0400][gc,phases   ] GC(127)   Merge Heap Roots: 0,5ms
[2024-06-28T19:25:31.462-0400][gc,phases   ] GC(127)   Evacuate Collection Set: 26,9ms
[2024-06-28T19:25:31.462-0400][gc,phases   ] GC(127)   Post Evacuate Collection Set: 2,7ms
[2024-06-28T19:25:31.463-0400][gc,phases   ] GC(127)   Other: 0,7ms
[2024-06-28T19:25:31.463-0400][gc,heap     ] GC(127) Eden regions: 221->0(48)
[2024-06-28T19:25:31.463-0400][gc,heap     ] GC(127) Survivor regions: 4->3(29)
[2024-06-28T19:25:31.463-0400][gc,heap     ] GC(127) Old regions: 45->45
[2024-06-28T19:25:31.463-0400][gc,heap     ] GC(127) Humongous regions: 129->129
[2024-06-28T19:25:31.463-0400][gc,metaspace] GC(127) Metaspace: 42559K(43136K)->42559K(43136K) NonClass: 37855K(38144K)->37855K(38144K) Class: 4703K(4992K)->4703K(4992K)
[2024-06-28T19:25:31.463-0400][gc          ] GC(127) Pause Young (Normal) (G1 Evacuation Pause) 398M->176M(1024M) 35,016ms
[2024-06-28T19:25:31.463-0400][gc,cpu      ] GC(127) User=0,13s Sys=0,00s Real=0,03s
[2024-06-28T19:34:56.152-0400][gc,start    ] GC(128) Pause Young (Normal) (G1 Evacuation Pause)
[2024-06-28T19:34:56.152-0400][gc,task     ] GC(128) Using 6 workers of 6 for evacuation
[2024-06-28T19:34:56.168-0400][gc,phases   ] GC(128)   Pre Evacuate Collection Set: 3,6ms
[2024-06-28T19:34:56.168-0400][gc,phases   ] GC(128)   Merge Heap Roots: 0,1ms
[2024-06-28T19:34:56.168-0400][gc,phases   ] GC(128)   Evacuate Collection Set: 10,5ms
[2024-06-28T19:34:56.168-0400][gc,phases   ] GC(128)   Post Evacuate Collection Set: 1,1ms
[2024-06-28T19:34:56.168-0400][gc,phases   ] GC(128)   Other: 0,1ms
[2024-06-28T19:34:56.170-0400][gc,heap     ] GC(128) Eden regions: 48->0(67)
[2024-06-28T19:34:56.170-0400][gc,heap     ] GC(128) Survivor regions: 3->3(7)
[2024-06-28T19:34:56.170-0400][gc,heap     ] GC(128) Old regions: 45->45
[2024-06-28T19:34:56.170-0400][gc,heap     ] GC(128) Humongous regions: 129->129
[2024-06-28T19:34:56.170-0400][gc,metaspace] GC(128) Metaspace: 42560K(43136K)->42560K(43136K) NonClass: 37856K(38144K)->37856K(38144K) Class: 4703K(4992K)->4703K(4992K)
[2024-06-28T19:34:56.170-0400][gc          ] GC(128) Pause Young (Normal) (G1 Evacuation Pause) 224M->176M(1024M) 17,311ms
[2024-06-28T19:34:56.170-0400][gc,cpu      ] GC(128) User=0,04s Sys=0,00s Real=0,02s
[2024-06-28T19:50:33.434-0400][gc,start    ] GC(129) Pause Young (Normal) (G1 Evacuation Pause)
[2024-06-28T19:50:33.435-0400][gc,task     ] GC(129) Using 6 workers of 6 for evacuation
[2024-06-28T19:50:33.454-0400][gc,phases   ] GC(129)   Pre Evacuate Collection Set: 0,8ms
[2024-06-28T19:50:33.454-0400][gc,phases   ] GC(129)   Merge Heap Roots: 8,7ms
[2024-06-28T19:50:33.454-0400][gc,phases   ] GC(129)   Evacuate Collection Set: 8,4ms
[2024-06-28T19:50:33.454-0400][gc,phases   ] GC(129)   Post Evacuate Collection Set: 0,9ms
[2024-06-28T19:50:33.454-0400][gc,phases   ] GC(129)   Other: 0,3ms
[2024-06-28T19:50:33.454-0400][gc,heap     ] GC(129) Eden regions: 74->0(385)
[2024-06-28T19:50:33.454-0400][gc,heap     ] GC(129) Survivor regions: 3->3(10)
[2024-06-28T19:50:33.454-0400][gc,heap     ] GC(129) Old regions: 45->45
[2024-06-28T19:50:33.454-0400][gc,heap     ] GC(129) Humongous regions: 129->129
[2024-06-28T19:50:33.454-0400][gc,metaspace] GC(129) Metaspace: 42560K(43136K)->42560K(43136K) NonClass: 37856K(38144K)->37856K(38144K) Class: 4703K(4992K)->4703K(4992K)
[2024-06-28T19:50:33.454-0400][gc          ] GC(129) Pause Young (Normal) (G1 Evacuation Pause) 250M->176M(1024M) 19,287ms
[2024-06-28T19:50:33.454-0400][gc,cpu      ] GC(129) User=0,00s Sys=0,03s Real=0,02s
[2024-06-28T21:15:43.241-0400][gc,start    ] GC(130) Pause Young (Normal) (G1 Evacuation Pause)
[2024-06-28T21:15:43.242-0400][gc,task     ] GC(130) Using 6 workers of 6 for evacuation
[2024-06-28T21:15:43.396-0400][gc,mmu      ] GC(130) MMU target violated: 21,0ms (20,0ms/21,0ms)
[2024-06-28T21:15:43.397-0400][gc,phases   ] GC(130)   Pre Evacuate Collection Set: 6,2ms
[2024-06-28T21:15:43.397-0400][gc,phases   ] GC(130)   Merge Heap Roots: 0,5ms
[2024-06-28T21:15:43.397-0400][gc,phases   ] GC(130)   Evacuate Collection Set: 139,8ms
[2024-06-28T21:15:43.397-0400][gc,phases   ] GC(130)   Post Evacuate Collection Set: 7,9ms
[2024-06-28T21:15:43.397-0400][gc,phases   ] GC(130)   Other: 0,3ms
[2024-06-28T21:15:43.397-0400][gc,heap     ] GC(130) Eden regions: 392->0(47)
[2024-06-28T21:15:43.397-0400][gc,heap     ] GC(130) Survivor regions: 3->4(50)
[2024-06-28T21:15:43.397-0400][gc,heap     ] GC(130) Old regions: 45->45
[2024-06-28T21:15:43.397-0400][gc,heap     ] GC(130) Humongous regions: 129->129
[2024-06-28T21:15:43.397-0400][gc,metaspace] GC(130) Metaspace: 42560K(43136K)->42560K(43136K) NonClass: 37856K(38144K)->37856K(38144K) Class: 4703K(4992K)->4703K(4992K)
[2024-06-28T21:15:43.397-0400][gc          ] GC(130) Pause Young (Normal) (G1 Evacuation Pause) 568M->177M(1024M) 156,168ms
[2024-06-28T21:15:43.397-0400][gc,cpu      ] GC(130) User=0,07s Sys=0,20s Real=0,15s
[2024-06-28T21:25:29.516-0400][gc,start    ] GC(131) Pause Young (Normal) (G1 Evacuation Pause)
[2024-06-28T21:25:29.518-0400][gc,task     ] GC(131) Using 6 workers of 6 for evacuation
[2024-06-28T21:25:29.527-0400][gc,phases   ] GC(131)   Pre Evacuate Collection Set: 0,8ms
[2024-06-28T21:25:29.527-0400][gc,phases   ] GC(131)   Merge Heap Roots: 0,6ms
[2024-06-28T21:25:29.527-0400][gc,phases   ] GC(131)   Evacuate Collection Set: 5,5ms
[2024-06-28T21:25:29.527-0400][gc,phases   ] GC(131)   Post Evacuate Collection Set: 1,7ms
[2024-06-28T21:25:29.527-0400][gc,phases   ] GC(131)   Other: 0,4ms
[2024-06-28T21:25:29.527-0400][gc,heap     ] GC(131) Eden regions: 47->0(48)
[2024-06-28T21:25:29.527-0400][gc,heap     ] GC(131) Survivor regions: 4->3(7)
[2024-06-28T21:25:29.527-0400][gc,heap     ] GC(131) Old regions: 45->45
[2024-06-28T21:25:29.527-0400][gc,heap     ] GC(131) Humongous regions: 129->129
[2024-06-28T21:25:29.527-0400][gc,metaspace] GC(131) Metaspace: 42560K(43136K)->42560K(43136K) NonClass: 37856K(38144K)->37856K(38144K) Class: 4703K(4992K)->4703K(4992K)
[2024-06-28T21:25:29.527-0400][gc          ] GC(131) Pause Young (Normal) (G1 Evacuation Pause) 224M->176M(1024M) 10,681ms
[2024-06-28T21:25:29.527-0400][gc,cpu      ] GC(131) User=0,02s Sys=0,00s Real=0,02s
[2024-06-28T21:35:05.965-0400][gc,start    ] GC(132) Pause Young (Normal) (G1 Evacuation Pause)
[2024-06-28T21:35:05.966-0400][gc,task     ] GC(132) Using 6 workers of 6 for evacuation
[2024-06-28T21:35:05.982-0400][gc,phases   ] GC(132)   Pre Evacuate Collection Set: 0,4ms
[2024-06-28T21:35:05.983-0400][gc,phases   ] GC(132)   Merge Heap Roots: 0,3ms
[2024-06-28T21:35:05.983-0400][gc,phases   ] GC(132)   Evacuate Collection Set: 13,5ms
[2024-06-28T21:35:05.983-0400][gc,phases   ] GC(132)   Post Evacuate Collection Set: 1,9ms
[2024-06-28T21:35:05.983-0400][gc,phases   ] GC(132)   Other: 0,2ms
[2024-06-28T21:35:05.984-0400][gc,heap     ] GC(132) Eden regions: 48->0(48)
[2024-06-28T21:35:05.984-0400][gc,heap     ] GC(132) Survivor regions: 3->3(7)
[2024-06-28T21:35:05.984-0400][gc,heap     ] GC(132) Old regions: 45->45
[2024-06-28T21:35:05.984-0400][gc,heap     ] GC(132) Humongous regions: 129->129
[2024-06-28T21:35:05.984-0400][gc,metaspace] GC(132) Metaspace: 42560K(43136K)->42560K(43136K) NonClass: 37856K(38144K)->37856K(38144K) Class: 4703K(4992K)->4703K(4992K)
[2024-06-28T21:35:05.984-0400][gc          ] GC(132) Pause Young (Normal) (G1 Evacuation Pause) 224M->176M(1024M) 18,695ms
[2024-06-28T21:35:05.984-0400][gc,cpu      ] GC(132) User=0,04s Sys=0,00s Real=0,02s
[2024-06-28T21:45:42.924-0400][gc,start    ] GC(133) Pause Young (Normal) (G1 Evacuation Pause)
[2024-06-28T21:45:42.924-0400][gc,task     ] GC(133) Using 6 workers of 6 for evacuation
[2024-06-28T21:45:42.967-0400][gc,mmu      ] GC(133) MMU target violated: 21,0ms (20,0ms/21,0ms)
[2024-06-28T21:45:42.967-0400][gc,phases   ] GC(133)   Pre Evacuate Collection Set: 0,9ms
[2024-06-28T21:45:42.967-0400][gc,phases   ] GC(133)   Merge Heap Roots: 0,2ms
[2024-06-28T21:45:42.967-0400][gc,phases   ] GC(133)   Evacuate Collection Set: 38,2ms
[2024-06-28T21:45:42.967-0400][gc,phases   ] GC(133)   Post Evacuate Collection Set: 2,8ms
[2024-06-28T21:45:42.967-0400][gc,phases   ] GC(133)   Other: 0,4ms
[2024-06-28T21:45:42.967-0400][gc,heap     ] GC(133) Eden regions: 48->0(47)
[2024-06-28T21:45:42.967-0400][gc,heap     ] GC(133) Survivor regions: 3->4(7)
[2024-06-28T21:45:42.967-0400][gc,heap     ] GC(133) Old regions: 45->46
[2024-06-28T21:45:42.967-0400][gc,heap     ] GC(133) Humongous regions: 129->129
[2024-06-28T21:45:42.967-0400][gc,metaspace] GC(133) Metaspace: 42560K(43136K)->42560K(43136K) NonClass: 37856K(38144K)->37856K(38144K) Class: 4703K(4992K)->4703K(4992K)
[2024-06-28T21:45:42.967-0400][gc          ] GC(133) Pause Young (Normal) (G1 Evacuation Pause) 224M->177M(1024M) 42,789ms
[2024-06-28T21:45:42.967-0400][gc,cpu      ] GC(133) User=0,07s Sys=0,02s Real=0,05s
[2024-06-28T21:56:25.235-0400][gc,start    ] GC(134) Pause Young (Normal) (G1 Evacuation Pause)
[2024-06-28T21:56:25.235-0400][gc,task     ] GC(134) Using 6 workers of 6 for evacuation
[2024-06-28T21:56:25.271-0400][gc,mmu      ] GC(134) MMU target violated: 21,0ms (20,0ms/21,0ms)
[2024-06-28T21:56:25.271-0400][gc,phases   ] GC(134)   Pre Evacuate Collection Set: 0,5ms
[2024-06-28T21:56:25.271-0400][gc,phases   ] GC(134)   Merge Heap Roots: 0,4ms
[2024-06-28T21:56:25.271-0400][gc,phases   ] GC(134)   Evacuate Collection Set: 32,9ms
[2024-06-28T21:56:25.271-0400][gc,phases   ] GC(134)   Post Evacuate Collection Set: 2,4ms
[2024-06-28T21:56:25.271-0400][gc,phases   ] GC(134)   Other: 0,2ms
[2024-06-28T21:56:25.271-0400][gc,heap     ] GC(134) Eden regions: 47->0(48)
[2024-06-28T21:56:25.271-0400][gc,heap     ] GC(134) Survivor regions: 4->3(7)
[2024-06-28T21:56:25.271-0400][gc,heap     ] GC(134) Old regions: 46->46
[2024-06-28T21:56:25.271-0400][gc,heap     ] GC(134) Humongous regions: 129->129
[2024-06-28T21:56:25.271-0400][gc,metaspace] GC(134) Metaspace: 42560K(43136K)->42560K(43136K) NonClass: 37856K(38144K)->37856K(38144K) Class: 4703K(4992K)->4703K(4992K)
[2024-06-28T21:56:25.271-0400][gc          ] GC(134) Pause Young (Normal) (G1 Evacuation Pause) 224M->176M(1024M) 36,756ms
[2024-06-28T21:56:25.271-0400][gc,cpu      ] GC(134) User=0,02s Sys=0,01s Real=0,07s
[2024-06-28T22:06:53.875-0400][gc,start    ] GC(135) Pause Young (Normal) (G1 Evacuation Pause)
[2024-06-28T22:06:53.875-0400][gc,task     ] GC(135) Using 6 workers of 6 for evacuation
[2024-06-28T22:06:53.894-0400][gc,phases   ] GC(135)   Pre Evacuate Collection Set: 2,3ms
[2024-06-28T22:06:53.894-0400][gc,phases   ] GC(135)   Merge Heap Roots: 0,1ms
[2024-06-28T22:06:53.894-0400][gc,phases   ] GC(135)   Evacuate Collection Set: 14,1ms
[2024-06-28T22:06:53.894-0400][gc,phases   ] GC(135)   Post Evacuate Collection Set: 2,7ms
[2024-06-28T22:06:53.894-0400][gc,phases   ] GC(135)   Other: 0,2ms
[2024-06-28T22:06:53.894-0400][gc,heap     ] GC(135) Eden regions: 48->0(48)
[2024-06-28T22:06:53.894-0400][gc,heap     ] GC(135) Survivor regions: 3->3(7)
[2024-06-28T22:06:53.894-0400][gc,heap     ] GC(135) Old regions: 46->46
[2024-06-28T22:06:53.894-0400][gc,heap     ] GC(135) Humongous regions: 129->129
[2024-06-28T22:06:53.894-0400][gc,metaspace] GC(135) Metaspace: 42560K(43136K)->42560K(43136K) NonClass: 37856K(38144K)->37856K(38144K) Class: 4703K(4992K)->4703K(4992K)
[2024-06-28T22:06:53.894-0400][gc          ] GC(135) Pause Young (Normal) (G1 Evacuation Pause) 224M->176M(1024M) 19,777ms
[2024-06-28T22:06:53.894-0400][gc,cpu      ] GC(135) User=0,04s Sys=0,00s Real=0,02s
[2024-06-28T22:17:03.222-0400][gc,start    ] GC(136) Pause Young (Normal) (G1 Evacuation Pause)
[2024-06-28T22:17:03.222-0400][gc,task     ] GC(136) Using 6 workers of 6 for evacuation
[2024-06-28T22:17:03.249-0400][gc,mmu      ] GC(136) MMU target violated: 21,0ms (20,0ms/21,0ms)
[2024-06-28T22:17:03.250-0400][gc,phases   ] GC(136)   Pre Evacuate Collection Set: 1,8ms
[2024-06-28T22:17:03.250-0400][gc,phases   ] GC(136)   Merge Heap Roots: 0,3ms
[2024-06-28T22:17:03.250-0400][gc,phases   ] GC(136)   Evacuate Collection Set: 21,7ms
[2024-06-28T22:17:03.250-0400][gc,phases   ] GC(136)   Post Evacuate Collection Set: 3,3ms
[2024-06-28T22:17:03.250-0400][gc,phases   ] GC(136)   Other: 0,2ms
[2024-06-28T22:17:03.250-0400][gc,heap     ] GC(136) Eden regions: 48->0(47)
[2024-06-28T22:17:03.250-0400][gc,heap     ] GC(136) Survivor regions: 3->4(7)
[2024-06-28T22:17:03.250-0400][gc,heap     ] GC(136) Old regions: 46->46
[2024-06-28T22:17:03.250-0400][gc,heap     ] GC(136) Humongous regions: 129->129
[2024-06-28T22:17:03.250-0400][gc,metaspace] GC(136) Metaspace: 42560K(43136K)->42560K(43136K) NonClass: 37856K(38144K)->37856K(38144K) Class: 4703K(4992K)->4703K(4992K)
[2024-06-28T22:17:03.250-0400][gc          ] GC(136) Pause Young (Normal) (G1 Evacuation Pause) 224M->177M(1024M) 27,968ms
[2024-06-28T22:17:03.250-0400][gc,cpu      ] GC(136) User=0,04s Sys=0,02s Real=0,03s
[2024-06-28T22:26:56.389-0400][gc,start    ] GC(137) Pause Young (Normal) (G1 Evacuation Pause)
[2024-06-28T22:26:56.389-0400][gc,task     ] GC(137) Using 6 workers of 6 for evacuation
[2024-06-28T22:26:56.431-0400][gc,mmu      ] GC(137) MMU target violated: 21,0ms (20,0ms/21,0ms)
[2024-06-28T22:26:56.431-0400][gc,phases   ] GC(137)   Pre Evacuate Collection Set: 3,3ms
[2024-06-28T22:26:56.431-0400][gc,phases   ] GC(137)   Merge Heap Roots: 0,1ms
[2024-06-28T22:26:56.431-0400][gc,phases   ] GC(137)   Evacuate Collection Set: 36,1ms
[2024-06-28T22:26:56.431-0400][gc,phases   ] GC(137)   Post Evacuate Collection Set: 1,7ms
[2024-06-28T22:26:56.431-0400][gc,phases   ] GC(137)   Other: 0,1ms
[2024-06-28T22:26:56.431-0400][gc,heap     ] GC(137) Eden regions: 47->0(48)
[2024-06-28T22:26:56.431-0400][gc,heap     ] GC(137) Survivor regions: 4->3(7)
[2024-06-28T22:26:56.431-0400][gc,heap     ] GC(137) Old regions: 46->46
[2024-06-28T22:26:56.431-0400][gc,heap     ] GC(137) Humongous regions: 129->129
[2024-06-28T22:26:56.431-0400][gc,metaspace] GC(137) Metaspace: 42560K(43136K)->42560K(43136K) NonClass: 37856K(38144K)->37856K(38144K) Class: 4703K(4992K)->4703K(4992K)
[2024-06-28T22:26:56.431-0400][gc          ] GC(137) Pause Young (Normal) (G1 Evacuation Pause) 224M->176M(1024M) 41,439ms
[2024-06-28T22:26:56.431-0400][gc,cpu      ] GC(137) User=0,05s Sys=0,02s Real=0,04s
[2024-06-28T22:36:29.939-0400][gc,start    ] GC(138) Pause Young (Normal) (G1 Evacuation Pause)
[2024-06-28T22:36:29.939-0400][gc,task     ] GC(138) Using 6 workers of 6 for evacuation
[2024-06-28T22:36:29.957-0400][gc,phases   ] GC(138)   Pre Evacuate Collection Set: 1,4ms
[2024-06-28T22:36:29.957-0400][gc,phases   ] GC(138)   Merge Heap Roots: 0,2ms
[2024-06-28T22:36:29.957-0400][gc,phases   ] GC(138)   Evacuate Collection Set: 16,1ms
[2024-06-28T22:36:29.957-0400][gc,phases   ] GC(138)   Post Evacuate Collection Set: 0,9ms
[2024-06-28T22:36:29.957-0400][gc,phases   ] GC(138)   Other: 0,1ms
[2024-06-28T22:36:29.957-0400][gc,heap     ] GC(138) Eden regions: 48->0(47)
[2024-06-28T22:36:29.957-0400][gc,heap     ] GC(138) Survivor regions: 3->4(7)
[2024-06-28T22:36:29.957-0400][gc,heap     ] GC(138) Old regions: 46->46
[2024-06-28T22:36:29.957-0400][gc,heap     ] GC(138) Humongous regions: 129->129
[2024-06-28T22:36:29.957-0400][gc,metaspace] GC(138) Metaspace: 42560K(43136K)->42560K(43136K) NonClass: 37856K(38144K)->37856K(38144K) Class: 4703K(4992K)->4703K(4992K)
[2024-06-28T22:36:29.957-0400][gc          ] GC(138) Pause Young (Normal) (G1 Evacuation Pause) 224M->177M(1024M) 18,888ms
[2024-06-28T22:36:29.957-0400][gc,cpu      ] GC(138) User=0,05s Sys=0,00s Real=0,02s
[2024-06-28T22:46:24.448-0400][gc,start    ] GC(139) Pause Young (Normal) (G1 Evacuation Pause)
[2024-06-28T22:46:24.448-0400][gc,task     ] GC(139) Using 6 workers of 6 for evacuation
[2024-06-28T22:46:24.464-0400][gc,phases   ] GC(139)   Pre Evacuate Collection Set: 0,7ms
[2024-06-28T22:46:24.465-0400][gc,phases   ] GC(139)   Merge Heap Roots: 0,3ms
[2024-06-28T22:46:24.465-0400][gc,phases   ] GC(139)   Evacuate Collection Set: 14,0ms
[2024-06-28T22:46:24.465-0400][gc,phases   ] GC(139)   Post Evacuate Collection Set: 1,1ms
[2024-06-28T22:46:24.465-0400][gc,phases   ] GC(139)   Other: 0,1ms
[2024-06-28T22:46:24.465-0400][gc,heap     ] GC(139) Eden regions: 47->0(68)
[2024-06-28T22:46:24.465-0400][gc,heap     ] GC(139) Survivor regions: 4->4(7)
[2024-06-28T22:46:24.465-0400][gc,heap     ] GC(139) Old regions: 46->46
[2024-06-28T22:46:24.465-0400][gc,heap     ] GC(139) Humongous regions: 129->129
[2024-06-28T22:46:24.465-0400][gc,metaspace] GC(139) Metaspace: 42560K(43136K)->42560K(43136K) NonClass: 37856K(38144K)->37856K(38144K) Class: 4703K(4992K)->4703K(4992K)
[2024-06-28T22:46:24.465-0400][gc          ] GC(139) Pause Young (Normal) (G1 Evacuation Pause) 224M->177M(1024M) 16,426ms
[2024-06-28T22:46:24.465-0400][gc,cpu      ] GC(139) User=0,04s Sys=0,01s Real=0,01s
[2024-06-28T23:02:42.031-0400][gc,start    ] GC(140) Pause Young (Normal) (G1 Evacuation Pause)
[2024-06-28T23:02:42.032-0400][gc,task     ] GC(140) Using 6 workers of 6 for evacuation
[2024-06-28T23:02:42.068-0400][gc,mmu      ] GC(140) MMU target violated: 21,0ms (20,0ms/21,0ms)
[2024-06-28T23:02:42.068-0400][gc,phases   ] GC(140)   Pre Evacuate Collection Set: 2,9ms
[2024-06-28T23:02:42.068-0400][gc,phases   ] GC(140)   Merge Heap Roots: 0,8ms
[2024-06-28T23:02:42.068-0400][gc,phases   ] GC(140)   Evacuate Collection Set: 18,3ms
[2024-06-28T23:02:42.068-0400][gc,phases   ] GC(140)   Post Evacuate Collection Set: 10,4ms
[2024-06-28T23:02:42.068-0400][gc,phases   ] GC(140)   Other: 3,6ms
[2024-06-28T23:02:42.068-0400][gc,heap     ] GC(140) Eden regions: 69->0(48)
[2024-06-28T23:02:42.068-0400][gc,heap     ] GC(140) Survivor regions: 4->3(10)
[2024-06-28T23:02:42.068-0400][gc,heap     ] GC(140) Old regions: 46->46
[2024-06-28T23:02:42.068-0400][gc,heap     ] GC(140) Humongous regions: 129->129
[2024-06-28T23:02:42.068-0400][gc,metaspace] GC(140) Metaspace: 42560K(43136K)->42560K(43136K) NonClass: 37857K(38144K)->37857K(38144K) Class: 4703K(4992K)->4703K(4992K)
[2024-06-28T23:02:42.068-0400][gc          ] GC(140) Pause Young (Normal) (G1 Evacuation Pause) 246M->176M(1024M) 37,538ms
[2024-06-28T23:02:42.068-0400][gc,cpu      ] GC(140) User=0,09s Sys=0,03s Real=0,04s
[2024-06-28T23:13:20.606-0400][gc,start    ] GC(141) Pause Young (Normal) (G1 Evacuation Pause)
[2024-06-28T23:13:20.606-0400][gc,task     ] GC(141) Using 6 workers of 6 for evacuation
[2024-06-28T23:13:20.618-0400][gc,phases   ] GC(141)   Pre Evacuate Collection Set: 0,8ms
[2024-06-28T23:13:20.618-0400][gc,phases   ] GC(141)   Merge Heap Roots: 0,3ms
[2024-06-28T23:13:20.618-0400][gc,phases   ] GC(141)   Evacuate Collection Set: 8,9ms
[2024-06-28T23:13:20.618-0400][gc,phases   ] GC(141)   Post Evacuate Collection Set: 1,6ms
[2024-06-28T23:13:20.618-0400][gc,phases   ] GC(141)   Other: 0,2ms
[2024-06-28T23:13:20.618-0400][gc,heap     ] GC(141) Eden regions: 48->0(47)
[2024-06-28T23:13:20.618-0400][gc,heap     ] GC(141) Survivor regions: 3->4(7)
[2024-06-28T23:13:20.618-0400][gc,heap     ] GC(141) Old regions: 46->46
[2024-06-28T23:13:20.618-0400][gc,heap     ] GC(141) Humongous regions: 129->129
[2024-06-28T23:13:20.618-0400][gc,metaspace] GC(141) Metaspace: 43399K(44032K)->43399K(44032K) NonClass: 38532K(38912K)->38532K(38912K) Class: 4867K(5120K)->4867K(5120K)
[2024-06-28T23:13:20.618-0400][gc          ] GC(141) Pause Young (Normal) (G1 Evacuation Pause) 224M->177M(1024M) 12,037ms
[2024-06-28T23:13:20.618-0400][gc,cpu      ] GC(141) User=0,03s Sys=0,00s Real=0,02s
[2024-06-29T08:38:23.923-0400][gc,start    ] GC(142) Pause Young (Normal) (G1 Evacuation Pause)
[2024-06-29T08:38:23.923-0400][gc,task     ] GC(142) Using 6 workers of 6 for evacuation
[2024-06-29T08:38:23.936-0400][gc,phases   ] GC(142)   Pre Evacuate Collection Set: 0,9ms
[2024-06-29T08:38:23.936-0400][gc,phases   ] GC(142)   Merge Heap Roots: 0,5ms
[2024-06-29T08:38:23.936-0400][gc,phases   ] GC(142)   Evacuate Collection Set: 10,0ms
[2024-06-29T08:38:23.936-0400][gc,phases   ] GC(142)   Post Evacuate Collection Set: 1,3ms
[2024-06-29T08:38:23.936-0400][gc,phases   ] GC(142)   Other: 0,1ms
[2024-06-29T08:38:23.936-0400][gc,heap     ] GC(142) Eden regions: 47->0(47)
[2024-06-29T08:38:23.936-0400][gc,heap     ] GC(142) Survivor regions: 4->4(7)
[2024-06-29T08:38:23.936-0400][gc,heap     ] GC(142) Old regions: 46->46
[2024-06-29T08:38:23.936-0400][gc,heap     ] GC(142) Humongous regions: 129->129
[2024-06-29T08:38:23.936-0400][gc,metaspace] GC(142) Metaspace: 43402K(44032K)->43402K(44032K) NonClass: 38535K(38912K)->38535K(38912K) Class: 4867K(5120K)->4867K(5120K)
[2024-06-29T08:38:23.936-0400][gc          ] GC(142) Pause Young (Normal) (G1 Evacuation Pause) 224M->177M(1024M) 13,330ms
[2024-06-29T08:38:23.936-0400][gc,cpu      ] GC(142) User=0,03s Sys=0,00s Real=0,01s
[2024-06-29T08:45:54.089-0400][gc,start    ] GC(143) Pause Young (Normal) (G1 Evacuation Pause)
[2024-06-29T08:45:54.089-0400][gc,task     ] GC(143) Using 6 workers of 6 for evacuation
[2024-06-29T08:45:54.102-0400][gc,phases   ] GC(143)   Pre Evacuate Collection Set: 1,2ms
[2024-06-29T08:45:54.102-0400][gc,phases   ] GC(143)   Merge Heap Roots: 0,8ms
[2024-06-29T08:45:54.102-0400][gc,phases   ] GC(143)   Evacuate Collection Set: 8,4ms
[2024-06-29T08:45:54.102-0400][gc,phases   ] GC(143)   Post Evacuate Collection Set: 2,6ms
[2024-06-29T08:45:54.102-0400][gc,phases   ] GC(143)   Other: 0,4ms
[2024-06-29T08:45:54.102-0400][gc,heap     ] GC(143) Eden regions: 47->0(90)
[2024-06-29T08:45:54.102-0400][gc,heap     ] GC(143) Survivor regions: 4->3(7)
[2024-06-29T08:45:54.102-0400][gc,heap     ] GC(143) Old regions: 46->46
[2024-06-29T08:45:54.102-0400][gc,heap     ] GC(143) Humongous regions: 129->129
[2024-06-29T08:45:54.102-0400][gc,metaspace] GC(143) Metaspace: 43402K(44032K)->43402K(44032K) NonClass: 38535K(38912K)->38535K(38912K) Class: 4867K(5120K)->4867K(5120K)
[2024-06-29T08:45:54.102-0400][gc          ] GC(143) Pause Young (Normal) (G1 Evacuation Pause) 224M->176M(1024M) 13,814ms
[2024-06-29T08:45:54.102-0400][gc,cpu      ] GC(143) User=0,04s Sys=0,00s Real=0,01s
[2024-06-29T08:58:38.218-0400][gc,start    ] GC(144) Pause Young (Normal) (G1 Evacuation Pause)
[2024-06-29T08:58:38.219-0400][gc,task     ] GC(144) Using 6 workers of 6 for evacuation
[2024-06-29T08:58:38.263-0400][gc,mmu      ] GC(144) MMU target violated: 21,0ms (20,0ms/21,0ms)
[2024-06-29T08:58:38.263-0400][gc,phases   ] GC(144)   Pre Evacuate Collection Set: 2,6ms
[2024-06-29T08:58:38.263-0400][gc,phases   ] GC(144)   Merge Heap Roots: 0,4ms
[2024-06-29T08:58:38.263-0400][gc,phases   ] GC(144)   Evacuate Collection Set: 38,9ms
[2024-06-29T08:58:38.263-0400][gc,phases   ] GC(144)   Post Evacuate Collection Set: 2,3ms
[2024-06-29T08:58:38.263-0400][gc,phases   ] GC(144)   Other: 0,5ms
[2024-06-29T08:58:38.263-0400][gc,heap     ] GC(144) Eden regions: 81->0(47)
[2024-06-29T08:58:38.263-0400][gc,heap     ] GC(144) Survivor regions: 3->4(11)
[2024-06-29T08:58:38.263-0400][gc,heap     ] GC(144) Old regions: 46->46
[2024-06-29T08:58:38.263-0400][gc,heap     ] GC(144) Humongous regions: 129->129
[2024-06-29T08:58:38.263-0400][gc,metaspace] GC(144) Metaspace: 43403K(44032K)->43403K(44032K) NonClass: 38535K(38912K)->38535K(38912K) Class: 4867K(5120K)->4867K(5120K)
[2024-06-29T08:58:38.263-0400][gc          ] GC(144) Pause Young (Normal) (G1 Evacuation Pause) 257M->177M(1024M) 45,052ms
[2024-06-29T08:58:38.263-0400][gc,cpu      ] GC(144) User=0,09s Sys=0,01s Real=0,04s
[2024-06-29T09:06:14.336-0400][gc,start    ] GC(145) Pause Young (Normal) (G1 Evacuation Pause)
[2024-06-29T09:06:14.337-0400][gc,task     ] GC(145) Using 6 workers of 6 for evacuation
[2024-06-29T09:06:14.356-0400][gc,phases   ] GC(145)   Pre Evacuate Collection Set: 1,8ms
[2024-06-29T09:06:14.356-0400][gc,phases   ] GC(145)   Merge Heap Roots: 0,6ms
[2024-06-29T09:06:14.356-0400][gc,phases   ] GC(145)   Evacuate Collection Set: 15,4ms
[2024-06-29T09:06:14.356-0400][gc,phases   ] GC(145)   Post Evacuate Collection Set: 1,7ms
[2024-06-29T09:06:14.356-0400][gc,phases   ] GC(145)   Other: 0,2ms
[2024-06-29T09:06:14.356-0400][gc,heap     ] GC(145) Eden regions: 47->0(47)
[2024-06-29T09:06:14.356-0400][gc,heap     ] GC(145) Survivor regions: 4->4(7)
[2024-06-29T09:06:14.356-0400][gc,heap     ] GC(145) Old regions: 46->46
[2024-06-29T09:06:14.356-0400][gc,heap     ] GC(145) Humongous regions: 129->129
[2024-06-29T09:06:14.356-0400][gc,metaspace] GC(145) Metaspace: 43403K(44032K)->43403K(44032K) NonClass: 38535K(38912K)->38535K(38912K) Class: 4867K(5120K)->4867K(5120K)
[2024-06-29T09:06:14.356-0400][gc          ] GC(145) Pause Young (Normal) (G1 Evacuation Pause) 224M->177M(1024M) 19,929ms
[2024-06-29T09:06:14.356-0400][gc,cpu      ] GC(145) User=0,03s Sys=0,00s Real=0,02s
[2024-06-29T09:13:50.978-0400][gc,start    ] GC(146) Pause Young (Normal) (G1 Evacuation Pause)
[2024-06-29T09:13:50.978-0400][gc,task     ] GC(146) Using 6 workers of 6 for evacuation
[2024-06-29T09:13:50.992-0400][gc,phases   ] GC(146)   Pre Evacuate Collection Set: 1,1ms
[2024-06-29T09:13:50.992-0400][gc,phases   ] GC(146)   Merge Heap Roots: 0,2ms
[2024-06-29T09:13:50.992-0400][gc,phases   ] GC(146)   Evacuate Collection Set: 10,8ms
[2024-06-29T09:13:50.992-0400][gc,phases   ] GC(146)   Post Evacuate Collection Set: 1,7ms
[2024-06-29T09:13:50.992-0400][gc,phases   ] GC(146)   Other: 0,1ms
[2024-06-29T09:13:50.992-0400][gc,heap     ] GC(146) Eden regions: 47->0(102)
[2024-06-29T09:13:50.992-0400][gc,heap     ] GC(146) Survivor regions: 4->3(7)
[2024-06-29T09:13:50.992-0400][gc,heap     ] GC(146) Old regions: 46->46
[2024-06-29T09:13:50.992-0400][gc,heap     ] GC(146) Humongous regions: 129->129
[2024-06-29T09:13:50.992-0400][gc,metaspace] GC(146) Metaspace: 43403K(44032K)->43403K(44032K) NonClass: 38536K(38912K)->38536K(38912K) Class: 4867K(5120K)->4867K(5120K)
[2024-06-29T09:13:50.992-0400][gc          ] GC(146) Pause Young (Normal) (G1 Evacuation Pause) 224M->176M(1024M) 14,400ms
[2024-06-29T09:13:50.992-0400][gc,cpu      ] GC(146) User=0,04s Sys=0,00s Real=0,01s
[2024-06-29T09:29:56.979-0400][gc,start    ] GC(147) Pause Young (Normal) (G1 Evacuation Pause)
[2024-06-29T09:29:56.979-0400][gc,task     ] GC(147) Using 6 workers of 6 for evacuation
[2024-06-29T09:29:57.036-0400][gc,mmu      ] GC(147) MMU target violated: 21,0ms (20,0ms/21,0ms)
[2024-06-29T09:29:57.036-0400][gc,phases   ] GC(147)   Pre Evacuate Collection Set: 0,9ms
[2024-06-29T09:29:57.036-0400][gc,phases   ] GC(147)   Merge Heap Roots: 0,3ms
[2024-06-29T09:29:57.036-0400][gc,phases   ] GC(147)   Evacuate Collection Set: 52,7ms
[2024-06-29T09:29:57.036-0400][gc,phases   ] GC(147)   Post Evacuate Collection Set: 2,4ms
[2024-06-29T09:29:57.036-0400][gc,phases   ] GC(147)   Other: 0,3ms
[2024-06-29T09:29:57.036-0400][gc,heap     ] GC(147) Eden regions: 99->0(48)
[2024-06-29T09:29:57.036-0400][gc,heap     ] GC(147) Survivor regions: 3->3(13)
[2024-06-29T09:29:57.036-0400][gc,heap     ] GC(147) Old regions: 46->46
[2024-06-29T09:29:57.036-0400][gc,heap     ] GC(147) Humongous regions: 129->129
[2024-06-29T09:29:57.036-0400][gc,metaspace] GC(147) Metaspace: 43410K(44032K)->43410K(44032K) NonClass: 38543K(38912K)->38543K(38912K) Class: 4867K(5120K)->4867K(5120K)
[2024-06-29T09:29:57.036-0400][gc          ] GC(147) Pause Young (Normal) (G1 Evacuation Pause) 275M->176M(1024M) 56,838ms
[2024-06-29T09:29:57.036-0400][gc,cpu      ] GC(147) User=0,14s Sys=0,00s Real=0,05s
[2024-06-29T09:37:42.571-0400][gc,start    ] GC(148) Pause Young (Normal) (G1 Evacuation Pause)
[2024-06-29T09:37:42.571-0400][gc,task     ] GC(148) Using 6 workers of 6 for evacuation
[2024-06-29T09:37:42.593-0400][gc,mmu      ] GC(148) MMU target violated: 21,0ms (20,0ms/21,0ms)
[2024-06-29T09:37:42.593-0400][gc,phases   ] GC(148)   Pre Evacuate Collection Set: 8,8ms
[2024-06-29T09:37:42.593-0400][gc,phases   ] GC(148)   Merge Heap Roots: 1,0ms
[2024-06-29T09:37:42.593-0400][gc,phases   ] GC(148)   Evacuate Collection Set: 9,9ms
[2024-06-29T09:37:42.593-0400][gc,phases   ] GC(148)   Post Evacuate Collection Set: 2,5ms
[2024-06-29T09:37:42.593-0400][gc,phases   ] GC(148)   Other: 0,3ms
[2024-06-29T09:37:42.593-0400][gc,heap     ] GC(148) Eden regions: 48->0(47)
[2024-06-29T09:37:42.593-0400][gc,heap     ] GC(148) Survivor regions: 3->4(7)
[2024-06-29T09:37:42.593-0400][gc,heap     ] GC(148) Old regions: 46->46
[2024-06-29T09:37:42.593-0400][gc,heap     ] GC(148) Humongous regions: 129->129
[2024-06-29T09:37:42.593-0400][gc,metaspace] GC(148) Metaspace: 43410K(44032K)->43410K(44032K) NonClass: 38543K(38912K)->38543K(38912K) Class: 4867K(5120K)->4867K(5120K)
[2024-06-29T09:37:42.593-0400][gc          ] GC(148) Pause Young (Normal) (G1 Evacuation Pause) 224M->177M(1024M) 22,646ms
[2024-06-29T09:37:42.593-0400][gc,cpu      ] GC(148) User=0,02s Sys=0,02s Real=0,02s
[2024-06-29T09:40:51.621-0400][gc,start    ] GC(149) Pause Young (Normal) (G1 Evacuation Pause)
[2024-06-29T09:40:51.627-0400][gc,task     ] GC(149) Using 6 workers of 6 for evacuation
[2024-06-29T09:40:51.649-0400][gc,mmu      ] GC(149) MMU target violated: 21,0ms (20,0ms/21,0ms)
[2024-06-29T09:40:51.649-0400][gc,phases   ] GC(149)   Pre Evacuate Collection Set: 0,9ms
[2024-06-29T09:40:51.649-0400][gc,phases   ] GC(149)   Merge Heap Roots: 0,2ms
[2024-06-29T09:40:51.649-0400][gc,phases   ] GC(149)   Evacuate Collection Set: 10,6ms
[2024-06-29T09:40:51.649-0400][gc,phases   ] GC(149)   Post Evacuate Collection Set: 9,4ms
[2024-06-29T09:40:51.649-0400][gc,phases   ] GC(149)   Other: 0,4ms
[2024-06-29T09:40:51.649-0400][gc,heap     ] GC(149) Eden regions: 47->0(47)
[2024-06-29T09:40:51.649-0400][gc,heap     ] GC(149) Survivor regions: 4->4(7)
[2024-06-29T09:40:51.649-0400][gc,heap     ] GC(149) Old regions: 46->46
[2024-06-29T09:40:51.649-0400][gc,heap     ] GC(149) Humongous regions: 129->129
[2024-06-29T09:40:51.649-0400][gc,metaspace] GC(149) Metaspace: 43883K(44544K)->43883K(44544K) NonClass: 39016K(39424K)->39016K(39424K) Class: 4867K(5120K)->4867K(5120K)
[2024-06-29T09:40:51.649-0400][gc          ] GC(149) Pause Young (Normal) (G1 Evacuation Pause) 224M->177M(1024M) 27,639ms
[2024-06-29T09:40:51.649-0400][gc,cpu      ] GC(149) User=0,03s Sys=0,00s Real=0,03s
[2024-06-29T09:43:43.782-0400][gc,start    ] GC(150) Pause Young (Normal) (G1 Evacuation Pause)
[2024-06-29T09:43:43.782-0400][gc,task     ] GC(150) Using 6 workers of 6 for evacuation
[2024-06-29T09:43:43.803-0400][gc,mmu      ] GC(150) MMU target violated: 21,0ms (20,0ms/21,0ms)
[2024-06-29T09:43:43.803-0400][gc,phases   ] GC(150)   Pre Evacuate Collection Set: 4,8ms
[2024-06-29T09:43:43.803-0400][gc,phases   ] GC(150)   Merge Heap Roots: 2,5ms
[2024-06-29T09:43:43.803-0400][gc,phases   ] GC(150)   Evacuate Collection Set: 11,7ms
[2024-06-29T09:43:43.803-0400][gc,phases   ] GC(150)   Post Evacuate Collection Set: 1,9ms
[2024-06-29T09:43:43.803-0400][gc,phases   ] GC(150)   Other: 0,3ms
[2024-06-29T09:43:43.803-0400][gc,heap     ] GC(150) Eden regions: 47->0(47)
[2024-06-29T09:43:43.803-0400][gc,heap     ] GC(150) Survivor regions: 4->4(7)
[2024-06-29T09:43:43.803-0400][gc,heap     ] GC(150) Old regions: 46->46
[2024-06-29T09:43:43.803-0400][gc,heap     ] GC(150) Humongous regions: 129->129
[2024-06-29T09:43:43.803-0400][gc,metaspace] GC(150) Metaspace: 43887K(44544K)->43887K(44544K) NonClass: 39020K(39424K)->39020K(39424K) Class: 4867K(5120K)->4867K(5120K)
[2024-06-29T09:43:43.803-0400][gc          ] GC(150) Pause Young (Normal) (G1 Evacuation Pause) 224M->177M(1024M) 21,396ms
[2024-06-29T09:43:43.803-0400][gc,cpu      ] GC(150) User=0,04s Sys=0,00s Real=0,02s
[2024-06-29T09:46:33.947-0400][gc,start    ] GC(151) Pause Young (Normal) (G1 Evacuation Pause)
[2024-06-29T09:46:33.947-0400][gc,task     ] GC(151) Using 6 workers of 6 for evacuation
[2024-06-29T09:46:33.960-0400][gc,phases   ] GC(151)   Pre Evacuate Collection Set: 1,0ms
[2024-06-29T09:46:33.960-0400][gc,phases   ] GC(151)   Merge Heap Roots: 0,5ms
[2024-06-29T09:46:33.960-0400][gc,phases   ] GC(151)   Evacuate Collection Set: 9,0ms
[2024-06-29T09:46:33.960-0400][gc,phases   ] GC(151)   Post Evacuate Collection Set: 1,7ms
[2024-06-29T09:46:33.960-0400][gc,phases   ] GC(151)   Other: 0,2ms
[2024-06-29T09:46:33.960-0400][gc,heap     ] GC(151) Eden regions: 47->0(47)
[2024-06-29T09:46:33.960-0400][gc,heap     ] GC(151) Survivor regions: 4->4(7)
[2024-06-29T09:46:33.960-0400][gc,heap     ] GC(151) Old regions: 46->46
[2024-06-29T09:46:33.960-0400][gc,heap     ] GC(151) Humongous regions: 129->129
[2024-06-29T09:46:33.960-0400][gc,metaspace] GC(151) Metaspace: 43888K(44544K)->43888K(44544K) NonClass: 39020K(39424K)->39020K(39424K) Class: 4868K(5120K)->4868K(5120K)
[2024-06-29T09:46:33.960-0400][gc          ] GC(151) Pause Young (Normal) (G1 Evacuation Pause) 224M->177M(1024M) 12,542ms
[2024-06-29T09:46:33.960-0400][gc,cpu      ] GC(151) User=0,04s Sys=0,00s Real=0,01s
[2024-06-29T09:51:24.861-0400][gc,start    ] GC(152) Pause Young (Normal) (G1 Evacuation Pause)
[2024-06-29T09:51:24.861-0400][gc,task     ] GC(152) Using 6 workers of 6 for evacuation
[2024-06-29T09:51:24.870-0400][gc,phases   ] GC(152)   Pre Evacuate Collection Set: 0,8ms
[2024-06-29T09:51:24.870-0400][gc,phases   ] GC(152)   Merge Heap Roots: 0,2ms
[2024-06-29T09:51:24.870-0400][gc,phases   ] GC(152)   Evacuate Collection Set: 7,1ms
[2024-06-29T09:51:24.870-0400][gc,phases   ] GC(152)   Post Evacuate Collection Set: 1,0ms
[2024-06-29T09:51:24.870-0400][gc,phases   ] GC(152)   Other: 0,1ms
[2024-06-29T09:51:24.871-0400][gc,heap     ] GC(152) Eden regions: 47->0(47)
[2024-06-29T09:51:24.871-0400][gc,heap     ] GC(152) Survivor regions: 4->4(7)
[2024-06-29T09:51:24.871-0400][gc,heap     ] GC(152) Old regions: 46->46
[2024-06-29T09:51:24.871-0400][gc,heap     ] GC(152) Humongous regions: 129->129
[2024-06-29T09:51:24.871-0400][gc,metaspace] GC(152) Metaspace: 43894K(44544K)->43894K(44544K) NonClass: 39026K(39424K)->39026K(39424K) Class: 4868K(5120K)->4868K(5120K)
[2024-06-29T09:51:24.871-0400][gc          ] GC(152) Pause Young (Normal) (G1 Evacuation Pause) 224M->177M(1024M) 9,330ms
[2024-06-29T09:51:24.871-0400][gc,cpu      ] GC(152) User=0,02s Sys=0,01s Real=0,01s
[2024-06-29T09:58:49.888-0400][gc,start    ] GC(153) Pause Young (Normal) (G1 Evacuation Pause)
[2024-06-29T09:58:49.888-0400][gc,task     ] GC(153) Using 6 workers of 6 for evacuation
[2024-06-29T09:58:49.897-0400][gc,phases   ] GC(153)   Pre Evacuate Collection Set: 0,8ms
[2024-06-29T09:58:49.897-0400][gc,phases   ] GC(153)   Merge Heap Roots: 0,2ms
[2024-06-29T09:58:49.897-0400][gc,phases   ] GC(153)   Evacuate Collection Set: 6,0ms
[2024-06-29T09:58:49.897-0400][gc,phases   ] GC(153)   Post Evacuate Collection Set: 1,2ms
[2024-06-29T09:58:49.897-0400][gc,phases   ] GC(153)   Other: 0,1ms
[2024-06-29T09:58:49.897-0400][gc,heap     ] GC(153) Eden regions: 47->0(46)
[2024-06-29T09:58:49.897-0400][gc,heap     ] GC(153) Survivor regions: 4->5(7)
[2024-06-29T09:58:49.897-0400][gc,heap     ] GC(153) Old regions: 46->46
[2024-06-29T09:58:49.897-0400][gc,heap     ] GC(153) Humongous regions: 129->129
[2024-06-29T09:58:49.897-0400][gc,metaspace] GC(153) Metaspace: 43899K(44544K)->43899K(44544K) NonClass: 39031K(39424K)->39031K(39424K) Class: 4868K(5120K)->4868K(5120K)
[2024-06-29T09:58:49.897-0400][gc          ] GC(153) Pause Young (Normal) (G1 Evacuation Pause) 224M->178M(1024M) 8,573ms
[2024-06-29T09:58:49.897-0400][gc,cpu      ] GC(153) User=0,03s Sys=0,00s Real=0,00s
[2024-06-29T10:06:12.572-0400][gc,start    ] GC(154) Pause Young (Normal) (G1 Evacuation Pause)
[2024-06-29T10:06:12.572-0400][gc,task     ] GC(154) Using 6 workers of 6 for evacuation
[2024-06-29T10:06:12.585-0400][gc,phases   ] GC(154)   Pre Evacuate Collection Set: 0,8ms
[2024-06-29T10:06:12.585-0400][gc,phases   ] GC(154)   Merge Heap Roots: 0,4ms
[2024-06-29T10:06:12.585-0400][gc,phases   ] GC(154)   Evacuate Collection Set: 11,0ms
[2024-06-29T10:06:12.585-0400][gc,phases   ] GC(154)   Post Evacuate Collection Set: 1,2ms
[2024-06-29T10:06:12.585-0400][gc,phases   ] GC(154)   Other: 0,1ms
[2024-06-29T10:06:12.585-0400][gc,heap     ] GC(154) Eden regions: 46->0(138)
[2024-06-29T10:06:12.585-0400][gc,heap     ] GC(154) Survivor regions: 5->4(7)
[2024-06-29T10:06:12.585-0400][gc,heap     ] GC(154) Old regions: 46->46
[2024-06-29T10:06:12.585-0400][gc,heap     ] GC(154) Humongous regions: 129->129
[2024-06-29T10:06:12.585-0400][gc,metaspace] GC(154) Metaspace: 43899K(44544K)->43899K(44544K) NonClass: 39031K(39424K)->39031K(39424K) Class: 4868K(5120K)->4868K(5120K)
[2024-06-29T10:06:12.585-0400][gc          ] GC(154) Pause Young (Normal) (G1 Evacuation Pause) 224M->178M(1024M) 13,735ms
[2024-06-29T10:06:12.585-0400][gc,cpu      ] GC(154) User=0,03s Sys=0,01s Real=0,01s
[2024-06-29T10:29:07.170-0400][gc,start    ] GC(155) Pause Young (Normal) (G1 Evacuation Pause)
[2024-06-29T10:29:07.170-0400][gc,task     ] GC(155) Using 6 workers of 6 for evacuation
[2024-06-29T10:29:07.213-0400][gc,mmu      ] GC(155) MMU target violated: 21,0ms (20,0ms/21,0ms)
[2024-06-29T10:29:07.213-0400][gc,phases   ] GC(155)   Pre Evacuate Collection Set: 0,7ms
[2024-06-29T10:29:07.213-0400][gc,phases   ] GC(155)   Merge Heap Roots: 0,4ms
[2024-06-29T10:29:07.213-0400][gc,phases   ] GC(155)   Evacuate Collection Set: 40,7ms
[2024-06-29T10:29:07.213-0400][gc,phases   ] GC(155)   Post Evacuate Collection Set: 1,5ms
[2024-06-29T10:29:07.213-0400][gc,phases   ] GC(155)   Other: 0,2ms
[2024-06-29T10:29:07.213-0400][gc,heap     ] GC(155) Eden regions: 142->0(47)
[2024-06-29T10:29:07.213-0400][gc,heap     ] GC(155) Survivor regions: 4->4(19)
[2024-06-29T10:29:07.213-0400][gc,heap     ] GC(155) Old regions: 46->46
[2024-06-29T10:29:07.213-0400][gc,heap     ] GC(155) Humongous regions: 129->129
[2024-06-29T10:29:07.213-0400][gc,metaspace] GC(155) Metaspace: 43934K(44544K)->43934K(44544K) NonClass: 39066K(39424K)->39066K(39424K) Class: 4868K(5120K)->4868K(5120K)
[2024-06-29T10:29:07.213-0400][gc          ] GC(155) Pause Young (Normal) (G1 Evacuation Pause) 320M->178M(1024M) 43,682ms
[2024-06-29T10:29:07.213-0400][gc,cpu      ] GC(155) User=0,13s Sys=0,00s Real=0,04s
[2024-06-29T10:36:34.369-0400][gc,start    ] GC(156) Pause Young (Normal) (G1 Evacuation Pause)
[2024-06-29T10:36:34.369-0400][gc,task     ] GC(156) Using 6 workers of 6 for evacuation
[2024-06-29T10:36:34.375-0400][gc,phases   ] GC(156)   Pre Evacuate Collection Set: 0,7ms
[2024-06-29T10:36:34.375-0400][gc,phases   ] GC(156)   Merge Heap Roots: 0,3ms
[2024-06-29T10:36:34.375-0400][gc,phases   ] GC(156)   Evacuate Collection Set: 3,3ms
[2024-06-29T10:36:34.375-0400][gc,phases   ] GC(156)   Post Evacuate Collection Set: 1,2ms
[2024-06-29T10:36:34.375-0400][gc,phases   ] GC(156)   Other: 0,2ms
[2024-06-29T10:36:34.375-0400][gc,heap     ] GC(156) Eden regions: 47->0(48)
[2024-06-29T10:36:34.375-0400][gc,heap     ] GC(156) Survivor regions: 4->3(7)
[2024-06-29T10:36:34.375-0400][gc,heap     ] GC(156) Old regions: 46->46
[2024-06-29T10:36:34.375-0400][gc,heap     ] GC(156) Humongous regions: 129->129
[2024-06-29T10:36:34.375-0400][gc,metaspace] GC(156) Metaspace: 43934K(44544K)->43934K(44544K) NonClass: 39066K(39424K)->39066K(39424K) Class: 4868K(5120K)->4868K(5120K)
[2024-06-29T10:36:34.375-0400][gc          ] GC(156) Pause Young (Normal) (G1 Evacuation Pause) 225M->177M(1024M) 6,512ms
[2024-06-29T10:36:34.375-0400][gc,cpu      ] GC(156) User=0,00s Sys=0,01s Real=0,00s
[2024-06-29T10:44:17.301-0400][gc,start    ] GC(157) Pause Young (Normal) (G1 Evacuation Pause)
[2024-06-29T10:44:17.301-0400][gc,task     ] GC(157) Using 6 workers of 6 for evacuation
[2024-06-29T10:44:17.311-0400][gc,phases   ] GC(157)   Pre Evacuate Collection Set: 0,5ms
[2024-06-29T10:44:17.311-0400][gc,phases   ] GC(157)   Merge Heap Roots: 0,3ms
[2024-06-29T10:44:17.311-0400][gc,phases   ] GC(157)   Evacuate Collection Set: 6,7ms
[2024-06-29T10:44:17.311-0400][gc,phases   ] GC(157)   Post Evacuate Collection Set: 1,7ms
[2024-06-29T10:44:17.311-0400][gc,phases   ] GC(157)   Other: 0,1ms
[2024-06-29T10:44:17.311-0400][gc,heap     ] GC(157) Eden regions: 48->0(99)
[2024-06-29T10:44:17.311-0400][gc,heap     ] GC(157) Survivor regions: 3->3(7)
[2024-06-29T10:44:17.311-0400][gc,heap     ] GC(157) Old regions: 46->46
[2024-06-29T10:44:17.311-0400][gc,heap     ] GC(157) Humongous regions: 129->129
[2024-06-29T10:44:17.311-0400][gc,metaspace] GC(157) Metaspace: 43934K(44544K)->43934K(44544K) NonClass: 39066K(39424K)->39066K(39424K) Class: 4868K(5120K)->4868K(5120K)
[2024-06-29T10:44:17.311-0400][gc          ] GC(157) Pause Young (Normal) (G1 Evacuation Pause) 225M->177M(1024M) 9,681ms
[2024-06-29T10:44:17.311-0400][gc,cpu      ] GC(157) User=0,02s Sys=0,01s Real=0,01s
[2024-06-29T11:00:01.570-0400][gc,start    ] GC(158) Pause Young (Normal) (G1 Evacuation Pause)
[2024-06-29T11:00:01.570-0400][gc,task     ] GC(158) Using 6 workers of 6 for evacuation
[2024-06-29T11:00:01.583-0400][gc,phases   ] GC(158)   Pre Evacuate Collection Set: 0,8ms
[2024-06-29T11:00:01.583-0400][gc,phases   ] GC(158)   Merge Heap Roots: 0,3ms
[2024-06-29T11:00:01.583-0400][gc,phases   ] GC(158)   Evacuate Collection Set: 10,0ms
[2024-06-29T11:00:01.583-0400][gc,phases   ] GC(158)   Post Evacuate Collection Set: 1,0ms
[2024-06-29T11:00:01.583-0400][gc,phases   ] GC(158)   Other: 0,1ms
[2024-06-29T11:00:01.583-0400][gc,heap     ] GC(158) Eden regions: 100->0(164)
[2024-06-29T11:00:01.583-0400][gc,heap     ] GC(158) Survivor regions: 3->4(13)
[2024-06-29T11:00:01.583-0400][gc,heap     ] GC(158) Old regions: 46->46
[2024-06-29T11:00:01.583-0400][gc,heap     ] GC(158) Humongous regions: 129->129
[2024-06-29T11:00:01.583-0400][gc,metaspace] GC(158) Metaspace: 43934K(44544K)->43934K(44544K) NonClass: 39066K(39424K)->39066K(39424K) Class: 4868K(5120K)->4868K(5120K)
[2024-06-29T11:00:01.583-0400][gc          ] GC(158) Pause Young (Normal) (G1 Evacuation Pause) 277M->178M(1024M) 12,475ms
[2024-06-29T11:00:01.583-0400][gc,cpu      ] GC(158) User=0,01s Sys=0,01s Real=0,01s
[2024-06-29T11:26:49.850-0400][gc,start    ] GC(159) Pause Young (Normal) (G1 Evacuation Pause)
[2024-06-29T11:26:49.851-0400][gc,task     ] GC(159) Using 6 workers of 6 for evacuation
[2024-06-29T11:26:49.888-0400][gc,mmu      ] GC(159) MMU target violated: 21,0ms (20,0ms/21,0ms)
[2024-06-29T11:26:49.888-0400][gc,phases   ] GC(159)   Pre Evacuate Collection Set: 0,9ms
[2024-06-29T11:26:49.888-0400][gc,phases   ] GC(159)   Merge Heap Roots: 0,4ms
[2024-06-29T11:26:49.888-0400][gc,phases   ] GC(159)   Evacuate Collection Set: 30,6ms
[2024-06-29T11:26:49.888-0400][gc,phases   ] GC(159)   Post Evacuate Collection Set: 3,7ms
[2024-06-29T11:26:49.888-0400][gc,phases   ] GC(159)   Other: 1,8ms
[2024-06-29T11:26:49.888-0400][gc,heap     ] GC(159) Eden regions: 165->0(48)
[2024-06-29T11:26:49.888-0400][gc,heap     ] GC(159) Survivor regions: 4->3(22)
[2024-06-29T11:26:49.889-0400][gc,heap     ] GC(159) Old regions: 46->46
[2024-06-29T11:26:49.889-0400][gc,heap     ] GC(159) Humongous regions: 129->129
[2024-06-29T11:26:49.889-0400][gc,metaspace] GC(159) Metaspace: 43934K(44544K)->43934K(44544K) NonClass: 39066K(39424K)->39066K(39424K) Class: 4868K(5120K)->4868K(5120K)
[2024-06-29T11:26:49.889-0400][gc          ] GC(159) Pause Young (Normal) (G1 Evacuation Pause) 343M->177M(1024M) 38,412ms
[2024-06-29T11:26:49.889-0400][gc,cpu      ] GC(159) User=0,15s Sys=0,00s Real=0,04s
[2024-06-29T11:34:27.573-0400][gc,start    ] GC(160) Pause Young (Normal) (G1 Evacuation Pause)
[2024-06-29T11:34:27.573-0400][gc,task     ] GC(160) Using 6 workers of 6 for evacuation
[2024-06-29T11:34:27.580-0400][gc,phases   ] GC(160)   Pre Evacuate Collection Set: 0,8ms
[2024-06-29T11:34:27.580-0400][gc,phases   ] GC(160)   Merge Heap Roots: 0,5ms
[2024-06-29T11:34:27.580-0400][gc,phases   ] GC(160)   Evacuate Collection Set: 3,6ms
[2024-06-29T11:34:27.580-0400][gc,phases   ] GC(160)   Post Evacuate Collection Set: 1,9ms
[2024-06-29T11:34:27.580-0400][gc,phases   ] GC(160)   Other: 0,1ms
[2024-06-29T11:34:27.580-0400][gc,heap     ] GC(160) Eden regions: 48->0(48)
[2024-06-29T11:34:27.580-0400][gc,heap     ] GC(160) Survivor regions: 3->3(7)
[2024-06-29T11:34:27.580-0400][gc,heap     ] GC(160) Old regions: 46->46
[2024-06-29T11:34:27.580-0400][gc,heap     ] GC(160) Humongous regions: 129->129
[2024-06-29T11:34:27.580-0400][gc,metaspace] GC(160) Metaspace: 43934K(44544K)->43934K(44544K) NonClass: 39066K(39424K)->39066K(39424K) Class: 4868K(5120K)->4868K(5120K)
[2024-06-29T11:34:27.580-0400][gc          ] GC(160) Pause Young (Normal) (G1 Evacuation Pause) 225M->177M(1024M) 7,708ms
[2024-06-29T11:34:27.580-0400][gc,cpu      ] GC(160) User=0,01s Sys=0,00s Real=0,01s
[2024-06-29T11:42:14.461-0400][gc,start    ] GC(161) Pause Young (Normal) (G1 Evacuation Pause)
[2024-06-29T11:42:14.469-0400][gc,task     ] GC(161) Using 6 workers of 6 for evacuation
[2024-06-29T11:42:14.490-0400][gc,mmu      ] GC(161) MMU target violated: 20,7ms (20,0ms/21,0ms)
[2024-06-29T11:42:14.490-0400][gc,phases   ] GC(161)   Pre Evacuate Collection Set: 0,8ms
[2024-06-29T11:42:14.490-0400][gc,phases   ] GC(161)   Merge Heap Roots: 0,1ms
[2024-06-29T11:42:14.490-0400][gc,phases   ] GC(161)   Evacuate Collection Set: 18,7ms
[2024-06-29T11:42:14.490-0400][gc,phases   ] GC(161)   Post Evacuate Collection Set: 1,1ms
[2024-06-29T11:42:14.490-0400][gc,phases   ] GC(161)   Other: 0,9ms
[2024-06-29T11:42:14.490-0400][gc,heap     ] GC(161) Eden regions: 48->0(47)
[2024-06-29T11:42:14.490-0400][gc,heap     ] GC(161) Survivor regions: 3->4(7)
[2024-06-29T11:42:14.491-0400][gc,heap     ] GC(161) Old regions: 46->46
[2024-06-29T11:42:14.491-0400][gc,heap     ] GC(161) Humongous regions: 129->129
[2024-06-29T11:42:14.491-0400][gc,metaspace] GC(161) Metaspace: 43934K(44544K)->43934K(44544K) NonClass: 39066K(39424K)->39066K(39424K) Class: 4868K(5120K)->4868K(5120K)
[2024-06-29T11:42:14.491-0400][gc          ] GC(161) Pause Young (Normal) (G1 Evacuation Pause) 225M->178M(1024M) 29,634ms
[2024-06-29T11:42:14.491-0400][gc,cpu      ] GC(161) User=0,03s Sys=0,01s Real=0,03s
[2024-06-29T11:49:22.111-0400][gc,start    ] GC(162) Pause Young (Normal) (G1 Evacuation Pause)
[2024-06-29T11:49:22.111-0400][gc,task     ] GC(162) Using 6 workers of 6 for evacuation
[2024-06-29T11:49:22.139-0400][gc,mmu      ] GC(162) MMU target violated: 21,0ms (20,0ms/21,0ms)
[2024-06-29T11:49:22.139-0400][gc,phases   ] GC(162)   Pre Evacuate Collection Set: 0,5ms
[2024-06-29T11:49:22.139-0400][gc,phases   ] GC(162)   Merge Heap Roots: 0,5ms
[2024-06-29T11:49:22.139-0400][gc,phases   ] GC(162)   Evacuate Collection Set: 25,1ms
[2024-06-29T11:49:22.139-0400][gc,phases   ] GC(162)   Post Evacuate Collection Set: 0,8ms
[2024-06-29T11:49:22.139-0400][gc,phases   ] GC(162)   Other: 1,6ms
[2024-06-29T11:49:22.139-0400][gc,heap     ] GC(162) Eden regions: 47->0(104)
[2024-06-29T11:49:22.139-0400][gc,heap     ] GC(162) Survivor regions: 4->3(7)
[2024-06-29T11:49:22.139-0400][gc,heap     ] GC(162) Old regions: 46->46
[2024-06-29T11:49:22.139-0400][gc,heap     ] GC(162) Humongous regions: 129->129
[2024-06-29T11:49:22.139-0400][gc,metaspace] GC(162) Metaspace: 43934K(44544K)->43934K(44544K) NonClass: 39066K(39424K)->39066K(39424K) Class: 4868K(5120K)->4868K(5120K)
[2024-06-29T11:49:22.139-0400][gc          ] GC(162) Pause Young (Normal) (G1 Evacuation Pause) 225M->177M(1024M) 28,588ms
[2024-06-29T11:49:22.139-0400][gc,cpu      ] GC(162) User=0,04s Sys=0,00s Real=0,03s
[2024-06-29T12:06:12.079-0400][gc,start    ] GC(163) Pause Young (Normal) (G1 Evacuation Pause)
[2024-06-29T12:06:12.079-0400][gc,task     ] GC(163) Using 6 workers of 6 for evacuation
[2024-06-29T12:06:12.087-0400][gc,phases   ] GC(163)   Pre Evacuate Collection Set: 0,7ms
[2024-06-29T12:06:12.087-0400][gc,phases   ] GC(163)   Merge Heap Roots: 0,5ms
[2024-06-29T12:06:12.087-0400][gc,phases   ] GC(163)   Evacuate Collection Set: 5,0ms
[2024-06-29T12:06:12.087-0400][gc,phases   ] GC(163)   Post Evacuate Collection Set: 1,5ms
[2024-06-29T12:06:12.087-0400][gc,phases   ] GC(163)   Other: 0,1ms
[2024-06-29T12:06:12.087-0400][gc,heap     ] GC(163) Eden regions: 104->0(232)
[2024-06-29T12:06:12.087-0400][gc,heap     ] GC(163) Survivor regions: 3->3(14)
[2024-06-29T12:06:12.087-0400][gc,heap     ] GC(163) Old regions: 46->46
[2024-06-29T12:06:12.087-0400][gc,heap     ] GC(163) Humongous regions: 129->129
[2024-06-29T12:06:12.087-0400][gc,metaspace] GC(163) Metaspace: 43934K(44544K)->43934K(44544K) NonClass: 39066K(39424K)->39066K(39424K) Class: 4868K(5120K)->4868K(5120K)
[2024-06-29T12:06:12.087-0400][gc          ] GC(163) Pause Young (Normal) (G1 Evacuation Pause) 281M->177M(1024M) 8,044ms
[2024-06-29T12:06:12.087-0400][gc,cpu      ] GC(163) User=0,01s Sys=0,01s Real=0,01s
[2024-06-29T12:44:09.542-0400][gc,start    ] GC(164) Pause Young (Normal) (G1 Evacuation Pause)
[2024-06-29T12:44:09.542-0400][gc,task     ] GC(164) Using 6 workers of 6 for evacuation
[2024-06-29T12:44:09.652-0400][gc,mmu      ] GC(164) MMU target violated: 21,0ms (20,0ms/21,0ms)
[2024-06-29T12:44:09.652-0400][gc,phases   ] GC(164)   Pre Evacuate Collection Set: 3,2ms
[2024-06-29T12:44:09.652-0400][gc,phases   ] GC(164)   Merge Heap Roots: 0,3ms
[2024-06-29T12:44:09.652-0400][gc,phases   ] GC(164)   Evacuate Collection Set: 104,7ms
[2024-06-29T12:44:09.652-0400][gc,phases   ] GC(164)   Post Evacuate Collection Set: 1,8ms
[2024-06-29T12:44:09.652-0400][gc,phases   ] GC(164)   Other: 0,1ms
[2024-06-29T12:44:09.652-0400][gc,heap     ] GC(164) Eden regions: 233->0(48)
[2024-06-29T12:44:09.652-0400][gc,heap     ] GC(164) Survivor regions: 3->3(30)
[2024-06-29T12:44:09.652-0400][gc,heap     ] GC(164) Old regions: 46->46
[2024-06-29T12:44:09.652-0400][gc,heap     ] GC(164) Humongous regions: 129->129
[2024-06-29T12:44:09.652-0400][gc,metaspace] GC(164) Metaspace: 43934K(44544K)->43934K(44544K) NonClass: 39066K(39424K)->39066K(39424K) Class: 4868K(5120K)->4868K(5120K)
[2024-06-29T12:44:09.652-0400][gc          ] GC(164) Pause Young (Normal) (G1 Evacuation Pause) 410M->177M(1024M) 110,364ms
[2024-06-29T12:44:09.652-0400][gc,cpu      ] GC(164) User=0,08s Sys=0,14s Real=0,11s
[2024-06-29T12:51:17.573-0400][gc,start    ] GC(165) Pause Young (Normal) (G1 Evacuation Pause)
[2024-06-29T12:51:17.573-0400][gc,task     ] GC(165) Using 6 workers of 6 for evacuation
[2024-06-29T12:51:17.583-0400][gc,phases   ] GC(165)   Pre Evacuate Collection Set: 0,4ms
[2024-06-29T12:51:17.583-0400][gc,phases   ] GC(165)   Merge Heap Roots: 1,5ms
[2024-06-29T12:51:17.583-0400][gc,phases   ] GC(165)   Evacuate Collection Set: 7,2ms
[2024-06-29T12:51:17.583-0400][gc,phases   ] GC(165)   Post Evacuate Collection Set: 1,1ms
[2024-06-29T12:51:17.583-0400][gc,phases   ] GC(165)   Other: 0,1ms
[2024-06-29T12:51:17.584-0400][gc,heap     ] GC(165) Eden regions: 48->0(48)
[2024-06-29T12:51:17.584-0400][gc,heap     ] GC(165) Survivor regions: 3->3(7)
[2024-06-29T12:51:17.584-0400][gc,heap     ] GC(165) Old regions: 46->46
[2024-06-29T12:51:17.584-0400][gc,heap     ] GC(165) Humongous regions: 129->129
[2024-06-29T12:51:17.584-0400][gc,metaspace] GC(165) Metaspace: 43934K(44544K)->43934K(44544K) NonClass: 39066K(39424K)->39066K(39424K) Class: 4868K(5120K)->4868K(5120K)
[2024-06-29T12:51:17.584-0400][gc          ] GC(165) Pause Young (Normal) (G1 Evacuation Pause) 225M->177M(1024M) 10,575ms
[2024-06-29T12:51:17.584-0400][gc,cpu      ] GC(165) User=0,01s Sys=0,01s Real=0,01s
[2024-06-29T12:59:00.422-0400][gc,start    ] GC(166) Pause Young (Normal) (G1 Evacuation Pause)
[2024-06-29T12:59:00.423-0400][gc,task     ] GC(166) Using 6 workers of 6 for evacuation
[2024-06-29T12:59:00.435-0400][gc,phases   ] GC(166)   Pre Evacuate Collection Set: 0,6ms
[2024-06-29T12:59:00.435-0400][gc,phases   ] GC(166)   Merge Heap Roots: 0,3ms
[2024-06-29T12:59:00.435-0400][gc,phases   ] GC(166)   Evacuate Collection Set: 6,6ms
[2024-06-29T12:59:00.435-0400][gc,phases   ] GC(166)   Post Evacuate Collection Set: 4,8ms
[2024-06-29T12:59:00.435-0400][gc,phases   ] GC(166)   Other: 0,1ms
[2024-06-29T12:59:00.435-0400][gc,heap     ] GC(166) Eden regions: 48->0(48)
[2024-06-29T12:59:00.435-0400][gc,heap     ] GC(166) Survivor regions: 3->3(7)
[2024-06-29T12:59:00.435-0400][gc,heap     ] GC(166) Old regions: 46->46
[2024-06-29T12:59:00.435-0400][gc,heap     ] GC(166) Humongous regions: 129->129
[2024-06-29T12:59:00.435-0400][gc,metaspace] GC(166) Metaspace: 43934K(44544K)->43934K(44544K) NonClass: 39066K(39424K)->39066K(39424K) Class: 4868K(5120K)->4868K(5120K)
[2024-06-29T12:59:00.435-0400][gc          ] GC(166) Pause Young (Normal) (G1 Evacuation Pause) 225M->177M(1024M) 12,670ms
[2024-06-29T12:59:00.435-0400][gc,cpu      ] GC(166) User=0,02s Sys=0,01s Real=0,01s
[2024-06-29T13:06:45.565-0400][gc,start    ] GC(167) Pause Young (Normal) (G1 Evacuation Pause)
[2024-06-29T13:06:45.565-0400][gc,task     ] GC(167) Using 6 workers of 6 for evacuation
[2024-06-29T13:06:45.571-0400][gc,phases   ] GC(167)   Pre Evacuate Collection Set: 0,8ms
[2024-06-29T13:06:45.572-0400][gc,phases   ] GC(167)   Merge Heap Roots: 0,1ms
[2024-06-29T13:06:45.572-0400][gc,phases   ] GC(167)   Evacuate Collection Set: 4,1ms
[2024-06-29T13:06:45.572-0400][gc,phases   ] GC(167)   Post Evacuate Collection Set: 1,4ms
[2024-06-29T13:06:45.572-0400][gc,phases   ] GC(167)   Other: 0,1ms
[2024-06-29T13:06:45.572-0400][gc,heap     ] GC(167) Eden regions: 48->0(48)
[2024-06-29T13:06:45.572-0400][gc,heap     ] GC(167) Survivor regions: 3->3(7)
[2024-06-29T13:06:45.572-0400][gc,heap     ] GC(167) Old regions: 46->47
[2024-06-29T13:06:45.572-0400][gc,heap     ] GC(167) Humongous regions: 129->129
[2024-06-29T13:06:45.572-0400][gc,metaspace] GC(167) Metaspace: 43934K(44544K)->43934K(44544K) NonClass: 39066K(39424K)->39066K(39424K) Class: 4868K(5120K)->4868K(5120K)
[2024-06-29T13:06:45.572-0400][gc          ] GC(167) Pause Young (Normal) (G1 Evacuation Pause) 225M->177M(1024M) 6,684ms
[2024-06-29T13:06:45.572-0400][gc,cpu      ] GC(167) User=0,01s Sys=0,01s Real=0,01s
[2024-06-29T13:14:32.109-0400][gc,start    ] GC(168) Pause Young (Normal) (G1 Evacuation Pause)
[2024-06-29T13:14:32.109-0400][gc,task     ] GC(168) Using 6 workers of 6 for evacuation
[2024-06-29T13:14:32.133-0400][gc,mmu      ] GC(168) MMU target violated: 21,0ms (20,0ms/21,0ms)
[2024-06-29T13:14:32.133-0400][gc,phases   ] GC(168)   Pre Evacuate Collection Set: 4,1ms
[2024-06-29T13:14:32.133-0400][gc,phases   ] GC(168)   Merge Heap Roots: 0,1ms
[2024-06-29T13:14:32.133-0400][gc,phases   ] GC(168)   Evacuate Collection Set: 14,6ms
[2024-06-29T13:14:32.133-0400][gc,phases   ] GC(168)   Post Evacuate Collection Set: 4,5ms
[2024-06-29T13:14:32.133-0400][gc,phases   ] GC(168)   Other: 0,2ms
[2024-06-29T13:14:32.133-0400][gc,heap     ] GC(168) Eden regions: 48->0(47)
[2024-06-29T13:14:32.133-0400][gc,heap     ] GC(168) Survivor regions: 3->4(7)
[2024-06-29T13:14:32.133-0400][gc,heap     ] GC(168) Old regions: 47->47
[2024-06-29T13:14:32.133-0400][gc,heap     ] GC(168) Humongous regions: 129->129
[2024-06-29T13:14:32.133-0400][gc,metaspace] GC(168) Metaspace: 43934K(44544K)->43934K(44544K) NonClass: 39066K(39424K)->39066K(39424K) Class: 4868K(5120K)->4868K(5120K)
[2024-06-29T13:14:32.133-0400][gc          ] GC(168) Pause Young (Normal) (G1 Evacuation Pause) 225M->178M(1024M) 23,661ms
[2024-06-29T13:14:32.133-0400][gc,cpu      ] GC(168) User=0,04s Sys=0,01s Real=0,02s
[2024-06-29T13:22:07.035-0400][gc,start    ] GC(169) Pause Young (Normal) (G1 Evacuation Pause)
[2024-06-29T13:22:07.035-0400][gc,task     ] GC(169) Using 6 workers of 6 for evacuation
[2024-06-29T13:22:07.044-0400][gc,phases   ] GC(169)   Pre Evacuate Collection Set: 0,8ms
[2024-06-29T13:22:07.044-0400][gc,phases   ] GC(169)   Merge Heap Roots: 0,1ms
[2024-06-29T13:22:07.044-0400][gc,phases   ] GC(169)   Evacuate Collection Set: 5,1ms
[2024-06-29T13:22:07.044-0400][gc,phases   ] GC(169)   Post Evacuate Collection Set: 2,6ms
[2024-06-29T13:22:07.044-0400][gc,phases   ] GC(169)   Other: 0,1ms
[2024-06-29T13:22:07.044-0400][gc,heap     ] GC(169) Eden regions: 47->0(48)
[2024-06-29T13:22:07.044-0400][gc,heap     ] GC(169) Survivor regions: 4->3(7)
[2024-06-29T13:22:07.044-0400][gc,heap     ] GC(169) Old regions: 47->47
[2024-06-29T13:22:07.044-0400][gc,heap     ] GC(169) Humongous regions: 129->129
[2024-06-29T13:22:07.044-0400][gc,metaspace] GC(169) Metaspace: 43934K(44544K)->43934K(44544K) NonClass: 39066K(39424K)->39066K(39424K) Class: 4868K(5120K)->4868K(5120K)
[2024-06-29T13:22:07.044-0400][gc          ] GC(169) Pause Young (Normal) (G1 Evacuation Pause) 225M->178M(1024M) 9,033ms
[2024-06-29T13:22:07.044-0400][gc,cpu      ] GC(169) User=0,03s Sys=0,00s Real=0,01s
[2024-06-29T13:29:52.440-0400][gc,start    ] GC(170) Pause Young (Normal) (G1 Evacuation Pause)
[2024-06-29T13:29:52.440-0400][gc,task     ] GC(170) Using 6 workers of 6 for evacuation
[2024-06-29T13:29:52.446-0400][gc,phases   ] GC(170)   Pre Evacuate Collection Set: 0,6ms
[2024-06-29T13:29:52.446-0400][gc,phases   ] GC(170)   Merge Heap Roots: 0,2ms
[2024-06-29T13:29:52.446-0400][gc,phases   ] GC(170)   Evacuate Collection Set: 3,5ms
[2024-06-29T13:29:52.446-0400][gc,phases   ] GC(170)   Post Evacuate Collection Set: 1,0ms
[2024-06-29T13:29:52.446-0400][gc,phases   ] GC(170)   Other: 0,1ms
[2024-06-29T13:29:52.446-0400][gc,heap     ] GC(170) Eden regions: 48->0(48)
[2024-06-29T13:29:52.446-0400][gc,heap     ] GC(170) Survivor regions: 3->3(7)
[2024-06-29T13:29:52.446-0400][gc,heap     ] GC(170) Old regions: 47->47
[2024-06-29T13:29:52.446-0400][gc,heap     ] GC(170) Humongous regions: 129->129
[2024-06-29T13:29:52.446-0400][gc,metaspace] GC(170) Metaspace: 43934K(44544K)->43934K(44544K) NonClass: 39066K(39424K)->39066K(39424K) Class: 4868K(5120K)->4868K(5120K)
[2024-06-29T13:29:52.446-0400][gc          ] GC(170) Pause Young (Normal) (G1 Evacuation Pause) 226M->177M(1024M) 5,433ms
[2024-06-29T13:29:52.446-0400][gc,cpu      ] GC(170) User=0,01s Sys=0,00s Real=0,00s
[2024-06-29T13:37:38.439-0400][gc,start    ] GC(171) Pause Young (Normal) (G1 Evacuation Pause)
[2024-06-29T13:37:38.439-0400][gc,task     ] GC(171) Using 6 workers of 6 for evacuation
[2024-06-29T13:37:38.454-0400][gc,phases   ] GC(171)   Pre Evacuate Collection Set: 1,4ms
[2024-06-29T13:37:38.454-0400][gc,phases   ] GC(171)   Merge Heap Roots: 3,3ms
[2024-06-29T13:37:38.454-0400][gc,phases   ] GC(171)   Evacuate Collection Set: 6,0ms
[2024-06-29T13:37:38.454-0400][gc,phases   ] GC(171)   Post Evacuate Collection Set: 3,3ms
[2024-06-29T13:37:38.454-0400][gc,phases   ] GC(171)   Other: 0,4ms
[2024-06-29T13:37:38.454-0400][gc,heap     ] GC(171) Eden regions: 48->0(48)
[2024-06-29T13:37:38.454-0400][gc,heap     ] GC(171) Survivor regions: 3->3(7)
[2024-06-29T13:37:38.454-0400][gc,heap     ] GC(171) Old regions: 47->47
[2024-06-29T13:37:38.454-0400][gc,heap     ] GC(171) Humongous regions: 129->129
[2024-06-29T13:37:38.454-0400][gc,metaspace] GC(171) Metaspace: 43934K(44544K)->43934K(44544K) NonClass: 39066K(39424K)->39066K(39424K) Class: 4868K(5120K)->4868K(5120K)
[2024-06-29T13:37:38.454-0400][gc          ] GC(171) Pause Young (Normal) (G1 Evacuation Pause) 225M->177M(1024M) 14,587ms
[2024-06-29T13:37:38.454-0400][gc,cpu      ] GC(171) User=0,02s Sys=0,01s Real=0,01s
[2024-06-29T13:45:24.360-0400][gc,start    ] GC(172) Pause Young (Normal) (G1 Evacuation Pause)
[2024-06-29T13:45:24.360-0400][gc,task     ] GC(172) Using 6 workers of 6 for evacuation
[2024-06-29T13:45:24.366-0400][gc,phases   ] GC(172)   Pre Evacuate Collection Set: 0,7ms
[2024-06-29T13:45:24.366-0400][gc,phases   ] GC(172)   Merge Heap Roots: 0,2ms
[2024-06-29T13:45:24.366-0400][gc,phases   ] GC(172)   Evacuate Collection Set: 3,6ms
[2024-06-29T13:45:24.366-0400][gc,phases   ] GC(172)   Post Evacuate Collection Set: 1,3ms
[2024-06-29T13:45:24.366-0400][gc,phases   ] GC(172)   Other: 0,2ms
[2024-06-29T13:45:24.366-0400][gc,heap     ] GC(172) Eden regions: 48->0(77)
[2024-06-29T13:45:24.366-0400][gc,heap     ] GC(172) Survivor regions: 3->4(7)
[2024-06-29T13:45:24.366-0400][gc,heap     ] GC(172) Old regions: 47->47
[2024-06-29T13:45:24.366-0400][gc,heap     ] GC(172) Humongous regions: 129->129
[2024-06-29T13:45:24.366-0400][gc,metaspace] GC(172) Metaspace: 43934K(44544K)->43934K(44544K) NonClass: 39066K(39424K)->39066K(39424K) Class: 4868K(5120K)->4868K(5120K)
[2024-06-29T13:45:24.367-0400][gc          ] GC(172) Pause Young (Normal) (G1 Evacuation Pause) 225M->178M(1024M) 6,229ms
[2024-06-29T13:45:24.367-0400][gc,cpu      ] GC(172) User=0,02s Sys=0,00s Real=0,00s
[2024-06-29T13:57:33.617-0400][gc,start    ] GC(173) Pause Young (Normal) (G1 Evacuation Pause)
[2024-06-29T13:57:33.617-0400][gc,task     ] GC(173) Using 6 workers of 6 for evacuation
[2024-06-29T13:57:33.624-0400][gc,phases   ] GC(173)   Pre Evacuate Collection Set: 0,6ms
[2024-06-29T13:57:33.624-0400][gc,phases   ] GC(173)   Merge Heap Roots: 0,2ms
[2024-06-29T13:57:33.624-0400][gc,phases   ] GC(173)   Evacuate Collection Set: 5,1ms
[2024-06-29T13:57:33.624-0400][gc,phases   ] GC(173)   Post Evacuate Collection Set: 1,4ms
[2024-06-29T13:57:33.624-0400][gc,phases   ] GC(173)   Other: 0,1ms
[2024-06-29T13:57:33.624-0400][gc,heap     ] GC(173) Eden regions: 78->0(210)
[2024-06-29T13:57:33.624-0400][gc,heap     ] GC(173) Survivor regions: 4->3(11)
[2024-06-29T13:57:33.624-0400][gc,heap     ] GC(173) Old regions: 47->47
[2024-06-29T13:57:33.624-0400][gc,heap     ] GC(173) Humongous regions: 129->129
[2024-06-29T13:57:33.624-0400][gc,metaspace] GC(173) Metaspace: 43934K(44544K)->43934K(44544K) NonClass: 39066K(39424K)->39066K(39424K) Class: 4868K(5120K)->4868K(5120K)
[2024-06-29T13:57:33.624-0400][gc          ] GC(173) Pause Young (Normal) (G1 Evacuation Pause) 256M->177M(1024M) 7,521ms
[2024-06-29T13:57:33.624-0400][gc,cpu      ] GC(173) User=0,02s Sys=0,00s Real=0,01s
[2024-06-29T14:32:04.225-0400][gc,start    ] GC(174) Pause Young (Normal) (G1 Evacuation Pause)
[2024-06-29T14:32:04.225-0400][gc,task     ] GC(174) Using 6 workers of 6 for evacuation
[2024-06-29T14:32:04.240-0400][gc,phases   ] GC(174)   Pre Evacuate Collection Set: 0,8ms
[2024-06-29T14:32:04.240-0400][gc,phases   ] GC(174)   Merge Heap Roots: 0,4ms
[2024-06-29T14:32:04.240-0400][gc,phases   ] GC(174)   Evacuate Collection Set: 12,2ms
[2024-06-29T14:32:04.240-0400][gc,phases   ] GC(174)   Post Evacuate Collection Set: 1,4ms
[2024-06-29T14:32:04.240-0400][gc,phases   ] GC(174)   Other: 0,1ms
[2024-06-29T14:32:04.240-0400][gc,heap     ] GC(174) Eden regions: 212->0(341)
[2024-06-29T14:32:04.240-0400][gc,heap     ] GC(174) Survivor regions: 3->3(27)
[2024-06-29T14:32:04.240-0400][gc,heap     ] GC(174) Old regions: 47->47
[2024-06-29T14:32:04.240-0400][gc,heap     ] GC(174) Humongous regions: 129->129
[2024-06-29T14:32:04.240-0400][gc,metaspace] GC(174) Metaspace: 43934K(44544K)->43934K(44544K) NonClass: 39066K(39424K)->39066K(39424K) Class: 4868K(5120K)->4868K(5120K)
[2024-06-29T14:32:04.240-0400][gc          ] GC(174) Pause Young (Normal) (G1 Evacuation Pause) 389M->177M(1024M) 15,052ms
[2024-06-29T14:32:04.240-0400][gc,cpu      ] GC(174) User=0,03s Sys=0,01s Real=0,02s
[2024-06-29T15:27:39.898-0400][gc,start    ] GC(175) Pause Young (Normal) (G1 Evacuation Pause)
[2024-06-29T15:27:39.898-0400][gc,task     ] GC(175) Using 6 workers of 6 for evacuation
[2024-06-29T15:27:40.039-0400][gc,mmu      ] GC(175) MMU target violated: 21,0ms (20,0ms/21,0ms)
[2024-06-29T15:27:40.039-0400][gc,phases   ] GC(175)   Pre Evacuate Collection Set: 0,8ms
[2024-06-29T15:27:40.039-0400][gc,phases   ] GC(175)   Merge Heap Roots: 0,2ms
[2024-06-29T15:27:40.039-0400][gc,phases   ] GC(175)   Evacuate Collection Set: 137,9ms
[2024-06-29T15:27:40.039-0400][gc,phases   ] GC(175)   Post Evacuate Collection Set: 1,7ms
[2024-06-29T15:27:40.039-0400][gc,phases   ] GC(175)   Other: 0,1ms
[2024-06-29T15:27:40.039-0400][gc,heap     ] GC(175) Eden regions: 343->0(48)
[2024-06-29T15:27:40.039-0400][gc,heap     ] GC(175) Survivor regions: 3->3(44)
[2024-06-29T15:27:40.039-0400][gc,heap     ] GC(175) Old regions: 47->47
[2024-06-29T15:27:40.039-0400][gc,heap     ] GC(175) Humongous regions: 129->129
[2024-06-29T15:27:40.039-0400][gc,metaspace] GC(175) Metaspace: 43934K(44544K)->43934K(44544K) NonClass: 39066K(39424K)->39066K(39424K) Class: 4868K(5120K)->4868K(5120K)
[2024-06-29T15:27:40.039-0400][gc          ] GC(175) Pause Young (Normal) (G1 Evacuation Pause) 520M->177M(1024M) 140,832ms
[2024-06-29T15:27:40.039-0400][gc,cpu      ] GC(175) User=0,02s Sys=0,20s Real=0,14s
[2024-06-29T15:35:11.047-0400][gc,start    ] GC(176) Pause Young (Normal) (G1 Evacuation Pause)
[2024-06-29T15:35:11.047-0400][gc,task     ] GC(176) Using 6 workers of 6 for evacuation
[2024-06-29T15:35:11.056-0400][gc,phases   ] GC(176)   Pre Evacuate Collection Set: 1,0ms
[2024-06-29T15:35:11.056-0400][gc,phases   ] GC(176)   Merge Heap Roots: 0,3ms
[2024-06-29T15:35:11.056-0400][gc,phases   ] GC(176)   Evacuate Collection Set: 6,7ms
[2024-06-29T15:35:11.056-0400][gc,phases   ] GC(176)   Post Evacuate Collection Set: 1,3ms
[2024-06-29T15:35:11.056-0400][gc,phases   ] GC(176)   Other: 0,1ms
[2024-06-29T15:35:11.056-0400][gc,heap     ] GC(176) Eden regions: 48->0(48)
[2024-06-29T15:35:11.056-0400][gc,heap     ] GC(176) Survivor regions: 3->3(7)
[2024-06-29T15:35:11.056-0400][gc,heap     ] GC(176) Old regions: 47->47
[2024-06-29T15:35:11.056-0400][gc,heap     ] GC(176) Humongous regions: 129->129
[2024-06-29T15:35:11.056-0400][gc,metaspace] GC(176) Metaspace: 43934K(44544K)->43934K(44544K) NonClass: 39066K(39424K)->39066K(39424K) Class: 4868K(5120K)->4868K(5120K)
[2024-06-29T15:35:11.056-0400][gc          ] GC(176) Pause Young (Normal) (G1 Evacuation Pause) 225M->177M(1024M) 9,613ms
[2024-06-29T15:35:11.056-0400][gc,cpu      ] GC(176) User=0,03s Sys=0,00s Real=0,01s
[2024-06-29T15:42:55.533-0400][gc,start    ] GC(177) Pause Young (Normal) (G1 Evacuation Pause)
[2024-06-29T15:42:55.533-0400][gc,task     ] GC(177) Using 6 workers of 6 for evacuation
[2024-06-29T15:42:55.549-0400][gc,phases   ] GC(177)   Pre Evacuate Collection Set: 0,8ms
[2024-06-29T15:42:55.549-0400][gc,phases   ] GC(177)   Merge Heap Roots: 2,5ms
[2024-06-29T15:42:55.549-0400][gc,phases   ] GC(177)   Evacuate Collection Set: 6,3ms
[2024-06-29T15:42:55.549-0400][gc,phases   ] GC(177)   Post Evacuate Collection Set: 5,9ms
[2024-06-29T15:42:55.549-0400][gc,phases   ] GC(177)   Other: 0,1ms
[2024-06-29T15:42:55.549-0400][gc,heap     ] GC(177) Eden regions: 48->0(47)
[2024-06-29T15:42:55.549-0400][gc,heap     ] GC(177) Survivor regions: 3->4(7)
[2024-06-29T15:42:55.549-0400][gc,heap     ] GC(177) Old regions: 47->47
[2024-06-29T15:42:55.549-0400][gc,heap     ] GC(177) Humongous regions: 129->129
[2024-06-29T15:42:55.549-0400][gc,metaspace] GC(177) Metaspace: 43934K(44544K)->43934K(44544K) NonClass: 39066K(39424K)->39066K(39424K) Class: 4868K(5120K)->4868K(5120K)
[2024-06-29T15:42:55.549-0400][gc          ] GC(177) Pause Young (Normal) (G1 Evacuation Pause) 225M->178M(1024M) 15,909ms
[2024-06-29T15:42:55.549-0400][gc,cpu      ] GC(177) User=0,01s Sys=0,03s Real=0,02s
[2024-06-29T15:50:01.869-0400][gc,start    ] GC(178) Pause Young (Normal) (G1 Evacuation Pause)
[2024-06-29T15:50:01.870-0400][gc,task     ] GC(178) Using 6 workers of 6 for evacuation
[2024-06-29T15:50:01.898-0400][gc,mmu      ] GC(178) MMU target violated: 21,0ms (20,0ms/21,0ms)
[2024-06-29T15:50:01.898-0400][gc,phases   ] GC(178)   Pre Evacuate Collection Set: 2,1ms
[2024-06-29T15:50:01.898-0400][gc,phases   ] GC(178)   Merge Heap Roots: 1,8ms
[2024-06-29T15:50:01.898-0400][gc,phases   ] GC(178)   Evacuate Collection Set: 22,4ms
[2024-06-29T15:50:01.898-0400][gc,phases   ] GC(178)   Post Evacuate Collection Set: 1,9ms
[2024-06-29T15:50:01.898-0400][gc,phases   ] GC(178)   Other: 0,5ms
[2024-06-29T15:50:01.898-0400][gc,heap     ] GC(178) Eden regions: 47->0(48)
[2024-06-29T15:50:01.898-0400][gc,heap     ] GC(178) Survivor regions: 4->3(7)
[2024-06-29T15:50:01.898-0400][gc,heap     ] GC(178) Old regions: 47->47
[2024-06-29T15:50:01.898-0400][gc,heap     ] GC(178) Humongous regions: 129->129
[2024-06-29T15:50:01.898-0400][gc,metaspace] GC(178) Metaspace: 43934K(44544K)->43934K(44544K) NonClass: 39066K(39424K)->39066K(39424K) Class: 4868K(5120K)->4868K(5120K)
[2024-06-29T15:50:01.898-0400][gc          ] GC(178) Pause Young (Normal) (G1 Evacuation Pause) 225M->178M(1024M) 28,965ms
[2024-06-29T15:50:01.898-0400][gc,cpu      ] GC(178) User=0,07s Sys=0,00s Real=0,03s
[2024-06-29T15:57:47.054-0400][gc,start    ] GC(179) Pause Young (Normal) (G1 Evacuation Pause)
[2024-06-29T15:57:47.054-0400][gc,task     ] GC(179) Using 6 workers of 6 for evacuation
[2024-06-29T15:57:47.071-0400][gc,phases   ] GC(179)   Pre Evacuate Collection Set: 1,0ms
[2024-06-29T15:57:47.071-0400][gc,phases   ] GC(179)   Merge Heap Roots: 0,2ms
[2024-06-29T15:57:47.071-0400][gc,phases   ] GC(179)   Evacuate Collection Set: 7,6ms
[2024-06-29T15:57:47.071-0400][gc,phases   ] GC(179)   Post Evacuate Collection Set: 7,4ms
[2024-06-29T15:57:47.071-0400][gc,phases   ] GC(179)   Other: 0,1ms
[2024-06-29T15:57:47.071-0400][gc,heap     ] GC(179) Eden regions: 48->0(48)
[2024-06-29T15:57:47.071-0400][gc,heap     ] GC(179) Survivor regions: 3->3(7)
[2024-06-29T15:57:47.071-0400][gc,heap     ] GC(179) Old regions: 47->47
[2024-06-29T15:57:47.071-0400][gc,heap     ] GC(179) Humongous regions: 129->129
[2024-06-29T15:57:47.071-0400][gc,metaspace] GC(179) Metaspace: 43934K(44544K)->43934K(44544K) NonClass: 39066K(39424K)->39066K(39424K) Class: 4868K(5120K)->4868K(5120K)
[2024-06-29T15:57:47.071-0400][gc          ] GC(179) Pause Young (Normal) (G1 Evacuation Pause) 226M->177M(1024M) 16,385ms
[2024-06-29T15:57:47.071-0400][gc,cpu      ] GC(179) User=0,02s Sys=0,01s Real=0,02s
[2024-07-01T09:39:12.533-0400][gc,start    ] GC(180) Pause Young (Normal) (G1 Evacuation Pause)
[2024-07-01T09:39:12.535-0400][gc,task     ] GC(180) Using 6 workers of 6 for evacuation
[2024-07-01T09:39:12.550-0400][gc,phases   ] GC(180)   Pre Evacuate Collection Set: 2,9ms
[2024-07-01T09:39:12.550-0400][gc,phases   ] GC(180)   Merge Heap Roots: 0,4ms
[2024-07-01T09:39:12.550-0400][gc,phases   ] GC(180)   Evacuate Collection Set: 10,0ms
[2024-07-01T09:39:12.550-0400][gc,phases   ] GC(180)   Post Evacuate Collection Set: 1,4ms
[2024-07-01T09:39:12.550-0400][gc,phases   ] GC(180)   Other: 0,2ms
[2024-07-01T09:39:12.550-0400][gc,heap     ] GC(180) Eden regions: 48->0(48)
[2024-07-01T09:39:12.550-0400][gc,heap     ] GC(180) Survivor regions: 3->3(7)
[2024-07-01T09:39:12.550-0400][gc,heap     ] GC(180) Old regions: 47->47
[2024-07-01T09:39:12.550-0400][gc,heap     ] GC(180) Humongous regions: 129->129
[2024-07-01T09:39:12.550-0400][gc,metaspace] GC(180) Metaspace: 43934K(44544K)->43934K(44544K) NonClass: 39066K(39424K)->39066K(39424K) Class: 4868K(5120K)->4868K(5120K)
[2024-07-01T09:39:12.550-0400][gc          ] GC(180) Pause Young (Normal) (G1 Evacuation Pause) 225M->178M(1024M) 17,090ms
[2024-07-01T09:39:12.550-0400][gc,cpu      ] GC(180) User=0,02s Sys=0,01s Real=0,02s
[2024-07-01T09:42:19.122-0400][gc,start    ] GC(181) Pause Young (Normal) (G1 Evacuation Pause)
[2024-07-01T09:42:19.122-0400][gc,task     ] GC(181) Using 6 workers of 6 for evacuation
[2024-07-01T09:42:19.154-0400][gc,mmu      ] GC(181) MMU target violated: 21,0ms (20,0ms/21,0ms)
[2024-07-01T09:42:19.154-0400][gc,phases   ] GC(181)   Pre Evacuate Collection Set: 0,9ms
[2024-07-01T09:42:19.154-0400][gc,phases   ] GC(181)   Merge Heap Roots: 0,4ms
[2024-07-01T09:42:19.154-0400][gc,phases   ] GC(181)   Evacuate Collection Set: 27,8ms
[2024-07-01T09:42:19.154-0400][gc,phases   ] GC(181)   Post Evacuate Collection Set: 3,5ms
[2024-07-01T09:42:19.155-0400][gc,phases   ] GC(181)   Other: 0,2ms
[2024-07-01T09:42:19.155-0400][gc,heap     ] GC(181) Eden regions: 48->0(47)
[2024-07-01T09:42:19.155-0400][gc,heap     ] GC(181) Survivor regions: 3->4(7)
[2024-07-01T09:42:19.155-0400][gc,heap     ] GC(181) Old regions: 47->47
[2024-07-01T09:42:19.155-0400][gc,heap     ] GC(181) Humongous regions: 129->129
[2024-07-01T09:42:19.155-0400][gc,metaspace] GC(181) Metaspace: 43935K(44544K)->43935K(44544K) NonClass: 39067K(39424K)->39067K(39424K) Class: 4868K(5120K)->4868K(5120K)
[2024-07-01T09:42:19.155-0400][gc          ] GC(181) Pause Young (Normal) (G1 Evacuation Pause) 226M->178M(1024M) 33,013ms
[2024-07-01T09:42:19.155-0400][gc,cpu      ] GC(181) User=0,04s Sys=0,01s Real=0,04s
[2024-07-01T09:45:38.034-0400][gc,start    ] GC(182) Pause Young (Normal) (G1 Evacuation Pause)
[2024-07-01T09:45:38.034-0400][gc,task     ] GC(182) Using 6 workers of 6 for evacuation
[2024-07-01T09:45:38.048-0400][gc,phases   ] GC(182)   Pre Evacuate Collection Set: 0,7ms
[2024-07-01T09:45:38.048-0400][gc,phases   ] GC(182)   Merge Heap Roots: 0,6ms
[2024-07-01T09:45:38.048-0400][gc,phases   ] GC(182)   Evacuate Collection Set: 11,6ms
[2024-07-01T09:45:38.048-0400][gc,phases   ] GC(182)   Post Evacuate Collection Set: 1,0ms
[2024-07-01T09:45:38.048-0400][gc,phases   ] GC(182)   Other: 0,1ms
[2024-07-01T09:45:38.048-0400][gc,heap     ] GC(182) Eden regions: 47->0(47)
[2024-07-01T09:45:38.048-0400][gc,heap     ] GC(182) Survivor regions: 4->4(7)
[2024-07-01T09:45:38.048-0400][gc,heap     ] GC(182) Old regions: 47->47
[2024-07-01T09:45:38.048-0400][gc,heap     ] GC(182) Humongous regions: 129->129
[2024-07-01T09:45:38.048-0400][gc,metaspace] GC(182) Metaspace: 43935K(44544K)->43935K(44544K) NonClass: 39067K(39424K)->39067K(39424K) Class: 4868K(5120K)->4868K(5120K)
[2024-07-01T09:45:38.048-0400][gc          ] GC(182) Pause Young (Normal) (G1 Evacuation Pause) 225M->178M(1024M) 14,393ms
[2024-07-01T09:45:38.048-0400][gc,cpu      ] GC(182) User=0,01s Sys=0,01s Real=0,01s
[2024-07-01T09:48:27.249-0400][gc,start    ] GC(183) Pause Young (Normal) (G1 Evacuation Pause)
[2024-07-01T09:48:27.251-0400][gc,task     ] GC(183) Using 6 workers of 6 for evacuation
[2024-07-01T09:48:27.273-0400][gc,mmu      ] GC(183) MMU target violated: 21,0ms (20,0ms/21,0ms)
[2024-07-01T09:48:27.273-0400][gc,phases   ] GC(183)   Pre Evacuate Collection Set: 0,3ms
[2024-07-01T09:48:27.273-0400][gc,phases   ] GC(183)   Merge Heap Roots: 0,1ms
[2024-07-01T09:48:27.273-0400][gc,phases   ] GC(183)   Evacuate Collection Set: 10,4ms
[2024-07-01T09:48:27.273-0400][gc,phases   ] GC(183)   Post Evacuate Collection Set: 11,5ms
[2024-07-01T09:48:27.273-0400][gc,phases   ] GC(183)   Other: 0,1ms
[2024-07-01T09:48:27.273-0400][gc,heap     ] GC(183) Eden regions: 47->0(48)
[2024-07-01T09:48:27.273-0400][gc,heap     ] GC(183) Survivor regions: 4->3(7)
[2024-07-01T09:48:27.273-0400][gc,heap     ] GC(183) Old regions: 47->47
[2024-07-01T09:48:27.273-0400][gc,heap     ] GC(183) Humongous regions: 129->129
[2024-07-01T09:48:27.273-0400][gc,metaspace] GC(183) Metaspace: 43935K(44544K)->43935K(44544K) NonClass: 39067K(39424K)->39067K(39424K) Class: 4868K(5120K)->4868K(5120K)
[2024-07-01T09:48:27.273-0400][gc          ] GC(183) Pause Young (Normal) (G1 Evacuation Pause) 225M->178M(1024M) 23,809ms
[2024-07-01T09:48:27.273-0400][gc,cpu      ] GC(183) User=0,01s Sys=0,03s Real=0,02s
[2024-07-01T09:53:50.038-0400][gc,start    ] GC(184) Pause Young (Normal) (G1 Evacuation Pause)
[2024-07-01T09:53:50.038-0400][gc,task     ] GC(184) Using 6 workers of 6 for evacuation
[2024-07-01T09:53:50.045-0400][gc,phases   ] GC(184)   Pre Evacuate Collection Set: 0,7ms
[2024-07-01T09:53:50.045-0400][gc,phases   ] GC(184)   Merge Heap Roots: 0,2ms
[2024-07-01T09:53:50.045-0400][gc,phases   ] GC(184)   Evacuate Collection Set: 4,0ms
[2024-07-01T09:53:50.045-0400][gc,phases   ] GC(184)   Post Evacuate Collection Set: 1,1ms
[2024-07-01T09:53:50.045-0400][gc,phases   ] GC(184)   Other: 0,1ms
[2024-07-01T09:53:50.045-0400][gc,heap     ] GC(184) Eden regions: 48->0(47)
[2024-07-01T09:53:50.045-0400][gc,heap     ] GC(184) Survivor regions: 3->4(7)
[2024-07-01T09:53:50.045-0400][gc,heap     ] GC(184) Old regions: 47->47
[2024-07-01T09:53:50.045-0400][gc,heap     ] GC(184) Humongous regions: 129->129
[2024-07-01T09:53:50.045-0400][gc,metaspace] GC(184) Metaspace: 43935K(44544K)->43935K(44544K) NonClass: 39067K(39424K)->39067K(39424K) Class: 4868K(5120K)->4868K(5120K)
[2024-07-01T09:53:50.045-0400][gc          ] GC(184) Pause Young (Normal) (G1 Evacuation Pause) 226M->178M(1024M) 6,570ms
[2024-07-01T09:53:50.045-0400][gc,cpu      ] GC(184) User=0,01s Sys=0,01s Real=0,01s
[2024-07-01T10:01:50.870-0400][gc,start    ] GC(185) Pause Young (Normal) (G1 Evacuation Pause)
[2024-07-01T10:01:50.870-0400][gc,task     ] GC(185) Using 6 workers of 6 for evacuation
[2024-07-01T10:01:50.879-0400][gc,phases   ] GC(185)   Pre Evacuate Collection Set: 2,5ms
[2024-07-01T10:01:50.879-0400][gc,phases   ] GC(185)   Merge Heap Roots: 0,5ms
[2024-07-01T10:01:50.879-0400][gc,phases   ] GC(185)   Evacuate Collection Set: 5,1ms
[2024-07-01T10:01:50.879-0400][gc,phases   ] GC(185)   Post Evacuate Collection Set: 1,5ms
[2024-07-01T10:01:50.879-0400][gc,phases   ] GC(185)   Other: 0,1ms
[2024-07-01T10:01:50.879-0400][gc,heap     ] GC(185) Eden regions: 47->0(47)
[2024-07-01T10:01:50.879-0400][gc,heap     ] GC(185) Survivor regions: 4->4(7)
[2024-07-01T10:01:50.879-0400][gc,heap     ] GC(185) Old regions: 47->47
[2024-07-01T10:01:50.879-0400][gc,heap     ] GC(185) Humongous regions: 129->129
[2024-07-01T10:01:50.879-0400][gc,metaspace] GC(185) Metaspace: 43935K(44544K)->43935K(44544K) NonClass: 39067K(39424K)->39067K(39424K) Class: 4868K(5120K)->4868K(5120K)
[2024-07-01T10:01:50.879-0400][gc          ] GC(185) Pause Young (Normal) (G1 Evacuation Pause) 225M->178M(1024M) 9,893ms
[2024-07-01T10:01:50.880-0400][gc,cpu      ] GC(185) User=0,02s Sys=0,01s Real=0,01s
[2024-07-01T10:09:54.547-0400][gc,start    ] GC(186) Pause Young (Normal) (G1 Evacuation Pause)
[2024-07-01T10:09:54.548-0400][gc,task     ] GC(186) Using 6 workers of 6 for evacuation
[2024-07-01T10:09:54.555-0400][gc,phases   ] GC(186)   Pre Evacuate Collection Set: 2,5ms
[2024-07-01T10:09:54.555-0400][gc,phases   ] GC(186)   Merge Heap Roots: 0,2ms
[2024-07-01T10:09:54.555-0400][gc,phases   ] GC(186)   Evacuate Collection Set: 2,5ms
[2024-07-01T10:09:54.555-0400][gc,phases   ] GC(186)   Post Evacuate Collection Set: 1,0ms
[2024-07-01T10:09:54.555-0400][gc,phases   ] GC(186)   Other: 0,1ms
[2024-07-01T10:09:54.555-0400][gc,heap     ] GC(186) Eden regions: 47->0(259)
[2024-07-01T10:09:54.555-0400][gc,heap     ] GC(186) Survivor regions: 4->3(7)
[2024-07-01T10:09:54.555-0400][gc,heap     ] GC(186) Old regions: 47->47
[2024-07-01T10:09:54.555-0400][gc,heap     ] GC(186) Humongous regions: 129->129
[2024-07-01T10:09:54.555-0400][gc,metaspace] GC(186) Metaspace: 43935K(44544K)->43935K(44544K) NonClass: 39067K(39424K)->39067K(39424K) Class: 4868K(5120K)->4868K(5120K)
[2024-07-01T10:09:54.555-0400][gc          ] GC(186) Pause Young (Normal) (G1 Evacuation Pause) 225M->178M(1024M) 7,685ms
[2024-07-01T10:09:54.555-0400][gc,cpu      ] GC(186) User=0,00s Sys=0,01s Real=0,01s
[2024-07-01T10:26:50.541-0400][gc,start    ] GC(187) Pause Young (Normal) (G1 Evacuation Pause)
[2024-07-01T10:26:50.541-0400][gc,task     ] GC(187) Using 6 workers of 6 for evacuation
[2024-07-01T10:26:50.592-0400][gc,mmu      ] GC(187) MMU target violated: 21,0ms (20,0ms/21,0ms)
[2024-07-01T10:26:50.592-0400][gc,phases   ] GC(187)   Pre Evacuate Collection Set: 0,5ms
[2024-07-01T10:26:50.592-0400][gc,phases   ] GC(187)   Merge Heap Roots: 3,7ms
[2024-07-01T10:26:50.592-0400][gc,phases   ] GC(187)   Evacuate Collection Set: 32,3ms
[2024-07-01T10:26:50.592-0400][gc,phases   ] GC(187)   Post Evacuate Collection Set: 12,1ms
[2024-07-01T10:26:50.592-0400][gc,phases   ] GC(187)   Other: 2,4ms
[2024-07-01T10:26:50.592-0400][gc,heap     ] GC(187) Eden regions: 259->0(48)
[2024-07-01T10:26:50.592-0400][gc,heap     ] GC(187) Survivor regions: 3->3(33)
[2024-07-01T10:26:50.592-0400][gc,heap     ] GC(187) Old regions: 47->47
[2024-07-01T10:26:50.592-0400][gc,heap     ] GC(187) Humongous regions: 129->129
[2024-07-01T10:26:50.592-0400][gc,metaspace] GC(187) Metaspace: 43935K(44544K)->43935K(44544K) NonClass: 39067K(39424K)->39067K(39424K) Class: 4868K(5120K)->4868K(5120K)
[2024-07-01T10:26:50.592-0400][gc          ] GC(187) Pause Young (Normal) (G1 Evacuation Pause) 437M->177M(1024M) 51,157ms
[2024-07-01T10:26:50.592-0400][gc,cpu      ] GC(187) User=0,04s Sys=0,03s Real=0,05s
[2024-07-01T10:31:17.386-0400][gc,start    ] GC(188) Pause Young (Normal) (G1 Evacuation Pause)
[2024-07-01T10:31:17.386-0400][gc,task     ] GC(188) Using 6 workers of 6 for evacuation
[2024-07-01T10:31:17.395-0400][gc,phases   ] GC(188)   Pre Evacuate Collection Set: 2,7ms
[2024-07-01T10:31:17.395-0400][gc,phases   ] GC(188)   Merge Heap Roots: 0,3ms
[2024-07-01T10:31:17.395-0400][gc,phases   ] GC(188)   Evacuate Collection Set: 4,8ms
[2024-07-01T10:31:17.395-0400][gc,phases   ] GC(188)   Post Evacuate Collection Set: 0,9ms
[2024-07-01T10:31:17.395-0400][gc,phases   ] GC(188)   Other: 0,1ms
[2024-07-01T10:31:17.395-0400][gc,heap     ] GC(188) Eden regions: 48->0(48)
[2024-07-01T10:31:17.395-0400][gc,heap     ] GC(188) Survivor regions: 3->3(7)
[2024-07-01T10:31:17.395-0400][gc,heap     ] GC(188) Old regions: 47->47
[2024-07-01T10:31:17.395-0400][gc,heap     ] GC(188) Humongous regions: 129->129
[2024-07-01T10:31:17.395-0400][gc,metaspace] GC(188) Metaspace: 43935K(44544K)->43935K(44544K) NonClass: 39067K(39424K)->39067K(39424K) Class: 4868K(5120K)->4868K(5120K)
[2024-07-01T10:31:17.395-0400][gc          ] GC(188) Pause Young (Normal) (G1 Evacuation Pause) 225M->178M(1024M) 8,910ms
[2024-07-01T10:31:17.395-0400][gc,cpu      ] GC(188) User=0,00s Sys=0,02s Real=0,01s
[2024-07-01T10:39:00.609-0400][gc,start    ] GC(189) Pause Young (Normal) (G1 Evacuation Pause)
[2024-07-01T10:39:00.609-0400][gc,task     ] GC(189) Using 6 workers of 6 for evacuation
[2024-07-01T10:39:00.616-0400][gc,phases   ] GC(189)   Pre Evacuate Collection Set: 0,7ms
[2024-07-01T10:39:00.616-0400][gc,phases   ] GC(189)   Merge Heap Roots: 0,8ms
[2024-07-01T10:39:00.616-0400][gc,phases   ] GC(189)   Evacuate Collection Set: 4,2ms
[2024-07-01T10:39:00.616-0400][gc,phases   ] GC(189)   Post Evacuate Collection Set: 1,2ms
[2024-07-01T10:39:00.616-0400][gc,phases   ] GC(189)   Other: 0,1ms
[2024-07-01T10:39:00.616-0400][gc,heap     ] GC(189) Eden regions: 48->0(46)
[2024-07-01T10:39:00.616-0400][gc,heap     ] GC(189) Survivor regions: 3->5(7)
[2024-07-01T10:39:00.616-0400][gc,heap     ] GC(189) Old regions: 47->47
[2024-07-01T10:39:00.616-0400][gc,heap     ] GC(189) Humongous regions: 129->129
[2024-07-01T10:39:00.616-0400][gc,metaspace] GC(189) Metaspace: 43935K(44544K)->43935K(44544K) NonClass: 39067K(39424K)->39067K(39424K) Class: 4868K(5120K)->4868K(5120K)
[2024-07-01T10:39:00.616-0400][gc          ] GC(189) Pause Young (Normal) (G1 Evacuation Pause) 226M->179M(1024M) 7,195ms
[2024-07-01T10:39:00.616-0400][gc,cpu      ] GC(189) User=0,02s Sys=0,00s Real=0,01s
[2024-07-01T10:45:55.043-0400][gc,start    ] GC(190) Pause Young (Normal) (G1 Evacuation Pause)
[2024-07-01T10:45:55.043-0400][gc,task     ] GC(190) Using 6 workers of 6 for evacuation
[2024-07-01T10:45:55.052-0400][gc,phases   ] GC(190)   Pre Evacuate Collection Set: 1,1ms
[2024-07-01T10:45:55.052-0400][gc,phases   ] GC(190)   Merge Heap Roots: -0,2ms
[2024-07-01T10:45:55.052-0400][gc,phases   ] GC(190)   Evacuate Collection Set: 5,8ms
[2024-07-01T10:45:55.052-0400][gc,phases   ] GC(190)   Post Evacuate Collection Set: 2,8ms
[2024-07-01T10:45:55.052-0400][gc,phases   ] GC(190)   Other: 0,1ms
[2024-07-01T10:45:55.052-0400][gc,heap     ] GC(190) Eden regions: 46->0(47)
[2024-07-01T10:45:55.052-0400][gc,heap     ] GC(190) Survivor regions: 5->4(7)
[2024-07-01T10:45:55.052-0400][gc,heap     ] GC(190) Old regions: 47->47
[2024-07-01T10:45:55.052-0400][gc,heap     ] GC(190) Humongous regions: 129->129
[2024-07-01T10:45:55.052-0400][gc,metaspace] GC(190) Metaspace: 43967K(44672K)->43967K(44672K) NonClass: 39090K(39488K)->39090K(39488K) Class: 4877K(5184K)->4877K(5184K)
[2024-07-01T10:45:55.052-0400][gc          ] GC(190) Pause Young (Normal) (G1 Evacuation Pause) 225M->178M(1024M) 9,739ms
[2024-07-01T10:45:55.052-0400][gc,cpu      ] GC(190) User=0,02s Sys=0,00s Real=0,01s
[2024-07-01T10:52:28.076-0400][gc,start    ] GC(191) Pause Young (Normal) (G1 Evacuation Pause)
[2024-07-01T10:52:28.076-0400][gc,task     ] GC(191) Using 6 workers of 6 for evacuation
[2024-07-01T10:52:28.084-0400][gc,phases   ] GC(191)   Pre Evacuate Collection Set: 1,9ms
[2024-07-01T10:52:28.084-0400][gc,phases   ] GC(191)   Merge Heap Roots: 0,2ms
[2024-07-01T10:52:28.084-0400][gc,phases   ] GC(191)   Evacuate Collection Set: 5,5ms
[2024-07-01T10:52:28.084-0400][gc,phases   ] GC(191)   Post Evacuate Collection Set: 1,2ms
[2024-07-01T10:52:28.084-0400][gc,phases   ] GC(191)   Other: 0,1ms
[2024-07-01T10:52:28.084-0400][gc,heap     ] GC(191) Eden regions: 47->0(116)
[2024-07-01T10:52:28.084-0400][gc,heap     ] GC(191) Survivor regions: 4->3(7)
[2024-07-01T10:52:28.085-0400][gc,heap     ] GC(191) Old regions: 47->47
[2024-07-01T10:52:28.085-0400][gc,heap     ] GC(191) Humongous regions: 129->129
[2024-07-01T10:52:28.085-0400][gc,metaspace] GC(191) Metaspace: 43972K(44672K)->43972K(44672K) NonClass: 39095K(39488K)->39095K(39488K) Class: 4877K(5184K)->4877K(5184K)
[2024-07-01T10:52:28.085-0400][gc          ] GC(191) Pause Young (Normal) (G1 Evacuation Pause) 225M->178M(1024M) 8,985ms
[2024-07-01T10:52:28.085-0400][gc,cpu      ] GC(191) User=0,01s Sys=0,00s Real=0,01s
[2024-07-01T11:12:24.301-0400][gc,start    ] GC(192) Pause Young (Normal) (G1 Evacuation Pause)
[2024-07-01T11:12:24.301-0400][gc,task     ] GC(192) Using 6 workers of 6 for evacuation
[2024-07-01T11:12:24.311-0400][gc,phases   ] GC(192)   Pre Evacuate Collection Set: 0,5ms
[2024-07-01T11:12:24.311-0400][gc,phases   ] GC(192)   Merge Heap Roots: 0,0ms
[2024-07-01T11:12:24.311-0400][gc,phases   ] GC(192)   Evacuate Collection Set: 7,5ms
[2024-07-01T11:12:24.311-0400][gc,phases   ] GC(192)   Post Evacuate Collection Set: 1,4ms
[2024-07-01T11:12:24.311-0400][gc,phases   ] GC(192)   Other: 0,1ms
[2024-07-01T11:12:24.311-0400][gc,heap     ] GC(192) Eden regions: 126->0(218)
[2024-07-01T11:12:24.311-0400][gc,heap     ] GC(192) Survivor regions: 3->4(17)
[2024-07-01T11:12:24.311-0400][gc,heap     ] GC(192) Old regions: 47->47
[2024-07-01T11:12:24.311-0400][gc,heap     ] GC(192) Humongous regions: 129->129
[2024-07-01T11:12:24.311-0400][gc,metaspace] GC(192) Metaspace: 43972K(44672K)->43972K(44672K) NonClass: 39095K(39488K)->39095K(39488K) Class: 4877K(5184K)->4877K(5184K)
[2024-07-01T11:12:24.311-0400][gc          ] GC(192) Pause Young (Normal) (G1 Evacuation Pause) 304M->178M(1024M) 9,712ms
[2024-07-01T11:12:24.311-0400][gc,cpu      ] GC(192) User=0,01s Sys=0,00s Real=0,01s
[2024-07-01T11:48:44.097-0400][gc,start    ] GC(193) Pause Young (Normal) (G1 Evacuation Pause)
[2024-07-01T11:48:44.097-0400][gc,task     ] GC(193) Using 6 workers of 6 for evacuation
[2024-07-01T11:48:44.109-0400][gc,phases   ] GC(193)   Pre Evacuate Collection Set: 1,3ms
[2024-07-01T11:48:44.109-0400][gc,phases   ] GC(193)   Merge Heap Roots: 0,4ms
[2024-07-01T11:48:44.109-0400][gc,phases   ] GC(193)   Evacuate Collection Set: 7,4ms
[2024-07-01T11:48:44.109-0400][gc,phases   ] GC(193)   Post Evacuate Collection Set: 2,1ms
[2024-07-01T11:48:44.109-0400][gc,phases   ] GC(193)   Other: 0,3ms
[2024-07-01T11:48:44.109-0400][gc,heap     ] GC(193) Eden regions: 229->0(383)
[2024-07-01T11:48:44.109-0400][gc,heap     ] GC(193) Survivor regions: 4->3(30)
[2024-07-01T11:48:44.109-0400][gc,heap     ] GC(193) Old regions: 47->47
[2024-07-01T11:48:44.109-0400][gc,heap     ] GC(193) Humongous regions: 129->129
[2024-07-01T11:48:44.109-0400][gc,metaspace] GC(193) Metaspace: 43973K(44672K)->43973K(44672K) NonClass: 39096K(39488K)->39096K(39488K) Class: 4877K(5184K)->4877K(5184K)
[2024-07-01T11:48:44.109-0400][gc          ] GC(193) Pause Young (Normal) (G1 Evacuation Pause) 407M->178M(1024M) 11,805ms
[2024-07-01T11:48:44.109-0400][gc,cpu      ] GC(193) User=0,03s Sys=0,01s Real=0,01s
[2024-07-01T12:51:25.039-0400][gc,start    ] GC(194) Pause Young (Normal) (G1 Evacuation Pause)
[2024-07-01T12:51:25.040-0400][gc,task     ] GC(194) Using 6 workers of 6 for evacuation
[2024-07-01T12:51:25.311-0400][gc,mmu      ] GC(194) MMU target violated: 21,0ms (20,0ms/21,0ms)
[2024-07-01T12:51:25.311-0400][gc,phases   ] GC(194)   Pre Evacuate Collection Set: 0,5ms
[2024-07-01T12:51:25.311-0400][gc,phases   ] GC(194)   Merge Heap Roots: 0,8ms
[2024-07-01T12:51:25.311-0400][gc,phases   ] GC(194)   Evacuate Collection Set: 266,5ms
[2024-07-01T12:51:25.311-0400][gc,phases   ] GC(194)   Post Evacuate Collection Set: 2,9ms
[2024-07-01T12:51:25.311-0400][gc,phases   ] GC(194)   Other: 0,2ms
[2024-07-01T12:51:25.311-0400][gc,heap     ] GC(194) Eden regions: 394->0(46)
[2024-07-01T12:51:25.311-0400][gc,heap     ] GC(194) Survivor regions: 3->5(50)
[2024-07-01T12:51:25.311-0400][gc,heap     ] GC(194) Old regions: 47->47
[2024-07-01T12:51:25.311-0400][gc,heap     ] GC(194) Humongous regions: 129->129
[2024-07-01T12:51:25.311-0400][gc,metaspace] GC(194) Metaspace: 44179K(44800K)->44179K(44800K) NonClass: 39259K(39616K)->39259K(39616K) Class: 4920K(5184K)->4920K(5184K)
[2024-07-01T12:51:25.311-0400][gc          ] GC(194) Pause Young (Normal) (G1 Evacuation Pause) 572M->179M(1024M) 272,130ms
[2024-07-01T12:51:25.311-0400][gc,cpu      ] GC(194) User=0,00s Sys=0,36s Real=0,27s
[2024-07-01T12:58:30.038-0400][gc,start    ] GC(195) Pause Young (Normal) (G1 Evacuation Pause)
[2024-07-01T12:58:30.038-0400][gc,task     ] GC(195) Using 6 workers of 6 for evacuation
[2024-07-01T12:58:30.063-0400][gc,mmu      ] GC(195) MMU target violated: 21,0ms (20,0ms/21,0ms)
[2024-07-01T12:58:30.063-0400][gc,phases   ] GC(195)   Pre Evacuate Collection Set: 0,7ms
[2024-07-01T12:58:30.063-0400][gc,phases   ] GC(195)   Merge Heap Roots: 0,4ms
[2024-07-01T12:58:30.063-0400][gc,phases   ] GC(195)   Evacuate Collection Set: 17,4ms
[2024-07-01T12:58:30.063-0400][gc,phases   ] GC(195)   Post Evacuate Collection Set: 6,1ms
[2024-07-01T12:58:30.063-0400][gc,phases   ] GC(195)   Other: 0,2ms
[2024-07-01T12:58:30.063-0400][gc,heap     ] GC(195) Eden regions: 46->0(48)
[2024-07-01T12:58:30.063-0400][gc,heap     ] GC(195) Survivor regions: 5->3(7)
[2024-07-01T12:58:30.063-0400][gc,heap     ] GC(195) Old regions: 47->48
[2024-07-01T12:58:30.063-0400][gc,heap     ] GC(195) Humongous regions: 129->129
[2024-07-01T12:58:30.063-0400][gc,metaspace] GC(195) Metaspace: 44179K(44800K)->44179K(44800K) NonClass: 39259K(39616K)->39259K(39616K) Class: 4920K(5184K)->4920K(5184K)
[2024-07-01T12:58:30.063-0400][gc          ] GC(195) Pause Young (Normal) (G1 Evacuation Pause) 225M->179M(1024M) 24,946ms
[2024-07-01T12:58:30.063-0400][gc,cpu      ] GC(195) User=0,03s Sys=0,02s Real=0,02s
[2024-07-01T13:06:12.026-0400][gc,start    ] GC(196) Pause Young (Normal) (G1 Evacuation Pause)
[2024-07-01T13:06:12.026-0400][gc,task     ] GC(196) Using 6 workers of 6 for evacuation
[2024-07-01T13:06:12.035-0400][gc,phases   ] GC(196)   Pre Evacuate Collection Set: 1,6ms
[2024-07-01T13:06:12.035-0400][gc,phases   ] GC(196)   Merge Heap Roots: 0,4ms
[2024-07-01T13:06:12.035-0400][gc,phases   ] GC(196)   Evacuate Collection Set: 6,3ms
[2024-07-01T13:06:12.035-0400][gc,phases   ] GC(196)   Post Evacuate Collection Set: 1,1ms
[2024-07-01T13:06:12.035-0400][gc,phases   ] GC(196)   Other: 0,1ms
[2024-07-01T13:06:12.035-0400][gc,heap     ] GC(196) Eden regions: 48->0(45)
[2024-07-01T13:06:12.035-0400][gc,heap     ] GC(196) Survivor regions: 3->6(7)
[2024-07-01T13:06:12.035-0400][gc,heap     ] GC(196) Old regions: 48->48
[2024-07-01T13:06:12.035-0400][gc,heap     ] GC(196) Humongous regions: 129->129
[2024-07-01T13:06:12.035-0400][gc,metaspace] GC(196) Metaspace: 44179K(44800K)->44179K(44800K) NonClass: 39259K(39616K)->39259K(39616K) Class: 4920K(5184K)->4920K(5184K)
[2024-07-01T13:06:12.035-0400][gc          ] GC(196) Pause Young (Normal) (G1 Evacuation Pause) 227M->182M(1024M) 9,750ms
[2024-07-01T13:06:12.035-0400][gc,cpu      ] GC(196) User=0,02s Sys=0,01s Real=0,01s
[2024-07-01T13:13:25.235-0400][gc,start    ] GC(197) Pause Young (Normal) (G1 Evacuation Pause)
[2024-07-01T13:13:25.235-0400][gc,task     ] GC(197) Using 6 workers of 6 for evacuation
[2024-07-01T13:13:25.247-0400][gc,phases   ] GC(197)   Pre Evacuate Collection Set: 0,7ms
[2024-07-01T13:13:25.247-0400][gc,phases   ] GC(197)   Merge Heap Roots: 0,3ms
[2024-07-01T13:13:25.247-0400][gc,phases   ] GC(197)   Evacuate Collection Set: 8,0ms
[2024-07-01T13:13:25.247-0400][gc,phases   ] GC(197)   Post Evacuate Collection Set: 2,2ms
[2024-07-01T13:13:25.247-0400][gc,phases   ] GC(197)   Other: 0,3ms
[2024-07-01T13:13:25.247-0400][gc,heap     ] GC(197) Eden regions: 45->0(45)
[2024-07-01T13:13:25.247-0400][gc,heap     ] GC(197) Survivor regions: 6->6(7)
[2024-07-01T13:13:25.247-0400][gc,heap     ] GC(197) Old regions: 48->53
[2024-07-01T13:13:25.247-0400][gc,heap     ] GC(197) Humongous regions: 129->129
[2024-07-01T13:13:25.247-0400][gc,metaspace] GC(197) Metaspace: 44179K(44800K)->44179K(44800K) NonClass: 39259K(39616K)->39259K(39616K) Class: 4920K(5184K)->4920K(5184K)
[2024-07-01T13:13:25.247-0400][gc          ] GC(197) Pause Young (Normal) (G1 Evacuation Pause) 227M->186M(1024M) 11,629ms
[2024-07-01T13:13:25.247-0400][gc,cpu      ] GC(197) User=0,03s Sys=0,01s Real=0,01s
[2024-07-01T13:20:38.088-0400][gc,start    ] GC(198) Pause Young (Normal) (G1 Evacuation Pause)
[2024-07-01T13:20:38.088-0400][gc,task     ] GC(198) Using 6 workers of 6 for evacuation
[2024-07-01T13:20:38.114-0400][gc,mmu      ] GC(198) MMU target violated: 21,0ms (20,0ms/21,0ms)
[2024-07-01T13:20:38.114-0400][gc,phases   ] GC(198)   Pre Evacuate Collection Set: 1,0ms
[2024-07-01T13:20:38.114-0400][gc,phases   ] GC(198)   Merge Heap Roots: 1,6ms
[2024-07-01T13:20:38.114-0400][gc,phases   ] GC(198)   Evacuate Collection Set: 16,3ms
[2024-07-01T13:20:38.114-0400][gc,phases   ] GC(198)   Post Evacuate Collection Set: 6,4ms
[2024-07-01T13:20:38.114-0400][gc,phases   ] GC(198)   Other: 0,3ms
[2024-07-01T13:20:38.114-0400][gc,heap     ] GC(198) Eden regions: 45->0(46)
[2024-07-01T13:20:38.114-0400][gc,heap     ] GC(198) Survivor regions: 6->5(7)
[2024-07-01T13:20:38.114-0400][gc,heap     ] GC(198) Old regions: 53->57
[2024-07-01T13:20:38.114-0400][gc,heap     ] GC(198) Humongous regions: 129->129
[2024-07-01T13:20:38.114-0400][gc,metaspace] GC(198) Metaspace: 44179K(44800K)->44179K(44800K) NonClass: 39259K(39616K)->39259K(39616K) Class: 4920K(5184K)->4920K(5184K)
[2024-07-01T13:20:38.114-0400][gc          ] GC(198) Pause Young (Normal) (G1 Evacuation Pause) 231M->190M(1024M) 25,728ms
[2024-07-01T13:20:38.114-0400][gc,cpu      ] GC(198) User=0,05s Sys=0,02s Real=0,02s
[2024-07-01T13:27:34.333-0400][gc,start    ] GC(199) Pause Young (Normal) (G1 Evacuation Pause)
[2024-07-01T13:27:34.333-0400][gc,task     ] GC(199) Using 6 workers of 6 for evacuation
[2024-07-01T13:27:34.348-0400][gc,phases   ] GC(199)   Pre Evacuate Collection Set: 0,8ms
[2024-07-01T13:27:34.348-0400][gc,phases   ] GC(199)   Merge Heap Roots: 0,7ms
[2024-07-01T13:27:34.348-0400][gc,phases   ] GC(199)   Evacuate Collection Set: 10,0ms
[2024-07-01T13:27:34.348-0400][gc,phases   ] GC(199)   Post Evacuate Collection Set: 3,8ms
[2024-07-01T13:27:34.348-0400][gc,phases   ] GC(199)   Other: 0,1ms
[2024-07-01T13:27:34.348-0400][gc,heap     ] GC(199) Eden regions: 46->0(45)
[2024-07-01T13:27:34.348-0400][gc,heap     ] GC(199) Survivor regions: 5->6(7)
[2024-07-01T13:27:34.348-0400][gc,heap     ] GC(199) Old regions: 57->60
[2024-07-01T13:27:34.348-0400][gc,heap     ] GC(199) Humongous regions: 129->129
[2024-07-01T13:27:34.348-0400][gc,metaspace] GC(199) Metaspace: 44179K(44800K)->44179K(44800K) NonClass: 39259K(39616K)->39259K(39616K) Class: 4920K(5184K)->4920K(5184K)
[2024-07-01T13:27:34.348-0400][gc          ] GC(199) Pause Young (Normal) (G1 Evacuation Pause) 236M->194M(1024M) 15,621ms
[2024-07-01T13:27:34.348-0400][gc,cpu      ] GC(199) User=0,02s Sys=0,03s Real=0,02s
[2024-07-01T13:34:46.347-0400][gc,start    ] GC(200) Pause Young (Normal) (G1 Evacuation Pause)
[2024-07-01T13:34:46.347-0400][gc,task     ] GC(200) Using 6 workers of 6 for evacuation
[2024-07-01T13:34:46.360-0400][gc,phases   ] GC(200)   Pre Evacuate Collection Set: 1,6ms
[2024-07-01T13:34:46.360-0400][gc,phases   ] GC(200)   Merge Heap Roots: 0,5ms
[2024-07-01T13:34:46.360-0400][gc,phases   ] GC(200)   Evacuate Collection Set: 5,9ms
[2024-07-01T13:34:46.360-0400][gc,phases   ] GC(200)   Post Evacuate Collection Set: 4,6ms
[2024-07-01T13:34:46.360-0400][gc,phases   ] GC(200)   Other: 0,1ms
[2024-07-01T13:34:46.360-0400][gc,heap     ] GC(200) Eden regions: 45->0(48)
[2024-07-01T13:34:46.360-0400][gc,heap     ] GC(200) Survivor regions: 6->3(7)
[2024-07-01T13:34:46.360-0400][gc,heap     ] GC(200) Old regions: 60->63
[2024-07-01T13:34:46.360-0400][gc,heap     ] GC(200) Humongous regions: 129->129
[2024-07-01T13:34:46.360-0400][gc,metaspace] GC(200) Metaspace: 44179K(44800K)->44179K(44800K) NonClass: 39259K(39616K)->39259K(39616K) Class: 4920K(5184K)->4920K(5184K)
[2024-07-01T13:34:46.360-0400][gc          ] GC(200) Pause Young (Normal) (G1 Evacuation Pause) 239M->194M(1024M) 12,918ms
[2024-07-01T13:34:46.360-0400][gc,cpu      ] GC(200) User=0,03s Sys=0,00s Real=0,01s
[2024-07-01T13:42:27.981-0400][gc,start    ] GC(201) Pause Young (Normal) (G1 Evacuation Pause)
[2024-07-01T13:42:27.981-0400][gc,task     ] GC(201) Using 6 workers of 6 for evacuation
[2024-07-01T13:42:27.987-0400][gc,phases   ] GC(201)   Pre Evacuate Collection Set: 0,4ms
[2024-07-01T13:42:27.987-0400][gc,phases   ] GC(201)   Merge Heap Roots: 0,2ms
[2024-07-01T13:42:27.987-0400][gc,phases   ] GC(201)   Evacuate Collection Set: 4,6ms
[2024-07-01T13:42:27.987-0400][gc,phases   ] GC(201)   Post Evacuate Collection Set: 0,8ms
[2024-07-01T13:42:27.987-0400][gc,phases   ] GC(201)   Other: 0,1ms
[2024-07-01T13:42:27.987-0400][gc,heap     ] GC(201) Eden regions: 48->0(45)
[2024-07-01T13:42:27.987-0400][gc,heap     ] GC(201) Survivor regions: 3->6(7)
[2024-07-01T13:42:27.987-0400][gc,heap     ] GC(201) Old regions: 63->63
[2024-07-01T13:42:27.987-0400][gc,heap     ] GC(201) Humongous regions: 129->129
[2024-07-01T13:42:27.987-0400][gc,metaspace] GC(201) Metaspace: 44179K(44800K)->44179K(44800K) NonClass: 39259K(39616K)->39259K(39616K) Class: 4920K(5184K)->4920K(5184K)
[2024-07-01T13:42:27.987-0400][gc          ] GC(201) Pause Young (Normal) (G1 Evacuation Pause) 242M->197M(1024M) 6,167ms
[2024-07-01T13:42:27.988-0400][gc,cpu      ] GC(201) User=0,01s Sys=0,01s Real=0,01s
[2024-07-01T13:49:41.147-0400][gc,start    ] GC(202) Pause Young (Normal) (G1 Evacuation Pause)
[2024-07-01T13:49:41.147-0400][gc,task     ] GC(202) Using 6 workers of 6 for evacuation
[2024-07-01T13:49:41.162-0400][gc,phases   ] GC(202)   Pre Evacuate Collection Set: 0,6ms
[2024-07-01T13:49:41.162-0400][gc,phases   ] GC(202)   Merge Heap Roots: 1,8ms
[2024-07-01T13:49:41.162-0400][gc,phases   ] GC(202)   Evacuate Collection Set: 10,9ms
[2024-07-01T13:49:41.162-0400][gc,phases   ] GC(202)   Post Evacuate Collection Set: 2,0ms
[2024-07-01T13:49:41.162-0400][gc,phases   ] GC(202)   Other: 0,1ms
[2024-07-01T13:49:41.162-0400][gc,heap     ] GC(202) Eden regions: 45->0(46)
[2024-07-01T13:49:41.162-0400][gc,heap     ] GC(202) Survivor regions: 6->5(7)
[2024-07-01T13:49:41.162-0400][gc,heap     ] GC(202) Old regions: 63->68
[2024-07-01T13:49:41.162-0400][gc,heap     ] GC(202) Humongous regions: 129->129
[2024-07-01T13:49:41.162-0400][gc,metaspace] GC(202) Metaspace: 44179K(44800K)->44179K(44800K) NonClass: 39259K(39616K)->39259K(39616K) Class: 4920K(5184K)->4920K(5184K)
[2024-07-01T13:49:41.162-0400][gc          ] GC(202) Pause Young (Normal) (G1 Evacuation Pause) 242M->201M(1024M) 15,590ms
[2024-07-01T13:49:41.162-0400][gc,cpu      ] GC(202) User=0,04s Sys=0,01s Real=0,01s
[2024-07-01T13:57:02.652-0400][gc,start    ] GC(203) Pause Young (Normal) (G1 Evacuation Pause)
[2024-07-01T13:57:02.652-0400][gc,task     ] GC(203) Using 6 workers of 6 for evacuation
[2024-07-01T13:57:02.664-0400][gc,phases   ] GC(203)   Pre Evacuate Collection Set: 0,8ms
[2024-07-01T13:57:02.664-0400][gc,phases   ] GC(203)   Merge Heap Roots: 1,6ms
[2024-07-01T13:57:02.664-0400][gc,phases   ] GC(203)   Evacuate Collection Set: 7,8ms
[2024-07-01T13:57:02.664-0400][gc,phases   ] GC(203)   Post Evacuate Collection Set: 1,8ms
[2024-07-01T13:57:02.664-0400][gc,phases   ] GC(203)   Other: 0,2ms
[2024-07-01T13:57:02.664-0400][gc,heap     ] GC(203) Eden regions: 46->0(46)
[2024-07-01T13:57:02.664-0400][gc,heap     ] GC(203) Survivor regions: 5->5(7)
[2024-07-01T13:57:02.664-0400][gc,heap     ] GC(203) Old regions: 68->72
[2024-07-01T13:57:02.664-0400][gc,heap     ] GC(203) Humongous regions: 129->129
[2024-07-01T13:57:02.664-0400][gc,metaspace] GC(203) Metaspace: 44181K(44800K)->44181K(44800K) NonClass: 39261K(39616K)->39261K(39616K) Class: 4920K(5184K)->4920K(5184K)
[2024-07-01T13:57:02.664-0400][gc          ] GC(203) Pause Young (Normal) (G1 Evacuation Pause) 247M->205M(1024M) 12,661ms
[2024-07-01T13:57:02.664-0400][gc,cpu      ] GC(203) User=0,02s Sys=0,02s Real=0,02s
[2024-07-01T14:04:25.039-0400][gc,start    ] GC(204) Pause Young (Normal) (G1 Evacuation Pause)
[2024-07-01T14:04:25.039-0400][gc,task     ] GC(204) Using 6 workers of 6 for evacuation
[2024-07-01T14:04:25.055-0400][gc,phases   ] GC(204)   Pre Evacuate Collection Set: 0,9ms
[2024-07-01T14:04:25.055-0400][gc,phases   ] GC(204)   Merge Heap Roots: 0,4ms
[2024-07-01T14:04:25.055-0400][gc,phases   ] GC(204)   Evacuate Collection Set: 10,8ms
[2024-07-01T14:04:25.055-0400][gc,phases   ] GC(204)   Post Evacuate Collection Set: 2,1ms
[2024-07-01T14:04:25.055-0400][gc,phases   ] GC(204)   Other: 2,0ms
[2024-07-01T14:04:25.055-0400][gc,heap     ] GC(204) Eden regions: 46->0(45)
[2024-07-01T14:04:25.055-0400][gc,heap     ] GC(204) Survivor regions: 5->6(7)
[2024-07-01T14:04:25.055-0400][gc,heap     ] GC(204) Old regions: 72->76
[2024-07-01T14:04:25.055-0400][gc,heap     ] GC(204) Humongous regions: 129->129
[2024-07-01T14:04:25.055-0400][gc,metaspace] GC(204) Metaspace: 44181K(44800K)->44181K(44800K) NonClass: 39261K(39616K)->39261K(39616K) Class: 4920K(5184K)->4920K(5184K)
[2024-07-01T14:04:25.055-0400][gc          ] GC(204) Pause Young (Normal) (G1 Evacuation Pause) 251M->210M(1024M) 16,557ms
[2024-07-01T14:04:25.055-0400][gc,cpu      ] GC(204) User=0,03s Sys=0,01s Real=0,02s
[2024-07-01T14:11:37.522-0400][gc,start    ] GC(205) Pause Young (Normal) (G1 Evacuation Pause)
[2024-07-01T14:11:37.522-0400][gc,task     ] GC(205) Using 6 workers of 6 for evacuation
[2024-07-01T14:11:37.533-0400][gc,phases   ] GC(205)   Pre Evacuate Collection Set: 0,5ms
[2024-07-01T14:11:37.533-0400][gc,phases   ] GC(205)   Merge Heap Roots: 0,2ms
[2024-07-01T14:11:37.533-0400][gc,phases   ] GC(205)   Evacuate Collection Set: 7,0ms
[2024-07-01T14:11:37.533-0400][gc,phases   ] GC(205)   Post Evacuate Collection Set: 2,8ms
[2024-07-01T14:11:37.533-0400][gc,phases   ] GC(205)   Other: 0,2ms
[2024-07-01T14:11:37.533-0400][gc,heap     ] GC(205) Eden regions: 45->0(45)
[2024-07-01T14:11:37.533-0400][gc,heap     ] GC(205) Survivor regions: 6->6(7)
[2024-07-01T14:11:37.533-0400][gc,heap     ] GC(205) Old regions: 76->80
[2024-07-01T14:11:37.533-0400][gc,heap     ] GC(205) Humongous regions: 129->129
[2024-07-01T14:11:37.533-0400][gc,metaspace] GC(205) Metaspace: 44181K(44800K)->44181K(44800K) NonClass: 39261K(39616K)->39261K(39616K) Class: 4920K(5184K)->4920K(5184K)
[2024-07-01T14:11:37.533-0400][gc          ] GC(205) Pause Young (Normal) (G1 Evacuation Pause) 255M->213M(1024M) 10,887ms
[2024-07-01T14:11:37.533-0400][gc,cpu      ] GC(205) User=0,02s Sys=0,02s Real=0,01s
[2024-07-01T14:18:49.918-0400][gc,start    ] GC(206) Pause Young (Normal) (G1 Evacuation Pause)
[2024-07-01T14:18:49.919-0400][gc,task     ] GC(206) Using 6 workers of 6 for evacuation
[2024-07-01T14:18:49.944-0400][gc,mmu      ] GC(206) MMU target violated: 21,0ms (20,0ms/21,0ms)
[2024-07-01T14:18:49.945-0400][gc,phases   ] GC(206)   Pre Evacuate Collection Set: 0,5ms
[2024-07-01T14:18:49.945-0400][gc,phases   ] GC(206)   Merge Heap Roots: 0,4ms
[2024-07-01T14:18:49.945-0400][gc,phases   ] GC(206)   Evacuate Collection Set: 11,9ms
[2024-07-01T14:18:49.945-0400][gc,phases   ] GC(206)   Post Evacuate Collection Set: 11,5ms
[2024-07-01T14:18:49.945-0400][gc,phases   ] GC(206)   Other: 1,7ms
[2024-07-01T14:18:49.945-0400][gc,heap     ] GC(206) Eden regions: 45->0(46)
[2024-07-01T14:18:49.945-0400][gc,heap     ] GC(206) Survivor regions: 6->5(7)
[2024-07-01T14:18:49.945-0400][gc,heap     ] GC(206) Old regions: 80->84
[2024-07-01T14:18:49.945-0400][gc,heap     ] GC(206) Humongous regions: 129->129
[2024-07-01T14:18:49.945-0400][gc,metaspace] GC(206) Metaspace: 44181K(44800K)->44181K(44800K) NonClass: 39261K(39616K)->39261K(39616K) Class: 4920K(5184K)->4920K(5184K)
[2024-07-01T14:18:49.945-0400][gc          ] GC(206) Pause Young (Normal) (G1 Evacuation Pause) 258M->217M(1024M) 26,189ms
[2024-07-01T14:18:49.945-0400][gc,cpu      ] GC(206) User=0,02s Sys=0,04s Real=0,03s
[2024-07-01T14:25:47.142-0400][gc,start    ] GC(207) Pause Young (Normal) (G1 Evacuation Pause)
[2024-07-01T14:25:47.142-0400][gc,task     ] GC(207) Using 6 workers of 6 for evacuation
[2024-07-01T14:25:47.157-0400][gc,phases   ] GC(207)   Pre Evacuate Collection Set: 0,7ms
[2024-07-01T14:25:47.157-0400][gc,phases   ] GC(207)   Merge Heap Roots: 0,1ms
[2024-07-01T14:25:47.157-0400][gc,phases   ] GC(207)   Evacuate Collection Set: 11,8ms
[2024-07-01T14:25:47.157-0400][gc,phases   ] GC(207)   Post Evacuate Collection Set: 1,7ms
[2024-07-01T14:25:47.157-0400][gc,phases   ] GC(207)   Other: 0,1ms
[2024-07-01T14:25:47.157-0400][gc,heap     ] GC(207) Eden regions: 46->0(44)
[2024-07-01T14:25:47.157-0400][gc,heap     ] GC(207) Survivor regions: 5->7(7)
[2024-07-01T14:25:47.157-0400][gc,heap     ] GC(207) Old regions: 84->88
[2024-07-01T14:25:47.157-0400][gc,heap     ] GC(207) Humongous regions: 129->129
[2024-07-01T14:25:47.157-0400][gc,metaspace] GC(207) Metaspace: 44181K(44800K)->44181K(44800K) NonClass: 39261K(39616K)->39261K(39616K) Class: 4920K(5184K)->4920K(5184K)
[2024-07-01T14:25:47.157-0400][gc          ] GC(207) Pause Young (Normal) (G1 Evacuation Pause) 263M->222M(1024M) 15,075ms
[2024-07-01T14:25:47.157-0400][gc,cpu      ] GC(207) User=0,03s Sys=0,01s Real=0,02s
[2024-07-01T14:32:47.797-0400][gc,start    ] GC(208) Pause Young (Normal) (G1 Evacuation Pause)
[2024-07-01T14:32:47.797-0400][gc,task     ] GC(208) Using 6 workers of 6 for evacuation
[2024-07-01T14:32:47.810-0400][gc,phases   ] GC(208)   Pre Evacuate Collection Set: 1,8ms
[2024-07-01T14:32:47.810-0400][gc,phases   ] GC(208)   Merge Heap Roots: 0,6ms
[2024-07-01T14:32:47.810-0400][gc,phases   ] GC(208)   Evacuate Collection Set: 7,1ms
[2024-07-01T14:32:47.810-0400][gc,phases   ] GC(208)   Post Evacuate Collection Set: 3,2ms
[2024-07-01T14:32:47.810-0400][gc,phases   ] GC(208)   Other: 0,1ms
[2024-07-01T14:32:47.810-0400][gc,heap     ] GC(208) Eden regions: 44->0(48)
[2024-07-01T14:32:47.810-0400][gc,heap     ] GC(208) Survivor regions: 7->3(7)
[2024-07-01T14:32:47.810-0400][gc,heap     ] GC(208) Old regions: 88->91
[2024-07-01T14:32:47.810-0400][gc,heap     ] GC(208) Humongous regions: 129->129
[2024-07-01T14:32:47.810-0400][gc,metaspace] GC(208) Metaspace: 44181K(44800K)->44181K(44800K) NonClass: 39261K(39616K)->39261K(39616K) Class: 4920K(5184K)->4920K(5184K)
[2024-07-01T14:32:47.810-0400][gc          ] GC(208) Pause Young (Normal) (G1 Evacuation Pause) 266M->222M(1024M) 12,898ms
[2024-07-01T14:32:47.810-0400][gc,cpu      ] GC(208) User=0,01s Sys=0,01s Real=0,01s
[2024-07-01T14:40:31.476-0400][gc,start    ] GC(209) Pause Young (Normal) (G1 Evacuation Pause)
[2024-07-01T14:40:31.476-0400][gc,task     ] GC(209) Using 6 workers of 6 for evacuation
[2024-07-01T14:40:31.500-0400][gc,mmu      ] GC(209) MMU target violated: 21,0ms (20,0ms/21,0ms)
[2024-07-01T14:40:31.500-0400][gc,phases   ] GC(209)   Pre Evacuate Collection Set: 4,8ms
[2024-07-01T14:40:31.500-0400][gc,phases   ] GC(209)   Merge Heap Roots: 0,3ms
[2024-07-01T14:40:31.500-0400][gc,phases   ] GC(209)   Evacuate Collection Set: 17,0ms
[2024-07-01T14:40:31.500-0400][gc,phases   ] GC(209)   Post Evacuate Collection Set: 1,5ms
[2024-07-01T14:40:31.500-0400][gc,phases   ] GC(209)   Other: 0,3ms
[2024-07-01T14:40:31.500-0400][gc,heap     ] GC(209) Eden regions: 48->0(44)
[2024-07-01T14:40:31.500-0400][gc,heap     ] GC(209) Survivor regions: 3->7(7)
[2024-07-01T14:40:31.500-0400][gc,heap     ] GC(209) Old regions: 91->91
[2024-07-01T14:40:31.500-0400][gc,heap     ] GC(209) Humongous regions: 129->129
[2024-07-01T14:40:31.500-0400][gc,metaspace] GC(209) Metaspace: 44181K(44800K)->44181K(44800K) NonClass: 39261K(39616K)->39261K(39616K) Class: 4920K(5184K)->4920K(5184K)
[2024-07-01T14:40:31.500-0400][gc          ] GC(209) Pause Young (Normal) (G1 Evacuation Pause) 270M->226M(1024M) 24,112ms
[2024-07-01T14:40:31.500-0400][gc,cpu      ] GC(209) User=0,02s Sys=0,03s Real=0,02s
[2024-07-01T14:47:33.139-0400][gc,start    ] GC(210) Pause Young (Normal) (G1 Evacuation Pause)
[2024-07-01T14:47:33.139-0400][gc,task     ] GC(210) Using 6 workers of 6 for evacuation
[2024-07-01T14:47:33.161-0400][gc,mmu      ] GC(210) MMU target violated: 21,0ms (20,0ms/21,0ms)
[2024-07-01T14:47:33.161-0400][gc,phases   ] GC(210)   Pre Evacuate Collection Set: 0,7ms
[2024-07-01T14:47:33.161-0400][gc,phases   ] GC(210)   Merge Heap Roots: 0,3ms
[2024-07-01T14:47:33.161-0400][gc,phases   ] GC(210)   Evacuate Collection Set: 18,9ms
[2024-07-01T14:47:33.161-0400][gc,phases   ] GC(210)   Post Evacuate Collection Set: 2,3ms
[2024-07-01T14:47:33.161-0400][gc,phases   ] GC(210)   Other: 0,1ms
[2024-07-01T14:47:33.161-0400][gc,heap     ] GC(210) Eden regions: 44->0(46)
[2024-07-01T14:47:33.161-0400][gc,heap     ] GC(210) Survivor regions: 7->5(7)
[2024-07-01T14:47:33.161-0400][gc,heap     ] GC(210) Old regions: 91->97
[2024-07-01T14:47:33.161-0400][gc,heap     ] GC(210) Humongous regions: 129->129
[2024-07-01T14:47:33.161-0400][gc,metaspace] GC(210) Metaspace: 44185K(44800K)->44185K(44800K) NonClass: 39265K(39616K)->39265K(39616K) Class: 4920K(5184K)->4920K(5184K)
[2024-07-01T14:47:33.161-0400][gc          ] GC(210) Pause Young (Normal) (G1 Evacuation Pause) 270M->230M(1024M) 22,349ms
[2024-07-01T14:47:33.161-0400][gc,cpu      ] GC(210) User=0,04s Sys=0,01s Real=0,02s
[2024-07-01T14:54:54.830-0400][gc,start    ] GC(211) Pause Young (Normal) (G1 Evacuation Pause)
[2024-07-01T14:54:54.830-0400][gc,task     ] GC(211) Using 6 workers of 6 for evacuation
[2024-07-01T14:54:54.843-0400][gc,phases   ] GC(211)   Pre Evacuate Collection Set: 0,5ms
[2024-07-01T14:54:54.844-0400][gc,phases   ] GC(211)   Merge Heap Roots: 0,4ms
[2024-07-01T14:54:54.844-0400][gc,phases   ] GC(211)   Evacuate Collection Set: 7,5ms
[2024-07-01T14:54:54.844-0400][gc,phases   ] GC(211)   Post Evacuate Collection Set: 2,4ms
[2024-07-01T14:54:54.844-0400][gc,phases   ] GC(211)   Other: 2,2ms
[2024-07-01T14:54:54.844-0400][gc,heap     ] GC(211) Eden regions: 46->0(61)
[2024-07-01T14:54:54.844-0400][gc,heap     ] GC(211) Survivor regions: 5->5(7)
[2024-07-01T14:54:54.844-0400][gc,heap     ] GC(211) Old regions: 97->100
[2024-07-01T14:54:54.844-0400][gc,heap     ] GC(211) Humongous regions: 129->129
[2024-07-01T14:54:54.844-0400][gc,metaspace] GC(211) Metaspace: 44185K(44800K)->44185K(44800K) NonClass: 39265K(39616K)->39265K(39616K) Class: 4920K(5184K)->4920K(5184K)
[2024-07-01T14:54:54.844-0400][gc          ] GC(211) Pause Young (Normal) (G1 Evacuation Pause) 276M->233M(1024M) 13,231ms
[2024-07-01T14:54:54.844-0400][gc,cpu      ] GC(211) User=0,02s Sys=0,02s Real=0,01s
[2024-07-01T15:04:32.047-0400][gc,start    ] GC(212) Pause Young (Normal) (G1 Evacuation Pause)
[2024-07-01T15:04:32.047-0400][gc,task     ] GC(212) Using 6 workers of 6 for evacuation
[2024-07-01T15:04:32.058-0400][gc,phases   ] GC(212)   Pre Evacuate Collection Set: 0,4ms
[2024-07-01T15:04:32.058-0400][gc,phases   ] GC(212)   Merge Heap Roots: 0,4ms
[2024-07-01T15:04:32.058-0400][gc,phases   ] GC(212)   Evacuate Collection Set: 8,1ms
[2024-07-01T15:04:32.058-0400][gc,phases   ] GC(212)   Post Evacuate Collection Set: 2,2ms
[2024-07-01T15:04:32.058-0400][gc,phases   ] GC(212)   Other: 0,1ms
[2024-07-01T15:04:32.058-0400][gc,heap     ] GC(212) Eden regions: 60->0(52)
[2024-07-01T15:04:32.058-0400][gc,heap     ] GC(212) Survivor regions: 5->9(9)
[2024-07-01T15:04:32.058-0400][gc,heap     ] GC(212) Old regions: 100->101
[2024-07-01T15:04:32.058-0400][gc,heap     ] GC(212) Humongous regions: 129->129
[2024-07-01T15:04:32.058-0400][gc,metaspace] GC(212) Metaspace: 44185K(44800K)->44185K(44800K) NonClass: 39265K(39616K)->39265K(39616K) Class: 4920K(5184K)->4920K(5184K)
[2024-07-01T15:04:32.058-0400][gc          ] GC(212) Pause Young (Normal) (G1 Evacuation Pause) 293M->238M(1024M) 11,471ms
[2024-07-01T15:04:32.058-0400][gc,cpu      ] GC(212) User=0,04s Sys=0,01s Real=0,01s
[2024-07-01T15:13:01.119-0400][gc,start    ] GC(213) Pause Young (Normal) (G1 Evacuation Pause)
[2024-07-01T15:13:01.119-0400][gc,task     ] GC(213) Using 6 workers of 6 for evacuation
[2024-07-01T15:13:01.138-0400][gc,phases   ] GC(213)   Pre Evacuate Collection Set: 1,0ms
[2024-07-01T15:13:01.138-0400][gc,phases   ] GC(213)   Merge Heap Roots: 0,2ms
[2024-07-01T15:13:01.138-0400][gc,phases   ] GC(213)   Evacuate Collection Set: 10,5ms
[2024-07-01T15:13:01.138-0400][gc,phases   ] GC(213)   Post Evacuate Collection Set: 6,2ms
[2024-07-01T15:13:01.138-0400][gc,phases   ] GC(213)   Other: 0,3ms
[2024-07-01T15:13:01.138-0400][gc,heap     ] GC(213) Eden regions: 53->0(59)
[2024-07-01T15:13:01.138-0400][gc,heap     ] GC(213) Survivor regions: 9->6(8)
[2024-07-01T15:13:01.138-0400][gc,heap     ] GC(213) Old regions: 101->110
[2024-07-01T15:13:01.138-0400][gc,heap     ] GC(213) Humongous regions: 129->129
[2024-07-01T15:13:01.138-0400][gc,metaspace] GC(213) Metaspace: 44185K(44800K)->44185K(44800K) NonClass: 39265K(39616K)->39265K(39616K) Class: 4920K(5184K)->4920K(5184K)
[2024-07-01T15:13:01.138-0400][gc          ] GC(213) Pause Young (Normal) (G1 Evacuation Pause) 291M->244M(1024M) 18,427ms
[2024-07-01T15:13:01.138-0400][gc,cpu      ] GC(213) User=0,03s Sys=0,03s Real=0,02s
[2024-07-01T15:22:28.173-0400][gc,start    ] GC(214) Pause Young (Normal) (G1 Evacuation Pause)
[2024-07-01T15:22:28.174-0400][gc,task     ] GC(214) Using 6 workers of 6 for evacuation
[2024-07-01T15:22:28.186-0400][gc,phases   ] GC(214)   Pre Evacuate Collection Set: 0,5ms
[2024-07-01T15:22:28.186-0400][gc,phases   ] GC(214)   Merge Heap Roots: 0,4ms
[2024-07-01T15:22:28.186-0400][gc,phases   ] GC(214)   Evacuate Collection Set: 8,6ms
[2024-07-01T15:22:28.186-0400][gc,phases   ] GC(214)   Post Evacuate Collection Set: 2,6ms
[2024-07-01T15:22:28.186-0400][gc,phases   ] GC(214)   Other: 0,1ms
[2024-07-01T15:22:28.186-0400][gc,heap     ] GC(214) Eden regions: 59->0(62)
[2024-07-01T15:22:28.186-0400][gc,heap     ] GC(214) Survivor regions: 6->7(9)
[2024-07-01T15:22:28.186-0400][gc,heap     ] GC(214) Old regions: 110->115
[2024-07-01T15:22:28.186-0400][gc,heap     ] GC(214) Humongous regions: 129->129
[2024-07-01T15:22:28.186-0400][gc,metaspace] GC(214) Metaspace: 44185K(44800K)->44185K(44800K) NonClass: 39265K(39616K)->39265K(39616K) Class: 4920K(5184K)->4920K(5184K)
[2024-07-01T15:22:28.186-0400][gc          ] GC(214) Pause Young (Normal) (G1 Evacuation Pause) 303M->250M(1024M) 12,267ms
[2024-07-01T15:22:28.186-0400][gc,cpu      ] GC(214) User=0,04s Sys=0,01s Real=0,02s
[2024-07-01T15:31:57.798-0400][gc,start    ] GC(215) Pause Young (Normal) (G1 Evacuation Pause)
[2024-07-01T15:31:57.798-0400][gc,task     ] GC(215) Using 6 workers of 6 for evacuation
[2024-07-01T15:31:57.813-0400][gc,phases   ] GC(215)   Pre Evacuate Collection Set: 0,7ms
[2024-07-01T15:31:57.813-0400][gc,phases   ] GC(215)   Merge Heap Roots: 0,6ms
[2024-07-01T15:31:57.813-0400][gc,phases   ] GC(215)   Evacuate Collection Set: 7,9ms
[2024-07-01T15:31:57.813-0400][gc,phases   ] GC(215)   Post Evacuate Collection Set: 3,3ms
[2024-07-01T15:31:57.813-0400][gc,phases   ] GC(215)   Other: 2,0ms
[2024-07-01T15:31:57.813-0400][gc,heap     ] GC(215) Eden regions: 62->0(107)
[2024-07-01T15:31:57.813-0400][gc,heap     ] GC(215) Survivor regions: 7->4(9)
[2024-07-01T15:31:57.813-0400][gc,heap     ] GC(215) Old regions: 115->121
[2024-07-01T15:31:57.813-0400][gc,heap     ] GC(215) Humongous regions: 129->129
[2024-07-01T15:31:57.813-0400][gc,metaspace] GC(215) Metaspace: 44186K(44800K)->44186K(44800K) NonClass: 39266K(39616K)->39266K(39616K) Class: 4920K(5184K)->4920K(5184K)
[2024-07-01T15:31:57.813-0400][gc          ] GC(215) Pause Young (Normal) (G1 Evacuation Pause) 312M->253M(1024M) 14,592ms
[2024-07-01T15:31:57.813-0400][gc,cpu      ] GC(215) User=0,01s Sys=0,03s Real=0,01s
[2024-07-01T15:49:13.642-0400][gc,start    ] GC(216) Pause Young (Normal) (G1 Evacuation Pause)
[2024-07-01T15:49:13.642-0400][gc,task     ] GC(216) Using 6 workers of 6 for evacuation
[2024-07-01T15:49:13.669-0400][gc,mmu      ] GC(216) MMU target violated: 21,0ms (20,0ms/21,0ms)
[2024-07-01T15:49:13.669-0400][gc,phases   ] GC(216)   Pre Evacuate Collection Set: 9,7ms
[2024-07-01T15:49:13.669-0400][gc,phases   ] GC(216)   Merge Heap Roots: 1,0ms
[2024-07-01T15:49:13.669-0400][gc,phases   ] GC(216)   Evacuate Collection Set: 15,0ms
[2024-07-01T15:49:13.669-0400][gc,phases   ] GC(216)   Post Evacuate Collection Set: 1,3ms
[2024-07-01T15:49:13.669-0400][gc,phases   ] GC(216)   Other: 0,3ms
[2024-07-01T15:49:13.669-0400][gc,heap     ] GC(216) Eden regions: 107->0(103)
[2024-07-01T15:49:13.669-0400][gc,heap     ] GC(216) Survivor regions: 4->5(14)
[2024-07-01T15:49:13.669-0400][gc,heap     ] GC(216) Old regions: 121->121
[2024-07-01T15:49:13.669-0400][gc,heap     ] GC(216) Humongous regions: 129->129
[2024-07-01T15:49:13.669-0400][gc,metaspace] GC(216) Metaspace: 44190K(44800K)->44190K(44800K) NonClass: 39270K(39616K)->39270K(39616K) Class: 4920K(5184K)->4920K(5184K)
[2024-07-01T15:49:13.669-0400][gc          ] GC(216) Pause Young (Normal) (G1 Evacuation Pause) 360M->253M(1024M) 27,605ms
[2024-07-01T15:49:13.669-0400][gc,cpu      ] GC(216) User=0,01s Sys=0,03s Real=0,03s
[2024-07-01T16:06:02.705-0400][gc,start    ] GC(217) Pause Young (Normal) (G1 Evacuation Pause)
[2024-07-01T16:06:02.705-0400][gc,task     ] GC(217) Using 6 workers of 6 for evacuation
[2024-07-01T16:06:02.722-0400][gc,phases   ] GC(217)   Pre Evacuate Collection Set: 0,4ms
[2024-07-01T16:06:02.722-0400][gc,phases   ] GC(217)   Merge Heap Roots: 2,9ms
[2024-07-01T16:06:02.722-0400][gc,phases   ] GC(217)   Evacuate Collection Set: 11,6ms
[2024-07-01T16:06:02.722-0400][gc,phases   ] GC(217)   Post Evacuate Collection Set: 1,3ms
[2024-07-01T16:06:02.722-0400][gc,phases   ] GC(217)   Other: 0,4ms
[2024-07-01T16:06:02.722-0400][gc,heap     ] GC(217) Eden regions: 104->0(158)
[2024-07-01T16:06:02.722-0400][gc,heap     ] GC(217) Survivor regions: 5->5(14)
[2024-07-01T16:06:02.722-0400][gc,heap     ] GC(217) Old regions: 121->121
[2024-07-01T16:06:02.722-0400][gc,heap     ] GC(217) Humongous regions: 129->129
[2024-07-01T16:06:02.722-0400][gc,metaspace] GC(217) Metaspace: 44190K(44800K)->44190K(44800K) NonClass: 39270K(39616K)->39270K(39616K) Class: 4920K(5184K)->4920K(5184K)
[2024-07-01T16:06:02.722-0400][gc          ] GC(217) Pause Young (Normal) (G1 Evacuation Pause) 357M->253M(1024M) 16,806ms
[2024-07-01T16:06:02.722-0400][gc,cpu      ] GC(217) User=0,03s Sys=0,00s Real=0,01s
[2024-07-01T16:31:23.504-0400][gc,start    ] GC(218) Pause Young (Normal) (G1 Evacuation Pause)
[2024-07-01T16:31:23.505-0400][gc,task     ] GC(218) Using 6 workers of 6 for evacuation
[2024-07-01T16:31:23.511-0400][gc,phases   ] GC(218)   Pre Evacuate Collection Set: 0,6ms
[2024-07-01T16:31:23.511-0400][gc,phases   ] GC(218)   Merge Heap Roots: 0,3ms
[2024-07-01T16:31:23.511-0400][gc,phases   ] GC(218)   Evacuate Collection Set: 3,9ms
[2024-07-01T16:31:23.511-0400][gc,phases   ] GC(218)   Post Evacuate Collection Set: 1,2ms
[2024-07-01T16:31:23.511-0400][gc,phases   ] GC(218)   Other: 0,1ms
[2024-07-01T16:31:23.511-0400][gc,heap     ] GC(218) Eden regions: 159->0(256)
[2024-07-01T16:31:23.511-0400][gc,heap     ] GC(218) Survivor regions: 5->5(21)
[2024-07-01T16:31:23.511-0400][gc,heap     ] GC(218) Old regions: 121->121
[2024-07-01T16:31:23.511-0400][gc,heap     ] GC(218) Humongous regions: 129->129
[2024-07-01T16:31:23.511-0400][gc,metaspace] GC(218) Metaspace: 44190K(44800K)->44190K(44800K) NonClass: 39270K(39616K)->39270K(39616K) Class: 4920K(5184K)->4920K(5184K)
[2024-07-01T16:31:23.511-0400][gc          ] GC(218) Pause Young (Normal) (G1 Evacuation Pause) 412M->253M(1024M) 6,387ms
[2024-07-01T16:31:23.511-0400][gc,cpu      ] GC(218) User=0,01s Sys=0,01s Real=0,00s
[2024-07-01T17:13:00.038-0400][gc,start    ] GC(219) Pause Young (Normal) (G1 Evacuation Pause)
[2024-07-01T17:13:00.038-0400][gc,task     ] GC(219) Using 6 workers of 6 for evacuation
[2024-07-01T17:13:00.053-0400][gc,phases   ] GC(219)   Pre Evacuate Collection Set: 1,2ms
[2024-07-01T17:13:00.053-0400][gc,phases   ] GC(219)   Merge Heap Roots: 0,3ms
[2024-07-01T17:13:00.053-0400][gc,phases   ] GC(219)   Evacuate Collection Set: 11,7ms
[2024-07-01T17:13:00.053-0400][gc,phases   ] GC(219)   Post Evacuate Collection Set: 2,3ms
[2024-07-01T17:13:00.053-0400][gc,phases   ] GC(219)   Other: 0,1ms
[2024-07-01T17:13:00.053-0400][gc,heap     ] GC(219) Eden regions: 256->0(371)
[2024-07-01T17:13:00.053-0400][gc,heap     ] GC(219) Survivor regions: 5->4(33)
[2024-07-01T17:13:00.053-0400][gc,heap     ] GC(219) Old regions: 121->121
[2024-07-01T17:13:00.054-0400][gc,heap     ] GC(219) Humongous regions: 129->129
[2024-07-01T17:13:00.054-0400][gc,metaspace] GC(219) Metaspace: 44190K(44800K)->44190K(44800K) NonClass: 39270K(39616K)->39270K(39616K) Class: 4920K(5184K)->4920K(5184K)
[2024-07-01T17:13:00.054-0400][gc          ] GC(219) Pause Young (Normal) (G1 Evacuation Pause) 509M->253M(1024M) 15,956ms
[2024-07-01T17:13:00.054-0400][gc,cpu      ] GC(219) User=0,03s Sys=0,02s Real=0,01s
[2024-07-01T18:12:51.512-0400][gc,start    ] GC(220) Pause Young (Normal) (G1 Evacuation Pause)
[2024-07-01T18:12:51.513-0400][gc,task     ] GC(220) Using 6 workers of 6 for evacuation
[2024-07-01T18:12:51.524-0400][gc,phases   ] GC(220)   Pre Evacuate Collection Set: 3,5ms
[2024-07-01T18:12:51.524-0400][gc,phases   ] GC(220)   Merge Heap Roots: 0,6ms
[2024-07-01T18:12:51.524-0400][gc,phases   ] GC(220)   Evacuate Collection Set: 5,6ms
[2024-07-01T18:12:51.524-0400][gc,phases   ] GC(220)   Post Evacuate Collection Set: 1,9ms
[2024-07-01T18:12:51.524-0400][gc,phases   ] GC(220)   Other: 0,1ms
[2024-07-01T18:12:51.524-0400][gc,heap     ] GC(220) Eden regions: 371->0(464)
[2024-07-01T18:12:51.524-0400][gc,heap     ] GC(220) Survivor regions: 4->5(47)
[2024-07-01T18:12:51.524-0400][gc,heap     ] GC(220) Old regions: 121->121
[2024-07-01T18:12:51.524-0400][gc,heap     ] GC(220) Humongous regions: 129->129
[2024-07-01T18:12:51.524-0400][gc,metaspace] GC(220) Metaspace: 44190K(44800K)->44190K(44800K) NonClass: 39270K(39616K)->39270K(39616K) Class: 4920K(5184K)->4920K(5184K)
[2024-07-01T18:12:51.524-0400][gc          ] GC(220) Pause Young (Normal) (G1 Evacuation Pause) 624M->253M(1024M) 12,008ms
[2024-07-01T18:12:51.525-0400][gc,cpu      ] GC(220) User=0,03s Sys=0,01s Real=0,02s
[2024-07-01T19:26:12.455-0400][gc,start    ] GC(221) Pause Young (Normal) (G1 Evacuation Pause)
[2024-07-01T19:26:12.456-0400][gc,task     ] GC(221) Using 6 workers of 6 for evacuation
[2024-07-01T19:26:12.787-0400][gc,mmu      ] GC(221) MMU target violated: 21,0ms (20,0ms/21,0ms)
[2024-07-01T19:26:12.787-0400][gc,phases   ] GC(221)   Pre Evacuate Collection Set: 0,6ms
[2024-07-01T19:26:12.787-0400][gc,phases   ] GC(221)   Merge Heap Roots: 0,4ms
[2024-07-01T19:26:12.787-0400][gc,phases   ] GC(221)   Evacuate Collection Set: 328,0ms
[2024-07-01T19:26:12.787-0400][gc,phases   ] GC(221)   Post Evacuate Collection Set: 2,7ms
[2024-07-01T19:26:12.787-0400][gc,phases   ] GC(221)   Other: 0,2ms
[2024-07-01T19:26:12.787-0400][gc,heap     ] GC(221) Eden regions: 461->0(46)
[2024-07-01T19:26:12.787-0400][gc,heap     ] GC(221) Survivor regions: 5->5(59)
[2024-07-01T19:26:12.787-0400][gc,heap     ] GC(221) Old regions: 121->121
[2024-07-01T19:26:12.787-0400][gc,heap     ] GC(221) Humongous regions: 129->129
[2024-07-01T19:26:12.788-0400][gc,metaspace] GC(221) Metaspace: 44198K(44800K)->44198K(44800K) NonClass: 39278K(39616K)->39278K(39616K) Class: 4920K(5184K)->4920K(5184K)
[2024-07-01T19:26:12.788-0400][gc          ] GC(221) Pause Young (Normal) (G1 Evacuation Pause) 714M->253M(1024M) 332,593ms
[2024-07-01T19:26:12.788-0400][gc,cpu      ] GC(221) User=0,00s Sys=0,40s Real=0,33s
[2024-07-01T19:33:08.131-0400][gc,start    ] GC(222) Pause Young (Normal) (G1 Evacuation Pause)
[2024-07-01T19:33:08.132-0400][gc,task     ] GC(222) Using 6 workers of 6 for evacuation
[2024-07-01T19:33:08.143-0400][gc,phases   ] GC(222)   Pre Evacuate Collection Set: 1,1ms
[2024-07-01T19:33:08.143-0400][gc,phases   ] GC(222)   Merge Heap Roots: 0,2ms
[2024-07-01T19:33:08.143-0400][gc,phases   ] GC(222)   Evacuate Collection Set: 7,7ms
[2024-07-01T19:33:08.143-0400][gc,phases   ] GC(222)   Post Evacuate Collection Set: 1,3ms
[2024-07-01T19:33:08.143-0400][gc,phases   ] GC(222)   Other: 0,2ms
[2024-07-01T19:33:08.143-0400][gc,heap     ] GC(222) Eden regions: 46->0(46)
[2024-07-01T19:33:08.143-0400][gc,heap     ] GC(222) Survivor regions: 5->5(7)
[2024-07-01T19:33:08.143-0400][gc,heap     ] GC(222) Old regions: 121->122
[2024-07-01T19:33:08.143-0400][gc,heap     ] GC(222) Humongous regions: 129->129
[2024-07-01T19:33:08.143-0400][gc,metaspace] GC(222) Metaspace: 44198K(44800K)->44198K(44800K) NonClass: 39278K(39616K)->39278K(39616K) Class: 4920K(5184K)->4920K(5184K)
[2024-07-01T19:33:08.143-0400][gc          ] GC(222) Pause Young (Normal) (G1 Evacuation Pause) 299M->254M(1024M) 11,916ms
[2024-07-01T19:33:08.143-0400][gc,cpu      ] GC(222) User=0,02s Sys=0,02s Real=0,01s
[2024-07-01T19:40:28.612-0400][gc,start    ] GC(223) Pause Young (Normal) (G1 Evacuation Pause)
[2024-07-01T19:40:28.612-0400][gc,task     ] GC(223) Using 6 workers of 6 for evacuation
[2024-07-01T19:40:28.622-0400][gc,phases   ] GC(223)   Pre Evacuate Collection Set: 1,6ms
[2024-07-01T19:40:28.622-0400][gc,phases   ] GC(223)   Merge Heap Roots: 1,2ms
[2024-07-01T19:40:28.622-0400][gc,phases   ] GC(223)   Evacuate Collection Set: 4,1ms
[2024-07-01T19:40:28.622-0400][gc,phases   ] GC(223)   Post Evacuate Collection Set: 2,0ms
[2024-07-01T19:40:28.622-0400][gc,phases   ] GC(223)   Other: 0,1ms
[2024-07-01T19:40:28.622-0400][gc,heap     ] GC(223) Eden regions: 46->0(48)
[2024-07-01T19:40:28.622-0400][gc,heap     ] GC(223) Survivor regions: 5->3(7)
[2024-07-01T19:40:28.622-0400][gc,heap     ] GC(223) Old regions: 122->123
[2024-07-01T19:40:28.622-0400][gc,heap     ] GC(223) Humongous regions: 129->129
[2024-07-01T19:40:28.622-0400][gc,metaspace] GC(223) Metaspace: 44198K(44800K)->44198K(44800K) NonClass: 39278K(39616K)->39278K(39616K) Class: 4920K(5184K)->4920K(5184K)
[2024-07-01T19:40:28.622-0400][gc          ] GC(223) Pause Young (Normal) (G1 Evacuation Pause) 300M->254M(1024M) 9,294ms
[2024-07-01T19:40:28.622-0400][gc,cpu      ] GC(223) User=0,02s Sys=0,01s Real=0,01s
[2024-07-01T19:48:10.039-0400][gc,start    ] GC(224) Pause Young (Normal) (G1 Evacuation Pause)
[2024-07-01T19:48:10.039-0400][gc,task     ] GC(224) Using 6 workers of 6 for evacuation
[2024-07-01T19:48:10.048-0400][gc,phases   ] GC(224)   Pre Evacuate Collection Set: 0,7ms
[2024-07-01T19:48:10.048-0400][gc,phases   ] GC(224)   Merge Heap Roots: 0,2ms
[2024-07-01T19:48:10.048-0400][gc,phases   ] GC(224)   Evacuate Collection Set: 3,4ms
[2024-07-01T19:48:10.048-0400][gc,phases   ] GC(224)   Post Evacuate Collection Set: 4,3ms
[2024-07-01T19:48:10.048-0400][gc,phases   ] GC(224)   Other: 0,1ms
[2024-07-01T19:48:10.048-0400][gc,heap     ] GC(224) Eden regions: 48->0(48)
[2024-07-01T19:48:10.048-0400][gc,heap     ] GC(224) Survivor regions: 3->3(7)
[2024-07-01T19:48:10.048-0400][gc,heap     ] GC(224) Old regions: 123->123
[2024-07-01T19:48:10.048-0400][gc,heap     ] GC(224) Humongous regions: 129->129
[2024-07-01T19:48:10.048-0400][gc,metaspace] GC(224) Metaspace: 44198K(44800K)->44198K(44800K) NonClass: 39278K(39616K)->39278K(39616K) Class: 4920K(5184K)->4920K(5184K)
[2024-07-01T19:48:10.048-0400][gc          ] GC(224) Pause Young (Normal) (G1 Evacuation Pause) 302M->254M(1024M) 8,824ms
[2024-07-01T19:48:10.048-0400][gc,cpu      ] GC(224) User=0,01s Sys=0,01s Real=0,01s
[2024-07-01T19:55:52.204-0400][gc,start    ] GC(225) Pause Young (Normal) (G1 Evacuation Pause)
[2024-07-01T19:55:52.204-0400][gc,task     ] GC(225) Using 6 workers of 6 for evacuation
[2024-07-01T19:55:52.220-0400][gc,phases   ] GC(225)   Pre Evacuate Collection Set: 1,2ms
[2024-07-01T19:55:52.220-0400][gc,phases   ] GC(225)   Merge Heap Roots: 0,4ms
[2024-07-01T19:55:52.220-0400][gc,phases   ] GC(225)   Evacuate Collection Set: 12,2ms
[2024-07-01T19:55:52.220-0400][gc,phases   ] GC(225)   Post Evacuate Collection Set: 1,6ms
[2024-07-01T19:55:52.220-0400][gc,phases   ] GC(225)   Other: 0,1ms
[2024-07-01T19:55:52.220-0400][gc,heap     ] GC(225) Eden regions: 48->0(47)
[2024-07-01T19:55:52.220-0400][gc,heap     ] GC(225) Survivor regions: 3->4(7)
[2024-07-01T19:55:52.220-0400][gc,heap     ] GC(225) Old regions: 123->123
[2024-07-01T19:55:52.220-0400][gc,heap     ] GC(225) Humongous regions: 129->129
[2024-07-01T19:55:52.220-0400][gc,metaspace] GC(225) Metaspace: 44198K(44800K)->44198K(44800K) NonClass: 39278K(39616K)->39278K(39616K) Class: 4920K(5184K)->4920K(5184K)
[2024-07-01T19:55:52.220-0400][gc          ] GC(225) Pause Young (Normal) (G1 Evacuation Pause) 302M->255M(1024M) 15,712ms
[2024-07-01T19:55:52.220-0400][gc,cpu      ] GC(225) User=0,01s Sys=0,03s Real=0,01s
[2024-07-01T20:02:45.047-0400][gc,start    ] GC(226) Pause Young (Normal) (G1 Evacuation Pause)
[2024-07-01T20:02:45.047-0400][gc,task     ] GC(226) Using 6 workers of 6 for evacuation
[2024-07-01T20:02:45.065-0400][gc,phases   ] GC(226)   Pre Evacuate Collection Set: 0,7ms
[2024-07-01T20:02:45.065-0400][gc,phases   ] GC(226)   Merge Heap Roots: 0,4ms
[2024-07-01T20:02:45.065-0400][gc,phases   ] GC(226)   Evacuate Collection Set: 12,5ms
[2024-07-01T20:02:45.065-0400][gc,phases   ] GC(226)   Post Evacuate Collection Set: 4,1ms
[2024-07-01T20:02:45.065-0400][gc,phases   ] GC(226)   Other: 0,1ms
[2024-07-01T20:02:45.065-0400][gc,heap     ] GC(226) Eden regions: 47->0(48)
[2024-07-01T20:02:45.065-0400][gc,heap     ] GC(226) Survivor regions: 4->3(7)
[2024-07-01T20:02:45.065-0400][gc,heap     ] GC(226) Old regions: 123->123
[2024-07-01T20:02:45.065-0400][gc,heap     ] GC(226) Humongous regions: 129->129
[2024-07-01T20:02:45.065-0400][gc,metaspace] GC(226) Metaspace: 44201K(44800K)->44201K(44800K) NonClass: 39280K(39616K)->39280K(39616K) Class: 4920K(5184K)->4920K(5184K)
[2024-07-01T20:02:45.065-0400][gc          ] GC(226) Pause Young (Normal) (G1 Evacuation Pause) 302M->254M(1024M) 17,916ms
[2024-07-01T20:02:45.065-0400][gc,cpu      ] GC(226) User=0,02s Sys=0,01s Real=0,02s
[2024-07-01T20:09:20.037-0400][gc,start    ] GC(227) Pause Young (Normal) (G1 Evacuation Pause)
[2024-07-01T20:09:20.037-0400][gc,task     ] GC(227) Using 6 workers of 6 for evacuation
[2024-07-01T20:09:20.046-0400][gc,phases   ] GC(227)   Pre Evacuate Collection Set: 0,9ms
[2024-07-01T20:09:20.046-0400][gc,phases   ] GC(227)   Merge Heap Roots: 0,2ms
[2024-07-01T20:09:20.046-0400][gc,phases   ] GC(227)   Evacuate Collection Set: 6,6ms
[2024-07-01T20:09:20.046-0400][gc,phases   ] GC(227)   Post Evacuate Collection Set: 0,8ms
[2024-07-01T20:09:20.046-0400][gc,phases   ] GC(227)   Other: 0,3ms
[2024-07-01T20:09:20.046-0400][gc,heap     ] GC(227) Eden regions: 48->0(47)
[2024-07-01T20:09:20.046-0400][gc,heap     ] GC(227) Survivor regions: 3->4(7)
[2024-07-01T20:09:20.046-0400][gc,heap     ] GC(227) Old regions: 123->123
[2024-07-01T20:09:20.046-0400][gc,heap     ] GC(227) Humongous regions: 129->129
[2024-07-01T20:09:20.046-0400][gc,metaspace] GC(227) Metaspace: 44201K(44800K)->44201K(44800K) NonClass: 39280K(39616K)->39280K(39616K) Class: 4920K(5184K)->4920K(5184K)
[2024-07-01T20:09:20.046-0400][gc          ] GC(227) Pause Young (Normal) (G1 Evacuation Pause) 302M->255M(1024M) 9,019ms
[2024-07-01T20:09:20.046-0400][gc,cpu      ] GC(227) User=0,01s Sys=0,02s Real=0,01s
[2024-07-01T20:16:00.038-0400][gc,start    ] GC(228) Pause Young (Normal) (G1 Evacuation Pause)
[2024-07-01T20:16:00.038-0400][gc,task     ] GC(228) Using 6 workers of 6 for evacuation
[2024-07-01T20:16:00.051-0400][gc,phases   ] GC(228)   Pre Evacuate Collection Set: 2,4ms
[2024-07-01T20:16:00.051-0400][gc,phases   ] GC(228)   Merge Heap Roots: 0,4ms
[2024-07-01T20:16:00.051-0400][gc,phases   ] GC(228)   Evacuate Collection Set: 9,7ms
[2024-07-01T20:16:00.051-0400][gc,phases   ] GC(228)   Post Evacuate Collection Set: 0,8ms
[2024-07-01T20:16:00.051-0400][gc,phases   ] GC(228)   Other: 0,1ms
[2024-07-01T20:16:00.051-0400][gc,heap     ] GC(228) Eden regions: 47->0(47)
[2024-07-01T20:16:00.051-0400][gc,heap     ] GC(228) Survivor regions: 4->4(7)
[2024-07-01T20:16:00.051-0400][gc,heap     ] GC(228) Old regions: 123->123
[2024-07-01T20:16:00.051-0400][gc,heap     ] GC(228) Humongous regions: 129->129
[2024-07-01T20:16:00.051-0400][gc,metaspace] GC(228) Metaspace: 44206K(44800K)->44206K(44800K) NonClass: 39286K(39616K)->39286K(39616K) Class: 4920K(5184K)->4920K(5184K)
[2024-07-01T20:16:00.051-0400][gc          ] GC(228) Pause Young (Normal) (G1 Evacuation Pause) 302M->255M(1024M) 13,676ms
[2024-07-01T20:16:00.051-0400][gc,cpu      ] GC(228) User=0,02s Sys=0,00s Real=0,01s
[2024-07-01T20:21:34.229-0400][gc,start    ] GC(229) Pause Young (Normal) (G1 Evacuation Pause)
[2024-07-01T20:21:34.229-0400][gc,task     ] GC(229) Using 6 workers of 6 for evacuation
[2024-07-01T20:21:34.240-0400][gc,phases   ] GC(229)   Pre Evacuate Collection Set: 0,6ms
[2024-07-01T20:21:34.240-0400][gc,phases   ] GC(229)   Merge Heap Roots: 0,3ms
[2024-07-01T20:21:34.240-0400][gc,phases   ] GC(229)   Evacuate Collection Set: 8,6ms
[2024-07-01T20:21:34.240-0400][gc,phases   ] GC(229)   Post Evacuate Collection Set: 1,5ms
[2024-07-01T20:21:34.240-0400][gc,phases   ] GC(229)   Other: 0,1ms
[2024-07-01T20:21:34.240-0400][gc,heap     ] GC(229) Eden regions: 47->0(45)
[2024-07-01T20:21:34.240-0400][gc,heap     ] GC(229) Survivor regions: 4->6(7)
[2024-07-01T20:21:34.240-0400][gc,heap     ] GC(229) Old regions: 123->123
[2024-07-01T20:21:34.240-0400][gc,heap     ] GC(229) Humongous regions: 129->129
[2024-07-01T20:21:34.240-0400][gc,metaspace] GC(229) Metaspace: 44213K(44864K)->44213K(44864K) NonClass: 39292K(39680K)->39292K(39680K) Class: 4920K(5184K)->4920K(5184K)
[2024-07-01T20:21:34.240-0400][gc          ] GC(229) Pause Young (Normal) (G1 Evacuation Pause) 302M->257M(1024M) 11,269ms
[2024-07-01T20:21:34.240-0400][gc,cpu      ] GC(229) User=0,03s Sys=0,00s Real=0,01s
[2024-07-01T20:26:53.604-0400][gc,start    ] GC(230) Pause Young (Normal) (G1 Evacuation Pause)
[2024-07-01T20:26:53.604-0400][gc,task     ] GC(230) Using 6 workers of 6 for evacuation
[2024-07-01T20:26:53.631-0400][gc,mmu      ] GC(230) MMU target violated: 21,0ms (20,0ms/21,0ms)
[2024-07-01T20:26:53.631-0400][gc,phases   ] GC(230)   Pre Evacuate Collection Set: 2,9ms
[2024-07-01T20:26:53.631-0400][gc,phases   ] GC(230)   Merge Heap Roots: 0,1ms
[2024-07-01T20:26:53.631-0400][gc,phases   ] GC(230)   Evacuate Collection Set: 10,7ms
[2024-07-01T20:26:53.631-0400][gc,phases   ] GC(230)   Post Evacuate Collection Set: 11,7ms
[2024-07-01T20:26:53.631-0400][gc,phases   ] GC(230)   Other: 1,0ms
[2024-07-01T20:26:53.631-0400][gc,heap     ] GC(230) Eden regions: 45->0(47)
[2024-07-01T20:26:53.631-0400][gc,heap     ] GC(230) Survivor regions: 6->4(7)
[2024-07-01T20:26:53.631-0400][gc,heap     ] GC(230) Old regions: 123->125
[2024-07-01T20:26:53.631-0400][gc,heap     ] GC(230) Humongous regions: 129->129
[2024-07-01T20:26:53.631-0400][gc,metaspace] GC(230) Metaspace: 44240K(44864K)->44240K(44864K) NonClass: 39319K(39680K)->39319K(39680K) Class: 4920K(5184K)->4920K(5184K)
[2024-07-01T20:26:53.631-0400][gc          ] GC(230) Pause Young (Normal) (G1 Evacuation Pause) 302M->257M(1024M) 26,649ms
[2024-07-01T20:26:53.631-0400][gc,cpu      ] GC(230) User=0,02s Sys=0,01s Real=0,03s
[2024-07-01T20:33:00.029-0400][gc,start    ] GC(231) Pause Young (Normal) (G1 Evacuation Pause)
[2024-07-01T20:33:00.030-0400][gc,task     ] GC(231) Using 6 workers of 6 for evacuation
[2024-07-01T20:33:00.052-0400][gc,mmu      ] GC(231) MMU target violated: 21,0ms (20,0ms/21,0ms)
[2024-07-01T20:33:00.052-0400][gc,phases   ] GC(231)   Pre Evacuate Collection Set: 0,9ms
[2024-07-01T20:33:00.052-0400][gc,phases   ] GC(231)   Merge Heap Roots: 0,2ms
[2024-07-01T20:33:00.052-0400][gc,phases   ] GC(231)   Evacuate Collection Set: 16,3ms
[2024-07-01T20:33:00.052-0400][gc,phases   ] GC(231)   Post Evacuate Collection Set: 5,4ms
[2024-07-01T20:33:00.052-0400][gc,phases   ] GC(231)   Other: 0,1ms
[2024-07-01T20:33:00.052-0400][gc,heap     ] GC(231) Eden regions: 47->0(46)
[2024-07-01T20:33:00.052-0400][gc,heap     ] GC(231) Survivor regions: 4->5(7)
[2024-07-01T20:33:00.052-0400][gc,heap     ] GC(231) Old regions: 125->125
[2024-07-01T20:33:00.052-0400][gc,heap     ] GC(231) Humongous regions: 129->129
[2024-07-01T20:33:00.052-0400][gc,metaspace] GC(231) Metaspace: 44252K(44928K)->44252K(44928K) NonClass: 39331K(39744K)->39331K(39744K) Class: 4920K(5184K)->4920K(5184K)
[2024-07-01T20:33:00.053-0400][gc          ] GC(231) Pause Young (Normal) (G1 Evacuation Pause) 304M->258M(1024M) 23,024ms
[2024-07-01T20:33:00.053-0400][gc,cpu      ] GC(231) User=0,04s Sys=0,02s Real=0,02s
[2024-07-01T20:42:06.259-0400][gc,start    ] GC(232) Pause Young (Normal) (G1 Evacuation Pause)
[2024-07-01T20:42:06.259-0400][gc,task     ] GC(232) Using 6 workers of 6 for evacuation
[2024-07-01T20:42:06.277-0400][gc,phases   ] GC(232)   Pre Evacuate Collection Set: 0,5ms
[2024-07-01T20:42:06.277-0400][gc,phases   ] GC(232)   Merge Heap Roots: 0,3ms
[2024-07-01T20:42:06.277-0400][gc,phases   ] GC(232)   Evacuate Collection Set: 15,0ms
[2024-07-01T20:42:06.277-0400][gc,phases   ] GC(232)   Post Evacuate Collection Set: 1,3ms
[2024-07-01T20:42:06.277-0400][gc,phases   ] GC(232)   Other: 0,1ms
[2024-07-01T20:42:06.277-0400][gc,heap     ] GC(232) Eden regions: 46->0(48)
[2024-07-01T20:42:06.277-0400][gc,heap     ] GC(232) Survivor regions: 5->3(7)
[2024-07-01T20:42:06.277-0400][gc,heap     ] GC(232) Old regions: 125->126
[2024-07-01T20:42:06.277-0400][gc,heap     ] GC(232) Humongous regions: 129->129
[2024-07-01T20:42:06.277-0400][gc,metaspace] GC(232) Metaspace: 44510K(45184K)->44510K(45184K) NonClass: 39539K(39936K)->39539K(39936K) Class: 4971K(5248K)->4971K(5248K)
[2024-07-01T20:42:06.277-0400][gc          ] GC(232) Pause Young (Normal) (G1 Evacuation Pause) 304M->257M(1024M) 17,275ms
[2024-07-01T20:42:06.277-0400][gc,cpu      ] GC(232) User=0,04s Sys=0,01s Real=0,02s
[2024-07-01T20:50:55.545-0400][gc,start    ] GC(233) Pause Young (Normal) (G1 Evacuation Pause)
[2024-07-01T20:50:55.545-0400][gc,task     ] GC(233) Using 6 workers of 6 for evacuation
[2024-07-01T20:50:55.566-0400][gc,mmu      ] GC(233) MMU target violated: 20,7ms (20,0ms/21,0ms)
[2024-07-01T20:50:55.566-0400][gc,phases   ] GC(233)   Pre Evacuate Collection Set: 0,9ms
[2024-07-01T20:50:55.566-0400][gc,phases   ] GC(233)   Merge Heap Roots: 0,2ms
[2024-07-01T20:50:55.566-0400][gc,phases   ] GC(233)   Evacuate Collection Set: 17,1ms
[2024-07-01T20:50:55.566-0400][gc,phases   ] GC(233)   Post Evacuate Collection Set: 2,4ms
[2024-07-01T20:50:55.566-0400][gc,phases   ] GC(233)   Other: 0,1ms
[2024-07-01T20:50:55.566-0400][gc,heap     ] GC(233) Eden regions: 48->0(48)
[2024-07-01T20:50:55.566-0400][gc,heap     ] GC(233) Survivor regions: 3->3(7)
[2024-07-01T20:50:55.566-0400][gc,heap     ] GC(233) Old regions: 126->126
[2024-07-01T20:50:55.566-0400][gc,heap     ] GC(233) Humongous regions: 129->129
[2024-07-01T20:50:55.566-0400][gc,metaspace] GC(233) Metaspace: 44531K(45184K)->44531K(45184K) NonClass: 39559K(39936K)->39559K(39936K) Class: 4972K(5248K)->4972K(5248K)
[2024-07-01T20:50:55.566-0400][gc          ] GC(233) Pause Young (Normal) (G1 Evacuation Pause) 305M->257M(1024M) 20,899ms
[2024-07-01T20:50:55.566-0400][gc,cpu      ] GC(233) User=0,02s Sys=0,02s Real=0,02s
[2024-07-01T20:57:32.815-0400][gc,start    ] GC(234) Pause Young (Normal) (G1 Evacuation Pause)
[2024-07-01T20:57:32.816-0400][gc,task     ] GC(234) Using 6 workers of 6 for evacuation
[2024-07-01T20:57:32.840-0400][gc,mmu      ] GC(234) MMU target violated: 21,0ms (20,0ms/21,0ms)
[2024-07-01T20:57:32.840-0400][gc,phases   ] GC(234)   Pre Evacuate Collection Set: 2,5ms
[2024-07-01T20:57:32.840-0400][gc,phases   ] GC(234)   Merge Heap Roots: 0,3ms
[2024-07-01T20:57:32.840-0400][gc,phases   ] GC(234)   Evacuate Collection Set: 19,6ms
[2024-07-01T20:57:32.840-0400][gc,phases   ] GC(234)   Post Evacuate Collection Set: 1,0ms
[2024-07-01T20:57:32.840-0400][gc,phases   ] GC(234)   Other: 0,1ms
[2024-07-01T20:57:32.840-0400][gc,heap     ] GC(234) Eden regions: 48->0(51)
[2024-07-01T20:57:32.840-0400][gc,heap     ] GC(234) Survivor regions: 3->4(7)
[2024-07-01T20:57:32.840-0400][gc,heap     ] GC(234) Old regions: 126->126
[2024-07-01T20:57:32.840-0400][gc,heap     ] GC(234) Humongous regions: 129->129
[2024-07-01T20:57:32.840-0400][gc,metaspace] GC(234) Metaspace: 44545K(45248K)->44545K(45248K) NonClass: 39573K(40000K)->39573K(40000K) Class: 4972K(5248K)->4972K(5248K)
[2024-07-01T20:57:32.840-0400][gc          ] GC(234) Pause Young (Normal) (G1 Evacuation Pause) 305M->258M(1024M) 24,645ms
[2024-07-01T20:57:32.840-0400][gc,cpu      ] GC(234) User=0,04s Sys=0,01s Real=0,02s
[2024-07-01T21:05:10.126-0400][gc,start    ] GC(235) Pause Young (Normal) (G1 Evacuation Pause)
[2024-07-01T21:05:10.126-0400][gc,task     ] GC(235) Using 6 workers of 6 for evacuation
[2024-07-01T21:05:10.284-0400][gc,mmu      ] GC(235) MMU target violated: 21,0ms (20,0ms/21,0ms)
[2024-07-01T21:05:10.284-0400][gc,phases   ] GC(235)   Pre Evacuate Collection Set: 0,4ms
[2024-07-01T21:05:10.284-0400][gc,phases   ] GC(235)   Merge Heap Roots: 0,2ms
[2024-07-01T21:05:10.284-0400][gc,phases   ] GC(235)   Evacuate Collection Set: 155,6ms
[2024-07-01T21:05:10.284-0400][gc,phases   ] GC(235)   Post Evacuate Collection Set: 1,2ms
[2024-07-01T21:05:10.284-0400][gc,phases   ] GC(235)   Other: 0,1ms
[2024-07-01T21:05:10.284-0400][gc,heap     ] GC(235) Eden regions: 56->0(47)
[2024-07-01T21:05:10.284-0400][gc,heap     ] GC(235) Survivor regions: 4->4(8)
[2024-07-01T21:05:10.284-0400][gc,heap     ] GC(235) Old regions: 126->126
[2024-07-01T21:05:10.284-0400][gc,heap     ] GC(235) Humongous regions: 129->129
[2024-07-01T21:05:10.284-0400][gc,metaspace] GC(235) Metaspace: 44545K(45248K)->44545K(45248K) NonClass: 39573K(40000K)->39573K(40000K) Class: 4972K(5248K)->4972K(5248K)
[2024-07-01T21:05:10.284-0400][gc          ] GC(235) Pause Young (Normal) (G1 Evacuation Pause) 314M->258M(1024M) 157,808ms
[2024-07-01T21:05:10.284-0400][gc,cpu      ] GC(235) User=0,01s Sys=0,07s Real=0,15s
[2024-07-01T21:11:02.631-0400][gc,start    ] GC(236) Pause Young (Normal) (G1 Evacuation Pause)
[2024-07-01T21:11:02.631-0400][gc,task     ] GC(236) Using 6 workers of 6 for evacuation
[2024-07-01T21:11:02.655-0400][gc,mmu      ] GC(236) MMU target violated: 21,0ms (20,0ms/21,0ms)
[2024-07-01T21:11:02.655-0400][gc,phases   ] GC(236)   Pre Evacuate Collection Set: 1,7ms
[2024-07-01T21:11:02.655-0400][gc,phases   ] GC(236)   Merge Heap Roots: 0,2ms
[2024-07-01T21:11:02.655-0400][gc,phases   ] GC(236)   Evacuate Collection Set: 6,5ms
[2024-07-01T21:11:02.655-0400][gc,phases   ] GC(236)   Post Evacuate Collection Set: 11,3ms
[2024-07-01T21:11:02.655-0400][gc,phases   ] GC(236)   Other: 4,1ms
[2024-07-01T21:11:02.655-0400][gc,heap     ] GC(236) Eden regions: 47->0(47)
[2024-07-01T21:11:02.655-0400][gc,heap     ] GC(236) Survivor regions: 4->4(7)
[2024-07-01T21:11:02.655-0400][gc,heap     ] GC(236) Old regions: 126->126
[2024-07-01T21:11:02.655-0400][gc,heap     ] GC(236) Humongous regions: 129->129
[2024-07-01T21:11:02.655-0400][gc,metaspace] GC(236) Metaspace: 44551K(45248K)->44551K(45248K) NonClass: 39578K(40000K)->39578K(40000K) Class: 4972K(5248K)->4972K(5248K)
[2024-07-01T21:11:02.655-0400][gc          ] GC(236) Pause Young (Normal) (G1 Evacuation Pause) 305M->258M(1024M) 23,941ms
[2024-07-01T21:11:02.655-0400][gc,cpu      ] GC(236) User=0,01s Sys=0,02s Real=0,03s
[2024-07-01T21:17:03.065-0400][gc,start    ] GC(237) Pause Young (Normal) (G1 Evacuation Pause)
[2024-07-01T21:17:03.065-0400][gc,task     ] GC(237) Using 6 workers of 6 for evacuation
[2024-07-01T21:17:03.076-0400][gc,phases   ] GC(237)   Pre Evacuate Collection Set: 0,7ms
[2024-07-01T21:17:03.076-0400][gc,phases   ] GC(237)   Merge Heap Roots: 0,6ms
[2024-07-01T21:17:03.076-0400][gc,phases   ] GC(237)   Evacuate Collection Set: 5,4ms
[2024-07-01T21:17:03.076-0400][gc,phases   ] GC(237)   Post Evacuate Collection Set: 2,3ms
[2024-07-01T21:17:03.076-0400][gc,phases   ] GC(237)   Other: 2,0ms
[2024-07-01T21:17:03.076-0400][gc,heap     ] GC(237) Eden regions: 47->0(47)
[2024-07-01T21:17:03.076-0400][gc,heap     ] GC(237) Survivor regions: 4->4(7)
[2024-07-01T21:17:03.076-0400][gc,heap     ] GC(237) Old regions: 126->126
[2024-07-01T21:17:03.076-0400][gc,heap     ] GC(237) Humongous regions: 129->129
[2024-07-01T21:17:03.076-0400][gc,metaspace] GC(237) Metaspace: 44573K(45248K)->44573K(45248K) NonClass: 39601K(40000K)->39601K(40000K) Class: 4972K(5248K)->4972K(5248K)
[2024-07-01T21:17:03.076-0400][gc          ] GC(237) Pause Young (Normal) (G1 Evacuation Pause) 305M->258M(1024M) 11,059ms
[2024-07-01T21:17:03.076-0400][gc,cpu      ] GC(237) User=0,03s Sys=0,00s Real=0,01s
[2024-07-01T21:23:06.323-0400][gc,start    ] GC(238) Pause Young (Normal) (G1 Evacuation Pause)
[2024-07-01T21:23:06.323-0400][gc,task     ] GC(238) Using 6 workers of 6 for evacuation
[2024-07-01T21:23:06.350-0400][gc,mmu      ] GC(238) MMU target violated: 21,0ms (20,0ms/21,0ms)
[2024-07-01T21:23:06.350-0400][gc,phases   ] GC(238)   Pre Evacuate Collection Set: 9,1ms
[2024-07-01T21:23:06.350-0400][gc,phases   ] GC(238)   Merge Heap Roots: 0,1ms
[2024-07-01T21:23:06.350-0400][gc,phases   ] GC(238)   Evacuate Collection Set: 12,8ms
[2024-07-01T21:23:06.350-0400][gc,phases   ] GC(238)   Post Evacuate Collection Set: 4,7ms
[2024-07-01T21:23:06.350-0400][gc,phases   ] GC(238)   Other: 0,1ms
[2024-07-01T21:23:06.350-0400][gc,heap     ] GC(238) Eden regions: 47->0(46)
[2024-07-01T21:23:06.350-0400][gc,heap     ] GC(238) Survivor regions: 4->5(7)
[2024-07-01T21:23:06.350-0400][gc,heap     ] GC(238) Old regions: 126->126
[2024-07-01T21:23:06.350-0400][gc,heap     ] GC(238) Humongous regions: 129->129
[2024-07-01T21:23:06.350-0400][gc,metaspace] GC(238) Metaspace: 44574K(45248K)->44574K(45248K) NonClass: 39602K(40000K)->39602K(40000K) Class: 4972K(5248K)->4972K(5248K)
[2024-07-01T21:23:06.350-0400][gc          ] GC(238) Pause Young (Normal) (G1 Evacuation Pause) 305M->259M(1024M) 26,945ms
[2024-07-01T21:23:06.350-0400][gc,cpu      ] GC(238) User=0,04s Sys=0,00s Real=0,03s
[2024-07-01T21:29:20.140-0400][gc,start    ] GC(239) Pause Young (Normal) (G1 Evacuation Pause)
[2024-07-01T21:29:20.140-0400][gc,task     ] GC(239) Using 6 workers of 6 for evacuation
[2024-07-01T21:29:20.165-0400][gc,mmu      ] GC(239) MMU target violated: 21,0ms (20,0ms/21,0ms)
[2024-07-01T21:29:20.165-0400][gc,phases   ] GC(239)   Pre Evacuate Collection Set: 0,4ms
[2024-07-01T21:29:20.165-0400][gc,phases   ] GC(239)   Merge Heap Roots: 2,7ms
[2024-07-01T21:29:20.165-0400][gc,phases   ] GC(239)   Evacuate Collection Set: 15,5ms
[2024-07-01T21:29:20.165-0400][gc,phases   ] GC(239)   Post Evacuate Collection Set: 5,6ms
[2024-07-01T21:29:20.165-0400][gc,phases   ] GC(239)   Other: 0,2ms
[2024-07-01T21:29:20.165-0400][gc,heap     ] GC(239) Eden regions: 46->0(46)
[2024-07-01T21:29:20.165-0400][gc,heap     ] GC(239) Survivor regions: 5->5(7)
[2024-07-01T21:29:20.165-0400][gc,heap     ] GC(239) Old regions: 126->127
[2024-07-01T21:29:20.165-0400][gc,heap     ] GC(239) Humongous regions: 129->129
[2024-07-01T21:29:20.165-0400][gc,metaspace] GC(239) Metaspace: 44585K(45248K)->44585K(45248K) NonClass: 39613K(40000K)->39613K(40000K) Class: 4972K(5248K)->4972K(5248K)
[2024-07-01T21:29:20.165-0400][gc          ] GC(239) Pause Young (Normal) (G1 Evacuation Pause) 305M->260M(1024M) 24,700ms
[2024-07-01T21:29:20.165-0400][gc,cpu      ] GC(239) User=0,03s Sys=0,02s Real=0,03s
[2024-07-01T21:36:40.578-0400][gc,start    ] GC(240) Pause Young (Normal) (G1 Evacuation Pause)
[2024-07-01T21:36:40.578-0400][gc,task     ] GC(240) Using 6 workers of 6 for evacuation
[2024-07-01T21:36:40.584-0400][gc,phases   ] GC(240)   Pre Evacuate Collection Set: 0,6ms
[2024-07-01T21:36:40.584-0400][gc,phases   ] GC(240)   Merge Heap Roots: 0,3ms
[2024-07-01T21:36:40.584-0400][gc,phases   ] GC(240)   Evacuate Collection Set: 4,0ms
[2024-07-01T21:36:40.584-0400][gc,phases   ] GC(240)   Post Evacuate Collection Set: 1,1ms
[2024-07-01T21:36:40.584-0400][gc,phases   ] GC(240)   Other: 0,3ms
[2024-07-01T21:36:40.584-0400][gc,heap     ] GC(240) Eden regions: 46->0(48)
[2024-07-01T21:36:40.584-0400][gc,heap     ] GC(240) Survivor regions: 5->3(7)
[2024-07-01T21:36:40.584-0400][gc,heap     ] GC(240) Old regions: 127->129
[2024-07-01T21:36:40.584-0400][gc,heap     ] GC(240) Humongous regions: 129->129
[2024-07-01T21:36:40.584-0400][gc,metaspace] GC(240) Metaspace: 44585K(45248K)->44585K(45248K) NonClass: 39613K(40000K)->39613K(40000K) Class: 4972K(5248K)->4972K(5248K)
[2024-07-01T21:36:40.584-0400][gc          ] GC(240) Pause Young (Normal) (G1 Evacuation Pause) 306M->260M(1024M) 6,400ms
[2024-07-01T21:36:40.584-0400][gc,cpu      ] GC(240) User=0,01s Sys=0,01s Real=0,01s
[2024-07-01T21:44:20.060-0400][gc,start    ] GC(241) Pause Young (Normal) (G1 Evacuation Pause)
[2024-07-01T21:44:20.060-0400][gc,task     ] GC(241) Using 6 workers of 6 for evacuation
[2024-07-01T21:44:20.081-0400][gc,mmu      ] GC(241) MMU target violated: 21,0ms (20,0ms/21,0ms)
[2024-07-01T21:44:20.081-0400][gc,phases   ] GC(241)   Pre Evacuate Collection Set: 8,3ms
[2024-07-01T21:44:20.081-0400][gc,phases   ] GC(241)   Merge Heap Roots: 0,1ms
[2024-07-01T21:44:20.081-0400][gc,phases   ] GC(241)   Evacuate Collection Set: 4,7ms
[2024-07-01T21:44:20.081-0400][gc,phases   ] GC(241)   Post Evacuate Collection Set: 7,9ms
[2024-07-01T21:44:20.081-0400][gc,phases   ] GC(241)   Other: 0,1ms
[2024-07-01T21:44:20.081-0400][gc,heap     ] GC(241) Eden regions: 48->0(48)
[2024-07-01T21:44:20.081-0400][gc,heap     ] GC(241) Survivor regions: 3->3(7)
[2024-07-01T21:44:20.081-0400][gc,heap     ] GC(241) Old regions: 129->129
[2024-07-01T21:44:20.081-0400][gc,heap     ] GC(241) Humongous regions: 129->129
[2024-07-01T21:44:20.081-0400][gc,metaspace] GC(241) Metaspace: 44585K(45248K)->44585K(45248K) NonClass: 39613K(40000K)->39613K(40000K) Class: 4972K(5248K)->4972K(5248K)
[2024-07-01T21:44:20.081-0400][gc          ] GC(241) Pause Young (Normal) (G1 Evacuation Pause) 308M->259M(1024M) 21,241ms
[2024-07-01T21:44:20.081-0400][gc,cpu      ] GC(241) User=0,01s Sys=0,01s Real=0,02s
[2024-07-01T21:51:25.038-0400][gc,start    ] GC(242) Pause Young (Normal) (G1 Evacuation Pause)
[2024-07-01T21:51:25.048-0400][gc,task     ] GC(242) Using 6 workers of 6 for evacuation
[2024-07-01T21:51:25.066-0400][gc,phases   ] GC(242)   Pre Evacuate Collection Set: 0,3ms
[2024-07-01T21:51:25.066-0400][gc,phases   ] GC(242)   Merge Heap Roots: 0,2ms
[2024-07-01T21:51:25.066-0400][gc,phases   ] GC(242)   Evacuate Collection Set: 12,0ms
[2024-07-01T21:51:25.066-0400][gc,phases   ] GC(242)   Post Evacuate Collection Set: 0,8ms
[2024-07-01T21:51:25.066-0400][gc,phases   ] GC(242)   Other: 4,7ms
[2024-07-01T21:51:25.066-0400][gc,heap     ] GC(242) Eden regions: 48->0(47)
[2024-07-01T21:51:25.066-0400][gc,heap     ] GC(242) Survivor regions: 3->4(7)
[2024-07-01T21:51:25.066-0400][gc,heap     ] GC(242) Old regions: 129->129
[2024-07-01T21:51:25.066-0400][gc,heap     ] GC(242) Humongous regions: 129->129
[2024-07-01T21:51:25.066-0400][gc,metaspace] GC(242) Metaspace: 44586K(45248K)->44586K(45248K) NonClass: 39613K(40000K)->39613K(40000K) Class: 4972K(5248K)->4972K(5248K)
[2024-07-01T21:51:25.066-0400][gc          ] GC(242) Pause Young (Normal) (G1 Evacuation Pause) 307M->260M(1024M) 28,370ms
[2024-07-01T21:51:25.066-0400][gc,cpu      ] GC(242) User=0,02s Sys=0,01s Real=0,03s
[2024-07-01T21:58:56.724-0400][gc,start    ] GC(243) Pause Young (Normal) (G1 Evacuation Pause)
[2024-07-01T21:58:56.724-0400][gc,task     ] GC(243) Using 6 workers of 6 for evacuation
[2024-07-01T21:58:56.734-0400][gc,phases   ] GC(243)   Pre Evacuate Collection Set: 0,8ms
[2024-07-01T21:58:56.734-0400][gc,phases   ] GC(243)   Merge Heap Roots: 0,2ms
[2024-07-01T21:58:56.734-0400][gc,phases   ] GC(243)   Evacuate Collection Set: 8,3ms
[2024-07-01T21:58:56.734-0400][gc,phases   ] GC(243)   Post Evacuate Collection Set: 1,2ms
[2024-07-01T21:58:56.734-0400][gc,phases   ] GC(243)   Other: 0,1ms
[2024-07-01T21:58:56.734-0400][gc,heap     ] GC(243) Eden regions: 47->0(48)
[2024-07-01T21:58:56.734-0400][gc,heap     ] GC(243) Survivor regions: 4->3(7)
[2024-07-01T21:58:56.734-0400][gc,heap     ] GC(243) Old regions: 129->129
[2024-07-01T21:58:56.734-0400][gc,heap     ] GC(243) Humongous regions: 129->129
[2024-07-01T21:58:56.734-0400][gc,metaspace] GC(243) Metaspace: 44586K(45248K)->44586K(45248K) NonClass: 39613K(40000K)->39613K(40000K) Class: 4972K(5248K)->4972K(5248K)
[2024-07-01T21:58:56.734-0400][gc          ] GC(243) Pause Young (Normal) (G1 Evacuation Pause) 307M->260M(1024M) 10,899ms
[2024-07-01T21:58:56.734-0400][gc,cpu      ] GC(243) User=0,01s Sys=0,01s Real=0,02s
[2024-07-01T22:06:37.152-0400][gc,start    ] GC(244) Pause Young (Normal) (G1 Evacuation Pause)
[2024-07-01T22:06:37.153-0400][gc,task     ] GC(244) Using 6 workers of 6 for evacuation
[2024-07-01T22:06:37.161-0400][gc,phases   ] GC(244)   Pre Evacuate Collection Set: 0,7ms
[2024-07-01T22:06:37.161-0400][gc,phases   ] GC(244)   Merge Heap Roots: 0,3ms
[2024-07-01T22:06:37.161-0400][gc,phases   ] GC(244)   Evacuate Collection Set: 3,9ms
[2024-07-01T22:06:37.161-0400][gc,phases   ] GC(244)   Post Evacuate Collection Set: 2,4ms
[2024-07-01T22:06:37.161-0400][gc,phases   ] GC(244)   Other: 0,1ms
[2024-07-01T22:06:37.161-0400][gc,heap     ] GC(244) Eden regions: 48->0(48)
[2024-07-01T22:06:37.161-0400][gc,heap     ] GC(244) Survivor regions: 3->3(7)
[2024-07-01T22:06:37.161-0400][gc,heap     ] GC(244) Old regions: 129->129
[2024-07-01T22:06:37.161-0400][gc,heap     ] GC(244) Humongous regions: 129->129
[2024-07-01T22:06:37.161-0400][gc,metaspace] GC(244) Metaspace: 44586K(45248K)->44586K(45248K) NonClass: 39613K(40000K)->39613K(40000K) Class: 4972K(5248K)->4972K(5248K)
[2024-07-01T22:06:37.161-0400][gc          ] GC(244) Pause Young (Normal) (G1 Evacuation Pause) 308M->259M(1024M) 8,185ms
[2024-07-01T22:06:37.161-0400][gc,cpu      ] GC(244) User=0,01s Sys=0,00s Real=0,01s
[2024-07-01T22:14:17.297-0400][gc,start    ] GC(245) Pause Young (Normal) (G1 Evacuation Pause)
[2024-07-01T22:14:17.297-0400][gc,task     ] GC(245) Using 6 workers of 6 for evacuation
[2024-07-01T22:14:17.311-0400][gc,phases   ] GC(245)   Pre Evacuate Collection Set: 0,7ms
[2024-07-01T22:14:17.311-0400][gc,phases   ] GC(245)   Merge Heap Roots: 3,9ms
[2024-07-01T22:14:17.311-0400][gc,phases   ] GC(245)   Evacuate Collection Set: 7,9ms
[2024-07-01T22:14:17.311-0400][gc,phases   ] GC(245)   Post Evacuate Collection Set: 1,1ms
[2024-07-01T22:14:17.311-0400][gc,phases   ] GC(245)   Other: 0,1ms
[2024-07-01T22:14:17.311-0400][gc,heap     ] GC(245) Eden regions: 48->0(113)
[2024-07-01T22:14:17.311-0400][gc,heap     ] GC(245) Survivor regions: 3->3(7)
[2024-07-01T22:14:17.311-0400][gc,heap     ] GC(245) Old regions: 129->129
[2024-07-01T22:14:17.311-0400][gc,heap     ] GC(245) Humongous regions: 129->129
[2024-07-01T22:14:17.311-0400][gc,metaspace] GC(245) Metaspace: 44586K(45248K)->44586K(45248K) NonClass: 39613K(40000K)->39613K(40000K) Class: 4972K(5248K)->4972K(5248K)
[2024-07-01T22:14:17.311-0400][gc          ] GC(245) Pause Young (Normal) (G1 Evacuation Pause) 307M->259M(1024M) 13,849ms
[2024-07-01T22:14:17.311-0400][gc,cpu      ] GC(245) User=0,01s Sys=0,02s Real=0,01s
[2024-07-01T22:32:16.979-0400][gc,start    ] GC(246) Pause Young (Normal) (G1 Evacuation Pause)
[2024-07-01T22:32:16.979-0400][gc,task     ] GC(246) Using 6 workers of 6 for evacuation
[2024-07-01T22:32:16.985-0400][gc,phases   ] GC(246)   Pre Evacuate Collection Set: 0,7ms
[2024-07-01T22:32:16.985-0400][gc,phases   ] GC(246)   Merge Heap Roots: 0,5ms
[2024-07-01T22:32:16.985-0400][gc,phases   ] GC(246)   Evacuate Collection Set: 2,9ms
[2024-07-01T22:32:16.985-0400][gc,phases   ] GC(246)   Post Evacuate Collection Set: 1,1ms
[2024-07-01T22:32:16.985-0400][gc,phases   ] GC(246)   Other: 0,1ms
[2024-07-01T22:32:16.985-0400][gc,heap     ] GC(246) Eden regions: 115->0(211)
[2024-07-01T22:32:16.985-0400][gc,heap     ] GC(246) Survivor regions: 3->4(15)
[2024-07-01T22:32:16.985-0400][gc,heap     ] GC(246) Old regions: 129->129
[2024-07-01T22:32:16.985-0400][gc,heap     ] GC(246) Humongous regions: 129->129
[2024-07-01T22:32:16.985-0400][gc,metaspace] GC(246) Metaspace: 44586K(45248K)->44586K(45248K) NonClass: 39613K(40000K)->39613K(40000K) Class: 4972K(5248K)->4972K(5248K)
[2024-07-01T22:32:16.985-0400][gc          ] GC(246) Pause Young (Normal) (G1 Evacuation Pause) 374M->260M(1024M) 5,625ms
[2024-07-01T22:32:16.985-0400][gc,cpu      ] GC(246) User=0,00s Sys=0,01s Real=0,01s
[2024-07-01T23:02:31.077-0400][gc,start    ] GC(247) Pause Young (Normal) (G1 Evacuation Pause)
[2024-07-01T23:02:31.085-0400][gc,task     ] GC(247) Using 6 workers of 6 for evacuation
[2024-07-01T23:02:31.209-0400][gc,mmu      ] GC(247) MMU target violated: 21,0ms (20,0ms/21,0ms)
[2024-07-01T23:02:31.209-0400][gc,phases   ] GC(247)   Pre Evacuate Collection Set: 7,2ms
[2024-07-01T23:02:31.209-0400][gc,phases   ] GC(247)   Merge Heap Roots: 0,4ms
[2024-07-01T23:02:31.209-0400][gc,phases   ] GC(247)   Evacuate Collection Set: 114,2ms
[2024-07-01T23:02:31.209-0400][gc,phases   ] GC(247)   Post Evacuate Collection Set: 1,7ms
[2024-07-01T23:02:31.209-0400][gc,phases   ] GC(247)   Other: 6,4ms
[2024-07-01T23:02:31.209-0400][gc,heap     ] GC(247) Eden regions: 204->0(47)
[2024-07-01T23:02:31.209-0400][gc,heap     ] GC(247) Survivor regions: 4->4(26)
[2024-07-01T23:02:31.209-0400][gc,heap     ] GC(247) Old regions: 129->129
[2024-07-01T23:02:31.209-0400][gc,heap     ] GC(247) Humongous regions: 129->129
[2024-07-01T23:02:31.209-0400][gc,metaspace] GC(247) Metaspace: 44600K(45248K)->44600K(45248K) NonClass: 39627K(40000K)->39627K(40000K) Class: 4973K(5248K)->4973K(5248K)
[2024-07-01T23:02:31.209-0400][gc          ] GC(247) Pause Young (Normal) (G1 Evacuation Pause) 464M->261M(1024M) 132,476ms
[2024-07-01T23:02:31.209-0400][gc,cpu      ] GC(247) User=0,02s Sys=0,09s Real=0,13s
[2024-07-01T23:09:37.383-0400][gc,start    ] GC(248) Pause Young (Normal) (G1 Evacuation Pause)
[2024-07-01T23:09:37.388-0400][gc,task     ] GC(248) Using 6 workers of 6 for evacuation
[2024-07-01T23:09:37.397-0400][gc,phases   ] GC(248)   Pre Evacuate Collection Set: 2,9ms
[2024-07-01T23:09:37.397-0400][gc,phases   ] GC(248)   Merge Heap Roots: 0,2ms
[2024-07-01T23:09:37.397-0400][gc,phases   ] GC(248)   Evacuate Collection Set: 4,8ms
[2024-07-01T23:09:37.397-0400][gc,phases   ] GC(248)   Post Evacuate Collection Set: 1,7ms
[2024-07-01T23:09:37.397-0400][gc,phases   ] GC(248)   Other: 1,5ms
[2024-07-01T23:09:37.397-0400][gc,heap     ] GC(248) Eden regions: 47->0(46)
[2024-07-01T23:09:37.397-0400][gc,heap     ] GC(248) Survivor regions: 4->5(7)
[2024-07-01T23:09:37.397-0400][gc,heap     ] GC(248) Old regions: 129->129
[2024-07-01T23:09:37.397-0400][gc,heap     ] GC(248) Humongous regions: 129->129
[2024-07-01T23:09:37.397-0400][gc,metaspace] GC(248) Metaspace: 44617K(45248K)->44617K(45248K) NonClass: 39644K(40000K)->39644K(40000K) Class: 4973K(5248K)->4973K(5248K)
[2024-07-01T23:09:37.397-0400][gc          ] GC(248) Pause Young (Normal) (G1 Evacuation Pause) 308M->262M(1024M) 14,758ms
[2024-07-01T23:09:37.398-0400][gc,cpu      ] GC(248) User=0,01s Sys=0,02s Real=0,02s
[2024-07-01T23:15:40.264-0400][gc,start    ] GC(249) Pause Young (Normal) (G1 Evacuation Pause)
[2024-07-01T23:15:40.265-0400][gc,task     ] GC(249) Using 6 workers of 6 for evacuation
[2024-07-01T23:15:40.288-0400][gc,mmu      ] GC(249) MMU target violated: 21,0ms (20,0ms/21,0ms)
[2024-07-01T23:15:40.291-0400][gc,phases   ] GC(249)   Pre Evacuate Collection Set: 1,5ms
[2024-07-01T23:15:40.291-0400][gc,phases   ] GC(249)   Merge Heap Roots: 9,1ms
[2024-07-01T23:15:40.291-0400][gc,phases   ] GC(249)   Evacuate Collection Set: 5,8ms
[2024-07-01T23:15:40.291-0400][gc,phases   ] GC(249)   Post Evacuate Collection Set: 6,1ms
[2024-07-01T23:15:40.291-0400][gc,phases   ] GC(249)   Other: 0,1ms
[2024-07-01T23:15:40.291-0400][gc,heap     ] GC(249) Eden regions: 46->0(48)
[2024-07-01T23:15:40.291-0400][gc,heap     ] GC(249) Survivor regions: 5->3(7)
[2024-07-01T23:15:40.291-0400][gc,heap     ] GC(249) Old regions: 129->130
[2024-07-01T23:15:40.291-0400][gc,heap     ] GC(249) Humongous regions: 129->129
[2024-07-01T23:15:40.291-0400][gc,metaspace] GC(249) Metaspace: 44630K(45312K)->44630K(45312K) NonClass: 39657K(40064K)->39657K(40064K) Class: 4973K(5248K)->4973K(5248K)
[2024-07-01T23:15:40.291-0400][gc          ] GC(249) Pause Young (Normal) (G1 Evacuation Pause) 308M->261M(1024M) 26,907ms
[2024-07-01T23:15:40.291-0400][gc,cpu      ] GC(249) User=0,01s Sys=0,03s Real=0,03s
[2024-07-01T23:21:52.835-0400][gc,start    ] GC(250) Pause Young (Normal) (G1 Evacuation Pause)
[2024-07-01T23:21:52.835-0400][gc,task     ] GC(250) Using 6 workers of 6 for evacuation
[2024-07-01T23:21:52.847-0400][gc,phases   ] GC(250)   Pre Evacuate Collection Set: 3,5ms
[2024-07-01T23:21:52.847-0400][gc,phases   ] GC(250)   Merge Heap Roots: 0,1ms
[2024-07-01T23:21:52.847-0400][gc,phases   ] GC(250)   Evacuate Collection Set: 8,0ms
[2024-07-01T23:21:52.847-0400][gc,phases   ] GC(250)   Post Evacuate Collection Set: 0,5ms
[2024-07-01T23:21:52.847-0400][gc,phases   ] GC(250)   Other: 0,1ms
[2024-07-01T23:21:52.847-0400][gc,heap     ] GC(250) Eden regions: 48->0(48)
[2024-07-01T23:21:52.847-0400][gc,heap     ] GC(250) Survivor regions: 3->3(7)
[2024-07-01T23:21:52.847-0400][gc,heap     ] GC(250) Old regions: 130->130
[2024-07-01T23:21:52.847-0400][gc,heap     ] GC(250) Humongous regions: 129->129
[2024-07-01T23:21:52.847-0400][gc,metaspace] GC(250) Metaspace: 44630K(45312K)->44630K(45312K) NonClass: 39657K(40064K)->39657K(40064K) Class: 4973K(5248K)->4973K(5248K)
[2024-07-01T23:21:52.847-0400][gc          ] GC(250) Pause Young (Normal) (G1 Evacuation Pause) 309M->261M(1024M) 12,486ms
[2024-07-01T23:21:52.847-0400][gc,cpu      ] GC(250) User=0,02s Sys=0,00s Real=0,01s
[2024-07-01T23:28:35.041-0400][gc,start    ] GC(251) Pause Young (Normal) (G1 Evacuation Pause)
[2024-07-01T23:28:35.043-0400][gc,task     ] GC(251) Using 6 workers of 6 for evacuation
[2024-07-01T23:28:35.052-0400][gc,phases   ] GC(251)   Pre Evacuate Collection Set: 0,7ms
[2024-07-01T23:28:35.052-0400][gc,phases   ] GC(251)   Merge Heap Roots: -0,1ms
[2024-07-01T23:28:35.052-0400][gc,phases   ] GC(251)   Evacuate Collection Set: 5,4ms
[2024-07-01T23:28:35.052-0400][gc,phases   ] GC(251)   Post Evacuate Collection Set: 1,9ms
[2024-07-01T23:28:35.052-0400][gc,phases   ] GC(251)   Other: 0,3ms
[2024-07-01T23:28:35.052-0400][gc,heap     ] GC(251) Eden regions: 48->0(46)
[2024-07-01T23:28:35.052-0400][gc,heap     ] GC(251) Survivor regions: 3->5(7)
[2024-07-01T23:28:35.052-0400][gc,heap     ] GC(251) Old regions: 130->130
[2024-07-01T23:28:35.052-0400][gc,heap     ] GC(251) Humongous regions: 129->129
[2024-07-01T23:28:35.052-0400][gc,metaspace] GC(251) Metaspace: 44641K(45312K)->44641K(45312K) NonClass: 39668K(40064K)->39668K(40064K) Class: 4973K(5248K)->4973K(5248K)
[2024-07-01T23:28:35.052-0400][gc          ] GC(251) Pause Young (Normal) (G1 Evacuation Pause) 309M->263M(1024M) 11,089ms
[2024-07-01T23:28:35.052-0400][gc,cpu      ] GC(251) User=0,01s Sys=0,00s Real=0,01s
[2024-07-01T23:34:48.445-0400][gc,start    ] GC(252) Pause Young (Normal) (G1 Evacuation Pause)
[2024-07-01T23:34:48.447-0400][gc,task     ] GC(252) Using 6 workers of 6 for evacuation
[2024-07-01T23:34:48.461-0400][gc,phases   ] GC(252)   Pre Evacuate Collection Set: 1,0ms
[2024-07-01T23:34:48.461-0400][gc,phases   ] GC(252)   Merge Heap Roots: 0,2ms
[2024-07-01T23:34:48.461-0400][gc,phases   ] GC(252)   Evacuate Collection Set: 9,7ms
[2024-07-01T23:34:48.461-0400][gc,phases   ] GC(252)   Post Evacuate Collection Set: 2,9ms
[2024-07-01T23:34:48.461-0400][gc,phases   ] GC(252)   Other: 0,2ms
[2024-07-01T23:34:48.461-0400][gc,heap     ] GC(252) Eden regions: 46->0(47)
[2024-07-01T23:34:48.461-0400][gc,heap     ] GC(252) Survivor regions: 5->4(7)
[2024-07-01T23:34:48.461-0400][gc,heap     ] GC(252) Old regions: 130->131
[2024-07-01T23:34:48.461-0400][gc,heap     ] GC(252) Humongous regions: 129->129
[2024-07-01T23:34:48.461-0400][gc,metaspace] GC(252) Metaspace: 44641K(45312K)->44641K(45312K) NonClass: 39668K(40064K)->39668K(40064K) Class: 4973K(5248K)->4973K(5248K)
[2024-07-01T23:34:48.461-0400][gc          ] GC(252) Pause Young (Normal) (G1 Evacuation Pause) 309M->263M(1024M) 15,949ms
[2024-07-01T23:34:48.461-0400][gc,cpu      ] GC(252) User=0,02s Sys=0,01s Real=0,01s
[2024-07-01T23:41:17.226-0400][gc,start    ] GC(253) Pause Young (Normal) (G1 Evacuation Pause)
[2024-07-01T23:41:17.227-0400][gc,task     ] GC(253) Using 6 workers of 6 for evacuation
[2024-07-01T23:41:17.245-0400][gc,phases   ] GC(253)   Pre Evacuate Collection Set: 1,3ms
[2024-07-01T23:41:17.245-0400][gc,phases   ] GC(253)   Merge Heap Roots: 0,3ms
[2024-07-01T23:41:17.245-0400][gc,phases   ] GC(253)   Evacuate Collection Set: 8,6ms
[2024-07-01T23:41:17.245-0400][gc,phases   ] GC(253)   Post Evacuate Collection Set: 5,7ms
[2024-07-01T23:41:17.245-0400][gc,phases   ] GC(253)   Other: 0,1ms
[2024-07-01T23:41:17.245-0400][gc,heap     ] GC(253) Eden regions: 47->0(47)
[2024-07-01T23:41:17.245-0400][gc,heap     ] GC(253) Survivor regions: 4->4(7)
[2024-07-01T23:41:17.245-0400][gc,heap     ] GC(253) Old regions: 131->131
[2024-07-01T23:41:17.245-0400][gc,heap     ] GC(253) Humongous regions: 129->129
[2024-07-01T23:41:17.245-0400][gc,metaspace] GC(253) Metaspace: 44641K(45312K)->44641K(45312K) NonClass: 39668K(40064K)->39668K(40064K) Class: 4973K(5248K)->4973K(5248K)
[2024-07-01T23:41:17.245-0400][gc          ] GC(253) Pause Young (Normal) (G1 Evacuation Pause) 310M->263M(1024M) 18,545ms
[2024-07-01T23:41:17.245-0400][gc,cpu      ] GC(253) User=0,01s Sys=0,02s Real=0,02s
[2024-07-01T23:48:48.058-0400][gc,start    ] GC(254) Pause Young (Normal) (G1 Evacuation Pause)
[2024-07-01T23:48:48.061-0400][gc,task     ] GC(254) Using 6 workers of 6 for evacuation
[2024-07-01T23:48:48.079-0400][gc,phases   ] GC(254)   Pre Evacuate Collection Set: 3,3ms
[2024-07-01T23:48:48.079-0400][gc,phases   ] GC(254)   Merge Heap Roots: 0,7ms
[2024-07-01T23:48:48.079-0400][gc,phases   ] GC(254)   Evacuate Collection Set: 12,9ms
[2024-07-01T23:48:48.079-0400][gc,phases   ] GC(254)   Post Evacuate Collection Set: 0,8ms
[2024-07-01T23:48:48.079-0400][gc,phases   ] GC(254)   Other: 0,2ms
[2024-07-01T23:48:48.079-0400][gc,heap     ] GC(254) Eden regions: 47->0(46)
[2024-07-01T23:48:48.079-0400][gc,heap     ] GC(254) Survivor regions: 4->5(7)
[2024-07-01T23:48:48.081-0400][gc,heap     ] GC(254) Old regions: 131->131
[2024-07-01T23:48:48.081-0400][gc,heap     ] GC(254) Humongous regions: 129->129
[2024-07-01T23:48:48.081-0400][gc,metaspace] GC(254) Metaspace: 44663K(45312K)->44663K(45312K) NonClass: 39690K(40064K)->39690K(40064K) Class: 4973K(5248K)->4973K(5248K)
[2024-07-01T23:48:48.081-0400][gc          ] GC(254) Pause Young (Normal) (G1 Evacuation Pause) 310M->264M(1024M) 23,099ms
[2024-07-01T23:48:48.082-0400][gc,cpu      ] GC(254) User=0,03s Sys=0,00s Real=0,02s
[2024-07-01T23:54:44.331-0400][gc,start    ] GC(255) Pause Young (Normal) (G1 Evacuation Pause)
[2024-07-01T23:54:44.331-0400][gc,task     ] GC(255) Using 6 workers of 6 for evacuation
[2024-07-01T23:54:44.343-0400][gc,phases   ] GC(255)   Pre Evacuate Collection Set: 5,8ms
[2024-07-01T23:54:44.343-0400][gc,phases   ] GC(255)   Merge Heap Roots: 0,1ms
[2024-07-01T23:54:44.343-0400][gc,phases   ] GC(255)   Evacuate Collection Set: 4,9ms
[2024-07-01T23:54:44.343-0400][gc,phases   ] GC(255)   Post Evacuate Collection Set: 0,9ms
[2024-07-01T23:54:44.343-0400][gc,phases   ] GC(255)   Other: 0,1ms
[2024-07-01T23:54:44.343-0400][gc,heap     ] GC(255) Eden regions: 46->0(47)
[2024-07-01T23:54:44.343-0400][gc,heap     ] GC(255) Survivor regions: 5->4(7)
[2024-07-01T23:54:44.343-0400][gc,heap     ] GC(255) Old regions: 131->133
[2024-07-01T23:54:44.343-0400][gc,heap     ] GC(255) Humongous regions: 129->129
[2024-07-01T23:54:44.343-0400][gc,metaspace] GC(255) Metaspace: 44670K(45312K)->44670K(45312K) NonClass: 39696K(40064K)->39696K(40064K) Class: 4973K(5248K)->4973K(5248K)
[2024-07-01T23:54:44.343-0400][gc          ] GC(255) Pause Young (Normal) (G1 Evacuation Pause) 310M->264M(1024M) 11,978ms
[2024-07-01T23:54:44.343-0400][gc,cpu      ] GC(255) User=0,02s Sys=0,01s Real=0,01s
[2024-07-02T00:01:28.689-0400][gc,start    ] GC(256) Pause Young (Normal) (G1 Evacuation Pause)
[2024-07-02T00:01:28.689-0400][gc,task     ] GC(256) Using 6 workers of 6 for evacuation
[2024-07-02T00:01:28.745-0400][gc,mmu      ] GC(256) MMU target violated: 21,0ms (20,0ms/21,0ms)
[2024-07-02T00:01:28.746-0400][gc,phases   ] GC(256)   Pre Evacuate Collection Set: 4,0ms
[2024-07-02T00:01:28.746-0400][gc,phases   ] GC(256)   Merge Heap Roots: 4,4ms
[2024-07-02T00:01:28.746-0400][gc,phases   ] GC(256)   Evacuate Collection Set: 38,3ms
[2024-07-02T00:01:28.746-0400][gc,phases   ] GC(256)   Post Evacuate Collection Set: 8,9ms
[2024-07-02T00:01:28.746-0400][gc,phases   ] GC(256)   Other: 0,5ms
[2024-07-02T00:01:28.746-0400][gc,heap     ] GC(256) Eden regions: 47->0(46)
[2024-07-02T00:01:28.746-0400][gc,heap     ] GC(256) Survivor regions: 4->5(7)
[2024-07-02T00:01:28.746-0400][gc,heap     ] GC(256) Old regions: 133->133
[2024-07-02T00:01:28.746-0400][gc,heap     ] GC(256) Humongous regions: 129->129
[2024-07-02T00:01:28.746-0400][gc,metaspace] GC(256) Metaspace: 44712K(45312K)->44712K(45312K) NonClass: 39738K(40064K)->39738K(40064K) Class: 4973K(5248K)->4973K(5248K)
[2024-07-02T00:01:28.746-0400][gc          ] GC(256) Pause Young (Normal) (G1 Evacuation Pause) 311M->265M(1024M) 56,773ms
[2024-07-02T00:01:28.746-0400][gc,cpu      ] GC(256) User=0,09s Sys=0,03s Real=0,06s
[2024-07-02T00:09:19.655-0400][gc,start    ] GC(257) Pause Young (Normal) (G1 Evacuation Pause)
[2024-07-02T00:09:19.657-0400][gc,task     ] GC(257) Using 6 workers of 6 for evacuation
[2024-07-02T00:09:19.672-0400][gc,phases   ] GC(257)   Pre Evacuate Collection Set: 0,8ms
[2024-07-02T00:09:19.672-0400][gc,phases   ] GC(257)   Merge Heap Roots: 0,2ms
[2024-07-02T00:09:19.672-0400][gc,phases   ] GC(257)   Evacuate Collection Set: 11,6ms
[2024-07-02T00:09:19.672-0400][gc,phases   ] GC(257)   Post Evacuate Collection Set: 1,7ms
[2024-07-02T00:09:19.672-0400][gc,phases   ] GC(257)   Other: 0,1ms
[2024-07-02T00:09:19.672-0400][gc,heap     ] GC(257) Eden regions: 46->0(46)
[2024-07-02T00:09:19.672-0400][gc,heap     ] GC(257) Survivor regions: 5->5(7)
[2024-07-02T00:09:19.672-0400][gc,heap     ] GC(257) Old regions: 133->134
[2024-07-02T00:09:19.672-0400][gc,heap     ] GC(257) Humongous regions: 129->129
[2024-07-02T00:09:19.672-0400][gc,metaspace] GC(257) Metaspace: 44712K(45312K)->44712K(45312K) NonClass: 39738K(40064K)->39738K(40064K) Class: 4973K(5248K)->4973K(5248K)
[2024-07-02T00:09:19.672-0400][gc          ] GC(257) Pause Young (Normal) (G1 Evacuation Pause) 311M->266M(1024M) 16,575ms
[2024-07-02T00:09:19.672-0400][gc,cpu      ] GC(257) User=0,01s Sys=0,02s Real=0,01s
[2024-07-02T00:17:10.043-0400][gc,start    ] GC(258) Pause Young (Normal) (G1 Evacuation Pause)
[2024-07-02T00:17:10.043-0400][gc,task     ] GC(258) Using 6 workers of 6 for evacuation
[2024-07-02T00:17:10.066-0400][gc,mmu      ] GC(258) MMU target violated: 21,0ms (20,0ms/21,0ms)
[2024-07-02T00:17:10.066-0400][gc,phases   ] GC(258)   Pre Evacuate Collection Set: 0,6ms
[2024-07-02T00:17:10.066-0400][gc,phases   ] GC(258)   Merge Heap Roots: 0,4ms
[2024-07-02T00:17:10.066-0400][gc,phases   ] GC(258)   Evacuate Collection Set: 10,6ms
[2024-07-02T00:17:10.066-0400][gc,phases   ] GC(258)   Post Evacuate Collection Set: 10,7ms
[2024-07-02T00:17:10.066-0400][gc,phases   ] GC(258)   Other: 0,2ms
[2024-07-02T00:17:10.066-0400][gc,heap     ] GC(258) Eden regions: 46->0(50)
[2024-07-02T00:17:10.066-0400][gc,heap     ] GC(258) Survivor regions: 5->4(7)
[2024-07-02T00:17:10.066-0400][gc,heap     ] GC(258) Old regions: 134->135
[2024-07-02T00:17:10.066-0400][gc,heap     ] GC(258) Humongous regions: 129->129
[2024-07-02T00:17:10.066-0400][gc,metaspace] GC(258) Metaspace: 44713K(45312K)->44713K(45312K) NonClass: 39739K(40064K)->39739K(40064K) Class: 4973K(5248K)->4973K(5248K)
[2024-07-02T00:17:10.066-0400][gc          ] GC(258) Pause Young (Normal) (G1 Evacuation Pause) 312M->266M(1024M) 22,526ms
[2024-07-02T00:17:10.066-0400][gc,cpu      ] GC(258) User=0,02s Sys=0,02s Real=0,03s
[2024-07-02T09:14:00.374-0400][gc,start    ] GC(259) Pause Young (Normal) (G1 Evacuation Pause)
[2024-07-02T09:14:00.376-0400][gc,task     ] GC(259) Using 6 workers of 6 for evacuation
[2024-07-02T09:14:00.390-0400][gc,phases   ] GC(259)   Pre Evacuate Collection Set: 0,5ms
[2024-07-02T09:14:00.390-0400][gc,phases   ] GC(259)   Merge Heap Roots: 0,1ms
[2024-07-02T09:14:00.390-0400][gc,phases   ] GC(259)   Evacuate Collection Set: 11,1ms
[2024-07-02T09:14:00.390-0400][gc,phases   ] GC(259)   Post Evacuate Collection Set: 0,9ms
[2024-07-02T09:14:00.390-0400][gc,phases   ] GC(259)   Other: 1,2ms
[2024-07-02T09:14:00.390-0400][gc,heap     ] GC(259) Eden regions: 66->0(52)
[2024-07-02T09:14:00.390-0400][gc,heap     ] GC(259) Survivor regions: 4->4(9)
[2024-07-02T09:14:00.390-0400][gc,heap     ] GC(259) Old regions: 135->135
[2024-07-02T09:14:00.390-0400][gc,heap     ] GC(259) Humongous regions: 129->129
[2024-07-02T09:14:00.390-0400][gc,metaspace] GC(259) Metaspace: 44713K(45312K)->44713K(45312K) NonClass: 39739K(40064K)->39739K(40064K) Class: 4973K(5248K)->4973K(5248K)
[2024-07-02T09:14:00.390-0400][gc          ] GC(259) Pause Young (Normal) (G1 Evacuation Pause) 332M->266M(1024M) 16,828ms
[2024-07-02T09:14:00.391-0400][gc,cpu      ] GC(259) User=0,03s Sys=0,00s Real=0,02s
[2024-07-02T09:23:44.366-0400][gc,start    ] GC(260) Pause Young (Normal) (G1 Evacuation Pause)
[2024-07-02T09:23:44.366-0400][gc,task     ] GC(260) Using 6 workers of 6 for evacuation
[2024-07-02T09:23:44.376-0400][gc,phases   ] GC(260)   Pre Evacuate Collection Set: 0,9ms
[2024-07-02T09:23:44.376-0400][gc,phases   ] GC(260)   Merge Heap Roots: 0,1ms
[2024-07-02T09:23:44.376-0400][gc,phases   ] GC(260)   Evacuate Collection Set: 6,8ms
[2024-07-02T09:23:44.376-0400][gc,phases   ] GC(260)   Post Evacuate Collection Set: 1,5ms
[2024-07-02T09:23:44.376-0400][gc,phases   ] GC(260)   Other: 0,2ms
[2024-07-02T09:23:44.376-0400][gc,heap     ] GC(260) Eden regions: 63->0(206)
[2024-07-02T09:23:44.376-0400][gc,heap     ] GC(260) Survivor regions: 4->3(9)
[2024-07-02T09:23:44.376-0400][gc,heap     ] GC(260) Old regions: 135->135
[2024-07-02T09:23:44.376-0400][gc,heap     ] GC(260) Humongous regions: 129->129
[2024-07-02T09:23:44.376-0400][gc,metaspace] GC(260) Metaspace: 44723K(45376K)->44723K(45376K) NonClass: 39749K(40128K)->39749K(40128K) Class: 4973K(5248K)->4973K(5248K)
[2024-07-02T09:23:44.376-0400][gc          ] GC(260) Pause Young (Normal) (G1 Evacuation Pause) 329M->266M(1024M) 9,848ms
[2024-07-02T09:23:44.376-0400][gc,cpu      ] GC(260) User=0,01s Sys=0,01s Real=0,00s
[2024-07-02T09:52:00.601-0400][gc,start    ] GC(261) Pause Young (Normal) (G1 Evacuation Pause)
[2024-07-02T09:52:00.601-0400][gc,task     ] GC(261) Using 6 workers of 6 for evacuation
[2024-07-02T09:52:00.661-0400][gc,mmu      ] GC(261) MMU target violated: 21,0ms (20,0ms/21,0ms)
[2024-07-02T09:52:00.661-0400][gc,phases   ] GC(261)   Pre Evacuate Collection Set: 3,8ms
[2024-07-02T09:52:00.661-0400][gc,phases   ] GC(261)   Merge Heap Roots: 0,3ms
[2024-07-02T09:52:00.661-0400][gc,phases   ] GC(261)   Evacuate Collection Set: 53,5ms
[2024-07-02T09:52:00.661-0400][gc,phases   ] GC(261)   Post Evacuate Collection Set: 1,8ms
[2024-07-02T09:52:00.661-0400][gc,phases   ] GC(261)   Other: 0,2ms
[2024-07-02T09:52:00.661-0400][gc,heap     ] GC(261) Eden regions: 178->0(45)
[2024-07-02T09:52:00.661-0400][gc,heap     ] GC(261) Survivor regions: 3->6(23)
[2024-07-02T09:52:00.661-0400][gc,heap     ] GC(261) Old regions: 135->135
[2024-07-02T09:52:00.661-0400][gc,heap     ] GC(261) Humongous regions: 129->129
[2024-07-02T09:52:00.661-0400][gc,metaspace] GC(261) Metaspace: 44739K(45376K)->44739K(45376K) NonClass: 39765K(40128K)->39765K(40128K) Class: 4973K(5248K)->4973K(5248K)
[2024-07-02T09:52:00.661-0400][gc          ] GC(261) Pause Young (Normal) (G1 Evacuation Pause) 444M->268M(1024M) 60,433ms
[2024-07-02T09:52:00.661-0400][gc,cpu      ] GC(261) User=0,08s Sys=0,00s Real=0,06s
[2024-07-02T09:59:09.068-0400][gc,start    ] GC(262) Pause Young (Normal) (G1 Evacuation Pause)
[2024-07-02T09:59:09.069-0400][gc,task     ] GC(262) Using 6 workers of 6 for evacuation
[2024-07-02T09:59:09.115-0400][gc,mmu      ] GC(262) MMU target violated: 21,0ms (20,0ms/21,0ms)
[2024-07-02T09:59:09.115-0400][gc,phases   ] GC(262)   Pre Evacuate Collection Set: 1,0ms
[2024-07-02T09:59:09.115-0400][gc,phases   ] GC(262)   Merge Heap Roots: 0,9ms
[2024-07-02T09:59:09.115-0400][gc,phases   ] GC(262)   Evacuate Collection Set: 38,3ms
[2024-07-02T09:59:09.115-0400][gc,phases   ] GC(262)   Post Evacuate Collection Set: 6,5ms
[2024-07-02T09:59:09.116-0400][gc,phases   ] GC(262)   Other: 0,2ms
[2024-07-02T09:59:09.116-0400][gc,heap     ] GC(262) Eden regions: 45->0(47)
[2024-07-02T09:59:09.116-0400][gc,heap     ] GC(262) Survivor regions: 6->4(7)
[2024-07-02T09:59:09.116-0400][gc,heap     ] GC(262) Old regions: 135->138
[2024-07-02T09:59:09.116-0400][gc,heap     ] GC(262) Humongous regions: 129->129
[2024-07-02T09:59:09.116-0400][gc,metaspace] GC(262) Metaspace: 44742K(45376K)->44742K(45376K) NonClass: 39769K(40128K)->39769K(40128K) Class: 4973K(5248K)->4973K(5248K)
[2024-07-02T09:59:09.117-0400][gc          ] GC(262) Pause Young (Normal) (G1 Evacuation Pause) 313M->270M(1024M) 48,545ms
[2024-07-02T09:59:09.117-0400][gc,cpu      ] GC(262) User=0,04s Sys=0,00s Real=0,05s
[2024-07-02T10:07:01.664-0400][gc,start    ] GC(263) Pause Young (Normal) (G1 Evacuation Pause)
[2024-07-02T10:07:01.664-0400][gc,task     ] GC(263) Using 6 workers of 6 for evacuation
[2024-07-02T10:07:01.683-0400][gc,phases   ] GC(263)   Pre Evacuate Collection Set: 0,5ms
[2024-07-02T10:07:01.683-0400][gc,phases   ] GC(263)   Merge Heap Roots: 0,2ms
[2024-07-02T10:07:01.683-0400][gc,phases   ] GC(263)   Evacuate Collection Set: 16,9ms
[2024-07-02T10:07:01.683-0400][gc,phases   ] GC(263)   Post Evacuate Collection Set: 0,8ms
[2024-07-02T10:07:01.683-0400][gc,phases   ] GC(263)   Other: 0,1ms
[2024-07-02T10:07:01.683-0400][gc,heap     ] GC(263) Eden regions: 47->0(44)
[2024-07-02T10:07:01.683-0400][gc,heap     ] GC(263) Survivor regions: 4->7(7)
[2024-07-02T10:07:01.683-0400][gc,heap     ] GC(263) Old regions: 138->138
[2024-07-02T10:07:01.683-0400][gc,heap     ] GC(263) Humongous regions: 129->129
[2024-07-02T10:07:01.683-0400][gc,metaspace] GC(263) Metaspace: 44742K(45376K)->44742K(45376K) NonClass: 39769K(40128K)->39769K(40128K) Class: 4973K(5248K)->4973K(5248K)
[2024-07-02T10:07:01.683-0400][gc          ] GC(263) Pause Young (Normal) (G1 Evacuation Pause) 317M->273M(1024M) 19,327ms
[2024-07-02T10:07:01.683-0400][gc,cpu      ] GC(263) User=0,04s Sys=0,00s Real=0,02s
[2024-07-02T10:13:45.601-0400][gc,start    ] GC(264) Pause Young (Normal) (G1 Evacuation Pause)
[2024-07-02T10:13:45.602-0400][gc,task     ] GC(264) Using 6 workers of 6 for evacuation
[2024-07-02T10:13:45.624-0400][gc,mmu      ] GC(264) MMU target violated: 21,0ms (20,0ms/21,0ms)
[2024-07-02T10:13:45.624-0400][gc,phases   ] GC(264)   Pre Evacuate Collection Set: 0,4ms
[2024-07-02T10:13:45.624-0400][gc,phases   ] GC(264)   Merge Heap Roots: 0,1ms
[2024-07-02T10:13:45.624-0400][gc,phases   ] GC(264)   Evacuate Collection Set: 12,5ms
[2024-07-02T10:13:45.624-0400][gc,phases   ] GC(264)   Post Evacuate Collection Set: 9,8ms
[2024-07-02T10:13:45.624-0400][gc,phases   ] GC(264)   Other: 0,2ms
[2024-07-02T10:13:45.624-0400][gc,heap     ] GC(264) Eden regions: 44->0(45)
[2024-07-02T10:13:45.624-0400][gc,heap     ] GC(264) Survivor regions: 7->6(7)
[2024-07-02T10:13:45.624-0400][gc,heap     ] GC(264) Old regions: 138->143
[2024-07-02T10:13:45.624-0400][gc,heap     ] GC(264) Humongous regions: 129->129
[2024-07-02T10:13:45.624-0400][gc,metaspace] GC(264) Metaspace: 44756K(45440K)->44756K(45440K) NonClass: 39782K(40192K)->39782K(40192K) Class: 4973K(5248K)->4973K(5248K)
[2024-07-02T10:13:45.625-0400][gc          ] GC(264) Pause Young (Normal) (G1 Evacuation Pause) 317M->277M(1024M) 23,714ms
[2024-07-02T10:13:45.625-0400][gc,cpu      ] GC(264) User=0,02s Sys=0,02s Real=0,02s
[2024-07-02T10:20:34.593-0400][gc,start    ] GC(265) Pause Young (Normal) (G1 Evacuation Pause)
[2024-07-02T10:20:34.593-0400][gc,task     ] GC(265) Using 6 workers of 6 for evacuation
[2024-07-02T10:20:34.624-0400][gc,mmu      ] GC(265) MMU target violated: 21,0ms (20,0ms/21,0ms)
[2024-07-02T10:20:34.624-0400][gc,phases   ] GC(265)   Pre Evacuate Collection Set: 8,9ms
[2024-07-02T10:20:34.624-0400][gc,phases   ] GC(265)   Merge Heap Roots: 0,1ms
[2024-07-02T10:20:34.624-0400][gc,phases   ] GC(265)   Evacuate Collection Set: 13,7ms
[2024-07-02T10:20:34.624-0400][gc,phases   ] GC(265)   Post Evacuate Collection Set: 8,2ms
[2024-07-02T10:20:34.624-0400][gc,phases   ] GC(265)   Other: 0,2ms
[2024-07-02T10:20:34.624-0400][gc,heap     ] GC(265) Eden regions: 45->0(48)
[2024-07-02T10:20:34.624-0400][gc,heap     ] GC(265) Survivor regions: 6->3(7)
[2024-07-02T10:20:34.624-0400][gc,heap     ] GC(265) Old regions: 143->146
[2024-07-02T10:20:34.624-0400][gc,heap     ] GC(265) Humongous regions: 129->129
[2024-07-02T10:20:34.624-0400][gc,metaspace] GC(265) Metaspace: 44762K(45440K)->44762K(45440K) NonClass: 39788K(40192K)->39788K(40192K) Class: 4973K(5248K)->4973K(5248K)
[2024-07-02T10:20:34.624-0400][gc          ] GC(265) Pause Young (Normal) (G1 Evacuation Pause) 322M->277M(1024M) 31,277ms
[2024-07-02T10:20:34.624-0400][gc,cpu      ] GC(265) User=0,02s Sys=0,00s Real=0,03s
[2024-07-02T10:28:04.109-0400][gc,start    ] GC(266) Pause Young (Normal) (G1 Evacuation Pause)
[2024-07-02T10:28:04.117-0400][gc,task     ] GC(266) Using 6 workers of 6 for evacuation
[2024-07-02T10:28:04.140-0400][gc,mmu      ] GC(266) MMU target violated: 21,0ms (20,0ms/21,0ms)
[2024-07-02T10:28:04.143-0400][gc,phases   ] GC(266)   Pre Evacuate Collection Set: 9,9ms
[2024-07-02T10:28:04.143-0400][gc,phases   ] GC(266)   Merge Heap Roots: 0,2ms
[2024-07-02T10:28:04.143-0400][gc,phases   ] GC(266)   Evacuate Collection Set: 11,9ms
[2024-07-02T10:28:04.143-0400][gc,phases   ] GC(266)   Post Evacuate Collection Set: 0,8ms
[2024-07-02T10:28:04.143-0400][gc,phases   ] GC(266)   Other: 3,2ms
[2024-07-02T10:28:04.143-0400][gc,heap     ] GC(266) Eden regions: 48->0(44)
[2024-07-02T10:28:04.143-0400][gc,heap     ] GC(266) Survivor regions: 3->7(7)
[2024-07-02T10:28:04.143-0400][gc,heap     ] GC(266) Old regions: 146->146
[2024-07-02T10:28:04.143-0400][gc,heap     ] GC(266) Humongous regions: 129->129
[2024-07-02T10:28:04.143-0400][gc,metaspace] GC(266) Metaspace: 44762K(45440K)->44762K(45440K) NonClass: 39788K(40192K)->39788K(40192K) Class: 4973K(5248K)->4973K(5248K)
[2024-07-02T10:28:04.143-0400][gc          ] GC(266) Pause Young (Normal) (G1 Evacuation Pause) 325M->281M(1024M) 34,026ms
[2024-07-02T10:28:04.143-0400][gc,cpu      ] GC(266) User=0,02s Sys=0,02s Real=0,03s
[2024-07-02T10:35:18.385-0400][gc,start    ] GC(267) Pause Young (Normal) (G1 Evacuation Pause)
[2024-07-02T10:35:18.387-0400][gc,task     ] GC(267) Using 6 workers of 6 for evacuation
[2024-07-02T10:35:18.407-0400][gc,mmu      ] GC(267) MMU target violated: 20,2ms (20,0ms/21,0ms)
[2024-07-02T10:35:18.407-0400][gc,phases   ] GC(267)   Pre Evacuate Collection Set: 0,5ms
[2024-07-02T10:35:18.407-0400][gc,phases   ] GC(267)   Merge Heap Roots: 0,5ms
[2024-07-02T10:35:18.407-0400][gc,phases   ] GC(267)   Evacuate Collection Set: 16,4ms
[2024-07-02T10:35:18.407-0400][gc,phases   ] GC(267)   Post Evacuate Collection Set: 2,6ms
[2024-07-02T10:35:18.407-0400][gc,phases   ] GC(267)   Other: 0,1ms
[2024-07-02T10:35:18.407-0400][gc,heap     ] GC(267) Eden regions: 44->0(45)
[2024-07-02T10:35:18.407-0400][gc,heap     ] GC(267) Survivor regions: 7->6(7)
[2024-07-02T10:35:18.407-0400][gc,heap     ] GC(267) Old regions: 146->152
[2024-07-02T10:35:18.407-0400][gc,heap     ] GC(267) Humongous regions: 129->129
[2024-07-02T10:35:18.407-0400][gc,metaspace] GC(267) Metaspace: 44762K(45440K)->44762K(45440K) NonClass: 39788K(40192K)->39788K(40192K) Class: 4973K(5248K)->4973K(5248K)
[2024-07-02T10:35:18.407-0400][gc          ] GC(267) Pause Young (Normal) (G1 Evacuation Pause) 325M->286M(1024M) 22,819ms
[2024-07-02T10:35:18.408-0400][gc,cpu      ] GC(267) User=0,02s Sys=0,02s Real=0,03s
[2024-07-02T10:41:35.600-0400][gc,start    ] GC(268) Pause Young (Normal) (G1 Evacuation Pause)
[2024-07-02T10:41:35.605-0400][gc,task     ] GC(268) Using 6 workers of 6 for evacuation
[2024-07-02T10:41:35.626-0400][gc,phases   ] GC(268)   Pre Evacuate Collection Set: 0,6ms
[2024-07-02T10:41:35.626-0400][gc,phases   ] GC(268)   Merge Heap Roots: 0,2ms
[2024-07-02T10:41:35.626-0400][gc,phases   ] GC(268)   Evacuate Collection Set: 9,9ms
[2024-07-02T10:41:35.626-0400][gc,phases   ] GC(268)   Post Evacuate Collection Set: 6,6ms
[2024-07-02T10:41:35.626-0400][gc,phases   ] GC(268)   Other: 1,1ms
[2024-07-02T10:41:35.626-0400][gc,heap     ] GC(268) Eden regions: 45->0(44)
[2024-07-02T10:41:35.626-0400][gc,heap     ] GC(268) Survivor regions: 6->7(7)
[2024-07-02T10:41:35.626-0400][gc,heap     ] GC(268) Old regions: 152->156
[2024-07-02T10:41:35.627-0400][gc,heap     ] GC(268) Humongous regions: 129->129
[2024-07-02T10:41:35.627-0400][gc,metaspace] GC(268) Metaspace: 44762K(45440K)->44762K(45440K) NonClass: 39789K(40192K)->39789K(40192K) Class: 4973K(5248K)->4973K(5248K)
[2024-07-02T10:41:35.628-0400][gc          ] GC(268) Pause Young (Normal) (G1 Evacuation Pause) 331M->291M(1024M) 26,959ms
[2024-07-02T10:41:35.628-0400][gc,cpu      ] GC(268) User=0,02s Sys=0,03s Real=0,03s
[2024-07-02T10:48:45.945-0400][gc,start    ] GC(269) Pause Young (Normal) (G1 Evacuation Pause)
[2024-07-02T10:48:45.946-0400][gc,task     ] GC(269) Using 6 workers of 6 for evacuation
[2024-07-02T10:48:45.978-0400][gc,mmu      ] GC(269) MMU target violated: 21,0ms (20,0ms/21,0ms)
[2024-07-02T10:48:45.978-0400][gc,phases   ] GC(269)   Pre Evacuate Collection Set: 5,8ms
[2024-07-02T10:48:45.978-0400][gc,phases   ] GC(269)   Merge Heap Roots: 0,1ms
[2024-07-02T10:48:45.978-0400][gc,phases   ] GC(269)   Evacuate Collection Set: 19,0ms
[2024-07-02T10:48:45.978-0400][gc,phases   ] GC(269)   Post Evacuate Collection Set: 5,0ms
[2024-07-02T10:48:45.978-0400][gc,phases   ] GC(269)   Other: 2,6ms
[2024-07-02T10:48:45.978-0400][gc,heap     ] GC(269) Eden regions: 44->0(45)
[2024-07-02T10:48:45.978-0400][gc,heap     ] GC(269) Survivor regions: 7->6(7)
[2024-07-02T10:48:45.978-0400][gc,heap     ] GC(269) Old regions: 156->162
[2024-07-02T10:48:45.978-0400][gc,heap     ] GC(269) Humongous regions: 129->129
[2024-07-02T10:48:45.979-0400][gc,metaspace] GC(269) Metaspace: 44762K(45440K)->44762K(45440K) NonClass: 39789K(40192K)->39789K(40192K) Class: 4973K(5248K)->4973K(5248K)
[2024-07-02T10:48:45.979-0400][gc          ] GC(269) Pause Young (Normal) (G1 Evacuation Pause) 335M->296M(1024M) 34,366ms
[2024-07-02T10:48:45.979-0400][gc,cpu      ] GC(269) User=0,05s Sys=0,03s Real=0,04s
[2024-07-02T10:55:29.470-0400][gc,start    ] GC(270) Pause Young (Normal) (G1 Evacuation Pause)
[2024-07-02T10:55:29.472-0400][gc,task     ] GC(270) Using 6 workers of 6 for evacuation
[2024-07-02T10:55:29.483-0400][gc,phases   ] GC(270)   Pre Evacuate Collection Set: 1,0ms
[2024-07-02T10:55:29.483-0400][gc,phases   ] GC(270)   Merge Heap Roots: 0,3ms
[2024-07-02T10:55:29.483-0400][gc,phases   ] GC(270)   Evacuate Collection Set: 7,5ms
[2024-07-02T10:55:29.483-0400][gc,phases   ] GC(270)   Post Evacuate Collection Set: 1,9ms
[2024-07-02T10:55:29.483-0400][gc,phases   ] GC(270)   Other: 0,1ms
[2024-07-02T10:55:29.483-0400][gc,heap     ] GC(270) Eden regions: 45->0(45)
[2024-07-02T10:55:29.483-0400][gc,heap     ] GC(270) Survivor regions: 6->6(7)
[2024-07-02T10:55:29.483-0400][gc,heap     ] GC(270) Old regions: 162->166
[2024-07-02T10:55:29.483-0400][gc,heap     ] GC(270) Humongous regions: 129->129
[2024-07-02T10:55:29.483-0400][gc,metaspace] GC(270) Metaspace: 44764K(45440K)->44764K(45440K) NonClass: 39790K(40192K)->39790K(40192K) Class: 4973K(5248K)->4973K(5248K)
[2024-07-02T10:55:29.483-0400][gc          ] GC(270) Pause Young (Normal) (G1 Evacuation Pause) 341M->299M(1024M) 13,021ms
[2024-07-02T10:55:29.483-0400][gc,cpu      ] GC(270) User=0,01s Sys=0,02s Real=0,01s
[2024-07-02T11:02:23.705-0400][gc,start    ] GC(271) Pause Young (Normal) (G1 Evacuation Pause)
[2024-07-02T11:02:23.706-0400][gc,task     ] GC(271) Using 6 workers of 6 for evacuation
[2024-07-02T11:02:23.720-0400][gc,phases   ] GC(271)   Pre Evacuate Collection Set: 0,7ms
[2024-07-02T11:02:23.720-0400][gc,phases   ] GC(271)   Merge Heap Roots: 3,3ms
[2024-07-02T11:02:23.720-0400][gc,phases   ] GC(271)   Evacuate Collection Set: 7,5ms
[2024-07-02T11:02:23.720-0400][gc,phases   ] GC(271)   Post Evacuate Collection Set: 2,0ms
[2024-07-02T11:02:23.720-0400][gc,phases   ] GC(271)   Other: 0,1ms
[2024-07-02T11:02:23.720-0400][gc,heap     ] GC(271) Eden regions: 45->0(54)
[2024-07-02T11:02:23.720-0400][gc,heap     ] GC(271) Survivor regions: 6->5(7)
[2024-07-02T11:02:23.720-0400][gc,heap     ] GC(271) Old regions: 166->171
[2024-07-02T11:02:23.720-0400][gc,heap     ] GC(271) Humongous regions: 129->129
[2024-07-02T11:02:23.720-0400][gc,metaspace] GC(271) Metaspace: 44764K(45440K)->44764K(45440K) NonClass: 39790K(40192K)->39790K(40192K) Class: 4973K(5248K)->4973K(5248K)
[2024-07-02T11:02:23.720-0400][gc          ] GC(271) Pause Young (Normal) (G1 Evacuation Pause) 344M->303M(1024M) 14,992ms
[2024-07-02T11:02:23.720-0400][gc,cpu      ] GC(271) User=0,02s Sys=0,02s Real=0,02s
[2024-07-02T11:10:56.978-0400][gc,start    ] GC(272) Pause Young (Normal) (G1 Evacuation Pause)
[2024-07-02T11:10:56.978-0400][gc,task     ] GC(272) Using 6 workers of 6 for evacuation
[2024-07-02T11:10:57.003-0400][gc,mmu      ] GC(272) MMU target violated: 21,0ms (20,0ms/21,0ms)
[2024-07-02T11:10:57.003-0400][gc,phases   ] GC(272)   Pre Evacuate Collection Set: 0,8ms
[2024-07-02T11:10:57.003-0400][gc,phases   ] GC(272)   Merge Heap Roots: 0,3ms
[2024-07-02T11:10:57.003-0400][gc,phases   ] GC(272)   Evacuate Collection Set: 21,9ms
[2024-07-02T11:10:57.003-0400][gc,phases   ] GC(272)   Post Evacuate Collection Set: 1,4ms
[2024-07-02T11:10:57.003-0400][gc,phases   ] GC(272)   Other: 0,2ms
[2024-07-02T11:10:57.003-0400][gc,heap     ] GC(272) Eden regions: 55->0(43)
[2024-07-02T11:10:57.003-0400][gc,heap     ] GC(272) Survivor regions: 5->8(8)
[2024-07-02T11:10:57.003-0400][gc,heap     ] GC(272) Old regions: 171->175
[2024-07-02T11:10:57.003-0400][gc,heap     ] GC(272) Humongous regions: 129->129
[2024-07-02T11:10:57.003-0400][gc,metaspace] GC(272) Metaspace: 44764K(45440K)->44764K(45440K) NonClass: 39790K(40192K)->39790K(40192K) Class: 4973K(5248K)->4973K(5248K)
[2024-07-02T11:10:57.003-0400][gc          ] GC(272) Pause Young (Normal) (G1 Evacuation Pause) 358M->310M(1024M) 24,811ms
[2024-07-02T11:10:57.003-0400][gc,cpu      ] GC(272) User=0,04s Sys=0,04s Real=0,02s
[2024-07-02T11:17:57.729-0400][gc,start    ] GC(273) Pause Young (Normal) (G1 Evacuation Pause)
[2024-07-02T11:17:57.729-0400][gc,task     ] GC(273) Using 6 workers of 6 for evacuation
[2024-07-02T11:17:57.741-0400][gc,phases   ] GC(273)   Pre Evacuate Collection Set: 0,9ms
[2024-07-02T11:17:57.741-0400][gc,phases   ] GC(273)   Merge Heap Roots: 0,2ms
[2024-07-02T11:17:57.741-0400][gc,phases   ] GC(273)   Evacuate Collection Set: 8,2ms
[2024-07-02T11:17:57.741-0400][gc,phases   ] GC(273)   Post Evacuate Collection Set: 2,5ms
[2024-07-02T11:17:57.741-0400][gc,phases   ] GC(273)   Other: 0,1ms
[2024-07-02T11:17:57.741-0400][gc,heap     ] GC(273) Eden regions: 43->0(110)
[2024-07-02T11:17:57.741-0400][gc,heap     ] GC(273) Survivor regions: 8->4(7)
[2024-07-02T11:17:57.741-0400][gc,heap     ] GC(273) Old regions: 175->180
[2024-07-02T11:17:57.741-0400][gc,heap     ] GC(273) Humongous regions: 129->129
[2024-07-02T11:17:57.741-0400][gc,metaspace] GC(273) Metaspace: 44764K(45440K)->44764K(45440K) NonClass: 39790K(40192K)->39790K(40192K) Class: 4973K(5248K)->4973K(5248K)
[2024-07-02T11:17:57.741-0400][gc          ] GC(273) Pause Young (Normal) (G1 Evacuation Pause) 353M->311M(1024M) 11,965ms
[2024-07-02T11:17:57.741-0400][gc,cpu      ] GC(273) User=0,01s Sys=0,03s Real=0,01s
[2024-07-02T11:36:14.168-0400][gc,start    ] GC(274) Pause Young (Normal) (G1 Evacuation Pause)
[2024-07-02T11:36:14.172-0400][gc,task     ] GC(274) Using 6 workers of 6 for evacuation
[2024-07-02T11:36:14.250-0400][gc,mmu      ] GC(274) MMU target violated: 21,0ms (20,0ms/21,0ms)
[2024-07-02T11:36:14.250-0400][gc,phases   ] GC(274)   Pre Evacuate Collection Set: 0,8ms
[2024-07-02T11:36:14.250-0400][gc,phases   ] GC(274)   Merge Heap Roots: 2,5ms
[2024-07-02T11:36:14.250-0400][gc,phases   ] GC(274)   Evacuate Collection Set: 70,8ms
[2024-07-02T11:36:14.250-0400][gc,phases   ] GC(274)   Post Evacuate Collection Set: 3,1ms
[2024-07-02T11:36:14.250-0400][gc,phases   ] GC(274)   Other: 0,8ms
[2024-07-02T11:36:14.250-0400][gc,heap     ] GC(274) Eden regions: 115->0(38)
[2024-07-02T11:36:14.250-0400][gc,heap     ] GC(274) Survivor regions: 4->13(15)
[2024-07-02T11:36:14.250-0400][gc,heap     ] GC(274) Old regions: 180->180
[2024-07-02T11:36:14.250-0400][gc,heap     ] GC(274) Humongous regions: 129->129
[2024-07-02T11:36:14.250-0400][gc,metaspace] GC(274) Metaspace: 44764K(45440K)->44764K(45440K) NonClass: 39790K(40192K)->39790K(40192K) Class: 4973K(5248K)->4973K(5248K)
[2024-07-02T11:36:14.251-0400][gc          ] GC(274) Pause Young (Normal) (G1 Evacuation Pause) 426M->321M(1024M) 82,483ms
[2024-07-02T11:36:14.251-0400][gc,cpu      ] GC(274) User=0,20s Sys=0,07s Real=0,08s
[2024-07-02T11:42:24.202-0400][gc,start    ] GC(275) Pause Young (Normal) (G1 Evacuation Pause)
[2024-07-02T11:42:24.202-0400][gc,task     ] GC(275) Using 6 workers of 6 for evacuation
[2024-07-02T11:42:24.232-0400][gc,mmu      ] GC(275) MMU target violated: 21,0ms (20,0ms/21,0ms)
[2024-07-02T11:42:24.232-0400][gc,phases   ] GC(275)   Pre Evacuate Collection Set: 0,6ms
[2024-07-02T11:42:24.232-0400][gc,phases   ] GC(275)   Merge Heap Roots: 0,3ms
[2024-07-02T11:42:24.232-0400][gc,phases   ] GC(275)   Evacuate Collection Set: 19,4ms
[2024-07-02T11:42:24.232-0400][gc,phases   ] GC(275)   Post Evacuate Collection Set: 9,6ms
[2024-07-02T11:42:24.232-0400][gc,phases   ] GC(275)   Other: 0,3ms
[2024-07-02T11:42:24.232-0400][gc,heap     ] GC(275) Eden regions: 38->0(46)
[2024-07-02T11:42:24.232-0400][gc,heap     ] GC(275) Survivor regions: 13->5(7)
[2024-07-02T11:42:24.232-0400][gc,heap     ] GC(275) Old regions: 180->192
[2024-07-02T11:42:24.232-0400][gc,heap     ] GC(275) Humongous regions: 129->129
[2024-07-02T11:42:24.232-0400][gc,metaspace] GC(275) Metaspace: 44764K(45440K)->44764K(45440K) NonClass: 39790K(40192K)->39790K(40192K) Class: 4973K(5248K)->4973K(5248K)
[2024-07-02T11:42:24.232-0400][gc          ] GC(275) Pause Young (Normal) (G1 Evacuation Pause) 359M->325M(1024M) 30,404ms
[2024-07-02T11:42:24.232-0400][gc,cpu      ] GC(275) User=0,04s Sys=0,03s Real=0,03s
[2024-07-02T11:49:51.080-0400][gc,start    ] GC(276) Pause Young (Normal) (G1 Evacuation Pause)
[2024-07-02T11:49:51.080-0400][gc,task     ] GC(276) Using 6 workers of 6 for evacuation
[2024-07-02T11:49:51.112-0400][gc,mmu      ] GC(276) MMU target violated: 21,0ms (20,0ms/21,0ms)
[2024-07-02T11:49:51.112-0400][gc,phases   ] GC(276)   Pre Evacuate Collection Set: 1,4ms
[2024-07-02T11:49:51.112-0400][gc,phases   ] GC(276)   Merge Heap Roots: 0,2ms
[2024-07-02T11:49:51.112-0400][gc,phases   ] GC(276)   Evacuate Collection Set: 24,8ms
[2024-07-02T11:49:51.112-0400][gc,phases   ] GC(276)   Post Evacuate Collection Set: 5,4ms
[2024-07-02T11:49:51.112-0400][gc,phases   ] GC(276)   Other: 0,3ms
[2024-07-02T11:49:51.112-0400][gc,heap     ] GC(276) Eden regions: 46->0(45)
[2024-07-02T11:49:51.112-0400][gc,heap     ] GC(276) Survivor regions: 5->6(7)
[2024-07-02T11:49:51.112-0400][gc,heap     ] GC(276) Old regions: 192->196
[2024-07-02T11:49:51.112-0400][gc,heap     ] GC(276) Humongous regions: 129->129
[2024-07-02T11:49:51.112-0400][gc,metaspace] GC(276) Metaspace: 44764K(45440K)->44764K(45440K) NonClass: 39790K(40192K)->39790K(40192K) Class: 4973K(5248K)->4973K(5248K)
[2024-07-02T11:49:51.112-0400][gc          ] GC(276) Pause Young (Normal) (G1 Evacuation Pause) 371M->330M(1024M) 32,380ms
[2024-07-02T11:49:51.112-0400][gc,cpu      ] GC(276) User=0,05s Sys=0,02s Real=0,03s
[2024-07-02T11:57:16.609-0400][gc,start    ] GC(277) Pause Young (Normal) (G1 Evacuation Pause)
[2024-07-02T11:57:16.610-0400][gc,task     ] GC(277) Using 6 workers of 6 for evacuation
[2024-07-02T11:57:16.641-0400][gc,mmu      ] GC(277) MMU target violated: 21,0ms (20,0ms/21,0ms)
[2024-07-02T11:57:16.641-0400][gc,phases   ] GC(277)   Pre Evacuate Collection Set: 0,7ms
[2024-07-02T11:57:16.641-0400][gc,phases   ] GC(277)   Merge Heap Roots: 0,3ms
[2024-07-02T11:57:16.641-0400][gc,phases   ] GC(277)   Evacuate Collection Set: 11,8ms
[2024-07-02T11:57:16.641-0400][gc,phases   ] GC(277)   Post Evacuate Collection Set: 18,5ms
[2024-07-02T11:57:16.641-0400][gc,phases   ] GC(277)   Other: 0,1ms
[2024-07-02T11:57:16.641-0400][gc,heap     ] GC(277) Eden regions: 45->0(45)
[2024-07-02T11:57:16.641-0400][gc,heap     ] GC(277) Survivor regions: 6->6(7)
[2024-07-02T11:57:16.641-0400][gc,heap     ] GC(277) Old regions: 196->201
[2024-07-02T11:57:16.641-0400][gc,heap     ] GC(277) Humongous regions: 129->129
[2024-07-02T11:57:16.641-0400][gc,metaspace] GC(277) Metaspace: 44764K(45440K)->44764K(45440K) NonClass: 39790K(40192K)->39790K(40192K) Class: 4973K(5248K)->4973K(5248K)
[2024-07-02T11:57:16.641-0400][gc          ] GC(277) Pause Young (Normal) (G1 Evacuation Pause) 375M->335M(1024M) 31,592ms
[2024-07-02T11:57:16.641-0400][gc,cpu      ] GC(277) User=0,01s Sys=0,04s Real=0,03s
[2024-07-02T12:04:39.396-0400][gc,start    ] GC(278) Pause Young (Normal) (G1 Evacuation Pause)
[2024-07-02T12:04:39.396-0400][gc,task     ] GC(278) Using 6 workers of 6 for evacuation
[2024-07-02T12:04:39.428-0400][gc,mmu      ] GC(278) MMU target violated: 21,0ms (20,0ms/21,0ms)
[2024-07-02T12:04:39.428-0400][gc,phases   ] GC(278)   Pre Evacuate Collection Set: 1,2ms
[2024-07-02T12:04:39.428-0400][gc,phases   ] GC(278)   Merge Heap Roots: 0,7ms
[2024-07-02T12:04:39.428-0400][gc,phases   ] GC(278)   Evacuate Collection Set: 21,4ms
[2024-07-02T12:04:39.428-0400][gc,phases   ] GC(278)   Post Evacuate Collection Set: 8,4ms
[2024-07-02T12:04:39.428-0400][gc,phases   ] GC(278)   Other: 0,2ms
[2024-07-02T12:04:39.428-0400][gc,heap     ] GC(278) Eden regions: 45->0(45)
[2024-07-02T12:04:39.428-0400][gc,heap     ] GC(278) Survivor regions: 6->6(7)
[2024-07-02T12:04:39.428-0400][gc,heap     ] GC(278) Old regions: 201->206
[2024-07-02T12:04:39.428-0400][gc,heap     ] GC(278) Humongous regions: 129->129
[2024-07-02T12:04:39.428-0400][gc,metaspace] GC(278) Metaspace: 44764K(45440K)->44764K(45440K) NonClass: 39790K(40192K)->39790K(40192K) Class: 4973K(5248K)->4973K(5248K)
[2024-07-02T12:04:39.428-0400][gc          ] GC(278) Pause Young (Normal) (G1 Evacuation Pause) 380M->339M(1024M) 31,965ms
[2024-07-02T12:04:39.428-0400][gc,cpu      ] GC(278) User=0,03s Sys=0,02s Real=0,03s
[2024-07-02T12:11:35.607-0400][gc,start    ] GC(279) Pause Young (Normal) (G1 Evacuation Pause)
[2024-07-02T12:11:35.607-0400][gc,task     ] GC(279) Using 6 workers of 6 for evacuation
[2024-07-02T12:11:35.629-0400][gc,mmu      ] GC(279) MMU target violated: 21,0ms (20,0ms/21,0ms)
[2024-07-02T12:11:35.629-0400][gc,phases   ] GC(279)   Pre Evacuate Collection Set: 0,7ms
[2024-07-02T12:11:35.629-0400][gc,phases   ] GC(279)   Merge Heap Roots: 0,2ms
[2024-07-02T12:11:35.629-0400][gc,phases   ] GC(279)   Evacuate Collection Set: 18,6ms
[2024-07-02T12:11:35.629-0400][gc,phases   ] GC(279)   Post Evacuate Collection Set: 2,4ms
[2024-07-02T12:11:35.629-0400][gc,phases   ] GC(279)   Other: 0,1ms
[2024-07-02T12:11:35.629-0400][gc,heap     ] GC(279) Eden regions: 45->0(45)
[2024-07-02T12:11:35.629-0400][gc,heap     ] GC(279) Survivor regions: 6->6(7)
[2024-07-02T12:11:35.629-0400][gc,heap     ] GC(279) Old regions: 206->210
[2024-07-02T12:11:35.629-0400][gc,heap     ] GC(279) Humongous regions: 129->129
[2024-07-02T12:11:35.629-0400][gc,metaspace] GC(279) Metaspace: 44764K(45440K)->44764K(45440K) NonClass: 39790K(40192K)->39790K(40192K) Class: 4973K(5248K)->4973K(5248K)
[2024-07-02T12:11:35.629-0400][gc          ] GC(279) Pause Young (Normal) (G1 Evacuation Pause) 384M->344M(1024M) 22,220ms
[2024-07-02T12:11:35.629-0400][gc,cpu      ] GC(279) User=0,05s Sys=0,00s Real=0,02s
[2024-07-02T12:19:00.600-0400][gc,start    ] GC(280) Pause Young (Normal) (G1 Evacuation Pause)
[2024-07-02T12:19:00.600-0400][gc,task     ] GC(280) Using 6 workers of 6 for evacuation
[2024-07-02T12:19:00.617-0400][gc,phases   ] GC(280)   Pre Evacuate Collection Set: 1,1ms
[2024-07-02T12:19:00.617-0400][gc,phases   ] GC(280)   Merge Heap Roots: 0,7ms
[2024-07-02T12:19:00.617-0400][gc,phases   ] GC(280)   Evacuate Collection Set: 10,9ms
[2024-07-02T12:19:00.617-0400][gc,phases   ] GC(280)   Post Evacuate Collection Set: 4,1ms
[2024-07-02T12:19:00.617-0400][gc,phases   ] GC(280)   Other: 0,1ms
[2024-07-02T12:19:00.617-0400][gc,heap     ] GC(280) Eden regions: 45->0(47)
[2024-07-02T12:19:00.617-0400][gc,heap     ] GC(280) Survivor regions: 6->4(7)
[2024-07-02T12:19:00.617-0400][gc,heap     ] GC(280) Old regions: 210->214
[2024-07-02T12:19:00.617-0400][gc,heap     ] GC(280) Humongous regions: 129->129
[2024-07-02T12:19:00.617-0400][gc,metaspace] GC(280) Metaspace: 44764K(45440K)->44764K(45440K) NonClass: 39790K(40192K)->39790K(40192K) Class: 4973K(5248K)->4973K(5248K)
[2024-07-02T12:19:00.617-0400][gc          ] GC(280) Pause Young (Normal) (G1 Evacuation Pause) 389M->346M(1024M) 17,340ms
[2024-07-02T12:19:00.617-0400][gc,cpu      ] GC(280) User=0,03s Sys=0,00s Real=0,02s
[2024-07-02T12:26:45.576-0400][gc,start    ] GC(281) Pause Young (Normal) (G1 Evacuation Pause)
[2024-07-02T12:26:45.577-0400][gc,task     ] GC(281) Using 6 workers of 6 for evacuation
[2024-07-02T12:26:45.596-0400][gc,phases   ] GC(281)   Pre Evacuate Collection Set: 0,7ms
[2024-07-02T12:26:45.596-0400][gc,phases   ] GC(281)   Merge Heap Roots: 0,2ms
[2024-07-02T12:26:45.596-0400][gc,phases   ] GC(281)   Evacuate Collection Set: 15,2ms
[2024-07-02T12:26:45.596-0400][gc,phases   ] GC(281)   Post Evacuate Collection Set: 2,0ms
[2024-07-02T12:26:45.596-0400][gc,phases   ] GC(281)   Other: 0,1ms
[2024-07-02T12:26:45.596-0400][gc,heap     ] GC(281) Eden regions: 47->0(44)
[2024-07-02T12:26:45.596-0400][gc,heap     ] GC(281) Survivor regions: 4->7(7)
[2024-07-02T12:26:45.596-0400][gc,heap     ] GC(281) Old regions: 214->214
[2024-07-02T12:26:45.596-0400][gc,heap     ] GC(281) Humongous regions: 129->129
[2024-07-02T12:26:45.596-0400][gc,metaspace] GC(281) Metaspace: 44764K(45440K)->44764K(45440K) NonClass: 39790K(40192K)->39790K(40192K) Class: 4973K(5248K)->4973K(5248K)
[2024-07-02T12:26:45.596-0400][gc          ] GC(281) Pause Young (Normal) (G1 Evacuation Pause) 393M->349M(1024M) 19,814ms
[2024-07-02T12:26:45.596-0400][gc,cpu      ] GC(281) User=0,05s Sys=0,00s Real=0,01s
[2024-07-02T12:33:56.161-0400][gc,start    ] GC(282) Pause Young (Normal) (G1 Evacuation Pause)
[2024-07-02T12:33:56.161-0400][gc,task     ] GC(282) Using 6 workers of 6 for evacuation
[2024-07-02T12:33:56.184-0400][gc,mmu      ] GC(282) MMU target violated: 21,0ms (20,0ms/21,0ms)
[2024-07-02T12:33:56.184-0400][gc,phases   ] GC(282)   Pre Evacuate Collection Set: 0,6ms
[2024-07-02T12:33:56.184-0400][gc,phases   ] GC(282)   Merge Heap Roots: 1,3ms
[2024-07-02T12:33:56.184-0400][gc,phases   ] GC(282)   Evacuate Collection Set: 17,3ms
[2024-07-02T12:33:56.184-0400][gc,phases   ] GC(282)   Post Evacuate Collection Set: 2,8ms
[2024-07-02T12:33:56.184-0400][gc,phases   ] GC(282)   Other: 0,2ms
[2024-07-02T12:33:56.184-0400][gc,heap     ] GC(282) Eden regions: 44->0(45)
[2024-07-02T12:33:56.184-0400][gc,heap     ] GC(282) Survivor regions: 7->6(7)
[2024-07-02T12:33:56.184-0400][gc,heap     ] GC(282) Old regions: 214->220
[2024-07-02T12:33:56.184-0400][gc,heap     ] GC(282) Humongous regions: 129->129
[2024-07-02T12:33:56.184-0400][gc,metaspace] GC(282) Metaspace: 44764K(45440K)->44764K(45440K) NonClass: 39790K(40192K)->39790K(40192K) Class: 4973K(5248K)->4973K(5248K)
[2024-07-02T12:33:56.184-0400][gc          ] GC(282) Pause Young (Normal) (G1 Evacuation Pause) 393M->354M(1024M) 22,477ms
[2024-07-02T12:33:56.184-0400][gc,cpu      ] GC(282) User=0,04s Sys=0,02s Real=0,02s
[2024-07-02T12:41:20.007-0400][gc,start    ] GC(283) Pause Young (Normal) (G1 Evacuation Pause)
[2024-07-02T12:41:20.007-0400][gc,task     ] GC(283) Using 6 workers of 6 for evacuation
[2024-07-02T12:41:20.028-0400][gc,mmu      ] GC(283) MMU target violated: 20,9ms (20,0ms/21,0ms)
[2024-07-02T12:41:20.028-0400][gc,phases   ] GC(283)   Pre Evacuate Collection Set: 0,6ms
[2024-07-02T12:41:20.028-0400][gc,phases   ] GC(283)   Merge Heap Roots: 0,3ms
[2024-07-02T12:41:20.028-0400][gc,phases   ] GC(283)   Evacuate Collection Set: 13,6ms
[2024-07-02T12:41:20.028-0400][gc,phases   ] GC(283)   Post Evacuate Collection Set: 6,4ms
[2024-07-02T12:41:20.028-0400][gc,phases   ] GC(283)   Other: 0,1ms
[2024-07-02T12:41:20.028-0400][gc,heap     ] GC(283) Eden regions: 45->0(53)
[2024-07-02T12:41:20.028-0400][gc,heap     ] GC(283) Survivor regions: 6->6(7)
[2024-07-02T12:41:20.028-0400][gc,heap     ] GC(283) Old regions: 220->224
[2024-07-02T12:41:20.028-0400][gc,heap     ] GC(283) Humongous regions: 129->129
[2024-07-02T12:41:20.028-0400][gc,metaspace] GC(283) Metaspace: 44764K(45440K)->44764K(45440K) NonClass: 39790K(40192K)->39790K(40192K) Class: 4973K(5248K)->4973K(5248K)
[2024-07-02T12:41:20.028-0400][gc          ] GC(283) Pause Young (Normal) (G1 Evacuation Pause) 399M->358M(1024M) 21,138ms
[2024-07-02T12:41:20.028-0400][gc,cpu      ] GC(283) User=0,03s Sys=0,02s Real=0,02s
[2024-07-02T12:48:44.995-0400][gc,start    ] GC(284) Pause Young (Normal) (G1 Evacuation Pause)
[2024-07-02T12:48:44.995-0400][gc,task     ] GC(284) Using 6 workers of 6 for evacuation
[2024-07-02T12:48:45.025-0400][gc,mmu      ] GC(284) MMU target violated: 21,0ms (20,0ms/21,0ms)
[2024-07-02T12:48:45.025-0400][gc,phases   ] GC(284)   Pre Evacuate Collection Set: 1,0ms
[2024-07-02T12:48:45.025-0400][gc,phases   ] GC(284)   Merge Heap Roots: 0,3ms
[2024-07-02T12:48:45.025-0400][gc,phases   ] GC(284)   Evacuate Collection Set: 25,1ms
[2024-07-02T12:48:45.025-0400][gc,phases   ] GC(284)   Post Evacuate Collection Set: 3,4ms
[2024-07-02T12:48:45.025-0400][gc,phases   ] GC(284)   Other: 0,2ms
[2024-07-02T12:48:45.025-0400][gc,heap     ] GC(284) Eden regions: 46->0(45)
[2024-07-02T12:48:45.026-0400][gc,heap     ] GC(284) Survivor regions: 6->6(7)
[2024-07-02T12:48:45.026-0400][gc,heap     ] GC(284) Old regions: 224->229
[2024-07-02T12:48:45.026-0400][gc,heap     ] GC(284) Humongous regions: 129->129
[2024-07-02T12:48:45.026-0400][gc,metaspace] GC(284) Metaspace: 44764K(45440K)->44764K(45440K) NonClass: 39790K(40192K)->39790K(40192K) Class: 4973K(5248K)->4973K(5248K)
[2024-07-02T12:48:45.026-0400][gc          ] GC(284) Pause Young (Normal) (G1 Evacuation Pause) 404M->362M(1024M) 30,182ms
[2024-07-02T12:48:45.026-0400][gc,cpu      ] GC(284) User=0,05s Sys=0,00s Real=0,03s
[2024-07-02T12:56:07.894-0400][gc,start    ] GC(285) Pause Young (Normal) (G1 Evacuation Pause)
[2024-07-02T12:56:07.894-0400][gc,task     ] GC(285) Using 6 workers of 6 for evacuation
[2024-07-02T12:56:07.913-0400][gc,phases   ] GC(285)   Pre Evacuate Collection Set: 3,1ms
[2024-07-02T12:56:07.913-0400][gc,phases   ] GC(285)   Merge Heap Roots: 0,3ms
[2024-07-02T12:56:07.913-0400][gc,phases   ] GC(285)   Evacuate Collection Set: 12,4ms
[2024-07-02T12:56:07.913-0400][gc,phases   ] GC(285)   Post Evacuate Collection Set: 3,4ms
[2024-07-02T12:56:07.913-0400][gc,phases   ] GC(285)   Other: 0,2ms
[2024-07-02T12:56:07.913-0400][gc,heap     ] GC(285) Eden regions: 45->0(45)
[2024-07-02T12:56:07.913-0400][gc,heap     ] GC(285) Survivor regions: 6->6(7)
[2024-07-02T12:56:07.913-0400][gc,heap     ] GC(285) Old regions: 229->233
[2024-07-02T12:56:07.913-0400][gc,heap     ] GC(285) Humongous regions: 129->129
[2024-07-02T12:56:07.913-0400][gc,metaspace] GC(285) Metaspace: 44765K(45440K)->44765K(45440K) NonClass: 39791K(40192K)->39791K(40192K) Class: 4973K(5248K)->4973K(5248K)
[2024-07-02T12:56:07.914-0400][gc          ] GC(285) Pause Young (Normal) (G1 Evacuation Pause) 407M->367M(1024M) 19,796ms
[2024-07-02T12:56:07.914-0400][gc,cpu      ] GC(285) User=0,02s Sys=0,02s Real=0,02s
[2024-07-02T13:03:31.549-0400][gc,start    ] GC(286) Pause Young (Concurrent Start) (G1 Evacuation Pause)
[2024-07-02T13:03:31.550-0400][gc,task     ] GC(286) Using 6 workers of 6 for evacuation
[2024-07-02T13:03:31.861-0400][gc,mmu      ] GC(286) MMU target violated: 21,0ms (20,0ms/21,0ms)
[2024-07-02T13:03:31.861-0400][gc,phases   ] GC(286)   Pre Evacuate Collection Set: 35,9ms
[2024-07-02T13:03:31.861-0400][gc,phases   ] GC(286)   Merge Heap Roots: 0,2ms
[2024-07-02T13:03:31.861-0400][gc,phases   ] GC(286)   Evacuate Collection Set: 265,0ms
[2024-07-02T13:03:31.861-0400][gc,phases   ] GC(286)   Post Evacuate Collection Set: 9,8ms
[2024-07-02T13:03:31.861-0400][gc,phases   ] GC(286)   Other: 0,3ms
[2024-07-02T13:03:31.861-0400][gc,heap     ] GC(286) Eden regions: 45->0(45)
[2024-07-02T13:03:31.861-0400][gc,heap     ] GC(286) Survivor regions: 6->6(7)
[2024-07-02T13:03:31.861-0400][gc,heap     ] GC(286) Old regions: 233->237
[2024-07-02T13:03:31.861-0400][gc,heap     ] GC(286) Humongous regions: 129->129
[2024-07-02T13:03:31.861-0400][gc,metaspace] GC(286) Metaspace: 44765K(45440K)->44765K(45440K) NonClass: 39791K(40192K)->39791K(40192K) Class: 4973K(5248K)->4973K(5248K)
[2024-07-02T13:03:31.861-0400][gc          ] GC(286) Pause Young (Concurrent Start) (G1 Evacuation Pause) 412M->371M(1024M) 312,042ms
[2024-07-02T13:03:31.862-0400][gc          ] GC(287) Concurrent Mark Cycle
[2024-07-02T13:03:31.863-0400][gc,cpu      ] GC(286) User=0,38s Sys=0,05s Real=0,31s
[2024-07-02T13:03:31.870-0400][gc,marking  ] GC(287) Concurrent Scan Root Regions
[2024-07-02T13:03:32.093-0400][gc,marking  ] GC(287) Concurrent Scan Root Regions 222,988ms
[2024-07-02T13:03:32.093-0400][gc,marking  ] GC(287) Concurrent Mark
[2024-07-02T13:03:32.093-0400][gc,marking  ] GC(287) Concurrent Mark From Roots
[2024-07-02T13:03:32.093-0400][gc,task     ] GC(287) Using 2 workers of 2 for marking
[2024-07-02T13:03:34.197-0400][gc,marking  ] GC(287) Concurrent Mark From Roots 2103,874ms
[2024-07-02T13:03:34.197-0400][gc,marking  ] GC(287) Concurrent Preclean
[2024-07-02T13:03:34.197-0400][gc,marking  ] GC(287) Concurrent Preclean 0,553ms
[2024-07-02T13:03:34.198-0400][gc,start    ] GC(287) Pause Remark
[2024-07-02T13:03:38.445-0400][gc,mmu      ] GC(287) MMU target violated: 21,0ms (20,0ms/21,0ms)
[2024-07-02T13:03:38.445-0400][gc          ] GC(287) Pause Remark 372M->268M(1024M) 4247,882ms
[2024-07-02T13:03:38.445-0400][gc,cpu      ] GC(287) User=5,67s Sys=1,24s Real=4,24s
[2024-07-02T13:03:38.455-0400][gc,marking  ] GC(287) Concurrent Mark 6362,721ms
[2024-07-02T13:03:38.455-0400][gc,marking  ] GC(287) Concurrent Rebuild Remembered Sets and Scrub Regions
[2024-07-02T13:03:39.640-0400][gc,marking  ] GC(287) Concurrent Rebuild Remembered Sets and Scrub Regions 1184,827ms
[2024-07-02T13:03:39.648-0400][gc,start    ] GC(287) Pause Cleanup
[2024-07-02T13:03:39.649-0400][gc          ] GC(287) Pause Cleanup 268M->268M(1024M) 1,201ms
[2024-07-02T13:03:39.649-0400][gc,cpu      ] GC(287) User=0,00s Sys=0,00s Real=0,00s
[2024-07-02T13:03:39.650-0400][gc,marking  ] GC(287) Concurrent Clear Claimed Marks
[2024-07-02T13:03:39.650-0400][gc,marking  ] GC(287) Concurrent Clear Claimed Marks 0,106ms
[2024-07-02T13:03:39.650-0400][gc,marking  ] GC(287) Concurrent Cleanup for Next Mark
[2024-07-02T13:03:40.511-0400][gc,marking  ] GC(287) Concurrent Cleanup for Next Mark 861,318ms
[2024-07-02T13:03:40.511-0400][gc          ] GC(287) Concurrent Mark Cycle 8649,831ms
[2024-07-02T13:10:32.957-0400][gc,start    ] GC(288) Pause Young (Prepare Mixed) (G1 Evacuation Pause)
[2024-07-02T13:10:32.957-0400][gc,task     ] GC(288) Using 6 workers of 6 for evacuation
[2024-07-02T13:10:33.293-0400][gc,mmu      ] GC(288) MMU target violated: 21,0ms (20,0ms/21,0ms)
[2024-07-02T13:10:33.293-0400][gc,phases   ] GC(288)   Pre Evacuate Collection Set: 2,0ms
[2024-07-02T13:10:33.293-0400][gc,phases   ] GC(288)   Merge Heap Roots: 0,3ms
[2024-07-02T13:10:33.293-0400][gc,phases   ] GC(288)   Evacuate Collection Set: 330,3ms
[2024-07-02T13:10:33.293-0400][gc,phases   ] GC(288)   Post Evacuate Collection Set: 2,1ms
[2024-07-02T13:10:33.293-0400][gc,phases   ] GC(288)   Other: 0,8ms
[2024-07-02T13:10:33.293-0400][gc,heap     ] GC(288) Eden regions: 45->0(44)
[2024-07-02T13:10:33.293-0400][gc,heap     ] GC(288) Survivor regions: 6->7(7)
[2024-07-02T13:10:33.293-0400][gc,heap     ] GC(288) Old regions: 133->138
[2024-07-02T13:10:33.293-0400][gc,heap     ] GC(288) Humongous regions: 129->129
[2024-07-02T13:10:33.293-0400][gc,metaspace] GC(288) Metaspace: 44696K(45440K)->44696K(45440K) NonClass: 39740K(40192K)->39740K(40192K) Class: 4956K(5248K)->4956K(5248K)
[2024-07-02T13:10:33.293-0400][gc          ] GC(288) Pause Young (Prepare Mixed) (G1 Evacuation Pause) 312M->272M(1024M) 335,631ms
[2024-07-02T13:10:33.293-0400][gc,cpu      ] GC(288) User=0,07s Sys=0,20s Real=0,33s
[2024-07-02T13:17:47.140-0400][gc,start    ] GC(289) Pause Young (Mixed) (G1 Evacuation Pause)
[2024-07-02T13:17:47.140-0400][gc,task     ] GC(289) Using 6 workers of 6 for evacuation
[2024-07-02T13:17:47.376-0400][gc,mmu      ] GC(289) MMU target violated: 21,0ms (20,0ms/21,0ms)
[2024-07-02T13:17:47.377-0400][gc,phases   ] GC(289)   Pre Evacuate Collection Set: 0,3ms
[2024-07-02T13:17:47.377-0400][gc,phases   ] GC(289)   Merge Heap Roots: 0,3ms
[2024-07-02T13:17:47.377-0400][gc,phases   ] GC(289)   Evacuate Collection Set: 233,4ms
[2024-07-02T13:17:47.377-0400][gc,phases   ] GC(289)   Post Evacuate Collection Set: 2,0ms
[2024-07-02T13:17:47.377-0400][gc,phases   ] GC(289)   Other: 0,9ms
[2024-07-02T13:17:47.377-0400][gc,heap     ] GC(289) Eden regions: 44->0(47)
[2024-07-02T13:17:47.377-0400][gc,heap     ] GC(289) Survivor regions: 7->4(7)
[2024-07-02T13:17:47.377-0400][gc,heap     ] GC(289) Old regions: 138->135
[2024-07-02T13:17:47.377-0400][gc,heap     ] GC(289) Humongous regions: 129->129
[2024-07-02T13:17:47.377-0400][gc,metaspace] GC(289) Metaspace: 44696K(45440K)->44696K(45440K) NonClass: 39740K(40192K)->39740K(40192K) Class: 4956K(5248K)->4956K(5248K)
[2024-07-02T13:17:47.377-0400][gc          ] GC(289) Pause Young (Mixed) (G1 Evacuation Pause) 316M->266M(1024M) 237,200ms
[2024-07-02T13:17:47.377-0400][gc,cpu      ] GC(289) User=0,22s Sys=0,20s Real=0,24s
[2024-07-02T13:25:30.601-0400][gc,start    ] GC(290) Pause Young (Mixed) (G1 Evacuation Pause)
[2024-07-02T13:25:30.601-0400][gc,task     ] GC(290) Using 6 workers of 6 for evacuation
[2024-07-02T13:25:30.612-0400][gc,phases   ] GC(290)   Pre Evacuate Collection Set: 0,7ms
[2024-07-02T13:25:30.612-0400][gc,phases   ] GC(290)   Merge Heap Roots: 0,2ms
[2024-07-02T13:25:30.612-0400][gc,phases   ] GC(290)   Evacuate Collection Set: 8,0ms
[2024-07-02T13:25:30.612-0400][gc,phases   ] GC(290)   Post Evacuate Collection Set: 1,7ms
[2024-07-02T13:25:30.612-0400][gc,phases   ] GC(290)   Other: 0,1ms
[2024-07-02T13:25:30.612-0400][gc,heap     ] GC(290) Eden regions: 47->0(44)
[2024-07-02T13:25:30.612-0400][gc,heap     ] GC(290) Survivor regions: 4->7(7)
[2024-07-02T13:25:30.612-0400][gc,heap     ] GC(290) Old regions: 135->127
[2024-07-02T13:25:30.612-0400][gc,heap     ] GC(290) Humongous regions: 129->129
[2024-07-02T13:25:30.612-0400][gc,metaspace] GC(290) Metaspace: 44696K(45440K)->44696K(45440K) NonClass: 39740K(40192K)->39740K(40192K) Class: 4956K(5248K)->4956K(5248K)
[2024-07-02T13:25:30.612-0400][gc          ] GC(290) Pause Young (Mixed) (G1 Evacuation Pause) 313M->261M(1024M) 10,910ms
[2024-07-02T13:25:30.612-0400][gc,cpu      ] GC(290) User=0,01s Sys=0,01s Real=0,01s
[2024-07-02T13:32:42.918-0400][gc,start    ] GC(291) Pause Young (Mixed) (G1 Evacuation Pause)
[2024-07-02T13:32:42.918-0400][gc,task     ] GC(291) Using 6 workers of 6 for evacuation
[2024-07-02T13:32:43.135-0400][gc,mmu      ] GC(291) MMU target violated: 21,0ms (20,0ms/21,0ms)
[2024-07-02T13:32:43.135-0400][gc,phases   ] GC(291)   Pre Evacuate Collection Set: 0,8ms
[2024-07-02T13:32:43.135-0400][gc,phases   ] GC(291)   Merge Heap Roots: 0,4ms
[2024-07-02T13:32:43.135-0400][gc,phases   ] GC(291)   Evacuate Collection Set: 213,3ms
[2024-07-02T13:32:43.135-0400][gc,phases   ] GC(291)   Post Evacuate Collection Set: 1,9ms
[2024-07-02T13:32:43.135-0400][gc,phases   ] GC(291)   Other: 0,3ms
[2024-07-02T13:32:43.135-0400][gc,heap     ] GC(291) Eden regions: 44->0(45)
[2024-07-02T13:32:43.135-0400][gc,heap     ] GC(291) Survivor regions: 7->6(7)
[2024-07-02T13:32:43.135-0400][gc,heap     ] GC(291) Old regions: 127->124
[2024-07-02T13:32:43.135-0400][gc,heap     ] GC(291) Humongous regions: 129->129
[2024-07-02T13:32:43.135-0400][gc,metaspace] GC(291) Metaspace: 44696K(45440K)->44696K(45440K) NonClass: 39740K(40192K)->39740K(40192K) Class: 4956K(5248K)->4956K(5248K)
[2024-07-02T13:32:43.135-0400][gc          ] GC(291) Pause Young (Mixed) (G1 Evacuation Pause) 305M->258M(1024M) 217,050ms
[2024-07-02T13:32:43.135-0400][gc,cpu      ] GC(291) User=0,46s Sys=0,19s Real=0,21s
[2024-07-02T13:40:06.772-0400][gc,start    ] GC(292) Pause Young (Mixed) (G1 Evacuation Pause)
[2024-07-02T13:40:06.772-0400][gc,task     ] GC(292) Using 6 workers of 6 for evacuation
[2024-07-02T13:40:06.915-0400][gc,mmu      ] GC(292) MMU target violated: 21,0ms (20,0ms/21,0ms)
[2024-07-02T13:40:06.915-0400][gc,phases   ] GC(292)   Pre Evacuate Collection Set: 2,1ms
[2024-07-02T13:40:06.915-0400][gc,phases   ] GC(292)   Merge Heap Roots: 0,4ms
[2024-07-02T13:40:06.915-0400][gc,phases   ] GC(292)   Evacuate Collection Set: 138,4ms
[2024-07-02T13:40:06.915-0400][gc,phases   ] GC(292)   Post Evacuate Collection Set: 1,3ms
[2024-07-02T13:40:06.915-0400][gc,phases   ] GC(292)   Other: 0,3ms
[2024-07-02T13:40:06.915-0400][gc,heap     ] GC(292) Eden regions: 45->0(45)
[2024-07-02T13:40:06.915-0400][gc,heap     ] GC(292) Survivor regions: 6->6(7)
[2024-07-02T13:40:06.915-0400][gc,heap     ] GC(292) Old regions: 124->120
[2024-07-02T13:40:06.915-0400][gc,heap     ] GC(292) Humongous regions: 129->129
[2024-07-02T13:40:06.915-0400][gc,metaspace] GC(292) Metaspace: 44696K(45440K)->44696K(45440K) NonClass: 39740K(40192K)->39740K(40192K) Class: 4956K(5248K)->4956K(5248K)
[2024-07-02T13:40:06.915-0400][gc          ] GC(292) Pause Young (Mixed) (G1 Evacuation Pause) 303M->254M(1024M) 142,732ms
[2024-07-02T13:40:06.915-0400][gc,cpu      ] GC(292) User=0,48s Sys=0,07s Real=0,14s
[2024-07-02T13:47:20.601-0400][gc,start    ] GC(293) Pause Young (Mixed) (G1 Evacuation Pause)
[2024-07-02T13:47:20.601-0400][gc,task     ] GC(293) Using 6 workers of 6 for evacuation
[2024-07-02T13:47:20.769-0400][gc,mmu      ] GC(293) MMU target violated: 21,0ms (20,0ms/21,0ms)
[2024-07-02T13:47:20.769-0400][gc,phases   ] GC(293)   Pre Evacuate Collection Set: 0,8ms
[2024-07-02T13:47:20.769-0400][gc,phases   ] GC(293)   Merge Heap Roots: 0,4ms
[2024-07-02T13:47:20.769-0400][gc,phases   ] GC(293)   Evacuate Collection Set: 164,2ms
[2024-07-02T13:47:20.769-0400][gc,phases   ] GC(293)   Post Evacuate Collection Set: 2,4ms
[2024-07-02T13:47:20.769-0400][gc,phases   ] GC(293)   Other: 0,1ms
[2024-07-02T13:47:20.769-0400][gc,heap     ] GC(293) Eden regions: 45->0(46)
[2024-07-02T13:47:20.769-0400][gc,heap     ] GC(293) Survivor regions: 6->5(7)
[2024-07-02T13:47:20.769-0400][gc,heap     ] GC(293) Old regions: 120->116
[2024-07-02T13:47:20.769-0400][gc,heap     ] GC(293) Humongous regions: 129->129
[2024-07-02T13:47:20.769-0400][gc,metaspace] GC(293) Metaspace: 44696K(45440K)->44696K(45440K) NonClass: 39740K(40192K)->39740K(40192K) Class: 4956K(5248K)->4956K(5248K)
[2024-07-02T13:47:20.770-0400][gc          ] GC(293) Pause Young (Mixed) (G1 Evacuation Pause) 299M->250M(1024M) 168,239ms
[2024-07-02T13:47:20.770-0400][gc,cpu      ] GC(293) User=0,41s Sys=0,11s Real=0,17s
[2024-07-02T13:54:55.600-0400][gc,start    ] GC(294) Pause Young (Mixed) (G1 Evacuation Pause)
[2024-07-02T13:54:55.600-0400][gc,task     ] GC(294) Using 6 workers of 6 for evacuation
[2024-07-02T13:54:55.886-0400][gc,mmu      ] GC(294) MMU target violated: 21,0ms (20,0ms/21,0ms)
[2024-07-02T13:54:55.886-0400][gc,phases   ] GC(294)   Pre Evacuate Collection Set: 3,5ms
[2024-07-02T13:54:55.886-0400][gc,phases   ] GC(294)   Merge Heap Roots: 0,1ms
[2024-07-02T13:54:55.886-0400][gc,phases   ] GC(294)   Evacuate Collection Set: 273,5ms
[2024-07-02T13:54:55.886-0400][gc,phases   ] GC(294)   Post Evacuate Collection Set: 4,1ms
[2024-07-02T13:54:55.886-0400][gc,phases   ] GC(294)   Other: 4,6ms
[2024-07-02T13:54:55.886-0400][gc,heap     ] GC(294) Eden regions: 46->0(45)
[2024-07-02T13:54:55.886-0400][gc,heap     ] GC(294) Survivor regions: 5->6(7)
[2024-07-02T13:54:55.886-0400][gc,heap     ] GC(294) Old regions: 116->113
[2024-07-02T13:54:55.886-0400][gc,heap     ] GC(294) Humongous regions: 129->129
[2024-07-02T13:54:55.886-0400][gc,metaspace] GC(294) Metaspace: 44696K(45440K)->44696K(45440K) NonClass: 39740K(40192K)->39740K(40192K) Class: 4956K(5248K)->4956K(5248K)
[2024-07-02T13:54:55.886-0400][gc          ] GC(294) Pause Young (Mixed) (G1 Evacuation Pause) 296M->247M(1024M) 285,990ms
[2024-07-02T13:54:55.886-0400][gc,cpu      ] GC(294) User=0,35s Sys=0,22s Real=0,29s
[2024-07-02T14:02:20.064-0400][gc,start    ] GC(295) Pause Young (Mixed) (G1 Evacuation Pause)
[2024-07-02T14:02:20.064-0400][gc,task     ] GC(295) Using 6 workers of 6 for evacuation
[2024-07-02T14:02:20.498-0400][gc,mmu      ] GC(295) MMU target violated: 21,0ms (20,0ms/21,0ms)
[2024-07-02T14:02:20.498-0400][gc,phases   ] GC(295)   Pre Evacuate Collection Set: 0,6ms
[2024-07-02T14:02:20.498-0400][gc,phases   ] GC(295)   Merge Heap Roots: 0,6ms
[2024-07-02T14:02:20.498-0400][gc,phases   ] GC(295)   Evacuate Collection Set: 430,2ms
[2024-07-02T14:02:20.498-0400][gc,phases   ] GC(295)   Post Evacuate Collection Set: 2,4ms
[2024-07-02T14:02:20.498-0400][gc,phases   ] GC(295)   Other: 0,1ms
[2024-07-02T14:02:20.498-0400][gc,heap     ] GC(295) Eden regions: 45->0(45)
[2024-07-02T14:02:20.498-0400][gc,heap     ] GC(295) Survivor regions: 6->6(7)
[2024-07-02T14:02:20.498-0400][gc,heap     ] GC(295) Old regions: 113->109
[2024-07-02T14:02:20.498-0400][gc,heap     ] GC(295) Humongous regions: 129->129
[2024-07-02T14:02:20.498-0400][gc,metaspace] GC(295) Metaspace: 44696K(45440K)->44696K(45440K) NonClass: 39740K(40192K)->39740K(40192K) Class: 4956K(5248K)->4956K(5248K)
[2024-07-02T14:02:20.498-0400][gc          ] GC(295) Pause Young (Mixed) (G1 Evacuation Pause) 292M->243M(1024M) 434,082ms
[2024-07-02T14:02:20.498-0400][gc,cpu      ] GC(295) User=0,07s Sys=0,23s Real=0,44s
[2024-07-02T14:09:42.203-0400][gc,start    ] GC(296) Pause Young (Mixed) (G1 Evacuation Pause)
[2024-07-02T14:09:42.203-0400][gc,task     ] GC(296) Using 6 workers of 6 for evacuation
[2024-07-02T14:09:42.607-0400][gc,mmu      ] GC(296) MMU target violated: 21,0ms (20,0ms/21,0ms)
[2024-07-02T14:09:42.607-0400][gc,phases   ] GC(296)   Pre Evacuate Collection Set: 2,2ms
[2024-07-02T14:09:42.607-0400][gc,phases   ] GC(296)   Merge Heap Roots: 6,5ms
[2024-07-02T14:09:42.607-0400][gc,phases   ] GC(296)   Evacuate Collection Set: 393,7ms
[2024-07-02T14:09:42.607-0400][gc,phases   ] GC(296)   Post Evacuate Collection Set: 1,4ms
[2024-07-02T14:09:42.607-0400][gc,phases   ] GC(296)   Other: 0,3ms
[2024-07-02T14:09:42.607-0400][gc,heap     ] GC(296) Eden regions: 45->0(46)
[2024-07-02T14:09:42.607-0400][gc,heap     ] GC(296) Survivor regions: 6->5(7)
[2024-07-02T14:09:42.607-0400][gc,heap     ] GC(296) Old regions: 109->111
[2024-07-02T14:09:42.607-0400][gc,heap     ] GC(296) Humongous regions: 129->129
[2024-07-02T14:09:42.607-0400][gc,metaspace] GC(296) Metaspace: 44696K(45440K)->44696K(45440K) NonClass: 39740K(40192K)->39740K(40192K) Class: 4956K(5248K)->4956K(5248K)
[2024-07-02T14:09:42.607-0400][gc          ] GC(296) Pause Young (Mixed) (G1 Evacuation Pause) 288M->244M(1024M) 404,168ms
[2024-07-02T14:09:42.607-0400][gc,cpu      ] GC(296) User=0,08s Sys=0,24s Real=0,41s
[2024-07-02T14:16:49.835-0400][gc,start    ] GC(297) Pause Young (Normal) (G1 Evacuation Pause)
[2024-07-02T14:16:49.837-0400][gc,task     ] GC(297) Using 6 workers of 6 for evacuation
[2024-07-02T14:16:49.977-0400][gc,mmu      ] GC(297) MMU target violated: 21,0ms (20,0ms/21,0ms)
[2024-07-02T14:16:49.977-0400][gc,phases   ] GC(297)   Pre Evacuate Collection Set: 1,6ms
[2024-07-02T14:16:49.977-0400][gc,phases   ] GC(297)   Merge Heap Roots: 0,5ms
[2024-07-02T14:16:49.977-0400][gc,phases   ] GC(297)   Evacuate Collection Set: 136,9ms
[2024-07-02T14:16:49.977-0400][gc,phases   ] GC(297)   Post Evacuate Collection Set: 1,0ms
[2024-07-02T14:16:49.977-0400][gc,phases   ] GC(297)   Other: 0,3ms
[2024-07-02T14:16:49.977-0400][gc,heap     ] GC(297) Eden regions: 46->0(47)
[2024-07-02T14:16:49.977-0400][gc,heap     ] GC(297) Survivor regions: 5->4(7)
[2024-07-02T14:16:49.977-0400][gc,heap     ] GC(297) Old regions: 111->115
[2024-07-02T14:16:49.977-0400][gc,heap     ] GC(297) Humongous regions: 129->129
[2024-07-02T14:16:49.977-0400][gc,metaspace] GC(297) Metaspace: 44696K(45440K)->44696K(45440K) NonClass: 39740K(40192K)->39740K(40192K) Class: 4956K(5248K)->4956K(5248K)
[2024-07-02T14:16:49.977-0400][gc          ] GC(297) Pause Young (Normal) (G1 Evacuation Pause) 290M->247M(1024M) 142,074ms
[2024-07-02T14:16:49.977-0400][gc,cpu      ] GC(297) User=0,31s Sys=0,12s Real=0,15s
[2024-07-02T14:24:33.261-0400][gc,start    ] GC(298) Pause Young (Normal) (G1 Evacuation Pause)
[2024-07-02T14:24:33.262-0400][gc,task     ] GC(298) Using 6 workers of 6 for evacuation
[2024-07-02T14:24:33.338-0400][gc,mmu      ] GC(298) MMU target violated: 21,0ms (20,0ms/21,0ms)
[2024-07-02T14:24:33.338-0400][gc,phases   ] GC(298)   Pre Evacuate Collection Set: 0,9ms
[2024-07-02T14:24:33.338-0400][gc,phases   ] GC(298)   Merge Heap Roots: 0,2ms
[2024-07-02T14:24:33.338-0400][gc,phases   ] GC(298)   Evacuate Collection Set: 61,6ms
[2024-07-02T14:24:33.338-0400][gc,phases   ] GC(298)   Post Evacuate Collection Set: 14,0ms
[2024-07-02T14:24:33.338-0400][gc,phases   ] GC(298)   Other: 0,1ms
[2024-07-02T14:24:33.338-0400][gc,heap     ] GC(298) Eden regions: 47->0(48)
[2024-07-02T14:24:33.338-0400][gc,heap     ] GC(298) Survivor regions: 4->3(7)
[2024-07-02T14:24:33.338-0400][gc,heap     ] GC(298) Old regions: 115->117
[2024-07-02T14:24:33.338-0400][gc,heap     ] GC(298) Humongous regions: 129->129
[2024-07-02T14:24:33.338-0400][gc,metaspace] GC(298) Metaspace: 44696K(45440K)->44696K(45440K) NonClass: 39740K(40192K)->39740K(40192K) Class: 4956K(5248K)->4956K(5248K)
[2024-07-02T14:24:33.339-0400][gc          ] GC(298) Pause Young (Normal) (G1 Evacuation Pause) 294M->247M(1024M) 77,034ms
[2024-07-02T14:24:33.339-0400][gc,cpu      ] GC(298) User=0,20s Sys=0,06s Real=0,08s
[2024-07-02T14:32:26.541-0400][gc,start    ] GC(299) Pause Young (Normal) (G1 Evacuation Pause)
[2024-07-02T14:32:26.541-0400][gc,task     ] GC(299) Using 6 workers of 6 for evacuation
[2024-07-02T14:32:26.564-0400][gc,mmu      ] GC(299) MMU target violated: 21,0ms (20,0ms/21,0ms)
[2024-07-02T14:32:26.564-0400][gc,phases   ] GC(299)   Pre Evacuate Collection Set: 1,0ms
[2024-07-02T14:32:26.564-0400][gc,phases   ] GC(299)   Merge Heap Roots: 0,2ms
[2024-07-02T14:32:26.564-0400][gc,phases   ] GC(299)   Evacuate Collection Set: 9,8ms
[2024-07-02T14:32:26.564-0400][gc,phases   ] GC(299)   Post Evacuate Collection Set: 11,6ms
[2024-07-02T14:32:26.564-0400][gc,phases   ] GC(299)   Other: 0,2ms
[2024-07-02T14:32:26.564-0400][gc,heap     ] GC(299) Eden regions: 48->0(44)
[2024-07-02T14:32:26.564-0400][gc,heap     ] GC(299) Survivor regions: 3->7(7)
[2024-07-02T14:32:26.564-0400][gc,heap     ] GC(299) Old regions: 117->117
[2024-07-02T14:32:26.564-0400][gc,heap     ] GC(299) Humongous regions: 129->129
[2024-07-02T14:32:26.564-0400][gc,metaspace] GC(299) Metaspace: 44696K(45440K)->44696K(45440K) NonClass: 39740K(40192K)->39740K(40192K) Class: 4956K(5248K)->4956K(5248K)
[2024-07-02T14:32:26.564-0400][gc          ] GC(299) Pause Young (Normal) (G1 Evacuation Pause) 295M->251M(1024M) 23,055ms
[2024-07-02T14:32:26.564-0400][gc,cpu      ] GC(299) User=0,01s Sys=0,03s Real=0,02s
[2024-07-02T14:39:40.601-0400][gc,start    ] GC(300) Pause Young (Normal) (G1 Evacuation Pause)
[2024-07-02T14:39:40.601-0400][gc,task     ] GC(300) Using 6 workers of 6 for evacuation
[2024-07-02T14:39:40.898-0400][gc,mmu      ] GC(300) MMU target violated: 21,0ms (20,0ms/21,0ms)
[2024-07-02T14:39:40.898-0400][gc,phases   ] GC(300)   Pre Evacuate Collection Set: 0,6ms
[2024-07-02T14:39:40.898-0400][gc,phases   ] GC(300)   Merge Heap Roots: 0,1ms
[2024-07-02T14:39:40.898-0400][gc,phases   ] GC(300)   Evacuate Collection Set: 291,9ms
[2024-07-02T14:39:40.898-0400][gc,phases   ] GC(300)   Post Evacuate Collection Set: 4,0ms
[2024-07-02T14:39:40.898-0400][gc,phases   ] GC(300)   Other: 0,1ms
[2024-07-02T14:39:40.898-0400][gc,heap     ] GC(300) Eden regions: 44->0(45)
[2024-07-02T14:39:40.898-0400][gc,heap     ] GC(300) Survivor regions: 7->6(7)
[2024-07-02T14:39:40.898-0400][gc,heap     ] GC(300) Old regions: 117->122
[2024-07-02T14:39:40.898-0400][gc,heap     ] GC(300) Humongous regions: 129->129
[2024-07-02T14:39:40.898-0400][gc,metaspace] GC(300) Metaspace: 44696K(45440K)->44696K(45440K) NonClass: 39740K(40192K)->39740K(40192K) Class: 4956K(5248K)->4956K(5248K)
[2024-07-02T14:39:40.898-0400][gc          ] GC(300) Pause Young (Normal) (G1 Evacuation Pause) 295M->256M(1024M) 296,846ms
[2024-07-02T14:39:40.898-0400][gc,cpu      ] GC(300) User=0,65s Sys=0,05s Real=0,30s
[2024-07-02T14:46:54.896-0400][gc,start    ] GC(301) Pause Young (Normal) (G1 Evacuation Pause)
[2024-07-02T14:46:54.896-0400][gc,task     ] GC(301) Using 6 workers of 6 for evacuation
[2024-07-02T14:46:55.347-0400][gc,mmu      ] GC(301) MMU target violated: 21,0ms (20,0ms/21,0ms)
[2024-07-02T14:46:55.347-0400][gc,phases   ] GC(301)   Pre Evacuate Collection Set: 4,0ms
[2024-07-02T14:46:55.347-0400][gc,phases   ] GC(301)   Merge Heap Roots: 2,6ms
[2024-07-02T14:46:55.347-0400][gc,phases   ] GC(301)   Evacuate Collection Set: 441,3ms
[2024-07-02T14:46:55.347-0400][gc,phases   ] GC(301)   Post Evacuate Collection Set: 2,4ms
[2024-07-02T14:46:55.347-0400][gc,phases   ] GC(301)   Other: 0,6ms
[2024-07-02T14:46:55.347-0400][gc,heap     ] GC(301) Eden regions: 45->0(45)
[2024-07-02T14:46:55.347-0400][gc,heap     ] GC(301) Survivor regions: 6->6(7)
[2024-07-02T14:46:55.347-0400][gc,heap     ] GC(301) Old regions: 122->126
[2024-07-02T14:46:55.347-0400][gc,heap     ] GC(301) Humongous regions: 129->129
[2024-07-02T14:46:55.347-0400][gc,metaspace] GC(301) Metaspace: 44696K(45440K)->44696K(45440K) NonClass: 39740K(40192K)->39740K(40192K) Class: 4956K(5248K)->4956K(5248K)
[2024-07-02T14:46:55.347-0400][gc          ] GC(301) Pause Young (Normal) (G1 Evacuation Pause) 301M->260M(1024M) 451,200ms
[2024-07-02T14:46:55.347-0400][gc,cpu      ] GC(301) User=0,21s Sys=0,18s Real=0,45s
[2024-07-02T14:54:18.930-0400][gc,start    ] GC(302) Pause Young (Normal) (G1 Evacuation Pause)
[2024-07-02T14:54:18.931-0400][gc,task     ] GC(302) Using 6 workers of 6 for evacuation
[2024-07-02T14:54:19.085-0400][gc,mmu      ] GC(302) MMU target violated: 21,0ms (20,0ms/21,0ms)
[2024-07-02T14:54:19.085-0400][gc,phases   ] GC(302)   Pre Evacuate Collection Set: 1,9ms
[2024-07-02T14:54:19.085-0400][gc,phases   ] GC(302)   Merge Heap Roots: 0,3ms
[2024-07-02T14:54:19.085-0400][gc,phases   ] GC(302)   Evacuate Collection Set: 150,6ms
[2024-07-02T14:54:19.085-0400][gc,phases   ] GC(302)   Post Evacuate Collection Set: 1,3ms
[2024-07-02T14:54:19.085-0400][gc,phases   ] GC(302)   Other: 0,1ms
[2024-07-02T14:54:19.085-0400][gc,heap     ] GC(302) Eden regions: 45->0(45)
[2024-07-02T14:54:19.085-0400][gc,heap     ] GC(302) Survivor regions: 6->6(7)
[2024-07-02T14:54:19.085-0400][gc,heap     ] GC(302) Old regions: 126->131
[2024-07-02T14:54:19.085-0400][gc,heap     ] GC(302) Humongous regions: 129->129
[2024-07-02T14:54:19.085-0400][gc,metaspace] GC(302) Metaspace: 44696K(45440K)->44696K(45440K) NonClass: 39740K(40192K)->39740K(40192K) Class: 4956K(5248K)->4956K(5248K)
[2024-07-02T14:54:19.085-0400][gc          ] GC(302) Pause Young (Normal) (G1 Evacuation Pause) 305M->265M(1024M) 154,395ms
[2024-07-02T14:54:19.085-0400][gc,cpu      ] GC(302) User=0,67s Sys=0,00s Real=0,15s
[2024-07-02T15:01:41.912-0400][gc,start    ] GC(303) Pause Young (Normal) (G1 Evacuation Pause)
[2024-07-02T15:01:41.913-0400][gc,task     ] GC(303) Using 6 workers of 6 for evacuation
[2024-07-02T15:01:42.030-0400][gc,mmu      ] GC(303) MMU target violated: 21,0ms (20,0ms/21,0ms)
[2024-07-02T15:01:42.030-0400][gc,phases   ] GC(303)   Pre Evacuate Collection Set: 0,6ms
[2024-07-02T15:01:42.030-0400][gc,phases   ] GC(303)   Merge Heap Roots: 0,8ms
[2024-07-02T15:01:42.030-0400][gc,phases   ] GC(303)   Evacuate Collection Set: 112,5ms
[2024-07-02T15:01:42.031-0400][gc,phases   ] GC(303)   Post Evacuate Collection Set: 3,9ms
[2024-07-02T15:01:42.031-0400][gc,phases   ] GC(303)   Other: 0,1ms
[2024-07-02T15:01:42.031-0400][gc,heap     ] GC(303) Eden regions: 45->0(45)
[2024-07-02T15:01:42.031-0400][gc,heap     ] GC(303) Survivor regions: 6->6(7)
[2024-07-02T15:01:42.031-0400][gc,heap     ] GC(303) Old regions: 131->135
[2024-07-02T15:01:42.031-0400][gc,heap     ] GC(303) Humongous regions: 129->129
[2024-07-02T15:01:42.031-0400][gc,metaspace] GC(303) Metaspace: 44696K(45440K)->44696K(45440K) NonClass: 39740K(40192K)->39740K(40192K) Class: 4956K(5248K)->4956K(5248K)
[2024-07-02T15:01:42.031-0400][gc          ] GC(303) Pause Young (Normal) (G1 Evacuation Pause) 310M->269M(1024M) 118,157ms
[2024-07-02T15:01:42.031-0400][gc,cpu      ] GC(303) User=0,22s Sys=0,31s Real=0,12s
[2024-07-02T15:09:05.870-0400][gc,start    ] GC(304) Pause Young (Normal) (G1 Evacuation Pause)
[2024-07-02T15:09:05.870-0400][gc,task     ] GC(304) Using 6 workers of 6 for evacuation
[2024-07-02T15:09:06.285-0400][gc,mmu      ] GC(304) MMU target violated: 21,0ms (20,0ms/21,0ms)
[2024-07-02T15:09:06.285-0400][gc,phases   ] GC(304)   Pre Evacuate Collection Set: 0,5ms
[2024-07-02T15:09:06.285-0400][gc,phases   ] GC(304)   Merge Heap Roots: 0,2ms
[2024-07-02T15:09:06.285-0400][gc,phases   ] GC(304)   Evacuate Collection Set: 413,1ms
[2024-07-02T15:09:06.285-0400][gc,phases   ] GC(304)   Post Evacuate Collection Set: 1,2ms
[2024-07-02T15:09:06.285-0400][gc,phases   ] GC(304)   Other: 0,3ms
[2024-07-02T15:09:06.285-0400][gc,heap     ] GC(304) Eden regions: 45->0(46)
[2024-07-02T15:09:06.285-0400][gc,heap     ] GC(304) Survivor regions: 6->5(7)
[2024-07-02T15:09:06.285-0400][gc,heap     ] GC(304) Old regions: 135->139
[2024-07-02T15:09:06.285-0400][gc,heap     ] GC(304) Humongous regions: 129->129
[2024-07-02T15:09:06.285-0400][gc,metaspace] GC(304) Metaspace: 44696K(45440K)->44696K(45440K) NonClass: 39740K(40192K)->39740K(40192K) Class: 4956K(5248K)->4956K(5248K)
[2024-07-02T15:09:06.285-0400][gc          ] GC(304) Pause Young (Normal) (G1 Evacuation Pause) 314M->272M(1024M) 415,483ms
[2024-07-02T15:09:06.285-0400][gc,cpu      ] GC(304) User=0,17s Sys=0,19s Real=0,41s
[2024-07-02T15:16:14.509-0400][gc,start    ] GC(305) Pause Young (Normal) (G1 Evacuation Pause)
[2024-07-02T15:16:14.509-0400][gc,task     ] GC(305) Using 6 workers of 6 for evacuation
[2024-07-02T15:16:15.055-0400][gc,mmu      ] GC(305) MMU target violated: 21,0ms (20,0ms/21,0ms)
[2024-07-02T15:16:15.055-0400][gc,phases   ] GC(305)   Pre Evacuate Collection Set: 4,2ms
[2024-07-02T15:16:15.055-0400][gc,phases   ] GC(305)   Merge Heap Roots: 0,6ms
[2024-07-02T15:16:15.055-0400][gc,phases   ] GC(305)   Evacuate Collection Set: 538,9ms
[2024-07-02T15:16:15.055-0400][gc,phases   ] GC(305)   Post Evacuate Collection Set: 2,2ms
[2024-07-02T15:16:15.055-0400][gc,phases   ] GC(305)   Other: 0,1ms
[2024-07-02T15:16:15.055-0400][gc,heap     ] GC(305) Eden regions: 46->0(46)
[2024-07-02T15:16:15.055-0400][gc,heap     ] GC(305) Survivor regions: 5->5(7)
[2024-07-02T15:16:15.055-0400][gc,heap     ] GC(305) Old regions: 139->144
[2024-07-02T15:16:15.055-0400][gc,heap     ] GC(305) Humongous regions: 129->129
[2024-07-02T15:16:15.055-0400][gc,metaspace] GC(305) Metaspace: 44696K(45440K)->44696K(45440K) NonClass: 39740K(40192K)->39740K(40192K) Class: 4956K(5248K)->4956K(5248K)
[2024-07-02T15:16:15.055-0400][gc          ] GC(305) Pause Young (Normal) (G1 Evacuation Pause) 318M->277M(1024M) 546,152ms
[2024-07-02T15:16:15.055-0400][gc,cpu      ] GC(305) User=0,03s Sys=0,27s Real=0,54s
[2024-07-02T15:23:45.767-0400][gc,start    ] GC(306) Pause Young (Normal) (G1 Evacuation Pause)
[2024-07-02T15:23:45.767-0400][gc,task     ] GC(306) Using 6 workers of 6 for evacuation
[2024-07-02T15:23:45.960-0400][gc,mmu      ] GC(306) MMU target violated: 21,0ms (20,0ms/21,0ms)
[2024-07-02T15:23:45.962-0400][gc,phases   ] GC(306)   Pre Evacuate Collection Set: 1,8ms
[2024-07-02T15:23:45.962-0400][gc,phases   ] GC(306)   Merge Heap Roots: 0,2ms
[2024-07-02T15:23:45.962-0400][gc,phases   ] GC(306)   Evacuate Collection Set: 187,2ms
[2024-07-02T15:23:45.962-0400][gc,phases   ] GC(306)   Post Evacuate Collection Set: 3,7ms
[2024-07-02T15:23:45.962-0400][gc,phases   ] GC(306)   Other: 1,9ms
[2024-07-02T15:23:45.962-0400][gc,heap     ] GC(306) Eden regions: 46->0(48)
[2024-07-02T15:23:45.962-0400][gc,heap     ] GC(306) Survivor regions: 5->3(7)
[2024-07-02T15:23:45.962-0400][gc,heap     ] GC(306) Old regions: 144->146
[2024-07-02T15:23:45.962-0400][gc,heap     ] GC(306) Humongous regions: 129->129
[2024-07-02T15:23:45.962-0400][gc,metaspace] GC(306) Metaspace: 44696K(45440K)->44696K(45440K) NonClass: 39740K(40192K)->39740K(40192K) Class: 4956K(5248K)->4956K(5248K)
[2024-07-02T15:23:45.962-0400][gc          ] GC(306) Pause Young (Normal) (G1 Evacuation Pause) 323M->277M(1024M) 194,991ms
[2024-07-02T15:23:45.962-0400][gc,cpu      ] GC(306) User=0,04s Sys=0,09s Real=0,19s
[2024-07-02T15:31:39.317-0400][gc,start    ] GC(307) Pause Young (Normal) (G1 Evacuation Pause)
[2024-07-02T15:31:39.317-0400][gc,task     ] GC(307) Using 6 workers of 6 for evacuation
[2024-07-02T15:31:39.333-0400][gc,phases   ] GC(307)   Pre Evacuate Collection Set: 1,4ms
[2024-07-02T15:31:39.333-0400][gc,phases   ] GC(307)   Merge Heap Roots: 0,6ms
[2024-07-02T15:31:39.333-0400][gc,phases   ] GC(307)   Evacuate Collection Set: 12,8ms
[2024-07-02T15:31:39.333-0400][gc,phases   ] GC(307)   Post Evacuate Collection Set: 1,4ms
[2024-07-02T15:31:39.333-0400][gc,phases   ] GC(307)   Other: 0,2ms
[2024-07-02T15:31:39.333-0400][gc,heap     ] GC(307) Eden regions: 48->0(44)
[2024-07-02T15:31:39.333-0400][gc,heap     ] GC(307) Survivor regions: 3->7(7)
[2024-07-02T15:31:39.333-0400][gc,heap     ] GC(307) Old regions: 146->146
[2024-07-02T15:31:39.333-0400][gc,heap     ] GC(307) Humongous regions: 129->129
[2024-07-02T15:31:39.333-0400][gc,metaspace] GC(307) Metaspace: 44696K(45440K)->44696K(45440K) NonClass: 39740K(40192K)->39740K(40192K) Class: 4956K(5248K)->4956K(5248K)
[2024-07-02T15:31:39.333-0400][gc          ] GC(307) Pause Young (Normal) (G1 Evacuation Pause) 325M->280M(1024M) 16,620ms
[2024-07-02T15:31:39.333-0400][gc,cpu      ] GC(307) User=0,03s Sys=0,01s Real=0,01s
[2024-07-02T15:38:54.820-0400][gc,start    ] GC(308) Pause Young (Normal) (G1 Evacuation Pause)
[2024-07-02T15:38:54.821-0400][gc,task     ] GC(308) Using 6 workers of 6 for evacuation
[2024-07-02T15:38:55.636-0400][gc,mmu      ] GC(308) MMU target violated: 21,0ms (20,0ms/21,0ms)
[2024-07-02T15:38:55.636-0400][gc,phases   ] GC(308)   Pre Evacuate Collection Set: 1,0ms
[2024-07-02T15:38:55.636-0400][gc,phases   ] GC(308)   Merge Heap Roots: 0,2ms
[2024-07-02T15:38:55.636-0400][gc,phases   ] GC(308)   Evacuate Collection Set: 812,7ms
[2024-07-02T15:38:55.636-0400][gc,phases   ] GC(308)   Post Evacuate Collection Set: 1,2ms
[2024-07-02T15:38:55.636-0400][gc,phases   ] GC(308)   Other: 0,1ms
[2024-07-02T15:38:55.636-0400][gc,heap     ] GC(308) Eden regions: 44->0(45)
[2024-07-02T15:38:55.636-0400][gc,heap     ] GC(308) Survivor regions: 7->6(7)
[2024-07-02T15:38:55.636-0400][gc,heap     ] GC(308) Old regions: 146->151
[2024-07-02T15:38:55.636-0400][gc,heap     ] GC(308) Humongous regions: 129->129
[2024-07-02T15:38:55.636-0400][gc,metaspace] GC(308) Metaspace: 44696K(45440K)->44696K(45440K) NonClass: 39740K(40192K)->39740K(40192K) Class: 4956K(5248K)->4956K(5248K)
[2024-07-02T15:38:55.636-0400][gc          ] GC(308) Pause Young (Normal) (G1 Evacuation Pause) 324M->285M(1024M) 815,245ms
[2024-07-02T15:38:55.636-0400][gc,cpu      ] GC(308) User=0,08s Sys=0,33s Real=0,81s
[2024-07-02T15:46:09.759-0400][gc,start    ] GC(309) Pause Young (Normal) (G1 Evacuation Pause)
[2024-07-02T15:46:09.759-0400][gc,task     ] GC(309) Using 6 workers of 6 for evacuation
[2024-07-02T15:46:10.214-0400][gc,mmu      ] GC(309) MMU target violated: 21,0ms (20,0ms/21,0ms)
[2024-07-02T15:46:10.214-0400][gc,phases   ] GC(309)   Pre Evacuate Collection Set: 5,2ms
[2024-07-02T15:46:10.214-0400][gc,phases   ] GC(309)   Merge Heap Roots: 0,4ms
[2024-07-02T15:46:10.214-0400][gc,phases   ] GC(309)   Evacuate Collection Set: 447,8ms
[2024-07-02T15:46:10.214-0400][gc,phases   ] GC(309)   Post Evacuate Collection Set: 1,0ms
[2024-07-02T15:46:10.214-0400][gc,phases   ] GC(309)   Other: 0,3ms
[2024-07-02T15:46:10.214-0400][gc,heap     ] GC(309) Eden regions: 45->0(45)
[2024-07-02T15:46:10.214-0400][gc,heap     ] GC(309) Survivor regions: 6->6(7)
[2024-07-02T15:46:10.214-0400][gc,heap     ] GC(309) Old regions: 151->155
[2024-07-02T15:46:10.214-0400][gc,heap     ] GC(309) Humongous regions: 129->129
[2024-07-02T15:46:10.214-0400][gc,metaspace] GC(309) Metaspace: 44696K(45440K)->44696K(45440K) NonClass: 39740K(40192K)->39740K(40192K) Class: 4956K(5248K)->4956K(5248K)
[2024-07-02T15:46:10.214-0400][gc          ] GC(309) Pause Young (Normal) (G1 Evacuation Pause) 330M->289M(1024M) 454,773ms
[2024-07-02T15:46:10.214-0400][gc,cpu      ] GC(309) User=0,03s Sys=0,38s Real=0,45s
[2024-07-02T15:53:31.688-0400][gc,start    ] GC(310) Pause Young (Normal) (G1 Evacuation Pause)
[2024-07-02T15:53:31.688-0400][gc,task     ] GC(310) Using 6 workers of 6 for evacuation
[2024-07-02T15:53:32.037-0400][gc,mmu      ] GC(310) MMU target violated: 21,0ms (20,0ms/21,0ms)
[2024-07-02T15:53:32.037-0400][gc,phases   ] GC(310)   Pre Evacuate Collection Set: 1,0ms
[2024-07-02T15:53:32.037-0400][gc,phases   ] GC(310)   Merge Heap Roots: 0,3ms
[2024-07-02T15:53:32.037-0400][gc,phases   ] GC(310)   Evacuate Collection Set: 344,8ms
[2024-07-02T15:53:32.037-0400][gc,phases   ] GC(310)   Post Evacuate Collection Set: 2,1ms
[2024-07-02T15:53:32.037-0400][gc,phases   ] GC(310)   Other: 0,1ms
[2024-07-02T15:53:32.037-0400][gc,heap     ] GC(310) Eden regions: 45->0(46)
[2024-07-02T15:53:32.037-0400][gc,heap     ] GC(310) Survivor regions: 6->5(7)
[2024-07-02T15:53:32.037-0400][gc,heap     ] GC(310) Old regions: 155->159
[2024-07-02T15:53:32.037-0400][gc,heap     ] GC(310) Humongous regions: 129->129
[2024-07-02T15:53:32.037-0400][gc,metaspace] GC(310) Metaspace: 44696K(45440K)->44696K(45440K) NonClass: 39740K(40192K)->39740K(40192K) Class: 4956K(5248K)->4956K(5248K)
[2024-07-02T15:53:32.037-0400][gc          ] GC(310) Pause Young (Normal) (G1 Evacuation Pause) 334M->292M(1024M) 348,483ms
[2024-07-02T15:53:32.037-0400][gc,cpu      ] GC(310) User=0,03s Sys=0,35s Real=0,35s
[2024-07-02T16:01:06.754-0400][gc,start    ] GC(311) Pause Young (Normal) (G1 Evacuation Pause)
[2024-07-02T16:01:06.754-0400][gc,task     ] GC(311) Using 6 workers of 6 for evacuation
[2024-07-02T16:01:07.051-0400][gc,mmu      ] GC(311) MMU target violated: 21,0ms (20,0ms/21,0ms)
[2024-07-02T16:01:07.051-0400][gc,phases   ] GC(311)   Pre Evacuate Collection Set: 0,6ms
[2024-07-02T16:01:07.051-0400][gc,phases   ] GC(311)   Merge Heap Roots: 0,1ms
[2024-07-02T16:01:07.051-0400][gc,phases   ] GC(311)   Evacuate Collection Set: 294,3ms
[2024-07-02T16:01:07.051-0400][gc,phases   ] GC(311)   Post Evacuate Collection Set: 1,4ms
[2024-07-02T16:01:07.051-0400][gc,phases   ] GC(311)   Other: 0,1ms
[2024-07-02T16:01:07.051-0400][gc,heap     ] GC(311) Eden regions: 46->0(45)
[2024-07-02T16:01:07.051-0400][gc,heap     ] GC(311) Survivor regions: 5->6(7)
[2024-07-02T16:01:07.051-0400][gc,heap     ] GC(311) Old regions: 159->163
[2024-07-02T16:01:07.051-0400][gc,heap     ] GC(311) Humongous regions: 129->129
[2024-07-02T16:01:07.051-0400][gc,metaspace] GC(311) Metaspace: 44696K(45440K)->44696K(45440K) NonClass: 39740K(40192K)->39740K(40192K) Class: 4956K(5248K)->4956K(5248K)
[2024-07-02T16:01:07.051-0400][gc          ] GC(311) Pause Young (Normal) (G1 Evacuation Pause) 338M->298M(1024M) 296,774ms
[2024-07-02T16:01:07.051-0400][gc,cpu      ] GC(311) User=0,05s Sys=0,30s Real=0,30s
[2024-07-02T16:08:30.927-0400][gc,start    ] GC(312) Pause Young (Normal) (G1 Evacuation Pause)
[2024-07-02T16:08:30.927-0400][gc,task     ] GC(312) Using 6 workers of 6 for evacuation
[2024-07-02T16:08:31.285-0400][gc,mmu      ] GC(312) MMU target violated: 21,0ms (20,0ms/21,0ms)
[2024-07-02T16:08:31.285-0400][gc,phases   ] GC(312)   Pre Evacuate Collection Set: 0,4ms
[2024-07-02T16:08:31.285-0400][gc,phases   ] GC(312)   Merge Heap Roots: 0,4ms
[2024-07-02T16:08:31.285-0400][gc,phases   ] GC(312)   Evacuate Collection Set: 356,4ms
[2024-07-02T16:08:31.285-0400][gc,phases   ] GC(312)   Post Evacuate Collection Set: 1,0ms
[2024-07-02T16:08:31.285-0400][gc,phases   ] GC(312)   Other: 0,2ms
[2024-07-02T16:08:31.285-0400][gc,heap     ] GC(312) Eden regions: 45->0(45)
[2024-07-02T16:08:31.285-0400][gc,heap     ] GC(312) Survivor regions: 6->6(7)
[2024-07-02T16:08:31.285-0400][gc,heap     ] GC(312) Old regions: 163->168
[2024-07-02T16:08:31.285-0400][gc,heap     ] GC(312) Humongous regions: 129->129
[2024-07-02T16:08:31.285-0400][gc,metaspace] GC(312) Metaspace: 44696K(45440K)->44696K(45440K) NonClass: 39740K(40192K)->39740K(40192K) Class: 4956K(5248K)->4956K(5248K)
[2024-07-02T16:08:31.285-0400][gc          ] GC(312) Pause Young (Normal) (G1 Evacuation Pause) 343M->301M(1024M) 358,543ms
[2024-07-02T16:08:31.285-0400][gc,cpu      ] GC(312) User=0,02s Sys=0,40s Real=0,35s
[2024-07-02T16:15:26.777-0400][gc,start    ] GC(313) Pause Young (Normal) (G1 Evacuation Pause)
[2024-07-02T16:15:26.777-0400][gc,task     ] GC(313) Using 6 workers of 6 for evacuation
[2024-07-02T16:15:26.928-0400][gc,mmu      ] GC(313) MMU target violated: 21,0ms (20,0ms/21,0ms)
[2024-07-02T16:15:26.928-0400][gc,phases   ] GC(313)   Pre Evacuate Collection Set: 0,6ms
[2024-07-02T16:15:26.928-0400][gc,phases   ] GC(313)   Merge Heap Roots: 0,3ms
[2024-07-02T16:15:26.928-0400][gc,phases   ] GC(313)   Evacuate Collection Set: 147,7ms
[2024-07-02T16:15:26.928-0400][gc,phases   ] GC(313)   Post Evacuate Collection Set: 2,3ms
[2024-07-02T16:15:26.928-0400][gc,phases   ] GC(313)   Other: 0,1ms
[2024-07-02T16:15:26.928-0400][gc,heap     ] GC(313) Eden regions: 45->0(45)
[2024-07-02T16:15:26.928-0400][gc,heap     ] GC(313) Survivor regions: 6->6(7)
[2024-07-02T16:15:26.928-0400][gc,heap     ] GC(313) Old regions: 168->172
[2024-07-02T16:15:26.928-0400][gc,heap     ] GC(313) Humongous regions: 129->129
[2024-07-02T16:15:26.928-0400][gc,metaspace] GC(313) Metaspace: 44696K(45440K)->44696K(45440K) NonClass: 39740K(40192K)->39740K(40192K) Class: 4956K(5248K)->4956K(5248K)
[2024-07-02T16:15:26.928-0400][gc          ] GC(313) Pause Young (Normal) (G1 Evacuation Pause) 346M->306M(1024M) 151,102ms
[2024-07-02T16:15:26.928-0400][gc,cpu      ] GC(313) User=0,29s Sys=0,09s Real=0,15s
[2024-07-02T16:22:51.205-0400][gc,start    ] GC(314) Pause Young (Normal) (G1 Evacuation Pause)
[2024-07-02T16:22:51.205-0400][gc,task     ] GC(314) Using 6 workers of 6 for evacuation
[2024-07-02T16:22:51.283-0400][gc,mmu      ] GC(314) MMU target violated: 21,0ms (20,0ms/21,0ms)
[2024-07-02T16:22:51.283-0400][gc,phases   ] GC(314)   Pre Evacuate Collection Set: 0,6ms
[2024-07-02T16:22:51.283-0400][gc,phases   ] GC(314)   Merge Heap Roots: 0,4ms
[2024-07-02T16:22:51.283-0400][gc,phases   ] GC(314)   Evacuate Collection Set: 76,5ms
[2024-07-02T16:22:51.285-0400][gc,phases   ] GC(314)   Post Evacuate Collection Set: 1,1ms
[2024-07-02T16:22:51.285-0400][gc,phases   ] GC(314)   Other: 0,1ms
[2024-07-02T16:22:51.285-0400][gc,heap     ] GC(314) Eden regions: 45->0(47)
[2024-07-02T16:22:51.285-0400][gc,heap     ] GC(314) Survivor regions: 6->4(7)
[2024-07-02T16:22:51.285-0400][gc,heap     ] GC(314) Old regions: 172->174
[2024-07-02T16:22:51.285-0400][gc,heap     ] GC(314) Humongous regions: 129->129
[2024-07-02T16:22:51.285-0400][gc,metaspace] GC(314) Metaspace: 44696K(45440K)->44696K(45440K) NonClass: 39740K(40192K)->39740K(40192K) Class: 4956K(5248K)->4956K(5248K)
[2024-07-02T16:22:51.285-0400][gc          ] GC(314) Pause Young (Normal) (G1 Evacuation Pause) 351M->306M(1024M) 80,156ms
[2024-07-02T16:22:51.285-0400][gc,cpu      ] GC(314) User=0,13s Sys=0,00s Real=0,08s
[2024-07-02T16:30:35.601-0400][gc,start    ] GC(315) Pause Young (Normal) (G1 Evacuation Pause)
[2024-07-02T16:30:35.601-0400][gc,task     ] GC(315) Using 6 workers of 6 for evacuation
[2024-07-02T16:30:35.625-0400][gc,mmu      ] GC(315) MMU target violated: 21,0ms (20,0ms/21,0ms)
[2024-07-02T16:30:35.625-0400][gc,phases   ] GC(315)   Pre Evacuate Collection Set: 1,4ms
[2024-07-02T16:30:35.625-0400][gc,phases   ] GC(315)   Merge Heap Roots: 0,3ms
[2024-07-02T16:30:35.625-0400][gc,phases   ] GC(315)   Evacuate Collection Set: 19,7ms
[2024-07-02T16:30:35.625-0400][gc,phases   ] GC(315)   Post Evacuate Collection Set: 1,3ms
[2024-07-02T16:30:35.625-0400][gc,phases   ] GC(315)   Other: 0,5ms
[2024-07-02T16:30:35.625-0400][gc,heap     ] GC(315) Eden regions: 47->0(44)
[2024-07-02T16:30:35.625-0400][gc,heap     ] GC(315) Survivor regions: 4->7(7)
[2024-07-02T16:30:35.625-0400][gc,heap     ] GC(315) Old regions: 174->174
[2024-07-02T16:30:35.625-0400][gc,heap     ] GC(315) Humongous regions: 129->129
[2024-07-02T16:30:35.625-0400][gc,metaspace] GC(315) Metaspace: 44696K(45440K)->44696K(45440K) NonClass: 39740K(40192K)->39740K(40192K) Class: 4956K(5248K)->4956K(5248K)
[2024-07-02T16:30:35.625-0400][gc          ] GC(315) Pause Young (Normal) (G1 Evacuation Pause) 353M->309M(1024M) 23,642ms
[2024-07-02T16:30:35.625-0400][gc,cpu      ] GC(315) User=0,05s Sys=0,00s Real=0,02s
[2024-07-02T16:37:50.602-0400][gc,start    ] GC(316) Pause Young (Normal) (G1 Evacuation Pause)
[2024-07-02T16:37:50.602-0400][gc,task     ] GC(316) Using 6 workers of 6 for evacuation
[2024-07-02T16:37:51.124-0400][gc,mmu      ] GC(316) MMU target violated: 21,0ms (20,0ms/21,0ms)
[2024-07-02T16:37:51.124-0400][gc,phases   ] GC(316)   Pre Evacuate Collection Set: 1,9ms
[2024-07-02T16:37:51.124-0400][gc,phases   ] GC(316)   Merge Heap Roots: 0,3ms
[2024-07-02T16:37:51.124-0400][gc,phases   ] GC(316)   Evacuate Collection Set: 514,0ms
[2024-07-02T16:37:51.124-0400][gc,phases   ] GC(316)   Post Evacuate Collection Set: 6,1ms
[2024-07-02T16:37:51.124-0400][gc,phases   ] GC(316)   Other: 0,2ms
[2024-07-02T16:37:51.124-0400][gc,heap     ] GC(316) Eden regions: 44->0(45)
[2024-07-02T16:37:51.124-0400][gc,heap     ] GC(316) Survivor regions: 7->6(7)
[2024-07-02T16:37:51.124-0400][gc,heap     ] GC(316) Old regions: 174->180
[2024-07-02T16:37:51.124-0400][gc,heap     ] GC(316) Humongous regions: 129->129
[2024-07-02T16:37:51.124-0400][gc,metaspace] GC(316) Metaspace: 44696K(45440K)->44696K(45440K) NonClass: 39740K(40192K)->39740K(40192K) Class: 4956K(5248K)->4956K(5248K)
[2024-07-02T16:37:51.124-0400][gc          ] GC(316) Pause Young (Normal) (G1 Evacuation Pause) 353M->313M(1024M) 522,640ms
[2024-07-02T16:37:51.124-0400][gc,cpu      ] GC(316) User=0,15s Sys=0,22s Real=0,52s
[2024-07-02T16:45:03.473-0400][gc,start    ] GC(317) Pause Young (Normal) (G1 Evacuation Pause)
[2024-07-02T16:45:03.473-0400][gc,task     ] GC(317) Using 6 workers of 6 for evacuation
[2024-07-02T16:45:03.680-0400][gc,mmu      ] GC(317) MMU target violated: 21,0ms (20,0ms/21,0ms)
[2024-07-02T16:45:03.680-0400][gc,phases   ] GC(317)   Pre Evacuate Collection Set: 0,6ms
[2024-07-02T16:45:03.680-0400][gc,phases   ] GC(317)   Merge Heap Roots: 5,6ms
[2024-07-02T16:45:03.680-0400][gc,phases   ] GC(317)   Evacuate Collection Set: 197,4ms
[2024-07-02T16:45:03.680-0400][gc,phases   ] GC(317)   Post Evacuate Collection Set: 1,0ms
[2024-07-02T16:45:03.681-0400][gc,phases   ] GC(317)   Other: 3,1ms
[2024-07-02T16:45:03.681-0400][gc,heap     ] GC(317) Eden regions: 45->0(44)
[2024-07-02T16:45:03.681-0400][gc,heap     ] GC(317) Survivor regions: 6->7(7)
[2024-07-02T16:45:03.681-0400][gc,heap     ] GC(317) Old regions: 180->183
[2024-07-02T16:45:03.681-0400][gc,heap     ] GC(317) Humongous regions: 129->129
[2024-07-02T16:45:03.681-0400][gc,metaspace] GC(317) Metaspace: 44696K(45440K)->44696K(45440K) NonClass: 39740K(40192K)->39740K(40192K) Class: 4956K(5248K)->4956K(5248K)
[2024-07-02T16:45:03.681-0400][gc          ] GC(317) Pause Young (Normal) (G1 Evacuation Pause) 358M->318M(1024M) 207,877ms
[2024-07-02T16:45:03.681-0400][gc,cpu      ] GC(317) User=0,11s Sys=0,12s Real=0,21s
[2024-07-02T16:52:18.237-0400][gc,start    ] GC(318) Pause Young (Normal) (G1 Evacuation Pause)
[2024-07-02T16:52:18.237-0400][gc,task     ] GC(318) Using 6 workers of 6 for evacuation
[2024-07-02T16:52:18.515-0400][gc,mmu      ] GC(318) MMU target violated: 21,0ms (20,0ms/21,0ms)
[2024-07-02T16:52:18.515-0400][gc,phases   ] GC(318)   Pre Evacuate Collection Set: 0,7ms
[2024-07-02T16:52:18.515-0400][gc,phases   ] GC(318)   Merge Heap Roots: 0,3ms
[2024-07-02T16:52:18.515-0400][gc,phases   ] GC(318)   Evacuate Collection Set: 274,9ms
[2024-07-02T16:52:18.515-0400][gc,phases   ] GC(318)   Post Evacuate Collection Set: 1,9ms
[2024-07-02T16:52:18.515-0400][gc,phases   ] GC(318)   Other: 0,2ms
[2024-07-02T16:52:18.515-0400][gc,heap     ] GC(318) Eden regions: 44->0(46)
[2024-07-02T16:52:18.515-0400][gc,heap     ] GC(318) Survivor regions: 7->5(7)
[2024-07-02T16:52:18.515-0400][gc,heap     ] GC(318) Old regions: 183->188
[2024-07-02T16:52:18.515-0400][gc,heap     ] GC(318) Humongous regions: 129->129
[2024-07-02T16:52:18.515-0400][gc,metaspace] GC(318) Metaspace: 44696K(45440K)->44696K(45440K) NonClass: 39740K(40192K)->39740K(40192K) Class: 4956K(5248K)->4956K(5248K)
[2024-07-02T16:52:18.515-0400][gc          ] GC(318) Pause Young (Normal) (G1 Evacuation Pause) 362M->321M(1024M) 278,153ms
[2024-07-02T16:52:18.515-0400][gc,cpu      ] GC(318) User=0,16s Sys=0,17s Real=0,27s
[2024-07-02T16:59:53.158-0400][gc,start    ] GC(319) Pause Young (Normal) (G1 Evacuation Pause)
[2024-07-02T16:59:53.159-0400][gc,task     ] GC(319) Using 6 workers of 6 for evacuation
[2024-07-02T16:59:53.369-0400][gc,mmu      ] GC(319) MMU target violated: 21,0ms (20,0ms/21,0ms)
[2024-07-02T16:59:53.369-0400][gc,phases   ] GC(319)   Pre Evacuate Collection Set: 0,4ms
[2024-07-02T16:59:53.369-0400][gc,phases   ] GC(319)   Merge Heap Roots: 0,1ms
[2024-07-02T16:59:53.369-0400][gc,phases   ] GC(319)   Evacuate Collection Set: 208,7ms
[2024-07-02T16:59:53.369-0400][gc,phases   ] GC(319)   Post Evacuate Collection Set: 0,9ms
[2024-07-02T16:59:53.369-0400][gc,phases   ] GC(319)   Other: 0,4ms
[2024-07-02T16:59:53.369-0400][gc,heap     ] GC(319) Eden regions: 46->0(45)
[2024-07-02T16:59:53.369-0400][gc,heap     ] GC(319) Survivor regions: 5->6(7)
[2024-07-02T16:59:53.369-0400][gc,heap     ] GC(319) Old regions: 188->192
[2024-07-02T16:59:53.369-0400][gc,heap     ] GC(319) Humongous regions: 129->129
[2024-07-02T16:59:53.369-0400][gc,metaspace] GC(319) Metaspace: 44696K(45440K)->44696K(45440K) NonClass: 39740K(40192K)->39740K(40192K) Class: 4956K(5248K)->4956K(5248K)
[2024-07-02T16:59:53.369-0400][gc          ] GC(319) Pause Young (Normal) (G1 Evacuation Pause) 367M->326M(1024M) 210,681ms
[2024-07-02T16:59:53.369-0400][gc,cpu      ] GC(319) User=0,22s Sys=0,04s Real=0,21s
[2024-07-02T17:07:15.009-0400][gc,start    ] GC(320) Pause Young (Normal) (G1 Evacuation Pause)
[2024-07-02T17:07:15.009-0400][gc,task     ] GC(320) Using 6 workers of 6 for evacuation
[2024-07-02T17:07:15.078-0400][gc,mmu      ] GC(320) MMU target violated: 21,0ms (20,0ms/21,0ms)
[2024-07-02T17:07:15.078-0400][gc,phases   ] GC(320)   Pre Evacuate Collection Set: 2,3ms
[2024-07-02T17:07:15.078-0400][gc,phases   ] GC(320)   Merge Heap Roots: 0,3ms
[2024-07-02T17:07:15.078-0400][gc,phases   ] GC(320)   Evacuate Collection Set: 62,7ms
[2024-07-02T17:07:15.078-0400][gc,phases   ] GC(320)   Post Evacuate Collection Set: 3,4ms
[2024-07-02T17:07:15.078-0400][gc,phases   ] GC(320)   Other: 0,2ms
[2024-07-02T17:07:15.078-0400][gc,heap     ] GC(320) Eden regions: 45->0(46)
[2024-07-02T17:07:15.078-0400][gc,heap     ] GC(320) Survivor regions: 6->5(7)
[2024-07-02T17:07:15.078-0400][gc,heap     ] GC(320) Old regions: 192->197
[2024-07-02T17:07:15.078-0400][gc,heap     ] GC(320) Humongous regions: 129->129
[2024-07-02T17:07:15.078-0400][gc,metaspace] GC(320) Metaspace: 44696K(45440K)->44696K(45440K) NonClass: 39740K(40192K)->39740K(40192K) Class: 4956K(5248K)->4956K(5248K)
[2024-07-02T17:07:15.078-0400][gc          ] GC(320) Pause Young (Normal) (G1 Evacuation Pause) 371M->330M(1024M) 69,119ms
[2024-07-02T17:07:15.078-0400][gc,cpu      ] GC(320) User=0,23s Sys=0,03s Real=0,07s
[2024-07-02T17:14:22.506-0400][gc,start    ] GC(321) Pause Young (Normal) (G1 Evacuation Pause)
[2024-07-02T17:14:22.506-0400][gc,task     ] GC(321) Using 6 workers of 6 for evacuation
[2024-07-02T17:14:22.545-0400][gc,mmu      ] GC(321) MMU target violated: 21,0ms (20,0ms/21,0ms)
[2024-07-02T17:14:22.545-0400][gc,phases   ] GC(321)   Pre Evacuate Collection Set: 0,7ms
[2024-07-02T17:14:22.545-0400][gc,phases   ] GC(321)   Merge Heap Roots: 0,1ms
[2024-07-02T17:14:22.545-0400][gc,phases   ] GC(321)   Evacuate Collection Set: 36,3ms
[2024-07-02T17:14:22.545-0400][gc,phases   ] GC(321)   Post Evacuate Collection Set: 1,8ms
[2024-07-02T17:14:22.545-0400][gc,phases   ] GC(321)   Other: 0,2ms
[2024-07-02T17:14:22.545-0400][gc,heap     ] GC(321) Eden regions: 46->0(45)
[2024-07-02T17:14:22.545-0400][gc,heap     ] GC(321) Survivor regions: 5->6(7)
[2024-07-02T17:14:22.545-0400][gc,heap     ] GC(321) Old regions: 197->201
[2024-07-02T17:14:22.545-0400][gc,heap     ] GC(321) Humongous regions: 129->129
[2024-07-02T17:14:22.545-0400][gc,metaspace] GC(321) Metaspace: 44696K(45440K)->44696K(45440K) NonClass: 39740K(40192K)->39740K(40192K) Class: 4956K(5248K)->4956K(5248K)
[2024-07-02T17:14:22.546-0400][gc          ] GC(321) Pause Young (Normal) (G1 Evacuation Pause) 376M->335M(1024M) 39,323ms
[2024-07-02T17:14:22.546-0400][gc,cpu      ] GC(321) User=0,09s Sys=0,06s Real=0,03s
[2024-07-02T17:21:46.518-0400][gc,start    ] GC(322) Pause Young (Normal) (G1 Evacuation Pause)
[2024-07-02T17:21:46.518-0400][gc,task     ] GC(322) Using 6 workers of 6 for evacuation
[2024-07-02T17:21:46.564-0400][gc,mmu      ] GC(322) MMU target violated: 21,0ms (20,0ms/21,0ms)
[2024-07-02T17:21:46.564-0400][gc,phases   ] GC(322)   Pre Evacuate Collection Set: 0,7ms
[2024-07-02T17:21:46.564-0400][gc,phases   ] GC(322)   Merge Heap Roots: 0,3ms
[2024-07-02T17:21:46.564-0400][gc,phases   ] GC(322)   Evacuate Collection Set: 29,0ms
[2024-07-02T17:21:46.564-0400][gc,phases   ] GC(322)   Post Evacuate Collection Set: 16,1ms
[2024-07-02T17:21:46.564-0400][gc,phases   ] GC(322)   Other: 0,1ms
[2024-07-02T17:21:46.564-0400][gc,heap     ] GC(322) Eden regions: 45->0(48)
[2024-07-02T17:21:46.564-0400][gc,heap     ] GC(322) Survivor regions: 6->3(7)
[2024-07-02T17:21:46.564-0400][gc,heap     ] GC(322) Old regions: 201->204
[2024-07-02T17:21:46.564-0400][gc,heap     ] GC(322) Humongous regions: 129->129
[2024-07-02T17:21:46.564-0400][gc,metaspace] GC(322) Metaspace: 44696K(45440K)->44696K(45440K) NonClass: 39740K(40192K)->39740K(40192K) Class: 4956K(5248K)->4956K(5248K)
[2024-07-02T17:21:46.564-0400][gc          ] GC(322) Pause Young (Normal) (G1 Evacuation Pause) 380M->335M(1024M) 46,371ms
[2024-07-02T17:21:46.564-0400][gc,cpu      ] GC(322) User=0,12s Sys=0,01s Real=0,04s
[2024-07-02T17:29:40.572-0400][gc,start    ] GC(323) Pause Young (Normal) (G1 Evacuation Pause)
[2024-07-02T17:29:40.572-0400][gc,task     ] GC(323) Using 6 workers of 6 for evacuation
[2024-07-02T17:29:40.590-0400][gc,phases   ] GC(323)   Pre Evacuate Collection Set: 1,5ms
[2024-07-02T17:29:40.590-0400][gc,phases   ] GC(323)   Merge Heap Roots: 2,0ms
[2024-07-02T17:29:40.590-0400][gc,phases   ] GC(323)   Evacuate Collection Set: 12,2ms
[2024-07-02T17:29:40.590-0400][gc,phases   ] GC(323)   Post Evacuate Collection Set: 2,1ms
[2024-07-02T17:29:40.590-0400][gc,phases   ] GC(323)   Other: 0,1ms
[2024-07-02T17:29:40.590-0400][gc,heap     ] GC(323) Eden regions: 48->0(44)
[2024-07-02T17:29:40.590-0400][gc,heap     ] GC(323) Survivor regions: 3->7(7)
[2024-07-02T17:29:40.590-0400][gc,heap     ] GC(323) Old regions: 204->204
[2024-07-02T17:29:40.590-0400][gc,heap     ] GC(323) Humongous regions: 129->129
[2024-07-02T17:29:40.590-0400][gc,metaspace] GC(323) Metaspace: 44696K(45440K)->44696K(45440K) NonClass: 39740K(40192K)->39740K(40192K) Class: 4956K(5248K)->4956K(5248K)
[2024-07-02T17:29:40.590-0400][gc          ] GC(323) Pause Young (Normal) (G1 Evacuation Pause) 383M->338M(1024M) 18,149ms
[2024-07-02T17:29:40.590-0400][gc,cpu      ] GC(323) User=0,03s Sys=0,00s Real=0,02s
[2024-07-02T17:36:55.599-0400][gc,start    ] GC(324) Pause Young (Normal) (G1 Evacuation Pause)
[2024-07-02T17:36:55.599-0400][gc,task     ] GC(324) Using 6 workers of 6 for evacuation
[2024-07-02T17:36:55.648-0400][gc,mmu      ] GC(324) MMU target violated: 21,0ms (20,0ms/21,0ms)
[2024-07-02T17:36:55.649-0400][gc,phases   ] GC(324)   Pre Evacuate Collection Set: 0,2ms
[2024-07-02T17:36:55.649-0400][gc,phases   ] GC(324)   Merge Heap Roots: 0,2ms
[2024-07-02T17:36:55.649-0400][gc,phases   ] GC(324)   Evacuate Collection Set: 47,8ms
[2024-07-02T17:36:55.649-0400][gc,phases   ] GC(324)   Post Evacuate Collection Set: 1,0ms
[2024-07-02T17:36:55.649-0400][gc,phases   ] GC(324)   Other: 0,1ms
[2024-07-02T17:36:55.649-0400][gc,heap     ] GC(324) Eden regions: 44->0(45)
[2024-07-02T17:36:55.649-0400][gc,heap     ] GC(324) Survivor regions: 7->6(7)
[2024-07-02T17:36:55.649-0400][gc,heap     ] GC(324) Old regions: 204->209
[2024-07-02T17:36:55.649-0400][gc,heap     ] GC(324) Humongous regions: 129->129
[2024-07-02T17:36:55.649-0400][gc,metaspace] GC(324) Metaspace: 44696K(45440K)->44696K(45440K) NonClass: 39740K(40192K)->39740K(40192K) Class: 4956K(5248K)->4956K(5248K)
[2024-07-02T17:36:55.649-0400][gc          ] GC(324) Pause Young (Normal) (G1 Evacuation Pause) 382M->342M(1024M) 49,478ms
[2024-07-02T17:36:55.649-0400][gc,cpu      ] GC(324) User=0,18s Sys=0,00s Real=0,05s
[2024-07-02T17:44:11.257-0400][gc,start    ] GC(325) Pause Young (Normal) (G1 Evacuation Pause)
[2024-07-02T17:44:11.257-0400][gc,task     ] GC(325) Using 6 workers of 6 for evacuation
[2024-07-02T17:44:11.272-0400][gc,phases   ] GC(325)   Pre Evacuate Collection Set: 0,6ms
[2024-07-02T17:44:11.272-0400][gc,phases   ] GC(325)   Merge Heap Roots: 0,3ms
[2024-07-02T17:44:11.272-0400][gc,phases   ] GC(325)   Evacuate Collection Set: 12,0ms
[2024-07-02T17:44:11.272-0400][gc,phases   ] GC(325)   Post Evacuate Collection Set: 1,4ms
[2024-07-02T17:44:11.272-0400][gc,phases   ] GC(325)   Other: 0,1ms
[2024-07-02T17:44:11.272-0400][gc,heap     ] GC(325) Eden regions: 45->0(44)
[2024-07-02T17:44:11.272-0400][gc,heap     ] GC(325) Survivor regions: 6->7(7)
[2024-07-02T17:44:11.272-0400][gc,heap     ] GC(325) Old regions: 209->213
[2024-07-02T17:44:11.272-0400][gc,heap     ] GC(325) Humongous regions: 129->129
[2024-07-02T17:44:11.272-0400][gc,metaspace] GC(325) Metaspace: 44696K(45440K)->44696K(45440K) NonClass: 39740K(40192K)->39740K(40192K) Class: 4956K(5248K)->4956K(5248K)
[2024-07-02T17:44:11.272-0400][gc          ] GC(325) Pause Young (Normal) (G1 Evacuation Pause) 387M->347M(1024M) 14,709ms
[2024-07-02T17:44:11.272-0400][gc,cpu      ] GC(325) User=0,04s Sys=0,00s Real=0,01s
[2024-07-02T17:51:24.772-0400][gc,start    ] GC(326) Pause Young (Normal) (G1 Evacuation Pause)
[2024-07-02T17:51:24.772-0400][gc,task     ] GC(326) Using 6 workers of 6 for evacuation
[2024-07-02T17:51:24.802-0400][gc,mmu      ] GC(326) MMU target violated: 21,0ms (20,0ms/21,0ms)
[2024-07-02T17:51:24.802-0400][gc,phases   ] GC(326)   Pre Evacuate Collection Set: 1,3ms
[2024-07-02T17:51:24.802-0400][gc,phases   ] GC(326)   Merge Heap Roots: 0,5ms
[2024-07-02T17:51:24.802-0400][gc,phases   ] GC(326)   Evacuate Collection Set: 25,3ms
[2024-07-02T17:51:24.802-0400][gc,phases   ] GC(326)   Post Evacuate Collection Set: 2,1ms
[2024-07-02T17:51:24.802-0400][gc,phases   ] GC(326)   Other: 0,2ms
[2024-07-02T17:51:24.802-0400][gc,heap     ] GC(326) Eden regions: 44->0(46)
[2024-07-02T17:51:24.802-0400][gc,heap     ] GC(326) Survivor regions: 7->5(7)
[2024-07-02T17:51:24.802-0400][gc,heap     ] GC(326) Old regions: 213->218
[2024-07-02T17:51:24.802-0400][gc,heap     ] GC(326) Humongous regions: 129->129
[2024-07-02T17:51:24.802-0400][gc,metaspace] GC(326) Metaspace: 44696K(45440K)->44696K(45440K) NonClass: 39740K(40192K)->39740K(40192K) Class: 4956K(5248K)->4956K(5248K)
[2024-07-02T17:51:24.802-0400][gc          ] GC(326) Pause Young (Normal) (G1 Evacuation Pause) 391M->351M(1024M) 29,518ms
[2024-07-02T17:51:24.802-0400][gc,cpu      ] GC(326) User=0,05s Sys=0,00s Real=0,03s
[2024-07-02T17:59:00.178-0400][gc,start    ] GC(327) Pause Young (Normal) (G1 Evacuation Pause)
[2024-07-02T17:59:00.179-0400][gc,task     ] GC(327) Using 6 workers of 6 for evacuation
[2024-07-02T17:59:00.200-0400][gc,mmu      ] GC(327) MMU target violated: 20,7ms (20,0ms/21,0ms)
[2024-07-02T17:59:00.200-0400][gc,phases   ] GC(327)   Pre Evacuate Collection Set: 1,8ms
[2024-07-02T17:59:00.200-0400][gc,phases   ] GC(327)   Merge Heap Roots: 1,5ms
[2024-07-02T17:59:00.200-0400][gc,phases   ] GC(327)   Evacuate Collection Set: 15,6ms
[2024-07-02T17:59:00.200-0400][gc,phases   ] GC(327)   Post Evacuate Collection Set: 1,8ms
[2024-07-02T17:59:00.200-0400][gc,phases   ] GC(327)   Other: 0,1ms
[2024-07-02T17:59:00.200-0400][gc,heap     ] GC(327) Eden regions: 46->0(45)
[2024-07-02T17:59:00.200-0400][gc,heap     ] GC(327) Survivor regions: 5->6(7)
[2024-07-02T17:59:00.200-0400][gc,heap     ] GC(327) Old regions: 218->222
[2024-07-02T17:59:00.200-0400][gc,heap     ] GC(327) Humongous regions: 129->129
[2024-07-02T17:59:00.200-0400][gc,metaspace] GC(327) Metaspace: 44696K(45440K)->44696K(45440K) NonClass: 39740K(40192K)->39740K(40192K) Class: 4956K(5248K)->4956K(5248K)
[2024-07-02T17:59:00.200-0400][gc          ] GC(327) Pause Young (Normal) (G1 Evacuation Pause) 397M->356M(1024M) 21,790ms
[2024-07-02T17:59:00.200-0400][gc,cpu      ] GC(327) User=0,01s Sys=0,04s Real=0,02s
[2024-07-02T18:06:21.680-0400][gc,start    ] GC(328) Pause Young (Normal) (G1 Evacuation Pause)
[2024-07-02T18:06:21.680-0400][gc,task     ] GC(328) Using 6 workers of 6 for evacuation
[2024-07-02T18:06:21.708-0400][gc,mmu      ] GC(328) MMU target violated: 21,0ms (20,0ms/21,0ms)
[2024-07-02T18:06:21.708-0400][gc,phases   ] GC(328)   Pre Evacuate Collection Set: 6,3ms
[2024-07-02T18:06:21.708-0400][gc,phases   ] GC(328)   Merge Heap Roots: 0,3ms
[2024-07-02T18:06:21.708-0400][gc,phases   ] GC(328)   Evacuate Collection Set: 18,5ms
[2024-07-02T18:06:21.708-0400][gc,phases   ] GC(328)   Post Evacuate Collection Set: 2,2ms
[2024-07-02T18:06:21.708-0400][gc,phases   ] GC(328)   Other: 0,7ms
[2024-07-02T18:06:21.708-0400][gc,heap     ] GC(328) Eden regions: 45->0(45)
[2024-07-02T18:06:21.708-0400][gc,heap     ] GC(328) Survivor regions: 6->6(7)
[2024-07-02T18:06:21.708-0400][gc,heap     ] GC(328) Old regions: 222->227
[2024-07-02T18:06:21.708-0400][gc,heap     ] GC(328) Humongous regions: 129->129
[2024-07-02T18:06:21.708-0400][gc,metaspace] GC(328) Metaspace: 44696K(45440K)->44696K(45440K) NonClass: 39740K(40192K)->39740K(40192K) Class: 4956K(5248K)->4956K(5248K)
[2024-07-02T18:06:21.708-0400][gc          ] GC(328) Pause Young (Normal) (G1 Evacuation Pause) 401M->360M(1024M) 28,077ms
[2024-07-02T18:06:21.708-0400][gc,cpu      ] GC(328) User=0,04s Sys=0,01s Real=0,03s
[2024-07-02T18:13:17.831-0400][gc,start    ] GC(329) Pause Young (Normal) (G1 Evacuation Pause)
[2024-07-02T18:13:17.831-0400][gc,task     ] GC(329) Using 6 workers of 6 for evacuation
[2024-07-02T18:13:17.917-0400][gc,mmu      ] GC(329) MMU target violated: 21,0ms (20,0ms/21,0ms)
[2024-07-02T18:13:17.917-0400][gc,phases   ] GC(329)   Pre Evacuate Collection Set: 0,4ms
[2024-07-02T18:13:17.917-0400][gc,phases   ] GC(329)   Merge Heap Roots: 8,9ms
[2024-07-02T18:13:17.917-0400][gc,phases   ] GC(329)   Evacuate Collection Set: 67,6ms
[2024-07-02T18:13:17.917-0400][gc,phases   ] GC(329)   Post Evacuate Collection Set: 8,5ms
[2024-07-02T18:13:17.917-0400][gc,phases   ] GC(329)   Other: 0,1ms
[2024-07-02T18:13:17.917-0400][gc,heap     ] GC(329) Eden regions: 45->0(44)
[2024-07-02T18:13:17.917-0400][gc,heap     ] GC(329) Survivor regions: 6->7(7)
[2024-07-02T18:13:17.917-0400][gc,heap     ] GC(329) Old regions: 227->231
[2024-07-02T18:13:17.917-0400][gc,heap     ] GC(329) Humongous regions: 129->129
[2024-07-02T18:13:17.917-0400][gc,metaspace] GC(329) Metaspace: 44696K(45440K)->44696K(45440K) NonClass: 39740K(40192K)->39740K(40192K) Class: 4956K(5248K)->4956K(5248K)
[2024-07-02T18:13:17.917-0400][gc          ] GC(329) Pause Young (Normal) (G1 Evacuation Pause) 405M->366M(1024M) 85,705ms
[2024-07-02T18:13:17.917-0400][gc,cpu      ] GC(329) User=0,04s Sys=0,00s Real=0,09s
[2024-07-02T18:20:29.676-0400][gc,start    ] GC(330) Pause Young (Normal) (G1 Evacuation Pause)
[2024-07-02T18:20:29.678-0400][gc,task     ] GC(330) Using 6 workers of 6 for evacuation
[2024-07-02T18:20:29.692-0400][gc,phases   ] GC(330)   Pre Evacuate Collection Set: 0,4ms
[2024-07-02T18:20:29.692-0400][gc,phases   ] GC(330)   Merge Heap Roots: 3,3ms
[2024-07-02T18:20:29.692-0400][gc,phases   ] GC(330)   Evacuate Collection Set: 7,7ms
[2024-07-02T18:20:29.692-0400][gc,phases   ] GC(330)   Post Evacuate Collection Set: 2,3ms
[2024-07-02T18:20:29.692-0400][gc,phases   ] GC(330)   Other: 0,1ms
[2024-07-02T18:20:29.692-0400][gc,heap     ] GC(330) Eden regions: 44->0(48)
[2024-07-02T18:20:29.692-0400][gc,heap     ] GC(330) Survivor regions: 7->3(7)
[2024-07-02T18:20:29.692-0400][gc,heap     ] GC(330) Old regions: 231->235
[2024-07-02T18:20:29.692-0400][gc,heap     ] GC(330) Humongous regions: 129->129
[2024-07-02T18:20:29.692-0400][gc,metaspace] GC(330) Metaspace: 44696K(45440K)->44696K(45440K) NonClass: 39740K(40192K)->39740K(40192K) Class: 4956K(5248K)->4956K(5248K)
[2024-07-02T18:20:29.692-0400][gc          ] GC(330) Pause Young (Normal) (G1 Evacuation Pause) 410M->366M(1024M) 16,377ms
[2024-07-02T18:20:29.692-0400][gc,cpu      ] GC(330) User=0,02s Sys=0,01s Real=0,01s
[2024-07-02T18:28:24.894-0400][gc,start    ] GC(331) Pause Young (Normal) (G1 Evacuation Pause)
[2024-07-02T18:28:24.894-0400][gc,task     ] GC(331) Using 6 workers of 6 for evacuation
[2024-07-02T18:28:24.914-0400][gc,phases   ] GC(331)   Pre Evacuate Collection Set: 2,7ms
[2024-07-02T18:28:24.914-0400][gc,phases   ] GC(331)   Merge Heap Roots: 0,2ms
[2024-07-02T18:28:24.914-0400][gc,phases   ] GC(331)   Evacuate Collection Set: 14,3ms
[2024-07-02T18:28:24.914-0400][gc,phases   ] GC(331)   Post Evacuate Collection Set: 2,4ms
[2024-07-02T18:28:24.914-0400][gc,phases   ] GC(331)   Other: 0,1ms
[2024-07-02T18:28:24.914-0400][gc,heap     ] GC(331) Eden regions: 48->0(44)
[2024-07-02T18:28:24.914-0400][gc,heap     ] GC(331) Survivor regions: 3->7(7)
[2024-07-02T18:28:24.914-0400][gc,heap     ] GC(331) Old regions: 235->235
[2024-07-02T18:28:24.914-0400][gc,heap     ] GC(331) Humongous regions: 129->129
[2024-07-02T18:28:24.914-0400][gc,metaspace] GC(331) Metaspace: 44696K(45440K)->44696K(45440K) NonClass: 39740K(40192K)->39740K(40192K) Class: 4956K(5248K)->4956K(5248K)
[2024-07-02T18:28:24.914-0400][gc          ] GC(331) Pause Young (Normal) (G1 Evacuation Pause) 414M->369M(1024M) 19,911ms
[2024-07-02T18:28:24.914-0400][gc,cpu      ] GC(331) User=0,05s Sys=0,00s Real=0,02s
[2024-07-02T18:35:39.340-0400][gc,start    ] GC(332) Pause Young (Normal) (G1 Evacuation Pause)
[2024-07-02T18:35:39.340-0400][gc,task     ] GC(332) Using 6 workers of 6 for evacuation
[2024-07-02T18:35:39.362-0400][gc,mmu      ] GC(332) MMU target violated: 21,0ms (20,0ms/21,0ms)
[2024-07-02T18:35:39.362-0400][gc,phases   ] GC(332)   Pre Evacuate Collection Set: 0,5ms
[2024-07-02T18:35:39.362-0400][gc,phases   ] GC(332)   Merge Heap Roots: 0,4ms
[2024-07-02T18:35:39.362-0400][gc,phases   ] GC(332)   Evacuate Collection Set: 16,8ms
[2024-07-02T18:35:39.362-0400][gc,phases   ] GC(332)   Post Evacuate Collection Set: 3,2ms
[2024-07-02T18:35:39.362-0400][gc,phases   ] GC(332)   Other: 0,2ms
[2024-07-02T18:35:39.362-0400][gc,heap     ] GC(332) Eden regions: 44->0(45)
[2024-07-02T18:35:39.362-0400][gc,heap     ] GC(332) Survivor regions: 7->6(7)
[2024-07-02T18:35:39.362-0400][gc,heap     ] GC(332) Old regions: 235->240
[2024-07-02T18:35:39.362-0400][gc,heap     ] GC(332) Humongous regions: 129->129
[2024-07-02T18:35:39.362-0400][gc,metaspace] GC(332) Metaspace: 44696K(45440K)->44696K(45440K) NonClass: 39740K(40192K)->39740K(40192K) Class: 4956K(5248K)->4956K(5248K)
[2024-07-02T18:35:39.362-0400][gc          ] GC(332) Pause Young (Normal) (G1 Evacuation Pause) 413M->374M(1024M) 21,360ms
[2024-07-02T18:35:39.362-0400][gc,cpu      ] GC(332) User=0,03s Sys=0,01s Real=0,02s
[2024-07-02T18:43:04.347-0400][gc,start    ] GC(333) Pause Young (Normal) (G1 Evacuation Pause)
[2024-07-02T18:43:04.347-0400][gc,task     ] GC(333) Using 6 workers of 6 for evacuation
[2024-07-02T18:43:04.375-0400][gc,mmu      ] GC(333) MMU target violated: 21,0ms (20,0ms/21,0ms)
[2024-07-02T18:43:04.375-0400][gc,phases   ] GC(333)   Pre Evacuate Collection Set: 0,5ms
[2024-07-02T18:43:04.375-0400][gc,phases   ] GC(333)   Merge Heap Roots: 0,4ms
[2024-07-02T18:43:04.375-0400][gc,phases   ] GC(333)   Evacuate Collection Set: 10,9ms
[2024-07-02T18:43:04.375-0400][gc,phases   ] GC(333)   Post Evacuate Collection Set: 16,5ms
[2024-07-02T18:43:04.375-0400][gc,phases   ] GC(333)   Other: 0,1ms
[2024-07-02T18:43:04.375-0400][gc,heap     ] GC(333) Eden regions: 45->0(45)
[2024-07-02T18:43:04.375-0400][gc,heap     ] GC(333) Survivor regions: 6->6(7)
[2024-07-02T18:43:04.375-0400][gc,heap     ] GC(333) Old regions: 240->244
[2024-07-02T18:43:04.375-0400][gc,heap     ] GC(333) Humongous regions: 129->129
[2024-07-02T18:43:04.375-0400][gc,metaspace] GC(333) Metaspace: 44696K(45440K)->44696K(45440K) NonClass: 39740K(40192K)->39740K(40192K) Class: 4956K(5248K)->4956K(5248K)
[2024-07-02T18:43:04.375-0400][gc          ] GC(333) Pause Young (Normal) (G1 Evacuation Pause) 419M->378M(1024M) 28,566ms
[2024-07-02T18:43:04.376-0400][gc,cpu      ] GC(333) User=0,03s Sys=0,03s Real=0,02s
[2024-07-02T18:50:18.186-0400][gc,start    ] GC(334) Pause Young (Normal) (G1 Evacuation Pause)
[2024-07-02T18:50:18.187-0400][gc,task     ] GC(334) Using 6 workers of 6 for evacuation
[2024-07-02T18:50:18.206-0400][gc,phases   ] GC(334)   Pre Evacuate Collection Set: 0,6ms
[2024-07-02T18:50:18.206-0400][gc,phases   ] GC(334)   Merge Heap Roots: 0,4ms
[2024-07-02T18:50:18.206-0400][gc,phases   ] GC(334)   Evacuate Collection Set: 12,5ms
[2024-07-02T18:50:18.206-0400][gc,phases   ] GC(334)   Post Evacuate Collection Set: 5,9ms
[2024-07-02T18:50:18.206-0400][gc,phases   ] GC(334)   Other: 0,1ms
[2024-07-02T18:50:18.206-0400][gc,heap     ] GC(334) Eden regions: 45->0(45)
[2024-07-02T18:50:18.206-0400][gc,heap     ] GC(334) Survivor regions: 6->6(7)
[2024-07-02T18:50:18.206-0400][gc,heap     ] GC(334) Old regions: 244->249
[2024-07-02T18:50:18.206-0400][gc,heap     ] GC(334) Humongous regions: 129->129
[2024-07-02T18:50:18.206-0400][gc,metaspace] GC(334) Metaspace: 44696K(45440K)->44696K(45440K) NonClass: 39740K(40192K)->39740K(40192K) Class: 4956K(5248K)->4956K(5248K)
[2024-07-02T18:50:18.206-0400][gc          ] GC(334) Pause Young (Normal) (G1 Evacuation Pause) 423M->382M(1024M) 19,787ms
[2024-07-02T18:50:18.206-0400][gc,cpu      ] GC(334) User=0,04s Sys=0,00s Real=0,02s
[2024-07-02T18:57:42.331-0400][gc,start    ] GC(335) Pause Young (Normal) (G1 Evacuation Pause)
[2024-07-02T18:57:42.332-0400][gc,task     ] GC(335) Using 6 workers of 6 for evacuation
[2024-07-02T18:57:42.357-0400][gc,mmu      ] GC(335) MMU target violated: 21,0ms (20,0ms/21,0ms)
[2024-07-02T18:57:42.357-0400][gc,phases   ] GC(335)   Pre Evacuate Collection Set: 0,7ms
[2024-07-02T18:57:42.357-0400][gc,phases   ] GC(335)   Merge Heap Roots: 0,3ms
[2024-07-02T18:57:42.357-0400][gc,phases   ] GC(335)   Evacuate Collection Set: 12,9ms
[2024-07-02T18:57:42.357-0400][gc,phases   ] GC(335)   Post Evacuate Collection Set: 11,1ms
[2024-07-02T18:57:42.357-0400][gc,phases   ] GC(335)   Other: 0,2ms
[2024-07-02T18:57:42.357-0400][gc,heap     ] GC(335) Eden regions: 45->0(45)
[2024-07-02T18:57:42.357-0400][gc,heap     ] GC(335) Survivor regions: 6->6(7)
[2024-07-02T18:57:42.357-0400][gc,heap     ] GC(335) Old regions: 249->253
[2024-07-02T18:57:42.357-0400][gc,heap     ] GC(335) Humongous regions: 129->129
[2024-07-02T18:57:42.357-0400][gc,metaspace] GC(335) Metaspace: 44696K(45440K)->44696K(45440K) NonClass: 39740K(40192K)->39740K(40192K) Class: 4956K(5248K)->4956K(5248K)
[2024-07-02T18:57:42.357-0400][gc          ] GC(335) Pause Young (Normal) (G1 Evacuation Pause) 427M->387M(1024M) 25,332ms
[2024-07-02T18:57:42.357-0400][gc,cpu      ] GC(335) User=0,05s Sys=0,00s Real=0,03s
[2024-07-02T19:05:04.534-0400][gc,start    ] GC(336) Pause Young (Normal) (G1 Evacuation Pause)
[2024-07-02T19:05:04.534-0400][gc,task     ] GC(336) Using 6 workers of 6 for evacuation
[2024-07-02T19:05:04.552-0400][gc,phases   ] GC(336)   Pre Evacuate Collection Set: 0,6ms
[2024-07-02T19:05:04.552-0400][gc,phases   ] GC(336)   Merge Heap Roots: 0,3ms
[2024-07-02T19:05:04.552-0400][gc,phases   ] GC(336)   Evacuate Collection Set: 14,0ms
[2024-07-02T19:05:04.552-0400][gc,phases   ] GC(336)   Post Evacuate Collection Set: 3,0ms
[2024-07-02T19:05:04.552-0400][gc,phases   ] GC(336)   Other: 0,1ms
[2024-07-02T19:05:04.552-0400][gc,heap     ] GC(336) Eden regions: 45->0(45)
[2024-07-02T19:05:04.552-0400][gc,heap     ] GC(336) Survivor regions: 6->6(7)
[2024-07-02T19:05:04.552-0400][gc,heap     ] GC(336) Old regions: 253->258
[2024-07-02T19:05:04.552-0400][gc,heap     ] GC(336) Humongous regions: 129->129
[2024-07-02T19:05:04.552-0400][gc,metaspace] GC(336) Metaspace: 44696K(45440K)->44696K(45440K) NonClass: 39740K(40192K)->39740K(40192K) Class: 4956K(5248K)->4956K(5248K)
[2024-07-02T19:05:04.552-0400][gc          ] GC(336) Pause Young (Normal) (G1 Evacuation Pause) 432M->391M(1024M) 18,692ms
[2024-07-02T19:05:04.552-0400][gc,cpu      ] GC(336) User=0,02s Sys=0,03s Real=0,02s
[2024-07-02T19:11:59.827-0400][gc,start    ] GC(337) Pause Young (Normal) (G1 Evacuation Pause)
[2024-07-02T19:11:59.827-0400][gc,task     ] GC(337) Using 6 workers of 6 for evacuation
[2024-07-02T19:11:59.852-0400][gc,mmu      ] GC(337) MMU target violated: 21,0ms (20,0ms/21,0ms)
[2024-07-02T19:11:59.852-0400][gc,phases   ] GC(337)   Pre Evacuate Collection Set: 2,2ms
[2024-07-02T19:11:59.852-0400][gc,phases   ] GC(337)   Merge Heap Roots: 0,3ms
[2024-07-02T19:11:59.852-0400][gc,phases   ] GC(337)   Evacuate Collection Set: 18,9ms
[2024-07-02T19:11:59.852-0400][gc,phases   ] GC(337)   Post Evacuate Collection Set: 2,5ms
[2024-07-02T19:11:59.852-0400][gc,phases   ] GC(337)   Other: 0,3ms
[2024-07-02T19:11:59.852-0400][gc,heap     ] GC(337) Eden regions: 45->0(44)
[2024-07-02T19:11:59.852-0400][gc,heap     ] GC(337) Survivor regions: 6->7(7)
[2024-07-02T19:11:59.852-0400][gc,heap     ] GC(337) Old regions: 258->262
[2024-07-02T19:11:59.852-0400][gc,heap     ] GC(337) Humongous regions: 129->129
[2024-07-02T19:11:59.852-0400][gc,metaspace] GC(337) Metaspace: 44696K(45440K)->44696K(45440K) NonClass: 39740K(40192K)->39740K(40192K) Class: 4956K(5248K)->4956K(5248K)
[2024-07-02T19:11:59.852-0400][gc          ] GC(337) Pause Young (Normal) (G1 Evacuation Pause) 436M->397M(1024M) 24,662ms
[2024-07-02T19:11:59.852-0400][gc,cpu      ] GC(337) User=0,03s Sys=0,02s Real=0,02s
[2024-07-02T19:19:13.190-0400][gc,start    ] GC(338) Pause Young (Normal) (G1 Evacuation Pause)
[2024-07-02T19:19:13.190-0400][gc,task     ] GC(338) Using 6 workers of 6 for evacuation
[2024-07-02T19:19:13.207-0400][gc,phases   ] GC(338)   Pre Evacuate Collection Set: 0,9ms
[2024-07-02T19:19:13.207-0400][gc,phases   ] GC(338)   Merge Heap Roots: 0,4ms
[2024-07-02T19:19:13.207-0400][gc,phases   ] GC(338)   Evacuate Collection Set: 13,3ms
[2024-07-02T19:19:13.207-0400][gc,phases   ] GC(338)   Post Evacuate Collection Set: 2,7ms
[2024-07-02T19:19:13.207-0400][gc,phases   ] GC(338)   Other: 0,1ms
[2024-07-02T19:19:13.207-0400][gc,heap     ] GC(338) Eden regions: 44->0(65)
[2024-07-02T19:19:13.207-0400][gc,heap     ] GC(338) Survivor regions: 7->3(7)
[2024-07-02T19:19:13.207-0400][gc,heap     ] GC(338) Old regions: 262->266
[2024-07-02T19:19:13.207-0400][gc,heap     ] GC(338) Humongous regions: 129->129
[2024-07-02T19:19:13.207-0400][gc,metaspace] GC(338) Metaspace: 44696K(45440K)->44696K(45440K) NonClass: 39740K(40192K)->39740K(40192K) Class: 4956K(5248K)->4956K(5248K)
[2024-07-02T19:19:13.207-0400][gc          ] GC(338) Pause Young (Normal) (G1 Evacuation Pause) 441M->397M(1024M) 17,860ms
[2024-07-02T19:19:13.208-0400][gc,cpu      ] GC(338) User=0,05s Sys=0,00s Real=0,02s
[2024-07-02T19:30:46.894-0400][gc,start    ] GC(339) Pause Young (Normal) (G1 Evacuation Pause)
[2024-07-02T19:30:46.894-0400][gc,task     ] GC(339) Using 6 workers of 6 for evacuation
[2024-07-02T19:30:47.005-0400][gc,mmu      ] GC(339) MMU target violated: 21,0ms (20,0ms/21,0ms)
[2024-07-02T19:30:47.005-0400][gc,phases   ] GC(339)   Pre Evacuate Collection Set: 2,4ms
[2024-07-02T19:30:47.005-0400][gc,phases   ] GC(339)   Merge Heap Roots: 0,1ms
[2024-07-02T19:30:47.005-0400][gc,phases   ] GC(339)   Evacuate Collection Set: 106,8ms
[2024-07-02T19:30:47.005-0400][gc,phases   ] GC(339)   Post Evacuate Collection Set: 1,2ms
[2024-07-02T19:30:47.005-0400][gc,phases   ] GC(339)   Other: 0,1ms
[2024-07-02T19:30:47.005-0400][gc,heap     ] GC(339) Eden regions: 70->0(42)
[2024-07-02T19:30:47.005-0400][gc,heap     ] GC(339) Survivor regions: 3->9(10)
[2024-07-02T19:30:47.005-0400][gc,heap     ] GC(339) Old regions: 266->266
[2024-07-02T19:30:47.005-0400][gc,heap     ] GC(339) Humongous regions: 129->129
[2024-07-02T19:30:47.005-0400][gc,metaspace] GC(339) Metaspace: 44696K(45440K)->44696K(45440K) NonClass: 39740K(40192K)->39740K(40192K) Class: 4956K(5248K)->4956K(5248K)
[2024-07-02T19:30:47.005-0400][gc          ] GC(339) Pause Young (Normal) (G1 Evacuation Pause) 467M->403M(1024M) 111,095ms
[2024-07-02T19:30:47.005-0400][gc,cpu      ] GC(339) User=0,31s Sys=0,26s Real=0,11s
[2024-07-02T19:37:37.086-0400][gc,start    ] GC(340) Pause Young (Normal) (G1 Evacuation Pause)
[2024-07-02T19:37:37.086-0400][gc,task     ] GC(340) Using 6 workers of 6 for evacuation
[2024-07-02T19:37:37.115-0400][gc,mmu      ] GC(340) MMU target violated: 21,0ms (20,0ms/21,0ms)
[2024-07-02T19:37:37.115-0400][gc,phases   ] GC(340)   Pre Evacuate Collection Set: 5,3ms
[2024-07-02T19:37:37.115-0400][gc,phases   ] GC(340)   Merge Heap Roots: 1,3ms
[2024-07-02T19:37:37.115-0400][gc,phases   ] GC(340)   Evacuate Collection Set: 19,1ms
[2024-07-02T19:37:37.115-0400][gc,phases   ] GC(340)   Post Evacuate Collection Set: 3,2ms
[2024-07-02T19:37:37.115-0400][gc,phases   ] GC(340)   Other: 0,2ms
[2024-07-02T19:37:37.115-0400][gc,heap     ] GC(340) Eden regions: 42->0(46)
[2024-07-02T19:37:37.115-0400][gc,heap     ] GC(340) Survivor regions: 9->5(7)
[2024-07-02T19:37:37.115-0400][gc,heap     ] GC(340) Old regions: 266->274
[2024-07-02T19:37:37.115-0400][gc,heap     ] GC(340) Humongous regions: 129->129
[2024-07-02T19:37:37.115-0400][gc,metaspace] GC(340) Metaspace: 44696K(45440K)->44696K(45440K) NonClass: 39740K(40192K)->39740K(40192K) Class: 4956K(5248K)->4956K(5248K)
[2024-07-02T19:37:37.115-0400][gc          ] GC(340) Pause Young (Normal) (G1 Evacuation Pause) 445M->406M(1024M) 29,191ms
[2024-07-02T19:37:37.115-0400][gc,cpu      ] GC(340) User=0,05s Sys=0,01s Real=0,02s
[2024-07-02T19:45:04.879-0400][gc,start    ] GC(341) Pause Young (Normal) (G1 Evacuation Pause)
[2024-07-02T19:45:04.879-0400][gc,task     ] GC(341) Using 6 workers of 6 for evacuation
[2024-07-02T19:45:04.915-0400][gc,mmu      ] GC(341) MMU target violated: 21,0ms (20,0ms/21,0ms)
[2024-07-02T19:45:04.915-0400][gc,phases   ] GC(341)   Pre Evacuate Collection Set: 11,6ms
[2024-07-02T19:45:04.915-0400][gc,phases   ] GC(341)   Merge Heap Roots: 0,2ms
[2024-07-02T19:45:04.915-0400][gc,phases   ] GC(341)   Evacuate Collection Set: 20,7ms
[2024-07-02T19:45:04.915-0400][gc,phases   ] GC(341)   Post Evacuate Collection Set: 3,2ms
[2024-07-02T19:45:04.915-0400][gc,phases   ] GC(341)   Other: 0,2ms
[2024-07-02T19:45:04.915-0400][gc,heap     ] GC(341) Eden regions: 46->0(44)
[2024-07-02T19:45:04.915-0400][gc,heap     ] GC(341) Survivor regions: 5->7(7)
[2024-07-02T19:45:04.915-0400][gc,heap     ] GC(341) Old regions: 274->277
[2024-07-02T19:45:04.915-0400][gc,heap     ] GC(341) Humongous regions: 129->129
[2024-07-02T19:45:04.915-0400][gc,metaspace] GC(341) Metaspace: 44696K(45440K)->44696K(45440K) NonClass: 39740K(40192K)->39740K(40192K) Class: 4956K(5248K)->4956K(5248K)
[2024-07-02T19:45:04.915-0400][gc          ] GC(341) Pause Young (Normal) (G1 Evacuation Pause) 452M->412M(1024M) 36,040ms
[2024-07-02T19:45:04.915-0400][gc,cpu      ] GC(341) User=0,02s Sys=0,03s Real=0,03s
[2024-07-02T19:52:18.772-0400][gc,start    ] GC(342) Pause Young (Normal) (G1 Evacuation Pause)
[2024-07-02T19:52:18.772-0400][gc,task     ] GC(342) Using 6 workers of 6 for evacuation
[2024-07-02T19:52:19.390-0400][gc,mmu      ] GC(342) MMU target violated: 21,0ms (20,0ms/21,0ms)
[2024-07-02T19:52:19.390-0400][gc,phases   ] GC(342)   Pre Evacuate Collection Set: 5,0ms
[2024-07-02T19:52:19.390-0400][gc,phases   ] GC(342)   Merge Heap Roots: 0,2ms
[2024-07-02T19:52:19.390-0400][gc,phases   ] GC(342)   Evacuate Collection Set: 604,5ms
[2024-07-02T19:52:19.390-0400][gc,phases   ] GC(342)   Post Evacuate Collection Set: 8,2ms
[2024-07-02T19:52:19.390-0400][gc,phases   ] GC(342)   Other: 0,2ms
[2024-07-02T19:52:19.391-0400][gc,heap     ] GC(342) Eden regions: 44->0(46)
[2024-07-02T19:52:19.391-0400][gc,heap     ] GC(342) Survivor regions: 7->5(7)
[2024-07-02T19:52:19.391-0400][gc,heap     ] GC(342) Old regions: 277->282
[2024-07-02T19:52:19.391-0400][gc,heap     ] GC(342) Humongous regions: 129->129
[2024-07-02T19:52:19.391-0400][gc,metaspace] GC(342) Metaspace: 44696K(45440K)->44696K(45440K) NonClass: 39740K(40192K)->39740K(40192K) Class: 4956K(5248K)->4956K(5248K)
[2024-07-02T19:52:19.391-0400][gc          ] GC(342) Pause Young (Normal) (G1 Evacuation Pause) 456M->415M(1024M) 618,370ms
[2024-07-02T19:52:19.391-0400][gc,cpu      ] GC(342) User=0,06s Sys=0,34s Real=0,62s
[2024-07-15T18:05:30.495-0400][gc,start    ] GC(343) Pause Young (Normal) (G1 Evacuation Pause)
[2024-07-15T18:05:30.509-0400][gc,task     ] GC(343) Using 6 workers of 6 for evacuation
[2024-07-15T18:05:31.942-0400][gc,mmu      ] GC(343) MMU target violated: 21,0ms (20,0ms/21,0ms)
[2024-07-15T18:05:31.942-0400][gc,phases   ] GC(343)   Pre Evacuate Collection Set: 15,7ms
[2024-07-15T18:05:31.942-0400][gc,phases   ] GC(343)   Merge Heap Roots: 14,9ms
[2024-07-15T18:05:31.942-0400][gc,phases   ] GC(343)   Evacuate Collection Set: 1381,8ms
[2024-07-15T18:05:31.942-0400][gc,phases   ] GC(343)   Post Evacuate Collection Set: 19,6ms
[2024-07-15T18:05:31.942-0400][gc,phases   ] GC(343)   Other: 0,4ms
[2024-07-15T18:05:31.942-0400][gc,heap     ] GC(343) Eden regions: 46->0(45)
[2024-07-15T18:05:31.942-0400][gc,heap     ] GC(343) Survivor regions: 5->6(7)
[2024-07-15T18:05:31.942-0400][gc,heap     ] GC(343) Old regions: 282->286
[2024-07-15T18:05:31.942-0400][gc,heap     ] GC(343) Humongous regions: 129->129
[2024-07-15T18:05:31.942-0400][gc,metaspace] GC(343) Metaspace: 44696K(45440K)->44696K(45440K) NonClass: 39740K(40192K)->39740K(40192K) Class: 4956K(5248K)->4956K(5248K)
[2024-07-15T18:05:31.942-0400][gc          ] GC(343) Pause Young (Normal) (G1 Evacuation Pause) 461M->420M(1024M) 1446,571ms
[2024-07-15T18:05:31.942-0400][gc,cpu      ] GC(343) User=0,34s Sys=1,05s Real=1,45s
[2024-07-15T18:13:52.820-0400][gc,start    ] GC(344) Pause Young (Normal) (G1 Evacuation Pause)
[2024-07-15T18:13:52.826-0400][gc,task     ] GC(344) Using 6 workers of 6 for evacuation
[2024-07-15T18:13:53.415-0400][gc,mmu      ] GC(344) MMU target violated: 21,0ms (20,0ms/21,0ms)
[2024-07-15T18:13:53.415-0400][gc,phases   ] GC(344)   Pre Evacuate Collection Set: 1,4ms
[2024-07-15T18:13:53.415-0400][gc,phases   ] GC(344)   Merge Heap Roots: 0,2ms
[2024-07-15T18:13:53.415-0400][gc,phases   ] GC(344)   Evacuate Collection Set: 574,9ms
[2024-07-15T18:13:53.415-0400][gc,phases   ] GC(344)   Post Evacuate Collection Set: 12,2ms
[2024-07-15T18:13:53.415-0400][gc,phases   ] GC(344)   Other: 0,4ms
[2024-07-15T18:13:53.415-0400][gc,heap     ] GC(344) Eden regions: 45->0(49)
[2024-07-15T18:13:53.415-0400][gc,heap     ] GC(344) Survivor regions: 6->2(7)
[2024-07-15T18:13:53.415-0400][gc,heap     ] GC(344) Old regions: 286->290
[2024-07-15T18:13:53.415-0400][gc,heap     ] GC(344) Humongous regions: 129->129
[2024-07-15T18:13:53.415-0400][gc,metaspace] GC(344) Metaspace: 44700K(45440K)->44700K(45440K) NonClass: 39744K(40192K)->39744K(40192K) Class: 4956K(5248K)->4956K(5248K)
[2024-07-15T18:13:53.415-0400][gc          ] GC(344) Pause Young (Normal) (G1 Evacuation Pause) 465M->420M(1024M) 594,780ms
[2024-07-15T18:13:53.415-0400][gc,cpu      ] GC(344) User=0,00s Sys=0,40s Real=0,59s
[2024-07-15T18:21:53.320-0400][gc,start    ] GC(345) Pause Young (Normal) (G1 Evacuation Pause)
[2024-07-15T18:21:53.322-0400][gc,task     ] GC(345) Using 6 workers of 6 for evacuation
[2024-07-15T18:21:53.329-0400][gc,phases   ] GC(345)   Pre Evacuate Collection Set: 0,8ms
[2024-07-15T18:21:53.329-0400][gc,phases   ] GC(345)   Merge Heap Roots: 0,3ms
[2024-07-15T18:21:53.329-0400][gc,phases   ] GC(345)   Evacuate Collection Set: 5,0ms
[2024-07-15T18:21:53.329-0400][gc,phases   ] GC(345)   Post Evacuate Collection Set: 0,7ms
[2024-07-15T18:21:53.329-0400][gc,phases   ] GC(345)   Other: 0,1ms
[2024-07-15T18:21:53.329-0400][gc,heap     ] GC(345) Eden regions: 49->0(47)
[2024-07-15T18:21:53.329-0400][gc,heap     ] GC(345) Survivor regions: 2->4(7)
[2024-07-15T18:21:53.329-0400][gc,heap     ] GC(345) Old regions: 290->290
[2024-07-15T18:21:53.329-0400][gc,heap     ] GC(345) Humongous regions: 129->129
[2024-07-15T18:21:53.329-0400][gc,metaspace] GC(345) Metaspace: 44700K(45440K)->44700K(45440K) NonClass: 39744K(40192K)->39744K(40192K) Class: 4956K(5248K)->4956K(5248K)
[2024-07-15T18:21:53.329-0400][gc          ] GC(345) Pause Young (Normal) (G1 Evacuation Pause) 469M->422M(1024M) 8,826ms
[2024-07-15T18:21:53.329-0400][gc,cpu      ] GC(345) User=0,01s Sys=0,01s Real=0,00s
[2024-07-15T18:29:37.595-0400][gc,start    ] GC(346) Pause Young (Normal) (G1 Evacuation Pause)
[2024-07-15T18:29:37.609-0400][gc,task     ] GC(346) Using 6 workers of 6 for evacuation
[2024-07-15T18:29:37.638-0400][gc,mmu      ] GC(346) MMU target violated: 21,0ms (20,0ms/21,0ms)
[2024-07-15T18:29:37.638-0400][gc,phases   ] GC(346)   Pre Evacuate Collection Set: 4,0ms
[2024-07-15T18:29:37.638-0400][gc,phases   ] GC(346)   Merge Heap Roots: 0,5ms
[2024-07-15T18:29:37.638-0400][gc,phases   ] GC(346)   Evacuate Collection Set: 22,4ms
[2024-07-15T18:29:37.638-0400][gc,phases   ] GC(346)   Post Evacuate Collection Set: 1,8ms
[2024-07-15T18:29:37.638-0400][gc,phases   ] GC(346)   Other: 0,4ms
[2024-07-15T18:29:37.638-0400][gc,heap     ] GC(346) Eden regions: 47->0(47)
[2024-07-15T18:29:37.638-0400][gc,heap     ] GC(346) Survivor regions: 4->4(7)
[2024-07-15T18:29:37.638-0400][gc,heap     ] GC(346) Old regions: 290->290
[2024-07-15T18:29:37.638-0400][gc,heap     ] GC(346) Humongous regions: 129->129
[2024-07-15T18:29:37.638-0400][gc,metaspace] GC(346) Metaspace: 44700K(45440K)->44700K(45440K) NonClass: 39744K(40192K)->39744K(40192K) Class: 4956K(5248K)->4956K(5248K)
[2024-07-15T18:29:37.638-0400][gc          ] GC(346) Pause Young (Normal) (G1 Evacuation Pause) 469M->422M(1024M) 42,908ms
[2024-07-15T18:29:37.638-0400][gc,cpu      ] GC(346) User=0,07s Sys=0,01s Real=0,04s
[2024-07-15T18:37:24.730-0400][gc,start    ] GC(347) Pause Young (Normal) (G1 Evacuation Pause)
[2024-07-15T18:37:24.730-0400][gc,task     ] GC(347) Using 6 workers of 6 for evacuation
[2024-07-15T18:37:24.753-0400][gc,mmu      ] GC(347) MMU target violated: 21,0ms (20,0ms/21,0ms)
[2024-07-15T18:37:24.753-0400][gc,phases   ] GC(347)   Pre Evacuate Collection Set: 2,2ms
[2024-07-15T18:37:24.753-0400][gc,phases   ] GC(347)   Merge Heap Roots: 0,1ms
[2024-07-15T18:37:24.753-0400][gc,phases   ] GC(347)   Evacuate Collection Set: 17,7ms
[2024-07-15T18:37:24.753-0400][gc,phases   ] GC(347)   Post Evacuate Collection Set: 2,5ms
[2024-07-15T18:37:24.753-0400][gc,phases   ] GC(347)   Other: 0,3ms
[2024-07-15T18:37:24.753-0400][gc,heap     ] GC(347) Eden regions: 47->0(48)
[2024-07-15T18:37:24.753-0400][gc,heap     ] GC(347) Survivor regions: 4->3(7)
[2024-07-15T18:37:24.753-0400][gc,heap     ] GC(347) Old regions: 290->290
[2024-07-15T18:37:24.753-0400][gc,heap     ] GC(347) Humongous regions: 129->129
[2024-07-15T18:37:24.753-0400][gc,metaspace] GC(347) Metaspace: 44700K(45440K)->44700K(45440K) NonClass: 39744K(40192K)->39744K(40192K) Class: 4956K(5248K)->4956K(5248K)
[2024-07-15T18:37:24.753-0400][gc          ] GC(347) Pause Young (Normal) (G1 Evacuation Pause) 469M->421M(1024M) 23,133ms
[2024-07-15T18:37:24.753-0400][gc,cpu      ] GC(347) User=0,04s Sys=0,00s Real=0,02s
[2024-07-16T10:32:10.925-0400][gc,start    ] GC(348) Pause Young (Normal) (G1 Evacuation Pause)
[2024-07-16T10:32:10.927-0400][gc,task     ] GC(348) Using 6 workers of 6 for evacuation
[2024-07-16T10:32:10.938-0400][gc,phases   ] GC(348)   Pre Evacuate Collection Set: 0,6ms
[2024-07-16T10:32:10.938-0400][gc,phases   ] GC(348)   Merge Heap Roots: 0,2ms
[2024-07-16T10:32:10.938-0400][gc,phases   ] GC(348)   Evacuate Collection Set: 8,0ms
[2024-07-16T10:32:10.938-0400][gc,phases   ] GC(348)   Post Evacuate Collection Set: 1,3ms
[2024-07-16T10:32:10.938-0400][gc,phases   ] GC(348)   Other: 0,1ms
[2024-07-16T10:32:10.938-0400][gc,heap     ] GC(348) Eden regions: 48->0(48)
[2024-07-16T10:32:10.938-0400][gc,heap     ] GC(348) Survivor regions: 3->3(7)
[2024-07-16T10:32:10.938-0400][gc,heap     ] GC(348) Old regions: 290->290
[2024-07-16T10:32:10.938-0400][gc,heap     ] GC(348) Humongous regions: 129->129
[2024-07-16T10:32:10.938-0400][gc,metaspace] GC(348) Metaspace: 44700K(45440K)->44700K(45440K) NonClass: 39744K(40192K)->39744K(40192K) Class: 4956K(5248K)->4956K(5248K)
[2024-07-16T10:32:10.938-0400][gc          ] GC(348) Pause Young (Normal) (G1 Evacuation Pause) 469M->421M(1024M) 13,183ms
[2024-07-16T10:32:10.938-0400][gc,cpu      ] GC(348) User=0,02s Sys=0,01s Real=0,02s
[2024-07-16T10:40:27.801-0400][gc,start    ] GC(349) Pause Young (Normal) (G1 Evacuation Pause)
[2024-07-16T10:40:27.801-0400][gc,task     ] GC(349) Using 6 workers of 6 for evacuation
[2024-07-16T10:40:27.808-0400][gc,phases   ] GC(349)   Pre Evacuate Collection Set: 1,0ms
[2024-07-16T10:40:27.808-0400][gc,phases   ] GC(349)   Merge Heap Roots: 0,3ms
[2024-07-16T10:40:27.808-0400][gc,phases   ] GC(349)   Evacuate Collection Set: 4,0ms
[2024-07-16T10:40:27.808-0400][gc,phases   ] GC(349)   Post Evacuate Collection Set: 1,3ms
[2024-07-16T10:40:27.808-0400][gc,phases   ] GC(349)   Other: 0,1ms
[2024-07-16T10:40:27.808-0400][gc,heap     ] GC(349) Eden regions: 48->0(47)
[2024-07-16T10:40:27.808-0400][gc,heap     ] GC(349) Survivor regions: 3->4(7)
[2024-07-16T10:40:27.808-0400][gc,heap     ] GC(349) Old regions: 290->290
[2024-07-16T10:40:27.808-0400][gc,heap     ] GC(349) Humongous regions: 129->129
[2024-07-16T10:40:27.808-0400][gc,metaspace] GC(349) Metaspace: 44700K(45440K)->44700K(45440K) NonClass: 39744K(40192K)->39744K(40192K) Class: 4956K(5248K)->4956K(5248K)
[2024-07-16T10:40:27.808-0400][gc          ] GC(349) Pause Young (Normal) (G1 Evacuation Pause) 469M->421M(1024M) 6,912ms
[2024-07-16T10:40:27.808-0400][gc,cpu      ] GC(349) User=0,01s Sys=0,00s Real=0,01s
[2024-07-16T10:48:40.599-0400][gc,start    ] GC(350) Pause Young (Normal) (G1 Evacuation Pause)
[2024-07-16T10:48:40.600-0400][gc,task     ] GC(350) Using 6 workers of 6 for evacuation
[2024-07-16T10:48:40.611-0400][gc,phases   ] GC(350)   Pre Evacuate Collection Set: 0,6ms
[2024-07-16T10:48:40.611-0400][gc,phases   ] GC(350)   Merge Heap Roots: 0,2ms
[2024-07-16T10:48:40.611-0400][gc,phases   ] GC(350)   Evacuate Collection Set: 10,2ms
[2024-07-16T10:48:40.611-0400][gc,phases   ] GC(350)   Post Evacuate Collection Set: 0,9ms
[2024-07-16T10:48:40.611-0400][gc,phases   ] GC(350)   Other: 0,1ms
[2024-07-16T10:48:40.611-0400][gc,heap     ] GC(350) Eden regions: 47->0(46)
[2024-07-16T10:48:40.611-0400][gc,heap     ] GC(350) Survivor regions: 4->5(7)
[2024-07-16T10:48:40.611-0400][gc,heap     ] GC(350) Old regions: 290->290
[2024-07-16T10:48:40.611-0400][gc,heap     ] GC(350) Humongous regions: 129->129
[2024-07-16T10:48:40.611-0400][gc,metaspace] GC(350) Metaspace: 44700K(45440K)->44700K(45440K) NonClass: 39744K(40192K)->39744K(40192K) Class: 4956K(5248K)->4956K(5248K)
[2024-07-16T10:48:40.611-0400][gc          ] GC(350) Pause Young (Normal) (G1 Evacuation Pause) 468M->423M(1024M) 12,029ms
[2024-07-16T10:48:40.612-0400][gc,cpu      ] GC(350) User=0,03s Sys=0,00s Real=0,01s
[2024-07-16T10:56:44.719-0400][gc,start    ] GC(351) Pause Young (Normal) (G1 Evacuation Pause)
[2024-07-16T10:56:44.719-0400][gc,task     ] GC(351) Using 6 workers of 6 for evacuation
[2024-07-16T10:56:44.829-0400][gc,mmu      ] GC(351) MMU target violated: 21,0ms (20,0ms/21,0ms)
[2024-07-16T10:56:44.829-0400][gc,phases   ] GC(351)   Pre Evacuate Collection Set: 0,7ms
[2024-07-16T10:56:44.829-0400][gc,phases   ] GC(351)   Merge Heap Roots: 0,4ms
[2024-07-16T10:56:44.829-0400][gc,phases   ] GC(351)   Evacuate Collection Set: 106,7ms
[2024-07-16T10:56:44.829-0400][gc,phases   ] GC(351)   Post Evacuate Collection Set: 2,2ms
[2024-07-16T10:56:44.829-0400][gc,phases   ] GC(351)   Other: 0,2ms
[2024-07-16T10:56:44.829-0400][gc,heap     ] GC(351) Eden regions: 46->0(47)
[2024-07-16T10:56:44.829-0400][gc,heap     ] GC(351) Survivor regions: 5->4(7)
[2024-07-16T10:56:44.829-0400][gc,heap     ] GC(351) Old regions: 290->291
[2024-07-16T10:56:44.829-0400][gc,heap     ] GC(351) Humongous regions: 129->129
[2024-07-16T10:56:44.829-0400][gc,metaspace] GC(351) Metaspace: 44700K(45440K)->44700K(45440K) NonClass: 39744K(40192K)->39744K(40192K) Class: 4956K(5248K)->4956K(5248K)
[2024-07-16T10:56:44.829-0400][gc          ] GC(351) Pause Young (Normal) (G1 Evacuation Pause) 469M->423M(1024M) 110,327ms
[2024-07-16T10:56:44.829-0400][gc,cpu      ] GC(351) User=0,01s Sys=0,07s Real=0,11s
[2024-07-16T11:04:32.905-0400][gc,start    ] GC(352) Pause Young (Normal) (G1 Evacuation Pause)
[2024-07-16T11:04:32.905-0400][gc,task     ] GC(352) Using 6 workers of 6 for evacuation
[2024-07-16T11:04:32.911-0400][gc,phases   ] GC(352)   Pre Evacuate Collection Set: 0,6ms
[2024-07-16T11:04:32.911-0400][gc,phases   ] GC(352)   Merge Heap Roots: 0,4ms
[2024-07-16T11:04:32.911-0400][gc,phases   ] GC(352)   Evacuate Collection Set: 3,9ms
[2024-07-16T11:04:32.911-0400][gc,phases   ] GC(352)   Post Evacuate Collection Set: 1,2ms
[2024-07-16T11:04:32.911-0400][gc,phases   ] GC(352)   Other: 0,1ms
[2024-07-16T11:04:32.911-0400][gc,heap     ] GC(352) Eden regions: 47->0(48)
[2024-07-16T11:04:32.911-0400][gc,heap     ] GC(352) Survivor regions: 4->3(7)
[2024-07-16T11:04:32.911-0400][gc,heap     ] GC(352) Old regions: 291->291
[2024-07-16T11:04:32.911-0400][gc,heap     ] GC(352) Humongous regions: 129->129
[2024-07-16T11:04:32.911-0400][gc,metaspace] GC(352) Metaspace: 44700K(45440K)->44700K(45440K) NonClass: 39744K(40192K)->39744K(40192K) Class: 4956K(5248K)->4956K(5248K)
[2024-07-16T11:04:32.911-0400][gc          ] GC(352) Pause Young (Normal) (G1 Evacuation Pause) 470M->422M(1024M) 6,440ms
[2024-07-16T11:04:32.911-0400][gc,cpu      ] GC(352) User=0,02s Sys=0,00s Real=0,00s
[2024-07-16T11:12:26.400-0400][gc,start    ] GC(353) Pause Young (Normal) (G1 Evacuation Pause)
[2024-07-16T11:12:26.400-0400][gc,task     ] GC(353) Using 6 workers of 6 for evacuation
[2024-07-16T11:12:26.427-0400][gc,mmu      ] GC(353) MMU target violated: 21,0ms (20,0ms/21,0ms)
[2024-07-16T11:12:26.427-0400][gc,phases   ] GC(353)   Pre Evacuate Collection Set: 0,6ms
[2024-07-16T11:12:26.427-0400][gc,phases   ] GC(353)   Merge Heap Roots: 0,4ms
[2024-07-16T11:12:26.427-0400][gc,phases   ] GC(353)   Evacuate Collection Set: 17,8ms
[2024-07-16T11:12:26.427-0400][gc,phases   ] GC(353)   Post Evacuate Collection Set: 8,6ms
[2024-07-16T11:12:26.427-0400][gc,phases   ] GC(353)   Other: 0,1ms
[2024-07-16T11:12:26.427-0400][gc,heap     ] GC(353) Eden regions: 48->0(47)
[2024-07-16T11:12:26.427-0400][gc,heap     ] GC(353) Survivor regions: 3->4(7)
[2024-07-16T11:12:26.427-0400][gc,heap     ] GC(353) Old regions: 291->291
[2024-07-16T11:12:26.427-0400][gc,heap     ] GC(353) Humongous regions: 129->129
[2024-07-16T11:12:26.427-0400][gc,metaspace] GC(353) Metaspace: 44701K(45440K)->44701K(45440K) NonClass: 39744K(40192K)->39744K(40192K) Class: 4956K(5248K)->4956K(5248K)
[2024-07-16T11:12:26.427-0400][gc          ] GC(353) Pause Young (Normal) (G1 Evacuation Pause) 470M->422M(1024M) 27,538ms
[2024-07-16T11:12:26.427-0400][gc,cpu      ] GC(353) User=0,01s Sys=0,04s Real=0,03s
[2024-07-16T11:20:09.859-0400][gc,start    ] GC(354) Pause Young (Normal) (G1 Evacuation Pause)
[2024-07-16T11:20:09.859-0400][gc,task     ] GC(354) Using 6 workers of 6 for evacuation
[2024-07-16T11:20:09.870-0400][gc,phases   ] GC(354)   Pre Evacuate Collection Set: 1,0ms
[2024-07-16T11:20:09.870-0400][gc,phases   ] GC(354)   Merge Heap Roots: 0,3ms
[2024-07-16T11:20:09.870-0400][gc,phases   ] GC(354)   Evacuate Collection Set: 7,9ms
[2024-07-16T11:20:09.870-0400][gc,phases   ] GC(354)   Post Evacuate Collection Set: 1,3ms
[2024-07-16T11:20:09.870-0400][gc,phases   ] GC(354)   Other: 0,1ms
[2024-07-16T11:20:09.870-0400][gc,heap     ] GC(354) Eden regions: 47->0(48)
[2024-07-16T11:20:09.870-0400][gc,heap     ] GC(354) Survivor regions: 4->3(7)
[2024-07-16T11:20:09.870-0400][gc,heap     ] GC(354) Old regions: 291->291
[2024-07-16T11:20:09.870-0400][gc,heap     ] GC(354) Humongous regions: 129->129
[2024-07-16T11:20:09.870-0400][gc,metaspace] GC(354) Metaspace: 44701K(45440K)->44701K(45440K) NonClass: 39744K(40192K)->39744K(40192K) Class: 4956K(5248K)->4956K(5248K)
[2024-07-16T11:20:09.870-0400][gc          ] GC(354) Pause Young (Normal) (G1 Evacuation Pause) 469M->422M(1024M) 10,742ms
[2024-07-16T11:20:09.870-0400][gc,cpu      ] GC(354) User=0,02s Sys=0,01s Real=0,01s
[2024-07-16T11:28:03.396-0400][gc,start    ] GC(355) Pause Young (Normal) (G1 Evacuation Pause)
[2024-07-16T11:28:03.396-0400][gc,task     ] GC(355) Using 6 workers of 6 for evacuation
[2024-07-16T11:28:03.409-0400][gc,phases   ] GC(355)   Pre Evacuate Collection Set: 4,2ms
[2024-07-16T11:28:03.409-0400][gc,phases   ] GC(355)   Merge Heap Roots: 0,2ms
[2024-07-16T11:28:03.409-0400][gc,phases   ] GC(355)   Evacuate Collection Set: 5,1ms
[2024-07-16T11:28:03.409-0400][gc,phases   ] GC(355)   Post Evacuate Collection Set: 1,1ms
[2024-07-16T11:28:03.409-0400][gc,phases   ] GC(355)   Other: 2,3ms
[2024-07-16T11:28:03.409-0400][gc,heap     ] GC(355) Eden regions: 48->0(48)
[2024-07-16T11:28:03.409-0400][gc,heap     ] GC(355) Survivor regions: 3->3(7)
[2024-07-16T11:28:03.409-0400][gc,heap     ] GC(355) Old regions: 291->291
[2024-07-16T11:28:03.409-0400][gc,heap     ] GC(355) Humongous regions: 129->129
[2024-07-16T11:28:03.409-0400][gc,metaspace] GC(355) Metaspace: 44701K(45440K)->44701K(45440K) NonClass: 39744K(40192K)->39744K(40192K) Class: 4956K(5248K)->4956K(5248K)
[2024-07-16T11:28:03.409-0400][gc          ] GC(355) Pause Young (Normal) (G1 Evacuation Pause) 470M->422M(1024M) 13,041ms
[2024-07-16T11:28:03.409-0400][gc,cpu      ] GC(355) User=0,03s Sys=0,00s Real=0,01s
[2024-07-16T11:35:47.329-0400][gc,start    ] GC(356) Pause Young (Normal) (G1 Evacuation Pause)
[2024-07-16T11:35:47.329-0400][gc,task     ] GC(356) Using 6 workers of 6 for evacuation
[2024-07-16T11:35:47.336-0400][gc,phases   ] GC(356)   Pre Evacuate Collection Set: 0,9ms
[2024-07-16T11:35:47.336-0400][gc,phases   ] GC(356)   Merge Heap Roots: 0,2ms
[2024-07-16T11:35:47.336-0400][gc,phases   ] GC(356)   Evacuate Collection Set: 3,8ms
[2024-07-16T11:35:47.336-0400][gc,phases   ] GC(356)   Post Evacuate Collection Set: 1,2ms
[2024-07-16T11:35:47.336-0400][gc,phases   ] GC(356)   Other: 0,1ms
[2024-07-16T11:35:47.336-0400][gc,heap     ] GC(356) Eden regions: 48->0(47)
[2024-07-16T11:35:47.336-0400][gc,heap     ] GC(356) Survivor regions: 3->4(7)
[2024-07-16T11:35:47.336-0400][gc,heap     ] GC(356) Old regions: 291->291
[2024-07-16T11:35:47.336-0400][gc,heap     ] GC(356) Humongous regions: 129->129
[2024-07-16T11:35:47.336-0400][gc,metaspace] GC(356) Metaspace: 44701K(45440K)->44701K(45440K) NonClass: 39744K(40192K)->39744K(40192K) Class: 4956K(5248K)->4956K(5248K)
[2024-07-16T11:35:47.336-0400][gc          ] GC(356) Pause Young (Normal) (G1 Evacuation Pause) 470M->423M(1024M) 6,635ms
[2024-07-16T11:35:47.336-0400][gc,cpu      ] GC(356) User=0,02s Sys=0,00s Real=0,01s
[2024-07-16T11:43:30.166-0400][gc,start    ] GC(357) Pause Young (Normal) (G1 Evacuation Pause)
[2024-07-16T11:43:30.166-0400][gc,task     ] GC(357) Using 6 workers of 6 for evacuation
[2024-07-16T11:43:30.176-0400][gc,phases   ] GC(357)   Pre Evacuate Collection Set: 2,0ms
[2024-07-16T11:43:30.176-0400][gc,phases   ] GC(357)   Merge Heap Roots: 0,4ms
[2024-07-16T11:43:30.176-0400][gc,phases   ] GC(357)   Evacuate Collection Set: 6,0ms
[2024-07-16T11:43:30.176-0400][gc,phases   ] GC(357)   Post Evacuate Collection Set: 1,5ms
[2024-07-16T11:43:30.176-0400][gc,phases   ] GC(357)   Other: 0,1ms
[2024-07-16T11:43:30.176-0400][gc,heap     ] GC(357) Eden regions: 47->0(47)
[2024-07-16T11:43:30.176-0400][gc,heap     ] GC(357) Survivor regions: 4->4(7)
[2024-07-16T11:43:30.176-0400][gc,heap     ] GC(357) Old regions: 291->291
[2024-07-16T11:43:30.176-0400][gc,heap     ] GC(357) Humongous regions: 129->129
[2024-07-16T11:43:30.176-0400][gc,metaspace] GC(357) Metaspace: 44701K(45440K)->44701K(45440K) NonClass: 39744K(40192K)->39744K(40192K) Class: 4956K(5248K)->4956K(5248K)
[2024-07-16T11:43:30.177-0400][gc          ] GC(357) Pause Young (Normal) (G1 Evacuation Pause) 470M->423M(1024M) 10,066ms
[2024-07-16T11:43:30.177-0400][gc,cpu      ] GC(357) User=0,02s Sys=0,01s Real=0,01s
[2024-07-16T11:51:13.868-0400][gc,start    ] GC(358) Pause Young (Normal) (G1 Evacuation Pause)
[2024-07-16T11:51:13.868-0400][gc,task     ] GC(358) Using 6 workers of 6 for evacuation
[2024-07-16T11:51:13.877-0400][gc,phases   ] GC(358)   Pre Evacuate Collection Set: 0,6ms
[2024-07-16T11:51:13.877-0400][gc,phases   ] GC(358)   Merge Heap Roots: 0,7ms
[2024-07-16T11:51:13.877-0400][gc,phases   ] GC(358)   Evacuate Collection Set: 6,5ms
[2024-07-16T11:51:13.877-0400][gc,phases   ] GC(358)   Post Evacuate Collection Set: 1,8ms
[2024-07-16T11:51:13.877-0400][gc,phases   ] GC(358)   Other: 0,1ms
[2024-07-16T11:51:13.877-0400][gc,heap     ] GC(358) Eden regions: 47->0(47)
[2024-07-16T11:51:13.877-0400][gc,heap     ] GC(358) Survivor regions: 4->4(7)
[2024-07-16T11:51:13.877-0400][gc,heap     ] GC(358) Old regions: 291->291
[2024-07-16T11:51:13.877-0400][gc,heap     ] GC(358) Humongous regions: 129->129
[2024-07-16T11:51:13.877-0400][gc,metaspace] GC(358) Metaspace: 44701K(45440K)->44701K(45440K) NonClass: 39744K(40192K)->39744K(40192K) Class: 4956K(5248K)->4956K(5248K)
[2024-07-16T11:51:13.877-0400][gc          ] GC(358) Pause Young (Normal) (G1 Evacuation Pause) 470M->422M(1024M) 9,781ms
[2024-07-16T11:51:13.877-0400][gc,cpu      ] GC(358) User=0,01s Sys=0,01s Real=0,01s
[2024-07-16T11:58:54.731-0400][gc,start    ] GC(359) Pause Young (Normal) (G1 Evacuation Pause)
[2024-07-16T11:58:54.731-0400][gc,task     ] GC(359) Using 6 workers of 6 for evacuation
[2024-07-16T11:58:54.739-0400][gc,phases   ] GC(359)   Pre Evacuate Collection Set: 0,7ms
[2024-07-16T11:58:54.739-0400][gc,phases   ] GC(359)   Merge Heap Roots: 0,5ms
[2024-07-16T11:58:54.739-0400][gc,phases   ] GC(359)   Evacuate Collection Set: 5,5ms
[2024-07-16T11:58:54.739-0400][gc,phases   ] GC(359)   Post Evacuate Collection Set: 2,0ms
[2024-07-16T11:58:54.739-0400][gc,phases   ] GC(359)   Other: 0,1ms
[2024-07-16T11:58:54.739-0400][gc,heap     ] GC(359) Eden regions: 47->0(48)
[2024-07-16T11:58:54.739-0400][gc,heap     ] GC(359) Survivor regions: 4->3(7)
[2024-07-16T11:58:54.739-0400][gc,heap     ] GC(359) Old regions: 291->291
[2024-07-16T11:58:54.739-0400][gc,heap     ] GC(359) Humongous regions: 129->129
[2024-07-16T11:58:54.739-0400][gc,metaspace] GC(359) Metaspace: 44701K(45440K)->44701K(45440K) NonClass: 39744K(40192K)->39744K(40192K) Class: 4956K(5248K)->4956K(5248K)
[2024-07-16T11:58:54.740-0400][gc          ] GC(359) Pause Young (Normal) (G1 Evacuation Pause) 469M->422M(1024M) 9,000ms
[2024-07-16T11:58:54.740-0400][gc,cpu      ] GC(359) User=0,01s Sys=0,01s Real=0,01s
[2024-07-16T12:06:21.440-0400][gc,start    ] GC(360) Pause Young (Normal) (G1 Evacuation Pause)
[2024-07-16T12:06:21.440-0400][gc,task     ] GC(360) Using 6 workers of 6 for evacuation
[2024-07-16T12:06:21.457-0400][gc,phases   ] GC(360)   Pre Evacuate Collection Set: 0,6ms
[2024-07-16T12:06:21.457-0400][gc,phases   ] GC(360)   Merge Heap Roots: 0,3ms
[2024-07-16T12:06:21.457-0400][gc,phases   ] GC(360)   Evacuate Collection Set: 14,9ms
[2024-07-16T12:06:21.457-0400][gc,phases   ] GC(360)   Post Evacuate Collection Set: 1,0ms
[2024-07-16T12:06:21.457-0400][gc,phases   ] GC(360)   Other: 0,1ms
[2024-07-16T12:06:21.457-0400][gc,heap     ] GC(360) Eden regions: 48->0(47)
[2024-07-16T12:06:21.457-0400][gc,heap     ] GC(360) Survivor regions: 3->4(7)
[2024-07-16T12:06:21.457-0400][gc,heap     ] GC(360) Old regions: 291->291
[2024-07-16T12:06:21.457-0400][gc,heap     ] GC(360) Humongous regions: 129->129
[2024-07-16T12:06:21.457-0400][gc,metaspace] GC(360) Metaspace: 44701K(45440K)->44701K(45440K) NonClass: 39744K(40192K)->39744K(40192K) Class: 4956K(5248K)->4956K(5248K)
[2024-07-16T12:06:21.457-0400][gc          ] GC(360) Pause Young (Normal) (G1 Evacuation Pause) 470M->423M(1024M) 17,131ms
[2024-07-16T12:06:21.457-0400][gc,cpu      ] GC(360) User=0,02s Sys=0,01s Real=0,02s
[2024-07-16T12:14:22.835-0400][gc,start    ] GC(361) Pause Young (Normal) (G1 Evacuation Pause)
[2024-07-16T12:14:22.835-0400][gc,task     ] GC(361) Using 6 workers of 6 for evacuation
[2024-07-16T12:14:22.844-0400][gc,phases   ] GC(361)   Pre Evacuate Collection Set: 0,8ms
[2024-07-16T12:14:22.844-0400][gc,phases   ] GC(361)   Merge Heap Roots: 0,5ms
[2024-07-16T12:14:22.844-0400][gc,phases   ] GC(361)   Evacuate Collection Set: 6,8ms
[2024-07-16T12:14:22.844-0400][gc,phases   ] GC(361)   Post Evacuate Collection Set: 1,1ms
[2024-07-16T12:14:22.844-0400][gc,phases   ] GC(361)   Other: 0,1ms
[2024-07-16T12:14:22.844-0400][gc,heap     ] GC(361) Eden regions: 49->0(93)
[2024-07-16T12:14:22.844-0400][gc,heap     ] GC(361) Survivor regions: 4->4(7)
[2024-07-16T12:14:22.844-0400][gc,heap     ] GC(361) Old regions: 291->291
[2024-07-16T12:14:22.844-0400][gc,heap     ] GC(361) Humongous regions: 129->129
[2024-07-16T12:14:22.844-0400][gc,metaspace] GC(361) Metaspace: 44701K(45440K)->44701K(45440K) NonClass: 39744K(40192K)->39744K(40192K) Class: 4956K(5248K)->4956K(5248K)
[2024-07-16T12:14:22.844-0400][gc          ] GC(361) Pause Young (Normal) (G1 Evacuation Pause) 472M->423M(1024M) 9,623ms
[2024-07-16T12:14:22.844-0400][gc,cpu      ] GC(361) User=0,03s Sys=0,00s Real=0,01s
[2024-07-16T12:29:48.780-0400][gc,start    ] GC(362) Pause Young (Normal) (G1 Evacuation Pause)
[2024-07-16T12:29:48.780-0400][gc,task     ] GC(362) Using 6 workers of 6 for evacuation
[2024-07-16T12:29:48.834-0400][gc,mmu      ] GC(362) MMU target violated: 21,0ms (20,0ms/21,0ms)
[2024-07-16T12:29:48.834-0400][gc,phases   ] GC(362)   Pre Evacuate Collection Set: 0,6ms
[2024-07-16T12:29:48.834-0400][gc,phases   ] GC(362)   Merge Heap Roots: 0,3ms
[2024-07-16T12:29:48.834-0400][gc,phases   ] GC(362)   Evacuate Collection Set: 52,1ms
[2024-07-16T12:29:48.834-0400][gc,phases   ] GC(362)   Post Evacuate Collection Set: 1,0ms
[2024-07-16T12:29:48.834-0400][gc,phases   ] GC(362)   Other: 0,1ms
[2024-07-16T12:29:48.834-0400][gc,heap     ] GC(362) Eden regions: 94->0(48)
[2024-07-16T12:29:48.834-0400][gc,heap     ] GC(362) Survivor regions: 4->3(13)
[2024-07-16T12:29:48.834-0400][gc,heap     ] GC(362) Old regions: 291->291
[2024-07-16T12:29:48.834-0400][gc,heap     ] GC(362) Humongous regions: 129->129
[2024-07-16T12:29:48.834-0400][gc,metaspace] GC(362) Metaspace: 44701K(45440K)->44701K(45440K) NonClass: 39744K(40192K)->39744K(40192K) Class: 4956K(5248K)->4956K(5248K)
[2024-07-16T12:29:48.834-0400][gc          ] GC(362) Pause Young (Normal) (G1 Evacuation Pause) 517M->422M(1024M) 54,885ms
[2024-07-16T12:29:48.834-0400][gc,cpu      ] GC(362) User=0,17s Sys=0,00s Real=0,05s
[2024-07-16T12:37:33.362-0400][gc,start    ] GC(363) Pause Young (Normal) (G1 Evacuation Pause)
[2024-07-16T12:37:33.362-0400][gc,task     ] GC(363) Using 6 workers of 6 for evacuation
[2024-07-16T12:37:33.381-0400][gc,phases   ] GC(363)   Pre Evacuate Collection Set: 0,6ms
[2024-07-16T12:37:33.381-0400][gc,phases   ] GC(363)   Merge Heap Roots: 0,3ms
[2024-07-16T12:37:33.381-0400][gc,phases   ] GC(363)   Evacuate Collection Set: 16,8ms
[2024-07-16T12:37:33.381-0400][gc,phases   ] GC(363)   Post Evacuate Collection Set: 1,0ms
[2024-07-16T12:37:33.381-0400][gc,phases   ] GC(363)   Other: 0,1ms
[2024-07-16T12:37:33.381-0400][gc,heap     ] GC(363) Eden regions: 48->0(47)
[2024-07-16T12:37:33.381-0400][gc,heap     ] GC(363) Survivor regions: 3->4(7)
[2024-07-16T12:37:33.381-0400][gc,heap     ] GC(363) Old regions: 291->291
[2024-07-16T12:37:33.381-0400][gc,heap     ] GC(363) Humongous regions: 129->129
[2024-07-16T12:37:33.381-0400][gc,metaspace] GC(363) Metaspace: 44701K(45440K)->44701K(45440K) NonClass: 39744K(40192K)->39744K(40192K) Class: 4956K(5248K)->4956K(5248K)
[2024-07-16T12:37:33.381-0400][gc          ] GC(363) Pause Young (Normal) (G1 Evacuation Pause) 470M->423M(1024M) 18,981ms
[2024-07-16T12:37:33.381-0400][gc,cpu      ] GC(363) User=0,03s Sys=0,02s Real=0,02s
[2024-07-16T12:45:17.450-0400][gc,start    ] GC(364) Pause Young (Normal) (G1 Evacuation Pause)
[2024-07-16T12:45:17.450-0400][gc,task     ] GC(364) Using 6 workers of 6 for evacuation
[2024-07-16T12:45:17.507-0400][gc,mmu      ] GC(364) MMU target violated: 21,0ms (20,0ms/21,0ms)
[2024-07-16T12:45:17.507-0400][gc,phases   ] GC(364)   Pre Evacuate Collection Set: 0,5ms
[2024-07-16T12:45:17.507-0400][gc,phases   ] GC(364)   Merge Heap Roots: 0,3ms
[2024-07-16T12:45:17.507-0400][gc,phases   ] GC(364)   Evacuate Collection Set: 53,1ms
[2024-07-16T12:45:17.507-0400][gc,phases   ] GC(364)   Post Evacuate Collection Set: 2,8ms
[2024-07-16T12:45:17.507-0400][gc,phases   ] GC(364)   Other: 0,1ms
[2024-07-16T12:45:17.507-0400][gc,heap     ] GC(364) Eden regions: 47->0(47)
[2024-07-16T12:45:17.507-0400][gc,heap     ] GC(364) Survivor regions: 4->4(7)
[2024-07-16T12:45:17.507-0400][gc,heap     ] GC(364) Old regions: 291->291
[2024-07-16T12:45:17.507-0400][gc,heap     ] GC(364) Humongous regions: 129->129
[2024-07-16T12:45:17.507-0400][gc,metaspace] GC(364) Metaspace: 44701K(45440K)->44701K(45440K) NonClass: 39744K(40192K)->39744K(40192K) Class: 4956K(5248K)->4956K(5248K)
[2024-07-16T12:45:17.507-0400][gc          ] GC(364) Pause Young (Normal) (G1 Evacuation Pause) 470M->423M(1024M) 56,989ms
[2024-07-16T12:45:17.507-0400][gc,cpu      ] GC(364) User=0,02s Sys=0,03s Real=0,06s
[2024-07-16T12:52:58.521-0400][gc,start    ] GC(365) Pause Young (Normal) (G1 Evacuation Pause)
[2024-07-16T12:52:58.521-0400][gc,task     ] GC(365) Using 6 workers of 6 for evacuation
[2024-07-16T12:52:58.535-0400][gc,phases   ] GC(365)   Pre Evacuate Collection Set: 0,9ms
[2024-07-16T12:52:58.535-0400][gc,phases   ] GC(365)   Merge Heap Roots: 0,3ms
[2024-07-16T12:52:58.535-0400][gc,phases   ] GC(365)   Evacuate Collection Set: 10,4ms
[2024-07-16T12:52:58.535-0400][gc,phases   ] GC(365)   Post Evacuate Collection Set: 1,8ms
[2024-07-16T12:52:58.535-0400][gc,phases   ] GC(365)   Other: 0,1ms
[2024-07-16T12:52:58.535-0400][gc,heap     ] GC(365) Eden regions: 47->0(48)
[2024-07-16T12:52:58.535-0400][gc,heap     ] GC(365) Survivor regions: 4->3(7)
[2024-07-16T12:52:58.535-0400][gc,heap     ] GC(365) Old regions: 291->291
[2024-07-16T12:52:58.535-0400][gc,heap     ] GC(365) Humongous regions: 129->129
[2024-07-16T12:52:58.535-0400][gc,metaspace] GC(365) Metaspace: 44701K(45440K)->44701K(45440K) NonClass: 39744K(40192K)->39744K(40192K) Class: 4956K(5248K)->4956K(5248K)
[2024-07-16T12:52:58.535-0400][gc          ] GC(365) Pause Young (Normal) (G1 Evacuation Pause) 470M->422M(1024M) 13,683ms
[2024-07-16T12:52:58.535-0400][gc,cpu      ] GC(365) User=0,01s Sys=0,02s Real=0,02s
[2024-07-16T13:00:51.048-0400][gc,start    ] GC(366) Pause Young (Normal) (G1 Evacuation Pause)
[2024-07-16T13:00:51.048-0400][gc,task     ] GC(366) Using 6 workers of 6 for evacuation
[2024-07-16T13:00:51.060-0400][gc,phases   ] GC(366)   Pre Evacuate Collection Set: 0,6ms
[2024-07-16T13:00:51.060-0400][gc,phases   ] GC(366)   Merge Heap Roots: 0,3ms
[2024-07-16T13:00:51.060-0400][gc,phases   ] GC(366)   Evacuate Collection Set: 9,6ms
[2024-07-16T13:00:51.060-0400][gc,phases   ] GC(366)   Post Evacuate Collection Set: 1,3ms
[2024-07-16T13:00:51.060-0400][gc,phases   ] GC(366)   Other: 0,1ms
[2024-07-16T13:00:51.060-0400][gc,heap     ] GC(366) Eden regions: 48->0(48)
[2024-07-16T13:00:51.060-0400][gc,heap     ] GC(366) Survivor regions: 3->3(7)
[2024-07-16T13:00:51.060-0400][gc,heap     ] GC(366) Old regions: 291->291
[2024-07-16T13:00:51.060-0400][gc,heap     ] GC(366) Humongous regions: 129->129
[2024-07-16T13:00:51.060-0400][gc,metaspace] GC(366) Metaspace: 44701K(45440K)->44701K(45440K) NonClass: 39744K(40192K)->39744K(40192K) Class: 4956K(5248K)->4956K(5248K)
[2024-07-16T13:00:51.060-0400][gc          ] GC(366) Pause Young (Normal) (G1 Evacuation Pause) 470M->422M(1024M) 12,010ms
[2024-07-16T13:00:51.060-0400][gc,cpu      ] GC(366) User=0,03s Sys=0,01s Real=0,01s
[2024-07-16T13:08:18.215-0400][gc,start    ] GC(367) Pause Young (Normal) (G1 Evacuation Pause)
[2024-07-16T13:08:18.215-0400][gc,task     ] GC(367) Using 6 workers of 6 for evacuation
[2024-07-16T13:08:18.223-0400][gc,phases   ] GC(367)   Pre Evacuate Collection Set: 0,8ms
[2024-07-16T13:08:18.223-0400][gc,phases   ] GC(367)   Merge Heap Roots: 0,2ms
[2024-07-16T13:08:18.223-0400][gc,phases   ] GC(367)   Evacuate Collection Set: 5,4ms
[2024-07-16T13:08:18.223-0400][gc,phases   ] GC(367)   Post Evacuate Collection Set: 1,2ms
[2024-07-16T13:08:18.223-0400][gc,phases   ] GC(367)   Other: 0,1ms
[2024-07-16T13:08:18.223-0400][gc,heap     ] GC(367) Eden regions: 48->0(47)
[2024-07-16T13:08:18.223-0400][gc,heap     ] GC(367) Survivor regions: 3->4(7)
[2024-07-16T13:08:18.223-0400][gc,heap     ] GC(367) Old regions: 291->291
[2024-07-16T13:08:18.223-0400][gc,heap     ] GC(367) Humongous regions: 129->129
[2024-07-16T13:08:18.223-0400][gc,metaspace] GC(367) Metaspace: 44701K(45440K)->44701K(45440K) NonClass: 39744K(40192K)->39744K(40192K) Class: 4956K(5248K)->4956K(5248K)
[2024-07-16T13:08:18.223-0400][gc          ] GC(367) Pause Young (Normal) (G1 Evacuation Pause) 470M->423M(1024M) 7,854ms
[2024-07-16T13:08:18.223-0400][gc,cpu      ] GC(367) User=0,01s Sys=0,02s Real=0,00s
[2024-07-16T13:15:58.593-0400][gc,start    ] GC(368) Pause Young (Normal) (G1 Evacuation Pause)
[2024-07-16T13:15:58.593-0400][gc,task     ] GC(368) Using 6 workers of 6 for evacuation
[2024-07-16T13:15:58.602-0400][gc,phases   ] GC(368)   Pre Evacuate Collection Set: 0,7ms
[2024-07-16T13:15:58.602-0400][gc,phases   ] GC(368)   Merge Heap Roots: 0,3ms
[2024-07-16T13:15:58.602-0400][gc,phases   ] GC(368)   Evacuate Collection Set: 4,9ms
[2024-07-16T13:15:58.602-0400][gc,phases   ] GC(368)   Post Evacuate Collection Set: 2,5ms
[2024-07-16T13:15:58.602-0400][gc,phases   ] GC(368)   Other: 0,1ms
[2024-07-16T13:15:58.602-0400][gc,heap     ] GC(368) Eden regions: 47->0(47)
[2024-07-16T13:15:58.602-0400][gc,heap     ] GC(368) Survivor regions: 4->4(7)
[2024-07-16T13:15:58.602-0400][gc,heap     ] GC(368) Old regions: 291->291
[2024-07-16T13:15:58.602-0400][gc,heap     ] GC(368) Humongous regions: 129->129
[2024-07-16T13:15:58.602-0400][gc,metaspace] GC(368) Metaspace: 44701K(45440K)->44701K(45440K) NonClass: 39744K(40192K)->39744K(40192K) Class: 4956K(5248K)->4956K(5248K)
[2024-07-16T13:15:58.602-0400][gc          ] GC(368) Pause Young (Normal) (G1 Evacuation Pause) 470M->423M(1024M) 8,737ms
[2024-07-16T13:15:58.602-0400][gc,cpu      ] GC(368) User=0,02s Sys=0,00s Real=0,01s
[2024-07-16T13:23:40.342-0400][gc,start    ] GC(369) Pause Young (Normal) (G1 Evacuation Pause)
[2024-07-16T13:23:40.343-0400][gc,task     ] GC(369) Using 6 workers of 6 for evacuation
[2024-07-16T13:23:40.355-0400][gc,phases   ] GC(369)   Pre Evacuate Collection Set: 0,7ms
[2024-07-16T13:23:40.355-0400][gc,phases   ] GC(369)   Merge Heap Roots: 2,0ms
[2024-07-16T13:23:40.355-0400][gc,phases   ] GC(369)   Evacuate Collection Set: 8,7ms
[2024-07-16T13:23:40.355-0400][gc,phases   ] GC(369)   Post Evacuate Collection Set: 1,2ms
[2024-07-16T13:23:40.355-0400][gc,phases   ] GC(369)   Other: 0,1ms
[2024-07-16T13:23:40.355-0400][gc,heap     ] GC(369) Eden regions: 47->0(104)
[2024-07-16T13:23:40.355-0400][gc,heap     ] GC(369) Survivor regions: 4->4(7)
[2024-07-16T13:23:40.355-0400][gc,heap     ] GC(369) Old regions: 291->291
[2024-07-16T13:23:40.355-0400][gc,heap     ] GC(369) Humongous regions: 129->129
[2024-07-16T13:23:40.355-0400][gc,metaspace] GC(369) Metaspace: 44701K(45440K)->44701K(45440K) NonClass: 39744K(40192K)->39744K(40192K) Class: 4956K(5248K)->4956K(5248K)
[2024-07-16T13:23:40.355-0400][gc          ] GC(369) Pause Young (Normal) (G1 Evacuation Pause) 470M->423M(1024M) 12,923ms
[2024-07-16T13:23:40.355-0400][gc,cpu      ] GC(369) User=0,00s Sys=0,02s Real=0,02s
[2024-07-16T13:40:48.729-0400][gc,start    ] GC(370) Pause Young (Normal) (G1 Evacuation Pause)
[2024-07-16T13:40:48.729-0400][gc,task     ] GC(370) Using 6 workers of 6 for evacuation
[2024-07-16T13:40:48.768-0400][gc,mmu      ] GC(370) MMU target violated: 21,0ms (20,0ms/21,0ms)
[2024-07-16T13:40:48.768-0400][gc,phases   ] GC(370)   Pre Evacuate Collection Set: 0,6ms
[2024-07-16T13:40:48.768-0400][gc,phases   ] GC(370)   Merge Heap Roots: 0,3ms
[2024-07-16T13:40:48.768-0400][gc,phases   ] GC(370)   Evacuate Collection Set: 35,8ms
[2024-07-16T13:40:48.768-0400][gc,phases   ] GC(370)   Post Evacuate Collection Set: 1,8ms
[2024-07-16T13:40:48.768-0400][gc,phases   ] GC(370)   Other: 0,3ms
[2024-07-16T13:40:48.768-0400][gc,heap     ] GC(370) Eden regions: 105->0(47)
[2024-07-16T13:40:48.768-0400][gc,heap     ] GC(370) Survivor regions: 4->4(14)
[2024-07-16T13:40:48.768-0400][gc,heap     ] GC(370) Old regions: 291->291
[2024-07-16T13:40:48.768-0400][gc,heap     ] GC(370) Humongous regions: 129->129
[2024-07-16T13:40:48.768-0400][gc,metaspace] GC(370) Metaspace: 44701K(45440K)->44701K(45440K) NonClass: 39744K(40192K)->39744K(40192K) Class: 4956K(5248K)->4956K(5248K)
[2024-07-16T13:40:48.768-0400][gc          ] GC(370) Pause Young (Normal) (G1 Evacuation Pause) 528M->423M(1024M) 38,994ms
[2024-07-16T13:40:48.768-0400][gc,cpu      ] GC(370) User=0,12s Sys=0,00s Real=0,04s
