[2024-06-21T16:20:30.760-0400][gc,init] CardTable entry size: 512
[2024-06-21T16:20:30.761-0400][gc     ] Using G1
[2024-06-21T16:20:30.782-0400][gc,init] Version: 21.0.3+9-Ubuntu-1ubuntu1 (release)
[2024-06-21T16:20:30.782-0400][gc,init] CPUs: 6 total, 6 available
[2024-06-21T16:20:30.783-0400][gc,init] Memory: 7940M
[2024-06-21T16:20:30.783-0400][gc,init] Large Page Support: Disabled
[2024-06-21T16:20:30.783-0400][gc,init] NUMA Support: Disabled
[2024-06-21T16:20:30.783-0400][gc,init] Compressed Oops: Enabled (32-bit)
[2024-06-21T16:20:30.783-0400][gc,init] Heap Region Size: 1M
[2024-06-21T16:20:30.783-0400][gc,init] Heap Min Capacity: 1G
[2024-06-21T16:20:30.783-0400][gc,init] Heap Initial Capacity: 1G
[2024-06-21T16:20:30.783-0400][gc,init] Heap Max Capacity: 1G
[2024-06-21T16:20:30.783-0400][gc,init] Pre-touch: Disabled
[2024-06-21T16:20:30.783-0400][gc,init] Parallel Workers: 6
[2024-06-21T16:20:30.783-0400][gc,init] Concurrent Workers: 2
[2024-06-21T16:20:30.783-0400][gc,init] Concurrent Refinement Workers: 6
[2024-06-21T16:20:30.783-0400][gc,init] Periodic GC: Disabled
[2024-06-21T16:20:30.794-0400][gc,metaspace] CDS archive(s) mapped at: [0x00007976c7000000-0x00007976c7caa000-0x00007976c7caa000), size 13279232, SharedBaseAddress: 0x00007976c7000000, ArchiveRelocationMode: 1.
[2024-06-21T16:20:30.794-0400][gc,metaspace] Compressed class space mapped at: 0x00007976c8000000-0x0000797708000000, reserved size: 1073741824
[2024-06-21T16:20:30.794-0400][gc,metaspace] Narrow klass base: 0x00007976c7000000, Narrow klass shift: 0, Narrow klass range: 0x100000000
[2024-06-21T16:20:32.399-0400][gc,start    ] GC(0) Pause Young (Normal) (G1 Evacuation Pause)
[2024-06-21T16:20:32.400-0400][gc,task     ] GC(0) Using 6 workers of 6 for evacuation
[2024-06-21T16:20:32.408-0400][gc,phases   ] GC(0)   Pre Evacuate Collection Set: 0,6ms
[2024-06-21T16:20:32.408-0400][gc,phases   ] GC(0)   Merge Heap Roots: 0,2ms
[2024-06-21T16:20:32.408-0400][gc,phases   ] GC(0)   Evacuate Collection Set: 4,9ms
[2024-06-21T16:20:32.408-0400][gc,phases   ] GC(0)   Post Evacuate Collection Set: 1,7ms
[2024-06-21T16:20:32.408-0400][gc,phases   ] GC(0)   Other: 2,1ms
[2024-06-21T16:20:32.408-0400][gc,heap     ] GC(0) Eden regions: 51->0(44)
[2024-06-21T16:20:32.408-0400][gc,heap     ] GC(0) Survivor regions: 0->7(7)
[2024-06-21T16:20:32.408-0400][gc,heap     ] GC(0) Old regions: 2->3
[2024-06-21T16:20:32.408-0400][gc,heap     ] GC(0) Humongous regions: 0->0
[2024-06-21T16:20:32.408-0400][gc,metaspace] GC(0) Metaspace: 18692K(18944K)->18692K(18944K) NonClass: 16576K(16704K)->16576K(16704K) Class: 2116K(2240K)->2116K(2240K)
[2024-06-21T16:20:32.408-0400][gc          ] GC(0) Pause Young (Normal) (G1 Evacuation Pause) 52M->8M(1024M) 9,611ms
[2024-06-21T16:20:32.408-0400][gc,cpu      ] GC(0) User=0,02s Sys=0,01s Real=0,01s
[2024-06-21T16:20:32.708-0400][gc,start    ] GC(1) Pause Young (Concurrent Start) (Metadata GC Threshold)
[2024-06-21T16:20:32.708-0400][gc,task     ] GC(1) Using 6 workers of 6 for evacuation
[2024-06-21T16:20:32.728-0400][gc,mmu      ] GC(1) MMU target violated: 20,0ms (20,0ms/21,0ms)
[2024-06-21T16:20:32.728-0400][gc,phases   ] GC(1)   Pre Evacuate Collection Set: 0,5ms
[2024-06-21T16:20:32.728-0400][gc,phases   ] GC(1)   Merge Heap Roots: 0,3ms
[2024-06-21T16:20:32.728-0400][gc,phases   ] GC(1)   Evacuate Collection Set: 17,6ms
[2024-06-21T16:20:32.728-0400][gc,phases   ] GC(1)   Post Evacuate Collection Set: 1,5ms
[2024-06-21T16:20:32.728-0400][gc,phases   ] GC(1)   Other: 0,2ms
[2024-06-21T16:20:32.728-0400][gc,heap     ] GC(1) Eden regions: 10->0(50)
[2024-06-21T16:20:32.728-0400][gc,heap     ] GC(1) Survivor regions: 7->1(7)
[2024-06-21T16:20:32.728-0400][gc,heap     ] GC(1) Old regions: 3->10
[2024-06-21T16:20:32.728-0400][gc,heap     ] GC(1) Humongous regions: 0->0
[2024-06-21T16:20:32.728-0400][gc,metaspace] GC(1) Metaspace: 21311K(21504K)->21311K(21504K) NonClass: 18859K(18944K)->18859K(18944K) Class: 2452K(2560K)->2452K(2560K)
[2024-06-21T16:20:32.728-0400][gc          ] GC(1) Pause Young (Concurrent Start) (Metadata GC Threshold) 18M->9M(1024M) 20,185ms
[2024-06-21T16:20:32.728-0400][gc,cpu      ] GC(1) User=0,03s Sys=0,02s Real=0,02s
[2024-06-21T16:20:32.728-0400][gc          ] GC(2) Concurrent Mark Cycle
[2024-06-21T16:20:32.728-0400][gc,marking  ] GC(2) Concurrent Scan Root Regions
[2024-06-21T16:20:32.732-0400][gc,marking  ] GC(2) Concurrent Scan Root Regions 3,645ms
[2024-06-21T16:20:32.732-0400][gc,marking  ] GC(2) Concurrent Mark
[2024-06-21T16:20:32.732-0400][gc,marking  ] GC(2) Concurrent Mark From Roots
[2024-06-21T16:20:32.732-0400][gc,task     ] GC(2) Using 2 workers of 2 for marking
[2024-06-21T16:20:32.734-0400][gc,marking  ] GC(2) Concurrent Mark From Roots 1,560ms
[2024-06-21T16:20:32.734-0400][gc,marking  ] GC(2) Concurrent Preclean
[2024-06-21T16:20:32.734-0400][gc,marking  ] GC(2) Concurrent Preclean 0,094ms
[2024-06-21T16:20:32.735-0400][gc,start    ] GC(2) Pause Remark
[2024-06-21T16:20:32.739-0400][gc          ] GC(2) Pause Remark 10M->10M(1024M) 3,583ms
[2024-06-21T16:20:32.739-0400][gc,cpu      ] GC(2) User=0,01s Sys=0,00s Real=0,00s
[2024-06-21T16:20:32.739-0400][gc,marking  ] GC(2) Concurrent Mark 7,078ms
[2024-06-21T16:20:32.739-0400][gc,marking  ] GC(2) Concurrent Rebuild Remembered Sets and Scrub Regions
[2024-06-21T16:20:32.741-0400][gc,marking  ] GC(2) Concurrent Rebuild Remembered Sets and Scrub Regions 1,520ms
[2024-06-21T16:20:32.741-0400][gc,start    ] GC(2) Pause Cleanup
[2024-06-21T16:20:32.741-0400][gc          ] GC(2) Pause Cleanup 10M->10M(1024M) 0,192ms
[2024-06-21T16:20:32.741-0400][gc,cpu      ] GC(2) User=0,00s Sys=0,00s Real=0,00s
[2024-06-21T16:20:32.741-0400][gc,marking  ] GC(2) Concurrent Clear Claimed Marks
[2024-06-21T16:20:32.741-0400][gc,marking  ] GC(2) Concurrent Clear Claimed Marks 0,019ms
[2024-06-21T16:20:32.741-0400][gc,marking  ] GC(2) Concurrent Cleanup for Next Mark
[2024-06-21T16:20:32.748-0400][gc,marking  ] GC(2) Concurrent Cleanup for Next Mark 6,722ms
[2024-06-21T16:20:32.748-0400][gc          ] GC(2) Concurrent Mark Cycle 19,737ms
[2024-06-21T16:20:34.094-0400][gc,start    ] GC(3) Pause Young (Prepare Mixed) (G1 Evacuation Pause)
[2024-06-21T16:20:34.094-0400][gc,task     ] GC(3) Using 6 workers of 6 for evacuation
[2024-06-21T16:20:34.112-0400][gc,phases   ] GC(3)   Pre Evacuate Collection Set: 0,4ms
[2024-06-21T16:20:34.112-0400][gc,phases   ] GC(3)   Merge Heap Roots: 6,4ms
[2024-06-21T16:20:34.112-0400][gc,phases   ] GC(3)   Evacuate Collection Set: 10,1ms
[2024-06-21T16:20:34.112-0400][gc,phases   ] GC(3)   Post Evacuate Collection Set: 1,3ms
[2024-06-21T16:20:34.112-0400][gc,phases   ] GC(3)   Other: 0,0ms
[2024-06-21T16:20:34.112-0400][gc,heap     ] GC(3) Eden regions: 50->0(45)
[2024-06-21T16:20:34.112-0400][gc,heap     ] GC(3) Survivor regions: 1->6(7)
[2024-06-21T16:20:34.112-0400][gc,heap     ] GC(3) Old regions: 10->10
[2024-06-21T16:20:34.112-0400][gc,heap     ] GC(3) Humongous regions: 129->129
[2024-06-21T16:20:34.112-0400][gc,metaspace] GC(3) Metaspace: 30845K(31232K)->30845K(31232K) NonClass: 27449K(27648K)->27449K(27648K) Class: 3395K(3584K)->3395K(3584K)
[2024-06-21T16:20:34.112-0400][gc          ] GC(3) Pause Young (Prepare Mixed) (G1 Evacuation Pause) 188M->143M(1024M) 18,261ms
[2024-06-21T16:20:34.112-0400][gc,cpu      ] GC(3) User=0,03s Sys=0,01s Real=0,02s
[2024-06-21T16:20:34.530-0400][gc,start    ] GC(4) Pause Young (Mixed) (Metadata GC Threshold)
[2024-06-21T16:20:34.533-0400][gc,task     ] GC(4) Using 6 workers of 6 for evacuation
[2024-06-21T16:20:34.545-0400][gc,phases   ] GC(4)   Pre Evacuate Collection Set: 0,3ms
[2024-06-21T16:20:34.545-0400][gc,phases   ] GC(4)   Merge Heap Roots: 0,1ms
[2024-06-21T16:20:34.545-0400][gc,phases   ] GC(4)   Evacuate Collection Set: 9,9ms
[2024-06-21T16:20:34.545-0400][gc,phases   ] GC(4)   Post Evacuate Collection Set: 1,6ms
[2024-06-21T16:20:34.545-0400][gc,phases   ] GC(4)   Other: 0,2ms
[2024-06-21T16:20:34.545-0400][gc,heap     ] GC(4) Eden regions: 19->0(48)
[2024-06-21T16:20:34.545-0400][gc,heap     ] GC(4) Survivor regions: 6->3(7)
[2024-06-21T16:20:34.545-0400][gc,heap     ] GC(4) Old regions: 10->14
[2024-06-21T16:20:34.545-0400][gc,heap     ] GC(4) Humongous regions: 129->129
[2024-06-21T16:20:34.545-0400][gc,metaspace] GC(4) Metaspace: 35675K(35968K)->35675K(35968K) NonClass: 31845K(32000K)->31845K(32000K) Class: 3829K(3968K)->3829K(3968K)
[2024-06-21T16:20:34.545-0400][gc          ] GC(4) Pause Young (Mixed) (Metadata GC Threshold) 161M->144M(1024M) 14,306ms
[2024-06-21T16:20:34.545-0400][gc,cpu      ] GC(4) User=0,01s Sys=0,01s Real=0,01s
[2024-06-21T16:20:34.600-0400][gc,start    ] GC(5) Pause Young (Concurrent Start) (Metadata GC Threshold)
[2024-06-21T16:20:34.600-0400][gc,task     ] GC(5) Using 6 workers of 6 for evacuation
[2024-06-21T16:20:34.610-0400][gc,phases   ] GC(5)   Pre Evacuate Collection Set: 5,2ms
[2024-06-21T16:20:34.610-0400][gc,phases   ] GC(5)   Merge Heap Roots: 0,2ms
[2024-06-21T16:20:34.610-0400][gc,phases   ] GC(5)   Evacuate Collection Set: 3,4ms
[2024-06-21T16:20:34.610-0400][gc,phases   ] GC(5)   Post Evacuate Collection Set: 1,3ms
[2024-06-21T16:20:34.610-0400][gc,phases   ] GC(5)   Other: 0,2ms
[2024-06-21T16:20:34.610-0400][gc,heap     ] GC(5) Eden regions: 3->0(49)
[2024-06-21T16:20:34.610-0400][gc,heap     ] GC(5) Survivor regions: 3->2(7)
[2024-06-21T16:20:34.610-0400][gc,heap     ] GC(5) Old regions: 14->14
[2024-06-21T16:20:34.610-0400][gc,heap     ] GC(5) Humongous regions: 129->129
[2024-06-21T16:20:34.610-0400][gc,metaspace] GC(5) Metaspace: 36004K(36288K)->36004K(36288K) NonClass: 32101K(32256K)->32101K(32256K) Class: 3903K(4032K)->3903K(4032K)
[2024-06-21T16:20:34.610-0400][gc          ] GC(5) Pause Young (Concurrent Start) (Metadata GC Threshold) 147M->144M(1024M) 10,276ms
[2024-06-21T16:20:34.611-0400][gc,cpu      ] GC(5) User=0,00s Sys=0,01s Real=0,01s
[2024-06-21T16:20:34.612-0400][gc          ] GC(6) Concurrent Mark Cycle
[2024-06-21T16:20:34.612-0400][gc,marking  ] GC(6) Concurrent Scan Root Regions
[2024-06-21T16:20:34.612-0400][gc,marking  ] GC(6) Concurrent Scan Root Regions 0,946ms
[2024-06-21T16:20:34.612-0400][gc,marking  ] GC(6) Concurrent Mark
[2024-06-21T16:20:34.612-0400][gc,marking  ] GC(6) Concurrent Mark From Roots
[2024-06-21T16:20:34.612-0400][gc,task     ] GC(6) Using 2 workers of 2 for marking
[2024-06-21T16:20:34.622-0400][gc,marking  ] GC(6) Concurrent Mark From Roots 9,976ms
[2024-06-21T16:20:34.622-0400][gc,marking  ] GC(6) Concurrent Preclean
[2024-06-21T16:20:34.623-0400][gc,marking  ] GC(6) Concurrent Preclean 0,042ms
[2024-06-21T16:20:34.624-0400][gc,start    ] GC(6) Pause Remark
[2024-06-21T16:20:34.637-0400][gc          ] GC(6) Pause Remark 145M->145M(1024M) 13,496ms
[2024-06-21T16:20:34.638-0400][gc,cpu      ] GC(6) User=0,01s Sys=0,01s Real=0,01s
[2024-06-21T16:20:34.639-0400][gc,marking  ] GC(6) Concurrent Mark 26,206ms
[2024-06-21T16:20:34.639-0400][gc,marking  ] GC(6) Concurrent Rebuild Remembered Sets and Scrub Regions
[2024-06-21T16:20:34.644-0400][gc,marking  ] GC(6) Concurrent Rebuild Remembered Sets and Scrub Regions 4,928ms
[2024-06-21T16:20:34.646-0400][gc,start    ] GC(6) Pause Cleanup
[2024-06-21T16:20:34.646-0400][gc          ] GC(6) Pause Cleanup 145M->145M(1024M) 0,269ms
[2024-06-21T16:20:34.646-0400][gc,cpu      ] GC(6) User=0,01s Sys=0,00s Real=0,00s
[2024-06-21T16:20:34.646-0400][gc,marking  ] GC(6) Concurrent Clear Claimed Marks
[2024-06-21T16:20:34.646-0400][gc,marking  ] GC(6) Concurrent Clear Claimed Marks 0,037ms
[2024-06-21T16:20:34.646-0400][gc,marking  ] GC(6) Concurrent Cleanup for Next Mark
[2024-06-21T16:20:34.649-0400][gc,marking  ] GC(6) Concurrent Cleanup for Next Mark 2,054ms
[2024-06-21T16:20:34.649-0400][gc          ] GC(6) Concurrent Mark Cycle 37,053ms
[2024-06-21T16:29:49.011-0400][gc,start    ] GC(7) Pause Young (Prepare Mixed) (G1 Evacuation Pause)
[2024-06-21T16:29:49.011-0400][gc,task     ] GC(7) Using 6 workers of 6 for evacuation
[2024-06-21T16:29:49.027-0400][gc,phases   ] GC(7)   Pre Evacuate Collection Set: 1,6ms
[2024-06-21T16:29:49.027-0400][gc,phases   ] GC(7)   Merge Heap Roots: 0,2ms
[2024-06-21T16:29:49.027-0400][gc,phases   ] GC(7)   Evacuate Collection Set: 11,2ms
[2024-06-21T16:29:49.027-0400][gc,phases   ] GC(7)   Post Evacuate Collection Set: 1,9ms
[2024-06-21T16:29:49.027-0400][gc,phases   ] GC(7)   Other: 0,3ms
[2024-06-21T16:29:49.027-0400][gc,heap     ] GC(7) Eden regions: 49->0(45)
[2024-06-21T16:29:49.027-0400][gc,heap     ] GC(7) Survivor regions: 2->6(7)
[2024-06-21T16:29:49.027-0400][gc,heap     ] GC(7) Old regions: 14->14
[2024-06-21T16:29:49.027-0400][gc,heap     ] GC(7) Humongous regions: 129->129
[2024-06-21T16:29:49.027-0400][gc,metaspace] GC(7) Metaspace: 41771K(42368K)->41771K(42368K) NonClass: 37029K(37376K)->37029K(37376K) Class: 4741K(4992K)->4741K(4992K)
[2024-06-21T16:29:49.027-0400][gc          ] GC(7) Pause Young (Prepare Mixed) (G1 Evacuation Pause) 193M->148M(1024M) 15,396ms
[2024-06-21T16:29:49.027-0400][gc,cpu      ] GC(7) User=0,03s Sys=0,02s Real=0,01s
[2024-06-21T16:36:14.495-0400][gc,start    ] GC(8) Pause Young (Mixed) (G1 Evacuation Pause)
[2024-06-21T16:36:14.495-0400][gc,task     ] GC(8) Using 6 workers of 6 for evacuation
[2024-06-21T16:36:14.554-0400][gc,mmu      ] GC(8) MMU target violated: 21,0ms (20,0ms/21,0ms)
[2024-06-21T16:36:14.554-0400][gc,phases   ] GC(8)   Pre Evacuate Collection Set: 23,3ms
[2024-06-21T16:36:14.554-0400][gc,phases   ] GC(8)   Merge Heap Roots: 0,2ms
[2024-06-21T16:36:14.554-0400][gc,phases   ] GC(8)   Evacuate Collection Set: 29,6ms
[2024-06-21T16:36:14.554-0400][gc,phases   ] GC(8)   Post Evacuate Collection Set: 5,0ms
[2024-06-21T16:36:14.554-0400][gc,phases   ] GC(8)   Other: 0,2ms
[2024-06-21T16:36:14.554-0400][gc,heap     ] GC(8) Eden regions: 45->0(46)
[2024-06-21T16:36:14.554-0400][gc,heap     ] GC(8) Survivor regions: 6->5(7)
[2024-06-21T16:36:14.554-0400][gc,heap     ] GC(8) Old regions: 14->16
[2024-06-21T16:36:14.554-0400][gc,heap     ] GC(8) Humongous regions: 129->129
[2024-06-21T16:36:14.554-0400][gc,metaspace] GC(8) Metaspace: 43377K(44032K)->43377K(44032K) NonClass: 38364K(38720K)->38364K(38720K) Class: 5012K(5312K)->5012K(5312K)
[2024-06-21T16:36:14.554-0400][gc          ] GC(8) Pause Young (Mixed) (G1 Evacuation Pause) 193M->148M(1024M) 58,499ms
[2024-06-21T16:36:14.554-0400][gc,cpu      ] GC(8) User=0,13s Sys=0,06s Real=0,06s
[2024-06-21T16:42:28.809-0400][gc,start    ] GC(9) Pause Young (Normal) (G1 Evacuation Pause)
[2024-06-21T16:42:28.810-0400][gc,task     ] GC(9) Using 6 workers of 6 for evacuation
[2024-06-21T16:42:28.823-0400][gc,phases   ] GC(9)   Pre Evacuate Collection Set: 1,5ms
[2024-06-21T16:42:28.823-0400][gc,phases   ] GC(9)   Merge Heap Roots: 0,4ms
[2024-06-21T16:42:28.823-0400][gc,phases   ] GC(9)   Evacuate Collection Set: 9,8ms
[2024-06-21T16:42:28.823-0400][gc,phases   ] GC(9)   Post Evacuate Collection Set: 1,3ms
[2024-06-21T16:42:28.823-0400][gc,phases   ] GC(9)   Other: 0,1ms
[2024-06-21T16:42:28.823-0400][gc,heap     ] GC(9) Eden regions: 46->0(47)
[2024-06-21T16:42:28.823-0400][gc,heap     ] GC(9) Survivor regions: 5->4(7)
[2024-06-21T16:42:28.823-0400][gc,heap     ] GC(9) Old regions: 16->18
[2024-06-21T16:42:28.823-0400][gc,heap     ] GC(9) Humongous regions: 129->129
[2024-06-21T16:42:28.823-0400][gc,metaspace] GC(9) Metaspace: 43573K(44224K)->43573K(44224K) NonClass: 38527K(38912K)->38527K(38912K) Class: 5045K(5312K)->5045K(5312K)
[2024-06-21T16:42:28.823-0400][gc          ] GC(9) Pause Young (Normal) (G1 Evacuation Pause) 194M->149M(1024M) 13,291ms
[2024-06-21T16:42:28.823-0400][gc,cpu      ] GC(9) User=0,03s Sys=0,02s Real=0,01s
[2024-06-21T16:49:36.912-0400][gc,start    ] GC(10) Pause Young (Normal) (G1 Evacuation Pause)
[2024-06-21T16:49:36.912-0400][gc,task     ] GC(10) Using 6 workers of 6 for evacuation
[2024-06-21T16:49:36.926-0400][gc,phases   ] GC(10)   Pre Evacuate Collection Set: 0,7ms
[2024-06-21T16:49:36.926-0400][gc,phases   ] GC(10)   Merge Heap Roots: 0,3ms
[2024-06-21T16:49:36.926-0400][gc,phases   ] GC(10)   Evacuate Collection Set: 11,7ms
[2024-06-21T16:49:36.926-0400][gc,phases   ] GC(10)   Post Evacuate Collection Set: 1,1ms
[2024-06-21T16:49:36.926-0400][gc,phases   ] GC(10)   Other: 0,1ms
[2024-06-21T16:49:36.926-0400][gc,heap     ] GC(10) Eden regions: 47->0(48)
[2024-06-21T16:49:36.926-0400][gc,heap     ] GC(10) Survivor regions: 4->3(7)
[2024-06-21T16:49:36.926-0400][gc,heap     ] GC(10) Old regions: 18->18
[2024-06-21T16:49:36.926-0400][gc,heap     ] GC(10) Humongous regions: 129->129
[2024-06-21T16:49:36.926-0400][gc,metaspace] GC(10) Metaspace: 43618K(44224K)->43618K(44224K) NonClass: 38573K(38912K)->38573K(38912K) Class: 5045K(5312K)->5045K(5312K)
[2024-06-21T16:49:36.926-0400][gc          ] GC(10) Pause Young (Normal) (G1 Evacuation Pause) 196M->149M(1024M) 14,087ms
[2024-06-21T16:49:36.926-0400][gc,cpu      ] GC(10) User=0,02s Sys=0,01s Real=0,01s
[2024-06-21T16:57:14.440-0400][gc,start    ] GC(11) Pause Young (Normal) (G1 Evacuation Pause)
[2024-06-21T16:57:14.440-0400][gc,task     ] GC(11) Using 6 workers of 6 for evacuation
[2024-06-21T16:57:14.458-0400][gc,phases   ] GC(11)   Pre Evacuate Collection Set: 5,8ms
[2024-06-21T16:57:14.458-0400][gc,phases   ] GC(11)   Merge Heap Roots: 5,9ms
[2024-06-21T16:57:14.458-0400][gc,phases   ] GC(11)   Evacuate Collection Set: 4,3ms
[2024-06-21T16:57:14.458-0400][gc,phases   ] GC(11)   Post Evacuate Collection Set: 2,6ms
[2024-06-21T16:57:14.458-0400][gc,phases   ] GC(11)   Other: 0,1ms
[2024-06-21T16:57:14.458-0400][gc,heap     ] GC(11) Eden regions: 48->0(47)
[2024-06-21T16:57:14.458-0400][gc,heap     ] GC(11) Survivor regions: 3->4(7)
[2024-06-21T16:57:14.458-0400][gc,heap     ] GC(11) Old regions: 18->18
[2024-06-21T16:57:14.458-0400][gc,heap     ] GC(11) Humongous regions: 129->129
[2024-06-21T16:57:14.458-0400][gc,metaspace] GC(11) Metaspace: 43638K(44288K)->43638K(44288K) NonClass: 38593K(38976K)->38593K(38976K) Class: 5045K(5312K)->5045K(5312K)
[2024-06-21T16:57:14.458-0400][gc          ] GC(11) Pause Young (Normal) (G1 Evacuation Pause) 197M->150M(1024M) 18,879ms
[2024-06-21T16:57:14.458-0400][gc,cpu      ] GC(11) User=0,01s Sys=0,02s Real=0,01s
[2024-06-21T17:04:43.201-0400][gc,start    ] GC(12) Pause Young (Normal) (G1 Evacuation Pause)
[2024-06-21T17:04:43.201-0400][gc,task     ] GC(12) Using 6 workers of 6 for evacuation
[2024-06-21T17:04:43.210-0400][gc,phases   ] GC(12)   Pre Evacuate Collection Set: 0,8ms
[2024-06-21T17:04:43.210-0400][gc,phases   ] GC(12)   Merge Heap Roots: 0,3ms
[2024-06-21T17:04:43.210-0400][gc,phases   ] GC(12)   Evacuate Collection Set: 6,6ms
[2024-06-21T17:04:43.210-0400][gc,phases   ] GC(12)   Post Evacuate Collection Set: 1,3ms
[2024-06-21T17:04:43.210-0400][gc,phases   ] GC(12)   Other: 0,1ms
[2024-06-21T17:04:43.210-0400][gc,heap     ] GC(12) Eden regions: 47->0(47)
[2024-06-21T17:04:43.210-0400][gc,heap     ] GC(12) Survivor regions: 4->4(7)
[2024-06-21T17:04:43.210-0400][gc,heap     ] GC(12) Old regions: 18->18
[2024-06-21T17:04:43.210-0400][gc,heap     ] GC(12) Humongous regions: 129->129
[2024-06-21T17:04:43.210-0400][gc,metaspace] GC(12) Metaspace: 43681K(44288K)->43681K(44288K) NonClass: 38636K(38976K)->38636K(38976K) Class: 5045K(5312K)->5045K(5312K)
[2024-06-21T17:04:43.210-0400][gc          ] GC(12) Pause Young (Normal) (G1 Evacuation Pause) 197M->149M(1024M) 9,222ms
[2024-06-21T17:04:43.210-0400][gc,cpu      ] GC(12) User=0,02s Sys=0,01s Real=0,01s
[2024-06-21T17:12:11.897-0400][gc,start    ] GC(13) Pause Young (Normal) (G1 Evacuation Pause)
[2024-06-21T17:12:11.897-0400][gc,task     ] GC(13) Using 6 workers of 6 for evacuation
[2024-06-21T17:12:11.907-0400][gc,phases   ] GC(13)   Pre Evacuate Collection Set: 1,3ms
[2024-06-21T17:12:11.907-0400][gc,phases   ] GC(13)   Merge Heap Roots: 0,3ms
[2024-06-21T17:12:11.907-0400][gc,phases   ] GC(13)   Evacuate Collection Set: 5,9ms
[2024-06-21T17:12:11.907-0400][gc,phases   ] GC(13)   Post Evacuate Collection Set: 2,3ms
[2024-06-21T17:12:11.907-0400][gc,phases   ] GC(13)   Other: 0,2ms
[2024-06-21T17:12:11.907-0400][gc,heap     ] GC(13) Eden regions: 47->0(62)
[2024-06-21T17:12:11.907-0400][gc,heap     ] GC(13) Survivor regions: 4->3(7)
[2024-06-21T17:12:11.907-0400][gc,heap     ] GC(13) Old regions: 18->18
[2024-06-21T17:12:11.907-0400][gc,heap     ] GC(13) Humongous regions: 129->129
[2024-06-21T17:12:11.907-0400][gc,metaspace] GC(13) Metaspace: 43727K(44352K)->43727K(44352K) NonClass: 38681K(39040K)->38681K(39040K) Class: 5045K(5312K)->5045K(5312K)
[2024-06-21T17:12:11.907-0400][gc          ] GC(13) Pause Young (Normal) (G1 Evacuation Pause) 196M->149M(1024M) 10,259ms
[2024-06-21T17:12:11.907-0400][gc,cpu      ] GC(13) User=0,02s Sys=0,00s Real=0,01s
[2024-06-21T17:22:00.760-0400][gc,start    ] GC(14) Pause Young (Normal) (G1 Evacuation Pause)
[2024-06-21T17:22:00.761-0400][gc,task     ] GC(14) Using 6 workers of 6 for evacuation
[2024-06-21T17:22:00.775-0400][gc,phases   ] GC(14)   Pre Evacuate Collection Set: 1,6ms
[2024-06-21T17:22:00.775-0400][gc,phases   ] GC(14)   Merge Heap Roots: 0,4ms
[2024-06-21T17:22:00.775-0400][gc,phases   ] GC(14)   Evacuate Collection Set: 10,8ms
[2024-06-21T17:22:00.775-0400][gc,phases   ] GC(14)   Post Evacuate Collection Set: 1,2ms
[2024-06-21T17:22:00.775-0400][gc,phases   ] GC(14)   Other: 0,1ms
[2024-06-21T17:22:00.775-0400][gc,heap     ] GC(14) Eden regions: 64->0(432)
[2024-06-21T17:22:00.775-0400][gc,heap     ] GC(14) Survivor regions: 3->4(9)
[2024-06-21T17:22:00.775-0400][gc,heap     ] GC(14) Old regions: 18->18
[2024-06-21T17:22:00.775-0400][gc,heap     ] GC(14) Humongous regions: 129->129
[2024-06-21T17:22:00.775-0400][gc,metaspace] GC(14) Metaspace: 43782K(44416K)->43782K(44416K) NonClass: 38733K(39104K)->38733K(39104K) Class: 5048K(5312K)->5048K(5312K)
[2024-06-21T17:22:00.775-0400][gc          ] GC(14) Pause Young (Normal) (G1 Evacuation Pause) 213M->149M(1024M) 15,872ms
[2024-06-21T17:22:00.775-0400][gc,cpu      ] GC(14) User=0,03s Sys=0,01s Real=0,01s
[2024-06-22T09:13:02.466-0400][gc,start    ] GC(15) Pause Young (Normal) (G1 Evacuation Pause)
[2024-06-22T09:13:02.471-0400][gc,task     ] GC(15) Using 6 workers of 6 for evacuation
[2024-06-22T09:13:02.732-0400][gc,mmu      ] GC(15) MMU target violated: 21,0ms (20,0ms/21,0ms)
[2024-06-22T09:13:02.732-0400][gc,phases   ] GC(15)   Pre Evacuate Collection Set: 40,9ms
[2024-06-22T09:13:02.732-0400][gc,phases   ] GC(15)   Merge Heap Roots: 4,4ms
[2024-06-22T09:13:02.732-0400][gc,phases   ] GC(15)   Evacuate Collection Set: 175,1ms
[2024-06-22T09:13:02.732-0400][gc,phases   ] GC(15)   Post Evacuate Collection Set: 29,5ms
[2024-06-22T09:13:02.732-0400][gc,phases   ] GC(15)   Other: 14,5ms
[2024-06-22T09:13:02.732-0400][gc,heap     ] GC(15) Eden regions: 443->0(46)
[2024-06-22T09:13:02.732-0400][gc,heap     ] GC(15) Survivor regions: 4->5(56)
[2024-06-22T09:13:02.732-0400][gc,heap     ] GC(15) Old regions: 18->18
[2024-06-22T09:13:02.732-0400][gc,heap     ] GC(15) Humongous regions: 129->129
[2024-06-22T09:13:02.732-0400][gc,metaspace] GC(15) Metaspace: 43902K(44544K)->43902K(44544K) NonClass: 38846K(39232K)->38846K(39232K) Class: 5055K(5312K)->5055K(5312K)
[2024-06-22T09:13:02.732-0400][gc          ] GC(15) Pause Young (Normal) (G1 Evacuation Pause) 592M->150M(1024M) 266,012ms
[2024-06-22T09:13:02.732-0400][gc,cpu      ] GC(15) User=0,86s Sys=0,31s Real=0,27s
[2024-06-22T09:20:10.854-0400][gc,start    ] GC(16) Pause Young (Normal) (G1 Evacuation Pause)
[2024-06-22T09:20:10.854-0400][gc,task     ] GC(16) Using 6 workers of 6 for evacuation
[2024-06-22T09:20:10.874-0400][gc,mmu      ] GC(16) MMU target violated: 20,1ms (20,0ms/21,0ms)
[2024-06-22T09:20:10.874-0400][gc,phases   ] GC(16)   Pre Evacuate Collection Set: 1,0ms
[2024-06-22T09:20:10.874-0400][gc,phases   ] GC(16)   Merge Heap Roots: 0,2ms
[2024-06-22T09:20:10.874-0400][gc,phases   ] GC(16)   Evacuate Collection Set: 15,9ms
[2024-06-22T09:20:10.874-0400][gc,phases   ] GC(16)   Post Evacuate Collection Set: 2,9ms
[2024-06-22T09:20:10.874-0400][gc,phases   ] GC(16)   Other: 0,1ms
[2024-06-22T09:20:10.874-0400][gc,heap     ] GC(16) Eden regions: 46->0(48)
[2024-06-22T09:20:10.874-0400][gc,heap     ] GC(16) Survivor regions: 5->3(7)
[2024-06-22T09:20:10.874-0400][gc,heap     ] GC(16) Old regions: 18->19
[2024-06-22T09:20:10.874-0400][gc,heap     ] GC(16) Humongous regions: 129->129
[2024-06-22T09:20:10.874-0400][gc,metaspace] GC(16) Metaspace: 43908K(44544K)->43908K(44544K) NonClass: 38853K(39232K)->38853K(39232K) Class: 5055K(5312K)->5055K(5312K)
[2024-06-22T09:20:10.874-0400][gc          ] GC(16) Pause Young (Normal) (G1 Evacuation Pause) 196M->149M(1024M) 20,309ms
[2024-06-22T09:20:10.874-0400][gc,cpu      ] GC(16) User=0,10s Sys=0,00s Real=0,02s
[2024-06-22T09:27:59.764-0400][gc,start    ] GC(17) Pause Young (Normal) (G1 Evacuation Pause)
[2024-06-22T09:27:59.764-0400][gc,task     ] GC(17) Using 6 workers of 6 for evacuation
[2024-06-22T09:27:59.796-0400][gc,mmu      ] GC(17) MMU target violated: 21,0ms (20,0ms/21,0ms)
[2024-06-22T09:27:59.796-0400][gc,phases   ] GC(17)   Pre Evacuate Collection Set: 0,9ms
[2024-06-22T09:27:59.796-0400][gc,phases   ] GC(17)   Merge Heap Roots: 8,2ms
[2024-06-22T09:27:59.796-0400][gc,phases   ] GC(17)   Evacuate Collection Set: 21,2ms
[2024-06-22T09:27:59.796-0400][gc,phases   ] GC(17)   Post Evacuate Collection Set: 1,3ms
[2024-06-22T09:27:59.796-0400][gc,phases   ] GC(17)   Other: 0,1ms
[2024-06-22T09:27:59.796-0400][gc,heap     ] GC(17) Eden regions: 48->0(48)
[2024-06-22T09:27:59.796-0400][gc,heap     ] GC(17) Survivor regions: 3->3(7)
[2024-06-22T09:27:59.796-0400][gc,heap     ] GC(17) Old regions: 19->19
[2024-06-22T09:27:59.796-0400][gc,heap     ] GC(17) Humongous regions: 129->129
[2024-06-22T09:27:59.796-0400][gc,metaspace] GC(17) Metaspace: 43908K(44544K)->43908K(44544K) NonClass: 38853K(39232K)->38853K(39232K) Class: 5055K(5312K)->5055K(5312K)
[2024-06-22T09:27:59.796-0400][gc          ] GC(17) Pause Young (Normal) (G1 Evacuation Pause) 197M->149M(1024M) 31,806ms
[2024-06-22T09:27:59.796-0400][gc,cpu      ] GC(17) User=0,08s Sys=0,04s Real=0,03s
[2024-06-22T09:35:50.446-0400][gc,start    ] GC(18) Pause Young (Normal) (G1 Evacuation Pause)
[2024-06-22T09:35:50.447-0400][gc,task     ] GC(18) Using 6 workers of 6 for evacuation
[2024-06-22T09:35:50.463-0400][gc,phases   ] GC(18)   Pre Evacuate Collection Set: 0,3ms
[2024-06-22T09:35:50.463-0400][gc,phases   ] GC(18)   Merge Heap Roots: 2,8ms
[2024-06-22T09:35:50.463-0400][gc,phases   ] GC(18)   Evacuate Collection Set: 11,8ms
[2024-06-22T09:35:50.463-0400][gc,phases   ] GC(18)   Post Evacuate Collection Set: 1,0ms
[2024-06-22T09:35:50.463-0400][gc,phases   ] GC(18)   Other: 0,0ms
[2024-06-22T09:35:50.463-0400][gc,heap     ] GC(18) Eden regions: 48->0(48)
[2024-06-22T09:35:50.463-0400][gc,heap     ] GC(18) Survivor regions: 3->3(7)
[2024-06-22T09:35:50.463-0400][gc,heap     ] GC(18) Old regions: 19->19
[2024-06-22T09:35:50.463-0400][gc,heap     ] GC(18) Humongous regions: 129->129
[2024-06-22T09:35:50.463-0400][gc,metaspace] GC(18) Metaspace: 43909K(44544K)->43909K(44544K) NonClass: 38853K(39232K)->38853K(39232K) Class: 5055K(5312K)->5055K(5312K)
[2024-06-22T09:35:50.463-0400][gc          ] GC(18) Pause Young (Normal) (G1 Evacuation Pause) 197M->149M(1024M) 17,262ms
[2024-06-22T09:35:50.463-0400][gc,cpu      ] GC(18) User=0,02s Sys=0,02s Real=0,02s
[2024-06-22T09:43:41.796-0400][gc,start    ] GC(19) Pause Young (Normal) (G1 Evacuation Pause)
[2024-06-22T09:43:41.796-0400][gc,task     ] GC(19) Using 6 workers of 6 for evacuation
[2024-06-22T09:43:41.818-0400][gc,mmu      ] GC(19) MMU target violated: 21,0ms (20,0ms/21,0ms)
[2024-06-22T09:43:41.818-0400][gc,phases   ] GC(19)   Pre Evacuate Collection Set: 0,9ms
[2024-06-22T09:43:41.819-0400][gc,phases   ] GC(19)   Merge Heap Roots: 0,2ms
[2024-06-22T09:43:41.819-0400][gc,phases   ] GC(19)   Evacuate Collection Set: 18,2ms
[2024-06-22T09:43:41.819-0400][gc,phases   ] GC(19)   Post Evacuate Collection Set: 2,8ms
[2024-06-22T09:43:41.819-0400][gc,phases   ] GC(19)   Other: 0,5ms
[2024-06-22T09:43:41.819-0400][gc,heap     ] GC(19) Eden regions: 48->0(47)
[2024-06-22T09:43:41.819-0400][gc,heap     ] GC(19) Survivor regions: 3->4(7)
[2024-06-22T09:43:41.819-0400][gc,heap     ] GC(19) Old regions: 19->19
[2024-06-22T09:43:41.819-0400][gc,heap     ] GC(19) Humongous regions: 129->129
[2024-06-22T09:43:41.819-0400][gc,metaspace] GC(19) Metaspace: 43912K(44544K)->43912K(44544K) NonClass: 38857K(39232K)->38857K(39232K) Class: 5055K(5312K)->5055K(5312K)
[2024-06-22T09:43:41.819-0400][gc          ] GC(19) Pause Young (Normal) (G1 Evacuation Pause) 197M->150M(1024M) 23,525ms
[2024-06-22T09:43:41.819-0400][gc,cpu      ] GC(19) User=0,06s Sys=0,02s Real=0,02s
[2024-06-22T09:51:20.383-0400][gc,start    ] GC(20) Pause Young (Normal) (G1 Evacuation Pause)
[2024-06-22T09:51:20.383-0400][gc,task     ] GC(20) Using 6 workers of 6 for evacuation
[2024-06-22T09:51:20.401-0400][gc,phases   ] GC(20)   Pre Evacuate Collection Set: 0,7ms
[2024-06-22T09:51:20.401-0400][gc,phases   ] GC(20)   Merge Heap Roots: 0,3ms
[2024-06-22T09:51:20.401-0400][gc,phases   ] GC(20)   Evacuate Collection Set: 13,0ms
[2024-06-22T09:51:20.401-0400][gc,phases   ] GC(20)   Post Evacuate Collection Set: 4,5ms
[2024-06-22T09:51:20.401-0400][gc,phases   ] GC(20)   Other: 0,1ms
[2024-06-22T09:51:20.401-0400][gc,heap     ] GC(20) Eden regions: 47->0(48)
[2024-06-22T09:51:20.401-0400][gc,heap     ] GC(20) Survivor regions: 4->3(7)
[2024-06-22T09:51:20.401-0400][gc,heap     ] GC(20) Old regions: 19->19
[2024-06-22T09:51:20.401-0400][gc,heap     ] GC(20) Humongous regions: 129->129
[2024-06-22T09:51:20.401-0400][gc,metaspace] GC(20) Metaspace: 43916K(44544K)->43916K(44544K) NonClass: 38860K(39232K)->38860K(39232K) Class: 5055K(5312K)->5055K(5312K)
[2024-06-22T09:51:20.401-0400][gc          ] GC(20) Pause Young (Normal) (G1 Evacuation Pause) 197M->149M(1024M) 18,763ms
[2024-06-22T09:51:20.401-0400][gc,cpu      ] GC(20) User=0,02s Sys=0,01s Real=0,02s
[2024-06-22T09:58:40.864-0400][gc,start    ] GC(21) Pause Young (Normal) (G1 Evacuation Pause)
[2024-06-22T09:58:40.864-0400][gc,task     ] GC(21) Using 6 workers of 6 for evacuation
[2024-06-22T09:58:40.870-0400][gc,phases   ] GC(21)   Pre Evacuate Collection Set: 0,9ms
[2024-06-22T09:58:40.870-0400][gc,phases   ] GC(21)   Merge Heap Roots: 0,1ms
[2024-06-22T09:58:40.870-0400][gc,phases   ] GC(21)   Evacuate Collection Set: 3,9ms
[2024-06-22T09:58:40.870-0400][gc,phases   ] GC(21)   Post Evacuate Collection Set: 1,2ms
[2024-06-22T09:58:40.870-0400][gc,phases   ] GC(21)   Other: 0,2ms
[2024-06-22T09:58:40.870-0400][gc,heap     ] GC(21) Eden regions: 48->0(48)
[2024-06-22T09:58:40.870-0400][gc,heap     ] GC(21) Survivor regions: 3->3(7)
[2024-06-22T09:58:40.870-0400][gc,heap     ] GC(21) Old regions: 19->19
[2024-06-22T09:58:40.870-0400][gc,heap     ] GC(21) Humongous regions: 129->129
[2024-06-22T09:58:40.870-0400][gc,metaspace] GC(21) Metaspace: 43920K(44544K)->43920K(44544K) NonClass: 38864K(39232K)->38864K(39232K) Class: 5055K(5312K)->5055K(5312K)
[2024-06-22T09:58:40.870-0400][gc          ] GC(21) Pause Young (Normal) (G1 Evacuation Pause) 197M->149M(1024M) 6,601ms
[2024-06-22T09:58:40.870-0400][gc,cpu      ] GC(21) User=0,01s Sys=0,01s Real=0,01s
[2024-06-22T10:06:28.294-0400][gc,start    ] GC(22) Pause Young (Normal) (G1 Evacuation Pause)
[2024-06-22T10:06:28.294-0400][gc,task     ] GC(22) Using 6 workers of 6 for evacuation
[2024-06-22T10:06:28.305-0400][gc,phases   ] GC(22)   Pre Evacuate Collection Set: 0,7ms
[2024-06-22T10:06:28.305-0400][gc,phases   ] GC(22)   Merge Heap Roots: 0,4ms
[2024-06-22T10:06:28.305-0400][gc,phases   ] GC(22)   Evacuate Collection Set: 8,8ms
[2024-06-22T10:06:28.305-0400][gc,phases   ] GC(22)   Post Evacuate Collection Set: 1,6ms
[2024-06-22T10:06:28.305-0400][gc,phases   ] GC(22)   Other: 0,2ms
[2024-06-22T10:06:28.305-0400][gc,heap     ] GC(22) Eden regions: 48->0(47)
[2024-06-22T10:06:28.305-0400][gc,heap     ] GC(22) Survivor regions: 3->4(7)
[2024-06-22T10:06:28.305-0400][gc,heap     ] GC(22) Old regions: 19->19
[2024-06-22T10:06:28.305-0400][gc,heap     ] GC(22) Humongous regions: 129->129
[2024-06-22T10:06:28.305-0400][gc,metaspace] GC(22) Metaspace: 43924K(44544K)->43924K(44544K) NonClass: 38868K(39232K)->38868K(39232K) Class: 5055K(5312K)->5055K(5312K)
[2024-06-22T10:06:28.305-0400][gc          ] GC(22) Pause Young (Normal) (G1 Evacuation Pause) 197M->150M(1024M) 11,900ms
[2024-06-22T10:06:28.306-0400][gc,cpu      ] GC(22) User=0,04s Sys=0,00s Real=0,01s
[2024-06-22T10:14:05.186-0400][gc,start    ] GC(23) Pause Young (Normal) (G1 Evacuation Pause)
[2024-06-22T10:14:05.186-0400][gc,task     ] GC(23) Using 6 workers of 6 for evacuation
[2024-06-22T10:14:05.200-0400][gc,phases   ] GC(23)   Pre Evacuate Collection Set: 0,6ms
[2024-06-22T10:14:05.200-0400][gc,phases   ] GC(23)   Merge Heap Roots: 0,8ms
[2024-06-22T10:14:05.200-0400][gc,phases   ] GC(23)   Evacuate Collection Set: 10,6ms
[2024-06-22T10:14:05.200-0400][gc,phases   ] GC(23)   Post Evacuate Collection Set: 2,1ms
[2024-06-22T10:14:05.200-0400][gc,phases   ] GC(23)   Other: 0,2ms
[2024-06-22T10:14:05.200-0400][gc,heap     ] GC(23) Eden regions: 47->0(47)
[2024-06-22T10:14:05.200-0400][gc,heap     ] GC(23) Survivor regions: 4->4(7)
[2024-06-22T10:14:05.200-0400][gc,heap     ] GC(23) Old regions: 19->19
[2024-06-22T10:14:05.200-0400][gc,heap     ] GC(23) Humongous regions: 129->129
[2024-06-22T10:14:05.200-0400][gc,metaspace] GC(23) Metaspace: 43937K(44544K)->43937K(44544K) NonClass: 38881K(39232K)->38881K(39232K) Class: 5055K(5312K)->5055K(5312K)
[2024-06-22T10:14:05.200-0400][gc          ] GC(23) Pause Young (Normal) (G1 Evacuation Pause) 197M->150M(1024M) 14,443ms
[2024-06-22T10:14:05.200-0400][gc,cpu      ] GC(23) User=0,04s Sys=0,00s Real=0,02s
[2024-06-22T10:21:43.292-0400][gc,start    ] GC(24) Pause Young (Normal) (G1 Evacuation Pause)
[2024-06-22T10:21:43.292-0400][gc,task     ] GC(24) Using 6 workers of 6 for evacuation
[2024-06-22T10:21:43.297-0400][gc,phases   ] GC(24)   Pre Evacuate Collection Set: 0,6ms
[2024-06-22T10:21:43.297-0400][gc,phases   ] GC(24)   Merge Heap Roots: 0,1ms
[2024-06-22T10:21:43.297-0400][gc,phases   ] GC(24)   Evacuate Collection Set: 2,9ms
[2024-06-22T10:21:43.297-0400][gc,phases   ] GC(24)   Post Evacuate Collection Set: 1,2ms
[2024-06-22T10:21:43.298-0400][gc,phases   ] GC(24)   Other: 0,1ms
[2024-06-22T10:21:43.298-0400][gc,heap     ] GC(24) Eden regions: 47->0(48)
[2024-06-22T10:21:43.298-0400][gc,heap     ] GC(24) Survivor regions: 4->3(7)
[2024-06-22T10:21:43.298-0400][gc,heap     ] GC(24) Old regions: 19->19
[2024-06-22T10:21:43.298-0400][gc,heap     ] GC(24) Humongous regions: 129->129
[2024-06-22T10:21:43.298-0400][gc,metaspace] GC(24) Metaspace: 43940K(44544K)->43940K(44544K) NonClass: 38884K(39232K)->38884K(39232K) Class: 5055K(5312K)->5055K(5312K)
[2024-06-22T10:21:43.298-0400][gc          ] GC(24) Pause Young (Normal) (G1 Evacuation Pause) 197M->149M(1024M) 5,351ms
[2024-06-22T10:21:43.298-0400][gc,cpu      ] GC(24) User=0,01s Sys=0,00s Real=0,01s
[2024-06-22T10:29:28.277-0400][gc,start    ] GC(25) Pause Young (Normal) (G1 Evacuation Pause)
[2024-06-22T10:29:28.277-0400][gc,task     ] GC(25) Using 6 workers of 6 for evacuation
[2024-06-22T10:29:28.292-0400][gc,phases   ] GC(25)   Pre Evacuate Collection Set: 3,5ms
[2024-06-22T10:29:28.292-0400][gc,phases   ] GC(25)   Merge Heap Roots: 0,4ms
[2024-06-22T10:29:28.292-0400][gc,phases   ] GC(25)   Evacuate Collection Set: 5,1ms
[2024-06-22T10:29:28.292-0400][gc,phases   ] GC(25)   Post Evacuate Collection Set: 6,5ms
[2024-06-22T10:29:28.292-0400][gc,phases   ] GC(25)   Other: 0,1ms
[2024-06-22T10:29:28.292-0400][gc,heap     ] GC(25) Eden regions: 48->0(48)
[2024-06-22T10:29:28.292-0400][gc,heap     ] GC(25) Survivor regions: 3->3(7)
[2024-06-22T10:29:28.292-0400][gc,heap     ] GC(25) Old regions: 19->19
[2024-06-22T10:29:28.292-0400][gc,heap     ] GC(25) Humongous regions: 129->129
[2024-06-22T10:29:28.292-0400][gc,metaspace] GC(25) Metaspace: 43940K(44544K)->43940K(44544K) NonClass: 38884K(39232K)->38884K(39232K) Class: 5055K(5312K)->5055K(5312K)
[2024-06-22T10:29:28.292-0400][gc          ] GC(25) Pause Young (Normal) (G1 Evacuation Pause) 197M->149M(1024M) 15,845ms
[2024-06-22T10:29:28.292-0400][gc,cpu      ] GC(25) User=0,03s Sys=0,00s Real=0,01s
[2024-06-22T10:37:17.925-0400][gc,start    ] GC(26) Pause Young (Normal) (G1 Evacuation Pause)
[2024-06-22T10:37:17.925-0400][gc,task     ] GC(26) Using 6 workers of 6 for evacuation
[2024-06-22T10:37:17.931-0400][gc,phases   ] GC(26)   Pre Evacuate Collection Set: 0,7ms
[2024-06-22T10:37:17.931-0400][gc,phases   ] GC(26)   Merge Heap Roots: 0,1ms
[2024-06-22T10:37:17.931-0400][gc,phases   ] GC(26)   Evacuate Collection Set: 3,1ms
[2024-06-22T10:37:17.931-0400][gc,phases   ] GC(26)   Post Evacuate Collection Set: 1,9ms
[2024-06-22T10:37:17.931-0400][gc,phases   ] GC(26)   Other: 0,1ms
[2024-06-22T10:37:17.931-0400][gc,heap     ] GC(26) Eden regions: 48->0(49)
[2024-06-22T10:37:17.931-0400][gc,heap     ] GC(26) Survivor regions: 3->2(7)
[2024-06-22T10:37:17.931-0400][gc,heap     ] GC(26) Old regions: 19->19
[2024-06-22T10:37:17.931-0400][gc,heap     ] GC(26) Humongous regions: 129->129
[2024-06-22T10:37:17.931-0400][gc,metaspace] GC(26) Metaspace: 43940K(44544K)->43940K(44544K) NonClass: 38884K(39232K)->38884K(39232K) Class: 5055K(5312K)->5055K(5312K)
[2024-06-22T10:37:17.931-0400][gc          ] GC(26) Pause Young (Normal) (G1 Evacuation Pause) 197M->149M(1024M) 6,239ms
[2024-06-22T10:37:17.931-0400][gc,cpu      ] GC(26) User=0,02s Sys=0,00s Real=0,01s
[2024-06-22T10:49:23.275-0400][gc,start    ] GC(27) Pause Young (Normal) (G1 Evacuation Pause)
[2024-06-22T10:49:23.275-0400][gc,task     ] GC(27) Using 6 workers of 6 for evacuation
[2024-06-22T10:49:23.408-0400][gc,mmu      ] GC(27) MMU target violated: 21,0ms (20,0ms/21,0ms)
[2024-06-22T10:49:23.408-0400][gc,phases   ] GC(27)   Pre Evacuate Collection Set: 0,7ms
[2024-06-22T10:49:23.408-0400][gc,phases   ] GC(27)   Merge Heap Roots: 0,3ms
[2024-06-22T10:49:23.408-0400][gc,phases   ] GC(27)   Evacuate Collection Set: 129,7ms
[2024-06-22T10:49:23.408-0400][gc,phases   ] GC(27)   Post Evacuate Collection Set: 2,0ms
[2024-06-22T10:49:23.408-0400][gc,phases   ] GC(27)   Other: 0,1ms
[2024-06-22T10:49:23.408-0400][gc,heap     ] GC(27) Eden regions: 74->0(48)
[2024-06-22T10:49:23.408-0400][gc,heap     ] GC(27) Survivor regions: 2->3(10)
[2024-06-22T10:49:23.408-0400][gc,heap     ] GC(27) Old regions: 19->19
[2024-06-22T10:49:23.408-0400][gc,heap     ] GC(27) Humongous regions: 129->129
[2024-06-22T10:49:23.408-0400][gc,metaspace] GC(27) Metaspace: 43941K(44544K)->43941K(44544K) NonClass: 38885K(39232K)->38885K(39232K) Class: 5055K(5312K)->5055K(5312K)
[2024-06-22T10:49:23.408-0400][gc          ] GC(27) Pause Young (Normal) (G1 Evacuation Pause) 223M->149M(1024M) 132,918ms
[2024-06-22T10:49:23.408-0400][gc,cpu      ] GC(27) User=0,52s Sys=0,18s Real=0,14s
[2024-06-22T10:57:13.559-0400][gc,start    ] GC(28) Pause Young (Normal) (G1 Evacuation Pause)
[2024-06-22T10:57:13.560-0400][gc,task     ] GC(28) Using 6 workers of 6 for evacuation
[2024-06-22T10:57:13.579-0400][gc,phases   ] GC(28)   Pre Evacuate Collection Set: 2,0ms
[2024-06-22T10:57:13.579-0400][gc,phases   ] GC(28)   Merge Heap Roots: 0,3ms
[2024-06-22T10:57:13.579-0400][gc,phases   ] GC(28)   Evacuate Collection Set: 9,2ms
[2024-06-22T10:57:13.579-0400][gc,phases   ] GC(28)   Post Evacuate Collection Set: 6,5ms
[2024-06-22T10:57:13.579-0400][gc,phases   ] GC(28)   Other: 0,1ms
[2024-06-22T10:57:13.579-0400][gc,heap     ] GC(28) Eden regions: 48->0(48)
[2024-06-22T10:57:13.579-0400][gc,heap     ] GC(28) Survivor regions: 3->3(7)
[2024-06-22T10:57:13.579-0400][gc,heap     ] GC(28) Old regions: 19->19
[2024-06-22T10:57:13.579-0400][gc,heap     ] GC(28) Humongous regions: 129->129
[2024-06-22T10:57:13.579-0400][gc,metaspace] GC(28) Metaspace: 43942K(44544K)->43942K(44544K) NonClass: 38886K(39232K)->38886K(39232K) Class: 5055K(5312K)->5055K(5312K)
[2024-06-22T10:57:13.582-0400][gc          ] GC(28) Pause Young (Normal) (G1 Evacuation Pause) 197M->149M(1024M) 23,156ms
[2024-06-22T10:57:13.582-0400][gc,cpu      ] GC(28) User=0,04s Sys=0,00s Real=0,02s
[2024-06-22T11:04:37.321-0400][gc,start    ] GC(29) Pause Young (Normal) (G1 Evacuation Pause)
[2024-06-22T11:04:37.321-0400][gc,task     ] GC(29) Using 6 workers of 6 for evacuation
[2024-06-22T11:04:37.327-0400][gc,phases   ] GC(29)   Pre Evacuate Collection Set: 0,7ms
[2024-06-22T11:04:37.327-0400][gc,phases   ] GC(29)   Merge Heap Roots: 0,7ms
[2024-06-22T11:04:37.327-0400][gc,phases   ] GC(29)   Evacuate Collection Set: 4,2ms
[2024-06-22T11:04:37.327-0400][gc,phases   ] GC(29)   Post Evacuate Collection Set: 0,8ms
[2024-06-22T11:04:37.327-0400][gc,phases   ] GC(29)   Other: 0,0ms
[2024-06-22T11:04:37.327-0400][gc,heap     ] GC(29) Eden regions: 48->0(47)
[2024-06-22T11:04:37.327-0400][gc,heap     ] GC(29) Survivor regions: 3->4(7)
[2024-06-22T11:04:37.327-0400][gc,heap     ] GC(29) Old regions: 19->19
[2024-06-22T11:04:37.327-0400][gc,heap     ] GC(29) Humongous regions: 129->129
[2024-06-22T11:04:37.327-0400][gc,metaspace] GC(29) Metaspace: 43942K(44544K)->43942K(44544K) NonClass: 38886K(39232K)->38886K(39232K) Class: 5055K(5312K)->5055K(5312K)
[2024-06-22T11:04:37.327-0400][gc          ] GC(29) Pause Young (Normal) (G1 Evacuation Pause) 197M->150M(1024M) 6,556ms
[2024-06-22T11:04:37.327-0400][gc,cpu      ] GC(29) User=0,02s Sys=0,00s Real=0,01s
[2024-06-22T11:12:16.137-0400][gc,start    ] GC(30) Pause Young (Normal) (G1 Evacuation Pause)
[2024-06-22T11:12:16.137-0400][gc,task     ] GC(30) Using 6 workers of 6 for evacuation
[2024-06-22T11:12:16.145-0400][gc,phases   ] GC(30)   Pre Evacuate Collection Set: 1,4ms
[2024-06-22T11:12:16.145-0400][gc,phases   ] GC(30)   Merge Heap Roots: 0,0ms
[2024-06-22T11:12:16.145-0400][gc,phases   ] GC(30)   Evacuate Collection Set: 6,0ms
[2024-06-22T11:12:16.145-0400][gc,phases   ] GC(30)   Post Evacuate Collection Set: 1,0ms
[2024-06-22T11:12:16.145-0400][gc,phases   ] GC(30)   Other: 0,0ms
[2024-06-22T11:12:16.145-0400][gc,heap     ] GC(30) Eden regions: 47->0(48)
[2024-06-22T11:12:16.145-0400][gc,heap     ] GC(30) Survivor regions: 4->3(7)
[2024-06-22T11:12:16.145-0400][gc,heap     ] GC(30) Old regions: 19->19
[2024-06-22T11:12:16.145-0400][gc,heap     ] GC(30) Humongous regions: 129->129
[2024-06-22T11:12:16.145-0400][gc,metaspace] GC(30) Metaspace: 43947K(44544K)->43947K(44544K) NonClass: 38891K(39232K)->38891K(39232K) Class: 5055K(5312K)->5055K(5312K)
[2024-06-22T11:12:16.145-0400][gc          ] GC(30) Pause Young (Normal) (G1 Evacuation Pause) 197M->149M(1024M) 8,460ms
[2024-06-22T11:12:16.145-0400][gc,cpu      ] GC(30) User=0,03s Sys=0,00s Real=0,00s
[2024-06-22T11:20:04.080-0400][gc,start    ] GC(31) Pause Young (Normal) (G1 Evacuation Pause)
[2024-06-22T11:20:04.080-0400][gc,task     ] GC(31) Using 6 workers of 6 for evacuation
[2024-06-22T11:20:04.089-0400][gc,phases   ] GC(31)   Pre Evacuate Collection Set: 0,3ms
[2024-06-22T11:20:04.089-0400][gc,phases   ] GC(31)   Merge Heap Roots: 0,6ms
[2024-06-22T11:20:04.089-0400][gc,phases   ] GC(31)   Evacuate Collection Set: 6,0ms
[2024-06-22T11:20:04.089-0400][gc,phases   ] GC(31)   Post Evacuate Collection Set: 2,0ms
[2024-06-22T11:20:04.089-0400][gc,phases   ] GC(31)   Other: 0,0ms
[2024-06-22T11:20:04.089-0400][gc,heap     ] GC(31) Eden regions: 48->0(48)
[2024-06-22T11:20:04.089-0400][gc,heap     ] GC(31) Survivor regions: 3->3(7)
[2024-06-22T11:20:04.089-0400][gc,heap     ] GC(31) Old regions: 19->19
[2024-06-22T11:20:04.089-0400][gc,heap     ] GC(31) Humongous regions: 129->129
[2024-06-22T11:20:04.089-0400][gc,metaspace] GC(31) Metaspace: 43957K(44544K)->43957K(44544K) NonClass: 38901K(39232K)->38901K(39232K) Class: 5055K(5312K)->5055K(5312K)
[2024-06-22T11:20:04.089-0400][gc          ] GC(31) Pause Young (Normal) (G1 Evacuation Pause) 197M->149M(1024M) 9,763ms
[2024-06-22T11:20:04.089-0400][gc,cpu      ] GC(31) User=0,02s Sys=0,00s Real=0,01s
[2024-06-22T11:27:53.293-0400][gc,start    ] GC(32) Pause Young (Normal) (G1 Evacuation Pause)
[2024-06-22T11:27:53.293-0400][gc,task     ] GC(32) Using 6 workers of 6 for evacuation
[2024-06-22T11:27:53.299-0400][gc,phases   ] GC(32)   Pre Evacuate Collection Set: 0,6ms
[2024-06-22T11:27:53.299-0400][gc,phases   ] GC(32)   Merge Heap Roots: 0,3ms
[2024-06-22T11:27:53.299-0400][gc,phases   ] GC(32)   Evacuate Collection Set: 3,7ms
[2024-06-22T11:27:53.299-0400][gc,phases   ] GC(32)   Post Evacuate Collection Set: 0,9ms
[2024-06-22T11:27:53.299-0400][gc,phases   ] GC(32)   Other: 0,2ms
[2024-06-22T11:27:53.299-0400][gc,heap     ] GC(32) Eden regions: 48->0(49)
[2024-06-22T11:27:53.299-0400][gc,heap     ] GC(32) Survivor regions: 3->2(7)
[2024-06-22T11:27:53.299-0400][gc,heap     ] GC(32) Old regions: 19->19
[2024-06-22T11:27:53.299-0400][gc,heap     ] GC(32) Humongous regions: 129->129
[2024-06-22T11:27:53.299-0400][gc,metaspace] GC(32) Metaspace: 43957K(44544K)->43957K(44544K) NonClass: 38901K(39232K)->38901K(39232K) Class: 5055K(5312K)->5055K(5312K)
[2024-06-22T11:27:53.299-0400][gc          ] GC(32) Pause Young (Normal) (G1 Evacuation Pause) 197M->149M(1024M) 5,987ms
[2024-06-22T11:27:53.299-0400][gc,cpu      ] GC(32) User=0,01s Sys=0,00s Real=0,01s
[2024-06-22T11:35:54.454-0400][gc,start    ] GC(33) Pause Young (Normal) (G1 Evacuation Pause)
[2024-06-22T11:35:54.454-0400][gc,task     ] GC(33) Using 6 workers of 6 for evacuation
[2024-06-22T11:35:54.463-0400][gc,phases   ] GC(33)   Pre Evacuate Collection Set: 0,8ms
[2024-06-22T11:35:54.463-0400][gc,phases   ] GC(33)   Merge Heap Roots: 0,1ms
[2024-06-22T11:35:54.463-0400][gc,phases   ] GC(33)   Evacuate Collection Set: 6,1ms
[2024-06-22T11:35:54.463-0400][gc,phases   ] GC(33)   Post Evacuate Collection Set: 1,0ms
[2024-06-22T11:35:54.463-0400][gc,phases   ] GC(33)   Other: 0,2ms
[2024-06-22T11:35:54.463-0400][gc,heap     ] GC(33) Eden regions: 49->0(47)
[2024-06-22T11:35:54.463-0400][gc,heap     ] GC(33) Survivor regions: 2->4(7)
[2024-06-22T11:35:54.463-0400][gc,heap     ] GC(33) Old regions: 19->19
[2024-06-22T11:35:54.463-0400][gc,heap     ] GC(33) Humongous regions: 129->129
[2024-06-22T11:35:54.463-0400][gc,metaspace] GC(33) Metaspace: 43960K(44544K)->43960K(44544K) NonClass: 38904K(39232K)->38904K(39232K) Class: 5055K(5312K)->5055K(5312K)
[2024-06-22T11:35:54.463-0400][gc          ] GC(33) Pause Young (Normal) (G1 Evacuation Pause) 198M->150M(1024M) 8,367ms
[2024-06-22T11:35:54.463-0400][gc,cpu      ] GC(33) User=0,03s Sys=0,00s Real=0,01s
[2024-06-22T11:43:32.346-0400][gc,start    ] GC(34) Pause Young (Normal) (G1 Evacuation Pause)
[2024-06-22T11:43:32.346-0400][gc,task     ] GC(34) Using 6 workers of 6 for evacuation
[2024-06-22T11:43:32.357-0400][gc,phases   ] GC(34)   Pre Evacuate Collection Set: 0,6ms
[2024-06-22T11:43:32.357-0400][gc,phases   ] GC(34)   Merge Heap Roots: 0,3ms
[2024-06-22T11:43:32.357-0400][gc,phases   ] GC(34)   Evacuate Collection Set: 9,4ms
[2024-06-22T11:43:32.357-0400][gc,phases   ] GC(34)   Post Evacuate Collection Set: 1,1ms
[2024-06-22T11:43:32.357-0400][gc,phases   ] GC(34)   Other: 0,1ms
[2024-06-22T11:43:32.357-0400][gc,heap     ] GC(34) Eden regions: 47->0(48)
[2024-06-22T11:43:32.357-0400][gc,heap     ] GC(34) Survivor regions: 4->3(7)
[2024-06-22T11:43:32.357-0400][gc,heap     ] GC(34) Old regions: 19->19
[2024-06-22T11:43:32.357-0400][gc,heap     ] GC(34) Humongous regions: 129->129
[2024-06-22T11:43:32.357-0400][gc,metaspace] GC(34) Metaspace: 43968K(44544K)->43968K(44544K) NonClass: 38912K(39232K)->38912K(39232K) Class: 5055K(5312K)->5055K(5312K)
[2024-06-22T11:43:32.357-0400][gc          ] GC(34) Pause Young (Normal) (G1 Evacuation Pause) 197M->150M(1024M) 11,747ms
[2024-06-22T11:43:32.357-0400][gc,cpu      ] GC(34) User=0,02s Sys=0,01s Real=0,02s
[2024-06-22T11:51:22.307-0400][gc,start    ] GC(35) Pause Young (Normal) (G1 Evacuation Pause)
[2024-06-22T11:51:22.307-0400][gc,task     ] GC(35) Using 6 workers of 6 for evacuation
[2024-06-22T11:51:22.314-0400][gc,phases   ] GC(35)   Pre Evacuate Collection Set: 1,0ms
[2024-06-22T11:51:22.314-0400][gc,phases   ] GC(35)   Merge Heap Roots: 0,4ms
[2024-06-22T11:51:22.314-0400][gc,phases   ] GC(35)   Evacuate Collection Set: 2,8ms
[2024-06-22T11:51:22.314-0400][gc,phases   ] GC(35)   Post Evacuate Collection Set: 2,7ms
[2024-06-22T11:51:22.314-0400][gc,phases   ] GC(35)   Other: 0,1ms
[2024-06-22T11:51:22.314-0400][gc,heap     ] GC(35) Eden regions: 48->0(48)
[2024-06-22T11:51:22.314-0400][gc,heap     ] GC(35) Survivor regions: 3->3(7)
[2024-06-22T11:51:22.314-0400][gc,heap     ] GC(35) Old regions: 19->19
[2024-06-22T11:51:22.314-0400][gc,heap     ] GC(35) Humongous regions: 129->129
[2024-06-22T11:51:22.314-0400][gc,metaspace] GC(35) Metaspace: 43985K(44544K)->43985K(44544K) NonClass: 38929K(39232K)->38929K(39232K) Class: 5055K(5312K)->5055K(5312K)
[2024-06-22T11:51:22.314-0400][gc          ] GC(35) Pause Young (Normal) (G1 Evacuation Pause) 198M->149M(1024M) 7,097ms
[2024-06-22T11:51:22.314-0400][gc,cpu      ] GC(35) User=0,01s Sys=0,01s Real=0,00s
[2024-06-22T11:58:43.987-0400][gc,start    ] GC(36) Pause Young (Normal) (G1 Evacuation Pause)
[2024-06-22T11:58:43.987-0400][gc,task     ] GC(36) Using 6 workers of 6 for evacuation
[2024-06-22T11:58:43.992-0400][gc,phases   ] GC(36)   Pre Evacuate Collection Set: 0,6ms
[2024-06-22T11:58:43.992-0400][gc,phases   ] GC(36)   Merge Heap Roots: 0,2ms
[2024-06-22T11:58:43.992-0400][gc,phases   ] GC(36)   Evacuate Collection Set: 2,8ms
[2024-06-22T11:58:43.992-0400][gc,phases   ] GC(36)   Post Evacuate Collection Set: 1,0ms
[2024-06-22T11:58:43.992-0400][gc,phases   ] GC(36)   Other: 0,1ms
[2024-06-22T11:58:43.992-0400][gc,heap     ] GC(36) Eden regions: 48->0(49)
[2024-06-22T11:58:43.992-0400][gc,heap     ] GC(36) Survivor regions: 3->2(7)
[2024-06-22T11:58:43.992-0400][gc,heap     ] GC(36) Old regions: 19->19
[2024-06-22T11:58:43.992-0400][gc,heap     ] GC(36) Humongous regions: 129->129
[2024-06-22T11:58:43.992-0400][gc,metaspace] GC(36) Metaspace: 43987K(44544K)->43987K(44544K) NonClass: 38931K(39232K)->38931K(39232K) Class: 5055K(5312K)->5055K(5312K)
[2024-06-22T11:58:43.992-0400][gc          ] GC(36) Pause Young (Normal) (G1 Evacuation Pause) 197M->149M(1024M) 4,895ms
[2024-06-22T11:58:43.992-0400][gc,cpu      ] GC(36) User=0,02s Sys=0,00s Real=0,00s
[2024-06-22T12:06:44.007-0400][gc,start    ] GC(37) Pause Young (Normal) (G1 Evacuation Pause)
[2024-06-22T12:06:44.007-0400][gc,task     ] GC(37) Using 6 workers of 6 for evacuation
[2024-06-22T12:06:44.023-0400][gc,phases   ] GC(37)   Pre Evacuate Collection Set: 0,8ms
[2024-06-22T12:06:44.023-0400][gc,phases   ] GC(37)   Merge Heap Roots: 0,4ms
[2024-06-22T12:06:44.023-0400][gc,phases   ] GC(37)   Evacuate Collection Set: 13,3ms
[2024-06-22T12:06:44.023-0400][gc,phases   ] GC(37)   Post Evacuate Collection Set: 1,2ms
[2024-06-22T12:06:44.023-0400][gc,phases   ] GC(37)   Other: 0,1ms
[2024-06-22T12:06:44.023-0400][gc,heap     ] GC(37) Eden regions: 49->0(47)
[2024-06-22T12:06:44.023-0400][gc,heap     ] GC(37) Survivor regions: 2->4(7)
[2024-06-22T12:06:44.023-0400][gc,heap     ] GC(37) Old regions: 19->19
[2024-06-22T12:06:44.023-0400][gc,heap     ] GC(37) Humongous regions: 129->129
[2024-06-22T12:06:44.023-0400][gc,metaspace] GC(37) Metaspace: 43987K(44544K)->43987K(44544K) NonClass: 38931K(39232K)->38931K(39232K) Class: 5055K(5312K)->5055K(5312K)
[2024-06-22T12:06:44.023-0400][gc          ] GC(37) Pause Young (Normal) (G1 Evacuation Pause) 198M->150M(1024M) 15,952ms
[2024-06-22T12:06:44.023-0400][gc,cpu      ] GC(37) User=0,05s Sys=0,01s Real=0,01s
[2024-06-22T12:14:23.292-0400][gc,start    ] GC(38) Pause Young (Normal) (G1 Evacuation Pause)
[2024-06-22T12:14:23.292-0400][gc,task     ] GC(38) Using 6 workers of 6 for evacuation
[2024-06-22T12:14:23.315-0400][gc,mmu      ] GC(38) MMU target violated: 21,0ms (20,0ms/21,0ms)
[2024-06-22T12:14:23.315-0400][gc,phases   ] GC(38)   Pre Evacuate Collection Set: 0,7ms
[2024-06-22T12:14:23.315-0400][gc,phases   ] GC(38)   Merge Heap Roots: 0,2ms
[2024-06-22T12:14:23.315-0400][gc,phases   ] GC(38)   Evacuate Collection Set: 16,2ms
[2024-06-22T12:14:23.315-0400][gc,phases   ] GC(38)   Post Evacuate Collection Set: 5,9ms
[2024-06-22T12:14:23.315-0400][gc,phases   ] GC(38)   Other: 0,1ms
[2024-06-22T12:14:23.315-0400][gc,heap     ] GC(38) Eden regions: 47->0(48)
[2024-06-22T12:14:23.315-0400][gc,heap     ] GC(38) Survivor regions: 4->3(7)
[2024-06-22T12:14:23.315-0400][gc,heap     ] GC(38) Old regions: 19->19
[2024-06-22T12:14:23.315-0400][gc,heap     ] GC(38) Humongous regions: 129->129
[2024-06-22T12:14:23.315-0400][gc,metaspace] GC(38) Metaspace: 43988K(44544K)->43988K(44544K) NonClass: 38932K(39232K)->38932K(39232K) Class: 5055K(5312K)->5055K(5312K)
[2024-06-22T12:14:23.316-0400][gc          ] GC(38) Pause Young (Normal) (G1 Evacuation Pause) 197M->150M(1024M) 23,272ms
[2024-06-22T12:14:23.316-0400][gc,cpu      ] GC(38) User=0,02s Sys=0,02s Real=0,02s
[2024-06-22T12:22:13.013-0400][gc,start    ] GC(39) Pause Young (Normal) (G1 Evacuation Pause)
[2024-06-22T12:22:13.014-0400][gc,task     ] GC(39) Using 6 workers of 6 for evacuation
[2024-06-22T12:22:13.091-0400][gc,mmu      ] GC(39) MMU target violated: 21,0ms (20,0ms/21,0ms)
[2024-06-22T12:22:13.092-0400][gc,phases   ] GC(39)   Pre Evacuate Collection Set: 9,4ms
[2024-06-22T12:22:13.092-0400][gc,phases   ] GC(39)   Merge Heap Roots: 0,6ms
[2024-06-22T12:22:13.092-0400][gc,phases   ] GC(39)   Evacuate Collection Set: 52,4ms
[2024-06-22T12:22:13.092-0400][gc,phases   ] GC(39)   Post Evacuate Collection Set: 13,1ms
[2024-06-22T12:22:13.092-0400][gc,phases   ] GC(39)   Other: 2,2ms
[2024-06-22T12:22:13.092-0400][gc,heap     ] GC(39) Eden regions: 48->0(48)
[2024-06-22T12:22:13.092-0400][gc,heap     ] GC(39) Survivor regions: 3->3(7)
[2024-06-22T12:22:13.092-0400][gc,heap     ] GC(39) Old regions: 19->19
[2024-06-22T12:22:13.092-0400][gc,heap     ] GC(39) Humongous regions: 129->129
[2024-06-22T12:22:13.092-0400][gc,metaspace] GC(39) Metaspace: 43991K(44608K)->43991K(44608K) NonClass: 38935K(39296K)->38935K(39296K) Class: 5055K(5312K)->5055K(5312K)
[2024-06-22T12:22:13.092-0400][gc          ] GC(39) Pause Young (Normal) (G1 Evacuation Pause) 198M->149M(1024M) 78,974ms
[2024-06-22T12:22:13.092-0400][gc,cpu      ] GC(39) User=0,09s Sys=0,00s Real=0,08s
[2024-06-22T12:29:57.252-0400][gc,start    ] GC(40) Pause Young (Normal) (G1 Evacuation Pause)
[2024-06-22T12:29:57.252-0400][gc,task     ] GC(40) Using 6 workers of 6 for evacuation
[2024-06-22T12:29:57.261-0400][gc,phases   ] GC(40)   Pre Evacuate Collection Set: 1,1ms
[2024-06-22T12:29:57.261-0400][gc,phases   ] GC(40)   Merge Heap Roots: 1,3ms
[2024-06-22T12:29:57.261-0400][gc,phases   ] GC(40)   Evacuate Collection Set: 5,9ms
[2024-06-22T12:29:57.261-0400][gc,phases   ] GC(40)   Post Evacuate Collection Set: 0,7ms
[2024-06-22T12:29:57.261-0400][gc,phases   ] GC(40)   Other: 0,1ms
[2024-06-22T12:29:57.261-0400][gc,heap     ] GC(40) Eden regions: 48->0(48)
[2024-06-22T12:29:57.261-0400][gc,heap     ] GC(40) Survivor regions: 3->3(7)
[2024-06-22T12:29:57.261-0400][gc,heap     ] GC(40) Old regions: 19->19
[2024-06-22T12:29:57.261-0400][gc,heap     ] GC(40) Humongous regions: 129->129
[2024-06-22T12:29:57.261-0400][gc,metaspace] GC(40) Metaspace: 43992K(44608K)->43992K(44608K) NonClass: 38936K(39296K)->38936K(39296K) Class: 5055K(5312K)->5055K(5312K)
[2024-06-22T12:29:57.261-0400][gc          ] GC(40) Pause Young (Normal) (G1 Evacuation Pause) 197M->149M(1024M) 9,501ms
[2024-06-22T12:29:57.262-0400][gc,cpu      ] GC(40) User=0,01s Sys=0,02s Real=0,01s
[2024-06-24T16:41:00.442-0400][gc,start    ] GC(41) Pause Young (Normal) (G1 Evacuation Pause)
[2024-06-24T16:41:00.443-0400][gc,task     ] GC(41) Using 6 workers of 6 for evacuation
[2024-06-24T16:41:00.474-0400][gc,mmu      ] GC(41) MMU target violated: 21,0ms (20,0ms/21,0ms)
[2024-06-24T16:41:00.474-0400][gc,phases   ] GC(41)   Pre Evacuate Collection Set: 8,7ms
[2024-06-24T16:41:00.474-0400][gc,phases   ] GC(41)   Merge Heap Roots: 0,1ms
[2024-06-24T16:41:00.474-0400][gc,phases   ] GC(41)   Evacuate Collection Set: 13,4ms
[2024-06-24T16:41:00.474-0400][gc,phases   ] GC(41)   Post Evacuate Collection Set: 8,8ms
[2024-06-24T16:41:00.474-0400][gc,phases   ] GC(41)   Other: 0,2ms
[2024-06-24T16:41:00.474-0400][gc,heap     ] GC(41) Eden regions: 48->0(48)
[2024-06-24T16:41:00.474-0400][gc,heap     ] GC(41) Survivor regions: 3->3(7)
[2024-06-24T16:41:00.474-0400][gc,heap     ] GC(41) Old regions: 19->19
[2024-06-24T16:41:00.474-0400][gc,heap     ] GC(41) Humongous regions: 129->129
[2024-06-24T16:41:00.474-0400][gc,metaspace] GC(41) Metaspace: 43994K(44672K)->43994K(44672K) NonClass: 38938K(39360K)->38938K(39360K) Class: 5055K(5312K)->5055K(5312K)
[2024-06-24T16:41:00.474-0400][gc          ] GC(41) Pause Young (Normal) (G1 Evacuation Pause) 197M->149M(1024M) 31,568ms
[2024-06-24T16:41:00.474-0400][gc,cpu      ] GC(41) User=0,03s Sys=0,02s Real=0,03s
[2024-06-24T16:49:18.863-0400][gc,start    ] GC(42) Pause Young (Normal) (G1 Evacuation Pause)
[2024-06-24T16:49:18.863-0400][gc,task     ] GC(42) Using 6 workers of 6 for evacuation
[2024-06-24T16:49:18.896-0400][gc,mmu      ] GC(42) MMU target violated: 21,0ms (20,0ms/21,0ms)
[2024-06-24T16:49:18.896-0400][gc,phases   ] GC(42)   Pre Evacuate Collection Set: 7,0ms
[2024-06-24T16:49:18.896-0400][gc,phases   ] GC(42)   Merge Heap Roots: 0,1ms
[2024-06-24T16:49:18.896-0400][gc,phases   ] GC(42)   Evacuate Collection Set: 25,0ms
[2024-06-24T16:49:18.896-0400][gc,phases   ] GC(42)   Post Evacuate Collection Set: 0,9ms
[2024-06-24T16:49:18.896-0400][gc,phases   ] GC(42)   Other: 0,2ms
[2024-06-24T16:49:18.896-0400][gc,heap     ] GC(42) Eden regions: 48->0(49)
[2024-06-24T16:49:18.896-0400][gc,heap     ] GC(42) Survivor regions: 3->2(7)
[2024-06-24T16:49:18.896-0400][gc,heap     ] GC(42) Old regions: 19->19
[2024-06-24T16:49:18.896-0400][gc,heap     ] GC(42) Humongous regions: 129->129
[2024-06-24T16:49:18.896-0400][gc,metaspace] GC(42) Metaspace: 43994K(44672K)->43994K(44672K) NonClass: 38938K(39360K)->38938K(39360K) Class: 5055K(5312K)->5055K(5312K)
[2024-06-24T16:49:18.897-0400][gc          ] GC(42) Pause Young (Normal) (G1 Evacuation Pause) 197M->149M(1024M) 33,394ms
[2024-06-24T16:49:18.897-0400][gc,cpu      ] GC(42) User=0,01s Sys=0,02s Real=0,03s
[2024-06-24T16:57:46.475-0400][gc,start    ] GC(43) Pause Young (Normal) (G1 Evacuation Pause)
[2024-06-24T16:57:46.475-0400][gc,task     ] GC(43) Using 6 workers of 6 for evacuation
[2024-06-24T16:57:46.487-0400][gc,phases   ] GC(43)   Pre Evacuate Collection Set: 0,7ms
[2024-06-24T16:57:46.487-0400][gc,phases   ] GC(43)   Merge Heap Roots: 0,4ms
[2024-06-24T16:57:46.487-0400][gc,phases   ] GC(43)   Evacuate Collection Set: 10,2ms
[2024-06-24T16:57:46.488-0400][gc,phases   ] GC(43)   Post Evacuate Collection Set: 1,2ms
[2024-06-24T16:57:46.488-0400][gc,phases   ] GC(43)   Other: 0,3ms
[2024-06-24T16:57:46.489-0400][gc,heap     ] GC(43) Eden regions: 49->0(49)
[2024-06-24T16:57:46.489-0400][gc,heap     ] GC(43) Survivor regions: 2->2(7)
[2024-06-24T16:57:46.489-0400][gc,heap     ] GC(43) Old regions: 19->19
[2024-06-24T16:57:46.489-0400][gc,heap     ] GC(43) Humongous regions: 129->129
[2024-06-24T16:57:46.489-0400][gc,metaspace] GC(43) Metaspace: 43997K(44672K)->43997K(44672K) NonClass: 38941K(39360K)->38941K(39360K) Class: 5055K(5312K)->5055K(5312K)
[2024-06-24T16:57:46.489-0400][gc          ] GC(43) Pause Young (Normal) (G1 Evacuation Pause) 198M->149M(1024M) 14,028ms
[2024-06-24T16:57:46.489-0400][gc,cpu      ] GC(43) User=0,02s Sys=0,01s Real=0,01s
[2024-06-24T17:05:43.382-0400][gc,start    ] GC(44) Pause Young (Normal) (G1 Evacuation Pause)
[2024-06-24T17:05:43.382-0400][gc,task     ] GC(44) Using 6 workers of 6 for evacuation
[2024-06-24T17:05:43.389-0400][gc,phases   ] GC(44)   Pre Evacuate Collection Set: 0,6ms
[2024-06-24T17:05:43.389-0400][gc,phases   ] GC(44)   Merge Heap Roots: 0,6ms
[2024-06-24T17:05:43.389-0400][gc,phases   ] GC(44)   Evacuate Collection Set: 3,3ms
[2024-06-24T17:05:43.389-0400][gc,phases   ] GC(44)   Post Evacuate Collection Set: 2,8ms
[2024-06-24T17:05:43.389-0400][gc,phases   ] GC(44)   Other: 0,1ms
[2024-06-24T17:05:43.389-0400][gc,heap     ] GC(44) Eden regions: 49->0(48)
[2024-06-24T17:05:43.389-0400][gc,heap     ] GC(44) Survivor regions: 2->3(7)
[2024-06-24T17:05:43.389-0400][gc,heap     ] GC(44) Old regions: 19->19
[2024-06-24T17:05:43.389-0400][gc,heap     ] GC(44) Humongous regions: 129->129
[2024-06-24T17:05:43.389-0400][gc,metaspace] GC(44) Metaspace: 43997K(44672K)->43997K(44672K) NonClass: 38941K(39360K)->38941K(39360K) Class: 5055K(5312K)->5055K(5312K)
[2024-06-24T17:05:43.389-0400][gc          ] GC(44) Pause Young (Normal) (G1 Evacuation Pause) 198M->150M(1024M) 7,570ms
[2024-06-24T17:05:43.389-0400][gc,cpu      ] GC(44) User=0,02s Sys=0,00s Real=0,00s
[2024-06-24T17:13:29.488-0400][gc,start    ] GC(45) Pause Young (Normal) (G1 Evacuation Pause)
[2024-06-24T17:13:29.488-0400][gc,task     ] GC(45) Using 6 workers of 6 for evacuation
[2024-06-24T17:13:29.495-0400][gc,phases   ] GC(45)   Pre Evacuate Collection Set: 0,6ms
[2024-06-24T17:13:29.496-0400][gc,phases   ] GC(45)   Merge Heap Roots: 0,2ms
[2024-06-24T17:13:29.496-0400][gc,phases   ] GC(45)   Evacuate Collection Set: 5,3ms
[2024-06-24T17:13:29.496-0400][gc,phases   ] GC(45)   Post Evacuate Collection Set: 0,9ms
[2024-06-24T17:13:29.496-0400][gc,phases   ] GC(45)   Other: 0,1ms
[2024-06-24T17:13:29.496-0400][gc,heap     ] GC(45) Eden regions: 48->0(48)
[2024-06-24T17:13:29.496-0400][gc,heap     ] GC(45) Survivor regions: 3->3(7)
[2024-06-24T17:13:29.496-0400][gc,heap     ] GC(45) Old regions: 19->19
[2024-06-24T17:13:29.496-0400][gc,heap     ] GC(45) Humongous regions: 129->129
[2024-06-24T17:13:29.496-0400][gc,metaspace] GC(45) Metaspace: 44002K(44672K)->44002K(44672K) NonClass: 38947K(39360K)->38947K(39360K) Class: 5055K(5312K)->5055K(5312K)
[2024-06-24T17:13:29.496-0400][gc          ] GC(45) Pause Young (Normal) (G1 Evacuation Pause) 198M->150M(1024M) 7,327ms
[2024-06-24T17:13:29.496-0400][gc,cpu      ] GC(45) User=0,03s Sys=0,00s Real=0,01s
[2024-06-24T17:21:15.199-0400][gc,start    ] GC(46) Pause Young (Normal) (G1 Evacuation Pause)
[2024-06-24T17:21:15.200-0400][gc,task     ] GC(46) Using 6 workers of 6 for evacuation
[2024-06-24T17:21:15.206-0400][gc,phases   ] GC(46)   Pre Evacuate Collection Set: 0,6ms
[2024-06-24T17:21:15.206-0400][gc,phases   ] GC(46)   Merge Heap Roots: 0,4ms
[2024-06-24T17:21:15.206-0400][gc,phases   ] GC(46)   Evacuate Collection Set: 4,6ms
[2024-06-24T17:21:15.206-0400][gc,phases   ] GC(46)   Post Evacuate Collection Set: 0,9ms
[2024-06-24T17:21:15.206-0400][gc,phases   ] GC(46)   Other: 0,1ms
[2024-06-24T17:21:15.206-0400][gc,heap     ] GC(46) Eden regions: 48->0(170)
[2024-06-24T17:21:15.206-0400][gc,heap     ] GC(46) Survivor regions: 3->3(7)
[2024-06-24T17:21:15.206-0400][gc,heap     ] GC(46) Old regions: 19->19
[2024-06-24T17:21:15.206-0400][gc,heap     ] GC(46) Humongous regions: 129->129
[2024-06-24T17:21:15.206-0400][gc,metaspace] GC(46) Metaspace: 44002K(44672K)->44002K(44672K) NonClass: 38947K(39360K)->38947K(39360K) Class: 5055K(5312K)->5055K(5312K)
[2024-06-24T17:21:15.206-0400][gc          ] GC(46) Pause Young (Normal) (G1 Evacuation Pause) 198M->149M(1024M) 6,941ms
[2024-06-24T17:21:15.206-0400][gc,cpu      ] GC(46) User=0,01s Sys=0,01s Real=0,01s
[2024-06-24T17:51:07.015-0400][gc,start    ] GC(47) Pause Young (Normal) (G1 Evacuation Pause)
[2024-06-24T17:51:07.015-0400][gc,task     ] GC(47) Using 6 workers of 6 for evacuation
[2024-06-24T17:51:07.035-0400][gc,phases   ] GC(47)   Pre Evacuate Collection Set: 1,2ms
[2024-06-24T17:51:07.035-0400][gc,phases   ] GC(47)   Merge Heap Roots: 0,5ms
[2024-06-24T17:51:07.035-0400][gc,phases   ] GC(47)   Evacuate Collection Set: 16,2ms
[2024-06-24T17:51:07.035-0400][gc,phases   ] GC(47)   Post Evacuate Collection Set: 1,7ms
[2024-06-24T17:51:07.035-0400][gc,phases   ] GC(47)   Other: 0,1ms
[2024-06-24T17:51:07.035-0400][gc,heap     ] GC(47) Eden regions: 183->0(48)
[2024-06-24T17:51:07.035-0400][gc,heap     ] GC(47) Survivor regions: 3->3(24)
[2024-06-24T17:51:07.035-0400][gc,heap     ] GC(47) Old regions: 19->19
[2024-06-24T17:51:07.035-0400][gc,heap     ] GC(47) Humongous regions: 129->129
[2024-06-24T17:51:07.035-0400][gc,metaspace] GC(47) Metaspace: 44011K(44672K)->44011K(44672K) NonClass: 38955K(39360K)->38955K(39360K) Class: 5055K(5312K)->5055K(5312K)
[2024-06-24T17:51:07.035-0400][gc          ] GC(47) Pause Young (Normal) (G1 Evacuation Pause) 332M->149M(1024M) 20,046ms
[2024-06-24T17:51:07.035-0400][gc,cpu      ] GC(47) User=0,06s Sys=0,02s Real=0,02s
[2024-06-24T17:58:49.358-0400][gc,start    ] GC(48) Pause Young (Normal) (G1 Evacuation Pause)
[2024-06-24T17:58:49.358-0400][gc,task     ] GC(48) Using 6 workers of 6 for evacuation
[2024-06-24T17:58:49.369-0400][gc,phases   ] GC(48)   Pre Evacuate Collection Set: 0,6ms
[2024-06-24T17:58:49.369-0400][gc,phases   ] GC(48)   Merge Heap Roots: 0,5ms
[2024-06-24T17:58:49.369-0400][gc,phases   ] GC(48)   Evacuate Collection Set: 7,4ms
[2024-06-24T17:58:49.369-0400][gc,phases   ] GC(48)   Post Evacuate Collection Set: 2,0ms
[2024-06-24T17:58:49.369-0400][gc,phases   ] GC(48)   Other: 0,1ms
[2024-06-24T17:58:49.369-0400][gc,heap     ] GC(48) Eden regions: 48->0(49)
[2024-06-24T17:58:49.369-0400][gc,heap     ] GC(48) Survivor regions: 3->4(7)
[2024-06-24T17:58:49.369-0400][gc,heap     ] GC(48) Old regions: 19->19
[2024-06-24T17:58:49.369-0400][gc,heap     ] GC(48) Humongous regions: 129->129
[2024-06-24T17:58:49.369-0400][gc,metaspace] GC(48) Metaspace: 44011K(44672K)->44011K(44672K) NonClass: 38955K(39360K)->38955K(39360K) Class: 5055K(5312K)->5055K(5312K)
[2024-06-24T17:58:49.369-0400][gc          ] GC(48) Pause Young (Normal) (G1 Evacuation Pause) 197M->150M(1024M) 10,852ms
[2024-06-24T17:58:49.369-0400][gc,cpu      ] GC(48) User=0,01s Sys=0,02s Real=0,01s
[2024-06-24T18:06:18.695-0400][gc,start    ] GC(49) Pause Young (Normal) (G1 Evacuation Pause)
[2024-06-24T18:06:18.695-0400][gc,task     ] GC(49) Using 6 workers of 6 for evacuation
[2024-06-24T18:06:18.706-0400][gc,phases   ] GC(49)   Pre Evacuate Collection Set: 0,6ms
[2024-06-24T18:06:18.706-0400][gc,phases   ] GC(49)   Merge Heap Roots: 0,2ms
[2024-06-24T18:06:18.706-0400][gc,phases   ] GC(49)   Evacuate Collection Set: 4,5ms
[2024-06-24T18:06:18.706-0400][gc,phases   ] GC(49)   Post Evacuate Collection Set: 5,4ms
[2024-06-24T18:06:18.706-0400][gc,phases   ] GC(49)   Other: 0,1ms
[2024-06-24T18:06:18.706-0400][gc,heap     ] GC(49) Eden regions: 49->0(89)
[2024-06-24T18:06:18.706-0400][gc,heap     ] GC(49) Survivor regions: 4->3(7)
[2024-06-24T18:06:18.706-0400][gc,heap     ] GC(49) Old regions: 19->19
[2024-06-24T18:06:18.706-0400][gc,heap     ] GC(49) Humongous regions: 129->129
[2024-06-24T18:06:18.706-0400][gc,metaspace] GC(49) Metaspace: 44015K(44672K)->44015K(44672K) NonClass: 38960K(39360K)->38960K(39360K) Class: 5055K(5312K)->5055K(5312K)
[2024-06-24T18:06:18.706-0400][gc          ] GC(49) Pause Young (Normal) (G1 Evacuation Pause) 199M->149M(1024M) 11,059ms
[2024-06-24T18:06:18.706-0400][gc,cpu      ] GC(49) User=0,01s Sys=0,02s Real=0,01s
[2024-06-24T18:21:38.722-0400][gc,start    ] GC(50) Pause Young (Normal) (G1 Evacuation Pause)
[2024-06-24T18:21:38.722-0400][gc,task     ] GC(50) Using 6 workers of 6 for evacuation
[2024-06-24T18:21:38.739-0400][gc,phases   ] GC(50)   Pre Evacuate Collection Set: 1,9ms
[2024-06-24T18:21:38.739-0400][gc,phases   ] GC(50)   Merge Heap Roots: 3,3ms
[2024-06-24T18:21:38.739-0400][gc,phases   ] GC(50)   Evacuate Collection Set: 5,5ms
[2024-06-24T18:21:38.739-0400][gc,phases   ] GC(50)   Post Evacuate Collection Set: 6,4ms
[2024-06-24T18:21:38.739-0400][gc,phases   ] GC(50)   Other: 0,2ms
[2024-06-24T18:21:38.740-0400][gc,heap     ] GC(50) Eden regions: 94->0(118)
[2024-06-24T18:21:38.740-0400][gc,heap     ] GC(50) Survivor regions: 3->2(13)
[2024-06-24T18:21:38.740-0400][gc,heap     ] GC(50) Old regions: 19->19
[2024-06-24T18:21:38.740-0400][gc,heap     ] GC(50) Humongous regions: 129->129
[2024-06-24T18:21:38.740-0400][gc,metaspace] GC(50) Metaspace: 44018K(44672K)->44018K(44672K) NonClass: 38963K(39360K)->38963K(39360K) Class: 5055K(5312K)->5055K(5312K)
[2024-06-24T18:21:38.740-0400][gc          ] GC(50) Pause Young (Normal) (G1 Evacuation Pause) 243M->149M(1024M) 17,779ms
[2024-06-24T18:21:38.740-0400][gc,cpu      ] GC(50) User=0,02s Sys=0,02s Real=0,01s
[2024-06-24T18:42:27.178-0400][gc,start    ] GC(51) Pause Young (Normal) (G1 Evacuation Pause)
[2024-06-24T18:42:27.178-0400][gc,task     ] GC(51) Using 6 workers of 6 for evacuation
[2024-06-24T18:42:27.191-0400][gc,phases   ] GC(51)   Pre Evacuate Collection Set: 1,1ms
[2024-06-24T18:42:27.191-0400][gc,phases   ] GC(51)   Merge Heap Roots: 0,5ms
[2024-06-24T18:42:27.191-0400][gc,phases   ] GC(51)   Evacuate Collection Set: 10,6ms
[2024-06-24T18:42:27.191-0400][gc,phases   ] GC(51)   Post Evacuate Collection Set: 1,0ms
[2024-06-24T18:42:27.191-0400][gc,phases   ] GC(51)   Other: 0,1ms
[2024-06-24T18:42:27.191-0400][gc,heap     ] GC(51) Eden regions: 127->0(257)
[2024-06-24T18:42:27.191-0400][gc,heap     ] GC(51) Survivor regions: 2->3(17)
[2024-06-24T18:42:27.191-0400][gc,heap     ] GC(51) Old regions: 19->19
[2024-06-24T18:42:27.191-0400][gc,heap     ] GC(51) Humongous regions: 129->129
[2024-06-24T18:42:27.191-0400][gc,metaspace] GC(51) Metaspace: 44020K(44672K)->44020K(44672K) NonClass: 38964K(39360K)->38964K(39360K) Class: 5055K(5312K)->5055K(5312K)
[2024-06-24T18:42:27.191-0400][gc          ] GC(51) Pause Young (Normal) (G1 Evacuation Pause) 276M->149M(1024M) 13,607ms
[2024-06-24T18:42:27.191-0400][gc,cpu      ] GC(51) User=0,01s Sys=0,02s Real=0,01s
[2024-06-24T19:20:11.665-0400][gc,start    ] GC(52) Pause Young (Normal) (G1 Evacuation Pause)
[2024-06-24T19:20:11.665-0400][gc,task     ] GC(52) Using 6 workers of 6 for evacuation
[2024-06-24T19:20:11.692-0400][gc,mmu      ] GC(52) MMU target violated: 21,0ms (20,0ms/21,0ms)
[2024-06-24T19:20:11.692-0400][gc,phases   ] GC(52)   Pre Evacuate Collection Set: 0,8ms
[2024-06-24T19:20:11.692-0400][gc,phases   ] GC(52)   Merge Heap Roots: 0,8ms
[2024-06-24T19:20:11.692-0400][gc,phases   ] GC(52)   Evacuate Collection Set: 24,1ms
[2024-06-24T19:20:11.692-0400][gc,phases   ] GC(52)   Post Evacuate Collection Set: 1,2ms
[2024-06-24T19:20:11.692-0400][gc,phases   ] GC(52)   Other: 0,1ms
[2024-06-24T19:20:11.692-0400][gc,heap     ] GC(52) Eden regions: 232->0(47)
[2024-06-24T19:20:11.692-0400][gc,heap     ] GC(52) Survivor regions: 3->4(30)
[2024-06-24T19:20:11.692-0400][gc,heap     ] GC(52) Old regions: 19->19
[2024-06-24T19:20:11.692-0400][gc,heap     ] GC(52) Humongous regions: 129->129
[2024-06-24T19:20:11.692-0400][gc,metaspace] GC(52) Metaspace: 44020K(44672K)->44020K(44672K) NonClass: 38964K(39360K)->38964K(39360K) Class: 5055K(5312K)->5055K(5312K)
[2024-06-24T19:20:11.692-0400][gc          ] GC(52) Pause Young (Normal) (G1 Evacuation Pause) 381M->150M(1024M) 27,149ms
[2024-06-24T19:20:11.692-0400][gc,cpu      ] GC(52) User=0,13s Sys=0,01s Real=0,03s
[2024-06-24T19:27:42.180-0400][gc,start    ] GC(53) Pause Young (Normal) (G1 Evacuation Pause)
[2024-06-24T19:27:42.180-0400][gc,task     ] GC(53) Using 6 workers of 6 for evacuation
[2024-06-24T19:27:42.191-0400][gc,phases   ] GC(53)   Pre Evacuate Collection Set: 1,5ms
[2024-06-24T19:27:42.191-0400][gc,phases   ] GC(53)   Merge Heap Roots: 0,3ms
[2024-06-24T19:27:42.191-0400][gc,phases   ] GC(53)   Evacuate Collection Set: 3,7ms
[2024-06-24T19:27:42.191-0400][gc,phases   ] GC(53)   Post Evacuate Collection Set: 5,4ms
[2024-06-24T19:27:42.191-0400][gc,phases   ] GC(53)   Other: 0,2ms
[2024-06-24T19:27:42.192-0400][gc,heap     ] GC(53) Eden regions: 47->0(48)
[2024-06-24T19:27:42.192-0400][gc,heap     ] GC(53) Survivor regions: 4->3(7)
[2024-06-24T19:27:42.192-0400][gc,heap     ] GC(53) Old regions: 19->19
[2024-06-24T19:27:42.192-0400][gc,heap     ] GC(53) Humongous regions: 129->129
[2024-06-24T19:27:42.192-0400][gc,metaspace] GC(53) Metaspace: 44026K(44672K)->44026K(44672K) NonClass: 38970K(39360K)->38970K(39360K) Class: 5055K(5312K)->5055K(5312K)
[2024-06-24T19:27:42.192-0400][gc          ] GC(53) Pause Young (Normal) (G1 Evacuation Pause) 197M->150M(1024M) 11,194ms
[2024-06-24T19:27:42.192-0400][gc,cpu      ] GC(53) User=0,01s Sys=0,01s Real=0,01s
[2024-06-24T19:35:28.434-0400][gc,start    ] GC(54) Pause Young (Normal) (G1 Evacuation Pause)
[2024-06-24T19:35:28.434-0400][gc,task     ] GC(54) Using 6 workers of 6 for evacuation
[2024-06-24T19:35:28.439-0400][gc,phases   ] GC(54)   Pre Evacuate Collection Set: 0,4ms
[2024-06-24T19:35:28.439-0400][gc,phases   ] GC(54)   Merge Heap Roots: 0,3ms
[2024-06-24T19:35:28.439-0400][gc,phases   ] GC(54)   Evacuate Collection Set: 2,5ms
[2024-06-24T19:35:28.439-0400][gc,phases   ] GC(54)   Post Evacuate Collection Set: 1,5ms
[2024-06-24T19:35:28.439-0400][gc,phases   ] GC(54)   Other: 0,1ms
[2024-06-24T19:35:28.439-0400][gc,heap     ] GC(54) Eden regions: 48->0(49)
[2024-06-24T19:35:28.439-0400][gc,heap     ] GC(54) Survivor regions: 3->3(7)
[2024-06-24T19:35:28.439-0400][gc,heap     ] GC(54) Old regions: 19->19
[2024-06-24T19:35:28.439-0400][gc,heap     ] GC(54) Humongous regions: 129->129
[2024-06-24T19:35:28.439-0400][gc,metaspace] GC(54) Metaspace: 44035K(44672K)->44035K(44672K) NonClass: 38979K(39360K)->38979K(39360K) Class: 5055K(5312K)->5055K(5312K)
[2024-06-24T19:35:28.439-0400][gc          ] GC(54) Pause Young (Normal) (G1 Evacuation Pause) 198M->149M(1024M) 5,079ms
[2024-06-24T19:35:28.439-0400][gc,cpu      ] GC(54) User=0,01s Sys=0,01s Real=0,00s
[2024-06-24T19:43:35.701-0400][gc,start    ] GC(55) Pause Young (Normal) (G1 Evacuation Pause)
[2024-06-24T19:43:35.701-0400][gc,task     ] GC(55) Using 6 workers of 6 for evacuation
[2024-06-24T19:43:35.711-0400][gc,phases   ] GC(55)   Pre Evacuate Collection Set: 2,6ms
[2024-06-24T19:43:35.711-0400][gc,phases   ] GC(55)   Merge Heap Roots: 2,3ms
[2024-06-24T19:43:35.711-0400][gc,phases   ] GC(55)   Evacuate Collection Set: 3,5ms
[2024-06-24T19:43:35.711-0400][gc,phases   ] GC(55)   Post Evacuate Collection Set: 1,3ms
[2024-06-24T19:43:35.711-0400][gc,phases   ] GC(55)   Other: 0,3ms
[2024-06-24T19:43:35.711-0400][gc,heap     ] GC(55) Eden regions: 50->0(171)
[2024-06-24T19:43:35.711-0400][gc,heap     ] GC(55) Survivor regions: 3->3(7)
[2024-06-24T19:43:35.711-0400][gc,heap     ] GC(55) Old regions: 19->19
[2024-06-24T19:43:35.711-0400][gc,heap     ] GC(55) Humongous regions: 129->129
[2024-06-24T19:43:35.711-0400][gc,metaspace] GC(55) Metaspace: 44036K(44672K)->44036K(44672K) NonClass: 38980K(39360K)->38980K(39360K) Class: 5055K(5312K)->5055K(5312K)
[2024-06-24T19:43:35.711-0400][gc          ] GC(55) Pause Young (Normal) (G1 Evacuation Pause) 199M->149M(1024M) 10,257ms
[2024-06-24T19:43:35.711-0400][gc,cpu      ] GC(55) User=0,01s Sys=0,01s Real=0,01s
[2024-06-24T20:11:22.177-0400][gc,start    ] GC(56) Pause Young (Normal) (G1 Evacuation Pause)
[2024-06-24T20:11:22.177-0400][gc,task     ] GC(56) Using 6 workers of 6 for evacuation
[2024-06-24T20:11:22.184-0400][gc,phases   ] GC(56)   Pre Evacuate Collection Set: 0,7ms
[2024-06-24T20:11:22.184-0400][gc,phases   ] GC(56)   Merge Heap Roots: 0,5ms
[2024-06-24T20:11:22.184-0400][gc,phases   ] GC(56)   Evacuate Collection Set: 3,9ms
[2024-06-24T20:11:22.184-0400][gc,phases   ] GC(56)   Post Evacuate Collection Set: 2,0ms
[2024-06-24T20:11:22.184-0400][gc,phases   ] GC(56)   Other: 0,2ms
[2024-06-24T20:11:22.184-0400][gc,heap     ] GC(56) Eden regions: 173->0(382)
[2024-06-24T20:11:22.184-0400][gc,heap     ] GC(56) Survivor regions: 3->3(22)
[2024-06-24T20:11:22.184-0400][gc,heap     ] GC(56) Old regions: 19->19
[2024-06-24T20:11:22.184-0400][gc,heap     ] GC(56) Humongous regions: 129->129
[2024-06-24T20:11:22.185-0400][gc,metaspace] GC(56) Metaspace: 44054K(44672K)->44054K(44672K) NonClass: 38998K(39360K)->38998K(39360K) Class: 5055K(5312K)->5055K(5312K)
[2024-06-24T20:11:22.185-0400][gc          ] GC(56) Pause Young (Normal) (G1 Evacuation Pause) 322M->149M(1024M) 7,516ms
[2024-06-24T20:11:22.185-0400][gc,cpu      ] GC(56) User=0,00s Sys=0,02s Real=0,01s
[2024-06-24T21:16:21.758-0400][gc,start    ] GC(57) Pause Young (Normal) (G1 Evacuation Pause)
[2024-06-24T21:16:21.758-0400][gc,task     ] GC(57) Using 6 workers of 6 for evacuation
[2024-06-24T21:16:21.874-0400][gc,mmu      ] GC(57) MMU target violated: 21,0ms (20,0ms/21,0ms)
[2024-06-24T21:16:21.874-0400][gc,phases   ] GC(57)   Pre Evacuate Collection Set: 0,7ms
[2024-06-24T21:16:21.874-0400][gc,phases   ] GC(57)   Merge Heap Roots: 0,5ms
[2024-06-24T21:16:21.874-0400][gc,phases   ] GC(57)   Evacuate Collection Set: 104,3ms
[2024-06-24T21:16:21.874-0400][gc,phases   ] GC(57)   Post Evacuate Collection Set: 10,4ms
[2024-06-24T21:16:21.874-0400][gc,phases   ] GC(57)   Other: 0,1ms
[2024-06-24T21:16:21.874-0400][gc,heap     ] GC(57) Eden regions: 397->0(48)
[2024-06-24T21:16:21.874-0400][gc,heap     ] GC(57) Survivor regions: 3->3(50)
[2024-06-24T21:16:21.874-0400][gc,heap     ] GC(57) Old regions: 19->19
[2024-06-24T21:16:21.874-0400][gc,heap     ] GC(57) Humongous regions: 129->129
[2024-06-24T21:16:21.874-0400][gc,metaspace] GC(57) Metaspace: 44060K(44672K)->44060K(44672K) NonClass: 39003K(39360K)->39003K(39360K) Class: 5056K(5312K)->5056K(5312K)
[2024-06-24T21:16:21.874-0400][gc          ] GC(57) Pause Young (Normal) (G1 Evacuation Pause) 546M->149M(1024M) 116,211ms
[2024-06-24T21:16:21.874-0400][gc,cpu      ] GC(57) User=0,58s Sys=0,00s Real=0,12s
[2024-06-24T21:24:01.891-0400][gc,start    ] GC(58) Pause Young (Normal) (G1 Evacuation Pause)
[2024-06-24T21:24:01.891-0400][gc,task     ] GC(58) Using 6 workers of 6 for evacuation
[2024-06-24T21:24:01.901-0400][gc,phases   ] GC(58)   Pre Evacuate Collection Set: 0,7ms
[2024-06-24T21:24:01.901-0400][gc,phases   ] GC(58)   Merge Heap Roots: 0,5ms
[2024-06-24T21:24:01.901-0400][gc,phases   ] GC(58)   Evacuate Collection Set: 6,6ms
[2024-06-24T21:24:01.901-0400][gc,phases   ] GC(58)   Post Evacuate Collection Set: 1,1ms
[2024-06-24T21:24:01.901-0400][gc,phases   ] GC(58)   Other: 0,2ms
[2024-06-24T21:24:01.901-0400][gc,heap     ] GC(58) Eden regions: 48->0(48)
[2024-06-24T21:24:01.901-0400][gc,heap     ] GC(58) Survivor regions: 3->3(7)
[2024-06-24T21:24:01.901-0400][gc,heap     ] GC(58) Old regions: 19->19
[2024-06-24T21:24:01.901-0400][gc,heap     ] GC(58) Humongous regions: 129->129
[2024-06-24T21:24:01.901-0400][gc,metaspace] GC(58) Metaspace: 44060K(44672K)->44060K(44672K) NonClass: 39003K(39360K)->39003K(39360K) Class: 5056K(5312K)->5056K(5312K)
[2024-06-24T21:24:01.901-0400][gc          ] GC(58) Pause Young (Normal) (G1 Evacuation Pause) 197M->149M(1024M) 9,479ms
[2024-06-24T21:24:01.901-0400][gc,cpu      ] GC(58) User=0,02s Sys=0,00s Real=0,01s
[2024-06-24T21:31:50.140-0400][gc,start    ] GC(59) Pause Young (Normal) (G1 Evacuation Pause)
[2024-06-24T21:31:50.140-0400][gc,task     ] GC(59) Using 6 workers of 6 for evacuation
[2024-06-24T21:31:50.159-0400][gc,phases   ] GC(59)   Pre Evacuate Collection Set: 8,5ms
[2024-06-24T21:31:50.159-0400][gc,phases   ] GC(59)   Merge Heap Roots: 0,1ms
[2024-06-24T21:31:50.159-0400][gc,phases   ] GC(59)   Evacuate Collection Set: 6,8ms
[2024-06-24T21:31:50.159-0400][gc,phases   ] GC(59)   Post Evacuate Collection Set: 3,2ms
[2024-06-24T21:31:50.159-0400][gc,phases   ] GC(59)   Other: 0,1ms
[2024-06-24T21:31:50.159-0400][gc,heap     ] GC(59) Eden regions: 48->0(49)
[2024-06-24T21:31:50.159-0400][gc,heap     ] GC(59) Survivor regions: 3->2(7)
[2024-06-24T21:31:50.159-0400][gc,heap     ] GC(59) Old regions: 19->19
[2024-06-24T21:31:50.159-0400][gc,heap     ] GC(59) Humongous regions: 129->129
[2024-06-24T21:31:50.159-0400][gc,metaspace] GC(59) Metaspace: 44060K(44672K)->44060K(44672K) NonClass: 39003K(39360K)->39003K(39360K) Class: 5056K(5312K)->5056K(5312K)
[2024-06-24T21:31:50.159-0400][gc          ] GC(59) Pause Young (Normal) (G1 Evacuation Pause) 197M->149M(1024M) 19,005ms
[2024-06-24T21:31:50.159-0400][gc,cpu      ] GC(59) User=0,01s Sys=0,03s Real=0,02s
[2024-06-24T21:39:49.889-0400][gc,start    ] GC(60) Pause Young (Normal) (G1 Evacuation Pause)
[2024-06-24T21:39:49.889-0400][gc,task     ] GC(60) Using 6 workers of 6 for evacuation
[2024-06-24T21:39:49.905-0400][gc,phases   ] GC(60)   Pre Evacuate Collection Set: 0,7ms
[2024-06-24T21:39:49.905-0400][gc,phases   ] GC(60)   Merge Heap Roots: 0,2ms
[2024-06-24T21:39:49.905-0400][gc,phases   ] GC(60)   Evacuate Collection Set: 13,7ms
[2024-06-24T21:39:49.905-0400][gc,phases   ] GC(60)   Post Evacuate Collection Set: 1,2ms
[2024-06-24T21:39:49.905-0400][gc,phases   ] GC(60)   Other: 0,1ms
[2024-06-24T21:39:49.905-0400][gc,heap     ] GC(60) Eden regions: 49->0(47)
[2024-06-24T21:39:49.905-0400][gc,heap     ] GC(60) Survivor regions: 2->4(7)
[2024-06-24T21:39:49.905-0400][gc,heap     ] GC(60) Old regions: 19->19
[2024-06-24T21:39:49.905-0400][gc,heap     ] GC(60) Humongous regions: 129->129
[2024-06-24T21:39:49.905-0400][gc,metaspace] GC(60) Metaspace: 44064K(44672K)->44064K(44672K) NonClass: 39007K(39360K)->39007K(39360K) Class: 5056K(5312K)->5056K(5312K)
[2024-06-24T21:39:49.905-0400][gc          ] GC(60) Pause Young (Normal) (G1 Evacuation Pause) 198M->150M(1024M) 16,118ms
[2024-06-24T21:39:49.905-0400][gc,cpu      ] GC(60) User=0,02s Sys=0,02s Real=0,02s
[2024-06-24T21:47:27.788-0400][gc,start    ] GC(61) Pause Young (Normal) (G1 Evacuation Pause)
[2024-06-24T21:47:27.788-0400][gc,task     ] GC(61) Using 6 workers of 6 for evacuation
[2024-06-24T21:47:27.796-0400][gc,phases   ] GC(61)   Pre Evacuate Collection Set: 1,0ms
[2024-06-24T21:47:27.796-0400][gc,phases   ] GC(61)   Merge Heap Roots: 0,4ms
[2024-06-24T21:47:27.796-0400][gc,phases   ] GC(61)   Evacuate Collection Set: 4,3ms
[2024-06-24T21:47:27.796-0400][gc,phases   ] GC(61)   Post Evacuate Collection Set: 1,3ms
[2024-06-24T21:47:27.796-0400][gc,phases   ] GC(61)   Other: 0,4ms
[2024-06-24T21:47:27.796-0400][gc,heap     ] GC(61) Eden regions: 47->0(48)
[2024-06-24T21:47:27.796-0400][gc,heap     ] GC(61) Survivor regions: 4->3(7)
[2024-06-24T21:47:27.796-0400][gc,heap     ] GC(61) Old regions: 19->19
[2024-06-24T21:47:27.796-0400][gc,heap     ] GC(61) Humongous regions: 129->129
[2024-06-24T21:47:27.796-0400][gc,metaspace] GC(61) Metaspace: 44071K(44672K)->44071K(44672K) NonClass: 39014K(39360K)->39014K(39360K) Class: 5056K(5312K)->5056K(5312K)
[2024-06-24T21:47:27.796-0400][gc          ] GC(61) Pause Young (Normal) (G1 Evacuation Pause) 197M->150M(1024M) 7,551ms
[2024-06-24T21:47:27.796-0400][gc,cpu      ] GC(61) User=0,02s Sys=0,00s Real=0,01s
[2024-06-24T21:55:17.177-0400][gc,start    ] GC(62) Pause Young (Normal) (G1 Evacuation Pause)
[2024-06-24T21:55:17.177-0400][gc,task     ] GC(62) Using 6 workers of 6 for evacuation
[2024-06-24T21:55:17.203-0400][gc,mmu      ] GC(62) MMU target violated: 21,0ms (20,0ms/21,0ms)
[2024-06-24T21:55:17.203-0400][gc,phases   ] GC(62)   Pre Evacuate Collection Set: 0,8ms
[2024-06-24T21:55:17.203-0400][gc,phases   ] GC(62)   Merge Heap Roots: 0,5ms
[2024-06-24T21:55:17.203-0400][gc,phases   ] GC(62)   Evacuate Collection Set: 11,8ms
[2024-06-24T21:55:17.203-0400][gc,phases   ] GC(62)   Post Evacuate Collection Set: 12,5ms
[2024-06-24T21:55:17.203-0400][gc,phases   ] GC(62)   Other: 0,2ms
[2024-06-24T21:55:17.203-0400][gc,heap     ] GC(62) Eden regions: 48->0(48)
[2024-06-24T21:55:17.203-0400][gc,heap     ] GC(62) Survivor regions: 3->3(7)
[2024-06-24T21:55:17.203-0400][gc,heap     ] GC(62) Old regions: 19->19
[2024-06-24T21:55:17.203-0400][gc,heap     ] GC(62) Humongous regions: 129->129
[2024-06-24T21:55:17.203-0400][gc,metaspace] GC(62) Metaspace: 44071K(44672K)->44071K(44672K) NonClass: 39014K(39360K)->39014K(39360K) Class: 5056K(5312K)->5056K(5312K)
[2024-06-24T21:55:17.203-0400][gc          ] GC(62) Pause Young (Normal) (G1 Evacuation Pause) 198M->149M(1024M) 26,038ms
[2024-06-24T21:55:17.203-0400][gc,cpu      ] GC(62) User=0,01s Sys=0,02s Real=0,03s
[2024-06-24T22:02:38.940-0400][gc,start    ] GC(63) Pause Young (Normal) (G1 Evacuation Pause)
[2024-06-24T22:02:38.940-0400][gc,task     ] GC(63) Using 6 workers of 6 for evacuation
[2024-06-24T22:02:38.946-0400][gc,phases   ] GC(63)   Pre Evacuate Collection Set: 0,8ms
[2024-06-24T22:02:38.946-0400][gc,phases   ] GC(63)   Merge Heap Roots: 0,3ms
[2024-06-24T22:02:38.946-0400][gc,phases   ] GC(63)   Evacuate Collection Set: 2,9ms
[2024-06-24T22:02:38.946-0400][gc,phases   ] GC(63)   Post Evacuate Collection Set: 1,2ms
[2024-06-24T22:02:38.946-0400][gc,phases   ] GC(63)   Other: 0,6ms
[2024-06-24T22:02:38.946-0400][gc,heap     ] GC(63) Eden regions: 48->0(49)
[2024-06-24T22:02:38.946-0400][gc,heap     ] GC(63) Survivor regions: 3->2(7)
[2024-06-24T22:02:38.946-0400][gc,heap     ] GC(63) Old regions: 19->19
[2024-06-24T22:02:38.946-0400][gc,heap     ] GC(63) Humongous regions: 129->129
[2024-06-24T22:02:38.946-0400][gc,metaspace] GC(63) Metaspace: 44071K(44672K)->44071K(44672K) NonClass: 39014K(39360K)->39014K(39360K) Class: 5056K(5312K)->5056K(5312K)
[2024-06-24T22:02:38.946-0400][gc          ] GC(63) Pause Young (Normal) (G1 Evacuation Pause) 197M->149M(1024M) 6,082ms
[2024-06-24T22:02:38.946-0400][gc,cpu      ] GC(63) User=0,01s Sys=0,01s Real=0,01s
[2024-06-24T22:10:38.237-0400][gc,start    ] GC(64) Pause Young (Normal) (G1 Evacuation Pause)
[2024-06-24T22:10:38.237-0400][gc,task     ] GC(64) Using 6 workers of 6 for evacuation
[2024-06-24T22:10:38.244-0400][gc,phases   ] GC(64)   Pre Evacuate Collection Set: 1,3ms
[2024-06-24T22:10:38.245-0400][gc,phases   ] GC(64)   Merge Heap Roots: 0,3ms
[2024-06-24T22:10:38.245-0400][gc,phases   ] GC(64)   Evacuate Collection Set: 3,8ms
[2024-06-24T22:10:38.245-0400][gc,phases   ] GC(64)   Post Evacuate Collection Set: 1,7ms
[2024-06-24T22:10:38.245-0400][gc,phases   ] GC(64)   Other: 0,2ms
[2024-06-24T22:10:38.245-0400][gc,heap     ] GC(64) Eden regions: 49->0(47)
[2024-06-24T22:10:38.245-0400][gc,heap     ] GC(64) Survivor regions: 2->4(7)
[2024-06-24T22:10:38.245-0400][gc,heap     ] GC(64) Old regions: 19->19
[2024-06-24T22:10:38.245-0400][gc,heap     ] GC(64) Humongous regions: 129->129
[2024-06-24T22:10:38.245-0400][gc,metaspace] GC(64) Metaspace: 44072K(44672K)->44072K(44672K) NonClass: 39015K(39360K)->39015K(39360K) Class: 5056K(5312K)->5056K(5312K)
[2024-06-24T22:10:38.245-0400][gc          ] GC(64) Pause Young (Normal) (G1 Evacuation Pause) 198M->150M(1024M) 7,722ms
[2024-06-24T22:10:38.245-0400][gc,cpu      ] GC(64) User=0,02s Sys=0,00s Real=0,01s
[2024-06-24T22:18:16.610-0400][gc,start    ] GC(65) Pause Young (Normal) (G1 Evacuation Pause)
[2024-06-24T22:18:16.611-0400][gc,task     ] GC(65) Using 6 workers of 6 for evacuation
[2024-06-24T22:18:16.624-0400][gc,phases   ] GC(65)   Pre Evacuate Collection Set: 0,6ms
[2024-06-24T22:18:16.624-0400][gc,phases   ] GC(65)   Merge Heap Roots: 0,4ms
[2024-06-24T22:18:16.624-0400][gc,phases   ] GC(65)   Evacuate Collection Set: 10,8ms
[2024-06-24T22:18:16.624-0400][gc,phases   ] GC(65)   Post Evacuate Collection Set: 1,5ms
[2024-06-24T22:18:16.624-0400][gc,phases   ] GC(65)   Other: 0,1ms
[2024-06-24T22:18:16.624-0400][gc,heap     ] GC(65) Eden regions: 47->0(48)
[2024-06-24T22:18:16.624-0400][gc,heap     ] GC(65) Survivor regions: 4->3(7)
[2024-06-24T22:18:16.624-0400][gc,heap     ] GC(65) Old regions: 19->19
[2024-06-24T22:18:16.624-0400][gc,heap     ] GC(65) Humongous regions: 129->129
[2024-06-24T22:18:16.624-0400][gc,metaspace] GC(65) Metaspace: 44072K(44672K)->44072K(44672K) NonClass: 39015K(39360K)->39015K(39360K) Class: 5056K(5312K)->5056K(5312K)
[2024-06-24T22:18:16.624-0400][gc          ] GC(65) Pause Young (Normal) (G1 Evacuation Pause) 197M->150M(1024M) 13,762ms
[2024-06-24T22:18:16.624-0400][gc,cpu      ] GC(65) User=0,01s Sys=0,02s Real=0,02s
[2024-06-24T22:26:04.140-0400][gc,start    ] GC(66) Pause Young (Normal) (G1 Evacuation Pause)
[2024-06-24T22:26:04.140-0400][gc,task     ] GC(66) Using 6 workers of 6 for evacuation
[2024-06-24T22:26:04.147-0400][gc,phases   ] GC(66)   Pre Evacuate Collection Set: 0,9ms
[2024-06-24T22:26:04.147-0400][gc,phases   ] GC(66)   Merge Heap Roots: 0,3ms
[2024-06-24T22:26:04.147-0400][gc,phases   ] GC(66)   Evacuate Collection Set: 5,2ms
[2024-06-24T22:26:04.147-0400][gc,phases   ] GC(66)   Post Evacuate Collection Set: 0,9ms
[2024-06-24T22:26:04.147-0400][gc,phases   ] GC(66)   Other: 0,1ms
[2024-06-24T22:26:04.147-0400][gc,heap     ] GC(66) Eden regions: 48->0(70)
[2024-06-24T22:26:04.147-0400][gc,heap     ] GC(66) Survivor regions: 3->3(7)
[2024-06-24T22:26:04.147-0400][gc,heap     ] GC(66) Old regions: 19->19
[2024-06-24T22:26:04.147-0400][gc,heap     ] GC(66) Humongous regions: 129->129
[2024-06-24T22:26:04.147-0400][gc,metaspace] GC(66) Metaspace: 44072K(44672K)->44072K(44672K) NonClass: 39015K(39360K)->39015K(39360K) Class: 5056K(5312K)->5056K(5312K)
[2024-06-24T22:26:04.147-0400][gc          ] GC(66) Pause Young (Normal) (G1 Evacuation Pause) 198M->149M(1024M) 7,519ms
[2024-06-24T22:26:04.147-0400][gc,cpu      ] GC(66) User=0,02s Sys=0,01s Real=0,01s
[2024-06-24T22:37:00.247-0400][gc,start    ] GC(67) Pause Young (Normal) (G1 Evacuation Pause)
[2024-06-24T22:37:00.247-0400][gc,task     ] GC(67) Using 6 workers of 6 for evacuation
[2024-06-24T22:37:00.276-0400][gc,mmu      ] GC(67) MMU target violated: 21,0ms (20,0ms/21,0ms)
[2024-06-24T22:37:00.276-0400][gc,phases   ] GC(67)   Pre Evacuate Collection Set: 0,8ms
[2024-06-24T22:37:00.276-0400][gc,phases   ] GC(67)   Merge Heap Roots: 0,2ms
[2024-06-24T22:37:00.276-0400][gc,phases   ] GC(67)   Evacuate Collection Set: 20,3ms
[2024-06-24T22:37:00.276-0400][gc,phases   ] GC(67)   Post Evacuate Collection Set: 6,3ms
[2024-06-24T22:37:00.276-0400][gc,phases   ] GC(67)   Other: 0,9ms
[2024-06-24T22:37:00.276-0400][gc,heap     ] GC(67) Eden regions: 67->0(48)
[2024-06-24T22:37:00.276-0400][gc,heap     ] GC(67) Survivor regions: 3->3(9)
[2024-06-24T22:37:00.276-0400][gc,heap     ] GC(67) Old regions: 19->19
[2024-06-24T22:37:00.276-0400][gc,heap     ] GC(67) Humongous regions: 129->129
[2024-06-24T22:37:00.276-0400][gc,metaspace] GC(67) Metaspace: 44073K(44672K)->44073K(44672K) NonClass: 39017K(39360K)->39017K(39360K) Class: 5056K(5312K)->5056K(5312K)
[2024-06-24T22:37:00.276-0400][gc          ] GC(67) Pause Young (Normal) (G1 Evacuation Pause) 216M->149M(1024M) 28,759ms
[2024-06-24T22:37:00.276-0400][gc,cpu      ] GC(67) User=0,03s Sys=0,03s Real=0,03s
[2024-06-24T22:44:48.321-0400][gc,start    ] GC(68) Pause Young (Normal) (G1 Evacuation Pause)
[2024-06-24T22:44:48.322-0400][gc,task     ] GC(68) Using 6 workers of 6 for evacuation
[2024-06-24T22:44:48.327-0400][gc,phases   ] GC(68)   Pre Evacuate Collection Set: 0,8ms
[2024-06-24T22:44:48.327-0400][gc,phases   ] GC(68)   Merge Heap Roots: 0,2ms
[2024-06-24T22:44:48.327-0400][gc,phases   ] GC(68)   Evacuate Collection Set: 3,0ms
[2024-06-24T22:44:48.327-0400][gc,phases   ] GC(68)   Post Evacuate Collection Set: 1,4ms
[2024-06-24T22:44:48.327-0400][gc,phases   ] GC(68)   Other: 0,1ms
[2024-06-24T22:44:48.327-0400][gc,heap     ] GC(68) Eden regions: 48->0(126)
[2024-06-24T22:44:48.327-0400][gc,heap     ] GC(68) Survivor regions: 3->3(7)
[2024-06-24T22:44:48.327-0400][gc,heap     ] GC(68) Old regions: 19->19
[2024-06-24T22:44:48.327-0400][gc,heap     ] GC(68) Humongous regions: 129->129
[2024-06-24T22:44:48.327-0400][gc,metaspace] GC(68) Metaspace: 44073K(44672K)->44073K(44672K) NonClass: 39017K(39360K)->39017K(39360K) Class: 5056K(5312K)->5056K(5312K)
[2024-06-24T22:44:48.327-0400][gc          ] GC(68) Pause Young (Normal) (G1 Evacuation Pause) 197M->149M(1024M) 6,107ms
[2024-06-24T22:44:48.328-0400][gc,cpu      ] GC(68) User=0,01s Sys=0,00s Real=0,01s
[2024-06-24T23:05:57.179-0400][gc,start    ] GC(69) Pause Young (Normal) (G1 Evacuation Pause)
[2024-06-24T23:05:57.179-0400][gc,task     ] GC(69) Using 6 workers of 6 for evacuation
[2024-06-24T23:05:57.212-0400][gc,mmu      ] GC(69) MMU target violated: 21,0ms (20,0ms/21,0ms)
[2024-06-24T23:05:57.212-0400][gc,phases   ] GC(69)   Pre Evacuate Collection Set: 4,1ms
[2024-06-24T23:05:57.212-0400][gc,phases   ] GC(69)   Merge Heap Roots: 0,1ms
[2024-06-24T23:05:57.212-0400][gc,phases   ] GC(69)   Evacuate Collection Set: 22,8ms
[2024-06-24T23:05:57.212-0400][gc,phases   ] GC(69)   Post Evacuate Collection Set: 5,8ms
[2024-06-24T23:05:57.212-0400][gc,phases   ] GC(69)   Other: 0,1ms
[2024-06-24T23:05:57.212-0400][gc,heap     ] GC(69) Eden regions: 132->0(48)
[2024-06-24T23:05:57.212-0400][gc,heap     ] GC(69) Survivor regions: 3->3(17)
[2024-06-24T23:05:57.212-0400][gc,heap     ] GC(69) Old regions: 19->19
[2024-06-24T23:05:57.212-0400][gc,heap     ] GC(69) Humongous regions: 129->129
[2024-06-24T23:05:57.212-0400][gc,metaspace] GC(69) Metaspace: 44076K(44736K)->44076K(44736K) NonClass: 39019K(39424K)->39019K(39424K) Class: 5056K(5312K)->5056K(5312K)
[2024-06-24T23:05:57.212-0400][gc          ] GC(69) Pause Young (Normal) (G1 Evacuation Pause) 281M->150M(1024M) 33,064ms
[2024-06-24T23:05:57.212-0400][gc,cpu      ] GC(69) User=0,05s Sys=0,01s Real=0,04s
[2024-06-24T23:13:42.567-0400][gc,start    ] GC(70) Pause Young (Normal) (G1 Evacuation Pause)
[2024-06-24T23:13:42.567-0400][gc,task     ] GC(70) Using 6 workers of 6 for evacuation
[2024-06-24T23:13:42.574-0400][gc,phases   ] GC(70)   Pre Evacuate Collection Set: 2,2ms
[2024-06-24T23:13:42.574-0400][gc,phases   ] GC(70)   Merge Heap Roots: 0,3ms
[2024-06-24T23:13:42.574-0400][gc,phases   ] GC(70)   Evacuate Collection Set: 3,5ms
[2024-06-24T23:13:42.574-0400][gc,phases   ] GC(70)   Post Evacuate Collection Set: 1,4ms
[2024-06-24T23:13:42.574-0400][gc,phases   ] GC(70)   Other: 0,1ms
[2024-06-24T23:13:42.574-0400][gc,heap     ] GC(70) Eden regions: 48->0(96)
[2024-06-24T23:13:42.574-0400][gc,heap     ] GC(70) Survivor regions: 3->3(7)
[2024-06-24T23:13:42.575-0400][gc,heap     ] GC(70) Old regions: 19->19
[2024-06-24T23:13:42.575-0400][gc,heap     ] GC(70) Humongous regions: 129->129
[2024-06-24T23:13:42.575-0400][gc,metaspace] GC(70) Metaspace: 44076K(44736K)->44076K(44736K) NonClass: 39020K(39424K)->39020K(39424K) Class: 5056K(5312K)->5056K(5312K)
[2024-06-24T23:13:42.575-0400][gc          ] GC(70) Pause Young (Normal) (G1 Evacuation Pause) 198M->149M(1024M) 8,140ms
[2024-06-24T23:13:42.575-0400][gc,cpu      ] GC(70) User=0,00s Sys=0,01s Real=0,01s
[2024-06-25T08:36:27.358-0400][gc,start    ] GC(71) Pause Young (Normal) (G1 Evacuation Pause)
[2024-06-25T08:36:27.360-0400][gc,task     ] GC(71) Using 6 workers of 6 for evacuation
[2024-06-25T08:36:27.381-0400][gc,mmu      ] GC(71) MMU target violated: 20,8ms (20,0ms/21,0ms)
[2024-06-25T08:36:27.381-0400][gc,phases   ] GC(71)   Pre Evacuate Collection Set: 7,7ms
[2024-06-25T08:36:27.381-0400][gc,phases   ] GC(71)   Merge Heap Roots: 0,8ms
[2024-06-25T08:36:27.381-0400][gc,phases   ] GC(71)   Evacuate Collection Set: 10,4ms
[2024-06-25T08:36:27.381-0400][gc,phases   ] GC(71)   Post Evacuate Collection Set: 1,7ms
[2024-06-25T08:36:27.381-0400][gc,phases   ] GC(71)   Other: 0,3ms
[2024-06-25T08:36:27.381-0400][gc,heap     ] GC(71) Eden regions: 90->0(48)
[2024-06-25T08:36:27.381-0400][gc,heap     ] GC(71) Survivor regions: 3->3(12)
[2024-06-25T08:36:27.381-0400][gc,heap     ] GC(71) Old regions: 19->19
[2024-06-25T08:36:27.381-0400][gc,heap     ] GC(71) Humongous regions: 129->129
[2024-06-25T08:36:27.381-0400][gc,metaspace] GC(71) Metaspace: 44076K(44736K)->44076K(44736K) NonClass: 39020K(39424K)->39020K(39424K) Class: 5056K(5312K)->5056K(5312K)
[2024-06-25T08:36:27.381-0400][gc          ] GC(71) Pause Young (Normal) (G1 Evacuation Pause) 239M->150M(1024M) 22,930ms
[2024-06-25T08:36:27.381-0400][gc,cpu      ] GC(71) User=0,04s Sys=0,01s Real=0,03s
[2024-06-25T08:44:08.665-0400][gc,start    ] GC(72) Pause Young (Normal) (G1 Evacuation Pause)
[2024-06-25T08:44:08.665-0400][gc,task     ] GC(72) Using 6 workers of 6 for evacuation
[2024-06-25T08:44:08.674-0400][gc,phases   ] GC(72)   Pre Evacuate Collection Set: 2,0ms
[2024-06-25T08:44:08.674-0400][gc,phases   ] GC(72)   Merge Heap Roots: 0,6ms
[2024-06-25T08:44:08.674-0400][gc,phases   ] GC(72)   Evacuate Collection Set: 5,1ms
[2024-06-25T08:44:08.674-0400][gc,phases   ] GC(72)   Post Evacuate Collection Set: 1,7ms
[2024-06-25T08:44:08.674-0400][gc,phases   ] GC(72)   Other: 0,1ms
[2024-06-25T08:44:08.674-0400][gc,heap     ] GC(72) Eden regions: 48->0(144)
[2024-06-25T08:44:08.674-0400][gc,heap     ] GC(72) Survivor regions: 3->3(7)
[2024-06-25T08:44:08.674-0400][gc,heap     ] GC(72) Old regions: 19->19
[2024-06-25T08:44:08.674-0400][gc,heap     ] GC(72) Humongous regions: 129->129
[2024-06-25T08:44:08.674-0400][gc,metaspace] GC(72) Metaspace: 44076K(44736K)->44076K(44736K) NonClass: 39020K(39424K)->39020K(39424K) Class: 5056K(5312K)->5056K(5312K)
[2024-06-25T08:44:08.674-0400][gc          ] GC(72) Pause Young (Normal) (G1 Evacuation Pause) 198M->149M(1024M) 9,595ms
[2024-06-25T08:44:08.674-0400][gc,cpu      ] GC(72) User=0,03s Sys=0,00s Real=0,01s
[2024-06-25T08:59:46.270-0400][gc,start    ] GC(73) Pause Young (Normal) (G1 Evacuation Pause)
[2024-06-25T08:59:46.270-0400][gc,task     ] GC(73) Using 6 workers of 6 for evacuation
[2024-06-25T08:59:46.278-0400][gc,phases   ] GC(73)   Pre Evacuate Collection Set: 0,6ms
[2024-06-25T08:59:46.278-0400][gc,phases   ] GC(73)   Merge Heap Roots: 0,2ms
[2024-06-25T08:59:46.278-0400][gc,phases   ] GC(73)   Evacuate Collection Set: 5,2ms
[2024-06-25T08:59:46.278-0400][gc,phases   ] GC(73)   Post Evacuate Collection Set: 1,8ms
[2024-06-25T08:59:46.278-0400][gc,phases   ] GC(73)   Other: 0,3ms
[2024-06-25T08:59:46.278-0400][gc,heap     ] GC(73) Eden regions: 96->0(366)
[2024-06-25T08:59:46.278-0400][gc,heap     ] GC(73) Survivor regions: 3->4(13)
[2024-06-25T08:59:46.278-0400][gc,heap     ] GC(73) Old regions: 19->19
[2024-06-25T08:59:46.278-0400][gc,heap     ] GC(73) Humongous regions: 129->129
[2024-06-25T08:59:46.278-0400][gc,metaspace] GC(73) Metaspace: 44076K(44736K)->44076K(44736K) NonClass: 39020K(39424K)->39020K(39424K) Class: 5056K(5312K)->5056K(5312K)
[2024-06-25T08:59:46.278-0400][gc          ] GC(73) Pause Young (Normal) (G1 Evacuation Pause) 245M->150M(1024M) 8,377ms
[2024-06-25T08:59:46.278-0400][gc,cpu      ] GC(73) User=0,01s Sys=0,01s Real=0,00s
[2024-06-25T09:43:59.220-0400][gc,start    ] GC(74) Pause Young (Normal) (G1 Evacuation Pause)
[2024-06-25T09:43:59.220-0400][gc,task     ] GC(74) Using 6 workers of 6 for evacuation
[2024-06-25T09:43:59.231-0400][gc,phases   ] GC(74)   Pre Evacuate Collection Set: 0,7ms
[2024-06-25T09:43:59.231-0400][gc,phases   ] GC(74)   Merge Heap Roots: 0,5ms
[2024-06-25T09:43:59.231-0400][gc,phases   ] GC(74)   Evacuate Collection Set: 6,2ms
[2024-06-25T09:43:59.231-0400][gc,phases   ] GC(74)   Post Evacuate Collection Set: 3,1ms
[2024-06-25T09:43:59.231-0400][gc,phases   ] GC(74)   Other: 0,1ms
[2024-06-25T09:43:59.232-0400][gc,heap     ] GC(74) Eden regions: 271->0(576)
[2024-06-25T09:43:59.232-0400][gc,heap     ] GC(74) Survivor regions: 4->4(35)
[2024-06-25T09:43:59.232-0400][gc,heap     ] GC(74) Old regions: 19->19
[2024-06-25T09:43:59.232-0400][gc,heap     ] GC(74) Humongous regions: 129->129
[2024-06-25T09:43:59.232-0400][gc,metaspace] GC(74) Metaspace: 44078K(44736K)->44078K(44736K) NonClass: 39022K(39424K)->39022K(39424K) Class: 5056K(5312K)->5056K(5312K)
[2024-06-25T09:43:59.232-0400][gc          ] GC(74) Pause Young (Normal) (G1 Evacuation Pause) 421M->150M(1024M) 11,666ms
[2024-06-25T09:43:59.232-0400][gc,cpu      ] GC(74) User=0,04s Sys=0,01s Real=0,01s
[2024-06-25T13:26:24.070-0400][gc,start    ] GC(75) Pause Young (Normal) (G1 Evacuation Pause)
[2024-06-25T13:26:24.072-0400][gc,task     ] GC(75) Using 6 workers of 6 for evacuation
[2024-06-25T13:26:24.127-0400][gc,mmu      ] GC(75) MMU target violated: 21,0ms (20,0ms/21,0ms)
[2024-06-25T13:26:24.127-0400][gc,phases   ] GC(75)   Pre Evacuate Collection Set: 13,4ms
[2024-06-25T13:26:24.127-0400][gc,phases   ] GC(75)   Merge Heap Roots: 1,9ms
[2024-06-25T13:26:24.127-0400][gc,phases   ] GC(75)   Evacuate Collection Set: 25,7ms
[2024-06-25T13:26:24.127-0400][gc,phases   ] GC(75)   Post Evacuate Collection Set: 10,2ms
[2024-06-25T13:26:24.127-0400][gc,phases   ] GC(75)   Other: 4,3ms
[2024-06-25T13:26:24.127-0400][gc,heap     ] GC(75) Eden regions: 507->0(48)
[2024-06-25T13:26:24.127-0400][gc,heap     ] GC(75) Survivor regions: 4->3(64)
[2024-06-25T13:26:24.127-0400][gc,heap     ] GC(75) Old regions: 19->19
[2024-06-25T13:26:24.127-0400][gc,heap     ] GC(75) Humongous regions: 129->129
[2024-06-25T13:26:24.127-0400][gc,metaspace] GC(75) Metaspace: 44090K(44736K)->44090K(44736K) NonClass: 39034K(39424K)->39034K(39424K) Class: 5056K(5312K)->5056K(5312K)
[2024-06-25T13:26:24.128-0400][gc          ] GC(75) Pause Young (Normal) (G1 Evacuation Pause) 657M->150M(1024M) 57,840ms
[2024-06-25T13:26:24.128-0400][gc,cpu      ] GC(75) User=0,09s Sys=0,03s Real=0,06s
[2024-06-25T13:33:25.737-0400][gc,start    ] GC(76) Pause Young (Normal) (G1 Evacuation Pause)
[2024-06-25T13:33:25.738-0400][gc,task     ] GC(76) Using 6 workers of 6 for evacuation
[2024-06-25T13:33:25.747-0400][gc,phases   ] GC(76)   Pre Evacuate Collection Set: 3,1ms
[2024-06-25T13:33:25.747-0400][gc,phases   ] GC(76)   Merge Heap Roots: 0,2ms
[2024-06-25T13:33:25.747-0400][gc,phases   ] GC(76)   Evacuate Collection Set: 3,9ms
[2024-06-25T13:33:25.747-0400][gc,phases   ] GC(76)   Post Evacuate Collection Set: 1,3ms
[2024-06-25T13:33:25.747-0400][gc,phases   ] GC(76)   Other: 0,3ms
[2024-06-25T13:33:25.747-0400][gc,heap     ] GC(76) Eden regions: 48->0(49)
[2024-06-25T13:33:25.747-0400][gc,heap     ] GC(76) Survivor regions: 3->2(7)
[2024-06-25T13:33:25.747-0400][gc,heap     ] GC(76) Old regions: 19->19
[2024-06-25T13:33:25.747-0400][gc,heap     ] GC(76) Humongous regions: 129->129
[2024-06-25T13:33:25.747-0400][gc,metaspace] GC(76) Metaspace: 44090K(44736K)->44090K(44736K) NonClass: 39034K(39424K)->39034K(39424K) Class: 5056K(5312K)->5056K(5312K)
[2024-06-25T13:33:25.747-0400][gc          ] GC(76) Pause Young (Normal) (G1 Evacuation Pause) 198M->149M(1024M) 9,909ms
[2024-06-25T13:33:25.748-0400][gc,cpu      ] GC(76) User=0,00s Sys=0,02s Real=0,01s
[2024-06-25T13:41:25.764-0400][gc,start    ] GC(77) Pause Young (Normal) (G1 Evacuation Pause)
[2024-06-25T13:41:25.764-0400][gc,task     ] GC(77) Using 6 workers of 6 for evacuation
[2024-06-25T13:41:25.782-0400][gc,phases   ] GC(77)   Pre Evacuate Collection Set: 5,5ms
[2024-06-25T13:41:25.782-0400][gc,phases   ] GC(77)   Merge Heap Roots: 3,5ms
[2024-06-25T13:41:25.782-0400][gc,phases   ] GC(77)   Evacuate Collection Set: 6,0ms
[2024-06-25T13:41:25.782-0400][gc,phases   ] GC(77)   Post Evacuate Collection Set: 2,8ms
[2024-06-25T13:41:25.782-0400][gc,phases   ] GC(77)   Other: 0,1ms
[2024-06-25T13:41:25.782-0400][gc,heap     ] GC(77) Eden regions: 49->0(47)
[2024-06-25T13:41:25.782-0400][gc,heap     ] GC(77) Survivor regions: 2->4(7)
[2024-06-25T13:41:25.782-0400][gc,heap     ] GC(77) Old regions: 19->19
[2024-06-25T13:41:25.782-0400][gc,heap     ] GC(77) Humongous regions: 129->129
[2024-06-25T13:41:25.782-0400][gc,metaspace] GC(77) Metaspace: 44090K(44736K)->44090K(44736K) NonClass: 39034K(39424K)->39034K(39424K) Class: 5056K(5312K)->5056K(5312K)
[2024-06-25T13:41:25.782-0400][gc          ] GC(77) Pause Young (Normal) (G1 Evacuation Pause) 198M->150M(1024M) 18,056ms
[2024-06-25T13:41:25.782-0400][gc,cpu      ] GC(77) User=0,03s Sys=0,02s Real=0,01s
[2024-06-25T13:49:04.471-0400][gc,start    ] GC(78) Pause Young (Normal) (G1 Evacuation Pause)
[2024-06-25T13:49:04.472-0400][gc,task     ] GC(78) Using 6 workers of 6 for evacuation
[2024-06-25T13:49:04.480-0400][gc,phases   ] GC(78)   Pre Evacuate Collection Set: 0,7ms
[2024-06-25T13:49:04.480-0400][gc,phases   ] GC(78)   Merge Heap Roots: 0,3ms
[2024-06-25T13:49:04.480-0400][gc,phases   ] GC(78)   Evacuate Collection Set: 5,9ms
[2024-06-25T13:49:04.480-0400][gc,phases   ] GC(78)   Post Evacuate Collection Set: 1,0ms
[2024-06-25T13:49:04.480-0400][gc,phases   ] GC(78)   Other: 0,1ms
[2024-06-25T13:49:04.480-0400][gc,heap     ] GC(78) Eden regions: 47->0(48)
[2024-06-25T13:49:04.480-0400][gc,heap     ] GC(78) Survivor regions: 4->3(7)
[2024-06-25T13:49:04.480-0400][gc,heap     ] GC(78) Old regions: 19->19
[2024-06-25T13:49:04.480-0400][gc,heap     ] GC(78) Humongous regions: 129->129
[2024-06-25T13:49:04.480-0400][gc,metaspace] GC(78) Metaspace: 44092K(44736K)->44092K(44736K) NonClass: 39036K(39424K)->39036K(39424K) Class: 5056K(5312K)->5056K(5312K)
[2024-06-25T13:49:04.480-0400][gc          ] GC(78) Pause Young (Normal) (G1 Evacuation Pause) 197M->150M(1024M) 8,304ms
[2024-06-25T13:49:04.480-0400][gc,cpu      ] GC(78) User=0,02s Sys=0,00s Real=0,01s
[2024-06-25T13:56:57.439-0400][gc,start    ] GC(79) Pause Young (Normal) (G1 Evacuation Pause)
[2024-06-25T13:56:57.439-0400][gc,task     ] GC(79) Using 6 workers of 6 for evacuation
[2024-06-25T13:56:57.454-0400][gc,phases   ] GC(79)   Pre Evacuate Collection Set: 0,8ms
[2024-06-25T13:56:57.454-0400][gc,phases   ] GC(79)   Merge Heap Roots: 0,1ms
[2024-06-25T13:56:57.454-0400][gc,phases   ] GC(79)   Evacuate Collection Set: 12,5ms
[2024-06-25T13:56:57.454-0400][gc,phases   ] GC(79)   Post Evacuate Collection Set: 1,1ms
[2024-06-25T13:56:57.454-0400][gc,phases   ] GC(79)   Other: 0,1ms
[2024-06-25T13:56:57.454-0400][gc,heap     ] GC(79) Eden regions: 48->0(212)
[2024-06-25T13:56:57.454-0400][gc,heap     ] GC(79) Survivor regions: 3->3(7)
[2024-06-25T13:56:57.454-0400][gc,heap     ] GC(79) Old regions: 19->19
[2024-06-25T13:56:57.454-0400][gc,heap     ] GC(79) Humongous regions: 129->129
[2024-06-25T13:56:57.454-0400][gc,metaspace] GC(79) Metaspace: 44092K(44736K)->44092K(44736K) NonClass: 39036K(39424K)->39036K(39424K) Class: 5056K(5312K)->5056K(5312K)
[2024-06-25T13:56:57.454-0400][gc          ] GC(79) Pause Young (Normal) (G1 Evacuation Pause) 198M->149M(1024M) 14,802ms
[2024-06-25T13:56:57.454-0400][gc,cpu      ] GC(79) User=0,02s Sys=0,02s Real=0,02s
[2024-06-25T14:28:50.713-0400][gc,start    ] GC(80) Pause Young (Normal) (G1 Evacuation Pause)
[2024-06-25T14:28:50.713-0400][gc,task     ] GC(80) Using 6 workers of 6 for evacuation
[2024-06-25T14:28:50.762-0400][gc,mmu      ] GC(80) MMU target violated: 21,0ms (20,0ms/21,0ms)
[2024-06-25T14:28:50.762-0400][gc,phases   ] GC(80)   Pre Evacuate Collection Set: 2,3ms
[2024-06-25T14:28:50.762-0400][gc,phases   ] GC(80)   Merge Heap Roots: 0,9ms
[2024-06-25T14:28:50.762-0400][gc,phases   ] GC(80)   Evacuate Collection Set: 43,5ms
[2024-06-25T14:28:50.762-0400][gc,phases   ] GC(80)   Post Evacuate Collection Set: 1,4ms
[2024-06-25T14:28:50.762-0400][gc,phases   ] GC(80)   Other: 0,1ms
[2024-06-25T14:28:50.762-0400][gc,heap     ] GC(80) Eden regions: 197->0(47)
[2024-06-25T14:28:50.762-0400][gc,heap     ] GC(80) Survivor regions: 3->4(25)
[2024-06-25T14:28:50.762-0400][gc,heap     ] GC(80) Old regions: 19->19
[2024-06-25T14:28:50.762-0400][gc,heap     ] GC(80) Humongous regions: 129->129
[2024-06-25T14:28:50.762-0400][gc,metaspace] GC(80) Metaspace: 44093K(44736K)->44093K(44736K) NonClass: 39036K(39424K)->39036K(39424K) Class: 5056K(5312K)->5056K(5312K)
[2024-06-25T14:28:50.762-0400][gc          ] GC(80) Pause Young (Normal) (G1 Evacuation Pause) 346M->150M(1024M) 48,401ms
[2024-06-25T14:28:50.762-0400][gc,cpu      ] GC(80) User=0,26s Sys=0,00s Real=0,04s
[2024-06-25T14:36:22.438-0400][gc,start    ] GC(81) Pause Young (Normal) (G1 Evacuation Pause)
[2024-06-25T14:36:22.438-0400][gc,task     ] GC(81) Using 6 workers of 6 for evacuation
[2024-06-25T14:36:22.444-0400][gc,phases   ] GC(81)   Pre Evacuate Collection Set: 0,9ms
[2024-06-25T14:36:22.444-0400][gc,phases   ] GC(81)   Merge Heap Roots: 0,2ms
[2024-06-25T14:36:22.444-0400][gc,phases   ] GC(81)   Evacuate Collection Set: 3,4ms
[2024-06-25T14:36:22.444-0400][gc,phases   ] GC(81)   Post Evacuate Collection Set: 1,3ms
[2024-06-25T14:36:22.444-0400][gc,phases   ] GC(81)   Other: 0,3ms
[2024-06-25T14:36:22.444-0400][gc,heap     ] GC(81) Eden regions: 47->0(48)
[2024-06-25T14:36:22.444-0400][gc,heap     ] GC(81) Survivor regions: 4->3(7)
[2024-06-25T14:36:22.444-0400][gc,heap     ] GC(81) Old regions: 19->19
[2024-06-25T14:36:22.444-0400][gc,heap     ] GC(81) Humongous regions: 129->129
[2024-06-25T14:36:22.444-0400][gc,metaspace] GC(81) Metaspace: 44094K(44736K)->44094K(44736K) NonClass: 39038K(39424K)->39038K(39424K) Class: 5056K(5312K)->5056K(5312K)
[2024-06-25T14:36:22.444-0400][gc          ] GC(81) Pause Young (Normal) (G1 Evacuation Pause) 197M->149M(1024M) 6,282ms
[2024-06-25T14:36:22.444-0400][gc,cpu      ] GC(81) User=0,01s Sys=0,01s Real=0,01s
[2024-06-25T14:44:11.138-0400][gc,start    ] GC(82) Pause Young (Normal) (G1 Evacuation Pause)
[2024-06-25T14:44:11.138-0400][gc,task     ] GC(82) Using 6 workers of 6 for evacuation
[2024-06-25T14:44:11.145-0400][gc,phases   ] GC(82)   Pre Evacuate Collection Set: 0,7ms
[2024-06-25T14:44:11.145-0400][gc,phases   ] GC(82)   Merge Heap Roots: 0,8ms
[2024-06-25T14:44:11.145-0400][gc,phases   ] GC(82)   Evacuate Collection Set: 3,5ms
[2024-06-25T14:44:11.145-0400][gc,phases   ] GC(82)   Post Evacuate Collection Set: 1,8ms
[2024-06-25T14:44:11.145-0400][gc,phases   ] GC(82)   Other: 0,1ms
[2024-06-25T14:44:11.145-0400][gc,heap     ] GC(82) Eden regions: 48->0(48)
[2024-06-25T14:44:11.145-0400][gc,heap     ] GC(82) Survivor regions: 3->3(7)
[2024-06-25T14:44:11.145-0400][gc,heap     ] GC(82) Old regions: 19->19
[2024-06-25T14:44:11.145-0400][gc,heap     ] GC(82) Humongous regions: 129->129
[2024-06-25T14:44:11.145-0400][gc,metaspace] GC(82) Metaspace: 44094K(44736K)->44094K(44736K) NonClass: 39038K(39424K)->39038K(39424K) Class: 5056K(5312K)->5056K(5312K)
[2024-06-25T14:44:11.145-0400][gc          ] GC(82) Pause Young (Normal) (G1 Evacuation Pause) 197M->149M(1024M) 7,730ms
[2024-06-25T14:44:11.145-0400][gc,cpu      ] GC(82) User=0,01s Sys=0,01s Real=0,01s
[2024-06-25T14:52:00.471-0400][gc,start    ] GC(83) Pause Young (Normal) (G1 Evacuation Pause)
[2024-06-25T14:52:00.471-0400][gc,task     ] GC(83) Using 6 workers of 6 for evacuation
[2024-06-25T14:52:00.479-0400][gc,phases   ] GC(83)   Pre Evacuate Collection Set: 1,4ms
[2024-06-25T14:52:00.479-0400][gc,phases   ] GC(83)   Merge Heap Roots: 0,1ms
[2024-06-25T14:52:00.479-0400][gc,phases   ] GC(83)   Evacuate Collection Set: 4,6ms
[2024-06-25T14:52:00.479-0400][gc,phases   ] GC(83)   Post Evacuate Collection Set: 2,1ms
[2024-06-25T14:52:00.479-0400][gc,phases   ] GC(83)   Other: 0,3ms
[2024-06-25T14:52:00.479-0400][gc,heap     ] GC(83) Eden regions: 48->0(49)
[2024-06-25T14:52:00.479-0400][gc,heap     ] GC(83) Survivor regions: 3->2(7)
[2024-06-25T14:52:00.479-0400][gc,heap     ] GC(83) Old regions: 19->19
[2024-06-25T14:52:00.479-0400][gc,heap     ] GC(83) Humongous regions: 129->129
[2024-06-25T14:52:00.479-0400][gc,metaspace] GC(83) Metaspace: 44094K(44736K)->44094K(44736K) NonClass: 39038K(39424K)->39038K(39424K) Class: 5056K(5312K)->5056K(5312K)
[2024-06-25T14:52:00.479-0400][gc          ] GC(83) Pause Young (Normal) (G1 Evacuation Pause) 197M->149M(1024M) 8,694ms
[2024-06-25T14:52:00.479-0400][gc,cpu      ] GC(83) User=0,02s Sys=0,00s Real=0,01s
[2024-06-25T14:59:59.446-0400][gc,start    ] GC(84) Pause Young (Normal) (G1 Evacuation Pause)
[2024-06-25T14:59:59.447-0400][gc,task     ] GC(84) Using 6 workers of 6 for evacuation
[2024-06-25T14:59:59.466-0400][gc,phases   ] GC(84)   Pre Evacuate Collection Set: 1,8ms
[2024-06-25T14:59:59.466-0400][gc,phases   ] GC(84)   Merge Heap Roots: 0,1ms
[2024-06-25T14:59:59.466-0400][gc,phases   ] GC(84)   Evacuate Collection Set: 15,2ms
[2024-06-25T14:59:59.466-0400][gc,phases   ] GC(84)   Post Evacuate Collection Set: 2,2ms
[2024-06-25T14:59:59.466-0400][gc,phases   ] GC(84)   Other: 0,5ms
[2024-06-25T14:59:59.466-0400][gc,heap     ] GC(84) Eden regions: 49->0(47)
[2024-06-25T14:59:59.466-0400][gc,heap     ] GC(84) Survivor regions: 2->4(7)
[2024-06-25T14:59:59.466-0400][gc,heap     ] GC(84) Old regions: 19->19
[2024-06-25T14:59:59.466-0400][gc,heap     ] GC(84) Humongous regions: 129->129
[2024-06-25T14:59:59.466-0400][gc,metaspace] GC(84) Metaspace: 44094K(44736K)->44094K(44736K) NonClass: 39038K(39424K)->39038K(39424K) Class: 5056K(5312K)->5056K(5312K)
[2024-06-25T14:59:59.467-0400][gc          ] GC(84) Pause Young (Normal) (G1 Evacuation Pause) 198M->150M(1024M) 20,750ms
[2024-06-25T14:59:59.467-0400][gc,cpu      ] GC(84) User=0,02s Sys=0,03s Real=0,02s
[2024-06-25T15:07:37.353-0400][gc,start    ] GC(85) Pause Young (Normal) (G1 Evacuation Pause)
[2024-06-25T15:07:37.353-0400][gc,task     ] GC(85) Using 6 workers of 6 for evacuation
[2024-06-25T15:07:37.366-0400][gc,phases   ] GC(85)   Pre Evacuate Collection Set: 0,6ms
[2024-06-25T15:07:37.366-0400][gc,phases   ] GC(85)   Merge Heap Roots: 0,3ms
[2024-06-25T15:07:37.366-0400][gc,phases   ] GC(85)   Evacuate Collection Set: 7,8ms
[2024-06-25T15:07:37.366-0400][gc,phases   ] GC(85)   Post Evacuate Collection Set: 2,3ms
[2024-06-25T15:07:37.366-0400][gc,phases   ] GC(85)   Other: 1,4ms
[2024-06-25T15:07:37.366-0400][gc,heap     ] GC(85) Eden regions: 47->0(48)
[2024-06-25T15:07:37.366-0400][gc,heap     ] GC(85) Survivor regions: 4->3(7)
[2024-06-25T15:07:37.366-0400][gc,heap     ] GC(85) Old regions: 19->19
[2024-06-25T15:07:37.366-0400][gc,heap     ] GC(85) Humongous regions: 129->129
[2024-06-25T15:07:37.366-0400][gc,metaspace] GC(85) Metaspace: 44094K(44736K)->44094K(44736K) NonClass: 39038K(39424K)->39038K(39424K) Class: 5056K(5312K)->5056K(5312K)
[2024-06-25T15:07:37.366-0400][gc          ] GC(85) Pause Young (Normal) (G1 Evacuation Pause) 197M->150M(1024M) 12,853ms
[2024-06-25T15:07:37.366-0400][gc,cpu      ] GC(85) User=0,01s Sys=0,02s Real=0,01s
[2024-06-25T15:15:27.428-0400][gc,start    ] GC(86) Pause Young (Normal) (G1 Evacuation Pause)
[2024-06-25T15:15:27.428-0400][gc,task     ] GC(86) Using 6 workers of 6 for evacuation
[2024-06-25T15:15:27.442-0400][gc,phases   ] GC(86)   Pre Evacuate Collection Set: 2,3ms
[2024-06-25T15:15:27.443-0400][gc,phases   ] GC(86)   Merge Heap Roots: 0,3ms
[2024-06-25T15:15:27.443-0400][gc,phases   ] GC(86)   Evacuate Collection Set: 7,4ms
[2024-06-25T15:15:27.443-0400][gc,phases   ] GC(86)   Post Evacuate Collection Set: 4,2ms
[2024-06-25T15:15:27.443-0400][gc,phases   ] GC(86)   Other: 0,1ms
[2024-06-25T15:15:27.443-0400][gc,heap     ] GC(86) Eden regions: 48->0(48)
[2024-06-25T15:15:27.443-0400][gc,heap     ] GC(86) Survivor regions: 3->3(7)
[2024-06-25T15:15:27.443-0400][gc,heap     ] GC(86) Old regions: 19->19
[2024-06-25T15:15:27.443-0400][gc,heap     ] GC(86) Humongous regions: 129->129
[2024-06-25T15:15:27.443-0400][gc,metaspace] GC(86) Metaspace: 44095K(44736K)->44095K(44736K) NonClass: 39039K(39424K)->39039K(39424K) Class: 5056K(5312K)->5056K(5312K)
[2024-06-25T15:15:27.443-0400][gc          ] GC(86) Pause Young (Normal) (G1 Evacuation Pause) 198M->149M(1024M) 15,517ms
[2024-06-25T15:15:27.443-0400][gc,cpu      ] GC(86) User=0,02s Sys=0,01s Real=0,02s
[2024-06-25T15:23:15.405-0400][gc,start    ] GC(87) Pause Young (Normal) (G1 Evacuation Pause)
[2024-06-25T15:23:15.405-0400][gc,task     ] GC(87) Using 6 workers of 6 for evacuation
[2024-06-25T15:23:15.412-0400][gc,phases   ] GC(87)   Pre Evacuate Collection Set: 0,7ms
[2024-06-25T15:23:15.412-0400][gc,phases   ] GC(87)   Merge Heap Roots: 0,1ms
[2024-06-25T15:23:15.412-0400][gc,phases   ] GC(87)   Evacuate Collection Set: 4,4ms
[2024-06-25T15:23:15.412-0400][gc,phases   ] GC(87)   Post Evacuate Collection Set: 1,6ms
[2024-06-25T15:23:15.412-0400][gc,phases   ] GC(87)   Other: 0,2ms
[2024-06-25T15:23:15.412-0400][gc,heap     ] GC(87) Eden regions: 48->0(146)
[2024-06-25T15:23:15.412-0400][gc,heap     ] GC(87) Survivor regions: 3->3(7)
[2024-06-25T15:23:15.412-0400][gc,heap     ] GC(87) Old regions: 19->19
[2024-06-25T15:23:15.412-0400][gc,heap     ] GC(87) Humongous regions: 129->129
[2024-06-25T15:23:15.412-0400][gc,metaspace] GC(87) Metaspace: 44111K(44736K)->44111K(44736K) NonClass: 39055K(39424K)->39055K(39424K) Class: 5056K(5312K)->5056K(5312K)
[2024-06-25T15:23:15.412-0400][gc          ] GC(87) Pause Young (Normal) (G1 Evacuation Pause) 197M->149M(1024M) 7,250ms
[2024-06-25T15:23:15.412-0400][gc,cpu      ] GC(87) User=0,02s Sys=0,01s Real=0,00s
[2024-06-25T15:49:59.975-0400][gc,start    ] GC(88) Pause Young (Normal) (G1 Evacuation Pause)
[2024-06-25T15:49:59.975-0400][gc,task     ] GC(88) Using 6 workers of 6 for evacuation
[2024-06-25T15:49:59.985-0400][gc,phases   ] GC(88)   Pre Evacuate Collection Set: 0,6ms
[2024-06-25T15:49:59.985-0400][gc,phases   ] GC(88)   Merge Heap Roots: 0,5ms
[2024-06-25T15:49:59.985-0400][gc,phases   ] GC(88)   Evacuate Collection Set: 8,2ms
[2024-06-25T15:49:59.985-0400][gc,phases   ] GC(88)   Post Evacuate Collection Set: 1,3ms
[2024-06-25T15:49:59.985-0400][gc,phases   ] GC(88)   Other: 0,2ms
[2024-06-25T15:49:59.985-0400][gc,heap     ] GC(88) Eden regions: 166->0(176)
[2024-06-25T15:49:59.985-0400][gc,heap     ] GC(88) Survivor regions: 3->3(22)
[2024-06-25T15:49:59.985-0400][gc,heap     ] GC(88) Old regions: 19->19
[2024-06-25T15:49:59.985-0400][gc,heap     ] GC(88) Humongous regions: 129->129
[2024-06-25T15:49:59.985-0400][gc,metaspace] GC(88) Metaspace: 44117K(44736K)->44117K(44736K) NonClass: 39061K(39424K)->39061K(39424K) Class: 5056K(5312K)->5056K(5312K)
[2024-06-25T15:49:59.986-0400][gc          ] GC(88) Pause Young (Normal) (G1 Evacuation Pause) 315M->150M(1024M) 10,993ms
[2024-06-25T15:49:59.986-0400][gc,cpu      ] GC(88) User=0,04s Sys=0,00s Real=0,01s
[2024-06-25T16:22:08.039-0400][gc,start    ] GC(89) Pause Young (Normal) (G1 Evacuation Pause)
[2024-06-25T16:22:08.039-0400][gc,task     ] GC(89) Using 6 workers of 6 for evacuation
[2024-06-25T16:22:08.080-0400][gc,mmu      ] GC(89) MMU target violated: 21,0ms (20,0ms/21,0ms)
[2024-06-25T16:22:08.080-0400][gc,phases   ] GC(89)   Pre Evacuate Collection Set: 0,8ms
[2024-06-25T16:22:08.080-0400][gc,phases   ] GC(89)   Merge Heap Roots: 0,4ms
[2024-06-25T16:22:08.080-0400][gc,phases   ] GC(89)   Evacuate Collection Set: 34,6ms
[2024-06-25T16:22:08.080-0400][gc,phases   ] GC(89)   Post Evacuate Collection Set: 4,5ms
[2024-06-25T16:22:08.080-0400][gc,phases   ] GC(89)   Other: 0,6ms
[2024-06-25T16:22:08.080-0400][gc,heap     ] GC(89) Eden regions: 195->0(48)
[2024-06-25T16:22:08.080-0400][gc,heap     ] GC(89) Survivor regions: 3->3(25)
[2024-06-25T16:22:08.080-0400][gc,heap     ] GC(89) Old regions: 19->19
[2024-06-25T16:22:08.080-0400][gc,heap     ] GC(89) Humongous regions: 129->129
[2024-06-25T16:22:08.080-0400][gc,metaspace] GC(89) Metaspace: 44117K(44736K)->44117K(44736K) NonClass: 39061K(39424K)->39061K(39424K) Class: 5056K(5312K)->5056K(5312K)
[2024-06-25T16:22:08.080-0400][gc          ] GC(89) Pause Young (Normal) (G1 Evacuation Pause) 345M->149M(1024M) 41,138ms
[2024-06-25T16:22:08.080-0400][gc,cpu      ] GC(89) User=0,09s Sys=0,09s Real=0,04s
[2024-06-25T16:29:25.770-0400][gc,start    ] GC(90) Pause Young (Normal) (G1 Evacuation Pause)
[2024-06-25T16:29:25.770-0400][gc,task     ] GC(90) Using 6 workers of 6 for evacuation
[2024-06-25T16:29:25.802-0400][gc,mmu      ] GC(90) MMU target violated: 21,0ms (20,0ms/21,0ms)
[2024-06-25T16:29:25.802-0400][gc,phases   ] GC(90)   Pre Evacuate Collection Set: 0,6ms
[2024-06-25T16:29:25.802-0400][gc,phases   ] GC(90)   Merge Heap Roots: 0,5ms
[2024-06-25T16:29:25.802-0400][gc,phases   ] GC(90)   Evacuate Collection Set: 29,2ms
[2024-06-25T16:29:25.802-0400][gc,phases   ] GC(90)   Post Evacuate Collection Set: 1,5ms
[2024-06-25T16:29:25.802-0400][gc,phases   ] GC(90)   Other: 0,1ms
[2024-06-25T16:29:25.802-0400][gc,heap     ] GC(90) Eden regions: 48->0(47)
[2024-06-25T16:29:25.802-0400][gc,heap     ] GC(90) Survivor regions: 3->4(7)
[2024-06-25T16:29:25.802-0400][gc,heap     ] GC(90) Old regions: 19->19
[2024-06-25T16:29:25.802-0400][gc,heap     ] GC(90) Humongous regions: 129->129
[2024-06-25T16:29:25.802-0400][gc,metaspace] GC(90) Metaspace: 44117K(44736K)->44117K(44736K) NonClass: 39061K(39424K)->39061K(39424K) Class: 5056K(5312K)->5056K(5312K)
[2024-06-25T16:29:25.802-0400][gc          ] GC(90) Pause Young (Normal) (G1 Evacuation Pause) 197M->150M(1024M) 31,958ms
[2024-06-25T16:29:25.802-0400][gc,cpu      ] GC(90) User=0,07s Sys=0,00s Real=0,03s
[2024-06-25T16:37:04.628-0400][gc,start    ] GC(91) Pause Young (Normal) (G1 Evacuation Pause)
[2024-06-25T16:37:04.628-0400][gc,task     ] GC(91) Using 6 workers of 6 for evacuation
[2024-06-25T16:37:04.637-0400][gc,phases   ] GC(91)   Pre Evacuate Collection Set: 0,8ms
[2024-06-25T16:37:04.637-0400][gc,phases   ] GC(91)   Merge Heap Roots: 0,3ms
[2024-06-25T16:37:04.637-0400][gc,phases   ] GC(91)   Evacuate Collection Set: 6,4ms
[2024-06-25T16:37:04.637-0400][gc,phases   ] GC(91)   Post Evacuate Collection Set: 1,0ms
[2024-06-25T16:37:04.637-0400][gc,phases   ] GC(91)   Other: 0,1ms
[2024-06-25T16:37:04.637-0400][gc,heap     ] GC(91) Eden regions: 47->0(48)
[2024-06-25T16:37:04.637-0400][gc,heap     ] GC(91) Survivor regions: 4->3(7)
[2024-06-25T16:37:04.637-0400][gc,heap     ] GC(91) Old regions: 19->19
[2024-06-25T16:37:04.637-0400][gc,heap     ] GC(91) Humongous regions: 129->129
[2024-06-25T16:37:04.637-0400][gc,metaspace] GC(91) Metaspace: 44118K(44736K)->44118K(44736K) NonClass: 39062K(39424K)->39062K(39424K) Class: 5056K(5312K)->5056K(5312K)
[2024-06-25T16:37:04.637-0400][gc          ] GC(91) Pause Young (Normal) (G1 Evacuation Pause) 197M->150M(1024M) 8,964ms
[2024-06-25T16:37:04.637-0400][gc,cpu      ] GC(91) User=0,02s Sys=0,01s Real=0,01s
[2024-06-25T16:44:52.336-0400][gc,start    ] GC(92) Pause Young (Normal) (G1 Evacuation Pause)
[2024-06-25T16:44:52.336-0400][gc,task     ] GC(92) Using 6 workers of 6 for evacuation
[2024-06-25T16:44:52.355-0400][gc,phases   ] GC(92)   Pre Evacuate Collection Set: 1,5ms
[2024-06-25T16:44:52.355-0400][gc,phases   ] GC(92)   Merge Heap Roots: 1,3ms
[2024-06-25T16:44:52.355-0400][gc,phases   ] GC(92)   Evacuate Collection Set: 15,0ms
[2024-06-25T16:44:52.355-0400][gc,phases   ] GC(92)   Post Evacuate Collection Set: 1,2ms
[2024-06-25T16:44:52.355-0400][gc,phases   ] GC(92)   Other: 0,1ms
[2024-06-25T16:44:52.355-0400][gc,heap     ] GC(92) Eden regions: 48->0(48)
[2024-06-25T16:44:52.355-0400][gc,heap     ] GC(92) Survivor regions: 3->3(7)
[2024-06-25T16:44:52.355-0400][gc,heap     ] GC(92) Old regions: 19->19
[2024-06-25T16:44:52.355-0400][gc,heap     ] GC(92) Humongous regions: 129->129
[2024-06-25T16:44:52.355-0400][gc,metaspace] GC(92) Metaspace: 44118K(44736K)->44118K(44736K) NonClass: 39062K(39424K)->39062K(39424K) Class: 5056K(5312K)->5056K(5312K)
[2024-06-25T16:44:52.355-0400][gc          ] GC(92) Pause Young (Normal) (G1 Evacuation Pause) 198M->150M(1024M) 19,361ms
[2024-06-25T16:44:52.355-0400][gc,cpu      ] GC(92) User=0,04s Sys=0,01s Real=0,02s
[2024-06-25T16:52:41.941-0400][gc,start    ] GC(93) Pause Young (Normal) (G1 Evacuation Pause)
[2024-06-25T16:52:41.941-0400][gc,task     ] GC(93) Using 6 workers of 6 for evacuation
[2024-06-25T16:52:41.949-0400][gc,phases   ] GC(93)   Pre Evacuate Collection Set: 1,8ms
[2024-06-25T16:52:41.949-0400][gc,phases   ] GC(93)   Merge Heap Roots: 0,3ms
[2024-06-25T16:52:41.949-0400][gc,phases   ] GC(93)   Evacuate Collection Set: 3,8ms
[2024-06-25T16:52:41.949-0400][gc,phases   ] GC(93)   Post Evacuate Collection Set: 1,3ms
[2024-06-25T16:52:41.949-0400][gc,phases   ] GC(93)   Other: 0,1ms
[2024-06-25T16:52:41.949-0400][gc,heap     ] GC(93) Eden regions: 48->0(75)
[2024-06-25T16:52:41.949-0400][gc,heap     ] GC(93) Survivor regions: 3->3(7)
[2024-06-25T16:52:41.949-0400][gc,heap     ] GC(93) Old regions: 19->19
[2024-06-25T16:52:41.949-0400][gc,heap     ] GC(93) Humongous regions: 129->129
[2024-06-25T16:52:41.949-0400][gc,metaspace] GC(93) Metaspace: 44119K(44736K)->44119K(44736K) NonClass: 39063K(39424K)->39063K(39424K) Class: 5056K(5312K)->5056K(5312K)
[2024-06-25T16:52:41.949-0400][gc          ] GC(93) Pause Young (Normal) (G1 Evacuation Pause) 198M->149M(1024M) 7,450ms
[2024-06-25T16:52:41.949-0400][gc,cpu      ] GC(93) User=0,00s Sys=0,01s Real=0,01s
[2024-06-25T17:04:56.359-0400][gc,start    ] GC(94) Pause Young (Normal) (G1 Evacuation Pause)
[2024-06-25T17:04:56.359-0400][gc,task     ] GC(94) Using 6 workers of 6 for evacuation
[2024-06-25T17:04:56.367-0400][gc,phases   ] GC(94)   Pre Evacuate Collection Set: 0,8ms
[2024-06-25T17:04:56.367-0400][gc,phases   ] GC(94)   Merge Heap Roots: 0,4ms
[2024-06-25T17:04:56.367-0400][gc,phases   ] GC(94)   Evacuate Collection Set: 4,3ms
[2024-06-25T17:04:56.367-0400][gc,phases   ] GC(94)   Post Evacuate Collection Set: 1,8ms
[2024-06-25T17:04:56.367-0400][gc,phases   ] GC(94)   Other: 0,2ms
[2024-06-25T17:04:56.367-0400][gc,heap     ] GC(94) Eden regions: 75->0(171)
[2024-06-25T17:04:56.367-0400][gc,heap     ] GC(94) Survivor regions: 3->3(10)
[2024-06-25T17:04:56.367-0400][gc,heap     ] GC(94) Old regions: 19->19
[2024-06-25T17:04:56.367-0400][gc,heap     ] GC(94) Humongous regions: 129->129
[2024-06-25T17:04:56.367-0400][gc,metaspace] GC(94) Metaspace: 44121K(44736K)->44121K(44736K) NonClass: 39065K(39424K)->39065K(39424K) Class: 5056K(5312K)->5056K(5312K)
[2024-06-25T17:04:56.367-0400][gc          ] GC(94) Pause Young (Normal) (G1 Evacuation Pause) 224M->150M(1024M) 7,858ms
[2024-06-25T17:04:56.367-0400][gc,cpu      ] GC(94) User=0,01s Sys=0,02s Real=0,01s
[2024-06-25T17:31:51.460-0400][gc,start    ] GC(95) Pause Young (Normal) (G1 Evacuation Pause)
[2024-06-25T17:31:51.461-0400][gc,task     ] GC(95) Using 6 workers of 6 for evacuation
[2024-06-25T17:31:51.503-0400][gc,mmu      ] GC(95) MMU target violated: 21,0ms (20,0ms/21,0ms)
[2024-06-25T17:31:51.503-0400][gc,phases   ] GC(95)   Pre Evacuate Collection Set: 7,4ms
[2024-06-25T17:31:51.503-0400][gc,phases   ] GC(95)   Merge Heap Roots: 1,3ms
[2024-06-25T17:31:51.503-0400][gc,phases   ] GC(95)   Evacuate Collection Set: 28,8ms
[2024-06-25T17:31:51.503-0400][gc,phases   ] GC(95)   Post Evacuate Collection Set: 4,4ms
[2024-06-25T17:31:51.503-0400][gc,phases   ] GC(95)   Other: 0,3ms
[2024-06-25T17:31:51.503-0400][gc,heap     ] GC(95) Eden regions: 167->0(48)
[2024-06-25T17:31:51.503-0400][gc,heap     ] GC(95) Survivor regions: 3->3(22)
[2024-06-25T17:31:51.503-0400][gc,heap     ] GC(95) Old regions: 19->19
[2024-06-25T17:31:51.503-0400][gc,heap     ] GC(95) Humongous regions: 129->129
[2024-06-25T17:31:51.503-0400][gc,metaspace] GC(95) Metaspace: 44124K(44736K)->44124K(44736K) NonClass: 39068K(39424K)->39068K(39424K) Class: 5056K(5312K)->5056K(5312K)
[2024-06-25T17:31:51.503-0400][gc          ] GC(95) Pause Young (Normal) (G1 Evacuation Pause) 317M->149M(1024M) 42,430ms
[2024-06-25T17:31:51.503-0400][gc,cpu      ] GC(95) User=0,07s Sys=0,02s Real=0,05s
[2024-06-25T17:39:36.825-0400][gc,start    ] GC(96) Pause Young (Normal) (G1 Evacuation Pause)
[2024-06-25T17:39:36.825-0400][gc,task     ] GC(96) Using 6 workers of 6 for evacuation
[2024-06-25T17:39:36.843-0400][gc,phases   ] GC(96)   Pre Evacuate Collection Set: 2,8ms
[2024-06-25T17:39:36.843-0400][gc,phases   ] GC(96)   Merge Heap Roots: 2,7ms
[2024-06-25T17:39:36.843-0400][gc,phases   ] GC(96)   Evacuate Collection Set: 11,3ms
[2024-06-25T17:39:36.843-0400][gc,phases   ] GC(96)   Post Evacuate Collection Set: 0,7ms
[2024-06-25T17:39:36.843-0400][gc,phases   ] GC(96)   Other: 0,1ms
[2024-06-25T17:39:36.843-0400][gc,heap     ] GC(96) Eden regions: 48->0(47)
[2024-06-25T17:39:36.843-0400][gc,heap     ] GC(96) Survivor regions: 3->4(7)
[2024-06-25T17:39:36.843-0400][gc,heap     ] GC(96) Old regions: 19->19
[2024-06-25T17:39:36.843-0400][gc,heap     ] GC(96) Humongous regions: 129->129
[2024-06-25T17:39:36.843-0400][gc,metaspace] GC(96) Metaspace: 44125K(44736K)->44125K(44736K) NonClass: 39069K(39424K)->39069K(39424K) Class: 5056K(5312K)->5056K(5312K)
[2024-06-25T17:39:36.844-0400][gc          ] GC(96) Pause Young (Normal) (G1 Evacuation Pause) 197M->150M(1024M) 18,389ms
[2024-06-25T17:39:36.844-0400][gc,cpu      ] GC(96) User=0,02s Sys=0,02s Real=0,02s
[2024-06-26T08:26:45.245-0400][gc,start    ] GC(97) Pause Young (Normal) (G1 Evacuation Pause)
[2024-06-26T08:26:45.245-0400][gc,task     ] GC(97) Using 6 workers of 6 for evacuation
[2024-06-26T08:26:45.275-0400][gc,mmu      ] GC(97) MMU target violated: 21,0ms (20,0ms/21,0ms)
[2024-06-26T08:26:45.275-0400][gc,phases   ] GC(97)   Pre Evacuate Collection Set: 0,7ms
[2024-06-26T08:26:45.275-0400][gc,phases   ] GC(97)   Merge Heap Roots: 0,4ms
[2024-06-26T08:26:45.275-0400][gc,phases   ] GC(97)   Evacuate Collection Set: 21,6ms
[2024-06-26T08:26:45.275-0400][gc,phases   ] GC(97)   Post Evacuate Collection Set: 6,5ms
[2024-06-26T08:26:45.275-0400][gc,phases   ] GC(97)   Other: 0,1ms
[2024-06-26T08:26:45.275-0400][gc,heap     ] GC(97) Eden regions: 47->0(47)
[2024-06-26T08:26:45.275-0400][gc,heap     ] GC(97) Survivor regions: 4->4(7)
[2024-06-26T08:26:45.275-0400][gc,heap     ] GC(97) Old regions: 19->19
[2024-06-26T08:26:45.275-0400][gc,heap     ] GC(97) Humongous regions: 129->129
[2024-06-26T08:26:45.275-0400][gc,metaspace] GC(97) Metaspace: 44129K(44736K)->44129K(44736K) NonClass: 39072K(39424K)->39072K(39424K) Class: 5056K(5312K)->5056K(5312K)
[2024-06-26T08:26:45.275-0400][gc          ] GC(97) Pause Young (Normal) (G1 Evacuation Pause) 197M->150M(1024M) 30,137ms
[2024-06-26T08:26:45.275-0400][gc,cpu      ] GC(97) User=0,04s Sys=0,01s Real=0,03s
[2024-06-26T08:34:52.677-0400][gc,start    ] GC(98) Pause Young (Normal) (G1 Evacuation Pause)
[2024-06-26T08:34:52.677-0400][gc,task     ] GC(98) Using 6 workers of 6 for evacuation
[2024-06-26T08:34:52.685-0400][gc,phases   ] GC(98)   Pre Evacuate Collection Set: 1,6ms
[2024-06-26T08:34:52.686-0400][gc,phases   ] GC(98)   Merge Heap Roots: 1,7ms
[2024-06-26T08:34:52.686-0400][gc,phases   ] GC(98)   Evacuate Collection Set: 3,0ms
[2024-06-26T08:34:52.686-0400][gc,phases   ] GC(98)   Post Evacuate Collection Set: 1,8ms
[2024-06-26T08:34:52.686-0400][gc,phases   ] GC(98)   Other: 0,1ms
[2024-06-26T08:34:52.686-0400][gc,heap     ] GC(98) Eden regions: 47->0(91)
[2024-06-26T08:34:52.686-0400][gc,heap     ] GC(98) Survivor regions: 4->3(7)
[2024-06-26T08:34:52.686-0400][gc,heap     ] GC(98) Old regions: 19->19
[2024-06-26T08:34:52.686-0400][gc,heap     ] GC(98) Humongous regions: 129->129
[2024-06-26T08:34:52.686-0400][gc,metaspace] GC(98) Metaspace: 44129K(44736K)->44129K(44736K) NonClass: 39072K(39424K)->39072K(39424K) Class: 5056K(5312K)->5056K(5312K)
[2024-06-26T08:34:52.686-0400][gc          ] GC(98) Pause Young (Normal) (G1 Evacuation Pause) 197M->150M(1024M) 8,571ms
[2024-06-26T08:34:52.686-0400][gc,cpu      ] GC(98) User=0,00s Sys=0,01s Real=0,01s
[2024-06-26T08:50:09.665-0400][gc,start    ] GC(99) Pause Young (Normal) (G1 Evacuation Pause)
[2024-06-26T08:50:09.665-0400][gc,task     ] GC(99) Using 6 workers of 6 for evacuation
[2024-06-26T08:50:09.674-0400][gc,phases   ] GC(99)   Pre Evacuate Collection Set: 0,6ms
[2024-06-26T08:50:09.674-0400][gc,phases   ] GC(99)   Merge Heap Roots: 0,3ms
[2024-06-26T08:50:09.674-0400][gc,phases   ] GC(99)   Evacuate Collection Set: 6,2ms
[2024-06-26T08:50:09.674-0400][gc,phases   ] GC(99)   Post Evacuate Collection Set: 0,8ms
[2024-06-26T08:50:09.674-0400][gc,phases   ] GC(99)   Other: 0,1ms
[2024-06-26T08:50:09.674-0400][gc,heap     ] GC(99) Eden regions: 88->0(164)
[2024-06-26T08:50:09.674-0400][gc,heap     ] GC(99) Survivor regions: 3->3(12)
[2024-06-26T08:50:09.674-0400][gc,heap     ] GC(99) Old regions: 19->19
[2024-06-26T08:50:09.674-0400][gc,heap     ] GC(99) Humongous regions: 129->129
[2024-06-26T08:50:09.674-0400][gc,metaspace] GC(99) Metaspace: 44132K(44736K)->44132K(44736K) NonClass: 39076K(39424K)->39076K(39424K) Class: 5056K(5312K)->5056K(5312K)
[2024-06-26T08:50:09.674-0400][gc          ] GC(99) Pause Young (Normal) (G1 Evacuation Pause) 238M->149M(1024M) 8,231ms
[2024-06-26T08:50:09.674-0400][gc,cpu      ] GC(99) User=0,03s Sys=0,00s Real=0,01s
[2024-06-26T09:19:05.246-0400][gc,start    ] GC(100) Pause Young (Normal) (G1 Evacuation Pause)
[2024-06-26T09:19:05.246-0400][gc,task     ] GC(100) Using 6 workers of 6 for evacuation
[2024-06-26T09:19:05.352-0400][gc,mmu      ] GC(100) MMU target violated: 21,0ms (20,0ms/21,0ms)
[2024-06-26T09:19:05.352-0400][gc,phases   ] GC(100)   Pre Evacuate Collection Set: 0,8ms
[2024-06-26T09:19:05.352-0400][gc,phases   ] GC(100)   Merge Heap Roots: 0,5ms
[2024-06-26T09:19:05.352-0400][gc,phases   ] GC(100)   Evacuate Collection Set: 90,2ms
[2024-06-26T09:19:05.352-0400][gc,phases   ] GC(100)   Post Evacuate Collection Set: 15,0ms
[2024-06-26T09:19:05.352-0400][gc,phases   ] GC(100)   Other: 0,2ms
[2024-06-26T09:19:05.352-0400][gc,heap     ] GC(100) Eden regions: 171->0(48)
[2024-06-26T09:19:05.352-0400][gc,heap     ] GC(100) Survivor regions: 3->3(22)
[2024-06-26T09:19:05.352-0400][gc,heap     ] GC(100) Old regions: 19->19
[2024-06-26T09:19:05.352-0400][gc,heap     ] GC(100) Humongous regions: 129->129
[2024-06-26T09:19:05.352-0400][gc,metaspace] GC(100) Metaspace: 44148K(44800K)->44148K(44800K) NonClass: 39092K(39488K)->39092K(39488K) Class: 5056K(5312K)->5056K(5312K)
[2024-06-26T09:19:05.352-0400][gc          ] GC(100) Pause Young (Normal) (G1 Evacuation Pause) 320M->150M(1024M) 106,906ms
[2024-06-26T09:19:05.352-0400][gc,cpu      ] GC(100) User=0,33s Sys=0,20s Real=0,11s
[2024-06-26T09:26:45.245-0400][gc,start    ] GC(101) Pause Young (Normal) (G1 Evacuation Pause)
[2024-06-26T09:26:45.245-0400][gc,task     ] GC(101) Using 6 workers of 6 for evacuation
[2024-06-26T09:26:45.251-0400][gc,phases   ] GC(101)   Pre Evacuate Collection Set: 0,7ms
[2024-06-26T09:26:45.251-0400][gc,phases   ] GC(101)   Merge Heap Roots: 0,5ms
[2024-06-26T09:26:45.251-0400][gc,phases   ] GC(101)   Evacuate Collection Set: 2,9ms
[2024-06-26T09:26:45.251-0400][gc,phases   ] GC(101)   Post Evacuate Collection Set: 1,9ms
[2024-06-26T09:26:45.251-0400][gc,phases   ] GC(101)   Other: 0,1ms
[2024-06-26T09:26:45.252-0400][gc,heap     ] GC(101) Eden regions: 48->0(48)
[2024-06-26T09:26:45.252-0400][gc,heap     ] GC(101) Survivor regions: 3->3(7)
[2024-06-26T09:26:45.252-0400][gc,heap     ] GC(101) Old regions: 19->19
[2024-06-26T09:26:45.252-0400][gc,heap     ] GC(101) Humongous regions: 129->129
[2024-06-26T09:26:45.252-0400][gc,metaspace] GC(101) Metaspace: 44148K(44800K)->44148K(44800K) NonClass: 39092K(39488K)->39092K(39488K) Class: 5056K(5312K)->5056K(5312K)
[2024-06-26T09:26:45.252-0400][gc          ] GC(101) Pause Young (Normal) (G1 Evacuation Pause) 198M->149M(1024M) 6,327ms
[2024-06-26T09:26:45.252-0400][gc,cpu      ] GC(101) User=0,01s Sys=0,01s Real=0,01s
[2024-06-26T09:34:33.407-0400][gc,start    ] GC(102) Pause Young (Normal) (G1 Evacuation Pause)
[2024-06-26T09:34:33.407-0400][gc,task     ] GC(102) Using 6 workers of 6 for evacuation
[2024-06-26T09:34:33.424-0400][gc,phases   ] GC(102)   Pre Evacuate Collection Set: 0,5ms
[2024-06-26T09:34:33.425-0400][gc,phases   ] GC(102)   Merge Heap Roots: 0,5ms
[2024-06-26T09:34:33.425-0400][gc,phases   ] GC(102)   Evacuate Collection Set: 10,4ms
[2024-06-26T09:34:33.425-0400][gc,phases   ] GC(102)   Post Evacuate Collection Set: 5,5ms
[2024-06-26T09:34:33.425-0400][gc,phases   ] GC(102)   Other: 0,1ms
[2024-06-26T09:34:33.425-0400][gc,heap     ] GC(102) Eden regions: 48->0(49)
[2024-06-26T09:34:33.425-0400][gc,heap     ] GC(102) Survivor regions: 3->2(7)
[2024-06-26T09:34:33.425-0400][gc,heap     ] GC(102) Old regions: 19->19
[2024-06-26T09:34:33.425-0400][gc,heap     ] GC(102) Humongous regions: 129->129
[2024-06-26T09:34:33.425-0400][gc,metaspace] GC(102) Metaspace: 44148K(44800K)->44148K(44800K) NonClass: 39092K(39488K)->39092K(39488K) Class: 5056K(5312K)->5056K(5312K)
[2024-06-26T09:34:33.425-0400][gc          ] GC(102) Pause Young (Normal) (G1 Evacuation Pause) 197M->149M(1024M) 17,276ms
[2024-06-26T09:34:33.425-0400][gc,cpu      ] GC(102) User=0,01s Sys=0,01s Real=0,02s
[2024-06-26T09:42:33.097-0400][gc,start    ] GC(103) Pause Young (Normal) (G1 Evacuation Pause)
[2024-06-26T09:42:33.097-0400][gc,task     ] GC(103) Using 6 workers of 6 for evacuation
[2024-06-26T09:42:33.111-0400][gc,phases   ] GC(103)   Pre Evacuate Collection Set: 6,6ms
[2024-06-26T09:42:33.111-0400][gc,phases   ] GC(103)   Merge Heap Roots: 2,6ms
[2024-06-26T09:42:33.111-0400][gc,phases   ] GC(103)   Evacuate Collection Set: 4,0ms
[2024-06-26T09:42:33.111-0400][gc,phases   ] GC(103)   Post Evacuate Collection Set: 1,4ms
[2024-06-26T09:42:33.111-0400][gc,phases   ] GC(103)   Other: 0,1ms
[2024-06-26T09:42:33.111-0400][gc,heap     ] GC(103) Eden regions: 49->0(47)
[2024-06-26T09:42:33.111-0400][gc,heap     ] GC(103) Survivor regions: 2->4(7)
[2024-06-26T09:42:33.111-0400][gc,heap     ] GC(103) Old regions: 19->19
[2024-06-26T09:42:33.111-0400][gc,heap     ] GC(103) Humongous regions: 129->129
[2024-06-26T09:42:33.111-0400][gc,metaspace] GC(103) Metaspace: 44150K(44800K)->44150K(44800K) NonClass: 39094K(39488K)->39094K(39488K) Class: 5056K(5312K)->5056K(5312K)
[2024-06-26T09:42:33.111-0400][gc          ] GC(103) Pause Young (Normal) (G1 Evacuation Pause) 198M->150M(1024M) 14,778ms
[2024-06-26T09:42:33.111-0400][gc,cpu      ] GC(103) User=0,02s Sys=0,01s Real=0,02s
[2024-06-26T09:50:11.580-0400][gc,start    ] GC(104) Pause Young (Normal) (G1 Evacuation Pause)
[2024-06-26T09:50:11.580-0400][gc,task     ] GC(104) Using 6 workers of 6 for evacuation
[2024-06-26T09:50:11.602-0400][gc,mmu      ] GC(104) MMU target violated: 21,0ms (20,0ms/21,0ms)
[2024-06-26T09:50:11.602-0400][gc,phases   ] GC(104)   Pre Evacuate Collection Set: 0,4ms
[2024-06-26T09:50:11.602-0400][gc,phases   ] GC(104)   Merge Heap Roots: 3,5ms
[2024-06-26T09:50:11.602-0400][gc,phases   ] GC(104)   Evacuate Collection Set: 17,1ms
[2024-06-26T09:50:11.602-0400][gc,phases   ] GC(104)   Post Evacuate Collection Set: 0,8ms
[2024-06-26T09:50:11.602-0400][gc,phases   ] GC(104)   Other: 0,1ms
[2024-06-26T09:50:11.602-0400][gc,heap     ] GC(104) Eden regions: 47->0(48)
[2024-06-26T09:50:11.602-0400][gc,heap     ] GC(104) Survivor regions: 4->3(7)
[2024-06-26T09:50:11.602-0400][gc,heap     ] GC(104) Old regions: 19->19
[2024-06-26T09:50:11.602-0400][gc,heap     ] GC(104) Humongous regions: 129->129
[2024-06-26T09:50:11.602-0400][gc,metaspace] GC(104) Metaspace: 44150K(44800K)->44150K(44800K) NonClass: 39094K(39488K)->39094K(39488K) Class: 5056K(5312K)->5056K(5312K)
[2024-06-26T09:50:11.602-0400][gc          ] GC(104) Pause Young (Normal) (G1 Evacuation Pause) 197M->150M(1024M) 22,050ms
[2024-06-26T09:50:11.602-0400][gc,cpu      ] GC(104) User=0,02s Sys=0,02s Real=0,02s
[2024-06-26T09:57:59.907-0400][gc,start    ] GC(105) Pause Young (Normal) (G1 Evacuation Pause)
[2024-06-26T09:57:59.907-0400][gc,task     ] GC(105) Using 6 workers of 6 for evacuation
[2024-06-26T09:57:59.915-0400][gc,phases   ] GC(105)   Pre Evacuate Collection Set: 0,8ms
[2024-06-26T09:57:59.915-0400][gc,phases   ] GC(105)   Merge Heap Roots: 0,2ms
[2024-06-26T09:57:59.915-0400][gc,phases   ] GC(105)   Evacuate Collection Set: 4,6ms
[2024-06-26T09:57:59.915-0400][gc,phases   ] GC(105)   Post Evacuate Collection Set: 2,6ms
[2024-06-26T09:57:59.915-0400][gc,phases   ] GC(105)   Other: 0,1ms
[2024-06-26T09:57:59.915-0400][gc,heap     ] GC(105) Eden regions: 48->0(48)
[2024-06-26T09:57:59.915-0400][gc,heap     ] GC(105) Survivor regions: 3->3(7)
[2024-06-26T09:57:59.915-0400][gc,heap     ] GC(105) Old regions: 19->19
[2024-06-26T09:57:59.915-0400][gc,heap     ] GC(105) Humongous regions: 129->129
[2024-06-26T09:57:59.915-0400][gc,metaspace] GC(105) Metaspace: 44152K(44800K)->44152K(44800K) NonClass: 39095K(39488K)->39095K(39488K) Class: 5056K(5312K)->5056K(5312K)
[2024-06-26T09:57:59.915-0400][gc          ] GC(105) Pause Young (Normal) (G1 Evacuation Pause) 198M->150M(1024M) 8,641ms
[2024-06-26T09:57:59.915-0400][gc,cpu      ] GC(105) User=0,03s Sys=0,00s Real=0,01s
[2024-06-26T10:05:48.752-0400][gc,start    ] GC(106) Pause Young (Normal) (G1 Evacuation Pause)
[2024-06-26T10:05:48.752-0400][gc,task     ] GC(106) Using 6 workers of 6 for evacuation
[2024-06-26T10:05:48.758-0400][gc,phases   ] GC(106)   Pre Evacuate Collection Set: 0,6ms
[2024-06-26T10:05:48.758-0400][gc,phases   ] GC(106)   Merge Heap Roots: 0,4ms
[2024-06-26T10:05:48.758-0400][gc,phases   ] GC(106)   Evacuate Collection Set: 2,9ms
[2024-06-26T10:05:48.758-0400][gc,phases   ] GC(106)   Post Evacuate Collection Set: 1,2ms
[2024-06-26T10:05:48.758-0400][gc,phases   ] GC(106)   Other: 0,1ms
[2024-06-26T10:05:48.758-0400][gc,heap     ] GC(106) Eden regions: 48->0(48)
[2024-06-26T10:05:48.758-0400][gc,heap     ] GC(106) Survivor regions: 3->3(7)
[2024-06-26T10:05:48.758-0400][gc,heap     ] GC(106) Old regions: 19->19
[2024-06-26T10:05:48.758-0400][gc,heap     ] GC(106) Humongous regions: 129->129
[2024-06-26T10:05:48.758-0400][gc,metaspace] GC(106) Metaspace: 44158K(44800K)->44158K(44800K) NonClass: 39102K(39488K)->39102K(39488K) Class: 5056K(5312K)->5056K(5312K)
[2024-06-26T10:05:48.758-0400][gc          ] GC(106) Pause Young (Normal) (G1 Evacuation Pause) 198M->149M(1024M) 5,427ms
[2024-06-26T10:05:48.758-0400][gc,cpu      ] GC(106) User=0,00s Sys=0,01s Real=0,00s
[2024-06-26T10:13:10.832-0400][gc,start    ] GC(107) Pause Young (Normal) (G1 Evacuation Pause)
[2024-06-26T10:13:10.832-0400][gc,task     ] GC(107) Using 6 workers of 6 for evacuation
[2024-06-26T10:13:10.841-0400][gc,phases   ] GC(107)   Pre Evacuate Collection Set: 1,0ms
[2024-06-26T10:13:10.841-0400][gc,phases   ] GC(107)   Merge Heap Roots: 1,2ms
[2024-06-26T10:13:10.841-0400][gc,phases   ] GC(107)   Evacuate Collection Set: 4,8ms
[2024-06-26T10:13:10.841-0400][gc,phases   ] GC(107)   Post Evacuate Collection Set: 1,0ms
[2024-06-26T10:13:10.841-0400][gc,phases   ] GC(107)   Other: 0,1ms
[2024-06-26T10:13:10.841-0400][gc,heap     ] GC(107) Eden regions: 48->0(47)
[2024-06-26T10:13:10.841-0400][gc,heap     ] GC(107) Survivor regions: 3->4(7)
[2024-06-26T10:13:10.841-0400][gc,heap     ] GC(107) Old regions: 19->19
[2024-06-26T10:13:10.841-0400][gc,heap     ] GC(107) Humongous regions: 129->129
[2024-06-26T10:13:10.841-0400][gc,metaspace] GC(107) Metaspace: 44159K(44800K)->44159K(44800K) NonClass: 39103K(39488K)->39103K(39488K) Class: 5056K(5312K)->5056K(5312K)
[2024-06-26T10:13:10.841-0400][gc          ] GC(107) Pause Young (Normal) (G1 Evacuation Pause) 197M->150M(1024M) 8,536ms
[2024-06-26T10:13:10.841-0400][gc,cpu      ] GC(107) User=0,01s Sys=0,01s Real=0,01s
[2024-06-26T10:20:49.207-0400][gc,start    ] GC(108) Pause Young (Normal) (G1 Evacuation Pause)
[2024-06-26T10:20:49.207-0400][gc,task     ] GC(108) Using 6 workers of 6 for evacuation
[2024-06-26T10:20:49.213-0400][gc,phases   ] GC(108)   Pre Evacuate Collection Set: 0,6ms
[2024-06-26T10:20:49.213-0400][gc,phases   ] GC(108)   Merge Heap Roots: 0,2ms
[2024-06-26T10:20:49.213-0400][gc,phases   ] GC(108)   Evacuate Collection Set: 4,0ms
[2024-06-26T10:20:49.213-0400][gc,phases   ] GC(108)   Post Evacuate Collection Set: 1,3ms
[2024-06-26T10:20:49.213-0400][gc,phases   ] GC(108)   Other: 0,1ms
[2024-06-26T10:20:49.213-0400][gc,heap     ] GC(108) Eden regions: 47->0(48)
[2024-06-26T10:20:49.213-0400][gc,heap     ] GC(108) Survivor regions: 4->3(7)
[2024-06-26T10:20:49.213-0400][gc,heap     ] GC(108) Old regions: 19->19
[2024-06-26T10:20:49.213-0400][gc,heap     ] GC(108) Humongous regions: 129->129
[2024-06-26T10:20:49.213-0400][gc,metaspace] GC(108) Metaspace: 44160K(44800K)->44160K(44800K) NonClass: 39104K(39488K)->39104K(39488K) Class: 5056K(5312K)->5056K(5312K)
[2024-06-26T10:20:49.213-0400][gc          ] GC(108) Pause Young (Normal) (G1 Evacuation Pause) 197M->150M(1024M) 6,529ms
[2024-06-26T10:20:49.213-0400][gc,cpu      ] GC(108) User=0,00s Sys=0,01s Real=0,01s
[2024-06-26T10:28:37.731-0400][gc,start    ] GC(109) Pause Young (Normal) (G1 Evacuation Pause)
[2024-06-26T10:28:37.731-0400][gc,task     ] GC(109) Using 6 workers of 6 for evacuation
[2024-06-26T10:28:37.743-0400][gc,phases   ] GC(109)   Pre Evacuate Collection Set: 0,7ms
[2024-06-26T10:28:37.743-0400][gc,phases   ] GC(109)   Merge Heap Roots: 0,4ms
[2024-06-26T10:28:37.743-0400][gc,phases   ] GC(109)   Evacuate Collection Set: 9,1ms
[2024-06-26T10:28:37.743-0400][gc,phases   ] GC(109)   Post Evacuate Collection Set: 2,3ms
[2024-06-26T10:28:37.743-0400][gc,phases   ] GC(109)   Other: 0,2ms
[2024-06-26T10:28:37.743-0400][gc,heap     ] GC(109) Eden regions: 48->0(99)
[2024-06-26T10:28:37.743-0400][gc,heap     ] GC(109) Survivor regions: 3->3(7)
[2024-06-26T10:28:37.743-0400][gc,heap     ] GC(109) Old regions: 19->19
[2024-06-26T10:28:37.743-0400][gc,heap     ] GC(109) Humongous regions: 129->129
[2024-06-26T10:28:37.743-0400][gc,metaspace] GC(109) Metaspace: 44165K(44800K)->44165K(44800K) NonClass: 39109K(39488K)->39109K(39488K) Class: 5056K(5312K)->5056K(5312K)
[2024-06-26T10:28:37.743-0400][gc          ] GC(109) Pause Young (Normal) (G1 Evacuation Pause) 198M->150M(1024M) 12,861ms
[2024-06-26T10:28:37.743-0400][gc,cpu      ] GC(109) User=0,01s Sys=0,02s Real=0,01s
[2024-06-26T10:45:18.855-0400][gc,start    ] GC(110) Pause Young (Normal) (G1 Evacuation Pause)
[2024-06-26T10:45:18.855-0400][gc,task     ] GC(110) Using 6 workers of 6 for evacuation
[2024-06-26T10:45:18.862-0400][gc,phases   ] GC(110)   Pre Evacuate Collection Set: 0,7ms
[2024-06-26T10:45:18.862-0400][gc,phases   ] GC(110)   Merge Heap Roots: 0,3ms
[2024-06-26T10:45:18.862-0400][gc,phases   ] GC(110)   Evacuate Collection Set: 4,9ms
[2024-06-26T10:45:18.862-0400][gc,phases   ] GC(110)   Post Evacuate Collection Set: 1,0ms
[2024-06-26T10:45:18.862-0400][gc,phases   ] GC(110)   Other: 0,0ms
[2024-06-26T10:45:18.862-0400][gc,heap     ] GC(110) Eden regions: 102->0(219)
[2024-06-26T10:45:18.862-0400][gc,heap     ] GC(110) Survivor regions: 3->3(14)
[2024-06-26T10:45:18.862-0400][gc,heap     ] GC(110) Old regions: 19->19
[2024-06-26T10:45:18.862-0400][gc,heap     ] GC(110) Humongous regions: 129->129
[2024-06-26T10:45:18.862-0400][gc,metaspace] GC(110) Metaspace: 44165K(44800K)->44165K(44800K) NonClass: 39109K(39488K)->39109K(39488K) Class: 5056K(5312K)->5056K(5312K)
[2024-06-26T10:45:18.862-0400][gc          ] GC(110) Pause Young (Normal) (G1 Evacuation Pause) 252M->149M(1024M) 7,180ms
[2024-06-26T10:45:18.862-0400][gc,cpu      ] GC(110) User=0,02s Sys=0,00s Real=0,01s
[2024-06-26T11:21:30.246-0400][gc,start    ] GC(111) Pause Young (Normal) (G1 Evacuation Pause)
[2024-06-26T11:21:30.246-0400][gc,task     ] GC(111) Using 6 workers of 6 for evacuation
[2024-06-26T11:21:30.303-0400][gc,mmu      ] GC(111) MMU target violated: 21,0ms (20,0ms/21,0ms)
[2024-06-26T11:21:30.303-0400][gc,phases   ] GC(111)   Pre Evacuate Collection Set: 0,4ms
[2024-06-26T11:21:30.303-0400][gc,phases   ] GC(111)   Merge Heap Roots: 0,5ms
[2024-06-26T11:21:30.303-0400][gc,phases   ] GC(111)   Evacuate Collection Set: 53,9ms
[2024-06-26T11:21:30.303-0400][gc,phases   ] GC(111)   Post Evacuate Collection Set: 1,2ms
[2024-06-26T11:21:30.303-0400][gc,phases   ] GC(111)   Other: 0,1ms
[2024-06-26T11:21:30.303-0400][gc,heap     ] GC(111) Eden regions: 223->0(48)
[2024-06-26T11:21:30.303-0400][gc,heap     ] GC(111) Survivor regions: 3->3(29)
[2024-06-26T11:21:30.303-0400][gc,heap     ] GC(111) Old regions: 19->19
[2024-06-26T11:21:30.303-0400][gc,heap     ] GC(111) Humongous regions: 129->129
[2024-06-26T11:21:30.303-0400][gc,metaspace] GC(111) Metaspace: 44168K(44800K)->44168K(44800K) NonClass: 39111K(39488K)->39111K(39488K) Class: 5056K(5312K)->5056K(5312K)
[2024-06-26T11:21:30.303-0400][gc          ] GC(111) Pause Young (Normal) (G1 Evacuation Pause) 372M->149M(1024M) 56,551ms
[2024-06-26T11:21:30.303-0400][gc,cpu      ] GC(111) User=0,25s Sys=0,03s Real=0,06s
[2024-06-26T11:29:10.182-0400][gc,start    ] GC(112) Pause Young (Normal) (G1 Evacuation Pause)
[2024-06-26T11:29:10.182-0400][gc,task     ] GC(112) Using 6 workers of 6 for evacuation
[2024-06-26T11:29:10.188-0400][gc,phases   ] GC(112)   Pre Evacuate Collection Set: 0,8ms
[2024-06-26T11:29:10.189-0400][gc,phases   ] GC(112)   Merge Heap Roots: 0,8ms
[2024-06-26T11:29:10.189-0400][gc,phases   ] GC(112)   Evacuate Collection Set: 3,5ms
[2024-06-26T11:29:10.189-0400][gc,phases   ] GC(112)   Post Evacuate Collection Set: 1,1ms
[2024-06-26T11:29:10.189-0400][gc,phases   ] GC(112)   Other: 0,8ms
[2024-06-26T11:29:10.189-0400][gc,heap     ] GC(112) Eden regions: 48->0(49)
[2024-06-26T11:29:10.189-0400][gc,heap     ] GC(112) Survivor regions: 3->2(7)
[2024-06-26T11:29:10.189-0400][gc,heap     ] GC(112) Old regions: 19->19
[2024-06-26T11:29:10.189-0400][gc,heap     ] GC(112) Humongous regions: 129->129
[2024-06-26T11:29:10.189-0400][gc,metaspace] GC(112) Metaspace: 44168K(44800K)->44168K(44800K) NonClass: 39111K(39488K)->39111K(39488K) Class: 5056K(5312K)->5056K(5312K)
[2024-06-26T11:29:10.189-0400][gc          ] GC(112) Pause Young (Normal) (G1 Evacuation Pause) 197M->149M(1024M) 7,018ms
[2024-06-26T11:29:10.189-0400][gc,cpu      ] GC(112) User=0,01s Sys=0,01s Real=0,00s
[2024-06-26T11:37:09.516-0400][gc,start    ] GC(113) Pause Young (Normal) (G1 Evacuation Pause)
[2024-06-26T11:37:09.516-0400][gc,task     ] GC(113) Using 6 workers of 6 for evacuation
[2024-06-26T11:37:09.525-0400][gc,phases   ] GC(113)   Pre Evacuate Collection Set: 0,9ms
[2024-06-26T11:37:09.525-0400][gc,phases   ] GC(113)   Merge Heap Roots: 0,4ms
[2024-06-26T11:37:09.525-0400][gc,phases   ] GC(113)   Evacuate Collection Set: 6,6ms
[2024-06-26T11:37:09.525-0400][gc,phases   ] GC(113)   Post Evacuate Collection Set: 1,3ms
[2024-06-26T11:37:09.525-0400][gc,phases   ] GC(113)   Other: 0,1ms
[2024-06-26T11:37:09.525-0400][gc,heap     ] GC(113) Eden regions: 49->0(47)
[2024-06-26T11:37:09.525-0400][gc,heap     ] GC(113) Survivor regions: 2->4(7)
[2024-06-26T11:37:09.525-0400][gc,heap     ] GC(113) Old regions: 19->19
[2024-06-26T11:37:09.525-0400][gc,heap     ] GC(113) Humongous regions: 129->129
[2024-06-26T11:37:09.525-0400][gc,metaspace] GC(113) Metaspace: 44168K(44800K)->44168K(44800K) NonClass: 39112K(39488K)->39112K(39488K) Class: 5056K(5312K)->5056K(5312K)
[2024-06-26T11:37:09.525-0400][gc          ] GC(113) Pause Young (Normal) (G1 Evacuation Pause) 198M->150M(1024M) 9,547ms
[2024-06-26T11:37:09.525-0400][gc,cpu      ] GC(113) User=0,02s Sys=0,01s Real=0,01s
[2024-06-26T11:44:47.039-0400][gc,start    ] GC(114) Pause Young (Normal) (G1 Evacuation Pause)
[2024-06-26T11:44:47.039-0400][gc,task     ] GC(114) Using 6 workers of 6 for evacuation
[2024-06-26T11:44:47.045-0400][gc,phases   ] GC(114)   Pre Evacuate Collection Set: 0,9ms
[2024-06-26T11:44:47.046-0400][gc,phases   ] GC(114)   Merge Heap Roots: 0,4ms
[2024-06-26T11:44:47.046-0400][gc,phases   ] GC(114)   Evacuate Collection Set: 3,8ms
[2024-06-26T11:44:47.046-0400][gc,phases   ] GC(114)   Post Evacuate Collection Set: 1,2ms
[2024-06-26T11:44:47.046-0400][gc,phases   ] GC(114)   Other: 0,1ms
[2024-06-26T11:44:47.046-0400][gc,heap     ] GC(114) Eden regions: 47->0(48)
[2024-06-26T11:44:47.046-0400][gc,heap     ] GC(114) Survivor regions: 4->3(7)
[2024-06-26T11:44:47.046-0400][gc,heap     ] GC(114) Old regions: 19->19
[2024-06-26T11:44:47.046-0400][gc,heap     ] GC(114) Humongous regions: 129->129
[2024-06-26T11:44:47.046-0400][gc,metaspace] GC(114) Metaspace: 44168K(44800K)->44168K(44800K) NonClass: 39112K(39488K)->39112K(39488K) Class: 5056K(5312K)->5056K(5312K)
[2024-06-26T11:44:47.046-0400][gc          ] GC(114) Pause Young (Normal) (G1 Evacuation Pause) 197M->150M(1024M) 6,510ms
[2024-06-26T11:44:47.046-0400][gc,cpu      ] GC(114) User=0,01s Sys=0,01s Real=0,01s
[2024-06-26T11:52:35.246-0400][gc,start    ] GC(115) Pause Young (Normal) (G1 Evacuation Pause)
[2024-06-26T11:52:35.247-0400][gc,task     ] GC(115) Using 6 workers of 6 for evacuation
[2024-06-26T11:52:35.258-0400][gc,phases   ] GC(115)   Pre Evacuate Collection Set: 2,2ms
[2024-06-26T11:52:35.258-0400][gc,phases   ] GC(115)   Merge Heap Roots: 0,4ms
[2024-06-26T11:52:35.258-0400][gc,phases   ] GC(115)   Evacuate Collection Set: 7,5ms
[2024-06-26T11:52:35.258-0400][gc,phases   ] GC(115)   Post Evacuate Collection Set: 0,8ms
[2024-06-26T11:52:35.258-0400][gc,phases   ] GC(115)   Other: 0,1ms
[2024-06-26T11:52:35.258-0400][gc,heap     ] GC(115) Eden regions: 48->0(48)
[2024-06-26T11:52:35.258-0400][gc,heap     ] GC(115) Survivor regions: 3->3(7)
[2024-06-26T11:52:35.258-0400][gc,heap     ] GC(115) Old regions: 19->19
[2024-06-26T11:52:35.258-0400][gc,heap     ] GC(115) Humongous regions: 129->129
[2024-06-26T11:52:35.258-0400][gc,metaspace] GC(115) Metaspace: 44168K(44800K)->44168K(44800K) NonClass: 39112K(39488K)->39112K(39488K) Class: 5056K(5312K)->5056K(5312K)
[2024-06-26T11:52:35.258-0400][gc          ] GC(115) Pause Young (Normal) (G1 Evacuation Pause) 198M->149M(1024M) 11,375ms
[2024-06-26T11:52:35.258-0400][gc,cpu      ] GC(115) User=0,01s Sys=0,01s Real=0,01s
[2024-06-26T12:00:25.245-0400][gc,start    ] GC(116) Pause Young (Normal) (G1 Evacuation Pause)
[2024-06-26T12:00:25.245-0400][gc,task     ] GC(116) Using 6 workers of 6 for evacuation
[2024-06-26T12:00:25.259-0400][gc,phases   ] GC(116)   Pre Evacuate Collection Set: 0,8ms
[2024-06-26T12:00:25.259-0400][gc,phases   ] GC(116)   Merge Heap Roots: 0,7ms
[2024-06-26T12:00:25.259-0400][gc,phases   ] GC(116)   Evacuate Collection Set: 9,8ms
[2024-06-26T12:00:25.259-0400][gc,phases   ] GC(116)   Post Evacuate Collection Set: 1,9ms
[2024-06-26T12:00:25.259-0400][gc,phases   ] GC(116)   Other: 0,2ms
[2024-06-26T12:00:25.259-0400][gc,heap     ] GC(116) Eden regions: 48->0(48)
[2024-06-26T12:00:25.259-0400][gc,heap     ] GC(116) Survivor regions: 3->3(7)
[2024-06-26T12:00:25.259-0400][gc,heap     ] GC(116) Old regions: 19->19
[2024-06-26T12:00:25.259-0400][gc,heap     ] GC(116) Humongous regions: 129->129
[2024-06-26T12:00:25.259-0400][gc,metaspace] GC(116) Metaspace: 44168K(44800K)->44168K(44800K) NonClass: 39112K(39488K)->39112K(39488K) Class: 5056K(5312K)->5056K(5312K)
[2024-06-26T12:00:25.259-0400][gc          ] GC(116) Pause Young (Normal) (G1 Evacuation Pause) 197M->149M(1024M) 13,649ms
[2024-06-26T12:00:25.259-0400][gc,cpu      ] GC(116) User=0,02s Sys=0,01s Real=0,01s
[2024-06-26T12:07:47.451-0400][gc,start    ] GC(117) Pause Young (Normal) (G1 Evacuation Pause)
[2024-06-26T12:07:47.452-0400][gc,task     ] GC(117) Using 6 workers of 6 for evacuation
[2024-06-26T12:07:47.460-0400][gc,phases   ] GC(117)   Pre Evacuate Collection Set: 0,8ms
[2024-06-26T12:07:47.460-0400][gc,phases   ] GC(117)   Merge Heap Roots: 0,4ms
[2024-06-26T12:07:47.460-0400][gc,phases   ] GC(117)   Evacuate Collection Set: 6,3ms
[2024-06-26T12:07:47.460-0400][gc,phases   ] GC(117)   Post Evacuate Collection Set: 1,1ms
[2024-06-26T12:07:47.460-0400][gc,phases   ] GC(117)   Other: 0,1ms
[2024-06-26T12:07:47.460-0400][gc,heap     ] GC(117) Eden regions: 48->0(47)
[2024-06-26T12:07:47.460-0400][gc,heap     ] GC(117) Survivor regions: 3->4(7)
[2024-06-26T12:07:47.460-0400][gc,heap     ] GC(117) Old regions: 19->19
[2024-06-26T12:07:47.460-0400][gc,heap     ] GC(117) Humongous regions: 129->129
[2024-06-26T12:07:47.460-0400][gc,metaspace] GC(117) Metaspace: 44168K(44800K)->44168K(44800K) NonClass: 39112K(39488K)->39112K(39488K) Class: 5056K(5312K)->5056K(5312K)
[2024-06-26T12:07:47.460-0400][gc          ] GC(117) Pause Young (Normal) (G1 Evacuation Pause) 197M->150M(1024M) 8,958ms
[2024-06-26T12:07:47.460-0400][gc,cpu      ] GC(117) User=0,01s Sys=0,01s Real=0,01s
[2024-06-26T12:15:27.450-0400][gc,start    ] GC(118) Pause Young (Normal) (G1 Evacuation Pause)
[2024-06-26T12:15:27.450-0400][gc,task     ] GC(118) Using 6 workers of 6 for evacuation
[2024-06-26T12:15:27.459-0400][gc,phases   ] GC(118)   Pre Evacuate Collection Set: 0,5ms
[2024-06-26T12:15:27.459-0400][gc,phases   ] GC(118)   Merge Heap Roots: 3,6ms
[2024-06-26T12:15:27.459-0400][gc,phases   ] GC(118)   Evacuate Collection Set: 3,7ms
[2024-06-26T12:15:27.459-0400][gc,phases   ] GC(118)   Post Evacuate Collection Set: 1,1ms
[2024-06-26T12:15:27.459-0400][gc,phases   ] GC(118)   Other: 0,1ms
[2024-06-26T12:15:27.459-0400][gc,heap     ] GC(118) Eden regions: 47->0(122)
[2024-06-26T12:15:27.459-0400][gc,heap     ] GC(118) Survivor regions: 4->3(7)
[2024-06-26T12:15:27.459-0400][gc,heap     ] GC(118) Old regions: 19->19
[2024-06-26T12:15:27.459-0400][gc,heap     ] GC(118) Humongous regions: 129->129
[2024-06-26T12:15:27.459-0400][gc,metaspace] GC(118) Metaspace: 44168K(44800K)->44168K(44800K) NonClass: 39112K(39488K)->39112K(39488K) Class: 5056K(5312K)->5056K(5312K)
[2024-06-26T12:15:27.459-0400][gc          ] GC(118) Pause Young (Normal) (G1 Evacuation Pause) 197M->150M(1024M) 9,198ms
[2024-06-26T12:15:27.459-0400][gc,cpu      ] GC(118) User=0,01s Sys=0,01s Real=0,01s
[2024-06-26T12:35:03.001-0400][gc,start    ] GC(119) Pause Young (Normal) (G1 Evacuation Pause)
[2024-06-26T12:35:03.001-0400][gc,task     ] GC(119) Using 6 workers of 6 for evacuation
[2024-06-26T12:35:03.012-0400][gc,phases   ] GC(119)   Pre Evacuate Collection Set: 0,8ms
[2024-06-26T12:35:03.012-0400][gc,phases   ] GC(119)   Merge Heap Roots: 0,9ms
[2024-06-26T12:35:03.012-0400][gc,phases   ] GC(119)   Evacuate Collection Set: 7,4ms
[2024-06-26T12:35:03.012-0400][gc,phases   ] GC(119)   Post Evacuate Collection Set: 1,1ms
[2024-06-26T12:35:03.012-0400][gc,phases   ] GC(119)   Other: 0,7ms
[2024-06-26T12:35:03.012-0400][gc,heap     ] GC(119) Eden regions: 120->0(237)
[2024-06-26T12:35:03.012-0400][gc,heap     ] GC(119) Survivor regions: 3->3(16)
[2024-06-26T12:35:03.012-0400][gc,heap     ] GC(119) Old regions: 19->19
[2024-06-26T12:35:03.012-0400][gc,heap     ] GC(119) Humongous regions: 129->129
[2024-06-26T12:35:03.012-0400][gc,metaspace] GC(119) Metaspace: 44168K(44800K)->44168K(44800K) NonClass: 39112K(39488K)->39112K(39488K) Class: 5056K(5312K)->5056K(5312K)
[2024-06-26T12:35:03.012-0400][gc          ] GC(119) Pause Young (Normal) (G1 Evacuation Pause) 270M->150M(1024M) 11,130ms
[2024-06-26T12:35:03.012-0400][gc,cpu      ] GC(119) User=0,02s Sys=0,01s Real=0,01s
[2024-06-26T13:15:38.682-0400][gc,start    ] GC(120) Pause Young (Normal) (G1 Evacuation Pause)
[2024-06-26T13:15:38.682-0400][gc,task     ] GC(120) Using 6 workers of 6 for evacuation
[2024-06-26T13:15:38.700-0400][gc,phases   ] GC(120)   Pre Evacuate Collection Set: 3,4ms
[2024-06-26T13:15:38.700-0400][gc,phases   ] GC(120)   Merge Heap Roots: 0,4ms
[2024-06-26T13:15:38.700-0400][gc,phases   ] GC(120)   Evacuate Collection Set: 12,1ms
[2024-06-26T13:15:38.700-0400][gc,phases   ] GC(120)   Post Evacuate Collection Set: 1,9ms
[2024-06-26T13:15:38.700-0400][gc,phases   ] GC(120)   Other: 0,2ms
[2024-06-26T13:15:38.700-0400][gc,heap     ] GC(120) Eden regions: 226->0(228)
[2024-06-26T13:15:38.700-0400][gc,heap     ] GC(120) Survivor regions: 3->3(29)
[2024-06-26T13:15:38.700-0400][gc,heap     ] GC(120) Old regions: 19->19
[2024-06-26T13:15:38.700-0400][gc,heap     ] GC(120) Humongous regions: 129->129
[2024-06-26T13:15:38.700-0400][gc,metaspace] GC(120) Metaspace: 44170K(44800K)->44170K(44800K) NonClass: 39114K(39488K)->39114K(39488K) Class: 5056K(5312K)->5056K(5312K)
[2024-06-26T13:15:38.700-0400][gc          ] GC(120) Pause Young (Normal) (G1 Evacuation Pause) 376M->150M(1024M) 18,307ms
[2024-06-26T13:15:38.700-0400][gc,cpu      ] GC(120) User=0,04s Sys=0,00s Real=0,02s
[2024-06-27T11:19:42.951-0400][gc,start    ] GC(121) Pause Young (Normal) (G1 Evacuation Pause)
[2024-06-27T11:19:42.952-0400][gc,task     ] GC(121) Using 6 workers of 6 for evacuation
[2024-06-27T11:19:42.959-0400][gc,phases   ] GC(121)   Pre Evacuate Collection Set: 0,7ms
[2024-06-27T11:19:42.960-0400][gc,phases   ] GC(121)   Merge Heap Roots: 0,4ms
[2024-06-27T11:19:42.960-0400][gc,phases   ] GC(121)   Evacuate Collection Set: 3,9ms
[2024-06-27T11:19:42.960-0400][gc,phases   ] GC(121)   Post Evacuate Collection Set: 2,8ms
[2024-06-27T11:19:42.960-0400][gc,phases   ] GC(121)   Other: 0,1ms
[2024-06-27T11:19:42.960-0400][gc,heap     ] GC(121) Eden regions: 196->0(325)
[2024-06-27T11:19:42.960-0400][gc,heap     ] GC(121) Survivor regions: 3->3(25)
[2024-06-27T11:19:42.960-0400][gc,heap     ] GC(121) Old regions: 19->19
[2024-06-27T11:19:42.960-0400][gc,heap     ] GC(121) Humongous regions: 129->129
[2024-06-27T11:19:42.960-0400][gc,metaspace] GC(121) Metaspace: 44173K(44800K)->44173K(44800K) NonClass: 39117K(39488K)->39117K(39488K) Class: 5056K(5312K)->5056K(5312K)
[2024-06-27T11:19:42.960-0400][gc          ] GC(121) Pause Young (Normal) (G1 Evacuation Pause) 346M->150M(1024M) 8,936ms
[2024-06-27T11:19:42.960-0400][gc,cpu      ] GC(121) User=0,01s Sys=0,01s Real=0,01s
[2024-06-27T12:03:27.606-0400][gc,start    ] GC(122) Pause Young (Normal) (G1 Evacuation Pause)
[2024-06-27T12:03:27.607-0400][gc,task     ] GC(122) Using 6 workers of 6 for evacuation
[2024-06-27T12:03:27.623-0400][gc,phases   ] GC(122)   Pre Evacuate Collection Set: 2,5ms
[2024-06-27T12:03:27.623-0400][gc,phases   ] GC(122)   Merge Heap Roots: 0,5ms
[2024-06-27T12:03:27.623-0400][gc,phases   ] GC(122)   Evacuate Collection Set: 10,6ms
[2024-06-27T12:03:27.623-0400][gc,phases   ] GC(122)   Post Evacuate Collection Set: 3,0ms
[2024-06-27T12:03:27.623-0400][gc,phases   ] GC(122)   Other: 0,2ms
[2024-06-27T12:03:27.623-0400][gc,heap     ] GC(122) Eden regions: 260->0(311)
[2024-06-27T12:03:27.624-0400][gc,heap     ] GC(122) Survivor regions: 3->3(33)
[2024-06-27T12:03:27.624-0400][gc,heap     ] GC(122) Old regions: 19->19
[2024-06-27T12:03:27.624-0400][gc,heap     ] GC(122) Humongous regions: 129->129
[2024-06-27T12:03:27.624-0400][gc,metaspace] GC(122) Metaspace: 44203K(44864K)->44203K(44864K) NonClass: 39147K(39552K)->39147K(39552K) Class: 5056K(5312K)->5056K(5312K)
[2024-06-27T12:03:27.624-0400][gc          ] GC(122) Pause Young (Normal) (G1 Evacuation Pause) 410M->149M(1024M) 17,236ms
[2024-06-27T12:03:27.624-0400][gc,cpu      ] GC(122) User=0,05s Sys=0,00s Real=0,02s
[2024-06-27T15:59:56.230-0400][gc,start    ] GC(123) Pause Young (Normal) (G1 Evacuation Pause)
[2024-06-27T15:59:56.230-0400][gc,task     ] GC(123) Using 6 workers of 6 for evacuation
[2024-06-27T15:59:56.338-0400][gc,mmu      ] GC(123) MMU target violated: 21,0ms (20,0ms/21,0ms)
[2024-06-27T15:59:56.338-0400][gc,phases   ] GC(123)   Pre Evacuate Collection Set: 0,8ms
[2024-06-27T15:59:56.338-0400][gc,phases   ] GC(123)   Merge Heap Roots: 1,4ms
[2024-06-27T15:59:56.338-0400][gc,phases   ] GC(123)   Evacuate Collection Set: 104,5ms
[2024-06-27T15:59:56.338-0400][gc,phases   ] GC(123)   Post Evacuate Collection Set: 1,3ms
[2024-06-27T15:59:56.338-0400][gc,phases   ] GC(123)   Other: 0,2ms
[2024-06-27T15:59:56.338-0400][gc,heap     ] GC(123) Eden regions: 348->0(48)
[2024-06-27T15:59:56.338-0400][gc,heap     ] GC(123) Survivor regions: 3->3(44)
[2024-06-27T15:59:56.338-0400][gc,heap     ] GC(123) Old regions: 19->19
[2024-06-27T15:59:56.338-0400][gc,heap     ] GC(123) Humongous regions: 129->129
[2024-06-27T15:59:56.338-0400][gc,metaspace] GC(123) Metaspace: 44207K(44864K)->44207K(44864K) NonClass: 39150K(39552K)->39150K(39552K) Class: 5056K(5312K)->5056K(5312K)
[2024-06-27T15:59:56.338-0400][gc          ] GC(123) Pause Young (Normal) (G1 Evacuation Pause) 497M->150M(1024M) 108,519ms
[2024-06-27T15:59:56.338-0400][gc,cpu      ] GC(123) User=0,00s Sys=0,19s Real=0,11s
[2024-06-27T16:06:52.520-0400][gc,start    ] GC(124) Pause Young (Normal) (G1 Evacuation Pause)
[2024-06-27T16:06:52.520-0400][gc,task     ] GC(124) Using 6 workers of 6 for evacuation
[2024-06-27T16:06:52.551-0400][gc,mmu      ] GC(124) MMU target violated: 21,0ms (20,0ms/21,0ms)
[2024-06-27T16:06:52.551-0400][gc,phases   ] GC(124)   Pre Evacuate Collection Set: 1,1ms
[2024-06-27T16:06:52.551-0400][gc,phases   ] GC(124)   Merge Heap Roots: 0,2ms
[2024-06-27T16:06:52.551-0400][gc,phases   ] GC(124)   Evacuate Collection Set: 19,8ms
[2024-06-27T16:06:52.551-0400][gc,phases   ] GC(124)   Post Evacuate Collection Set: 9,9ms
[2024-06-27T16:06:52.551-0400][gc,phases   ] GC(124)   Other: 0,3ms
[2024-06-27T16:06:52.551-0400][gc,heap     ] GC(124) Eden regions: 48->0(47)
[2024-06-27T16:06:52.551-0400][gc,heap     ] GC(124) Survivor regions: 3->4(7)
[2024-06-27T16:06:52.551-0400][gc,heap     ] GC(124) Old regions: 19->19
[2024-06-27T16:06:52.551-0400][gc,heap     ] GC(124) Humongous regions: 129->129
[2024-06-27T16:06:52.551-0400][gc,metaspace] GC(124) Metaspace: 44564K(45248K)->44564K(45248K) NonClass: 39440K(39808K)->39440K(39808K) Class: 5124K(5440K)->5124K(5440K)
[2024-06-27T16:06:52.551-0400][gc          ] GC(124) Pause Young (Normal) (G1 Evacuation Pause) 198M->151M(1024M) 31,461ms
[2024-06-27T16:06:52.551-0400][gc,cpu      ] GC(124) User=0,02s Sys=0,02s Real=0,03s
[2024-06-27T16:14:10.791-0400][gc,start    ] GC(125) Pause Young (Normal) (G1 Evacuation Pause)
[2024-06-27T16:14:10.791-0400][gc,task     ] GC(125) Using 6 workers of 6 for evacuation
[2024-06-27T16:14:10.804-0400][gc,phases   ] GC(125)   Pre Evacuate Collection Set: 0,8ms
[2024-06-27T16:14:10.804-0400][gc,phases   ] GC(125)   Merge Heap Roots: 1,2ms
[2024-06-27T16:14:10.804-0400][gc,phases   ] GC(125)   Evacuate Collection Set: 4,8ms
[2024-06-27T16:14:10.804-0400][gc,phases   ] GC(125)   Post Evacuate Collection Set: 5,9ms
[2024-06-27T16:14:10.804-0400][gc,phases   ] GC(125)   Other: 0,1ms
[2024-06-27T16:14:10.804-0400][gc,heap     ] GC(125) Eden regions: 47->0(48)
[2024-06-27T16:14:10.804-0400][gc,heap     ] GC(125) Survivor regions: 4->3(7)
[2024-06-27T16:14:10.804-0400][gc,heap     ] GC(125) Old regions: 19->19
[2024-06-27T16:14:10.804-0400][gc,heap     ] GC(125) Humongous regions: 129->129
[2024-06-27T16:14:10.804-0400][gc,metaspace] GC(125) Metaspace: 44564K(45248K)->44564K(45248K) NonClass: 39440K(39808K)->39440K(39808K) Class: 5124K(5440K)->5124K(5440K)
[2024-06-27T16:14:10.804-0400][gc          ] GC(125) Pause Young (Normal) (G1 Evacuation Pause) 198M->150M(1024M) 13,061ms
[2024-06-27T16:14:10.804-0400][gc,cpu      ] GC(125) User=0,02s Sys=0,01s Real=0,01s
[2024-06-27T16:21:45.454-0400][gc,start    ] GC(126) Pause Young (Normal) (G1 Evacuation Pause)
[2024-06-27T16:21:45.455-0400][gc,task     ] GC(126) Using 6 workers of 6 for evacuation
[2024-06-27T16:21:45.471-0400][gc,phases   ] GC(126)   Pre Evacuate Collection Set: 1,4ms
[2024-06-27T16:21:45.471-0400][gc,phases   ] GC(126)   Merge Heap Roots: 0,4ms
[2024-06-27T16:21:45.471-0400][gc,phases   ] GC(126)   Evacuate Collection Set: 8,1ms
[2024-06-27T16:21:45.471-0400][gc,phases   ] GC(126)   Post Evacuate Collection Set: 6,3ms
[2024-06-27T16:21:45.471-0400][gc,phases   ] GC(126)   Other: 0,1ms
[2024-06-27T16:21:45.471-0400][gc,heap     ] GC(126) Eden regions: 48->0(48)
[2024-06-27T16:21:45.471-0400][gc,heap     ] GC(126) Survivor regions: 3->3(7)
[2024-06-27T16:21:45.471-0400][gc,heap     ] GC(126) Old regions: 19->19
[2024-06-27T16:21:45.471-0400][gc,heap     ] GC(126) Humongous regions: 129->129
[2024-06-27T16:21:45.471-0400][gc,metaspace] GC(126) Metaspace: 44565K(45248K)->44565K(45248K) NonClass: 39441K(39808K)->39441K(39808K) Class: 5124K(5440K)->5124K(5440K)
[2024-06-27T16:21:45.471-0400][gc          ] GC(126) Pause Young (Normal) (G1 Evacuation Pause) 198M->150M(1024M) 17,081ms
[2024-06-27T16:21:45.471-0400][gc,cpu      ] GC(126) User=0,01s Sys=0,02s Real=0,02s
[2024-06-27T16:29:20.142-0400][gc,start    ] GC(127) Pause Young (Normal) (G1 Evacuation Pause)
[2024-06-27T16:29:20.142-0400][gc,task     ] GC(127) Using 6 workers of 6 for evacuation
[2024-06-27T16:29:20.167-0400][gc,mmu      ] GC(127) MMU target violated: 21,0ms (20,0ms/21,0ms)
[2024-06-27T16:29:20.167-0400][gc,phases   ] GC(127)   Pre Evacuate Collection Set: 0,7ms
[2024-06-27T16:29:20.167-0400][gc,phases   ] GC(127)   Merge Heap Roots: 0,1ms
[2024-06-27T16:29:20.167-0400][gc,phases   ] GC(127)   Evacuate Collection Set: 20,9ms
[2024-06-27T16:29:20.167-0400][gc,phases   ] GC(127)   Post Evacuate Collection Set: 3,1ms
[2024-06-27T16:29:20.167-0400][gc,phases   ] GC(127)   Other: 0,2ms
[2024-06-27T16:29:20.167-0400][gc,heap     ] GC(127) Eden regions: 48->0(47)
[2024-06-27T16:29:20.167-0400][gc,heap     ] GC(127) Survivor regions: 3->4(7)
[2024-06-27T16:29:20.167-0400][gc,heap     ] GC(127) Old regions: 19->19
[2024-06-27T16:29:20.167-0400][gc,heap     ] GC(127) Humongous regions: 129->129
[2024-06-27T16:29:20.167-0400][gc,metaspace] GC(127) Metaspace: 44565K(45248K)->44565K(45248K) NonClass: 39441K(39808K)->39441K(39808K) Class: 5124K(5440K)->5124K(5440K)
[2024-06-27T16:29:20.167-0400][gc          ] GC(127) Pause Young (Normal) (G1 Evacuation Pause) 198M->151M(1024M) 25,102ms
[2024-06-27T16:29:20.167-0400][gc,cpu      ] GC(127) User=0,03s Sys=0,00s Real=0,03s
[2024-06-27T16:36:46.725-0400][gc,start    ] GC(128) Pause Young (Normal) (G1 Evacuation Pause)
[2024-06-27T16:36:46.725-0400][gc,task     ] GC(128) Using 6 workers of 6 for evacuation
[2024-06-27T16:36:46.750-0400][gc,mmu      ] GC(128) MMU target violated: 21,0ms (20,0ms/21,0ms)
[2024-06-27T16:36:46.750-0400][gc,phases   ] GC(128)   Pre Evacuate Collection Set: 0,6ms
[2024-06-27T16:36:46.750-0400][gc,phases   ] GC(128)   Merge Heap Roots: 0,3ms
[2024-06-27T16:36:46.750-0400][gc,phases   ] GC(128)   Evacuate Collection Set: 12,9ms
[2024-06-27T16:36:46.750-0400][gc,phases   ] GC(128)   Post Evacuate Collection Set: 10,7ms
[2024-06-27T16:36:46.750-0400][gc,phases   ] GC(128)   Other: 0,3ms
[2024-06-27T16:36:46.750-0400][gc,heap     ] GC(128) Eden regions: 47->0(47)
[2024-06-27T16:36:46.750-0400][gc,heap     ] GC(128) Survivor regions: 4->4(7)
[2024-06-27T16:36:46.750-0400][gc,heap     ] GC(128) Old regions: 19->19
[2024-06-27T16:36:46.750-0400][gc,heap     ] GC(128) Humongous regions: 129->129
[2024-06-27T16:36:46.750-0400][gc,metaspace] GC(128) Metaspace: 44566K(45248K)->44566K(45248K) NonClass: 39442K(39808K)->39442K(39808K) Class: 5124K(5440K)->5124K(5440K)
[2024-06-27T16:36:46.750-0400][gc          ] GC(128) Pause Young (Normal) (G1 Evacuation Pause) 198M->150M(1024M) 24,958ms
[2024-06-27T16:36:46.750-0400][gc,cpu      ] GC(128) User=0,01s Sys=0,04s Real=0,03s
[2024-06-27T16:43:45.569-0400][gc,start    ] GC(129) Pause Young (Normal) (G1 Evacuation Pause)
[2024-06-27T16:43:45.570-0400][gc,task     ] GC(129) Using 6 workers of 6 for evacuation
[2024-06-27T16:43:45.577-0400][gc,phases   ] GC(129)   Pre Evacuate Collection Set: 0,6ms
[2024-06-27T16:43:45.577-0400][gc,phases   ] GC(129)   Merge Heap Roots: 0,4ms
[2024-06-27T16:43:45.577-0400][gc,phases   ] GC(129)   Evacuate Collection Set: 4,6ms
[2024-06-27T16:43:45.577-0400][gc,phases   ] GC(129)   Post Evacuate Collection Set: 1,3ms
[2024-06-27T16:43:45.577-0400][gc,phases   ] GC(129)   Other: 0,2ms
[2024-06-27T16:43:45.577-0400][gc,heap     ] GC(129) Eden regions: 47->0(48)
[2024-06-27T16:43:45.577-0400][gc,heap     ] GC(129) Survivor regions: 4->3(7)
[2024-06-27T16:43:45.577-0400][gc,heap     ] GC(129) Old regions: 19->19
[2024-06-27T16:43:45.577-0400][gc,heap     ] GC(129) Humongous regions: 129->129
[2024-06-27T16:43:45.577-0400][gc,metaspace] GC(129) Metaspace: 44566K(45248K)->44566K(45248K) NonClass: 39442K(39808K)->39442K(39808K) Class: 5124K(5440K)->5124K(5440K)
[2024-06-27T16:43:45.577-0400][gc          ] GC(129) Pause Young (Normal) (G1 Evacuation Pause) 197M->149M(1024M) 8,018ms
[2024-06-27T16:43:45.577-0400][gc,cpu      ] GC(129) User=0,02s Sys=0,01s Real=0,01s
[2024-06-27T16:51:21.242-0400][gc,start    ] GC(130) Pause Young (Normal) (G1 Evacuation Pause)
[2024-06-27T16:51:21.242-0400][gc,task     ] GC(130) Using 6 workers of 6 for evacuation
[2024-06-27T16:51:21.249-0400][gc,phases   ] GC(130)   Pre Evacuate Collection Set: 0,9ms
[2024-06-27T16:51:21.249-0400][gc,phases   ] GC(130)   Merge Heap Roots: 0,5ms
[2024-06-27T16:51:21.249-0400][gc,phases   ] GC(130)   Evacuate Collection Set: 4,6ms
[2024-06-27T16:51:21.249-0400][gc,phases   ] GC(130)   Post Evacuate Collection Set: 1,1ms
[2024-06-27T16:51:21.249-0400][gc,phases   ] GC(130)   Other: 0,1ms
[2024-06-27T16:51:21.249-0400][gc,heap     ] GC(130) Eden regions: 48->0(47)
[2024-06-27T16:51:21.249-0400][gc,heap     ] GC(130) Survivor regions: 3->4(7)
[2024-06-27T16:51:21.249-0400][gc,heap     ] GC(130) Old regions: 19->19
[2024-06-27T16:51:21.249-0400][gc,heap     ] GC(130) Humongous regions: 129->129
[2024-06-27T16:51:21.249-0400][gc,metaspace] GC(130) Metaspace: 44566K(45248K)->44566K(45248K) NonClass: 39442K(39808K)->39442K(39808K) Class: 5124K(5440K)->5124K(5440K)
[2024-06-27T16:51:21.249-0400][gc          ] GC(130) Pause Young (Normal) (G1 Evacuation Pause) 197M->150M(1024M) 7,456ms
[2024-06-27T16:51:21.249-0400][gc,cpu      ] GC(130) User=0,02s Sys=0,00s Real=0,01s
[2024-06-27T16:58:48.010-0400][gc,start    ] GC(131) Pause Young (Normal) (G1 Evacuation Pause)
[2024-06-27T16:58:48.010-0400][gc,task     ] GC(131) Using 6 workers of 6 for evacuation
[2024-06-27T16:58:48.015-0400][gc,phases   ] GC(131)   Pre Evacuate Collection Set: 0,3ms
[2024-06-27T16:58:48.015-0400][gc,phases   ] GC(131)   Merge Heap Roots: 0,2ms
[2024-06-27T16:58:48.015-0400][gc,phases   ] GC(131)   Evacuate Collection Set: 3,6ms
[2024-06-27T16:58:48.015-0400][gc,phases   ] GC(131)   Post Evacuate Collection Set: 1,4ms
[2024-06-27T16:58:48.015-0400][gc,phases   ] GC(131)   Other: 0,1ms
[2024-06-27T16:58:48.015-0400][gc,heap     ] GC(131) Eden regions: 47->0(48)
[2024-06-27T16:58:48.015-0400][gc,heap     ] GC(131) Survivor regions: 4->3(7)
[2024-06-27T16:58:48.015-0400][gc,heap     ] GC(131) Old regions: 19->19
[2024-06-27T16:58:48.015-0400][gc,heap     ] GC(131) Humongous regions: 129->129
[2024-06-27T16:58:48.015-0400][gc,metaspace] GC(131) Metaspace: 44568K(45248K)->44568K(45248K) NonClass: 39444K(39808K)->39444K(39808K) Class: 5124K(5440K)->5124K(5440K)
[2024-06-27T16:58:48.015-0400][gc          ] GC(131) Pause Young (Normal) (G1 Evacuation Pause) 197M->150M(1024M) 5,819ms
[2024-06-27T16:58:48.015-0400][gc,cpu      ] GC(131) User=0,01s Sys=0,01s Real=0,00s
[2024-06-27T17:06:25.570-0400][gc,start    ] GC(132) Pause Young (Normal) (G1 Evacuation Pause)
[2024-06-27T17:06:25.570-0400][gc,task     ] GC(132) Using 6 workers of 6 for evacuation
[2024-06-27T17:06:25.585-0400][gc,phases   ] GC(132)   Pre Evacuate Collection Set: 6,7ms
[2024-06-27T17:06:25.585-0400][gc,phases   ] GC(132)   Merge Heap Roots: 0,4ms
[2024-06-27T17:06:25.585-0400][gc,phases   ] GC(132)   Evacuate Collection Set: 3,8ms
[2024-06-27T17:06:25.585-0400][gc,phases   ] GC(132)   Post Evacuate Collection Set: 3,8ms
[2024-06-27T17:06:25.585-0400][gc,phases   ] GC(132)   Other: 0,2ms
[2024-06-27T17:06:25.585-0400][gc,heap     ] GC(132) Eden regions: 48->0(48)
[2024-06-27T17:06:25.585-0400][gc,heap     ] GC(132) Survivor regions: 3->3(7)
[2024-06-27T17:06:25.585-0400][gc,heap     ] GC(132) Old regions: 19->19
[2024-06-27T17:06:25.585-0400][gc,heap     ] GC(132) Humongous regions: 129->129
[2024-06-27T17:06:25.585-0400][gc,metaspace] GC(132) Metaspace: 44568K(45248K)->44568K(45248K) NonClass: 39444K(39808K)->39444K(39808K) Class: 5124K(5440K)->5124K(5440K)
[2024-06-27T17:06:25.585-0400][gc          ] GC(132) Pause Young (Normal) (G1 Evacuation Pause) 198M->150M(1024M) 15,115ms
[2024-06-27T17:06:25.585-0400][gc,cpu      ] GC(132) User=0,02s Sys=0,01s Real=0,01s
[2024-06-27T17:14:06.155-0400][gc,start    ] GC(133) Pause Young (Normal) (G1 Evacuation Pause)
[2024-06-27T17:14:06.155-0400][gc,task     ] GC(133) Using 6 workers of 6 for evacuation
[2024-06-27T17:14:06.173-0400][gc,phases   ] GC(133)   Pre Evacuate Collection Set: 0,6ms
[2024-06-27T17:14:06.173-0400][gc,phases   ] GC(133)   Merge Heap Roots: 1,9ms
[2024-06-27T17:14:06.173-0400][gc,phases   ] GC(133)   Evacuate Collection Set: 12,0ms
[2024-06-27T17:14:06.173-0400][gc,phases   ] GC(133)   Post Evacuate Collection Set: 3,6ms
[2024-06-27T17:14:06.173-0400][gc,phases   ] GC(133)   Other: 0,1ms
[2024-06-27T17:14:06.173-0400][gc,heap     ] GC(133) Eden regions: 48->0(47)
[2024-06-27T17:14:06.173-0400][gc,heap     ] GC(133) Survivor regions: 3->4(7)
[2024-06-27T17:14:06.173-0400][gc,heap     ] GC(133) Old regions: 19->19
[2024-06-27T17:14:06.173-0400][gc,heap     ] GC(133) Humongous regions: 129->129
[2024-06-27T17:14:06.173-0400][gc,metaspace] GC(133) Metaspace: 44627K(45312K)->44627K(45312K) NonClass: 39503K(39872K)->39503K(39872K) Class: 5124K(5440K)->5124K(5440K)
[2024-06-27T17:14:06.173-0400][gc          ] GC(133) Pause Young (Normal) (G1 Evacuation Pause) 198M->151M(1024M) 18,565ms
[2024-06-27T17:14:06.173-0400][gc,cpu      ] GC(133) User=0,03s Sys=0,01s Real=0,02s
[2024-06-27T17:21:36.086-0400][gc,start    ] GC(134) Pause Young (Normal) (G1 Evacuation Pause)
[2024-06-27T17:21:36.086-0400][gc,task     ] GC(134) Using 6 workers of 6 for evacuation
[2024-06-27T17:21:36.115-0400][gc,mmu      ] GC(134) MMU target violated: 21,0ms (20,0ms/21,0ms)
[2024-06-27T17:21:36.115-0400][gc,phases   ] GC(134)   Pre Evacuate Collection Set: 0,6ms
[2024-06-27T17:21:36.115-0400][gc,phases   ] GC(134)   Merge Heap Roots: 0,6ms
[2024-06-27T17:21:36.115-0400][gc,phases   ] GC(134)   Evacuate Collection Set: 26,5ms
[2024-06-27T17:21:36.115-0400][gc,phases   ] GC(134)   Post Evacuate Collection Set: 1,7ms
[2024-06-27T17:21:36.115-0400][gc,phases   ] GC(134)   Other: 0,2ms
[2024-06-27T17:21:36.115-0400][gc,heap     ] GC(134) Eden regions: 47->0(47)
[2024-06-27T17:21:36.115-0400][gc,heap     ] GC(134) Survivor regions: 4->4(7)
[2024-06-27T17:21:36.115-0400][gc,heap     ] GC(134) Old regions: 19->19
[2024-06-27T17:21:36.115-0400][gc,heap     ] GC(134) Humongous regions: 129->129
[2024-06-27T17:21:36.115-0400][gc,metaspace] GC(134) Metaspace: 44627K(45312K)->44627K(45312K) NonClass: 39503K(39872K)->39503K(39872K) Class: 5124K(5440K)->5124K(5440K)
[2024-06-27T17:21:36.115-0400][gc          ] GC(134) Pause Young (Normal) (G1 Evacuation Pause) 198M->150M(1024M) 29,769ms
[2024-06-27T17:21:36.115-0400][gc,cpu      ] GC(134) User=0,04s Sys=0,00s Real=0,03s
[2024-06-27T17:29:03.807-0400][gc,start    ] GC(135) Pause Young (Normal) (G1 Evacuation Pause)
[2024-06-27T17:29:03.807-0400][gc,task     ] GC(135) Using 6 workers of 6 for evacuation
[2024-06-27T17:29:03.814-0400][gc,phases   ] GC(135)   Pre Evacuate Collection Set: 1,1ms
[2024-06-27T17:29:03.814-0400][gc,phases   ] GC(135)   Merge Heap Roots: 0,4ms
[2024-06-27T17:29:03.814-0400][gc,phases   ] GC(135)   Evacuate Collection Set: 4,5ms
[2024-06-27T17:29:03.814-0400][gc,phases   ] GC(135)   Post Evacuate Collection Set: 1,2ms
[2024-06-27T17:29:03.814-0400][gc,phases   ] GC(135)   Other: 0,1ms
[2024-06-27T17:29:03.814-0400][gc,heap     ] GC(135) Eden regions: 47->0(48)
[2024-06-27T17:29:03.814-0400][gc,heap     ] GC(135) Survivor regions: 4->3(7)
[2024-06-27T17:29:03.814-0400][gc,heap     ] GC(135) Old regions: 19->19
[2024-06-27T17:29:03.814-0400][gc,heap     ] GC(135) Humongous regions: 129->129
[2024-06-27T17:29:03.814-0400][gc,metaspace] GC(135) Metaspace: 44632K(45312K)->44632K(45312K) NonClass: 39508K(39872K)->39508K(39872K) Class: 5124K(5440K)->5124K(5440K)
[2024-06-27T17:29:03.814-0400][gc          ] GC(135) Pause Young (Normal) (G1 Evacuation Pause) 197M->150M(1024M) 7,607ms
[2024-06-27T17:29:03.814-0400][gc,cpu      ] GC(135) User=0,01s Sys=0,01s Real=0,00s
[2024-06-27T17:36:41.569-0400][gc,start    ] GC(136) Pause Young (Normal) (G1 Evacuation Pause)
[2024-06-27T17:36:41.570-0400][gc,task     ] GC(136) Using 6 workers of 6 for evacuation
[2024-06-27T17:36:41.576-0400][gc,phases   ] GC(136)   Pre Evacuate Collection Set: 0,8ms
[2024-06-27T17:36:41.576-0400][gc,phases   ] GC(136)   Merge Heap Roots: 0,2ms
[2024-06-27T17:36:41.576-0400][gc,phases   ] GC(136)   Evacuate Collection Set: 3,5ms
[2024-06-27T17:36:41.576-0400][gc,phases   ] GC(136)   Post Evacuate Collection Set: 1,2ms
[2024-06-27T17:36:41.576-0400][gc,phases   ] GC(136)   Other: 0,3ms
[2024-06-27T17:36:41.576-0400][gc,heap     ] GC(136) Eden regions: 48->0(48)
[2024-06-27T17:36:41.576-0400][gc,heap     ] GC(136) Survivor regions: 3->3(7)
[2024-06-27T17:36:41.576-0400][gc,heap     ] GC(136) Old regions: 19->19
[2024-06-27T17:36:41.576-0400][gc,heap     ] GC(136) Humongous regions: 129->129
[2024-06-27T17:36:41.576-0400][gc,metaspace] GC(136) Metaspace: 44632K(45312K)->44632K(45312K) NonClass: 39508K(39872K)->39508K(39872K) Class: 5124K(5440K)->5124K(5440K)
[2024-06-27T17:36:41.576-0400][gc          ] GC(136) Pause Young (Normal) (G1 Evacuation Pause) 198M->149M(1024M) 6,384ms
[2024-06-27T17:36:41.576-0400][gc,cpu      ] GC(136) User=0,01s Sys=0,01s Real=0,01s
[2024-06-27T17:43:52.543-0400][gc,start    ] GC(137) Pause Young (Normal) (G1 Evacuation Pause)
[2024-06-27T17:43:52.543-0400][gc,task     ] GC(137) Using 6 workers of 6 for evacuation
[2024-06-27T17:43:52.555-0400][gc,phases   ] GC(137)   Pre Evacuate Collection Set: 0,7ms
[2024-06-27T17:43:52.555-0400][gc,phases   ] GC(137)   Merge Heap Roots: 0,4ms
[2024-06-27T17:43:52.555-0400][gc,phases   ] GC(137)   Evacuate Collection Set: 4,7ms
[2024-06-27T17:43:52.555-0400][gc,phases   ] GC(137)   Post Evacuate Collection Set: 5,6ms
[2024-06-27T17:43:52.555-0400][gc,phases   ] GC(137)   Other: 0,4ms
[2024-06-27T17:43:52.555-0400][gc,heap     ] GC(137) Eden regions: 48->0(48)
[2024-06-27T17:43:52.555-0400][gc,heap     ] GC(137) Survivor regions: 3->3(7)
[2024-06-27T17:43:52.555-0400][gc,heap     ] GC(137) Old regions: 19->19
[2024-06-27T17:43:52.555-0400][gc,heap     ] GC(137) Humongous regions: 129->129
[2024-06-27T17:43:52.555-0400][gc,metaspace] GC(137) Metaspace: 44632K(45312K)->44632K(45312K) NonClass: 39508K(39872K)->39508K(39872K) Class: 5124K(5440K)->5124K(5440K)
[2024-06-27T17:43:52.555-0400][gc          ] GC(137) Pause Young (Normal) (G1 Evacuation Pause) 197M->150M(1024M) 12,035ms
[2024-06-27T17:43:52.555-0400][gc,cpu      ] GC(137) User=0,02s Sys=0,01s Real=0,01s
[2024-06-27T17:51:29.623-0400][gc,start    ] GC(138) Pause Young (Normal) (G1 Evacuation Pause)
[2024-06-27T17:51:29.623-0400][gc,task     ] GC(138) Using 6 workers of 6 for evacuation
[2024-06-27T17:51:29.632-0400][gc,phases   ] GC(138)   Pre Evacuate Collection Set: 2,8ms
[2024-06-27T17:51:29.632-0400][gc,phases   ] GC(138)   Merge Heap Roots: 0,4ms
[2024-06-27T17:51:29.632-0400][gc,phases   ] GC(138)   Evacuate Collection Set: 4,6ms
[2024-06-27T17:51:29.632-0400][gc,phases   ] GC(138)   Post Evacuate Collection Set: 1,4ms
[2024-06-27T17:51:29.632-0400][gc,phases   ] GC(138)   Other: 0,1ms
[2024-06-27T17:51:29.632-0400][gc,heap     ] GC(138) Eden regions: 48->0(48)
[2024-06-27T17:51:29.632-0400][gc,heap     ] GC(138) Survivor regions: 3->3(7)
[2024-06-27T17:51:29.632-0400][gc,heap     ] GC(138) Old regions: 19->19
[2024-06-27T17:51:29.632-0400][gc,heap     ] GC(138) Humongous regions: 129->129
[2024-06-27T17:51:29.632-0400][gc,metaspace] GC(138) Metaspace: 44633K(45312K)->44633K(45312K) NonClass: 39509K(39872K)->39509K(39872K) Class: 5124K(5440K)->5124K(5440K)
[2024-06-27T17:51:29.632-0400][gc          ] GC(138) Pause Young (Normal) (G1 Evacuation Pause) 198M->150M(1024M) 9,488ms
[2024-06-27T17:51:29.632-0400][gc,cpu      ] GC(138) User=0,01s Sys=0,01s Real=0,01s
[2024-06-27T17:59:06.566-0400][gc,start    ] GC(139) Pause Young (Normal) (G1 Evacuation Pause)
[2024-06-27T17:59:06.567-0400][gc,task     ] GC(139) Using 6 workers of 6 for evacuation
[2024-06-27T17:59:06.577-0400][gc,phases   ] GC(139)   Pre Evacuate Collection Set: 0,5ms
[2024-06-27T17:59:06.577-0400][gc,phases   ] GC(139)   Merge Heap Roots: 2,0ms
[2024-06-27T17:59:06.577-0400][gc,phases   ] GC(139)   Evacuate Collection Set: 4,0ms
[2024-06-27T17:59:06.577-0400][gc,phases   ] GC(139)   Post Evacuate Collection Set: 2,2ms
[2024-06-27T17:59:06.577-0400][gc,phases   ] GC(139)   Other: 1,8ms
[2024-06-27T17:59:06.577-0400][gc,heap     ] GC(139) Eden regions: 48->0(49)
[2024-06-27T17:59:06.577-0400][gc,heap     ] GC(139) Survivor regions: 3->2(7)
[2024-06-27T17:59:06.577-0400][gc,heap     ] GC(139) Old regions: 19->19
[2024-06-27T17:59:06.577-0400][gc,heap     ] GC(139) Humongous regions: 129->129
[2024-06-27T17:59:06.577-0400][gc,metaspace] GC(139) Metaspace: 44633K(45312K)->44633K(45312K) NonClass: 39509K(39872K)->39509K(39872K) Class: 5124K(5440K)->5124K(5440K)
[2024-06-27T17:59:06.577-0400][gc          ] GC(139) Pause Young (Normal) (G1 Evacuation Pause) 198M->149M(1024M) 10,814ms
[2024-06-27T17:59:06.577-0400][gc,cpu      ] GC(139) User=0,03s Sys=0,00s Real=0,01s
[2024-06-27T19:00:32.812-0400][gc,start    ] GC(140) Pause Young (Normal) (G1 Evacuation Pause)
[2024-06-27T19:00:32.812-0400][gc,task     ] GC(140) Using 6 workers of 6 for evacuation
[2024-06-27T19:00:32.910-0400][gc,mmu      ] GC(140) MMU target violated: 21,0ms (20,0ms/21,0ms)
[2024-06-27T19:00:32.910-0400][gc,phases   ] GC(140)   Pre Evacuate Collection Set: 0,5ms
[2024-06-27T19:00:32.910-0400][gc,phases   ] GC(140)   Merge Heap Roots: 0,5ms
[2024-06-27T19:00:32.910-0400][gc,phases   ] GC(140)   Evacuate Collection Set: 94,2ms
[2024-06-27T19:00:32.910-0400][gc,phases   ] GC(140)   Post Evacuate Collection Set: 1,6ms
[2024-06-27T19:00:32.910-0400][gc,phases   ] GC(140)   Other: 0,3ms
[2024-06-27T19:00:32.910-0400][gc,heap     ] GC(140) Eden regions: 387->0(48)
[2024-06-27T19:00:32.910-0400][gc,heap     ] GC(140) Survivor regions: 2->3(49)
[2024-06-27T19:00:32.910-0400][gc,heap     ] GC(140) Old regions: 19->19
[2024-06-27T19:00:32.910-0400][gc,heap     ] GC(140) Humongous regions: 129->129
[2024-06-27T19:00:32.910-0400][gc,metaspace] GC(140) Metaspace: 44635K(45312K)->44635K(45312K) NonClass: 39511K(39872K)->39511K(39872K) Class: 5124K(5440K)->5124K(5440K)
[2024-06-27T19:00:32.910-0400][gc          ] GC(140) Pause Young (Normal) (G1 Evacuation Pause) 536M->149M(1024M) 97,370ms
[2024-06-27T19:00:32.910-0400][gc,cpu      ] GC(140) User=0,01s Sys=0,18s Real=0,10s
[2024-06-27T19:07:57.812-0400][gc,start    ] GC(141) Pause Young (Normal) (G1 Evacuation Pause)
[2024-06-27T19:07:57.812-0400][gc,task     ] GC(141) Using 6 workers of 6 for evacuation
[2024-06-27T19:07:57.820-0400][gc,phases   ] GC(141)   Pre Evacuate Collection Set: 0,8ms
[2024-06-27T19:07:57.820-0400][gc,phases   ] GC(141)   Merge Heap Roots: 0,2ms
[2024-06-27T19:07:57.820-0400][gc,phases   ] GC(141)   Evacuate Collection Set: 5,8ms
[2024-06-27T19:07:57.820-0400][gc,phases   ] GC(141)   Post Evacuate Collection Set: 1,2ms
[2024-06-27T19:07:57.820-0400][gc,phases   ] GC(141)   Other: 0,1ms
[2024-06-27T19:07:57.820-0400][gc,heap     ] GC(141) Eden regions: 48->0(48)
[2024-06-27T19:07:57.820-0400][gc,heap     ] GC(141) Survivor regions: 3->3(7)
[2024-06-27T19:07:57.820-0400][gc,heap     ] GC(141) Old regions: 19->19
[2024-06-27T19:07:57.820-0400][gc,heap     ] GC(141) Humongous regions: 129->129
[2024-06-27T19:07:57.820-0400][gc,metaspace] GC(141) Metaspace: 44635K(45312K)->44635K(45312K) NonClass: 39511K(39872K)->39511K(39872K) Class: 5124K(5440K)->5124K(5440K)
[2024-06-27T19:07:57.820-0400][gc          ] GC(141) Pause Young (Normal) (G1 Evacuation Pause) 197M->150M(1024M) 8,254ms
[2024-06-27T19:07:57.820-0400][gc,cpu      ] GC(141) User=0,01s Sys=0,01s Real=0,01s
[2024-06-27T19:15:34.906-0400][gc,start    ] GC(142) Pause Young (Normal) (G1 Evacuation Pause)
[2024-06-27T19:15:34.907-0400][gc,task     ] GC(142) Using 6 workers of 6 for evacuation
[2024-06-27T19:15:34.915-0400][gc,phases   ] GC(142)   Pre Evacuate Collection Set: 0,9ms
[2024-06-27T19:15:34.915-0400][gc,phases   ] GC(142)   Merge Heap Roots: 0,4ms
[2024-06-27T19:15:34.915-0400][gc,phases   ] GC(142)   Evacuate Collection Set: 5,8ms
[2024-06-27T19:15:34.915-0400][gc,phases   ] GC(142)   Post Evacuate Collection Set: 1,1ms
[2024-06-27T19:15:34.915-0400][gc,phases   ] GC(142)   Other: 0,1ms
[2024-06-27T19:15:34.915-0400][gc,heap     ] GC(142) Eden regions: 48->0(48)
[2024-06-27T19:15:34.915-0400][gc,heap     ] GC(142) Survivor regions: 3->3(7)
[2024-06-27T19:15:34.915-0400][gc,heap     ] GC(142) Old regions: 19->19
[2024-06-27T19:15:34.915-0400][gc,heap     ] GC(142) Humongous regions: 129->129
[2024-06-27T19:15:34.915-0400][gc,metaspace] GC(142) Metaspace: 44635K(45312K)->44635K(45312K) NonClass: 39511K(39872K)->39511K(39872K) Class: 5124K(5440K)->5124K(5440K)
[2024-06-27T19:15:34.915-0400][gc          ] GC(142) Pause Young (Normal) (G1 Evacuation Pause) 198M->150M(1024M) 9,018ms
[2024-06-27T19:15:34.915-0400][gc,cpu      ] GC(142) User=0,01s Sys=0,01s Real=0,00s
[2024-06-27T19:23:12.814-0400][gc,start    ] GC(143) Pause Young (Normal) (G1 Evacuation Pause)
[2024-06-27T19:23:12.814-0400][gc,task     ] GC(143) Using 6 workers of 6 for evacuation
[2024-06-27T19:23:12.819-0400][gc,phases   ] GC(143)   Pre Evacuate Collection Set: 0,5ms
[2024-06-27T19:23:12.819-0400][gc,phases   ] GC(143)   Merge Heap Roots: 0,2ms
[2024-06-27T19:23:12.820-0400][gc,phases   ] GC(143)   Evacuate Collection Set: 3,3ms
[2024-06-27T19:23:12.820-0400][gc,phases   ] GC(143)   Post Evacuate Collection Set: 0,9ms
[2024-06-27T19:23:12.820-0400][gc,phases   ] GC(143)   Other: 0,2ms
[2024-06-27T19:23:12.820-0400][gc,heap     ] GC(143) Eden regions: 48->0(48)
[2024-06-27T19:23:12.820-0400][gc,heap     ] GC(143) Survivor regions: 3->3(7)
[2024-06-27T19:23:12.820-0400][gc,heap     ] GC(143) Old regions: 19->19
[2024-06-27T19:23:12.820-0400][gc,heap     ] GC(143) Humongous regions: 129->129
[2024-06-27T19:23:12.820-0400][gc,metaspace] GC(143) Metaspace: 44635K(45312K)->44635K(45312K) NonClass: 39511K(39872K)->39511K(39872K) Class: 5124K(5440K)->5124K(5440K)
[2024-06-27T19:23:12.820-0400][gc          ] GC(143) Pause Young (Normal) (G1 Evacuation Pause) 198M->149M(1024M) 5,307ms
[2024-06-27T19:23:12.820-0400][gc,cpu      ] GC(143) User=0,01s Sys=0,01s Real=0,01s
[2024-06-27T19:30:51.929-0400][gc,start    ] GC(144) Pause Young (Normal) (G1 Evacuation Pause)
[2024-06-27T19:30:51.929-0400][gc,task     ] GC(144) Using 6 workers of 6 for evacuation
[2024-06-27T19:30:51.935-0400][gc,phases   ] GC(144)   Pre Evacuate Collection Set: 0,5ms
[2024-06-27T19:30:51.935-0400][gc,phases   ] GC(144)   Merge Heap Roots: 0,3ms
[2024-06-27T19:30:51.935-0400][gc,phases   ] GC(144)   Evacuate Collection Set: 3,7ms
[2024-06-27T19:30:51.935-0400][gc,phases   ] GC(144)   Post Evacuate Collection Set: 1,5ms
[2024-06-27T19:30:51.935-0400][gc,phases   ] GC(144)   Other: 0,1ms
[2024-06-27T19:30:51.935-0400][gc,heap     ] GC(144) Eden regions: 48->0(47)
[2024-06-27T19:30:51.935-0400][gc,heap     ] GC(144) Survivor regions: 3->4(7)
[2024-06-27T19:30:51.935-0400][gc,heap     ] GC(144) Old regions: 19->19
[2024-06-27T19:30:51.935-0400][gc,heap     ] GC(144) Humongous regions: 129->129
[2024-06-27T19:30:51.935-0400][gc,metaspace] GC(144) Metaspace: 44635K(45312K)->44635K(45312K) NonClass: 39511K(39872K)->39511K(39872K) Class: 5124K(5440K)->5124K(5440K)
[2024-06-27T19:30:51.935-0400][gc          ] GC(144) Pause Young (Normal) (G1 Evacuation Pause) 197M->151M(1024M) 6,313ms
[2024-06-27T19:30:51.935-0400][gc,cpu      ] GC(144) User=0,01s Sys=0,01s Real=0,00s
[2024-06-27T19:37:51.971-0400][gc,start    ] GC(145) Pause Young (Normal) (G1 Evacuation Pause)
[2024-06-27T19:37:51.971-0400][gc,task     ] GC(145) Using 6 workers of 6 for evacuation
[2024-06-27T19:37:51.985-0400][gc,phases   ] GC(145)   Pre Evacuate Collection Set: 0,5ms
[2024-06-27T19:37:51.985-0400][gc,phases   ] GC(145)   Merge Heap Roots: 1,3ms
[2024-06-27T19:37:51.985-0400][gc,phases   ] GC(145)   Evacuate Collection Set: 10,8ms
[2024-06-27T19:37:51.985-0400][gc,phases   ] GC(145)   Post Evacuate Collection Set: 1,1ms
[2024-06-27T19:37:51.985-0400][gc,phases   ] GC(145)   Other: 0,1ms
[2024-06-27T19:37:51.985-0400][gc,heap     ] GC(145) Eden regions: 47->0(48)
[2024-06-27T19:37:51.985-0400][gc,heap     ] GC(145) Survivor regions: 4->3(7)
[2024-06-27T19:37:51.985-0400][gc,heap     ] GC(145) Old regions: 19->19
[2024-06-27T19:37:51.985-0400][gc,heap     ] GC(145) Humongous regions: 129->129
[2024-06-27T19:37:51.985-0400][gc,metaspace] GC(145) Metaspace: 44636K(45312K)->44636K(45312K) NonClass: 39512K(39872K)->39512K(39872K) Class: 5124K(5440K)->5124K(5440K)
[2024-06-27T19:37:51.985-0400][gc          ] GC(145) Pause Young (Normal) (G1 Evacuation Pause) 198M->150M(1024M) 13,963ms
[2024-06-27T19:37:51.985-0400][gc,cpu      ] GC(145) User=0,01s Sys=0,01s Real=0,01s
[2024-06-27T19:45:30.168-0400][gc,start    ] GC(146) Pause Young (Normal) (G1 Evacuation Pause)
[2024-06-27T19:45:30.168-0400][gc,task     ] GC(146) Using 6 workers of 6 for evacuation
[2024-06-27T19:45:30.176-0400][gc,phases   ] GC(146)   Pre Evacuate Collection Set: 0,9ms
[2024-06-27T19:45:30.176-0400][gc,phases   ] GC(146)   Merge Heap Roots: 0,4ms
[2024-06-27T19:45:30.176-0400][gc,phases   ] GC(146)   Evacuate Collection Set: 5,3ms
[2024-06-27T19:45:30.176-0400][gc,phases   ] GC(146)   Post Evacuate Collection Set: 1,2ms
[2024-06-27T19:45:30.176-0400][gc,phases   ] GC(146)   Other: 0,1ms
[2024-06-27T19:45:30.176-0400][gc,heap     ] GC(146) Eden regions: 48->0(48)
[2024-06-27T19:45:30.176-0400][gc,heap     ] GC(146) Survivor regions: 3->3(7)
[2024-06-27T19:45:30.176-0400][gc,heap     ] GC(146) Old regions: 19->19
[2024-06-27T19:45:30.176-0400][gc,heap     ] GC(146) Humongous regions: 129->129
[2024-06-27T19:45:30.176-0400][gc,metaspace] GC(146) Metaspace: 44636K(45312K)->44636K(45312K) NonClass: 39512K(39872K)->39512K(39872K) Class: 5124K(5440K)->5124K(5440K)
[2024-06-27T19:45:30.176-0400][gc          ] GC(146) Pause Young (Normal) (G1 Evacuation Pause) 198M->149M(1024M) 8,085ms
[2024-06-27T19:45:30.176-0400][gc,cpu      ] GC(146) User=0,02s Sys=0,01s Real=0,01s
[2024-06-27T19:53:06.739-0400][gc,start    ] GC(147) Pause Young (Normal) (G1 Evacuation Pause)
[2024-06-27T19:53:06.739-0400][gc,task     ] GC(147) Using 6 workers of 6 for evacuation
[2024-06-27T19:53:06.751-0400][gc,phases   ] GC(147)   Pre Evacuate Collection Set: 1,2ms
[2024-06-27T19:53:06.751-0400][gc,phases   ] GC(147)   Merge Heap Roots: 0,2ms
[2024-06-27T19:53:06.751-0400][gc,phases   ] GC(147)   Evacuate Collection Set: 8,9ms
[2024-06-27T19:53:06.751-0400][gc,phases   ] GC(147)   Post Evacuate Collection Set: 1,1ms
[2024-06-27T19:53:06.751-0400][gc,phases   ] GC(147)   Other: 0,1ms
[2024-06-27T19:53:06.751-0400][gc,heap     ] GC(147) Eden regions: 48->0(47)
[2024-06-27T19:53:06.751-0400][gc,heap     ] GC(147) Survivor regions: 3->4(7)
[2024-06-27T19:53:06.751-0400][gc,heap     ] GC(147) Old regions: 19->19
[2024-06-27T19:53:06.751-0400][gc,heap     ] GC(147) Humongous regions: 129->129
[2024-06-27T19:53:06.751-0400][gc,metaspace] GC(147) Metaspace: 44636K(45312K)->44636K(45312K) NonClass: 39512K(39872K)->39512K(39872K) Class: 5124K(5440K)->5124K(5440K)
[2024-06-27T19:53:06.751-0400][gc          ] GC(147) Pause Young (Normal) (G1 Evacuation Pause) 197M->150M(1024M) 11,533ms
[2024-06-27T19:53:06.751-0400][gc,cpu      ] GC(147) User=0,02s Sys=0,01s Real=0,01s
[2024-06-27T20:00:33.709-0400][gc,start    ] GC(148) Pause Young (Normal) (G1 Evacuation Pause)
[2024-06-27T20:00:33.709-0400][gc,task     ] GC(148) Using 6 workers of 6 for evacuation
[2024-06-27T20:00:33.730-0400][gc,mmu      ] GC(148) MMU target violated: 21,0ms (20,0ms/21,0ms)
[2024-06-27T20:00:33.730-0400][gc,phases   ] GC(148)   Pre Evacuate Collection Set: 0,7ms
[2024-06-27T20:00:33.730-0400][gc,phases   ] GC(148)   Merge Heap Roots: 0,4ms
[2024-06-27T20:00:33.730-0400][gc,phases   ] GC(148)   Evacuate Collection Set: 19,6ms
[2024-06-27T20:00:33.730-0400][gc,phases   ] GC(148)   Post Evacuate Collection Set: 0,5ms
[2024-06-27T20:00:33.730-0400][gc,phases   ] GC(148)   Other: 0,1ms
[2024-06-27T20:00:33.730-0400][gc,heap     ] GC(148) Eden regions: 47->0(48)
[2024-06-27T20:00:33.730-0400][gc,heap     ] GC(148) Survivor regions: 4->3(7)
[2024-06-27T20:00:33.730-0400][gc,heap     ] GC(148) Old regions: 19->19
[2024-06-27T20:00:33.730-0400][gc,heap     ] GC(148) Humongous regions: 129->129
[2024-06-27T20:00:33.730-0400][gc,metaspace] GC(148) Metaspace: 44636K(45312K)->44636K(45312K) NonClass: 39512K(39872K)->39512K(39872K) Class: 5124K(5440K)->5124K(5440K)
[2024-06-27T20:00:33.730-0400][gc          ] GC(148) Pause Young (Normal) (G1 Evacuation Pause) 197M->150M(1024M) 21,560ms
[2024-06-27T20:00:33.730-0400][gc,cpu      ] GC(148) User=0,01s Sys=0,03s Real=0,02s
[2024-06-27T20:08:12.093-0400][gc,start    ] GC(149) Pause Young (Normal) (G1 Evacuation Pause)
[2024-06-27T20:08:12.093-0400][gc,task     ] GC(149) Using 6 workers of 6 for evacuation
[2024-06-27T20:08:12.099-0400][gc,phases   ] GC(149)   Pre Evacuate Collection Set: 2,0ms
[2024-06-27T20:08:12.099-0400][gc,phases   ] GC(149)   Merge Heap Roots: 0,3ms
[2024-06-27T20:08:12.099-0400][gc,phases   ] GC(149)   Evacuate Collection Set: 3,2ms
[2024-06-27T20:08:12.099-0400][gc,phases   ] GC(149)   Post Evacuate Collection Set: 1,0ms
[2024-06-27T20:08:12.099-0400][gc,phases   ] GC(149)   Other: 0,1ms
[2024-06-27T20:08:12.099-0400][gc,heap     ] GC(149) Eden regions: 48->0(48)
[2024-06-27T20:08:12.099-0400][gc,heap     ] GC(149) Survivor regions: 3->3(7)
[2024-06-27T20:08:12.099-0400][gc,heap     ] GC(149) Old regions: 19->19
[2024-06-27T20:08:12.099-0400][gc,heap     ] GC(149) Humongous regions: 129->129
[2024-06-27T20:08:12.100-0400][gc,metaspace] GC(149) Metaspace: 44636K(45312K)->44636K(45312K) NonClass: 39512K(39872K)->39512K(39872K) Class: 5124K(5440K)->5124K(5440K)
[2024-06-27T20:08:12.100-0400][gc          ] GC(149) Pause Young (Normal) (G1 Evacuation Pause) 198M->150M(1024M) 6,817ms
[2024-06-27T20:08:12.100-0400][gc,cpu      ] GC(149) User=0,01s Sys=0,01s Real=0,01s
[2024-06-27T20:16:00.121-0400][gc,start    ] GC(150) Pause Young (Normal) (G1 Evacuation Pause)
[2024-06-27T20:16:00.121-0400][gc,task     ] GC(150) Using 6 workers of 6 for evacuation
[2024-06-27T20:16:00.126-0400][gc,phases   ] GC(150)   Pre Evacuate Collection Set: 0,8ms
[2024-06-27T20:16:00.126-0400][gc,phases   ] GC(150)   Merge Heap Roots: 0,3ms
[2024-06-27T20:16:00.126-0400][gc,phases   ] GC(150)   Evacuate Collection Set: 3,1ms
[2024-06-27T20:16:00.126-0400][gc,phases   ] GC(150)   Post Evacuate Collection Set: 1,2ms
[2024-06-27T20:16:00.126-0400][gc,phases   ] GC(150)   Other: 0,1ms
[2024-06-27T20:16:00.126-0400][gc,heap     ] GC(150) Eden regions: 49->0(114)
[2024-06-27T20:16:00.126-0400][gc,heap     ] GC(150) Survivor regions: 3->2(7)
[2024-06-27T20:16:00.126-0400][gc,heap     ] GC(150) Old regions: 19->19
[2024-06-27T20:16:00.126-0400][gc,heap     ] GC(150) Humongous regions: 129->129
[2024-06-27T20:16:00.126-0400][gc,metaspace] GC(150) Metaspace: 44636K(45312K)->44636K(45312K) NonClass: 39512K(39872K)->39512K(39872K) Class: 5124K(5440K)->5124K(5440K)
[2024-06-27T20:16:00.126-0400][gc          ] GC(150) Pause Young (Normal) (G1 Evacuation Pause) 199M->149M(1024M) 5,744ms
[2024-06-27T20:16:00.127-0400][gc,cpu      ] GC(150) User=0,01s Sys=0,00s Real=0,01s
[2024-06-27T20:36:31.100-0400][gc,start    ] GC(151) Pause Young (Normal) (G1 Evacuation Pause)
[2024-06-27T20:36:31.103-0400][gc,task     ] GC(151) Using 6 workers of 6 for evacuation
[2024-06-27T20:36:31.115-0400][gc,phases   ] GC(151)   Pre Evacuate Collection Set: 0,9ms
[2024-06-27T20:36:31.115-0400][gc,phases   ] GC(151)   Merge Heap Roots: 0,4ms
[2024-06-27T20:36:31.115-0400][gc,phases   ] GC(151)   Evacuate Collection Set: 9,3ms
[2024-06-27T20:36:31.115-0400][gc,phases   ] GC(151)   Post Evacuate Collection Set: 1,0ms
[2024-06-27T20:36:31.115-0400][gc,phases   ] GC(151)   Other: 0,2ms
[2024-06-27T20:36:31.115-0400][gc,heap     ] GC(151) Eden regions: 128->0(151)
[2024-06-27T20:36:31.115-0400][gc,heap     ] GC(151) Survivor regions: 2->3(17)
[2024-06-27T20:36:31.115-0400][gc,heap     ] GC(151) Old regions: 19->19
[2024-06-27T20:36:31.115-0400][gc,heap     ] GC(151) Humongous regions: 129->129
[2024-06-27T20:36:31.115-0400][gc,metaspace] GC(151) Metaspace: 44637K(45312K)->44637K(45312K) NonClass: 39513K(39872K)->39513K(39872K) Class: 5124K(5440K)->5124K(5440K)
[2024-06-27T20:36:31.115-0400][gc          ] GC(151) Pause Young (Normal) (G1 Evacuation Pause) 277M->150M(1024M) 15,121ms
[2024-06-27T20:36:31.115-0400][gc,cpu      ] GC(151) User=0,01s Sys=0,01s Real=0,01s
[2024-06-27T20:53:37.063-0400][gc,start    ] GC(152) Pause Young (Normal) (G1 Evacuation Pause)
[2024-06-27T20:53:37.063-0400][gc,task     ] GC(152) Using 6 workers of 6 for evacuation
[2024-06-27T20:53:37.077-0400][gc,phases   ] GC(152)   Pre Evacuate Collection Set: 0,4ms
[2024-06-27T20:53:37.077-0400][gc,phases   ] GC(152)   Merge Heap Roots: 0,1ms
[2024-06-27T20:53:37.077-0400][gc,phases   ] GC(152)   Evacuate Collection Set: 11,8ms
[2024-06-27T20:53:37.077-0400][gc,phases   ] GC(152)   Post Evacuate Collection Set: 1,9ms
[2024-06-27T20:53:37.077-0400][gc,phases   ] GC(152)   Other: 0,1ms
[2024-06-27T20:53:37.077-0400][gc,heap     ] GC(152) Eden regions: 110->0(187)
[2024-06-27T20:53:37.077-0400][gc,heap     ] GC(152) Survivor regions: 3->3(15)
[2024-06-27T20:53:37.077-0400][gc,heap     ] GC(152) Old regions: 19->19
[2024-06-27T20:53:37.077-0400][gc,heap     ] GC(152) Humongous regions: 129->129
[2024-06-27T20:53:37.077-0400][gc,metaspace] GC(152) Metaspace: 44638K(45312K)->44638K(45312K) NonClass: 39514K(39872K)->39514K(39872K) Class: 5124K(5440K)->5124K(5440K)
[2024-06-27T20:53:37.077-0400][gc          ] GC(152) Pause Young (Normal) (G1 Evacuation Pause) 260M->150M(1024M) 14,505ms
[2024-06-27T20:53:37.077-0400][gc,cpu      ] GC(152) User=0,02s Sys=0,00s Real=0,02s
[2024-06-27T21:16:37.483-0400][gc,start    ] GC(153) Pause Young (Normal) (G1 Evacuation Pause)
[2024-06-27T21:16:37.485-0400][gc,task     ] GC(153) Using 6 workers of 6 for evacuation
[2024-06-27T21:16:37.502-0400][gc,phases   ] GC(153)   Pre Evacuate Collection Set: 0,5ms
[2024-06-27T21:16:37.502-0400][gc,phases   ] GC(153)   Merge Heap Roots: 4,5ms
[2024-06-27T21:16:37.502-0400][gc,phases   ] GC(153)   Evacuate Collection Set: 7,6ms
[2024-06-27T21:16:37.502-0400][gc,phases   ] GC(153)   Post Evacuate Collection Set: 4,1ms
[2024-06-27T21:16:37.502-0400][gc,phases   ] GC(153)   Other: 0,1ms
[2024-06-27T21:16:37.502-0400][gc,heap     ] GC(153) Eden regions: 143->0(186)
[2024-06-27T21:16:37.502-0400][gc,heap     ] GC(153) Survivor regions: 3->3(19)
[2024-06-27T21:16:37.502-0400][gc,heap     ] GC(153) Old regions: 19->19
[2024-06-27T21:16:37.502-0400][gc,heap     ] GC(153) Humongous regions: 129->129
[2024-06-27T21:16:37.502-0400][gc,metaspace] GC(153) Metaspace: 44649K(45312K)->44649K(45312K) NonClass: 39525K(39872K)->39525K(39872K) Class: 5124K(5440K)->5124K(5440K)
[2024-06-27T21:16:37.502-0400][gc          ] GC(153) Pause Young (Normal) (G1 Evacuation Pause) 293M->150M(1024M) 19,236ms
[2024-06-27T21:16:37.502-0400][gc,cpu      ] GC(153) User=0,02s Sys=0,01s Real=0,02s
[2024-06-27T21:40:42.813-0400][gc,start    ] GC(154) Pause Young (Normal) (G1 Evacuation Pause)
[2024-06-27T21:40:42.821-0400][gc,task     ] GC(154) Using 6 workers of 6 for evacuation
[2024-06-27T21:40:42.842-0400][gc,phases   ] GC(154)   Pre Evacuate Collection Set: 0,5ms
[2024-06-27T21:40:42.842-0400][gc,phases   ] GC(154)   Merge Heap Roots: 0,2ms
[2024-06-27T21:40:42.842-0400][gc,phases   ] GC(154)   Evacuate Collection Set: 7,0ms
[2024-06-27T21:40:42.842-0400][gc,phases   ] GC(154)   Post Evacuate Collection Set: 7,5ms
[2024-06-27T21:40:42.842-0400][gc,phases   ] GC(154)   Other: 0,3ms
[2024-06-27T21:40:42.843-0400][gc,heap     ] GC(154) Eden regions: 153->0(48)
[2024-06-27T21:40:42.843-0400][gc,heap     ] GC(154) Survivor regions: 3->3(20)
[2024-06-27T21:40:42.843-0400][gc,heap     ] GC(154) Old regions: 19->19
[2024-06-27T21:40:42.843-0400][gc,heap     ] GC(154) Humongous regions: 129->129
[2024-06-27T21:40:42.843-0400][gc,metaspace] GC(154) Metaspace: 44662K(45312K)->44662K(45312K) NonClass: 39538K(39872K)->39538K(39872K) Class: 5124K(5440K)->5124K(5440K)
[2024-06-27T21:40:42.843-0400][gc          ] GC(154) Pause Young (Normal) (G1 Evacuation Pause) 303M->150M(1024M) 29,922ms
[2024-06-27T21:40:42.843-0400][gc,cpu      ] GC(154) User=0,03s Sys=0,01s Real=0,03s
[2024-06-27T21:48:16.103-0400][gc,start    ] GC(155) Pause Young (Normal) (G1 Evacuation Pause)
[2024-06-27T21:48:16.113-0400][gc,task     ] GC(155) Using 6 workers of 6 for evacuation
[2024-06-27T21:48:16.138-0400][gc,mmu      ] GC(155) MMU target violated: 21,0ms (20,0ms/21,0ms)
[2024-06-27T21:48:16.139-0400][gc,phases   ] GC(155)   Pre Evacuate Collection Set: 1,5ms
[2024-06-27T21:48:16.139-0400][gc,phases   ] GC(155)   Merge Heap Roots: 0,3ms
[2024-06-27T21:48:16.139-0400][gc,phases   ] GC(155)   Evacuate Collection Set: 10,8ms
[2024-06-27T21:48:16.139-0400][gc,phases   ] GC(155)   Post Evacuate Collection Set: 12,1ms
[2024-06-27T21:48:16.139-0400][gc,phases   ] GC(155)   Other: 0,3ms
[2024-06-27T21:48:16.139-0400][gc,heap     ] GC(155) Eden regions: 48->0(47)
[2024-06-27T21:48:16.139-0400][gc,heap     ] GC(155) Survivor regions: 3->4(7)
[2024-06-27T21:48:16.139-0400][gc,heap     ] GC(155) Old regions: 19->19
[2024-06-27T21:48:16.139-0400][gc,heap     ] GC(155) Humongous regions: 129->129
[2024-06-27T21:48:16.139-0400][gc,metaspace] GC(155) Metaspace: 44664K(45312K)->44664K(45312K) NonClass: 39540K(39872K)->39540K(39872K) Class: 5124K(5440K)->5124K(5440K)
[2024-06-27T21:48:16.139-0400][gc          ] GC(155) Pause Young (Normal) (G1 Evacuation Pause) 198M->151M(1024M) 36,229ms
[2024-06-27T21:48:16.139-0400][gc,cpu      ] GC(155) User=0,02s Sys=0,02s Real=0,04s
[2024-06-27T21:55:44.816-0400][gc,start    ] GC(156) Pause Young (Normal) (G1 Evacuation Pause)
[2024-06-27T21:55:44.817-0400][gc,task     ] GC(156) Using 6 workers of 6 for evacuation
[2024-06-27T21:55:44.836-0400][gc,phases   ] GC(156)   Pre Evacuate Collection Set: 0,6ms
[2024-06-27T21:55:44.836-0400][gc,phases   ] GC(156)   Merge Heap Roots: 0,3ms
[2024-06-27T21:55:44.836-0400][gc,phases   ] GC(156)   Evacuate Collection Set: 13,8ms
[2024-06-27T21:55:44.836-0400][gc,phases   ] GC(156)   Post Evacuate Collection Set: 4,3ms
[2024-06-27T21:55:44.836-0400][gc,phases   ] GC(156)   Other: 0,1ms
[2024-06-27T21:55:44.836-0400][gc,heap     ] GC(156) Eden regions: 47->0(48)
[2024-06-27T21:55:44.836-0400][gc,heap     ] GC(156) Survivor regions: 4->3(7)
[2024-06-27T21:55:44.836-0400][gc,heap     ] GC(156) Old regions: 19->19
[2024-06-27T21:55:44.836-0400][gc,heap     ] GC(156) Humongous regions: 129->129
[2024-06-27T21:55:44.836-0400][gc,metaspace] GC(156) Metaspace: 44664K(45312K)->44664K(45312K) NonClass: 39540K(39872K)->39540K(39872K) Class: 5124K(5440K)->5124K(5440K)
[2024-06-27T21:55:44.836-0400][gc          ] GC(156) Pause Young (Normal) (G1 Evacuation Pause) 198M->150M(1024M) 20,177ms
[2024-06-27T21:55:44.836-0400][gc,cpu      ] GC(156) User=0,02s Sys=0,02s Real=0,02s
[2024-06-27T22:03:22.475-0400][gc,start    ] GC(157) Pause Young (Normal) (G1 Evacuation Pause)
[2024-06-27T22:03:22.475-0400][gc,task     ] GC(157) Using 6 workers of 6 for evacuation
[2024-06-27T22:03:22.487-0400][gc,phases   ] GC(157)   Pre Evacuate Collection Set: 0,8ms
[2024-06-27T22:03:22.488-0400][gc,phases   ] GC(157)   Merge Heap Roots: 0,2ms
[2024-06-27T22:03:22.488-0400][gc,phases   ] GC(157)   Evacuate Collection Set: 10,1ms
[2024-06-27T22:03:22.488-0400][gc,phases   ] GC(157)   Post Evacuate Collection Set: 1,1ms
[2024-06-27T22:03:22.488-0400][gc,phases   ] GC(157)   Other: 0,3ms
[2024-06-27T22:03:22.488-0400][gc,heap     ] GC(157) Eden regions: 48->0(48)
[2024-06-27T22:03:22.488-0400][gc,heap     ] GC(157) Survivor regions: 3->3(7)
[2024-06-27T22:03:22.488-0400][gc,heap     ] GC(157) Old regions: 19->19
[2024-06-27T22:03:22.488-0400][gc,heap     ] GC(157) Humongous regions: 129->129
[2024-06-27T22:03:22.488-0400][gc,metaspace] GC(157) Metaspace: 44664K(45312K)->44664K(45312K) NonClass: 39540K(39872K)->39540K(39872K) Class: 5124K(5440K)->5124K(5440K)
[2024-06-27T22:03:22.488-0400][gc          ] GC(157) Pause Young (Normal) (G1 Evacuation Pause) 198M->150M(1024M) 12,639ms
[2024-06-27T22:03:22.488-0400][gc,cpu      ] GC(157) User=0,02s Sys=0,00s Real=0,02s
[2024-06-27T22:11:01.771-0400][gc,start    ] GC(158) Pause Young (Normal) (G1 Evacuation Pause)
[2024-06-27T22:11:01.779-0400][gc,task     ] GC(158) Using 6 workers of 6 for evacuation
[2024-06-27T22:11:01.809-0400][gc,mmu      ] GC(158) MMU target violated: 21,0ms (20,0ms/21,0ms)
[2024-06-27T22:11:01.809-0400][gc,phases   ] GC(158)   Pre Evacuate Collection Set: 3,3ms
[2024-06-27T22:11:01.809-0400][gc,phases   ] GC(158)   Merge Heap Roots: 0,4ms
[2024-06-27T22:11:01.809-0400][gc,phases   ] GC(158)   Evacuate Collection Set: 24,2ms
[2024-06-27T22:11:01.809-0400][gc,phases   ] GC(158)   Post Evacuate Collection Set: 2,0ms
[2024-06-27T22:11:01.809-0400][gc,phases   ] GC(158)   Other: 0,4ms
[2024-06-27T22:11:01.809-0400][gc,heap     ] GC(158) Eden regions: 48->0(53)
[2024-06-27T22:11:01.809-0400][gc,heap     ] GC(158) Survivor regions: 3->3(7)
[2024-06-27T22:11:01.809-0400][gc,heap     ] GC(158) Old regions: 19->19
[2024-06-27T22:11:01.809-0400][gc,heap     ] GC(158) Humongous regions: 129->129
[2024-06-27T22:11:01.809-0400][gc,metaspace] GC(158) Metaspace: 44665K(45312K)->44665K(45312K) NonClass: 39541K(39872K)->39541K(39872K) Class: 5124K(5440K)->5124K(5440K)
[2024-06-27T22:11:01.809-0400][gc          ] GC(158) Pause Young (Normal) (G1 Evacuation Pause) 198M->150M(1024M) 38,582ms
[2024-06-27T22:11:01.809-0400][gc,cpu      ] GC(158) User=0,07s Sys=0,00s Real=0,04s
[2024-06-27T22:22:17.183-0400][gc,start    ] GC(159) Pause Young (Normal) (G1 Evacuation Pause)
[2024-06-27T22:22:17.297-0400][gc,task     ] GC(159) Using 6 workers of 6 for evacuation
[2024-06-27T22:22:17.442-0400][gc,mmu      ] GC(159) MMU target violated: 21,0ms (20,0ms/21,0ms)
[2024-06-27T22:22:17.460-0400][gc,phases   ] GC(159)   Pre Evacuate Collection Set: 23,5ms
[2024-06-27T22:22:17.460-0400][gc,phases   ] GC(159)   Merge Heap Roots: 15,6ms
[2024-06-27T22:22:17.460-0400][gc,phases   ] GC(159)   Evacuate Collection Set: 53,4ms
[2024-06-27T22:22:17.460-0400][gc,phases   ] GC(159)   Post Evacuate Collection Set: 24,4ms
[2024-06-27T22:22:17.460-0400][gc,phases   ] GC(159)   Other: 28,4ms
[2024-06-27T22:22:17.477-0400][gc,heap     ] GC(159) Eden regions: 66->0(47)
[2024-06-27T22:22:17.477-0400][gc,heap     ] GC(159) Survivor regions: 3->4(9)
[2024-06-27T22:22:17.477-0400][gc,heap     ] GC(159) Old regions: 19->19
[2024-06-27T22:22:17.477-0400][gc,heap     ] GC(159) Humongous regions: 129->129
[2024-06-27T22:22:17.477-0400][gc,metaspace] GC(159) Metaspace: 44668K(45312K)->44668K(45312K) NonClass: 39544K(39872K)->39544K(39872K) Class: 5124K(5440K)->5124K(5440K)
[2024-06-27T22:22:17.494-0400][gc          ] GC(159) Pause Young (Normal) (G1 Evacuation Pause) 216M->150M(1024M) 311,654ms
[2024-06-27T22:22:17.501-0400][gc,cpu      ] GC(159) User=0,04s Sys=0,06s Real=0,32s
[2024-06-28T09:55:12.729-0400][gc,start    ] GC(160) Pause Young (Normal) (G1 Evacuation Pause)
[2024-06-28T09:55:12.733-0400][gc,task     ] GC(160) Using 6 workers of 6 for evacuation
[2024-06-28T09:55:12.969-0400][gc,mmu      ] GC(160) MMU target violated: 21,0ms (20,0ms/21,0ms)
[2024-06-28T09:55:12.969-0400][gc,phases   ] GC(160)   Pre Evacuate Collection Set: 134,2ms
[2024-06-28T09:55:12.969-0400][gc,phases   ] GC(160)   Merge Heap Roots: 1,3ms
[2024-06-28T09:55:12.969-0400][gc,phases   ] GC(160)   Evacuate Collection Set: 95,3ms
[2024-06-28T09:55:12.969-0400][gc,phases   ] GC(160)   Post Evacuate Collection Set: 4,0ms
[2024-06-28T09:55:12.969-0400][gc,phases   ] GC(160)   Other: 1,5ms
[2024-06-28T09:55:12.969-0400][gc,heap     ] GC(160) Eden regions: 47->0(48)
[2024-06-28T09:55:12.969-0400][gc,heap     ] GC(160) Survivor regions: 4->3(7)
[2024-06-28T09:55:12.969-0400][gc,heap     ] GC(160) Old regions: 19->19
[2024-06-28T09:55:12.969-0400][gc,heap     ] GC(160) Humongous regions: 129->129
[2024-06-28T09:55:12.969-0400][gc,metaspace] GC(160) Metaspace: 44943K(45568K)->44943K(45568K) NonClass: 39759K(40128K)->39759K(40128K) Class: 5184K(5440K)->5184K(5440K)
[2024-06-28T09:55:12.969-0400][gc          ] GC(160) Pause Young (Normal) (G1 Evacuation Pause) 197M->150M(1024M) 239,996ms
[2024-06-28T09:55:12.969-0400][gc,cpu      ] GC(160) User=0,20s Sys=0,20s Real=0,24s
[2024-06-28T10:15:01.205-0400][gc,start    ] GC(161) Pause Young (Normal) (G1 Evacuation Pause)
[2024-06-28T10:15:01.205-0400][gc,task     ] GC(161) Using 6 workers of 6 for evacuation
[2024-06-28T10:15:01.234-0400][gc,mmu      ] GC(161) MMU target violated: 21,0ms (20,0ms/21,0ms)
[2024-06-28T10:15:01.234-0400][gc,phases   ] GC(161)   Pre Evacuate Collection Set: 1,5ms
[2024-06-28T10:15:01.234-0400][gc,phases   ] GC(161)   Merge Heap Roots: 0,2ms
[2024-06-28T10:15:01.234-0400][gc,phases   ] GC(161)   Evacuate Collection Set: 20,4ms
[2024-06-28T10:15:01.234-0400][gc,phases   ] GC(161)   Post Evacuate Collection Set: 6,8ms
[2024-06-28T10:15:01.234-0400][gc,phases   ] GC(161)   Other: 0,2ms
[2024-06-28T10:15:01.234-0400][gc,heap     ] GC(161) Eden regions: 48->0(48)
[2024-06-28T10:15:01.234-0400][gc,heap     ] GC(161) Survivor regions: 3->3(7)
[2024-06-28T10:15:01.234-0400][gc,heap     ] GC(161) Old regions: 19->19
[2024-06-28T10:15:01.234-0400][gc,heap     ] GC(161) Humongous regions: 129->129
[2024-06-28T10:15:01.234-0400][gc,metaspace] GC(161) Metaspace: 44945K(45568K)->44945K(45568K) NonClass: 39760K(40128K)->39760K(40128K) Class: 5184K(5440K)->5184K(5440K)
[2024-06-28T10:15:01.234-0400][gc          ] GC(161) Pause Young (Normal) (G1 Evacuation Pause) 198M->149M(1024M) 29,268ms
[2024-06-28T10:15:01.234-0400][gc,cpu      ] GC(161) User=0,03s Sys=0,01s Real=0,03s
[2024-06-28T10:35:10.775-0400][gc,start    ] GC(162) Pause Young (Normal) (G1 Evacuation Pause)
[2024-06-28T10:35:10.779-0400][gc,task     ] GC(162) Using 6 workers of 6 for evacuation
[2024-06-28T10:35:10.792-0400][gc,phases   ] GC(162)   Pre Evacuate Collection Set: 2,6ms
[2024-06-28T10:35:10.792-0400][gc,phases   ] GC(162)   Merge Heap Roots: 1,0ms
[2024-06-28T10:35:10.792-0400][gc,phases   ] GC(162)   Evacuate Collection Set: 6,6ms
[2024-06-28T10:35:10.792-0400][gc,phases   ] GC(162)   Post Evacuate Collection Set: 1,8ms
[2024-06-28T10:35:10.792-0400][gc,phases   ] GC(162)   Other: 0,4ms
[2024-06-28T10:35:10.792-0400][gc,heap     ] GC(162) Eden regions: 48->0(48)
[2024-06-28T10:35:10.792-0400][gc,heap     ] GC(162) Survivor regions: 3->3(7)
[2024-06-28T10:35:10.792-0400][gc,heap     ] GC(162) Old regions: 19->19
[2024-06-28T10:35:10.792-0400][gc,heap     ] GC(162) Humongous regions: 129->129
[2024-06-28T10:35:10.792-0400][gc,metaspace] GC(162) Metaspace: 44947K(45568K)->44947K(45568K) NonClass: 39762K(40128K)->39762K(40128K) Class: 5184K(5440K)->5184K(5440K)
[2024-06-28T10:35:10.792-0400][gc          ] GC(162) Pause Young (Normal) (G1 Evacuation Pause) 197M->149M(1024M) 16,944ms
[2024-06-28T10:35:10.792-0400][gc,cpu      ] GC(162) User=0,01s Sys=0,01s Real=0,02s
[2024-06-28T10:55:28.543-0400][gc,start    ] GC(163) Pause Young (Normal) (G1 Evacuation Pause)
[2024-06-28T10:55:28.551-0400][gc,task     ] GC(163) Using 6 workers of 6 for evacuation
[2024-06-28T10:55:28.567-0400][gc,phases   ] GC(163)   Pre Evacuate Collection Set: 3,4ms
[2024-06-28T10:55:28.567-0400][gc,phases   ] GC(163)   Merge Heap Roots: 0,1ms
[2024-06-28T10:55:28.567-0400][gc,phases   ] GC(163)   Evacuate Collection Set: 11,1ms
[2024-06-28T10:55:28.567-0400][gc,phases   ] GC(163)   Post Evacuate Collection Set: 1,4ms
[2024-06-28T10:55:28.567-0400][gc,phases   ] GC(163)   Other: 0,1ms
[2024-06-28T10:55:28.567-0400][gc,heap     ] GC(163) Eden regions: 48->0(48)
[2024-06-28T10:55:28.567-0400][gc,heap     ] GC(163) Survivor regions: 3->3(7)
[2024-06-28T10:55:28.567-0400][gc,heap     ] GC(163) Old regions: 19->19
[2024-06-28T10:55:28.567-0400][gc,heap     ] GC(163) Humongous regions: 129->129
[2024-06-28T10:55:28.567-0400][gc,metaspace] GC(163) Metaspace: 44947K(45568K)->44947K(45568K) NonClass: 39762K(40128K)->39762K(40128K) Class: 5184K(5440K)->5184K(5440K)
[2024-06-28T10:55:28.567-0400][gc          ] GC(163) Pause Young (Normal) (G1 Evacuation Pause) 197M->150M(1024M) 24,494ms
[2024-06-28T10:55:28.567-0400][gc,cpu      ] GC(163) User=0,03s Sys=0,00s Real=0,03s
[2024-06-28T11:15:41.217-0400][gc,start    ] GC(164) Pause Young (Normal) (G1 Evacuation Pause)
[2024-06-28T11:15:41.224-0400][gc,task     ] GC(164) Using 6 workers of 6 for evacuation
[2024-06-28T11:15:41.283-0400][gc,mmu      ] GC(164) MMU target violated: 21,0ms (20,0ms/21,0ms)
[2024-06-28T11:15:41.283-0400][gc,phases   ] GC(164)   Pre Evacuate Collection Set: 14,5ms
[2024-06-28T11:15:41.283-0400][gc,phases   ] GC(164)   Merge Heap Roots: 1,2ms
[2024-06-28T11:15:41.283-0400][gc,phases   ] GC(164)   Evacuate Collection Set: 35,7ms
[2024-06-28T11:15:41.283-0400][gc,phases   ] GC(164)   Post Evacuate Collection Set: 3,9ms
[2024-06-28T11:15:41.283-0400][gc,phases   ] GC(164)   Other: 4,0ms
[2024-06-28T11:15:41.283-0400][gc,heap     ] GC(164) Eden regions: 48->0(48)
[2024-06-28T11:15:41.284-0400][gc,heap     ] GC(164) Survivor regions: 3->3(7)
[2024-06-28T11:15:41.284-0400][gc,heap     ] GC(164) Old regions: 19->19
[2024-06-28T11:15:41.284-0400][gc,heap     ] GC(164) Humongous regions: 129->129
[2024-06-28T11:15:41.284-0400][gc,metaspace] GC(164) Metaspace: 44962K(45568K)->44962K(45568K) NonClass: 39777K(40128K)->39777K(40128K) Class: 5184K(5440K)->5184K(5440K)
[2024-06-28T11:15:41.284-0400][gc          ] GC(164) Pause Young (Normal) (G1 Evacuation Pause) 198M->150M(1024M) 66,999ms
[2024-06-28T11:15:41.284-0400][gc,cpu      ] GC(164) User=0,09s Sys=0,00s Real=0,06s
[2024-06-28T16:04:04.703-0400][gc,start    ] GC(165) Pause Young (Normal) (G1 Evacuation Pause)
[2024-06-28T16:04:04.705-0400][gc,task     ] GC(165) Using 6 workers of 6 for evacuation
[2024-06-28T16:04:04.721-0400][gc,phases   ] GC(165)   Pre Evacuate Collection Set: 0,7ms
[2024-06-28T16:04:04.721-0400][gc,phases   ] GC(165)   Merge Heap Roots: 1,1ms
[2024-06-28T16:04:04.721-0400][gc,phases   ] GC(165)   Evacuate Collection Set: 12,7ms
[2024-06-28T16:04:04.721-0400][gc,phases   ] GC(165)   Post Evacuate Collection Set: 1,3ms
[2024-06-28T16:04:04.721-0400][gc,phases   ] GC(165)   Other: 0,1ms
[2024-06-28T16:04:04.721-0400][gc,heap     ] GC(165) Eden regions: 48->0(48)
[2024-06-28T16:04:04.721-0400][gc,heap     ] GC(165) Survivor regions: 3->3(7)
[2024-06-28T16:04:04.721-0400][gc,heap     ] GC(165) Old regions: 19->19
[2024-06-28T16:04:04.721-0400][gc,heap     ] GC(165) Humongous regions: 129->129
[2024-06-28T16:04:04.721-0400][gc,metaspace] GC(165) Metaspace: 44962K(45568K)->44962K(45568K) NonClass: 39778K(40128K)->39778K(40128K) Class: 5184K(5440K)->5184K(5440K)
[2024-06-28T16:04:04.721-0400][gc          ] GC(165) Pause Young (Normal) (G1 Evacuation Pause) 198M->149M(1024M) 18,296ms
[2024-06-28T16:04:04.721-0400][gc,cpu      ] GC(165) User=0,02s Sys=0,01s Real=0,02s
[2024-06-28T16:24:21.679-0400][gc,start    ] GC(166) Pause Young (Normal) (G1 Evacuation Pause)
[2024-06-28T16:24:21.681-0400][gc,task     ] GC(166) Using 6 workers of 6 for evacuation
[2024-06-28T16:24:21.702-0400][gc,mmu      ] GC(166) MMU target violated: 21,0ms (20,0ms/21,0ms)
[2024-06-28T16:24:21.702-0400][gc,phases   ] GC(166)   Pre Evacuate Collection Set: 0,5ms
[2024-06-28T16:24:21.702-0400][gc,phases   ] GC(166)   Merge Heap Roots: 0,2ms
[2024-06-28T16:24:21.702-0400][gc,phases   ] GC(166)   Evacuate Collection Set: 19,4ms
[2024-06-28T16:24:21.702-0400][gc,phases   ] GC(166)   Post Evacuate Collection Set: 1,2ms
[2024-06-28T16:24:21.702-0400][gc,phases   ] GC(166)   Other: 0,2ms
[2024-06-28T16:24:21.702-0400][gc,heap     ] GC(166) Eden regions: 48->0(48)
[2024-06-28T16:24:21.702-0400][gc,heap     ] GC(166) Survivor regions: 3->3(7)
[2024-06-28T16:24:21.702-0400][gc,heap     ] GC(166) Old regions: 19->19
[2024-06-28T16:24:21.702-0400][gc,heap     ] GC(166) Humongous regions: 129->129
[2024-06-28T16:24:21.702-0400][gc,metaspace] GC(166) Metaspace: 44969K(45568K)->44969K(45568K) NonClass: 39784K(40128K)->39784K(40128K) Class: 5184K(5440K)->5184K(5440K)
[2024-06-28T16:24:21.702-0400][gc          ] GC(166) Pause Young (Normal) (G1 Evacuation Pause) 197M->149M(1024M) 23,695ms
[2024-06-28T16:24:21.702-0400][gc,cpu      ] GC(166) User=0,02s Sys=0,02s Real=0,02s
[2024-06-28T16:44:31.317-0400][gc,start    ] GC(167) Pause Young (Normal) (G1 Evacuation Pause)
[2024-06-28T16:44:31.319-0400][gc,task     ] GC(167) Using 6 workers of 6 for evacuation
[2024-06-28T16:44:31.335-0400][gc,phases   ] GC(167)   Pre Evacuate Collection Set: 1,3ms
[2024-06-28T16:44:31.335-0400][gc,phases   ] GC(167)   Merge Heap Roots: 0,3ms
[2024-06-28T16:44:31.335-0400][gc,phases   ] GC(167)   Evacuate Collection Set: 11,9ms
[2024-06-28T16:44:31.335-0400][gc,phases   ] GC(167)   Post Evacuate Collection Set: 1,3ms
[2024-06-28T16:44:31.335-0400][gc,phases   ] GC(167)   Other: 0,9ms
[2024-06-28T16:44:31.335-0400][gc,heap     ] GC(167) Eden regions: 48->0(48)
[2024-06-28T16:44:31.335-0400][gc,heap     ] GC(167) Survivor regions: 3->3(7)
[2024-06-28T16:44:31.335-0400][gc,heap     ] GC(167) Old regions: 19->19
[2024-06-28T16:44:31.335-0400][gc,heap     ] GC(167) Humongous regions: 129->129
[2024-06-28T16:44:31.335-0400][gc,metaspace] GC(167) Metaspace: 44970K(45568K)->44970K(45568K) NonClass: 39785K(40128K)->39785K(40128K) Class: 5184K(5440K)->5184K(5440K)
[2024-06-28T16:44:31.335-0400][gc          ] GC(167) Pause Young (Normal) (G1 Evacuation Pause) 197M->150M(1024M) 17,698ms
[2024-06-28T16:44:31.335-0400][gc,cpu      ] GC(167) User=0,01s Sys=0,02s Real=0,01s
[2024-06-28T17:04:49.703-0400][gc,start    ] GC(168) Pause Young (Normal) (G1 Evacuation Pause)
[2024-06-28T17:04:49.703-0400][gc,task     ] GC(168) Using 6 workers of 6 for evacuation
[2024-06-28T17:04:49.715-0400][gc,phases   ] GC(168)   Pre Evacuate Collection Set: 1,1ms
[2024-06-28T17:04:49.715-0400][gc,phases   ] GC(168)   Merge Heap Roots: 0,1ms
[2024-06-28T17:04:49.715-0400][gc,phases   ] GC(168)   Evacuate Collection Set: 6,6ms
[2024-06-28T17:04:49.715-0400][gc,phases   ] GC(168)   Post Evacuate Collection Set: 3,7ms
[2024-06-28T17:04:49.715-0400][gc,phases   ] GC(168)   Other: 0,2ms
[2024-06-28T17:04:49.715-0400][gc,heap     ] GC(168) Eden regions: 48->0(48)
[2024-06-28T17:04:49.715-0400][gc,heap     ] GC(168) Survivor regions: 3->3(7)
[2024-06-28T17:04:49.715-0400][gc,heap     ] GC(168) Old regions: 19->19
[2024-06-28T17:04:49.715-0400][gc,heap     ] GC(168) Humongous regions: 129->129
[2024-06-28T17:04:49.715-0400][gc,metaspace] GC(168) Metaspace: 44970K(45568K)->44970K(45568K) NonClass: 39785K(40128K)->39785K(40128K) Class: 5184K(5440K)->5184K(5440K)
[2024-06-28T17:04:49.715-0400][gc          ] GC(168) Pause Young (Normal) (G1 Evacuation Pause) 198M->150M(1024M) 12,073ms
[2024-06-28T17:04:49.715-0400][gc,cpu      ] GC(168) User=0,02s Sys=0,01s Real=0,01s
[2024-06-28T17:25:07.609-0400][gc,start    ] GC(169) Pause Young (Normal) (G1 Evacuation Pause)
[2024-06-28T17:25:07.609-0400][gc,task     ] GC(169) Using 6 workers of 6 for evacuation
[2024-06-28T17:25:07.620-0400][gc,phases   ] GC(169)   Pre Evacuate Collection Set: 3,6ms
[2024-06-28T17:25:07.620-0400][gc,phases   ] GC(169)   Merge Heap Roots: 2,6ms
[2024-06-28T17:25:07.620-0400][gc,phases   ] GC(169)   Evacuate Collection Set: 3,8ms
[2024-06-28T17:25:07.620-0400][gc,phases   ] GC(169)   Post Evacuate Collection Set: 1,2ms
[2024-06-28T17:25:07.620-0400][gc,phases   ] GC(169)   Other: 0,1ms
[2024-06-28T17:25:07.620-0400][gc,heap     ] GC(169) Eden regions: 48->0(48)
[2024-06-28T17:25:07.621-0400][gc,heap     ] GC(169) Survivor regions: 3->3(7)
[2024-06-28T17:25:07.621-0400][gc,heap     ] GC(169) Old regions: 19->19
[2024-06-28T17:25:07.621-0400][gc,heap     ] GC(169) Humongous regions: 129->129
[2024-06-28T17:25:07.621-0400][gc,metaspace] GC(169) Metaspace: 44970K(45568K)->44970K(45568K) NonClass: 39785K(40128K)->39785K(40128K) Class: 5184K(5440K)->5184K(5440K)
[2024-06-28T17:25:07.621-0400][gc          ] GC(169) Pause Young (Normal) (G1 Evacuation Pause) 198M->149M(1024M) 11,559ms
[2024-06-28T17:25:07.621-0400][gc,cpu      ] GC(169) User=0,01s Sys=0,01s Real=0,01s
[2024-06-28T17:45:24.925-0400][gc,start    ] GC(170) Pause Young (Normal) (G1 Evacuation Pause)
[2024-06-28T17:45:24.925-0400][gc,task     ] GC(170) Using 6 workers of 6 for evacuation
[2024-06-28T17:45:24.935-0400][gc,phases   ] GC(170)   Pre Evacuate Collection Set: 0,7ms
[2024-06-28T17:45:24.935-0400][gc,phases   ] GC(170)   Merge Heap Roots: 0,6ms
[2024-06-28T17:45:24.935-0400][gc,phases   ] GC(170)   Evacuate Collection Set: 7,2ms
[2024-06-28T17:45:24.935-0400][gc,phases   ] GC(170)   Post Evacuate Collection Set: 1,4ms
[2024-06-28T17:45:24.935-0400][gc,phases   ] GC(170)   Other: 0,3ms
[2024-06-28T17:45:24.935-0400][gc,heap     ] GC(170) Eden regions: 48->0(263)
[2024-06-28T17:45:24.935-0400][gc,heap     ] GC(170) Survivor regions: 3->3(7)
[2024-06-28T17:45:24.935-0400][gc,heap     ] GC(170) Old regions: 19->19
[2024-06-28T17:45:24.935-0400][gc,heap     ] GC(170) Humongous regions: 129->129
[2024-06-28T17:45:24.935-0400][gc,metaspace] GC(170) Metaspace: 44970K(45568K)->44970K(45568K) NonClass: 39785K(40128K)->39785K(40128K) Class: 5184K(5440K)->5184K(5440K)
[2024-06-28T17:45:24.935-0400][gc          ] GC(170) Pause Young (Normal) (G1 Evacuation Pause) 197M->149M(1024M) 10,511ms
[2024-06-28T17:45:24.935-0400][gc,cpu      ] GC(170) User=0,02s Sys=0,01s Real=0,01s
[2024-06-28T19:37:44.916-0400][gc,start    ] GC(171) Pause Young (Normal) (G1 Evacuation Pause)
[2024-06-28T19:37:44.917-0400][gc,task     ] GC(171) Using 6 workers of 6 for evacuation
[2024-06-28T19:37:45.037-0400][gc,mmu      ] GC(171) MMU target violated: 21,0ms (20,0ms/21,0ms)
[2024-06-28T19:37:45.037-0400][gc,phases   ] GC(171)   Pre Evacuate Collection Set: 3,7ms
[2024-06-28T19:37:45.037-0400][gc,phases   ] GC(171)   Merge Heap Roots: 3,1ms
[2024-06-28T19:37:45.037-0400][gc,phases   ] GC(171)   Evacuate Collection Set: 109,3ms
[2024-06-28T19:37:45.037-0400][gc,phases   ] GC(171)   Post Evacuate Collection Set: 3,5ms
[2024-06-28T19:37:45.037-0400][gc,phases   ] GC(171)   Other: 1,5ms
[2024-06-28T19:37:45.037-0400][gc,heap     ] GC(171) Eden regions: 265->0(48)
[2024-06-28T19:37:45.037-0400][gc,heap     ] GC(171) Survivor regions: 3->3(34)
[2024-06-28T19:37:45.037-0400][gc,heap     ] GC(171) Old regions: 19->19
[2024-06-28T19:37:45.037-0400][gc,heap     ] GC(171) Humongous regions: 129->129
[2024-06-28T19:37:45.037-0400][gc,metaspace] GC(171) Metaspace: 44976K(45568K)->44976K(45568K) NonClass: 39791K(40128K)->39791K(40128K) Class: 5184K(5440K)->5184K(5440K)
[2024-06-28T19:37:45.037-0400][gc          ] GC(171) Pause Young (Normal) (G1 Evacuation Pause) 414M->149M(1024M) 121,330ms
[2024-06-28T19:37:45.038-0400][gc,cpu      ] GC(171) User=0,11s Sys=0,20s Real=0,13s
[2024-06-28T19:57:39.704-0400][gc,start    ] GC(172) Pause Young (Normal) (G1 Evacuation Pause)
[2024-06-28T19:57:39.704-0400][gc,task     ] GC(172) Using 6 workers of 6 for evacuation
[2024-06-28T19:57:39.716-0400][gc,phases   ] GC(172)   Pre Evacuate Collection Set: 1,0ms
[2024-06-28T19:57:39.716-0400][gc,phases   ] GC(172)   Merge Heap Roots: 0,3ms
[2024-06-28T19:57:39.716-0400][gc,phases   ] GC(172)   Evacuate Collection Set: 9,7ms
[2024-06-28T19:57:39.716-0400][gc,phases   ] GC(172)   Post Evacuate Collection Set: 1,1ms
[2024-06-28T19:57:39.716-0400][gc,phases   ] GC(172)   Other: 0,2ms
[2024-06-28T19:57:39.716-0400][gc,heap     ] GC(172) Eden regions: 48->0(48)
[2024-06-28T19:57:39.716-0400][gc,heap     ] GC(172) Survivor regions: 3->3(7)
[2024-06-28T19:57:39.716-0400][gc,heap     ] GC(172) Old regions: 19->19
[2024-06-28T19:57:39.716-0400][gc,heap     ] GC(172) Humongous regions: 129->129
[2024-06-28T19:57:39.716-0400][gc,metaspace] GC(172) Metaspace: 44976K(45568K)->44976K(45568K) NonClass: 39791K(40128K)->39791K(40128K) Class: 5184K(5440K)->5184K(5440K)
[2024-06-28T19:57:39.717-0400][gc          ] GC(172) Pause Young (Normal) (G1 Evacuation Pause) 197M->149M(1024M) 12,744ms
[2024-06-28T19:57:39.717-0400][gc,cpu      ] GC(172) User=0,02s Sys=0,01s Real=0,01s
[2024-06-28T20:17:54.703-0400][gc,start    ] GC(173) Pause Young (Normal) (G1 Evacuation Pause)
[2024-06-28T20:17:54.703-0400][gc,task     ] GC(173) Using 6 workers of 6 for evacuation
[2024-06-28T20:17:54.713-0400][gc,phases   ] GC(173)   Pre Evacuate Collection Set: 0,5ms
[2024-06-28T20:17:54.713-0400][gc,phases   ] GC(173)   Merge Heap Roots: 0,6ms
[2024-06-28T20:17:54.713-0400][gc,phases   ] GC(173)   Evacuate Collection Set: 7,1ms
[2024-06-28T20:17:54.713-0400][gc,phases   ] GC(173)   Post Evacuate Collection Set: 1,3ms
[2024-06-28T20:17:54.713-0400][gc,phases   ] GC(173)   Other: 0,2ms
[2024-06-28T20:17:54.713-0400][gc,heap     ] GC(173) Eden regions: 48->0(48)
[2024-06-28T20:17:54.713-0400][gc,heap     ] GC(173) Survivor regions: 3->3(7)
[2024-06-28T20:17:54.713-0400][gc,heap     ] GC(173) Old regions: 19->19
[2024-06-28T20:17:54.713-0400][gc,heap     ] GC(173) Humongous regions: 129->129
[2024-06-28T20:17:54.713-0400][gc,metaspace] GC(173) Metaspace: 44976K(45568K)->44976K(45568K) NonClass: 39791K(40128K)->39791K(40128K) Class: 5184K(5440K)->5184K(5440K)
[2024-06-28T20:17:54.713-0400][gc          ] GC(173) Pause Young (Normal) (G1 Evacuation Pause) 197M->150M(1024M) 10,024ms
[2024-06-28T20:17:54.713-0400][gc,cpu      ] GC(173) User=0,03s Sys=0,00s Real=0,01s
[2024-06-28T20:38:09.490-0400][gc,start    ] GC(174) Pause Young (Normal) (G1 Evacuation Pause)
[2024-06-28T20:38:09.490-0400][gc,task     ] GC(174) Using 6 workers of 6 for evacuation
[2024-06-28T20:38:09.499-0400][gc,phases   ] GC(174)   Pre Evacuate Collection Set: 0,6ms
[2024-06-28T20:38:09.499-0400][gc,phases   ] GC(174)   Merge Heap Roots: 0,3ms
[2024-06-28T20:38:09.499-0400][gc,phases   ] GC(174)   Evacuate Collection Set: 3,6ms
[2024-06-28T20:38:09.499-0400][gc,phases   ] GC(174)   Post Evacuate Collection Set: 4,4ms
[2024-06-28T20:38:09.499-0400][gc,phases   ] GC(174)   Other: 0,1ms
[2024-06-28T20:38:09.499-0400][gc,heap     ] GC(174) Eden regions: 48->0(252)
[2024-06-28T20:38:09.499-0400][gc,heap     ] GC(174) Survivor regions: 3->1(7)
[2024-06-28T20:38:09.499-0400][gc,heap     ] GC(174) Old regions: 19->21
[2024-06-28T20:38:09.500-0400][gc,heap     ] GC(174) Humongous regions: 129->129
[2024-06-28T20:38:09.500-0400][gc,metaspace] GC(174) Metaspace: 44976K(45568K)->44976K(45568K) NonClass: 39791K(40128K)->39791K(40128K) Class: 5184K(5440K)->5184K(5440K)
[2024-06-28T20:38:09.500-0400][gc          ] GC(174) Pause Young (Normal) (G1 Evacuation Pause) 198M->150M(1024M) 9,249ms
[2024-06-28T20:38:09.500-0400][gc,cpu      ] GC(174) User=0,02s Sys=0,00s Real=0,01s
[2024-06-28T22:10:23.380-0400][gc,start    ] GC(175) Pause Young (Normal) (G1 Evacuation Pause)
[2024-06-28T22:10:23.397-0400][gc,task     ] GC(175) Using 6 workers of 6 for evacuation
[2024-06-28T22:10:23.557-0400][gc,mmu      ] GC(175) MMU target violated: 21,0ms (20,0ms/21,0ms)
[2024-06-28T22:10:23.557-0400][gc,phases   ] GC(175)   Pre Evacuate Collection Set: 21,1ms
[2024-06-28T22:10:23.557-0400][gc,phases   ] GC(175)   Merge Heap Roots: 2,4ms
[2024-06-28T22:10:23.557-0400][gc,phases   ] GC(175)   Evacuate Collection Set: 96,8ms
[2024-06-28T22:10:23.557-0400][gc,phases   ] GC(175)   Post Evacuate Collection Set: 38,6ms
[2024-06-28T22:10:23.557-0400][gc,phases   ] GC(175)   Other: 1,4ms
[2024-06-28T22:10:23.557-0400][gc,heap     ] GC(175) Eden regions: 209->0(50)
[2024-06-28T22:10:23.557-0400][gc,heap     ] GC(175) Survivor regions: 1->1(27)
[2024-06-28T22:10:23.557-0400][gc,heap     ] GC(175) Old regions: 21->21
[2024-06-28T22:10:23.557-0400][gc,heap     ] GC(175) Humongous regions: 129->129
[2024-06-28T22:10:23.557-0400][gc,metaspace] GC(175) Metaspace: 44976K(45568K)->44976K(45568K) NonClass: 39791K(40128K)->39791K(40128K) Class: 5184K(5440K)->5184K(5440K)
[2024-06-28T22:10:23.558-0400][gc          ] GC(175) Pause Young (Normal) (G1 Evacuation Pause) 359M->150M(1024M) 177,557ms
[2024-06-28T22:10:23.558-0400][gc,cpu      ] GC(175) User=0,26s Sys=0,00s Real=0,18s
[2024-06-28T22:31:24.704-0400][gc,start    ] GC(176) Pause Young (Normal) (G1 Evacuation Pause)
[2024-06-28T22:31:24.705-0400][gc,task     ] GC(176) Using 6 workers of 6 for evacuation
[2024-06-28T22:31:24.713-0400][gc,phases   ] GC(176)   Pre Evacuate Collection Set: 0,7ms
[2024-06-28T22:31:24.713-0400][gc,phases   ] GC(176)   Merge Heap Roots: 0,2ms
[2024-06-28T22:31:24.713-0400][gc,phases   ] GC(176)   Evacuate Collection Set: 6,1ms
[2024-06-28T22:31:24.713-0400][gc,phases   ] GC(176)   Post Evacuate Collection Set: 1,2ms
[2024-06-28T22:31:24.713-0400][gc,phases   ] GC(176)   Other: 0,1ms
[2024-06-28T22:31:24.713-0400][gc,heap     ] GC(176) Eden regions: 50->0(50)
[2024-06-28T22:31:24.713-0400][gc,heap     ] GC(176) Survivor regions: 1->1(7)
[2024-06-28T22:31:24.713-0400][gc,heap     ] GC(176) Old regions: 21->21
[2024-06-28T22:31:24.713-0400][gc,heap     ] GC(176) Humongous regions: 129->129
[2024-06-28T22:31:24.713-0400][gc,metaspace] GC(176) Metaspace: 44976K(45568K)->44976K(45568K) NonClass: 39791K(40128K)->39791K(40128K) Class: 5184K(5440K)->5184K(5440K)
[2024-06-28T22:31:24.714-0400][gc          ] GC(176) Pause Young (Normal) (G1 Evacuation Pause) 200M->150M(1024M) 9,141ms
[2024-06-28T22:31:24.714-0400][gc,cpu      ] GC(176) User=0,02s Sys=0,00s Real=0,01s
[2024-06-28T22:52:36.627-0400][gc,start    ] GC(177) Pause Young (Normal) (G1 Evacuation Pause)
[2024-06-28T22:52:36.629-0400][gc,task     ] GC(177) Using 6 workers of 6 for evacuation
[2024-06-28T22:52:36.641-0400][gc,phases   ] GC(177)   Pre Evacuate Collection Set: 0,8ms
[2024-06-28T22:52:36.641-0400][gc,phases   ] GC(177)   Merge Heap Roots: 0,6ms
[2024-06-28T22:52:36.641-0400][gc,phases   ] GC(177)   Evacuate Collection Set: 9,1ms
[2024-06-28T22:52:36.641-0400][gc,phases   ] GC(177)   Post Evacuate Collection Set: 1,3ms
[2024-06-28T22:52:36.641-0400][gc,phases   ] GC(177)   Other: 0,2ms
[2024-06-28T22:52:36.641-0400][gc,heap     ] GC(177) Eden regions: 50->0(50)
[2024-06-28T22:52:36.641-0400][gc,heap     ] GC(177) Survivor regions: 1->1(7)
[2024-06-28T22:52:36.641-0400][gc,heap     ] GC(177) Old regions: 21->22
[2024-06-28T22:52:36.641-0400][gc,heap     ] GC(177) Humongous regions: 129->129
[2024-06-28T22:52:36.641-0400][gc,metaspace] GC(177) Metaspace: 44976K(45568K)->44976K(45568K) NonClass: 39792K(40128K)->39792K(40128K) Class: 5184K(5440K)->5184K(5440K)
[2024-06-28T22:52:36.641-0400][gc          ] GC(177) Pause Young (Normal) (G1 Evacuation Pause) 200M->150M(1024M) 13,301ms
[2024-06-28T22:52:36.641-0400][gc,cpu      ] GC(177) User=0,02s Sys=0,00s Real=0,01s
[2024-06-28T23:11:32.302-0400][gc,start    ] GC(178) Pause Young (Normal) (G1 Evacuation Pause)
[2024-06-28T23:11:32.302-0400][gc,task     ] GC(178) Using 6 workers of 6 for evacuation
[2024-06-28T23:11:32.335-0400][gc,mmu      ] GC(178) MMU target violated: 21,0ms (20,0ms/21,0ms)
[2024-06-28T23:11:32.335-0400][gc,phases   ] GC(178)   Pre Evacuate Collection Set: 5,6ms
[2024-06-28T23:11:32.335-0400][gc,phases   ] GC(178)   Merge Heap Roots: 0,4ms
[2024-06-28T23:11:32.335-0400][gc,phases   ] GC(178)   Evacuate Collection Set: 19,6ms
[2024-06-28T23:11:32.335-0400][gc,phases   ] GC(178)   Post Evacuate Collection Set: 6,4ms
[2024-06-28T23:11:32.335-0400][gc,phases   ] GC(178)   Other: 0,3ms
[2024-06-28T23:11:32.335-0400][gc,heap     ] GC(178) Eden regions: 50->0(49)
[2024-06-28T23:11:32.335-0400][gc,heap     ] GC(178) Survivor regions: 1->2(7)
[2024-06-28T23:11:32.335-0400][gc,heap     ] GC(178) Old regions: 22->22
[2024-06-28T23:11:32.335-0400][gc,heap     ] GC(178) Humongous regions: 129->129
[2024-06-28T23:11:32.335-0400][gc,metaspace] GC(178) Metaspace: 44994K(45632K)->44994K(45632K) NonClass: 39807K(40192K)->39807K(40192K) Class: 5186K(5440K)->5186K(5440K)
[2024-06-28T23:11:32.335-0400][gc          ] GC(178) Pause Young (Normal) (G1 Evacuation Pause) 200M->151M(1024M) 32,473ms
[2024-06-28T23:11:32.335-0400][gc,cpu      ] GC(178) User=0,12s Sys=0,00s Real=0,03s
[2024-06-29T08:37:43.224-0400][gc,start    ] GC(179) Pause Young (Normal) (G1 Evacuation Pause)
[2024-06-29T08:37:43.224-0400][gc,task     ] GC(179) Using 6 workers of 6 for evacuation
[2024-06-29T08:37:43.247-0400][gc,mmu      ] GC(179) MMU target violated: 21,0ms (20,0ms/21,0ms)
[2024-06-29T08:37:43.247-0400][gc,phases   ] GC(179)   Pre Evacuate Collection Set: 0,9ms
[2024-06-29T08:37:43.247-0400][gc,phases   ] GC(179)   Merge Heap Roots: 0,3ms
[2024-06-29T08:37:43.247-0400][gc,phases   ] GC(179)   Evacuate Collection Set: 18,8ms
[2024-06-29T08:37:43.247-0400][gc,phases   ] GC(179)   Post Evacuate Collection Set: 2,5ms
[2024-06-29T08:37:43.247-0400][gc,phases   ] GC(179)   Other: 0,7ms
[2024-06-29T08:37:43.247-0400][gc,heap     ] GC(179) Eden regions: 49->0(48)
[2024-06-29T08:37:43.247-0400][gc,heap     ] GC(179) Survivor regions: 2->3(7)
[2024-06-29T08:37:43.247-0400][gc,heap     ] GC(179) Old regions: 22->22
[2024-06-29T08:37:43.247-0400][gc,heap     ] GC(179) Humongous regions: 129->129
[2024-06-29T08:37:43.247-0400][gc,metaspace] GC(179) Metaspace: 45035K(45760K)->45035K(45760K) NonClass: 39841K(40256K)->39841K(40256K) Class: 5194K(5504K)->5194K(5504K)
[2024-06-29T08:37:43.247-0400][gc          ] GC(179) Pause Young (Normal) (G1 Evacuation Pause) 200M->152M(1024M) 23,540ms
[2024-06-29T08:37:43.247-0400][gc,cpu      ] GC(179) User=0,04s Sys=0,01s Real=0,03s
[2024-06-29T08:46:32.003-0400][gc,start    ] GC(180) Pause Young (Normal) (G1 Evacuation Pause)
[2024-06-29T08:46:32.003-0400][gc,task     ] GC(180) Using 6 workers of 6 for evacuation
[2024-06-29T08:46:32.068-0400][gc,mmu      ] GC(180) MMU target violated: 21,0ms (20,0ms/21,0ms)
[2024-06-29T08:46:32.068-0400][gc,phases   ] GC(180)   Pre Evacuate Collection Set: 2,8ms
[2024-06-29T08:46:32.068-0400][gc,phases   ] GC(180)   Merge Heap Roots: 0,3ms
[2024-06-29T08:46:32.068-0400][gc,phases   ] GC(180)   Evacuate Collection Set: 59,2ms
[2024-06-29T08:46:32.068-0400][gc,phases   ] GC(180)   Post Evacuate Collection Set: 2,2ms
[2024-06-29T08:46:32.068-0400][gc,phases   ] GC(180)   Other: 0,4ms
[2024-06-29T08:46:32.068-0400][gc,heap     ] GC(180) Eden regions: 48->0(48)
[2024-06-29T08:46:32.068-0400][gc,heap     ] GC(180) Survivor regions: 3->3(7)
[2024-06-29T08:46:32.068-0400][gc,heap     ] GC(180) Old regions: 22->22
[2024-06-29T08:46:32.068-0400][gc,heap     ] GC(180) Humongous regions: 129->129
[2024-06-29T08:46:32.068-0400][gc,metaspace] GC(180) Metaspace: 45038K(45760K)->45038K(45760K) NonClass: 39844K(40256K)->39844K(40256K) Class: 5194K(5504K)->5194K(5504K)
[2024-06-29T08:46:32.068-0400][gc          ] GC(180) Pause Young (Normal) (G1 Evacuation Pause) 200M->152M(1024M) 65,190ms
[2024-06-29T08:46:32.068-0400][gc,cpu      ] GC(180) User=0,05s Sys=0,00s Real=0,07s
[2024-06-29T08:55:32.560-0400][gc,start    ] GC(181) Pause Young (Normal) (G1 Evacuation Pause)
[2024-06-29T08:55:32.560-0400][gc,task     ] GC(181) Using 6 workers of 6 for evacuation
[2024-06-29T08:55:32.580-0400][gc,phases   ] GC(181)   Pre Evacuate Collection Set: 1,2ms
[2024-06-29T08:55:32.582-0400][gc,phases   ] GC(181)   Merge Heap Roots: 0,7ms
[2024-06-29T08:55:32.582-0400][gc,phases   ] GC(181)   Evacuate Collection Set: 16,2ms
[2024-06-29T08:55:32.582-0400][gc,phases   ] GC(181)   Post Evacuate Collection Set: 1,0ms
[2024-06-29T08:55:32.582-0400][gc,phases   ] GC(181)   Other: 0,1ms
[2024-06-29T08:55:32.582-0400][gc,heap     ] GC(181) Eden regions: 48->0(48)
[2024-06-29T08:55:32.582-0400][gc,heap     ] GC(181) Survivor regions: 3->3(7)
[2024-06-29T08:55:32.582-0400][gc,heap     ] GC(181) Old regions: 22->22
[2024-06-29T08:55:32.582-0400][gc,heap     ] GC(181) Humongous regions: 129->129
[2024-06-29T08:55:32.582-0400][gc,metaspace] GC(181) Metaspace: 45038K(45760K)->45038K(45760K) NonClass: 39844K(40256K)->39844K(40256K) Class: 5194K(5504K)->5194K(5504K)
[2024-06-29T08:55:32.582-0400][gc          ] GC(181) Pause Young (Normal) (G1 Evacuation Pause) 200M->152M(1024M) 21,997ms
[2024-06-29T08:55:32.582-0400][gc,cpu      ] GC(181) User=0,03s Sys=0,01s Real=0,02s
[2024-06-29T09:04:37.349-0400][gc,start    ] GC(182) Pause Young (Normal) (G1 Evacuation Pause)
[2024-06-29T09:04:37.350-0400][gc,task     ] GC(182) Using 6 workers of 6 for evacuation
[2024-06-29T09:04:37.365-0400][gc,phases   ] GC(182)   Pre Evacuate Collection Set: 0,9ms
[2024-06-29T09:04:37.365-0400][gc,phases   ] GC(182)   Merge Heap Roots: 0,7ms
[2024-06-29T09:04:37.365-0400][gc,phases   ] GC(182)   Evacuate Collection Set: 11,7ms
[2024-06-29T09:04:37.365-0400][gc,phases   ] GC(182)   Post Evacuate Collection Set: 1,5ms
[2024-06-29T09:04:37.365-0400][gc,phases   ] GC(182)   Other: 0,2ms
[2024-06-29T09:04:37.365-0400][gc,heap     ] GC(182) Eden regions: 48->0(47)
[2024-06-29T09:04:37.365-0400][gc,heap     ] GC(182) Survivor regions: 3->4(7)
[2024-06-29T09:04:37.365-0400][gc,heap     ] GC(182) Old regions: 22->22
[2024-06-29T09:04:37.365-0400][gc,heap     ] GC(182) Humongous regions: 129->129
[2024-06-29T09:04:37.365-0400][gc,metaspace] GC(182) Metaspace: 45038K(45760K)->45038K(45760K) NonClass: 39844K(40256K)->39844K(40256K) Class: 5194K(5504K)->5194K(5504K)
[2024-06-29T09:04:37.365-0400][gc          ] GC(182) Pause Young (Normal) (G1 Evacuation Pause) 200M->153M(1024M) 15,607ms
[2024-06-29T09:04:37.365-0400][gc,cpu      ] GC(182) User=0,02s Sys=0,02s Real=0,01s
[2024-06-29T09:13:32.053-0400][gc,start    ] GC(183) Pause Young (Normal) (G1 Evacuation Pause)
[2024-06-29T09:13:32.053-0400][gc,task     ] GC(183) Using 6 workers of 6 for evacuation
[2024-06-29T09:13:32.067-0400][gc,phases   ] GC(183)   Pre Evacuate Collection Set: 0,9ms
[2024-06-29T09:13:32.067-0400][gc,phases   ] GC(183)   Merge Heap Roots: 0,4ms
[2024-06-29T09:13:32.067-0400][gc,phases   ] GC(183)   Evacuate Collection Set: 8,9ms
[2024-06-29T09:13:32.067-0400][gc,phases   ] GC(183)   Post Evacuate Collection Set: 2,8ms
[2024-06-29T09:13:32.067-0400][gc,phases   ] GC(183)   Other: 0,9ms
[2024-06-29T09:13:32.067-0400][gc,heap     ] GC(183) Eden regions: 47->0(47)
[2024-06-29T09:13:32.067-0400][gc,heap     ] GC(183) Survivor regions: 4->4(7)
[2024-06-29T09:13:32.067-0400][gc,heap     ] GC(183) Old regions: 22->22
[2024-06-29T09:13:32.067-0400][gc,heap     ] GC(183) Humongous regions: 129->129
[2024-06-29T09:13:32.067-0400][gc,metaspace] GC(183) Metaspace: 45040K(45760K)->45040K(45760K) NonClass: 39846K(40256K)->39846K(40256K) Class: 5194K(5504K)->5194K(5504K)
[2024-06-29T09:13:32.067-0400][gc          ] GC(183) Pause Young (Normal) (G1 Evacuation Pause) 200M->153M(1024M) 14,173ms
[2024-06-29T09:13:32.068-0400][gc,cpu      ] GC(183) User=0,05s Sys=0,00s Real=0,02s
[2024-06-29T09:22:04.469-0400][gc,start    ] GC(184) Pause Young (Normal) (G1 Evacuation Pause)
[2024-06-29T09:22:04.469-0400][gc,task     ] GC(184) Using 6 workers of 6 for evacuation
[2024-06-29T09:22:04.500-0400][gc,mmu      ] GC(184) MMU target violated: 21,0ms (20,0ms/21,0ms)
[2024-06-29T09:22:04.501-0400][gc,phases   ] GC(184)   Pre Evacuate Collection Set: 8,4ms
[2024-06-29T09:22:04.501-0400][gc,phases   ] GC(184)   Merge Heap Roots: 0,4ms
[2024-06-29T09:22:04.501-0400][gc,phases   ] GC(184)   Evacuate Collection Set: 17,9ms
[2024-06-29T09:22:04.501-0400][gc,phases   ] GC(184)   Post Evacuate Collection Set: 3,7ms
[2024-06-29T09:22:04.501-0400][gc,phases   ] GC(184)   Other: 1,6ms
[2024-06-29T09:22:04.501-0400][gc,heap     ] GC(184) Eden regions: 47->0(47)
[2024-06-29T09:22:04.501-0400][gc,heap     ] GC(184) Survivor regions: 4->4(7)
[2024-06-29T09:22:04.501-0400][gc,heap     ] GC(184) Old regions: 22->22
[2024-06-29T09:22:04.501-0400][gc,heap     ] GC(184) Humongous regions: 129->129
[2024-06-29T09:22:04.502-0400][gc,metaspace] GC(184) Metaspace: 45041K(45760K)->45041K(45760K) NonClass: 39847K(40256K)->39847K(40256K) Class: 5194K(5504K)->5194K(5504K)
[2024-06-29T09:22:04.502-0400][gc          ] GC(184) Pause Young (Normal) (G1 Evacuation Pause) 200M->153M(1024M) 32,385ms
[2024-06-29T09:22:04.502-0400][gc,cpu      ] GC(184) User=0,02s Sys=0,03s Real=0,03s
[2024-06-29T09:30:59.047-0400][gc,start    ] GC(185) Pause Young (Normal) (G1 Evacuation Pause)
[2024-06-29T09:30:59.047-0400][gc,task     ] GC(185) Using 6 workers of 6 for evacuation
[2024-06-29T09:30:59.065-0400][gc,phases   ] GC(185)   Pre Evacuate Collection Set: 0,7ms
[2024-06-29T09:30:59.065-0400][gc,phases   ] GC(185)   Merge Heap Roots: 0,3ms
[2024-06-29T09:30:59.065-0400][gc,phases   ] GC(185)   Evacuate Collection Set: 15,2ms
[2024-06-29T09:30:59.065-0400][gc,phases   ] GC(185)   Post Evacuate Collection Set: 2,0ms
[2024-06-29T09:30:59.065-0400][gc,phases   ] GC(185)   Other: 0,1ms
[2024-06-29T09:30:59.065-0400][gc,heap     ] GC(185) Eden regions: 47->0(47)
[2024-06-29T09:30:59.065-0400][gc,heap     ] GC(185) Survivor regions: 4->4(7)
[2024-06-29T09:30:59.065-0400][gc,heap     ] GC(185) Old regions: 22->22
[2024-06-29T09:30:59.065-0400][gc,heap     ] GC(185) Humongous regions: 129->129
[2024-06-29T09:30:59.065-0400][gc,metaspace] GC(185) Metaspace: 45041K(45760K)->45041K(45760K) NonClass: 39847K(40256K)->39847K(40256K) Class: 5194K(5504K)->5194K(5504K)
[2024-06-29T09:30:59.065-0400][gc          ] GC(185) Pause Young (Normal) (G1 Evacuation Pause) 200M->153M(1024M) 18,753ms
[2024-06-29T09:30:59.066-0400][gc,cpu      ] GC(185) User=0,02s Sys=0,02s Real=0,02s
[2024-06-29T09:38:47.056-0400][gc,start    ] GC(186) Pause Young (Normal) (G1 Evacuation Pause)
[2024-06-29T09:38:47.056-0400][gc,task     ] GC(186) Using 6 workers of 6 for evacuation
[2024-06-29T09:38:47.076-0400][gc,phases   ] GC(186)   Pre Evacuate Collection Set: 0,7ms
[2024-06-29T09:38:47.076-0400][gc,phases   ] GC(186)   Merge Heap Roots: 0,3ms
[2024-06-29T09:38:47.077-0400][gc,phases   ] GC(186)   Evacuate Collection Set: 16,8ms
[2024-06-29T09:38:47.077-0400][gc,phases   ] GC(186)   Post Evacuate Collection Set: 1,9ms
[2024-06-29T09:38:47.077-0400][gc,phases   ] GC(186)   Other: 0,2ms
[2024-06-29T09:38:47.077-0400][gc,heap     ] GC(186) Eden regions: 47->0(410)
[2024-06-29T09:38:47.077-0400][gc,heap     ] GC(186) Survivor regions: 4->3(7)
[2024-06-29T09:38:47.077-0400][gc,heap     ] GC(186) Old regions: 22->22
[2024-06-29T09:38:47.077-0400][gc,heap     ] GC(186) Humongous regions: 129->129
[2024-06-29T09:38:47.077-0400][gc,metaspace] GC(186) Metaspace: 45180K(45888K)->45180K(45888K) NonClass: 39985K(40384K)->39985K(40384K) Class: 5195K(5504K)->5195K(5504K)
[2024-06-29T09:38:47.077-0400][gc          ] GC(186) Pause Young (Normal) (G1 Evacuation Pause) 200M->152M(1024M) 20,914ms
[2024-06-29T09:38:47.077-0400][gc,cpu      ] GC(186) User=0,03s Sys=0,01s Real=0,02s
[2024-06-29T10:38:55.683-0400][gc,start    ] GC(187) Pause Young (Normal) (G1 Evacuation Pause)
[2024-06-29T10:38:55.683-0400][gc,task     ] GC(187) Using 6 workers of 6 for evacuation
[2024-06-29T10:38:55.829-0400][gc,mmu      ] GC(187) MMU target violated: 21,0ms (20,0ms/21,0ms)
[2024-06-29T10:38:55.829-0400][gc,phases   ] GC(187)   Pre Evacuate Collection Set: 0,9ms
[2024-06-29T10:38:55.829-0400][gc,phases   ] GC(187)   Merge Heap Roots: 0,5ms
[2024-06-29T10:38:55.829-0400][gc,phases   ] GC(187)   Evacuate Collection Set: 140,8ms
[2024-06-29T10:38:55.829-0400][gc,phases   ] GC(187)   Post Evacuate Collection Set: 3,2ms
[2024-06-29T10:38:55.829-0400][gc,phases   ] GC(187)   Other: 0,2ms
[2024-06-29T10:38:55.829-0400][gc,heap     ] GC(187) Eden regions: 410->0(47)
[2024-06-29T10:38:55.829-0400][gc,heap     ] GC(187) Survivor regions: 3->4(52)
[2024-06-29T10:38:55.829-0400][gc,heap     ] GC(187) Old regions: 22->22
[2024-06-29T10:38:55.829-0400][gc,heap     ] GC(187) Humongous regions: 129->129
[2024-06-29T10:38:55.829-0400][gc,metaspace] GC(187) Metaspace: 45514K(46144K)->45514K(46144K) NonClass: 40318K(40640K)->40318K(40640K) Class: 5195K(5504K)->5195K(5504K)
[2024-06-29T10:38:55.829-0400][gc          ] GC(187) Pause Young (Normal) (G1 Evacuation Pause) 562M->153M(1024M) 145,810ms
[2024-06-29T10:38:55.829-0400][gc,cpu      ] GC(187) User=0,04s Sys=0,23s Real=0,15s
[2024-06-29T10:47:33.578-0400][gc,start    ] GC(188) Pause Young (Normal) (G1 Evacuation Pause)
[2024-06-29T10:47:33.578-0400][gc,task     ] GC(188) Using 6 workers of 6 for evacuation
[2024-06-29T10:47:33.591-0400][gc,phases   ] GC(188)   Pre Evacuate Collection Set: 0,8ms
[2024-06-29T10:47:33.591-0400][gc,phases   ] GC(188)   Merge Heap Roots: 0,4ms
[2024-06-29T10:47:33.591-0400][gc,phases   ] GC(188)   Evacuate Collection Set: 10,3ms
[2024-06-29T10:47:33.591-0400][gc,phases   ] GC(188)   Post Evacuate Collection Set: 1,5ms
[2024-06-29T10:47:33.591-0400][gc,phases   ] GC(188)   Other: 0,1ms
[2024-06-29T10:47:33.591-0400][gc,heap     ] GC(188) Eden regions: 47->0(47)
[2024-06-29T10:47:33.591-0400][gc,heap     ] GC(188) Survivor regions: 4->4(7)
[2024-06-29T10:47:33.591-0400][gc,heap     ] GC(188) Old regions: 22->22
[2024-06-29T10:47:33.591-0400][gc,heap     ] GC(188) Humongous regions: 129->129
[2024-06-29T10:47:33.591-0400][gc,metaspace] GC(188) Metaspace: 45514K(46144K)->45514K(46144K) NonClass: 40318K(40640K)->40318K(40640K) Class: 5195K(5504K)->5195K(5504K)
[2024-06-29T10:47:33.592-0400][gc          ] GC(188) Pause Young (Normal) (G1 Evacuation Pause) 200M->153M(1024M) 13,511ms
[2024-06-29T10:47:33.592-0400][gc,cpu      ] GC(188) User=0,05s Sys=0,00s Real=0,01s
[2024-06-29T10:56:25.684-0400][gc,start    ] GC(189) Pause Young (Normal) (G1 Evacuation Pause)
[2024-06-29T10:56:25.684-0400][gc,task     ] GC(189) Using 6 workers of 6 for evacuation
[2024-06-29T10:56:25.697-0400][gc,phases   ] GC(189)   Pre Evacuate Collection Set: 0,5ms
[2024-06-29T10:56:25.697-0400][gc,phases   ] GC(189)   Merge Heap Roots: 0,5ms
[2024-06-29T10:56:25.697-0400][gc,phases   ] GC(189)   Evacuate Collection Set: 11,0ms
[2024-06-29T10:56:25.697-0400][gc,phases   ] GC(189)   Post Evacuate Collection Set: 1,3ms
[2024-06-29T10:56:25.697-0400][gc,phases   ] GC(189)   Other: 0,1ms
[2024-06-29T10:56:25.697-0400][gc,heap     ] GC(189) Eden regions: 47->0(47)
[2024-06-29T10:56:25.697-0400][gc,heap     ] GC(189) Survivor regions: 4->4(7)
[2024-06-29T10:56:25.697-0400][gc,heap     ] GC(189) Old regions: 22->22
[2024-06-29T10:56:25.697-0400][gc,heap     ] GC(189) Humongous regions: 129->129
[2024-06-29T10:56:25.697-0400][gc,metaspace] GC(189) Metaspace: 45514K(46144K)->45514K(46144K) NonClass: 40318K(40640K)->40318K(40640K) Class: 5195K(5504K)->5195K(5504K)
[2024-06-29T10:56:25.698-0400][gc          ] GC(189) Pause Young (Normal) (G1 Evacuation Pause) 200M->154M(1024M) 13,558ms
[2024-06-29T10:56:25.698-0400][gc,cpu      ] GC(189) User=0,02s Sys=0,01s Real=0,02s
[2024-06-29T11:05:15.399-0400][gc,start    ] GC(190) Pause Young (Normal) (G1 Evacuation Pause)
[2024-06-29T11:05:15.399-0400][gc,task     ] GC(190) Using 6 workers of 6 for evacuation
[2024-06-29T11:05:15.407-0400][gc,phases   ] GC(190)   Pre Evacuate Collection Set: 1,0ms
[2024-06-29T11:05:15.407-0400][gc,phases   ] GC(190)   Merge Heap Roots: 0,4ms
[2024-06-29T11:05:15.407-0400][gc,phases   ] GC(190)   Evacuate Collection Set: 5,1ms
[2024-06-29T11:05:15.407-0400][gc,phases   ] GC(190)   Post Evacuate Collection Set: 1,3ms
[2024-06-29T11:05:15.407-0400][gc,phases   ] GC(190)   Other: 0,1ms
[2024-06-29T11:05:15.407-0400][gc,heap     ] GC(190) Eden regions: 47->0(47)
[2024-06-29T11:05:15.407-0400][gc,heap     ] GC(190) Survivor regions: 4->4(7)
[2024-06-29T11:05:15.407-0400][gc,heap     ] GC(190) Old regions: 22->22
[2024-06-29T11:05:15.407-0400][gc,heap     ] GC(190) Humongous regions: 129->129
[2024-06-29T11:05:15.407-0400][gc,metaspace] GC(190) Metaspace: 45514K(46144K)->45514K(46144K) NonClass: 40318K(40640K)->40318K(40640K) Class: 5195K(5504K)->5195K(5504K)
[2024-06-29T11:05:15.407-0400][gc          ] GC(190) Pause Young (Normal) (G1 Evacuation Pause) 201M->154M(1024M) 8,073ms
[2024-06-29T11:05:15.407-0400][gc,cpu      ] GC(190) User=0,02s Sys=0,00s Real=0,01s
[2024-06-29T11:14:07.053-0400][gc,start    ] GC(191) Pause Young (Normal) (G1 Evacuation Pause)
[2024-06-29T11:14:07.053-0400][gc,task     ] GC(191) Using 6 workers of 6 for evacuation
[2024-06-29T11:14:07.059-0400][gc,phases   ] GC(191)   Pre Evacuate Collection Set: 0,7ms
[2024-06-29T11:14:07.059-0400][gc,phases   ] GC(191)   Merge Heap Roots: 0,3ms
[2024-06-29T11:14:07.059-0400][gc,phases   ] GC(191)   Evacuate Collection Set: 3,6ms
[2024-06-29T11:14:07.059-0400][gc,phases   ] GC(191)   Post Evacuate Collection Set: 1,4ms
[2024-06-29T11:14:07.059-0400][gc,phases   ] GC(191)   Other: 0,1ms
[2024-06-29T11:14:07.059-0400][gc,heap     ] GC(191) Eden regions: 47->0(48)
[2024-06-29T11:14:07.059-0400][gc,heap     ] GC(191) Survivor regions: 4->3(7)
[2024-06-29T11:14:07.059-0400][gc,heap     ] GC(191) Old regions: 22->22
[2024-06-29T11:14:07.059-0400][gc,heap     ] GC(191) Humongous regions: 129->129
[2024-06-29T11:14:07.059-0400][gc,metaspace] GC(191) Metaspace: 45514K(46144K)->45514K(46144K) NonClass: 40318K(40640K)->40318K(40640K) Class: 5195K(5504K)->5195K(5504K)
[2024-06-29T11:14:07.060-0400][gc          ] GC(191) Pause Young (Normal) (G1 Evacuation Pause) 201M->152M(1024M) 6,305ms
[2024-06-29T11:14:07.060-0400][gc,cpu      ] GC(191) User=0,02s Sys=0,00s Real=0,01s
[2024-06-29T11:22:49.374-0400][gc,start    ] GC(192) Pause Young (Normal) (G1 Evacuation Pause)
[2024-06-29T11:22:49.375-0400][gc,task     ] GC(192) Using 6 workers of 6 for evacuation
[2024-06-29T11:22:49.394-0400][gc,phases   ] GC(192)   Pre Evacuate Collection Set: 4,7ms
[2024-06-29T11:22:49.394-0400][gc,phases   ] GC(192)   Merge Heap Roots: 0,6ms
[2024-06-29T11:22:49.394-0400][gc,phases   ] GC(192)   Evacuate Collection Set: 12,2ms
[2024-06-29T11:22:49.394-0400][gc,phases   ] GC(192)   Post Evacuate Collection Set: 1,5ms
[2024-06-29T11:22:49.394-0400][gc,phases   ] GC(192)   Other: 0,1ms
[2024-06-29T11:22:49.394-0400][gc,heap     ] GC(192) Eden regions: 48->0(48)
[2024-06-29T11:22:49.394-0400][gc,heap     ] GC(192) Survivor regions: 3->3(7)
[2024-06-29T11:22:49.394-0400][gc,heap     ] GC(192) Old regions: 22->22
[2024-06-29T11:22:49.394-0400][gc,heap     ] GC(192) Humongous regions: 129->129
[2024-06-29T11:22:49.394-0400][gc,metaspace] GC(192) Metaspace: 45514K(46144K)->45514K(46144K) NonClass: 40318K(40640K)->40318K(40640K) Class: 5195K(5504K)->5195K(5504K)
[2024-06-29T11:22:49.394-0400][gc          ] GC(192) Pause Young (Normal) (G1 Evacuation Pause) 200M->153M(1024M) 19,521ms
[2024-06-29T11:22:49.394-0400][gc,cpu      ] GC(192) User=0,04s Sys=0,00s Real=0,02s
[2024-06-29T11:31:53.968-0400][gc,start    ] GC(193) Pause Young (Normal) (G1 Evacuation Pause)
[2024-06-29T11:31:53.968-0400][gc,task     ] GC(193) Using 6 workers of 6 for evacuation
[2024-06-29T11:31:53.989-0400][gc,mmu      ] GC(193) MMU target violated: 20,9ms (20,0ms/21,0ms)
[2024-06-29T11:31:53.989-0400][gc,phases   ] GC(193)   Pre Evacuate Collection Set: 2,6ms
[2024-06-29T11:31:53.989-0400][gc,phases   ] GC(193)   Merge Heap Roots: 0,1ms
[2024-06-29T11:31:53.989-0400][gc,phases   ] GC(193)   Evacuate Collection Set: 12,5ms
[2024-06-29T11:31:53.989-0400][gc,phases   ] GC(193)   Post Evacuate Collection Set: 5,7ms
[2024-06-29T11:31:53.989-0400][gc,phases   ] GC(193)   Other: 0,1ms
[2024-06-29T11:31:53.989-0400][gc,heap     ] GC(193) Eden regions: 48->0(48)
[2024-06-29T11:31:53.989-0400][gc,heap     ] GC(193) Survivor regions: 3->3(7)
[2024-06-29T11:31:53.989-0400][gc,heap     ] GC(193) Old regions: 22->22
[2024-06-29T11:31:53.989-0400][gc,heap     ] GC(193) Humongous regions: 129->129
[2024-06-29T11:31:53.989-0400][gc,metaspace] GC(193) Metaspace: 45514K(46144K)->45514K(46144K) NonClass: 40318K(40640K)->40318K(40640K) Class: 5195K(5504K)->5195K(5504K)
[2024-06-29T11:31:53.989-0400][gc          ] GC(193) Pause Young (Normal) (G1 Evacuation Pause) 201M->153M(1024M) 21,155ms
[2024-06-29T11:31:53.989-0400][gc,cpu      ] GC(193) User=0,02s Sys=0,00s Real=0,02s
[2024-06-29T11:41:00.380-0400][gc,start    ] GC(194) Pause Young (Normal) (G1 Evacuation Pause)
[2024-06-29T11:41:00.380-0400][gc,task     ] GC(194) Using 6 workers of 6 for evacuation
[2024-06-29T11:41:00.417-0400][gc,mmu      ] GC(194) MMU target violated: 21,0ms (20,0ms/21,0ms)
[2024-06-29T11:41:00.417-0400][gc,phases   ] GC(194)   Pre Evacuate Collection Set: 4,6ms
[2024-06-29T11:41:00.417-0400][gc,phases   ] GC(194)   Merge Heap Roots: 1,2ms
[2024-06-29T11:41:00.417-0400][gc,phases   ] GC(194)   Evacuate Collection Set: 20,9ms
[2024-06-29T11:41:00.417-0400][gc,phases   ] GC(194)   Post Evacuate Collection Set: 9,9ms
[2024-06-29T11:41:00.417-0400][gc,phases   ] GC(194)   Other: 0,2ms
[2024-06-29T11:41:00.417-0400][gc,heap     ] GC(194) Eden regions: 48->0(48)
[2024-06-29T11:41:00.417-0400][gc,heap     ] GC(194) Survivor regions: 3->3(7)
[2024-06-29T11:41:00.417-0400][gc,heap     ] GC(194) Old regions: 22->22
[2024-06-29T11:41:00.417-0400][gc,heap     ] GC(194) Humongous regions: 129->129
[2024-06-29T11:41:00.417-0400][gc,metaspace] GC(194) Metaspace: 45514K(46144K)->45514K(46144K) NonClass: 40318K(40640K)->40318K(40640K) Class: 5195K(5504K)->5195K(5504K)
[2024-06-29T11:41:00.417-0400][gc          ] GC(194) Pause Young (Normal) (G1 Evacuation Pause) 201M->153M(1024M) 37,017ms
[2024-06-29T11:41:00.417-0400][gc,cpu      ] GC(194) User=0,06s Sys=0,00s Real=0,04s
[2024-06-29T11:50:05.929-0400][gc,start    ] GC(195) Pause Young (Normal) (G1 Evacuation Pause)
[2024-06-29T11:50:05.929-0400][gc,task     ] GC(195) Using 6 workers of 6 for evacuation
[2024-06-29T11:50:05.951-0400][gc,mmu      ] GC(195) MMU target violated: 21,0ms (20,0ms/21,0ms)
[2024-06-29T11:50:05.951-0400][gc,phases   ] GC(195)   Pre Evacuate Collection Set: 0,6ms
[2024-06-29T11:50:05.951-0400][gc,phases   ] GC(195)   Merge Heap Roots: 0,3ms
[2024-06-29T11:50:05.951-0400][gc,phases   ] GC(195)   Evacuate Collection Set: 17,5ms
[2024-06-29T11:50:05.951-0400][gc,phases   ] GC(195)   Post Evacuate Collection Set: 3,3ms
[2024-06-29T11:50:05.951-0400][gc,phases   ] GC(195)   Other: 0,4ms
[2024-06-29T11:50:05.951-0400][gc,heap     ] GC(195) Eden regions: 48->0(48)
[2024-06-29T11:50:05.951-0400][gc,heap     ] GC(195) Survivor regions: 3->3(7)
[2024-06-29T11:50:05.951-0400][gc,heap     ] GC(195) Old regions: 22->22
[2024-06-29T11:50:05.951-0400][gc,heap     ] GC(195) Humongous regions: 129->129
[2024-06-29T11:50:05.951-0400][gc,metaspace] GC(195) Metaspace: 45514K(46144K)->45514K(46144K) NonClass: 40318K(40640K)->40318K(40640K) Class: 5195K(5504K)->5195K(5504K)
[2024-06-29T11:50:05.951-0400][gc          ] GC(195) Pause Young (Normal) (G1 Evacuation Pause) 201M->153M(1024M) 22,253ms
[2024-06-29T11:50:05.951-0400][gc,cpu      ] GC(195) User=0,03s Sys=0,00s Real=0,02s
[2024-06-29T11:59:10.882-0400][gc,start    ] GC(196) Pause Young (Normal) (G1 Evacuation Pause)
[2024-06-29T11:59:10.882-0400][gc,task     ] GC(196) Using 6 workers of 6 for evacuation
[2024-06-29T11:59:10.896-0400][gc,phases   ] GC(196)   Pre Evacuate Collection Set: 1,1ms
[2024-06-29T11:59:10.896-0400][gc,phases   ] GC(196)   Merge Heap Roots: 0,2ms
[2024-06-29T11:59:10.896-0400][gc,phases   ] GC(196)   Evacuate Collection Set: 10,6ms
[2024-06-29T11:59:10.896-0400][gc,phases   ] GC(196)   Post Evacuate Collection Set: 1,4ms
[2024-06-29T11:59:10.896-0400][gc,phases   ] GC(196)   Other: 0,3ms
[2024-06-29T11:59:10.896-0400][gc,heap     ] GC(196) Eden regions: 48->0(153)
[2024-06-29T11:59:10.896-0400][gc,heap     ] GC(196) Survivor regions: 3->4(7)
[2024-06-29T11:59:10.896-0400][gc,heap     ] GC(196) Old regions: 22->22
[2024-06-29T11:59:10.896-0400][gc,heap     ] GC(196) Humongous regions: 129->129
[2024-06-29T11:59:10.896-0400][gc,metaspace] GC(196) Metaspace: 45514K(46144K)->45514K(46144K) NonClass: 40318K(40640K)->40318K(40640K) Class: 5195K(5504K)->5195K(5504K)
[2024-06-29T11:59:10.896-0400][gc          ] GC(196) Pause Young (Normal) (G1 Evacuation Pause) 201M->153M(1024M) 13,811ms
[2024-06-29T11:59:10.896-0400][gc,cpu      ] GC(196) User=0,02s Sys=0,00s Real=0,01s
[2024-06-29T12:49:43.280-0400][gc,start    ] GC(197) Pause Young (Normal) (G1 Evacuation Pause)
[2024-06-29T12:49:43.280-0400][gc,task     ] GC(197) Using 6 workers of 6 for evacuation
[2024-06-29T12:49:43.291-0400][gc,phases   ] GC(197)   Pre Evacuate Collection Set: 0,7ms
[2024-06-29T12:49:43.291-0400][gc,phases   ] GC(197)   Merge Heap Roots: 0,8ms
[2024-06-29T12:49:43.291-0400][gc,phases   ] GC(197)   Evacuate Collection Set: 7,2ms
[2024-06-29T12:49:43.291-0400][gc,phases   ] GC(197)   Post Evacuate Collection Set: 2,2ms
[2024-06-29T12:49:43.291-0400][gc,phases   ] GC(197)   Other: 0,3ms
[2024-06-29T12:49:43.291-0400][gc,heap     ] GC(197) Eden regions: 268->0(610)
[2024-06-29T12:49:43.291-0400][gc,heap     ] GC(197) Survivor regions: 4->4(34)
[2024-06-29T12:49:43.291-0400][gc,heap     ] GC(197) Old regions: 22->22
[2024-06-29T12:49:43.291-0400][gc,heap     ] GC(197) Humongous regions: 129->129
[2024-06-29T12:49:43.291-0400][gc,metaspace] GC(197) Metaspace: 45514K(46144K)->45514K(46144K) NonClass: 40318K(40640K)->40318K(40640K) Class: 5195K(5504K)->5195K(5504K)
[2024-06-29T12:49:43.291-0400][gc          ] GC(197) Pause Young (Normal) (G1 Evacuation Pause) 421M->153M(1024M) 11,423ms
[2024-06-29T12:49:43.291-0400][gc,cpu      ] GC(197) User=0,02s Sys=0,01s Real=0,01s
[2024-06-29T14:46:29.363-0400][gc,start    ] GC(198) Pause Young (Normal) (G1 Evacuation Pause)
[2024-06-29T14:46:29.364-0400][gc,task     ] GC(198) Using 6 workers of 6 for evacuation
[2024-06-29T14:46:29.408-0400][gc,mmu      ] GC(198) MMU target violated: 21,0ms (20,0ms/21,0ms)
[2024-06-29T14:46:29.408-0400][gc,phases   ] GC(198)   Pre Evacuate Collection Set: 6,0ms
[2024-06-29T14:46:29.408-0400][gc,phases   ] GC(198)   Merge Heap Roots: 2,8ms
[2024-06-29T14:46:29.408-0400][gc,phases   ] GC(198)   Evacuate Collection Set: 26,4ms
[2024-06-29T14:46:29.408-0400][gc,phases   ] GC(198)   Post Evacuate Collection Set: 5,3ms
[2024-06-29T14:46:29.408-0400][gc,phases   ] GC(198)   Other: 3,6ms
[2024-06-29T14:46:29.408-0400][gc,heap     ] GC(198) Eden regions: 610->0(173)
[2024-06-29T14:46:29.408-0400][gc,heap     ] GC(198) Survivor regions: 4->3(77)
[2024-06-29T14:46:29.408-0400][gc,heap     ] GC(198) Old regions: 22->22
[2024-06-29T14:46:29.408-0400][gc,heap     ] GC(198) Humongous regions: 129->129
[2024-06-29T14:46:29.408-0400][gc,metaspace] GC(198) Metaspace: 45523K(46208K)->45523K(46208K) NonClass: 40327K(40704K)->40327K(40704K) Class: 5195K(5504K)->5195K(5504K)
[2024-06-29T14:46:29.408-0400][gc          ] GC(198) Pause Young (Normal) (G1 Evacuation Pause) 763M->153M(1024M) 45,682ms
[2024-06-29T14:46:29.408-0400][gc,cpu      ] GC(198) User=0,12s Sys=0,00s Real=0,05s
[2024-06-29T15:37:16.619-0400][gc,start    ] GC(199) Pause Young (Normal) (G1 Evacuation Pause)
[2024-06-29T15:37:16.619-0400][gc,task     ] GC(199) Using 6 workers of 6 for evacuation
[2024-06-29T15:37:16.645-0400][gc,mmu      ] GC(199) MMU target violated: 21,0ms (20,0ms/21,0ms)
[2024-06-29T15:37:16.645-0400][gc,phases   ] GC(199)   Pre Evacuate Collection Set: 0,8ms
[2024-06-29T15:37:16.645-0400][gc,phases   ] GC(199)   Merge Heap Roots: 0,5ms
[2024-06-29T15:37:16.645-0400][gc,phases   ] GC(199)   Evacuate Collection Set: 21,6ms
[2024-06-29T15:37:16.645-0400][gc,phases   ] GC(199)   Post Evacuate Collection Set: 1,4ms
[2024-06-29T15:37:16.645-0400][gc,phases   ] GC(199)   Other: 1,8ms
[2024-06-29T15:37:16.645-0400][gc,heap     ] GC(199) Eden regions: 268->0(47)
[2024-06-29T15:37:16.645-0400][gc,heap     ] GC(199) Survivor regions: 3->4(34)
[2024-06-29T15:37:16.645-0400][gc,heap     ] GC(199) Old regions: 22->22
[2024-06-29T15:37:16.645-0400][gc,heap     ] GC(199) Humongous regions: 129->129
[2024-06-29T15:37:16.645-0400][gc,metaspace] GC(199) Metaspace: 45523K(46208K)->45523K(46208K) NonClass: 40327K(40704K)->40327K(40704K) Class: 5195K(5504K)->5195K(5504K)
[2024-06-29T15:37:16.645-0400][gc          ] GC(199) Pause Young (Normal) (G1 Evacuation Pause) 421M->153M(1024M) 26,203ms
[2024-06-29T15:37:16.646-0400][gc,cpu      ] GC(199) User=0,10s Sys=0,01s Real=0,02s
[2024-06-29T15:45:57.615-0400][gc,start    ] GC(200) Pause Young (Normal) (G1 Evacuation Pause)
[2024-06-29T15:45:57.615-0400][gc,task     ] GC(200) Using 6 workers of 6 for evacuation
[2024-06-29T15:45:57.639-0400][gc,mmu      ] GC(200) MMU target violated: 21,0ms (20,0ms/21,0ms)
[2024-06-29T15:45:57.639-0400][gc,phases   ] GC(200)   Pre Evacuate Collection Set: 3,4ms
[2024-06-29T15:45:57.639-0400][gc,phases   ] GC(200)   Merge Heap Roots: 0,4ms
[2024-06-29T15:45:57.639-0400][gc,phases   ] GC(200)   Evacuate Collection Set: 18,8ms
[2024-06-29T15:45:57.639-0400][gc,phases   ] GC(200)   Post Evacuate Collection Set: 1,3ms
[2024-06-29T15:45:57.639-0400][gc,phases   ] GC(200)   Other: 0,2ms
[2024-06-29T15:45:57.639-0400][gc,heap     ] GC(200) Eden regions: 47->0(138)
[2024-06-29T15:45:57.639-0400][gc,heap     ] GC(200) Survivor regions: 4->4(7)
[2024-06-29T15:45:57.639-0400][gc,heap     ] GC(200) Old regions: 22->22
[2024-06-29T15:45:57.640-0400][gc,heap     ] GC(200) Humongous regions: 129->129
[2024-06-29T15:45:57.640-0400][gc,metaspace] GC(200) Metaspace: 45523K(46208K)->45523K(46208K) NonClass: 40327K(40704K)->40327K(40704K) Class: 5195K(5504K)->5195K(5504K)
[2024-06-29T15:45:57.640-0400][gc          ] GC(200) Pause Young (Normal) (G1 Evacuation Pause) 200M->153M(1024M) 24,390ms
[2024-06-29T15:45:57.640-0400][gc,cpu      ] GC(200) User=0,06s Sys=0,00s Real=0,03s
[2024-07-01T09:43:49.539-0400][gc,start    ] GC(201) Pause Young (Normal) (G1 Evacuation Pause)
[2024-07-01T09:43:49.541-0400][gc,task     ] GC(201) Using 6 workers of 6 for evacuation
[2024-07-01T09:43:49.561-0400][gc,phases   ] GC(201)   Pre Evacuate Collection Set: 0,6ms
[2024-07-01T09:43:49.561-0400][gc,phases   ] GC(201)   Merge Heap Roots: 0,4ms
[2024-07-01T09:43:49.561-0400][gc,phases   ] GC(201)   Evacuate Collection Set: 17,6ms
[2024-07-01T09:43:49.561-0400][gc,phases   ] GC(201)   Post Evacuate Collection Set: 1,1ms
[2024-07-01T09:43:49.561-0400][gc,phases   ] GC(201)   Other: 0,1ms
[2024-07-01T09:43:49.561-0400][gc,heap     ] GC(201) Eden regions: 171->0(531)
[2024-07-01T09:43:49.561-0400][gc,heap     ] GC(201) Survivor regions: 4->3(22)
[2024-07-01T09:43:49.561-0400][gc,heap     ] GC(201) Old regions: 22->22
[2024-07-01T09:43:49.561-0400][gc,heap     ] GC(201) Humongous regions: 129->129
[2024-07-01T09:43:49.561-0400][gc,metaspace] GC(201) Metaspace: 45524K(46208K)->45524K(46208K) NonClass: 40328K(40704K)->40328K(40704K) Class: 5195K(5504K)->5195K(5504K)
[2024-07-01T09:43:49.561-0400][gc          ] GC(201) Pause Young (Normal) (G1 Evacuation Pause) 324M->153M(1024M) 21,877ms
[2024-07-01T09:43:49.561-0400][gc,cpu      ] GC(201) User=0,04s Sys=0,00s Real=0,02s
[2024-07-01T10:42:32.859-0400][gc,start    ] GC(202) Pause Young (Normal) (G1 Evacuation Pause)
[2024-07-01T10:42:32.860-0400][gc,task     ] GC(202) Using 6 workers of 6 for evacuation
[2024-07-01T10:42:32.876-0400][gc,phases   ] GC(202)   Pre Evacuate Collection Set: 3,4ms
[2024-07-01T10:42:32.876-0400][gc,phases   ] GC(202)   Merge Heap Roots: 0,3ms
[2024-07-01T10:42:32.876-0400][gc,phases   ] GC(202)   Evacuate Collection Set: 7,1ms
[2024-07-01T10:42:32.876-0400][gc,phases   ] GC(202)   Post Evacuate Collection Set: 5,3ms
[2024-07-01T10:42:32.876-0400][gc,phases   ] GC(202)   Other: 0,1ms
[2024-07-01T10:42:32.876-0400][gc,heap     ] GC(202) Eden regions: 559->0(362)
[2024-07-01T10:42:32.876-0400][gc,heap     ] GC(202) Survivor regions: 3->4(71)
[2024-07-01T10:42:32.876-0400][gc,heap     ] GC(202) Old regions: 22->22
[2024-07-01T10:42:32.876-0400][gc,heap     ] GC(202) Humongous regions: 129->129
[2024-07-01T10:42:32.876-0400][gc,metaspace] GC(202) Metaspace: 45525K(46208K)->45525K(46208K) NonClass: 40330K(40704K)->40330K(40704K) Class: 5195K(5504K)->5195K(5504K)
[2024-07-01T10:42:32.876-0400][gc          ] GC(202) Pause Young (Normal) (G1 Evacuation Pause) 712M->153M(1024M) 17,425ms
[2024-07-01T10:42:32.876-0400][gc,cpu      ] GC(202) User=0,03s Sys=0,01s Real=0,02s
[2024-07-01T11:48:28.883-0400][gc,start    ] GC(203) Pause Young (Normal) (G1 Evacuation Pause)
[2024-07-01T11:48:28.885-0400][gc,task     ] GC(203) Using 6 workers of 6 for evacuation
[2024-07-01T11:48:28.899-0400][gc,phases   ] GC(203)   Pre Evacuate Collection Set: 3,3ms
[2024-07-01T11:48:28.899-0400][gc,phases   ] GC(203)   Merge Heap Roots: 0,2ms
[2024-07-01T11:48:28.899-0400][gc,phases   ] GC(203)   Evacuate Collection Set: 8,9ms
[2024-07-01T11:48:28.899-0400][gc,phases   ] GC(203)   Post Evacuate Collection Set: 1,4ms
[2024-07-01T11:48:28.899-0400][gc,phases   ] GC(203)   Other: 0,1ms
[2024-07-01T11:48:28.899-0400][gc,heap     ] GC(203) Eden regions: 367->0(484)
[2024-07-01T11:48:28.899-0400][gc,heap     ] GC(203) Survivor regions: 4->3(47)
[2024-07-01T11:48:28.899-0400][gc,heap     ] GC(203) Old regions: 22->22
[2024-07-01T11:48:28.899-0400][gc,heap     ] GC(203) Humongous regions: 129->129
[2024-07-01T11:48:28.899-0400][gc,metaspace] GC(203) Metaspace: 46437K(47168K)->46437K(47168K) NonClass: 41051K(41472K)->41051K(41472K) Class: 5385K(5696K)->5385K(5696K)
[2024-07-01T11:48:28.899-0400][gc          ] GC(203) Pause Young (Normal) (G1 Evacuation Pause) 520M->153M(1024M) 15,874ms
[2024-07-01T11:48:28.899-0400][gc,cpu      ] GC(203) User=0,03s Sys=0,00s Real=0,02s
[2024-07-01T13:16:54.501-0400][gc,start    ] GC(204) Pause Young (Normal) (G1 Evacuation Pause)
[2024-07-01T13:16:54.504-0400][gc,task     ] GC(204) Using 6 workers of 6 for evacuation
[2024-07-01T13:16:54.514-0400][gc,phases   ] GC(204)   Pre Evacuate Collection Set: 0,7ms
[2024-07-01T13:16:54.514-0400][gc,phases   ] GC(204)   Merge Heap Roots: 0,3ms
[2024-07-01T13:16:54.514-0400][gc,phases   ] GC(204)   Evacuate Collection Set: 7,8ms
[2024-07-01T13:16:54.514-0400][gc,phases   ] GC(204)   Post Evacuate Collection Set: 1,7ms
[2024-07-01T13:16:54.514-0400][gc,phases   ] GC(204)   Other: 0,2ms
[2024-07-01T13:16:54.514-0400][gc,heap     ] GC(204) Eden regions: 473->0(610)
[2024-07-01T13:16:54.514-0400][gc,heap     ] GC(204) Survivor regions: 3->4(60)
[2024-07-01T13:16:54.514-0400][gc,heap     ] GC(204) Old regions: 22->22
[2024-07-01T13:16:54.514-0400][gc,heap     ] GC(204) Humongous regions: 129->129
[2024-07-01T13:16:54.514-0400][gc,metaspace] GC(204) Metaspace: 46438K(47168K)->46438K(47168K) NonClass: 41053K(41472K)->41053K(41472K) Class: 5385K(5696K)->5385K(5696K)
[2024-07-01T13:16:54.514-0400][gc          ] GC(204) Pause Young (Normal) (G1 Evacuation Pause) 626M->153M(1024M) 12,895ms
[2024-07-01T13:16:54.514-0400][gc,cpu      ] GC(204) User=0,02s Sys=0,00s Real=0,02s
[2024-07-01T15:12:43.020-0400][gc,start    ] GC(205) Pause Young (Normal) (G1 Evacuation Pause)
[2024-07-01T15:12:43.020-0400][gc,task     ] GC(205) Using 6 workers of 6 for evacuation
[2024-07-01T15:12:43.031-0400][gc,phases   ] GC(205)   Pre Evacuate Collection Set: 2,4ms
[2024-07-01T15:12:43.031-0400][gc,phases   ] GC(205)   Merge Heap Roots: 0,4ms
[2024-07-01T15:12:43.031-0400][gc,phases   ] GC(205)   Evacuate Collection Set: 6,1ms
[2024-07-01T15:12:43.031-0400][gc,phases   ] GC(205)   Post Evacuate Collection Set: 1,5ms
[2024-07-01T15:12:43.031-0400][gc,phases   ] GC(205)   Other: 0,1ms
[2024-07-01T15:12:43.031-0400][gc,heap     ] GC(205) Eden regions: 610->0(611)
[2024-07-01T15:12:43.031-0400][gc,heap     ] GC(205) Survivor regions: 4->3(77)
[2024-07-01T15:12:43.031-0400][gc,heap     ] GC(205) Old regions: 22->22
[2024-07-01T15:12:43.031-0400][gc,heap     ] GC(205) Humongous regions: 129->129
[2024-07-01T15:12:43.031-0400][gc,metaspace] GC(205) Metaspace: 46445K(47168K)->46445K(47168K) NonClass: 41060K(41472K)->41060K(41472K) Class: 5385K(5696K)->5385K(5696K)
[2024-07-01T15:12:43.031-0400][gc          ] GC(205) Pause Young (Normal) (G1 Evacuation Pause) 763M->153M(1024M) 10,658ms
[2024-07-01T15:12:43.031-0400][gc,cpu      ] GC(205) User=0,01s Sys=0,01s Real=0,01s
[2024-07-01T17:08:51.647-0400][gc,start    ] GC(206) Pause Young (Normal) (G1 Evacuation Pause)
[2024-07-01T17:08:51.647-0400][gc,task     ] GC(206) Using 6 workers of 6 for evacuation
[2024-07-01T17:08:51.679-0400][gc,mmu      ] GC(206) MMU target violated: 21,0ms (20,0ms/21,0ms)
[2024-07-01T17:08:51.679-0400][gc,phases   ] GC(206)   Pre Evacuate Collection Set: 0,9ms
[2024-07-01T17:08:51.679-0400][gc,phases   ] GC(206)   Merge Heap Roots: 3,7ms
[2024-07-01T17:08:51.679-0400][gc,phases   ] GC(206)   Evacuate Collection Set: 24,5ms
[2024-07-01T17:08:51.679-0400][gc,phases   ] GC(206)   Post Evacuate Collection Set: 2,3ms
[2024-07-01T17:08:51.679-0400][gc,phases   ] GC(206)   Other: 0,3ms
[2024-07-01T17:08:51.679-0400][gc,heap     ] GC(206) Eden regions: 611->0(610)
[2024-07-01T17:08:51.679-0400][gc,heap     ] GC(206) Survivor regions: 3->4(77)
[2024-07-01T17:08:51.679-0400][gc,heap     ] GC(206) Old regions: 22->22
[2024-07-01T17:08:51.679-0400][gc,heap     ] GC(206) Humongous regions: 129->129
[2024-07-01T17:08:51.679-0400][gc,metaspace] GC(206) Metaspace: 46446K(47168K)->46446K(47168K) NonClass: 41061K(41472K)->41061K(41472K) Class: 5385K(5696K)->5385K(5696K)
[2024-07-01T17:08:51.679-0400][gc          ] GC(206) Pause Young (Normal) (G1 Evacuation Pause) 764M->154M(1024M) 31,991ms
[2024-07-01T17:08:51.679-0400][gc,cpu      ] GC(206) User=0,05s Sys=0,02s Real=0,03s
[2024-07-01T19:04:45.040-0400][gc,start    ] GC(207) Pause Young (Normal) (G1 Evacuation Pause)
[2024-07-01T19:04:45.043-0400][gc,task     ] GC(207) Using 6 workers of 6 for evacuation
[2024-07-01T19:04:45.058-0400][gc,phases   ] GC(207)   Pre Evacuate Collection Set: 0,7ms
[2024-07-01T19:04:45.059-0400][gc,phases   ] GC(207)   Merge Heap Roots: 0,6ms
[2024-07-01T19:04:45.059-0400][gc,phases   ] GC(207)   Evacuate Collection Set: 12,5ms
[2024-07-01T19:04:45.059-0400][gc,phases   ] GC(207)   Post Evacuate Collection Set: 1,7ms
[2024-07-01T19:04:45.059-0400][gc,phases   ] GC(207)   Other: 0,1ms
[2024-07-01T19:04:45.059-0400][gc,heap     ] GC(207) Eden regions: 610->0(611)
[2024-07-01T19:04:45.059-0400][gc,heap     ] GC(207) Survivor regions: 4->3(77)
[2024-07-01T19:04:45.059-0400][gc,heap     ] GC(207) Old regions: 22->22
[2024-07-01T19:04:45.059-0400][gc,heap     ] GC(207) Humongous regions: 129->129
[2024-07-01T19:04:45.059-0400][gc,metaspace] GC(207) Metaspace: 46446K(47168K)->46446K(47168K) NonClass: 41061K(41472K)->41061K(41472K) Class: 5385K(5696K)->5385K(5696K)
[2024-07-01T19:04:45.059-0400][gc          ] GC(207) Pause Young (Normal) (G1 Evacuation Pause) 764M->153M(1024M) 18,317ms
[2024-07-01T19:04:45.059-0400][gc,cpu      ] GC(207) User=0,04s Sys=0,00s Real=0,02s
[2024-07-01T20:52:38.952-0400][gc,start    ] GC(208) Pause Young (Normal) (G1 Evacuation Pause)
[2024-07-01T20:52:38.954-0400][gc,task     ] GC(208) Using 6 workers of 6 for evacuation
[2024-07-01T20:52:38.976-0400][gc,mmu      ] GC(208) MMU target violated: 21,0ms (20,0ms/21,0ms)
[2024-07-01T20:52:38.976-0400][gc,phases   ] GC(208)   Pre Evacuate Collection Set: 3,2ms
[2024-07-01T20:52:38.976-0400][gc,phases   ] GC(208)   Merge Heap Roots: 4,1ms
[2024-07-01T20:52:38.976-0400][gc,phases   ] GC(208)   Evacuate Collection Set: 9,3ms
[2024-07-01T20:52:38.976-0400][gc,phases   ] GC(208)   Post Evacuate Collection Set: 4,6ms
[2024-07-01T20:52:38.976-0400][gc,phases   ] GC(208)   Other: 0,3ms
[2024-07-01T20:52:38.976-0400][gc,heap     ] GC(208) Eden regions: 611->0(609)
[2024-07-01T20:52:38.976-0400][gc,heap     ] GC(208) Survivor regions: 3->5(77)
[2024-07-01T20:52:38.976-0400][gc,heap     ] GC(208) Old regions: 22->22
[2024-07-01T20:52:38.976-0400][gc,heap     ] GC(208) Humongous regions: 129->129
[2024-07-01T20:52:38.976-0400][gc,metaspace] GC(208) Metaspace: 46808K(47552K)->46808K(47552K) NonClass: 41358K(41792K)->41358K(41792K) Class: 5449K(5760K)->5449K(5760K)
[2024-07-01T20:52:38.976-0400][gc          ] GC(208) Pause Young (Normal) (G1 Evacuation Pause) 764M->154M(1024M) 23,969ms
[2024-07-01T20:52:38.976-0400][gc,cpu      ] GC(208) User=0,05s Sys=0,00s Real=0,03s
[2024-07-01T22:36:50.085-0400][gc,start    ] GC(209) Pause Young (Normal) (G1 Evacuation Pause)
[2024-07-01T22:36:50.087-0400][gc,task     ] GC(209) Using 6 workers of 6 for evacuation
[2024-07-01T22:36:50.114-0400][gc,mmu      ] GC(209) MMU target violated: 21,0ms (20,0ms/21,0ms)
[2024-07-01T22:36:50.114-0400][gc,phases   ] GC(209)   Pre Evacuate Collection Set: 2,6ms
[2024-07-01T22:36:50.114-0400][gc,phases   ] GC(209)   Merge Heap Roots: 1,5ms
[2024-07-01T22:36:50.114-0400][gc,phases   ] GC(209)   Evacuate Collection Set: 17,6ms
[2024-07-01T22:36:50.114-0400][gc,phases   ] GC(209)   Post Evacuate Collection Set: 5,1ms
[2024-07-01T22:36:50.114-0400][gc,phases   ] GC(209)   Other: 0,4ms
[2024-07-01T22:36:50.114-0400][gc,heap     ] GC(209) Eden regions: 609->0(609)
[2024-07-01T22:36:50.114-0400][gc,heap     ] GC(209) Survivor regions: 5->5(77)
[2024-07-01T22:36:50.114-0400][gc,heap     ] GC(209) Old regions: 22->22
[2024-07-01T22:36:50.114-0400][gc,heap     ] GC(209) Humongous regions: 129->129
[2024-07-01T22:36:50.114-0400][gc,metaspace] GC(209) Metaspace: 46913K(47616K)->46913K(47616K) NonClass: 41463K(41856K)->41463K(41856K) Class: 5449K(5760K)->5449K(5760K)
[2024-07-01T22:36:50.114-0400][gc          ] GC(209) Pause Young (Normal) (G1 Evacuation Pause) 763M->155M(1024M) 29,215ms
[2024-07-01T22:36:50.114-0400][gc,cpu      ] GC(209) User=0,08s Sys=0,00s Real=0,02s
[2024-07-02T00:11:30.914-0400][gc,start    ] GC(210) Pause Young (Normal) (G1 Evacuation Pause)
[2024-07-02T00:11:30.916-0400][gc,task     ] GC(210) Using 6 workers of 6 for evacuation
[2024-07-02T00:11:30.968-0400][gc,mmu      ] GC(210) MMU target violated: 21,0ms (20,0ms/21,0ms)
[2024-07-02T00:11:30.968-0400][gc,phases   ] GC(210)   Pre Evacuate Collection Set: 3,7ms
[2024-07-02T00:11:30.968-0400][gc,phases   ] GC(210)   Merge Heap Roots: 0,6ms
[2024-07-02T00:11:30.968-0400][gc,phases   ] GC(210)   Evacuate Collection Set: 38,0ms
[2024-07-02T00:11:30.968-0400][gc,phases   ] GC(210)   Post Evacuate Collection Set: 9,4ms
[2024-07-02T00:11:30.968-0400][gc,phases   ] GC(210)   Other: 0,3ms
[2024-07-02T00:11:30.968-0400][gc,heap     ] GC(210) Eden regions: 609->0(45)
[2024-07-02T00:11:30.968-0400][gc,heap     ] GC(210) Survivor regions: 5->6(77)
[2024-07-02T00:11:30.968-0400][gc,heap     ] GC(210) Old regions: 22->22
[2024-07-02T00:11:30.968-0400][gc,heap     ] GC(210) Humongous regions: 129->129
[2024-07-02T00:11:30.968-0400][gc,metaspace] GC(210) Metaspace: 47227K(47936K)->47227K(47936K) NonClass: 41778K(42176K)->41778K(42176K) Class: 5449K(5760K)->5449K(5760K)
[2024-07-02T00:11:30.968-0400][gc          ] GC(210) Pause Young (Normal) (G1 Evacuation Pause) 764M->156M(1024M) 54,150ms
[2024-07-02T00:11:30.968-0400][gc,cpu      ] GC(210) User=0,14s Sys=0,00s Real=0,06s
[2024-07-02T00:19:37.058-0400][gc,start    ] GC(211) Pause Young (Normal) (G1 Evacuation Pause)
[2024-07-02T00:19:37.058-0400][gc,task     ] GC(211) Using 6 workers of 6 for evacuation
[2024-07-02T00:19:37.072-0400][gc,phases   ] GC(211)   Pre Evacuate Collection Set: 4,4ms
[2024-07-02T00:19:37.072-0400][gc,phases   ] GC(211)   Merge Heap Roots: 0,1ms
[2024-07-02T00:19:37.072-0400][gc,phases   ] GC(211)   Evacuate Collection Set: 7,8ms
[2024-07-02T00:19:37.072-0400][gc,phases   ] GC(211)   Post Evacuate Collection Set: 1,9ms
[2024-07-02T00:19:37.072-0400][gc,phases   ] GC(211)   Other: 0,1ms
[2024-07-02T00:19:37.072-0400][gc,heap     ] GC(211) Eden regions: 45->0(140)
[2024-07-02T00:19:37.072-0400][gc,heap     ] GC(211) Survivor regions: 6->3(7)
[2024-07-02T00:19:37.072-0400][gc,heap     ] GC(211) Old regions: 22->25
[2024-07-02T00:19:37.072-0400][gc,heap     ] GC(211) Humongous regions: 129->129
[2024-07-02T00:19:37.072-0400][gc,metaspace] GC(211) Metaspace: 47227K(47936K)->47227K(47936K) NonClass: 41778K(42176K)->41778K(42176K) Class: 5449K(5760K)->5449K(5760K)
[2024-07-02T00:19:37.072-0400][gc          ] GC(211) Pause Young (Normal) (G1 Evacuation Pause) 201M->156M(1024M) 14,527ms
[2024-07-02T00:19:37.072-0400][gc,cpu      ] GC(211) User=0,03s Sys=0,01s Real=0,01s
[2024-07-02T09:35:47.171-0400][gc,start    ] GC(212) Pause Young (Normal) (G1 Evacuation Pause)
[2024-07-02T09:35:47.178-0400][gc,task     ] GC(212) Using 6 workers of 6 for evacuation
[2024-07-02T09:35:47.216-0400][gc,mmu      ] GC(212) MMU target violated: 21,0ms (20,0ms/21,0ms)
[2024-07-02T09:35:47.216-0400][gc,phases   ] GC(212)   Pre Evacuate Collection Set: 0,8ms
[2024-07-02T09:35:47.216-0400][gc,phases   ] GC(212)   Merge Heap Roots: 0,1ms
[2024-07-02T09:35:47.216-0400][gc,phases   ] GC(212)   Evacuate Collection Set: 20,5ms
[2024-07-02T09:35:47.216-0400][gc,phases   ] GC(212)   Post Evacuate Collection Set: 17,0ms
[2024-07-02T09:35:47.216-0400][gc,phases   ] GC(212)   Other: 0,2ms
[2024-07-02T09:35:47.216-0400][gc,heap     ] GC(212) Eden regions: 174->0(37)
[2024-07-02T09:35:47.216-0400][gc,heap     ] GC(212) Survivor regions: 3->14(23)
[2024-07-02T09:35:47.216-0400][gc,heap     ] GC(212) Old regions: 25->25
[2024-07-02T09:35:47.216-0400][gc,heap     ] GC(212) Humongous regions: 129->129
[2024-07-02T09:35:47.216-0400][gc,metaspace] GC(212) Metaspace: 47247K(47936K)->47247K(47936K) NonClass: 41798K(42176K)->41798K(42176K) Class: 5449K(5760K)->5449K(5760K)
[2024-07-02T09:35:47.217-0400][gc          ] GC(212) Pause Young (Normal) (G1 Evacuation Pause) 330M->166M(1024M) 46,199ms
[2024-07-02T09:35:47.217-0400][gc,cpu      ] GC(212) User=0,07s Sys=0,05s Real=0,05s
[2024-07-02T09:41:13.239-0400][gc,start    ] GC(213) Pause Young (Normal) (G1 Evacuation Pause)
[2024-07-02T09:41:13.239-0400][gc,task     ] GC(213) Using 6 workers of 6 for evacuation
[2024-07-02T09:41:13.270-0400][gc,mmu      ] GC(213) MMU target violated: 21,0ms (20,0ms/21,0ms)
[2024-07-02T09:41:13.270-0400][gc,phases   ] GC(213)   Pre Evacuate Collection Set: 5,1ms
[2024-07-02T09:41:13.270-0400][gc,phases   ] GC(213)   Merge Heap Roots: 4,8ms
[2024-07-02T09:41:13.270-0400][gc,phases   ] GC(213)   Evacuate Collection Set: 17,6ms
[2024-07-02T09:41:13.270-0400][gc,phases   ] GC(213)   Post Evacuate Collection Set: 3,0ms
[2024-07-02T09:41:13.270-0400][gc,phases   ] GC(213)   Other: 0,3ms
[2024-07-02T09:41:13.270-0400][gc,heap     ] GC(213) Eden regions: 37->0(45)
[2024-07-02T09:41:13.270-0400][gc,heap     ] GC(213) Survivor regions: 14->6(7)
[2024-07-02T09:41:13.270-0400][gc,heap     ] GC(213) Old regions: 25->37
[2024-07-02T09:41:13.270-0400][gc,heap     ] GC(213) Humongous regions: 129->129
[2024-07-02T09:41:13.270-0400][gc,metaspace] GC(213) Metaspace: 47265K(48000K)->47265K(48000K) NonClass: 41816K(42240K)->41816K(42240K) Class: 5449K(5760K)->5449K(5760K)
[2024-07-02T09:41:13.270-0400][gc          ] GC(213) Pause Young (Normal) (G1 Evacuation Pause) 203M->171M(1024M) 30,879ms
[2024-07-02T09:41:13.270-0400][gc,cpu      ] GC(213) User=0,06s Sys=0,00s Real=0,03s
[2024-07-02T09:49:44.912-0400][gc,start    ] GC(214) Pause Young (Normal) (G1 Evacuation Pause)
[2024-07-02T09:49:44.912-0400][gc,task     ] GC(214) Using 6 workers of 6 for evacuation
[2024-07-02T09:49:44.922-0400][gc,phases   ] GC(214)   Pre Evacuate Collection Set: 0,8ms
[2024-07-02T09:49:44.922-0400][gc,phases   ] GC(214)   Merge Heap Roots: 0,5ms
[2024-07-02T09:49:44.922-0400][gc,phases   ] GC(214)   Evacuate Collection Set: 6,9ms
[2024-07-02T09:49:44.922-0400][gc,phases   ] GC(214)   Post Evacuate Collection Set: 2,0ms
[2024-07-02T09:49:44.922-0400][gc,phases   ] GC(214)   Other: 0,2ms
[2024-07-02T09:49:44.922-0400][gc,heap     ] GC(214) Eden regions: 45->0(48)
[2024-07-02T09:49:44.922-0400][gc,heap     ] GC(214) Survivor regions: 6->3(7)
[2024-07-02T09:49:44.922-0400][gc,heap     ] GC(214) Old regions: 37->41
[2024-07-02T09:49:44.922-0400][gc,heap     ] GC(214) Humongous regions: 129->129
[2024-07-02T09:49:44.922-0400][gc,metaspace] GC(214) Metaspace: 47267K(48000K)->47267K(48000K) NonClass: 41818K(42240K)->41818K(42240K) Class: 5449K(5760K)->5449K(5760K)
[2024-07-02T09:49:44.922-0400][gc          ] GC(214) Pause Young (Normal) (G1 Evacuation Pause) 216M->172M(1024M) 10,535ms
[2024-07-02T09:49:44.922-0400][gc,cpu      ] GC(214) User=0,02s Sys=0,01s Real=0,01s
[2024-07-02T10:02:44.993-0400][gc,start    ] GC(215) Pause Young (Normal) (G1 Evacuation Pause)
[2024-07-02T10:02:44.993-0400][gc,task     ] GC(215) Using 6 workers of 6 for evacuation
[2024-07-02T10:02:45.006-0400][gc,phases   ] GC(215)   Pre Evacuate Collection Set: 0,6ms
[2024-07-02T10:02:45.006-0400][gc,phases   ] GC(215)   Merge Heap Roots: 0,3ms
[2024-07-02T10:02:45.006-0400][gc,phases   ] GC(215)   Evacuate Collection Set: 10,8ms
[2024-07-02T10:02:45.006-0400][gc,phases   ] GC(215)   Post Evacuate Collection Set: 1,1ms
[2024-07-02T10:02:45.006-0400][gc,phases   ] GC(215)   Other: 0,1ms
[2024-07-02T10:02:45.006-0400][gc,heap     ] GC(215) Eden regions: 72->0(44)
[2024-07-02T10:02:45.006-0400][gc,heap     ] GC(215) Survivor regions: 3->7(10)
[2024-07-02T10:02:45.006-0400][gc,heap     ] GC(215) Old regions: 41->41
[2024-07-02T10:02:45.006-0400][gc,heap     ] GC(215) Humongous regions: 129->129
[2024-07-02T10:02:45.006-0400][gc,metaspace] GC(215) Metaspace: 47281K(48000K)->47281K(48000K) NonClass: 41831K(42240K)->41831K(42240K) Class: 5450K(5760K)->5450K(5760K)
[2024-07-02T10:02:45.006-0400][gc          ] GC(215) Pause Young (Normal) (G1 Evacuation Pause) 244M->176M(1024M) 13,159ms
[2024-07-02T10:02:45.006-0400][gc,cpu      ] GC(215) User=0,03s Sys=0,01s Real=0,02s
[2024-07-02T10:11:02.382-0400][gc,start    ] GC(216) Pause Young (Normal) (G1 Evacuation Pause)
[2024-07-02T10:11:02.382-0400][gc,task     ] GC(216) Using 6 workers of 6 for evacuation
[2024-07-02T10:11:02.393-0400][gc,phases   ] GC(216)   Pre Evacuate Collection Set: 0,6ms
[2024-07-02T10:11:02.393-0400][gc,phases   ] GC(216)   Merge Heap Roots: 0,2ms
[2024-07-02T10:11:02.393-0400][gc,phases   ] GC(216)   Evacuate Collection Set: 7,1ms
[2024-07-02T10:11:02.393-0400][gc,phases   ] GC(216)   Post Evacuate Collection Set: 2,5ms
[2024-07-02T10:11:02.393-0400][gc,phases   ] GC(216)   Other: 0,1ms
[2024-07-02T10:11:02.393-0400][gc,heap     ] GC(216) Eden regions: 44->0(107)
[2024-07-02T10:11:02.393-0400][gc,heap     ] GC(216) Survivor regions: 7->4(7)
[2024-07-02T10:11:02.393-0400][gc,heap     ] GC(216) Old regions: 41->46
[2024-07-02T10:11:02.393-0400][gc,heap     ] GC(216) Humongous regions: 129->129
[2024-07-02T10:11:02.393-0400][gc,metaspace] GC(216) Metaspace: 47283K(48000K)->47283K(48000K) NonClass: 41832K(42240K)->41832K(42240K) Class: 5450K(5760K)->5450K(5760K)
[2024-07-02T10:11:02.393-0400][gc          ] GC(216) Pause Young (Normal) (G1 Evacuation Pause) 220M->178M(1024M) 10,812ms
[2024-07-02T10:11:02.393-0400][gc,cpu      ] GC(216) User=0,03s Sys=0,01s Real=0,01s
[2024-07-02T10:28:16.143-0400][gc,start    ] GC(217) Pause Young (Normal) (G1 Evacuation Pause)
[2024-07-02T10:28:16.145-0400][gc,task     ] GC(217) Using 6 workers of 6 for evacuation
[2024-07-02T10:28:16.171-0400][gc,mmu      ] GC(217) MMU target violated: 21,0ms (20,0ms/21,0ms)
[2024-07-02T10:28:16.171-0400][gc,phases   ] GC(217)   Pre Evacuate Collection Set: 1,1ms
[2024-07-02T10:28:16.171-0400][gc,phases   ] GC(217)   Merge Heap Roots: 0,6ms
[2024-07-02T10:28:16.171-0400][gc,phases   ] GC(217)   Evacuate Collection Set: 22,7ms
[2024-07-02T10:28:16.171-0400][gc,phases   ] GC(217)   Post Evacuate Collection Set: 1,1ms
[2024-07-02T10:28:16.171-0400][gc,phases   ] GC(217)   Other: 0,1ms
[2024-07-02T10:28:16.171-0400][gc,heap     ] GC(217) Eden regions: 100->0(39)
[2024-07-02T10:28:16.171-0400][gc,heap     ] GC(217) Survivor regions: 4->12(13)
[2024-07-02T10:28:16.171-0400][gc,heap     ] GC(217) Old regions: 46->46
[2024-07-02T10:28:16.171-0400][gc,heap     ] GC(217) Humongous regions: 129->129
[2024-07-02T10:28:16.171-0400][gc,metaspace] GC(217) Metaspace: 47305K(48064K)->47305K(48064K) NonClass: 41855K(42304K)->41855K(42304K) Class: 5450K(5760K)->5450K(5760K)
[2024-07-02T10:28:16.171-0400][gc          ] GC(217) Pause Young (Normal) (G1 Evacuation Pause) 278M->186M(1024M) 27,918ms
[2024-07-02T10:28:16.171-0400][gc,cpu      ] GC(217) User=0,06s Sys=0,01s Real=0,03s
[2024-07-02T10:35:40.083-0400][gc,start    ] GC(218) Pause Young (Normal) (G1 Evacuation Pause)
[2024-07-02T10:35:40.084-0400][gc,task     ] GC(218) Using 6 workers of 6 for evacuation
[2024-07-02T10:35:40.099-0400][gc,phases   ] GC(218)   Pre Evacuate Collection Set: 0,7ms
[2024-07-02T10:35:40.099-0400][gc,phases   ] GC(218)   Merge Heap Roots: 0,3ms
[2024-07-02T10:35:40.099-0400][gc,phases   ] GC(218)   Evacuate Collection Set: 10,4ms
[2024-07-02T10:35:40.099-0400][gc,phases   ] GC(218)   Post Evacuate Collection Set: 2,8ms
[2024-07-02T10:35:40.099-0400][gc,phases   ] GC(218)   Other: 0,1ms
[2024-07-02T10:35:40.099-0400][gc,heap     ] GC(218) Eden regions: 39->0(98)
[2024-07-02T10:35:40.099-0400][gc,heap     ] GC(218) Survivor regions: 12->4(7)
[2024-07-02T10:35:40.099-0400][gc,heap     ] GC(218) Old regions: 46->56
[2024-07-02T10:35:40.099-0400][gc,heap     ] GC(218) Humongous regions: 129->129
[2024-07-02T10:35:40.099-0400][gc,metaspace] GC(218) Metaspace: 47305K(48064K)->47305K(48064K) NonClass: 41855K(42304K)->41855K(42304K) Class: 5450K(5760K)->5450K(5760K)
[2024-07-02T10:35:40.099-0400][gc          ] GC(218) Pause Young (Normal) (G1 Evacuation Pause) 225M->188M(1024M) 16,149ms
[2024-07-02T10:35:40.099-0400][gc,cpu      ] GC(218) User=0,03s Sys=0,02s Real=0,02s
[2024-07-02T10:49:40.083-0400][gc,start    ] GC(219) Pause Young (Normal) (G1 Evacuation Pause)
[2024-07-02T10:49:40.114-0400][gc,task     ] GC(219) Using 6 workers of 6 for evacuation
[2024-07-02T10:49:40.136-0400][gc,mmu      ] GC(219) MMU target violated: 21,0ms (20,0ms/21,0ms)
[2024-07-02T10:49:40.139-0400][gc,phases   ] GC(219)   Pre Evacuate Collection Set: 2,0ms
[2024-07-02T10:49:40.139-0400][gc,phases   ] GC(219)   Merge Heap Roots: 3,8ms
[2024-07-02T10:49:40.139-0400][gc,phases   ] GC(219)   Evacuate Collection Set: 14,2ms
[2024-07-02T10:49:40.139-0400][gc,phases   ] GC(219)   Post Evacuate Collection Set: 1,7ms
[2024-07-02T10:49:40.139-0400][gc,phases   ] GC(219)   Other: 1,2ms
[2024-07-02T10:49:40.139-0400][gc,heap     ] GC(219) Eden regions: 84->0(71)
[2024-07-02T10:49:40.139-0400][gc,heap     ] GC(219) Survivor regions: 4->8(11)
[2024-07-02T10:49:40.139-0400][gc,heap     ] GC(219) Old regions: 56->56
[2024-07-02T10:49:40.139-0400][gc,heap     ] GC(219) Humongous regions: 129->129
[2024-07-02T10:49:40.140-0400][gc,metaspace] GC(219) Metaspace: 47334K(48064K)->47334K(48064K) NonClass: 41884K(42304K)->41884K(42304K) Class: 5450K(5760K)->5450K(5760K)
[2024-07-02T10:49:40.140-0400][gc          ] GC(219) Pause Young (Normal) (G1 Evacuation Pause) 272M->192M(1024M) 57,505ms
[2024-07-02T10:49:40.140-0400][gc,cpu      ] GC(219) User=0,04s Sys=0,01s Real=0,06s
[2024-07-02T10:59:55.081-0400][gc,start    ] GC(220) Pause Young (Normal) (G1 Evacuation Pause)
[2024-07-02T10:59:55.097-0400][gc,task     ] GC(220) Using 6 workers of 6 for evacuation
[2024-07-02T10:59:55.146-0400][gc,mmu      ] GC(220) MMU target violated: 21,0ms (20,0ms/21,0ms)
[2024-07-02T10:59:55.149-0400][gc,phases   ] GC(220)   Pre Evacuate Collection Set: 13,8ms
[2024-07-02T10:59:55.149-0400][gc,phases   ] GC(220)   Merge Heap Roots: 1,1ms
[2024-07-02T10:59:55.149-0400][gc,phases   ] GC(220)   Evacuate Collection Set: 29,4ms
[2024-07-02T10:59:55.149-0400][gc,phases   ] GC(220)   Post Evacuate Collection Set: 4,7ms
[2024-07-02T10:59:55.149-0400][gc,phases   ] GC(220)   Other: 4,7ms
[2024-07-02T10:59:55.149-0400][gc,heap     ] GC(220) Eden regions: 63->0(48)
[2024-07-02T10:59:55.149-0400][gc,heap     ] GC(220) Survivor regions: 8->3(9)
[2024-07-02T10:59:55.149-0400][gc,heap     ] GC(220) Old regions: 56->62
[2024-07-02T10:59:55.149-0400][gc,heap     ] GC(220) Humongous regions: 129->129
[2024-07-02T10:59:55.150-0400][gc,metaspace] GC(220) Metaspace: 47343K(48064K)->47343K(48064K) NonClass: 41893K(42304K)->41893K(42304K) Class: 5450K(5760K)->5450K(5760K)
[2024-07-02T10:59:55.157-0400][gc          ] GC(220) Pause Young (Normal) (G1 Evacuation Pause) 255M->192M(1024M) 68,753ms
[2024-07-02T10:59:55.157-0400][gc,cpu      ] GC(220) User=0,03s Sys=0,04s Real=0,08s
[2024-07-02T11:12:53.471-0400][gc,start    ] GC(221) Pause Young (Normal) (G1 Evacuation Pause)
[2024-07-02T11:12:53.471-0400][gc,task     ] GC(221) Using 6 workers of 6 for evacuation
[2024-07-02T11:12:53.488-0400][gc,phases   ] GC(221)   Pre Evacuate Collection Set: 5,8ms
[2024-07-02T11:12:53.488-0400][gc,phases   ] GC(221)   Merge Heap Roots: 0,1ms
[2024-07-02T11:12:53.488-0400][gc,phases   ] GC(221)   Evacuate Collection Set: 9,5ms
[2024-07-02T11:12:53.488-0400][gc,phases   ] GC(221)   Post Evacuate Collection Set: 1,0ms
[2024-07-02T11:12:53.488-0400][gc,phases   ] GC(221)   Other: 0,1ms
[2024-07-02T11:12:53.488-0400][gc,heap     ] GC(221) Eden regions: 68->0(89)
[2024-07-02T11:12:53.488-0400][gc,heap     ] GC(221) Survivor regions: 3->3(9)
[2024-07-02T11:12:53.488-0400][gc,heap     ] GC(221) Old regions: 62->62
[2024-07-02T11:12:53.488-0400][gc,heap     ] GC(221) Humongous regions: 129->129
[2024-07-02T11:12:53.488-0400][gc,metaspace] GC(221) Metaspace: 47345K(48064K)->47345K(48064K) NonClass: 41895K(42304K)->41895K(42304K) Class: 5450K(5760K)->5450K(5760K)
[2024-07-02T11:12:53.488-0400][gc          ] GC(221) Pause Young (Normal) (G1 Evacuation Pause) 260M->192M(1024M) 16,761ms
[2024-07-02T11:12:53.488-0400][gc,cpu      ] GC(221) User=0,02s Sys=0,02s Real=0,02s
[2024-07-02T11:32:30.801-0400][gc,start    ] GC(222) Pause Young (Normal) (G1 Evacuation Pause)
[2024-07-02T11:32:30.805-0400][gc,task     ] GC(222) Using 6 workers of 6 for evacuation
[2024-07-02T11:32:30.822-0400][gc,phases   ] GC(222)   Pre Evacuate Collection Set: 0,8ms
[2024-07-02T11:32:30.822-0400][gc,phases   ] GC(222)   Merge Heap Roots: 0,5ms
[2024-07-02T11:32:30.822-0400][gc,phases   ] GC(222)   Evacuate Collection Set: 12,6ms
[2024-07-02T11:32:30.822-0400][gc,phases   ] GC(222)   Post Evacuate Collection Set: 3,3ms
[2024-07-02T11:32:30.822-0400][gc,phases   ] GC(222)   Other: 0,3ms
[2024-07-02T11:32:30.822-0400][gc,heap     ] GC(222) Eden regions: 110->0(73)
[2024-07-02T11:32:30.822-0400][gc,heap     ] GC(222) Survivor regions: 3->6(15)
[2024-07-02T11:32:30.822-0400][gc,heap     ] GC(222) Old regions: 62->62
[2024-07-02T11:32:30.822-0400][gc,heap     ] GC(222) Humongous regions: 129->129
[2024-07-02T11:32:30.823-0400][gc,metaspace] GC(222) Metaspace: 47346K(48064K)->47346K(48064K) NonClass: 41895K(42304K)->41895K(42304K) Class: 5450K(5760K)->5450K(5760K)
[2024-07-02T11:32:30.823-0400][gc          ] GC(222) Pause Young (Normal) (G1 Evacuation Pause) 302M->195M(1024M) 21,219ms
[2024-07-02T11:32:30.823-0400][gc,cpu      ] GC(222) User=0,04s Sys=0,01s Real=0,02s
[2024-07-02T11:48:30.296-0400][gc,start    ] GC(223) Pause Young (Normal) (G1 Evacuation Pause)
[2024-07-02T11:48:30.296-0400][gc,task     ] GC(223) Using 6 workers of 6 for evacuation
[2024-07-02T11:48:30.314-0400][gc,phases   ] GC(223)   Pre Evacuate Collection Set: 0,9ms
[2024-07-02T11:48:30.314-0400][gc,phases   ] GC(223)   Merge Heap Roots: 0,2ms
[2024-07-02T11:48:30.314-0400][gc,phases   ] GC(223)   Evacuate Collection Set: 15,1ms
[2024-07-02T11:48:30.314-0400][gc,phases   ] GC(223)   Post Evacuate Collection Set: 1,2ms
[2024-07-02T11:48:30.314-0400][gc,phases   ] GC(223)   Other: 0,2ms
[2024-07-02T11:48:30.314-0400][gc,heap     ] GC(223) Eden regions: 86->0(94)
[2024-07-02T11:48:30.314-0400][gc,heap     ] GC(223) Survivor regions: 6->8(12)
[2024-07-02T11:48:30.314-0400][gc,heap     ] GC(223) Old regions: 62->62
[2024-07-02T11:48:30.314-0400][gc,heap     ] GC(223) Humongous regions: 129->129
[2024-07-02T11:48:30.314-0400][gc,metaspace] GC(223) Metaspace: 47346K(48064K)->47346K(48064K) NonClass: 41895K(42304K)->41895K(42304K) Class: 5450K(5760K)->5450K(5760K)
[2024-07-02T11:48:30.314-0400][gc          ] GC(223) Pause Young (Normal) (G1 Evacuation Pause) 281M->197M(1024M) 18,220ms
[2024-07-02T11:48:30.314-0400][gc,cpu      ] GC(223) User=0,03s Sys=0,01s Real=0,02s
[2024-07-02T12:08:20.082-0400][gc,start    ] GC(224) Pause Young (Normal) (G1 Evacuation Pause)
[2024-07-02T12:08:20.082-0400][gc,task     ] GC(224) Using 6 workers of 6 for evacuation
[2024-07-02T12:08:20.153-0400][gc,mmu      ] GC(224) MMU target violated: 21,0ms (20,0ms/21,0ms)
[2024-07-02T12:08:20.153-0400][gc,phases   ] GC(224)   Pre Evacuate Collection Set: 2,8ms
[2024-07-02T12:08:20.153-0400][gc,phases   ] GC(224)   Merge Heap Roots: 0,3ms
[2024-07-02T12:08:20.153-0400][gc,phases   ] GC(224)   Evacuate Collection Set: 65,5ms
[2024-07-02T12:08:20.153-0400][gc,phases   ] GC(224)   Post Evacuate Collection Set: 1,7ms
[2024-07-02T12:08:20.153-0400][gc,phases   ] GC(224)   Other: 0,5ms
[2024-07-02T12:08:20.153-0400][gc,heap     ] GC(224) Eden regions: 104->0(43)
[2024-07-02T12:08:20.153-0400][gc,heap     ] GC(224) Survivor regions: 8->8(14)
[2024-07-02T12:08:20.153-0400][gc,heap     ] GC(224) Old regions: 62->62
[2024-07-02T12:08:20.153-0400][gc,heap     ] GC(224) Humongous regions: 129->129
[2024-07-02T12:08:20.153-0400][gc,metaspace] GC(224) Metaspace: 47346K(48064K)->47346K(48064K) NonClass: 41895K(42304K)->41895K(42304K) Class: 5450K(5760K)->5450K(5760K)
[2024-07-02T12:08:20.154-0400][gc          ] GC(224) Pause Young (Normal) (G1 Evacuation Pause) 301M->197M(1024M) 71,699ms
[2024-07-02T12:08:20.154-0400][gc,cpu      ] GC(224) User=0,21s Sys=0,00s Real=0,07s
[2024-07-02T12:16:29.999-0400][gc,start    ] GC(225) Pause Young (Normal) (G1 Evacuation Pause)
[2024-07-02T12:16:29.999-0400][gc,task     ] GC(225) Using 6 workers of 6 for evacuation
[2024-07-02T12:16:30.026-0400][gc,mmu      ] GC(225) MMU target violated: 21,0ms (20,0ms/21,0ms)
[2024-07-02T12:16:30.026-0400][gc,phases   ] GC(225)   Pre Evacuate Collection Set: 0,9ms
[2024-07-02T12:16:30.026-0400][gc,phases   ] GC(225)   Merge Heap Roots: 0,3ms
[2024-07-02T12:16:30.026-0400][gc,phases   ] GC(225)   Evacuate Collection Set: 19,0ms
[2024-07-02T12:16:30.026-0400][gc,phases   ] GC(225)   Post Evacuate Collection Set: 6,7ms
[2024-07-02T12:16:30.026-0400][gc,phases   ] GC(225)   Other: 0,3ms
[2024-07-02T12:16:30.026-0400][gc,heap     ] GC(225) Eden regions: 43->0(47)
[2024-07-02T12:16:30.026-0400][gc,heap     ] GC(225) Survivor regions: 8->4(7)
[2024-07-02T12:16:30.026-0400][gc,heap     ] GC(225) Old regions: 62->66
[2024-07-02T12:16:30.026-0400][gc,heap     ] GC(225) Humongous regions: 129->129
[2024-07-02T12:16:30.026-0400][gc,metaspace] GC(225) Metaspace: 47346K(48064K)->47346K(48064K) NonClass: 41895K(42304K)->41895K(42304K) Class: 5450K(5760K)->5450K(5760K)
[2024-07-02T12:16:30.026-0400][gc          ] GC(225) Pause Young (Normal) (G1 Evacuation Pause) 240M->197M(1024M) 27,478ms
[2024-07-02T12:16:30.026-0400][gc,cpu      ] GC(225) User=0,04s Sys=0,01s Real=0,03s
[2024-07-02T12:25:23.469-0400][gc,start    ] GC(226) Pause Young (Normal) (G1 Evacuation Pause)
[2024-07-02T12:25:23.470-0400][gc,task     ] GC(226) Using 6 workers of 6 for evacuation
[2024-07-02T12:25:23.481-0400][gc,phases   ] GC(226)   Pre Evacuate Collection Set: 0,7ms
[2024-07-02T12:25:23.481-0400][gc,phases   ] GC(226)   Merge Heap Roots: 0,3ms
[2024-07-02T12:25:23.481-0400][gc,phases   ] GC(226)   Evacuate Collection Set: 7,2ms
[2024-07-02T12:25:23.481-0400][gc,phases   ] GC(226)   Post Evacuate Collection Set: 2,0ms
[2024-07-02T12:25:23.481-0400][gc,phases   ] GC(226)   Other: 0,1ms
[2024-07-02T12:25:23.481-0400][gc,heap     ] GC(226) Eden regions: 47->0(85)
[2024-07-02T12:25:23.481-0400][gc,heap     ] GC(226) Survivor regions: 4->4(7)
[2024-07-02T12:25:23.481-0400][gc,heap     ] GC(226) Old regions: 66->66
[2024-07-02T12:25:23.481-0400][gc,heap     ] GC(226) Humongous regions: 129->129
[2024-07-02T12:25:23.481-0400][gc,metaspace] GC(226) Metaspace: 47346K(48064K)->47346K(48064K) NonClass: 41895K(42304K)->41895K(42304K) Class: 5450K(5760K)->5450K(5760K)
[2024-07-02T12:25:23.481-0400][gc          ] GC(226) Pause Young (Normal) (G1 Evacuation Pause) 244M->197M(1024M) 11,366ms
[2024-07-02T12:25:23.481-0400][gc,cpu      ] GC(226) User=0,02s Sys=0,00s Real=0,01s
[2024-07-02T12:42:20.897-0400][gc,start    ] GC(227) Pause Young (Normal) (G1 Evacuation Pause)
[2024-07-02T12:42:20.897-0400][gc,task     ] GC(227) Using 6 workers of 6 for evacuation
[2024-07-02T12:42:20.909-0400][gc,phases   ] GC(227)   Pre Evacuate Collection Set: 0,9ms
[2024-07-02T12:42:20.909-0400][gc,phases   ] GC(227)   Merge Heap Roots: 0,3ms
[2024-07-02T12:42:20.909-0400][gc,phases   ] GC(227)   Evacuate Collection Set: 8,7ms
[2024-07-02T12:42:20.909-0400][gc,phases   ] GC(227)   Post Evacuate Collection Set: 1,4ms
[2024-07-02T12:42:20.909-0400][gc,phases   ] GC(227)   Other: 0,1ms
[2024-07-02T12:42:20.909-0400][gc,heap     ] GC(227) Eden regions: 91->0(151)
[2024-07-02T12:42:20.909-0400][gc,heap     ] GC(227) Survivor regions: 4->4(12)
[2024-07-02T12:42:20.909-0400][gc,heap     ] GC(227) Old regions: 66->66
[2024-07-02T12:42:20.909-0400][gc,heap     ] GC(227) Humongous regions: 129->129
[2024-07-02T12:42:20.909-0400][gc,metaspace] GC(227) Metaspace: 47346K(48064K)->47346K(48064K) NonClass: 41895K(42304K)->41895K(42304K) Class: 5450K(5760K)->5450K(5760K)
[2024-07-02T12:42:20.909-0400][gc          ] GC(227) Pause Young (Normal) (G1 Evacuation Pause) 288M->197M(1024M) 11,793ms
[2024-07-02T12:42:20.909-0400][gc,cpu      ] GC(227) User=0,02s Sys=0,00s Real=0,01s
[2024-07-02T13:11:49.981-0400][gc,start    ] GC(228) Pause Young (Normal) (G1 Evacuation Pause)
[2024-07-02T13:11:49.982-0400][gc,task     ] GC(228) Using 6 workers of 6 for evacuation
[2024-07-02T13:11:50.078-0400][gc,mmu      ] GC(228) MMU target violated: 21,0ms (20,0ms/21,0ms)
[2024-07-02T13:11:50.078-0400][gc,phases   ] GC(228)   Pre Evacuate Collection Set: 3,8ms
[2024-07-02T13:11:50.078-0400][gc,phases   ] GC(228)   Merge Heap Roots: 1,4ms
[2024-07-02T13:11:50.078-0400][gc,phases   ] GC(228)   Evacuate Collection Set: 89,5ms
[2024-07-02T13:11:50.078-0400][gc,phases   ] GC(228)   Post Evacuate Collection Set: 1,0ms
[2024-07-02T13:11:50.078-0400][gc,phases   ] GC(228)   Other: 0,1ms
[2024-07-02T13:11:50.078-0400][gc,heap     ] GC(228) Eden regions: 154->0(48)
[2024-07-02T13:11:50.078-0400][gc,heap     ] GC(228) Survivor regions: 4->3(20)
[2024-07-02T13:11:50.078-0400][gc,heap     ] GC(228) Old regions: 66->66
[2024-07-02T13:11:50.078-0400][gc,heap     ] GC(228) Humongous regions: 129->129
[2024-07-02T13:11:50.078-0400][gc,metaspace] GC(228) Metaspace: 47346K(48064K)->47346K(48064K) NonClass: 41895K(42304K)->41895K(42304K) Class: 5450K(5760K)->5450K(5760K)
[2024-07-02T13:11:50.078-0400][gc          ] GC(228) Pause Young (Normal) (G1 Evacuation Pause) 351M->197M(1024M) 96,784ms
[2024-07-02T13:11:50.078-0400][gc,cpu      ] GC(228) User=0,36s Sys=0,00s Real=0,10s
[2024-07-02T13:20:47.384-0400][gc,start    ] GC(229) Pause Young (Normal) (G1 Evacuation Pause)
[2024-07-02T13:20:47.385-0400][gc,task     ] GC(229) Using 6 workers of 6 for evacuation
[2024-07-02T13:20:47.404-0400][gc,phases   ] GC(229)   Pre Evacuate Collection Set: 1,1ms
[2024-07-02T13:20:47.404-0400][gc,phases   ] GC(229)   Merge Heap Roots: 0,4ms
[2024-07-02T13:20:47.404-0400][gc,phases   ] GC(229)   Evacuate Collection Set: 10,1ms
[2024-07-02T13:20:47.404-0400][gc,phases   ] GC(229)   Post Evacuate Collection Set: 8,1ms
[2024-07-02T13:20:47.405-0400][gc,phases   ] GC(229)   Other: 0,1ms
[2024-07-02T13:20:47.405-0400][gc,heap     ] GC(229) Eden regions: 48->0(47)
[2024-07-02T13:20:47.405-0400][gc,heap     ] GC(229) Survivor regions: 3->4(7)
[2024-07-02T13:20:47.405-0400][gc,heap     ] GC(229) Old regions: 66->66
[2024-07-02T13:20:47.405-0400][gc,heap     ] GC(229) Humongous regions: 129->129
[2024-07-02T13:20:47.405-0400][gc,metaspace] GC(229) Metaspace: 47346K(48064K)->47346K(48064K) NonClass: 41895K(42304K)->41895K(42304K) Class: 5450K(5760K)->5450K(5760K)
[2024-07-02T13:20:47.405-0400][gc          ] GC(229) Pause Young (Normal) (G1 Evacuation Pause) 245M->197M(1024M) 20,132ms
[2024-07-02T13:20:47.405-0400][gc,cpu      ] GC(229) User=0,03s Sys=0,01s Real=0,02s
[2024-07-02T13:29:43.776-0400][gc,start    ] GC(230) Pause Young (Normal) (G1 Evacuation Pause)
[2024-07-02T13:29:43.776-0400][gc,task     ] GC(230) Using 6 workers of 6 for evacuation
[2024-07-02T13:29:43.788-0400][gc,phases   ] GC(230)   Pre Evacuate Collection Set: 2,7ms
[2024-07-02T13:29:43.788-0400][gc,phases   ] GC(230)   Merge Heap Roots: 0,1ms
[2024-07-02T13:29:43.788-0400][gc,phases   ] GC(230)   Evacuate Collection Set: 7,3ms
[2024-07-02T13:29:43.788-0400][gc,phases   ] GC(230)   Post Evacuate Collection Set: 1,8ms
[2024-07-02T13:29:43.788-0400][gc,phases   ] GC(230)   Other: 0,1ms
[2024-07-02T13:29:43.788-0400][gc,heap     ] GC(230) Eden regions: 47->0(47)
[2024-07-02T13:29:43.788-0400][gc,heap     ] GC(230) Survivor regions: 4->4(7)
[2024-07-02T13:29:43.788-0400][gc,heap     ] GC(230) Old regions: 66->66
[2024-07-02T13:29:43.788-0400][gc,heap     ] GC(230) Humongous regions: 129->129
[2024-07-02T13:29:43.788-0400][gc,metaspace] GC(230) Metaspace: 47346K(48064K)->47346K(48064K) NonClass: 41895K(42304K)->41895K(42304K) Class: 5450K(5760K)->5450K(5760K)
[2024-07-02T13:29:43.788-0400][gc          ] GC(230) Pause Young (Normal) (G1 Evacuation Pause) 244M->197M(1024M) 12,235ms
[2024-07-02T13:29:43.788-0400][gc,cpu      ] GC(230) User=0,03s Sys=0,00s Real=0,02s
[2024-07-02T13:38:16.897-0400][gc,start    ] GC(231) Pause Young (Normal) (G1 Evacuation Pause)
[2024-07-02T13:38:16.897-0400][gc,task     ] GC(231) Using 6 workers of 6 for evacuation
[2024-07-02T13:38:16.904-0400][gc,phases   ] GC(231)   Pre Evacuate Collection Set: 0,7ms
[2024-07-02T13:38:16.904-0400][gc,phases   ] GC(231)   Merge Heap Roots: 0,2ms
[2024-07-02T13:38:16.904-0400][gc,phases   ] GC(231)   Evacuate Collection Set: 4,4ms
[2024-07-02T13:38:16.904-0400][gc,phases   ] GC(231)   Post Evacuate Collection Set: 1,8ms
[2024-07-02T13:38:16.904-0400][gc,phases   ] GC(231)   Other: 0,2ms
[2024-07-02T13:38:16.904-0400][gc,heap     ] GC(231) Eden regions: 47->0(48)
[2024-07-02T13:38:16.904-0400][gc,heap     ] GC(231) Survivor regions: 4->3(7)
[2024-07-02T13:38:16.904-0400][gc,heap     ] GC(231) Old regions: 66->66
[2024-07-02T13:38:16.904-0400][gc,heap     ] GC(231) Humongous regions: 129->129
[2024-07-02T13:38:16.904-0400][gc,metaspace] GC(231) Metaspace: 47346K(48064K)->47346K(48064K) NonClass: 41895K(42304K)->41895K(42304K) Class: 5450K(5760K)->5450K(5760K)
[2024-07-02T13:38:16.904-0400][gc          ] GC(231) Pause Young (Normal) (G1 Evacuation Pause) 244M->196M(1024M) 7,447ms
[2024-07-02T13:38:16.904-0400][gc,cpu      ] GC(231) User=0,01s Sys=0,00s Real=0,00s
[2024-07-02T13:47:24.468-0400][gc,start    ] GC(232) Pause Young (Normal) (G1 Evacuation Pause)
[2024-07-02T13:47:24.468-0400][gc,task     ] GC(232) Using 6 workers of 6 for evacuation
[2024-07-02T13:47:24.479-0400][gc,phases   ] GC(232)   Pre Evacuate Collection Set: 1,3ms
[2024-07-02T13:47:24.479-0400][gc,phases   ] GC(232)   Merge Heap Roots: 0,4ms
[2024-07-02T13:47:24.479-0400][gc,phases   ] GC(232)   Evacuate Collection Set: 7,7ms
[2024-07-02T13:47:24.479-0400][gc,phases   ] GC(232)   Post Evacuate Collection Set: 1,0ms
[2024-07-02T13:47:24.479-0400][gc,phases   ] GC(232)   Other: 0,2ms
[2024-07-02T13:47:24.479-0400][gc,heap     ] GC(232) Eden regions: 48->0(48)
[2024-07-02T13:47:24.479-0400][gc,heap     ] GC(232) Survivor regions: 3->3(7)
[2024-07-02T13:47:24.479-0400][gc,heap     ] GC(232) Old regions: 66->66
[2024-07-02T13:47:24.479-0400][gc,heap     ] GC(232) Humongous regions: 129->129
[2024-07-02T13:47:24.479-0400][gc,metaspace] GC(232) Metaspace: 47346K(48064K)->47346K(48064K) NonClass: 41895K(42304K)->41895K(42304K) Class: 5450K(5760K)->5450K(5760K)
[2024-07-02T13:47:24.479-0400][gc          ] GC(232) Pause Young (Normal) (G1 Evacuation Pause) 244M->196M(1024M) 11,252ms
[2024-07-02T13:47:24.479-0400][gc,cpu      ] GC(232) User=0,01s Sys=0,02s Real=0,01s
[2024-07-02T13:56:31.318-0400][gc,start    ] GC(233) Pause Young (Normal) (G1 Evacuation Pause)
[2024-07-02T13:56:31.318-0400][gc,task     ] GC(233) Using 6 workers of 6 for evacuation
[2024-07-02T13:56:31.330-0400][gc,phases   ] GC(233)   Pre Evacuate Collection Set: 4,7ms
[2024-07-02T13:56:31.330-0400][gc,phases   ] GC(233)   Merge Heap Roots: 1,6ms
[2024-07-02T13:56:31.330-0400][gc,phases   ] GC(233)   Evacuate Collection Set: 3,8ms
[2024-07-02T13:56:31.330-0400][gc,phases   ] GC(233)   Post Evacuate Collection Set: 1,1ms
[2024-07-02T13:56:31.330-0400][gc,phases   ] GC(233)   Other: 0,2ms
[2024-07-02T13:56:31.330-0400][gc,heap     ] GC(233) Eden regions: 48->0(48)
[2024-07-02T13:56:31.330-0400][gc,heap     ] GC(233) Survivor regions: 3->3(7)
[2024-07-02T13:56:31.330-0400][gc,heap     ] GC(233) Old regions: 66->66
[2024-07-02T13:56:31.330-0400][gc,heap     ] GC(233) Humongous regions: 129->129
[2024-07-02T13:56:31.330-0400][gc,metaspace] GC(233) Metaspace: 47346K(48064K)->47346K(48064K) NonClass: 41895K(42304K)->41895K(42304K) Class: 5450K(5760K)->5450K(5760K)
[2024-07-02T13:56:31.330-0400][gc          ] GC(233) Pause Young (Normal) (G1 Evacuation Pause) 244M->196M(1024M) 11,821ms
[2024-07-02T13:56:31.330-0400][gc,cpu      ] GC(233) User=0,02s Sys=0,00s Real=0,01s
[2024-07-02T14:05:36.681-0400][gc,start    ] GC(234) Pause Young (Normal) (G1 Evacuation Pause)
[2024-07-02T14:05:36.681-0400][gc,task     ] GC(234) Using 6 workers of 6 for evacuation
[2024-07-02T14:05:36.690-0400][gc,phases   ] GC(234)   Pre Evacuate Collection Set: 0,5ms
[2024-07-02T14:05:36.690-0400][gc,phases   ] GC(234)   Merge Heap Roots: 0,2ms
[2024-07-02T14:05:36.690-0400][gc,phases   ] GC(234)   Evacuate Collection Set: 7,6ms
[2024-07-02T14:05:36.690-0400][gc,phases   ] GC(234)   Post Evacuate Collection Set: 1,0ms
[2024-07-02T14:05:36.690-0400][gc,phases   ] GC(234)   Other: 0,1ms
[2024-07-02T14:05:36.690-0400][gc,heap     ] GC(234) Eden regions: 48->0(121)
[2024-07-02T14:05:36.690-0400][gc,heap     ] GC(234) Survivor regions: 3->3(7)
[2024-07-02T14:05:36.690-0400][gc,heap     ] GC(234) Old regions: 66->66
[2024-07-02T14:05:36.690-0400][gc,heap     ] GC(234) Humongous regions: 129->129
[2024-07-02T14:05:36.690-0400][gc,metaspace] GC(234) Metaspace: 47346K(48064K)->47346K(48064K) NonClass: 41895K(42304K)->41895K(42304K) Class: 5450K(5760K)->5450K(5760K)
[2024-07-02T14:05:36.690-0400][gc          ] GC(234) Pause Young (Normal) (G1 Evacuation Pause) 244M->196M(1024M) 9,591ms
[2024-07-02T14:05:36.690-0400][gc,cpu      ] GC(234) User=0,01s Sys=0,00s Real=0,01s
[2024-07-02T14:28:50.082-0400][gc,start    ] GC(235) Pause Young (Normal) (G1 Evacuation Pause)
[2024-07-02T14:28:50.082-0400][gc,task     ] GC(235) Using 6 workers of 6 for evacuation
[2024-07-02T14:28:50.097-0400][gc,phases   ] GC(235)   Pre Evacuate Collection Set: 0,5ms
[2024-07-02T14:28:50.098-0400][gc,phases   ] GC(235)   Merge Heap Roots: 0,3ms
[2024-07-02T14:28:50.098-0400][gc,phases   ] GC(235)   Evacuate Collection Set: 8,1ms
[2024-07-02T14:28:50.098-0400][gc,phases   ] GC(235)   Post Evacuate Collection Set: 6,0ms
[2024-07-02T14:28:50.098-0400][gc,phases   ] GC(235)   Other: 0,2ms
[2024-07-02T14:28:50.098-0400][gc,heap     ] GC(235) Eden regions: 122->0(307)
[2024-07-02T14:28:50.098-0400][gc,heap     ] GC(235) Survivor regions: 3->2(16)
[2024-07-02T14:28:50.098-0400][gc,heap     ] GC(235) Old regions: 66->66
[2024-07-02T14:28:50.098-0400][gc,heap     ] GC(235) Humongous regions: 129->129
[2024-07-02T14:28:50.098-0400][gc,metaspace] GC(235) Metaspace: 47346K(48064K)->47346K(48064K) NonClass: 41895K(42304K)->41895K(42304K) Class: 5450K(5760K)->5450K(5760K)
[2024-07-02T14:28:50.098-0400][gc          ] GC(235) Pause Young (Normal) (G1 Evacuation Pause) 318M->196M(1024M) 16,463ms
[2024-07-02T14:28:50.098-0400][gc,cpu      ] GC(235) User=0,02s Sys=0,02s Real=0,02s
[2024-07-02T15:27:44.555-0400][gc,start    ] GC(236) Pause Young (Normal) (G1 Evacuation Pause)
[2024-07-02T15:27:44.555-0400][gc,task     ] GC(236) Using 6 workers of 6 for evacuation
[2024-07-02T15:27:44.632-0400][gc,mmu      ] GC(236) MMU target violated: 21,0ms (20,0ms/21,0ms)
[2024-07-02T15:27:44.632-0400][gc,phases   ] GC(236)   Pre Evacuate Collection Set: 1,4ms
[2024-07-02T15:27:44.632-0400][gc,phases   ] GC(236)   Merge Heap Roots: 0,4ms
[2024-07-02T15:27:44.632-0400][gc,phases   ] GC(236)   Evacuate Collection Set: 73,2ms
[2024-07-02T15:27:44.632-0400][gc,phases   ] GC(236)   Post Evacuate Collection Set: 1,3ms
[2024-07-02T15:27:44.632-0400][gc,phases   ] GC(236)   Other: 0,1ms
[2024-07-02T15:27:44.632-0400][gc,heap     ] GC(236) Eden regions: 308->0(49)
[2024-07-02T15:27:44.632-0400][gc,heap     ] GC(236) Survivor regions: 2->2(39)
[2024-07-02T15:27:44.632-0400][gc,heap     ] GC(236) Old regions: 66->66
[2024-07-02T15:27:44.632-0400][gc,heap     ] GC(236) Humongous regions: 129->129
[2024-07-02T15:27:44.632-0400][gc,metaspace] GC(236) Metaspace: 47346K(48064K)->47346K(48064K) NonClass: 41895K(42304K)->41895K(42304K) Class: 5450K(5760K)->5450K(5760K)
[2024-07-02T15:27:44.632-0400][gc          ] GC(236) Pause Young (Normal) (G1 Evacuation Pause) 504M->196M(1024M) 77,009ms
[2024-07-02T15:27:44.632-0400][gc,cpu      ] GC(236) User=0,32s Sys=0,03s Real=0,08s
[2024-07-02T15:36:53.004-0400][gc,start    ] GC(237) Pause Young (Normal) (G1 Evacuation Pause)
[2024-07-02T15:36:53.004-0400][gc,task     ] GC(237) Using 6 workers of 6 for evacuation
[2024-07-02T15:36:53.010-0400][gc,phases   ] GC(237)   Pre Evacuate Collection Set: 0,6ms
[2024-07-02T15:36:53.010-0400][gc,phases   ] GC(237)   Merge Heap Roots: 0,3ms
[2024-07-02T15:36:53.010-0400][gc,phases   ] GC(237)   Evacuate Collection Set: 3,9ms
[2024-07-02T15:36:53.010-0400][gc,phases   ] GC(237)   Post Evacuate Collection Set: 1,1ms
[2024-07-02T15:36:53.010-0400][gc,phases   ] GC(237)   Other: 0,1ms
[2024-07-02T15:36:53.010-0400][gc,heap     ] GC(237) Eden regions: 49->0(48)
[2024-07-02T15:36:53.010-0400][gc,heap     ] GC(237) Survivor regions: 2->3(7)
[2024-07-02T15:36:53.010-0400][gc,heap     ] GC(237) Old regions: 66->66
[2024-07-02T15:36:53.010-0400][gc,heap     ] GC(237) Humongous regions: 129->129
[2024-07-02T15:36:53.010-0400][gc,metaspace] GC(237) Metaspace: 47346K(48064K)->47346K(48064K) NonClass: 41895K(42304K)->41895K(42304K) Class: 5450K(5760K)->5450K(5760K)
[2024-07-02T15:36:53.010-0400][gc          ] GC(237) Pause Young (Normal) (G1 Evacuation Pause) 245M->196M(1024M) 6,268ms
[2024-07-02T15:36:53.010-0400][gc,cpu      ] GC(237) User=0,01s Sys=0,00s Real=0,01s
[2024-07-02T15:45:38.893-0400][gc,start    ] GC(238) Pause Young (Normal) (G1 Evacuation Pause)
[2024-07-02T15:45:38.893-0400][gc,task     ] GC(238) Using 6 workers of 6 for evacuation
[2024-07-02T15:45:38.907-0400][gc,phases   ] GC(238)   Pre Evacuate Collection Set: 1,1ms
[2024-07-02T15:45:38.907-0400][gc,phases   ] GC(238)   Merge Heap Roots: 1,2ms
[2024-07-02T15:45:38.907-0400][gc,phases   ] GC(238)   Evacuate Collection Set: 4,8ms
[2024-07-02T15:45:38.907-0400][gc,phases   ] GC(238)   Post Evacuate Collection Set: 7,0ms
[2024-07-02T15:45:38.907-0400][gc,phases   ] GC(238)   Other: 0,2ms
[2024-07-02T15:45:38.907-0400][gc,heap     ] GC(238) Eden regions: 48->0(49)
[2024-07-02T15:45:38.907-0400][gc,heap     ] GC(238) Survivor regions: 3->2(7)
[2024-07-02T15:45:38.907-0400][gc,heap     ] GC(238) Old regions: 66->66
[2024-07-02T15:45:38.907-0400][gc,heap     ] GC(238) Humongous regions: 129->129
[2024-07-02T15:45:38.907-0400][gc,metaspace] GC(238) Metaspace: 47346K(48064K)->47346K(48064K) NonClass: 41895K(42304K)->41895K(42304K) Class: 5450K(5760K)->5450K(5760K)
[2024-07-02T15:45:38.907-0400][gc          ] GC(238) Pause Young (Normal) (G1 Evacuation Pause) 244M->196M(1024M) 14,689ms
[2024-07-02T15:45:38.908-0400][gc,cpu      ] GC(238) User=0,02s Sys=0,01s Real=0,02s
[2024-07-02T15:54:57.300-0400][gc,start    ] GC(239) Pause Young (Normal) (G1 Evacuation Pause)
[2024-07-02T15:54:57.300-0400][gc,task     ] GC(239) Using 6 workers of 6 for evacuation
[2024-07-02T15:54:57.316-0400][gc,phases   ] GC(239)   Pre Evacuate Collection Set: 0,6ms
[2024-07-02T15:54:57.316-0400][gc,phases   ] GC(239)   Merge Heap Roots: 2,7ms
[2024-07-02T15:54:57.316-0400][gc,phases   ] GC(239)   Evacuate Collection Set: 6,7ms
[2024-07-02T15:54:57.316-0400][gc,phases   ] GC(239)   Post Evacuate Collection Set: 4,9ms
[2024-07-02T15:54:57.316-0400][gc,phases   ] GC(239)   Other: 0,2ms
[2024-07-02T15:54:57.316-0400][gc,heap     ] GC(239) Eden regions: 49->0(48)
[2024-07-02T15:54:57.316-0400][gc,heap     ] GC(239) Survivor regions: 2->3(7)
[2024-07-02T15:54:57.316-0400][gc,heap     ] GC(239) Old regions: 66->66
[2024-07-02T15:54:57.316-0400][gc,heap     ] GC(239) Humongous regions: 129->129
[2024-07-02T15:54:57.316-0400][gc,metaspace] GC(239) Metaspace: 47346K(48064K)->47346K(48064K) NonClass: 41895K(42304K)->41895K(42304K) Class: 5450K(5760K)->5450K(5760K)
[2024-07-02T15:54:57.316-0400][gc          ] GC(239) Pause Young (Normal) (G1 Evacuation Pause) 245M->196M(1024M) 15,854ms
[2024-07-02T15:54:57.316-0400][gc,cpu      ] GC(239) User=0,01s Sys=0,01s Real=0,02s
[2024-07-02T16:04:03.097-0400][gc,start    ] GC(240) Pause Young (Normal) (G1 Evacuation Pause)
[2024-07-02T16:04:03.098-0400][gc,task     ] GC(240) Using 6 workers of 6 for evacuation
[2024-07-02T16:04:03.105-0400][gc,phases   ] GC(240)   Pre Evacuate Collection Set: 0,6ms
[2024-07-02T16:04:03.105-0400][gc,phases   ] GC(240)   Merge Heap Roots: 0,4ms
[2024-07-02T16:04:03.105-0400][gc,phases   ] GC(240)   Evacuate Collection Set: 4,0ms
[2024-07-02T16:04:03.105-0400][gc,phases   ] GC(240)   Post Evacuate Collection Set: 1,5ms
[2024-07-02T16:04:03.105-0400][gc,phases   ] GC(240)   Other: 1,0ms
[2024-07-02T16:04:03.105-0400][gc,heap     ] GC(240) Eden regions: 48->0(48)
[2024-07-02T16:04:03.105-0400][gc,heap     ] GC(240) Survivor regions: 3->3(7)
[2024-07-02T16:04:03.105-0400][gc,heap     ] GC(240) Old regions: 66->66
[2024-07-02T16:04:03.105-0400][gc,heap     ] GC(240) Humongous regions: 129->129
[2024-07-02T16:04:03.105-0400][gc,metaspace] GC(240) Metaspace: 47346K(48064K)->47346K(48064K) NonClass: 41895K(42304K)->41895K(42304K) Class: 5450K(5760K)->5450K(5760K)
[2024-07-02T16:04:03.105-0400][gc          ] GC(240) Pause Young (Normal) (G1 Evacuation Pause) 244M->197M(1024M) 7,647ms
[2024-07-02T16:04:03.105-0400][gc,cpu      ] GC(240) User=0,01s Sys=0,00s Real=0,00s
[2024-07-02T16:13:09.308-0400][gc,start    ] GC(241) Pause Young (Normal) (G1 Evacuation Pause)
[2024-07-02T16:13:09.308-0400][gc,task     ] GC(241) Using 6 workers of 6 for evacuation
[2024-07-02T16:13:09.319-0400][gc,phases   ] GC(241)   Pre Evacuate Collection Set: 0,5ms
[2024-07-02T16:13:09.319-0400][gc,phases   ] GC(241)   Merge Heap Roots: 0,1ms
[2024-07-02T16:13:09.319-0400][gc,phases   ] GC(241)   Evacuate Collection Set: 9,3ms
[2024-07-02T16:13:09.319-0400][gc,phases   ] GC(241)   Post Evacuate Collection Set: 1,6ms
[2024-07-02T16:13:09.319-0400][gc,phases   ] GC(241)   Other: 0,1ms
[2024-07-02T16:13:09.319-0400][gc,heap     ] GC(241) Eden regions: 48->0(48)
[2024-07-02T16:13:09.319-0400][gc,heap     ] GC(241) Survivor regions: 3->3(7)
[2024-07-02T16:13:09.319-0400][gc,heap     ] GC(241) Old regions: 66->66
[2024-07-02T16:13:09.319-0400][gc,heap     ] GC(241) Humongous regions: 129->129
[2024-07-02T16:13:09.319-0400][gc,metaspace] GC(241) Metaspace: 47346K(48064K)->47346K(48064K) NonClass: 41895K(42304K)->41895K(42304K) Class: 5450K(5760K)->5450K(5760K)
[2024-07-02T16:13:09.320-0400][gc          ] GC(241) Pause Young (Normal) (G1 Evacuation Pause) 245M->197M(1024M) 11,881ms
[2024-07-02T16:13:09.320-0400][gc,cpu      ] GC(241) User=0,02s Sys=0,00s Real=0,01s
[2024-07-02T16:22:16.990-0400][gc,start    ] GC(242) Pause Young (Normal) (G1 Evacuation Pause)
[2024-07-02T16:22:16.990-0400][gc,task     ] GC(242) Using 6 workers of 6 for evacuation
[2024-07-02T16:22:17.000-0400][gc,phases   ] GC(242)   Pre Evacuate Collection Set: 0,5ms
[2024-07-02T16:22:17.000-0400][gc,phases   ] GC(242)   Merge Heap Roots: 0,5ms
[2024-07-02T16:22:17.000-0400][gc,phases   ] GC(242)   Evacuate Collection Set: 7,0ms
[2024-07-02T16:22:17.000-0400][gc,phases   ] GC(242)   Post Evacuate Collection Set: 1,7ms
[2024-07-02T16:22:17.000-0400][gc,phases   ] GC(242)   Other: 0,1ms
[2024-07-02T16:22:17.000-0400][gc,heap     ] GC(242) Eden regions: 48->0(56)
[2024-07-02T16:22:17.000-0400][gc,heap     ] GC(242) Survivor regions: 3->3(7)
[2024-07-02T16:22:17.000-0400][gc,heap     ] GC(242) Old regions: 66->66
[2024-07-02T16:22:17.000-0400][gc,heap     ] GC(242) Humongous regions: 129->129
[2024-07-02T16:22:17.000-0400][gc,metaspace] GC(242) Metaspace: 47346K(48064K)->47346K(48064K) NonClass: 41895K(42304K)->41895K(42304K) Class: 5450K(5760K)->5450K(5760K)
[2024-07-02T16:22:17.000-0400][gc          ] GC(242) Pause Young (Normal) (G1 Evacuation Pause) 245M->197M(1024M) 10,124ms
[2024-07-02T16:22:17.000-0400][gc,cpu      ] GC(242) User=0,03s Sys=0,00s Real=0,01s
[2024-07-02T16:34:16.184-0400][gc,start    ] GC(243) Pause Young (Normal) (G1 Evacuation Pause)
[2024-07-02T16:34:16.184-0400][gc,task     ] GC(243) Using 6 workers of 6 for evacuation
[2024-07-02T16:34:16.868-0400][gc,mmu      ] GC(243) MMU target violated: 21,0ms (20,0ms/21,0ms)
[2024-07-02T16:34:16.868-0400][gc,phases   ] GC(243)   Pre Evacuate Collection Set: 3,2ms
[2024-07-02T16:34:16.868-0400][gc,phases   ] GC(243)   Merge Heap Roots: 3,0ms
[2024-07-02T16:34:16.868-0400][gc,phases   ] GC(243)   Evacuate Collection Set: 671,6ms
[2024-07-02T16:34:16.868-0400][gc,phases   ] GC(243)   Post Evacuate Collection Set: 5,3ms
[2024-07-02T16:34:16.868-0400][gc,phases   ] GC(243)   Other: 0,8ms
[2024-07-02T16:34:16.868-0400][gc,heap     ] GC(243) Eden regions: 63->0(147)
[2024-07-02T16:34:16.868-0400][gc,heap     ] GC(243) Survivor regions: 3->3(9)
[2024-07-02T16:34:16.868-0400][gc,heap     ] GC(243) Old regions: 66->66
[2024-07-02T16:34:16.868-0400][gc,heap     ] GC(243) Humongous regions: 129->129
[2024-07-02T16:34:16.868-0400][gc,metaspace] GC(243) Metaspace: 47346K(48064K)->47346K(48064K) NonClass: 41895K(42304K)->41895K(42304K) Class: 5450K(5760K)->5450K(5760K)
[2024-07-02T16:34:16.868-0400][gc          ] GC(243) Pause Young (Normal) (G1 Evacuation Pause) 260M->197M(1024M) 683,998ms
[2024-07-02T16:34:16.868-0400][gc,cpu      ] GC(243) User=0,76s Sys=0,37s Real=0,69s
[2024-07-02T17:02:57.189-0400][gc,start    ] GC(244) Pause Young (Normal) (G1 Evacuation Pause)
[2024-07-02T17:02:57.189-0400][gc,task     ] GC(244) Using 6 workers of 6 for evacuation
[2024-07-02T17:02:57.212-0400][gc,mmu      ] GC(244) MMU target violated: 21,0ms (20,0ms/21,0ms)
[2024-07-02T17:02:57.213-0400][gc,phases   ] GC(244)   Pre Evacuate Collection Set: 1,2ms
[2024-07-02T17:02:57.213-0400][gc,phases   ] GC(244)   Merge Heap Roots: 0,5ms
[2024-07-02T17:02:57.213-0400][gc,phases   ] GC(244)   Evacuate Collection Set: 13,5ms
[2024-07-02T17:02:57.213-0400][gc,phases   ] GC(244)   Post Evacuate Collection Set: 7,2ms
[2024-07-02T17:02:57.213-0400][gc,phases   ] GC(244)   Other: 0,9ms
[2024-07-02T17:02:57.213-0400][gc,heap     ] GC(244) Eden regions: 152->0(384)
[2024-07-02T17:02:57.213-0400][gc,heap     ] GC(244) Survivor regions: 3->3(20)
[2024-07-02T17:02:57.213-0400][gc,heap     ] GC(244) Old regions: 66->66
[2024-07-02T17:02:57.213-0400][gc,heap     ] GC(244) Humongous regions: 129->129
[2024-07-02T17:02:57.213-0400][gc,metaspace] GC(244) Metaspace: 47346K(48064K)->47346K(48064K) NonClass: 41895K(42304K)->41895K(42304K) Class: 5450K(5760K)->5450K(5760K)
[2024-07-02T17:02:57.213-0400][gc          ] GC(244) Pause Young (Normal) (G1 Evacuation Pause) 349M->197M(1024M) 23,423ms
[2024-07-02T17:02:57.213-0400][gc,cpu      ] GC(244) User=0,02s Sys=0,02s Real=0,02s
[2024-07-02T18:17:51.432-0400][gc,start    ] GC(245) Pause Young (Normal) (G1 Evacuation Pause)
[2024-07-02T18:17:51.432-0400][gc,task     ] GC(245) Using 6 workers of 6 for evacuation
[2024-07-02T18:17:51.472-0400][gc,mmu      ] GC(245) MMU target violated: 21,0ms (20,0ms/21,0ms)
[2024-07-02T18:17:51.472-0400][gc,phases   ] GC(245)   Pre Evacuate Collection Set: 0,7ms
[2024-07-02T18:17:51.472-0400][gc,phases   ] GC(245)   Merge Heap Roots: 0,3ms
[2024-07-02T18:17:51.472-0400][gc,phases   ] GC(245)   Evacuate Collection Set: 36,3ms
[2024-07-02T18:17:51.472-0400][gc,phases   ] GC(245)   Post Evacuate Collection Set: 2,4ms
[2024-07-02T18:17:51.472-0400][gc,phases   ] GC(245)   Other: 0,3ms
[2024-07-02T18:17:51.472-0400][gc,heap     ] GC(245) Eden regions: 391->0(48)
[2024-07-02T18:17:51.472-0400][gc,heap     ] GC(245) Survivor regions: 3->3(50)
[2024-07-02T18:17:51.472-0400][gc,heap     ] GC(245) Old regions: 66->66
[2024-07-02T18:17:51.472-0400][gc,heap     ] GC(245) Humongous regions: 129->129
[2024-07-02T18:17:51.472-0400][gc,metaspace] GC(245) Metaspace: 47356K(48064K)->47356K(48064K) NonClass: 41905K(42304K)->41905K(42304K) Class: 5450K(5760K)->5450K(5760K)
[2024-07-02T18:17:51.472-0400][gc          ] GC(245) Pause Young (Normal) (G1 Evacuation Pause) 588M->196M(1024M) 40,212ms
[2024-07-02T18:17:51.472-0400][gc,cpu      ] GC(245) User=0,10s Sys=0,07s Real=0,04s
[2024-07-02T18:26:50.082-0400][gc,start    ] GC(246) Pause Young (Normal) (G1 Evacuation Pause)
[2024-07-02T18:26:50.082-0400][gc,task     ] GC(246) Using 6 workers of 6 for evacuation
[2024-07-02T18:26:50.106-0400][gc,mmu      ] GC(246) MMU target violated: 21,0ms (20,0ms/21,0ms)
[2024-07-02T18:26:50.106-0400][gc,phases   ] GC(246)   Pre Evacuate Collection Set: 0,8ms
[2024-07-02T18:26:50.106-0400][gc,phases   ] GC(246)   Merge Heap Roots: 2,4ms
[2024-07-02T18:26:50.106-0400][gc,phases   ] GC(246)   Evacuate Collection Set: 9,9ms
[2024-07-02T18:26:50.106-0400][gc,phases   ] GC(246)   Post Evacuate Collection Set: 10,0ms
[2024-07-02T18:26:50.106-0400][gc,phases   ] GC(246)   Other: 0,9ms
[2024-07-02T18:26:50.106-0400][gc,heap     ] GC(246) Eden regions: 48->0(48)
[2024-07-02T18:26:50.106-0400][gc,heap     ] GC(246) Survivor regions: 3->3(7)
[2024-07-02T18:26:50.106-0400][gc,heap     ] GC(246) Old regions: 66->66
[2024-07-02T18:26:50.106-0400][gc,heap     ] GC(246) Humongous regions: 129->129
[2024-07-02T18:26:50.106-0400][gc,metaspace] GC(246) Metaspace: 47356K(48064K)->47356K(48064K) NonClass: 41905K(42304K)->41905K(42304K) Class: 5450K(5760K)->5450K(5760K)
[2024-07-02T18:26:50.106-0400][gc          ] GC(246) Pause Young (Normal) (G1 Evacuation Pause) 244M->196M(1024M) 24,194ms
[2024-07-02T18:26:50.106-0400][gc,cpu      ] GC(246) User=0,02s Sys=0,01s Real=0,03s
[2024-07-02T18:35:56.377-0400][gc,start    ] GC(247) Pause Young (Normal) (G1 Evacuation Pause)
[2024-07-02T18:35:56.378-0400][gc,task     ] GC(247) Using 6 workers of 6 for evacuation
[2024-07-02T18:35:56.394-0400][gc,phases   ] GC(247)   Pre Evacuate Collection Set: 1,2ms
[2024-07-02T18:35:56.394-0400][gc,phases   ] GC(247)   Merge Heap Roots: 0,3ms
[2024-07-02T18:35:56.394-0400][gc,phases   ] GC(247)   Evacuate Collection Set: 13,6ms
[2024-07-02T18:35:56.394-0400][gc,phases   ] GC(247)   Post Evacuate Collection Set: 1,3ms
[2024-07-02T18:35:56.394-0400][gc,phases   ] GC(247)   Other: 0,1ms
[2024-07-02T18:35:56.394-0400][gc,heap     ] GC(247) Eden regions: 48->0(48)
[2024-07-02T18:35:56.394-0400][gc,heap     ] GC(247) Survivor regions: 3->3(7)
[2024-07-02T18:35:56.394-0400][gc,heap     ] GC(247) Old regions: 66->66
[2024-07-02T18:35:56.394-0400][gc,heap     ] GC(247) Humongous regions: 129->129
[2024-07-02T18:35:56.394-0400][gc,metaspace] GC(247) Metaspace: 47356K(48064K)->47356K(48064K) NonClass: 41905K(42304K)->41905K(42304K) Class: 5450K(5760K)->5450K(5760K)
[2024-07-02T18:35:56.394-0400][gc          ] GC(247) Pause Young (Normal) (G1 Evacuation Pause) 244M->197M(1024M) 16,767ms
[2024-07-02T18:35:56.394-0400][gc,cpu      ] GC(247) User=0,02s Sys=0,01s Real=0,01s
[2024-07-02T18:44:40.087-0400][gc,start    ] GC(248) Pause Young (Normal) (G1 Evacuation Pause)
[2024-07-02T18:44:40.087-0400][gc,task     ] GC(248) Using 6 workers of 6 for evacuation
[2024-07-02T18:44:40.098-0400][gc,phases   ] GC(248)   Pre Evacuate Collection Set: 0,7ms
[2024-07-02T18:44:40.098-0400][gc,phases   ] GC(248)   Merge Heap Roots: 0,3ms
[2024-07-02T18:44:40.098-0400][gc,phases   ] GC(248)   Evacuate Collection Set: 6,7ms
[2024-07-02T18:44:40.098-0400][gc,phases   ] GC(248)   Post Evacuate Collection Set: 2,8ms
[2024-07-02T18:44:40.098-0400][gc,phases   ] GC(248)   Other: 0,1ms
[2024-07-02T18:44:40.098-0400][gc,heap     ] GC(248) Eden regions: 48->0(67)
[2024-07-02T18:44:40.098-0400][gc,heap     ] GC(248) Survivor regions: 3->3(7)
[2024-07-02T18:44:40.098-0400][gc,heap     ] GC(248) Old regions: 66->66
[2024-07-02T18:44:40.098-0400][gc,heap     ] GC(248) Humongous regions: 129->129
[2024-07-02T18:44:40.098-0400][gc,metaspace] GC(248) Metaspace: 47356K(48064K)->47356K(48064K) NonClass: 41905K(42304K)->41905K(42304K) Class: 5450K(5760K)->5450K(5760K)
[2024-07-02T18:44:40.098-0400][gc          ] GC(248) Pause Young (Normal) (G1 Evacuation Pause) 245M->197M(1024M) 10,636ms
[2024-07-02T18:44:40.098-0400][gc,cpu      ] GC(248) User=0,02s Sys=0,01s Real=0,01s
[2024-07-02T18:57:47.511-0400][gc,start    ] GC(249) Pause Young (Normal) (G1 Evacuation Pause)
[2024-07-02T18:57:47.511-0400][gc,task     ] GC(249) Using 6 workers of 6 for evacuation
[2024-07-02T18:57:47.522-0400][gc,phases   ] GC(249)   Pre Evacuate Collection Set: 0,6ms
[2024-07-02T18:57:47.522-0400][gc,phases   ] GC(249)   Merge Heap Roots: 0,2ms
[2024-07-02T18:57:47.522-0400][gc,phases   ] GC(249)   Evacuate Collection Set: 8,1ms
[2024-07-02T18:57:47.522-0400][gc,phases   ] GC(249)   Post Evacuate Collection Set: 1,3ms
[2024-07-02T18:57:47.522-0400][gc,phases   ] GC(249)   Other: 0,1ms
[2024-07-02T18:57:47.522-0400][gc,heap     ] GC(249) Eden regions: 69->0(437)
[2024-07-02T18:57:47.522-0400][gc,heap     ] GC(249) Survivor regions: 3->3(9)
[2024-07-02T18:57:47.522-0400][gc,heap     ] GC(249) Old regions: 66->66
[2024-07-02T18:57:47.522-0400][gc,heap     ] GC(249) Humongous regions: 129->129
[2024-07-02T18:57:47.522-0400][gc,metaspace] GC(249) Metaspace: 47356K(48064K)->47356K(48064K) NonClass: 41905K(42304K)->41905K(42304K) Class: 5450K(5760K)->5450K(5760K)
[2024-07-02T18:57:47.522-0400][gc          ] GC(249) Pause Young (Normal) (G1 Evacuation Pause) 266M->197M(1024M) 10,517ms
[2024-07-02T18:57:47.522-0400][gc,cpu      ] GC(249) User=0,03s Sys=0,00s Real=0,01s
[2024-07-15T18:25:54.432-0400][gc,start    ] GC(250) Pause Young (Normal) (G1 Evacuation Pause)
[2024-07-15T18:25:54.445-0400][gc,task     ] GC(250) Using 6 workers of 6 for evacuation
[2024-07-15T18:25:54.732-0400][gc,mmu      ] GC(250) MMU target violated: 21,0ms (20,0ms/21,0ms)
[2024-07-15T18:25:54.733-0400][gc,phases   ] GC(250)   Pre Evacuate Collection Set: 8,4ms
[2024-07-15T18:25:54.733-0400][gc,phases   ] GC(250)   Merge Heap Roots: 1,7ms
[2024-07-15T18:25:54.733-0400][gc,phases   ] GC(250)   Evacuate Collection Set: 226,1ms
[2024-07-15T18:25:54.733-0400][gc,phases   ] GC(250)   Post Evacuate Collection Set: 50,3ms
[2024-07-15T18:25:54.733-0400][gc,phases   ] GC(250)   Other: 6,9ms
[2024-07-15T18:25:54.734-0400][gc,heap     ] GC(250) Eden regions: 431->0(48)
[2024-07-15T18:25:54.734-0400][gc,heap     ] GC(250) Survivor regions: 3->3(55)
[2024-07-15T18:25:54.734-0400][gc,heap     ] GC(250) Old regions: 66->66
[2024-07-15T18:25:54.734-0400][gc,heap     ] GC(250) Humongous regions: 129->129
[2024-07-15T18:25:54.735-0400][gc,metaspace] GC(250) Metaspace: 47738K(48448K)->47738K(48448K) NonClass: 42208K(42624K)->42208K(42624K) Class: 5530K(5824K)->5530K(5824K)
[2024-07-15T18:25:54.740-0400][gc          ] GC(250) Pause Young (Normal) (G1 Evacuation Pause) 628M->196M(1024M) 302,911ms
[2024-07-15T18:25:54.740-0400][gc,cpu      ] GC(250) User=0,15s Sys=0,10s Real=0,31s
[2024-07-15T18:35:10.032-0400][gc,start    ] GC(251) Pause Young (Normal) (G1 Evacuation Pause)
[2024-07-15T18:35:10.033-0400][gc,task     ] GC(251) Using 6 workers of 6 for evacuation
[2024-07-15T18:35:10.087-0400][gc,mmu      ] GC(251) MMU target violated: 21,0ms (20,0ms/21,0ms)
[2024-07-15T18:35:10.088-0400][gc,phases   ] GC(251)   Pre Evacuate Collection Set: 2,7ms
[2024-07-15T18:35:10.088-0400][gc,phases   ] GC(251)   Merge Heap Roots: 0,2ms
[2024-07-15T18:35:10.088-0400][gc,phases   ] GC(251)   Evacuate Collection Set: 48,9ms
[2024-07-15T18:35:10.088-0400][gc,phases   ] GC(251)   Post Evacuate Collection Set: 2,2ms
[2024-07-15T18:35:10.088-0400][gc,phases   ] GC(251)   Other: 1,4ms
[2024-07-15T18:35:10.088-0400][gc,heap     ] GC(251) Eden regions: 48->0(48)
[2024-07-15T18:35:10.088-0400][gc,heap     ] GC(251) Survivor regions: 3->3(7)
[2024-07-15T18:35:10.088-0400][gc,heap     ] GC(251) Old regions: 66->66
[2024-07-15T18:35:10.088-0400][gc,heap     ] GC(251) Humongous regions: 129->129
[2024-07-15T18:35:10.088-0400][gc,metaspace] GC(251) Metaspace: 47738K(48448K)->47738K(48448K) NonClass: 42208K(42624K)->42208K(42624K) Class: 5530K(5824K)->5530K(5824K)
[2024-07-15T18:35:10.088-0400][gc          ] GC(251) Pause Young (Normal) (G1 Evacuation Pause) 244M->197M(1024M) 55,754ms
[2024-07-15T18:35:10.088-0400][gc,cpu      ] GC(251) User=0,03s Sys=0,04s Real=0,05s
[2024-07-16T10:30:48.840-0400][gc,start    ] GC(252) Pause Young (Normal) (G1 Evacuation Pause)
[2024-07-16T10:30:48.845-0400][gc,task     ] GC(252) Using 6 workers of 6 for evacuation
[2024-07-16T10:30:48.862-0400][gc,phases   ] GC(252)   Pre Evacuate Collection Set: 5,6ms
[2024-07-16T10:30:48.862-0400][gc,phases   ] GC(252)   Merge Heap Roots: 0,2ms
[2024-07-16T10:30:48.862-0400][gc,phases   ] GC(252)   Evacuate Collection Set: 8,8ms
[2024-07-16T10:30:48.862-0400][gc,phases   ] GC(252)   Post Evacuate Collection Set: 2,2ms
[2024-07-16T10:30:48.862-0400][gc,phases   ] GC(252)   Other: 0,8ms
[2024-07-16T10:30:48.863-0400][gc,heap     ] GC(252) Eden regions: 48->0(49)
[2024-07-16T10:30:48.863-0400][gc,heap     ] GC(252) Survivor regions: 3->2(7)
[2024-07-16T10:30:48.863-0400][gc,heap     ] GC(252) Old regions: 66->66
[2024-07-16T10:30:48.863-0400][gc,heap     ] GC(252) Humongous regions: 129->129
[2024-07-16T10:30:48.863-0400][gc,metaspace] GC(252) Metaspace: 47743K(48448K)->47743K(48448K) NonClass: 42213K(42624K)->42213K(42624K) Class: 5530K(5824K)->5530K(5824K)
[2024-07-16T10:30:48.863-0400][gc          ] GC(252) Pause Young (Normal) (G1 Evacuation Pause) 245M->196M(1024M) 23,231ms
[2024-07-16T10:30:48.863-0400][gc,cpu      ] GC(252) User=0,02s Sys=0,02s Real=0,02s
[2024-07-16T10:40:10.713-0400][gc,start    ] GC(253) Pause Young (Normal) (G1 Evacuation Pause)
[2024-07-16T10:40:10.713-0400][gc,task     ] GC(253) Using 6 workers of 6 for evacuation
[2024-07-16T10:40:10.725-0400][gc,phases   ] GC(253)   Pre Evacuate Collection Set: 1,3ms
[2024-07-16T10:40:10.725-0400][gc,phases   ] GC(253)   Merge Heap Roots: 0,2ms
[2024-07-16T10:40:10.725-0400][gc,phases   ] GC(253)   Evacuate Collection Set: 9,0ms
[2024-07-16T10:40:10.725-0400][gc,phases   ] GC(253)   Post Evacuate Collection Set: 1,5ms
[2024-07-16T10:40:10.725-0400][gc,phases   ] GC(253)   Other: 0,1ms
[2024-07-16T10:40:10.725-0400][gc,heap     ] GC(253) Eden regions: 49->0(48)
[2024-07-16T10:40:10.725-0400][gc,heap     ] GC(253) Survivor regions: 2->3(7)
[2024-07-16T10:40:10.725-0400][gc,heap     ] GC(253) Old regions: 66->66
[2024-07-16T10:40:10.725-0400][gc,heap     ] GC(253) Humongous regions: 129->129
[2024-07-16T10:40:10.725-0400][gc,metaspace] GC(253) Metaspace: 47743K(48448K)->47743K(48448K) NonClass: 42213K(42624K)->42213K(42624K) Class: 5530K(5824K)->5530K(5824K)
[2024-07-16T10:40:10.725-0400][gc          ] GC(253) Pause Young (Normal) (G1 Evacuation Pause) 245M->197M(1024M) 12,195ms
[2024-07-16T10:40:10.725-0400][gc,cpu      ] GC(253) User=0,03s Sys=0,00s Real=0,02s
[2024-07-16T10:49:17.117-0400][gc,start    ] GC(254) Pause Young (Normal) (G1 Evacuation Pause)
[2024-07-16T10:49:17.117-0400][gc,task     ] GC(254) Using 6 workers of 6 for evacuation
[2024-07-16T10:49:17.132-0400][gc,phases   ] GC(254)   Pre Evacuate Collection Set: 2,7ms
[2024-07-16T10:49:17.133-0400][gc,phases   ] GC(254)   Merge Heap Roots: 0,3ms
[2024-07-16T10:49:17.133-0400][gc,phases   ] GC(254)   Evacuate Collection Set: 11,2ms
[2024-07-16T10:49:17.133-0400][gc,phases   ] GC(254)   Post Evacuate Collection Set: 1,4ms
[2024-07-16T10:49:17.133-0400][gc,phases   ] GC(254)   Other: 0,1ms
[2024-07-16T10:49:17.133-0400][gc,heap     ] GC(254) Eden regions: 48->0(49)
[2024-07-16T10:49:17.133-0400][gc,heap     ] GC(254) Survivor regions: 3->2(7)
[2024-07-16T10:49:17.133-0400][gc,heap     ] GC(254) Old regions: 66->66
[2024-07-16T10:49:17.133-0400][gc,heap     ] GC(254) Humongous regions: 129->129
[2024-07-16T10:49:17.133-0400][gc,metaspace] GC(254) Metaspace: 47745K(48448K)->47745K(48448K) NonClass: 42214K(42624K)->42214K(42624K) Class: 5530K(5824K)->5530K(5824K)
[2024-07-16T10:49:17.133-0400][gc          ] GC(254) Pause Young (Normal) (G1 Evacuation Pause) 245M->196M(1024M) 16,184ms
[2024-07-16T10:49:17.133-0400][gc,cpu      ] GC(254) User=0,01s Sys=0,02s Real=0,01s
[2024-07-16T10:58:34.941-0400][gc,start    ] GC(255) Pause Young (Normal) (G1 Evacuation Pause)
[2024-07-16T10:58:34.941-0400][gc,task     ] GC(255) Using 6 workers of 6 for evacuation
[2024-07-16T10:58:34.948-0400][gc,phases   ] GC(255)   Pre Evacuate Collection Set: 0,7ms
[2024-07-16T10:58:34.948-0400][gc,phases   ] GC(255)   Merge Heap Roots: 0,3ms
[2024-07-16T10:58:34.948-0400][gc,phases   ] GC(255)   Evacuate Collection Set: 4,0ms
[2024-07-16T10:58:34.948-0400][gc,phases   ] GC(255)   Post Evacuate Collection Set: 2,0ms
[2024-07-16T10:58:34.948-0400][gc,phases   ] GC(255)   Other: 0,1ms
[2024-07-16T10:58:34.948-0400][gc,heap     ] GC(255) Eden regions: 49->0(48)
[2024-07-16T10:58:34.948-0400][gc,heap     ] GC(255) Survivor regions: 2->3(7)
[2024-07-16T10:58:34.948-0400][gc,heap     ] GC(255) Old regions: 66->66
[2024-07-16T10:58:34.948-0400][gc,heap     ] GC(255) Humongous regions: 129->129
[2024-07-16T10:58:34.948-0400][gc,metaspace] GC(255) Metaspace: 47747K(48448K)->47747K(48448K) NonClass: 42216K(42624K)->42216K(42624K) Class: 5530K(5824K)->5530K(5824K)
[2024-07-16T10:58:34.948-0400][gc          ] GC(255) Pause Young (Normal) (G1 Evacuation Pause) 245M->196M(1024M) 7,334ms
[2024-07-16T10:58:34.948-0400][gc,cpu      ] GC(255) User=0,02s Sys=0,00s Real=0,01s
[2024-07-16T11:07:40.886-0400][gc,start    ] GC(256) Pause Young (Normal) (G1 Evacuation Pause)
[2024-07-16T11:07:40.886-0400][gc,task     ] GC(256) Using 6 workers of 6 for evacuation
[2024-07-16T11:07:40.895-0400][gc,phases   ] GC(256)   Pre Evacuate Collection Set: 1,0ms
[2024-07-16T11:07:40.895-0400][gc,phases   ] GC(256)   Merge Heap Roots: 2,0ms
[2024-07-16T11:07:40.895-0400][gc,phases   ] GC(256)   Evacuate Collection Set: 5,3ms
[2024-07-16T11:07:40.895-0400][gc,phases   ] GC(256)   Post Evacuate Collection Set: 0,7ms
[2024-07-16T11:07:40.895-0400][gc,phases   ] GC(256)   Other: 0,1ms
[2024-07-16T11:07:40.895-0400][gc,heap     ] GC(256) Eden regions: 48->0(48)
[2024-07-16T11:07:40.895-0400][gc,heap     ] GC(256) Survivor regions: 3->3(7)
[2024-07-16T11:07:40.895-0400][gc,heap     ] GC(256) Old regions: 66->66
[2024-07-16T11:07:40.895-0400][gc,heap     ] GC(256) Humongous regions: 129->129
[2024-07-16T11:07:40.895-0400][gc,metaspace] GC(256) Metaspace: 47750K(48448K)->47750K(48448K) NonClass: 42219K(42624K)->42219K(42624K) Class: 5530K(5824K)->5530K(5824K)
[2024-07-16T11:07:40.895-0400][gc          ] GC(256) Pause Young (Normal) (G1 Evacuation Pause) 244M->197M(1024M) 9,335ms
[2024-07-16T11:07:40.895-0400][gc,cpu      ] GC(256) User=0,01s Sys=0,00s Real=0,01s
[2024-07-16T11:16:47.492-0400][gc,start    ] GC(257) Pause Young (Normal) (G1 Evacuation Pause)
[2024-07-16T11:16:47.492-0400][gc,task     ] GC(257) Using 6 workers of 6 for evacuation
[2024-07-16T11:16:47.501-0400][gc,phases   ] GC(257)   Pre Evacuate Collection Set: 1,0ms
[2024-07-16T11:16:47.501-0400][gc,phases   ] GC(257)   Merge Heap Roots: 0,8ms
[2024-07-16T11:16:47.501-0400][gc,phases   ] GC(257)   Evacuate Collection Set: 4,5ms
[2024-07-16T11:16:47.501-0400][gc,phases   ] GC(257)   Post Evacuate Collection Set: 2,8ms
[2024-07-16T11:16:47.501-0400][gc,phases   ] GC(257)   Other: 0,1ms
[2024-07-16T11:16:47.501-0400][gc,heap     ] GC(257) Eden regions: 48->0(48)
[2024-07-16T11:16:47.501-0400][gc,heap     ] GC(257) Survivor regions: 3->3(7)
[2024-07-16T11:16:47.501-0400][gc,heap     ] GC(257) Old regions: 66->66
[2024-07-16T11:16:47.501-0400][gc,heap     ] GC(257) Humongous regions: 129->129
[2024-07-16T11:16:47.501-0400][gc,metaspace] GC(257) Metaspace: 47750K(48448K)->47750K(48448K) NonClass: 42219K(42624K)->42219K(42624K) Class: 5530K(5824K)->5530K(5824K)
[2024-07-16T11:16:47.501-0400][gc          ] GC(257) Pause Young (Normal) (G1 Evacuation Pause) 245M->197M(1024M) 9,360ms
[2024-07-16T11:16:47.501-0400][gc,cpu      ] GC(257) User=0,00s Sys=0,01s Real=0,01s
[2024-07-16T11:25:53.932-0400][gc,start    ] GC(258) Pause Young (Normal) (G1 Evacuation Pause)
[2024-07-16T11:25:53.932-0400][gc,task     ] GC(258) Using 6 workers of 6 for evacuation
[2024-07-16T11:25:53.944-0400][gc,phases   ] GC(258)   Pre Evacuate Collection Set: 1,2ms
[2024-07-16T11:25:53.944-0400][gc,phases   ] GC(258)   Merge Heap Roots: 0,5ms
[2024-07-16T11:25:53.944-0400][gc,phases   ] GC(258)   Evacuate Collection Set: 8,8ms
[2024-07-16T11:25:53.944-0400][gc,phases   ] GC(258)   Post Evacuate Collection Set: 1,4ms
[2024-07-16T11:25:53.944-0400][gc,phases   ] GC(258)   Other: 0,1ms
[2024-07-16T11:25:53.944-0400][gc,heap     ] GC(258) Eden regions: 48->0(48)
[2024-07-16T11:25:53.944-0400][gc,heap     ] GC(258) Survivor regions: 3->3(7)
[2024-07-16T11:25:53.944-0400][gc,heap     ] GC(258) Old regions: 66->66
[2024-07-16T11:25:53.944-0400][gc,heap     ] GC(258) Humongous regions: 129->129
[2024-07-16T11:25:53.944-0400][gc,metaspace] GC(258) Metaspace: 47750K(48448K)->47750K(48448K) NonClass: 42219K(42624K)->42219K(42624K) Class: 5530K(5824K)->5530K(5824K)
[2024-07-16T11:25:53.944-0400][gc          ] GC(258) Pause Young (Normal) (G1 Evacuation Pause) 245M->197M(1024M) 12,143ms
[2024-07-16T11:25:53.944-0400][gc,cpu      ] GC(258) User=0,02s Sys=0,01s Real=0,01s
[2024-07-16T11:34:37.064-0400][gc,start    ] GC(259) Pause Young (Normal) (G1 Evacuation Pause)
[2024-07-16T11:34:37.064-0400][gc,task     ] GC(259) Using 6 workers of 6 for evacuation
[2024-07-16T11:34:37.076-0400][gc,phases   ] GC(259)   Pre Evacuate Collection Set: 0,8ms
[2024-07-16T11:34:37.076-0400][gc,phases   ] GC(259)   Merge Heap Roots: 0,2ms
[2024-07-16T11:34:37.076-0400][gc,phases   ] GC(259)   Evacuate Collection Set: 9,5ms
[2024-07-16T11:34:37.076-0400][gc,phases   ] GC(259)   Post Evacuate Collection Set: 1,1ms
[2024-07-16T11:34:37.076-0400][gc,phases   ] GC(259)   Other: 0,3ms
[2024-07-16T11:34:37.076-0400][gc,heap     ] GC(259) Eden regions: 48->0(47)
[2024-07-16T11:34:37.076-0400][gc,heap     ] GC(259) Survivor regions: 3->4(7)
[2024-07-16T11:34:37.076-0400][gc,heap     ] GC(259) Old regions: 66->66
[2024-07-16T11:34:37.076-0400][gc,heap     ] GC(259) Humongous regions: 129->129
[2024-07-16T11:34:37.076-0400][gc,metaspace] GC(259) Metaspace: 47752K(48448K)->47752K(48448K) NonClass: 42221K(42624K)->42221K(42624K) Class: 5530K(5824K)->5530K(5824K)
[2024-07-16T11:34:37.076-0400][gc          ] GC(259) Pause Young (Normal) (G1 Evacuation Pause) 245M->197M(1024M) 12,180ms
[2024-07-16T11:34:37.076-0400][gc,cpu      ] GC(259) User=0,03s Sys=0,01s Real=0,02s
[2024-07-16T11:43:30.758-0400][gc,start    ] GC(260) Pause Young (Normal) (G1 Evacuation Pause)
[2024-07-16T11:43:30.758-0400][gc,task     ] GC(260) Using 6 workers of 6 for evacuation
[2024-07-16T11:43:30.768-0400][gc,phases   ] GC(260)   Pre Evacuate Collection Set: 1,4ms
[2024-07-16T11:43:30.768-0400][gc,phases   ] GC(260)   Merge Heap Roots: 1,2ms
[2024-07-16T11:43:30.768-0400][gc,phases   ] GC(260)   Evacuate Collection Set: 3,6ms
[2024-07-16T11:43:30.768-0400][gc,phases   ] GC(260)   Post Evacuate Collection Set: 3,5ms
[2024-07-16T11:43:30.768-0400][gc,phases   ] GC(260)   Other: 0,1ms
[2024-07-16T11:43:30.768-0400][gc,heap     ] GC(260) Eden regions: 47->0(411)
[2024-07-16T11:43:30.768-0400][gc,heap     ] GC(260) Survivor regions: 4->2(7)
[2024-07-16T11:43:30.768-0400][gc,heap     ] GC(260) Old regions: 66->66
[2024-07-16T11:43:30.768-0400][gc,heap     ] GC(260) Humongous regions: 129->129
[2024-07-16T11:43:30.768-0400][gc,metaspace] GC(260) Metaspace: 47752K(48448K)->47752K(48448K) NonClass: 42221K(42624K)->42221K(42624K) Class: 5530K(5824K)->5530K(5824K)
[2024-07-16T11:43:30.768-0400][gc          ] GC(260) Pause Young (Normal) (G1 Evacuation Pause) 244M->196M(1024M) 9,963ms
[2024-07-16T11:43:30.768-0400][gc,cpu      ] GC(260) User=0,01s Sys=0,02s Real=0,01s
[2024-07-16T12:59:51.795-0400][gc,start    ] GC(261) Pause Young (Normal) (G1 Evacuation Pause)
[2024-07-16T12:59:51.795-0400][gc,task     ] GC(261) Using 6 workers of 6 for evacuation
[2024-07-16T12:59:51.826-0400][gc,mmu      ] GC(261) MMU target violated: 21,0ms (20,0ms/21,0ms)
[2024-07-16T12:59:51.826-0400][gc,phases   ] GC(261)   Pre Evacuate Collection Set: 0,8ms
[2024-07-16T12:59:51.826-0400][gc,phases   ] GC(261)   Merge Heap Roots: 0,5ms
[2024-07-16T12:59:51.826-0400][gc,phases   ] GC(261)   Evacuate Collection Set: 28,1ms
[2024-07-16T12:59:51.826-0400][gc,phases   ] GC(261)   Post Evacuate Collection Set: 1,7ms
[2024-07-16T12:59:51.826-0400][gc,phases   ] GC(261)   Other: 0,3ms
[2024-07-16T12:59:51.826-0400][gc,heap     ] GC(261) Eden regions: 402->0(49)
[2024-07-16T12:59:51.826-0400][gc,heap     ] GC(261) Survivor regions: 2->2(51)
[2024-07-16T12:59:51.826-0400][gc,heap     ] GC(261) Old regions: 66->66
[2024-07-16T12:59:51.826-0400][gc,heap     ] GC(261) Humongous regions: 129->129
[2024-07-16T12:59:51.826-0400][gc,metaspace] GC(261) Metaspace: 47753K(48448K)->47753K(48448K) NonClass: 42223K(42624K)->42223K(42624K) Class: 5530K(5824K)->5530K(5824K)
[2024-07-16T12:59:51.826-0400][gc          ] GC(261) Pause Young (Normal) (G1 Evacuation Pause) 598M->196M(1024M) 31,528ms
[2024-07-16T12:59:51.826-0400][gc,cpu      ] GC(261) User=0,12s Sys=0,01s Real=0,04s
[2024-07-16T13:08:57.961-0400][gc,start    ] GC(262) Pause Young (Normal) (G1 Evacuation Pause)
[2024-07-16T13:08:57.961-0400][gc,task     ] GC(262) Using 6 workers of 6 for evacuation
[2024-07-16T13:08:57.969-0400][gc,phases   ] GC(262)   Pre Evacuate Collection Set: 0,8ms
[2024-07-16T13:08:57.969-0400][gc,phases   ] GC(262)   Merge Heap Roots: 0,3ms
[2024-07-16T13:08:57.969-0400][gc,phases   ] GC(262)   Evacuate Collection Set: 5,7ms
[2024-07-16T13:08:57.969-0400][gc,phases   ] GC(262)   Post Evacuate Collection Set: 1,3ms
[2024-07-16T13:08:57.969-0400][gc,phases   ] GC(262)   Other: 0,1ms
[2024-07-16T13:08:57.969-0400][gc,heap     ] GC(262) Eden regions: 49->0(48)
[2024-07-16T13:08:57.969-0400][gc,heap     ] GC(262) Survivor regions: 2->3(7)
[2024-07-16T13:08:57.969-0400][gc,heap     ] GC(262) Old regions: 66->66
[2024-07-16T13:08:57.969-0400][gc,heap     ] GC(262) Humongous regions: 129->129
[2024-07-16T13:08:57.969-0400][gc,metaspace] GC(262) Metaspace: 47753K(48448K)->47753K(48448K) NonClass: 42223K(42624K)->42223K(42624K) Class: 5530K(5824K)->5530K(5824K)
[2024-07-16T13:08:57.969-0400][gc          ] GC(262) Pause Young (Normal) (G1 Evacuation Pause) 245M->196M(1024M) 8,370ms
[2024-07-16T13:08:57.969-0400][gc,cpu      ] GC(262) User=0,02s Sys=0,00s Real=0,01s
[2024-07-16T13:18:04.311-0400][gc,start    ] GC(263) Pause Young (Normal) (G1 Evacuation Pause)
[2024-07-16T13:18:04.311-0400][gc,task     ] GC(263) Using 6 workers of 6 for evacuation
[2024-07-16T13:18:04.320-0400][gc,phases   ] GC(263)   Pre Evacuate Collection Set: 1,0ms
[2024-07-16T13:18:04.320-0400][gc,phases   ] GC(263)   Merge Heap Roots: 0,2ms
[2024-07-16T13:18:04.320-0400][gc,phases   ] GC(263)   Evacuate Collection Set: 6,3ms
[2024-07-16T13:18:04.320-0400][gc,phases   ] GC(263)   Post Evacuate Collection Set: 1,3ms
[2024-07-16T13:18:04.320-0400][gc,phases   ] GC(263)   Other: 0,2ms
[2024-07-16T13:18:04.320-0400][gc,heap     ] GC(263) Eden regions: 48->0(497)
[2024-07-16T13:18:04.320-0400][gc,heap     ] GC(263) Survivor regions: 3->3(7)
[2024-07-16T13:18:04.320-0400][gc,heap     ] GC(263) Old regions: 66->66
[2024-07-16T13:18:04.320-0400][gc,heap     ] GC(263) Humongous regions: 129->129
[2024-07-16T13:18:04.320-0400][gc,metaspace] GC(263) Metaspace: 47753K(48448K)->47753K(48448K) NonClass: 42223K(42624K)->42223K(42624K) Class: 5530K(5824K)->5530K(5824K)
[2024-07-16T13:18:04.320-0400][gc          ] GC(263) Pause Young (Normal) (G1 Evacuation Pause) 244M->197M(1024M) 9,266ms
[2024-07-16T13:18:04.320-0400][gc,cpu      ] GC(263) User=0,02s Sys=0,00s Real=0,01s
