[2024-05-30T11:12:58.585-0400][gc,init] CardTable entry size: 512
[2024-05-30T11:12:58.585-0400][gc     ] Using G1
[2024-05-30T11:12:58.597-0400][gc,init] Version: 21.0.3+9-Ubuntu-1ubuntu1 (release)
[2024-05-30T11:12:58.597-0400][gc,init] CPUs: 6 total, 6 available
[2024-05-30T11:12:58.597-0400][gc,init] Memory: 7940M
[2024-05-30T11:12:58.597-0400][gc,init] Large Page Support: Disabled
[2024-05-30T11:12:58.597-0400][gc,init] NUMA Support: Disabled
[2024-05-30T11:12:58.597-0400][gc,init] Compressed Oops: Enabled (32-bit)
[2024-05-30T11:12:58.597-0400][gc,init] Heap Region Size: 1M
[2024-05-30T11:12:58.597-0400][gc,init] Heap Min Capacity: 1G
[2024-05-30T11:12:58.597-0400][gc,init] Heap Initial Capacity: 1G
[2024-05-30T11:12:58.597-0400][gc,init] Heap Max Capacity: 1G
[2024-05-30T11:12:58.597-0400][gc,init] Pre-touch: Disabled
[2024-05-30T11:12:58.597-0400][gc,init] Parallel Workers: 6
[2024-05-30T11:12:58.597-0400][gc,init] Concurrent Workers: 2
[2024-05-30T11:12:58.597-0400][gc,init] Concurrent Refinement Workers: 6
[2024-05-30T11:12:58.597-0400][gc,init] Periodic GC: Disabled
[2024-05-30T11:12:58.605-0400][gc,metaspace] CDS archive(s) mapped at: [0x000074fa6f000000-0x000074fa6fcaa000-0x000074fa6fcaa000), size 13279232, SharedBaseAddress: 0x000074fa6f000000, ArchiveRelocationMode: 1.
[2024-05-30T11:12:58.605-0400][gc,metaspace] Compressed class space mapped at: 0x000074fa70000000-0x000074fab0000000, reserved size: 1073741824
[2024-05-30T11:12:58.605-0400][gc,metaspace] Narrow klass base: 0x000074fa6f000000, Narrow klass shift: 0, Narrow klass range: 0x100000000
[2024-05-30T11:12:59.875-0400][gc,start    ] GC(0) Pause Young (Normal) (G1 Evacuation Pause)
[2024-05-30T11:12:59.877-0400][gc,task     ] GC(0) Using 6 workers of 6 for evacuation
[2024-05-30T11:12:59.885-0400][gc,phases   ] GC(0)   Pre Evacuate Collection Set: 0,4ms
[2024-05-30T11:12:59.885-0400][gc,phases   ] GC(0)   Merge Heap Roots: 0,7ms
[2024-05-30T11:12:59.885-0400][gc,phases   ] GC(0)   Evacuate Collection Set: 4,7ms
[2024-05-30T11:12:59.885-0400][gc,phases   ] GC(0)   Post Evacuate Collection Set: 1,6ms
[2024-05-30T11:12:59.885-0400][gc,phases   ] GC(0)   Other: 2,2ms
[2024-05-30T11:12:59.885-0400][gc,heap     ] GC(0) Eden regions: 51->0(44)
[2024-05-30T11:12:59.885-0400][gc,heap     ] GC(0) Survivor regions: 0->7(7)
[2024-05-30T11:12:59.885-0400][gc,heap     ] GC(0) Old regions: 2->3
[2024-05-30T11:12:59.885-0400][gc,heap     ] GC(0) Humongous regions: 0->0
[2024-05-30T11:12:59.885-0400][gc,metaspace] GC(0) Metaspace: 18691K(18944K)->18691K(18944K) NonClass: 16579K(16704K)->16579K(16704K) Class: 2112K(2240K)->2112K(2240K)
[2024-05-30T11:12:59.885-0400][gc          ] GC(0) Pause Young (Normal) (G1 Evacuation Pause) 52M->8M(1024M) 10,000ms
[2024-05-30T11:12:59.885-0400][gc,cpu      ] GC(0) User=0,01s Sys=0,01s Real=0,02s
[2024-05-30T11:13:00.146-0400][gc,start    ] GC(1) Pause Young (Concurrent Start) (Metadata GC Threshold)
[2024-05-30T11:13:00.146-0400][gc,task     ] GC(1) Using 6 workers of 6 for evacuation
[2024-05-30T11:13:00.161-0400][gc,phases   ] GC(1)   Pre Evacuate Collection Set: 0,6ms
[2024-05-30T11:13:00.161-0400][gc,phases   ] GC(1)   Merge Heap Roots: 0,6ms
[2024-05-30T11:13:00.161-0400][gc,phases   ] GC(1)   Evacuate Collection Set: 11,9ms
[2024-05-30T11:13:00.161-0400][gc,phases   ] GC(1)   Post Evacuate Collection Set: 1,4ms
[2024-05-30T11:13:00.161-0400][gc,phases   ] GC(1)   Other: 0,3ms
[2024-05-30T11:13:00.161-0400][gc,heap     ] GC(1) Eden regions: 10->0(50)
[2024-05-30T11:13:00.161-0400][gc,heap     ] GC(1) Survivor regions: 7->1(7)
[2024-05-30T11:13:00.161-0400][gc,heap     ] GC(1) Old regions: 3->10
[2024-05-30T11:13:00.161-0400][gc,heap     ] GC(1) Humongous regions: 0->0
[2024-05-30T11:13:00.161-0400][gc,metaspace] GC(1) Metaspace: 21303K(21504K)->21303K(21504K) NonClass: 18856K(18944K)->18856K(18944K) Class: 2446K(2560K)->2446K(2560K)
[2024-05-30T11:13:00.161-0400][gc          ] GC(1) Pause Young (Concurrent Start) (Metadata GC Threshold) 18M->9M(1024M) 15,105ms
[2024-05-30T11:13:00.161-0400][gc,cpu      ] GC(1) User=0,02s Sys=0,02s Real=0,01s
[2024-05-30T11:13:00.161-0400][gc          ] GC(2) Concurrent Mark Cycle
[2024-05-30T11:13:00.161-0400][gc,marking  ] GC(2) Concurrent Scan Root Regions
[2024-05-30T11:13:00.164-0400][gc,marking  ] GC(2) Concurrent Scan Root Regions 2,916ms
[2024-05-30T11:13:00.164-0400][gc,marking  ] GC(2) Concurrent Mark
[2024-05-30T11:13:00.164-0400][gc,marking  ] GC(2) Concurrent Mark From Roots
[2024-05-30T11:13:00.164-0400][gc,task     ] GC(2) Using 2 workers of 2 for marking
[2024-05-30T11:13:00.166-0400][gc,marking  ] GC(2) Concurrent Mark From Roots 1,604ms
[2024-05-30T11:13:00.166-0400][gc,marking  ] GC(2) Concurrent Preclean
[2024-05-30T11:13:00.166-0400][gc,marking  ] GC(2) Concurrent Preclean 0,007ms
[2024-05-30T11:13:00.166-0400][gc,start    ] GC(2) Pause Remark
[2024-05-30T11:13:00.172-0400][gc          ] GC(2) Pause Remark 10M->10M(1024M) 6,567ms
[2024-05-30T11:13:00.172-0400][gc,cpu      ] GC(2) User=0,01s Sys=0,00s Real=0,00s
[2024-05-30T11:13:00.173-0400][gc,marking  ] GC(2) Concurrent Mark 8,661ms
[2024-05-30T11:13:00.173-0400][gc,marking  ] GC(2) Concurrent Rebuild Remembered Sets and Scrub Regions
[2024-05-30T11:13:00.178-0400][gc,marking  ] GC(2) Concurrent Rebuild Remembered Sets and Scrub Regions 5,142ms
[2024-05-30T11:13:00.179-0400][gc,start    ] GC(2) Pause Cleanup
[2024-05-30T11:13:00.183-0400][gc          ] GC(2) Pause Cleanup 10M->10M(1024M) 3,771ms
[2024-05-30T11:13:00.183-0400][gc,cpu      ] GC(2) User=0,00s Sys=0,00s Real=0,00s
[2024-05-30T11:13:00.183-0400][gc,marking  ] GC(2) Concurrent Clear Claimed Marks
[2024-05-30T11:13:00.183-0400][gc,marking  ] GC(2) Concurrent Clear Claimed Marks 0,027ms
[2024-05-30T11:13:00.183-0400][gc,marking  ] GC(2) Concurrent Cleanup for Next Mark
[2024-05-30T11:13:00.201-0400][gc,marking  ] GC(2) Concurrent Cleanup for Next Mark 18,217ms
[2024-05-30T11:13:00.201-0400][gc          ] GC(2) Concurrent Mark Cycle 40,263ms
[2024-05-30T11:13:01.685-0400][gc,start    ] GC(3) Pause Young (Prepare Mixed) (G1 Evacuation Pause)
[2024-05-30T11:13:01.685-0400][gc,task     ] GC(3) Using 6 workers of 6 for evacuation
[2024-05-30T11:13:01.699-0400][gc,phases   ] GC(3)   Pre Evacuate Collection Set: 0,6ms
[2024-05-30T11:13:01.699-0400][gc,phases   ] GC(3)   Merge Heap Roots: 0,3ms
[2024-05-30T11:13:01.699-0400][gc,phases   ] GC(3)   Evacuate Collection Set: 9,8ms
[2024-05-30T11:13:01.699-0400][gc,phases   ] GC(3)   Post Evacuate Collection Set: 3,3ms
[2024-05-30T11:13:01.699-0400][gc,phases   ] GC(3)   Other: 0,1ms
[2024-05-30T11:13:01.699-0400][gc,heap     ] GC(3) Eden regions: 50->0(44)
[2024-05-30T11:13:01.699-0400][gc,heap     ] GC(3) Survivor regions: 1->7(7)
[2024-05-30T11:13:01.699-0400][gc,heap     ] GC(3) Old regions: 10->10
[2024-05-30T11:13:01.699-0400][gc,heap     ] GC(3) Humongous regions: 129->129
[2024-05-30T11:13:01.699-0400][gc,metaspace] GC(3) Metaspace: 32062K(32384K)->32062K(32384K) NonClass: 28530K(28736K)->28530K(28736K) Class: 3532K(3648K)->3532K(3648K)
[2024-05-30T11:13:01.699-0400][gc          ] GC(3) Pause Young (Prepare Mixed) (G1 Evacuation Pause) 188M->144M(1024M) 14,196ms
[2024-05-30T11:13:01.699-0400][gc,cpu      ] GC(3) User=0,02s Sys=0,00s Real=0,01s
[2024-05-30T11:13:02.067-0400][gc,start    ] GC(4) Pause Young (Mixed) (Metadata GC Threshold)
[2024-05-30T11:13:02.067-0400][gc,task     ] GC(4) Using 6 workers of 6 for evacuation
[2024-05-30T11:13:02.087-0400][gc,mmu      ] GC(4) MMU target violated: 20,2ms (20,0ms/21,0ms)
[2024-05-30T11:13:02.087-0400][gc,phases   ] GC(4)   Pre Evacuate Collection Set: 3,0ms
[2024-05-30T11:13:02.087-0400][gc,phases   ] GC(4)   Merge Heap Roots: 0,0ms
[2024-05-30T11:13:02.087-0400][gc,phases   ] GC(4)   Evacuate Collection Set: 16,2ms
[2024-05-30T11:13:02.087-0400][gc,phases   ] GC(4)   Post Evacuate Collection Set: 0,9ms
[2024-05-30T11:13:02.087-0400][gc,phases   ] GC(4)   Other: 0,1ms
[2024-05-30T11:13:02.087-0400][gc,heap     ] GC(4) Eden regions: 15->0(49)
[2024-05-30T11:13:02.087-0400][gc,heap     ] GC(4) Survivor regions: 7->2(7)
[2024-05-30T11:13:02.087-0400][gc,heap     ] GC(4) Old regions: 10->15
[2024-05-30T11:13:02.087-0400][gc,heap     ] GC(4) Humongous regions: 129->129
[2024-05-30T11:13:02.087-0400][gc,metaspace] GC(4) Metaspace: 35692K(35968K)->35692K(35968K) NonClass: 31851K(32000K)->31851K(32000K) Class: 3841K(3968K)->3841K(3968K)
[2024-05-30T11:13:02.087-0400][gc          ] GC(4) Pause Young (Mixed) (Metadata GC Threshold) 158M->145M(1024M) 20,415ms
[2024-05-30T11:13:02.087-0400][gc,cpu      ] GC(4) User=0,06s Sys=0,01s Real=0,02s
[2024-05-30T11:13:02.109-0400][gc,start    ] GC(5) Pause Young (Concurrent Start) (Metadata GC Threshold)
[2024-05-30T11:13:02.109-0400][gc,task     ] GC(5) Using 6 workers of 6 for evacuation
[2024-05-30T11:13:02.112-0400][gc,phases   ] GC(5)   Pre Evacuate Collection Set: 0,5ms
[2024-05-30T11:13:02.112-0400][gc,phases   ] GC(5)   Merge Heap Roots: 0,3ms
[2024-05-30T11:13:02.112-0400][gc,phases   ] GC(5)   Evacuate Collection Set: 1,5ms
[2024-05-30T11:13:02.112-0400][gc,phases   ] GC(5)   Post Evacuate Collection Set: 0,9ms
[2024-05-30T11:13:02.112-0400][gc,phases   ] GC(5)   Other: 0,2ms
[2024-05-30T11:13:02.112-0400][gc,heap     ] GC(5) Eden regions: 2->0(49)
[2024-05-30T11:13:02.112-0400][gc,heap     ] GC(5) Survivor regions: 2->2(7)
[2024-05-30T11:13:02.112-0400][gc,heap     ] GC(5) Old regions: 15->15
[2024-05-30T11:13:02.112-0400][gc,heap     ] GC(5) Humongous regions: 129->129
[2024-05-30T11:13:02.112-0400][gc,metaspace] GC(5) Metaspace: 35991K(36288K)->35991K(36288K) NonClass: 32109K(32256K)->32109K(32256K) Class: 3882K(4032K)->3882K(4032K)
[2024-05-30T11:13:02.112-0400][gc          ] GC(5) Pause Young (Concurrent Start) (Metadata GC Threshold) 146M->145M(1024M) 3,716ms
[2024-05-30T11:13:02.112-0400][gc,cpu      ] GC(5) User=0,00s Sys=0,01s Real=0,00s
[2024-05-30T11:13:02.112-0400][gc          ] GC(6) Concurrent Mark Cycle
[2024-05-30T11:13:02.112-0400][gc,marking  ] GC(6) Concurrent Scan Root Regions
[2024-05-30T11:13:02.113-0400][gc,marking  ] GC(6) Concurrent Scan Root Regions 1,016ms
[2024-05-30T11:13:02.113-0400][gc,marking  ] GC(6) Concurrent Mark
[2024-05-30T11:13:02.113-0400][gc,marking  ] GC(6) Concurrent Mark From Roots
[2024-05-30T11:13:02.113-0400][gc,task     ] GC(6) Using 2 workers of 2 for marking
[2024-05-30T11:13:02.127-0400][gc,marking  ] GC(6) Concurrent Mark From Roots 13,472ms
[2024-05-30T11:13:02.127-0400][gc,marking  ] GC(6) Concurrent Preclean
[2024-05-30T11:13:02.127-0400][gc,marking  ] GC(6) Concurrent Preclean 0,052ms
[2024-05-30T11:13:02.130-0400][gc,start    ] GC(6) Pause Remark
[2024-05-30T11:13:02.133-0400][gc          ] GC(6) Pause Remark 145M->145M(1024M) 3,341ms
[2024-05-30T11:13:02.133-0400][gc,cpu      ] GC(6) User=0,01s Sys=0,01s Real=0,00s
[2024-05-30T11:13:02.133-0400][gc,marking  ] GC(6) Concurrent Mark 19,759ms
[2024-05-30T11:13:02.133-0400][gc,marking  ] GC(6) Concurrent Rebuild Remembered Sets and Scrub Regions
[2024-05-30T11:13:02.136-0400][gc,marking  ] GC(6) Concurrent Rebuild Remembered Sets and Scrub Regions 3,033ms
[2024-05-30T11:13:02.136-0400][gc,start    ] GC(6) Pause Cleanup
[2024-05-30T11:13:02.137-0400][gc          ] GC(6) Pause Cleanup 145M->145M(1024M) 0,488ms
[2024-05-30T11:13:02.137-0400][gc,cpu      ] GC(6) User=0,00s Sys=0,00s Real=0,00s
[2024-05-30T11:13:02.137-0400][gc,marking  ] GC(6) Concurrent Clear Claimed Marks
[2024-05-30T11:13:02.137-0400][gc,marking  ] GC(6) Concurrent Clear Claimed Marks 0,031ms
[2024-05-30T11:13:02.137-0400][gc,marking  ] GC(6) Concurrent Cleanup for Next Mark
[2024-05-30T11:13:02.140-0400][gc,marking  ] GC(6) Concurrent Cleanup for Next Mark 3,222ms
[2024-05-30T11:13:02.140-0400][gc          ] GC(6) Concurrent Mark Cycle 28,059ms
[2024-05-30T11:19:29.410-0400][gc,start    ] GC(7) Pause Young (Prepare Mixed) (G1 Evacuation Pause)
[2024-05-30T11:19:29.411-0400][gc,task     ] GC(7) Using 6 workers of 6 for evacuation
[2024-05-30T11:19:29.427-0400][gc,phases   ] GC(7)   Pre Evacuate Collection Set: 0,6ms
[2024-05-30T11:19:29.427-0400][gc,phases   ] GC(7)   Merge Heap Roots: 0,2ms
[2024-05-30T11:19:29.427-0400][gc,phases   ] GC(7)   Evacuate Collection Set: 14,3ms
[2024-05-30T11:19:29.427-0400][gc,phases   ] GC(7)   Post Evacuate Collection Set: 1,6ms
[2024-05-30T11:19:29.427-0400][gc,phases   ] GC(7)   Other: 0,1ms
[2024-05-30T11:19:29.427-0400][gc,heap     ] GC(7) Eden regions: 49->0(46)
[2024-05-30T11:19:29.427-0400][gc,heap     ] GC(7) Survivor regions: 2->5(7)
[2024-05-30T11:19:29.427-0400][gc,heap     ] GC(7) Old regions: 15->15
[2024-05-30T11:19:29.427-0400][gc,heap     ] GC(7) Humongous regions: 129->129
[2024-05-30T11:19:29.427-0400][gc,metaspace] GC(7) Metaspace: 40776K(41280K)->40776K(41280K) NonClass: 36271K(36544K)->36271K(36544K) Class: 4504K(4736K)->4504K(4736K)
[2024-05-30T11:19:29.428-0400][gc          ] GC(7) Pause Young (Prepare Mixed) (G1 Evacuation Pause) 194M->148M(1024M) 17,085ms
[2024-05-30T11:19:29.428-0400][gc,cpu      ] GC(7) User=0,03s Sys=0,01s Real=0,02s
[2024-05-30T11:27:33.615-0400][gc,start    ] GC(8) Pause Young (Mixed) (G1 Evacuation Pause)
[2024-05-30T11:27:33.615-0400][gc,task     ] GC(8) Using 6 workers of 6 for evacuation
[2024-05-30T11:27:33.658-0400][gc,mmu      ] GC(8) MMU target violated: 21,0ms (20,0ms/21,0ms)
[2024-05-30T11:27:33.658-0400][gc,phases   ] GC(8)   Pre Evacuate Collection Set: 0,7ms
[2024-05-30T11:27:33.658-0400][gc,phases   ] GC(8)   Merge Heap Roots: 0,1ms
[2024-05-30T11:27:33.658-0400][gc,phases   ] GC(8)   Evacuate Collection Set: 36,0ms
[2024-05-30T11:27:33.658-0400][gc,phases   ] GC(8)   Post Evacuate Collection Set: 5,9ms
[2024-05-30T11:27:33.658-0400][gc,phases   ] GC(8)   Other: 0,1ms
[2024-05-30T11:27:33.658-0400][gc,heap     ] GC(8) Eden regions: 46->0(47)
[2024-05-30T11:27:33.658-0400][gc,heap     ] GC(8) Survivor regions: 5->4(7)
[2024-05-30T11:27:33.658-0400][gc,heap     ] GC(8) Old regions: 15->16
[2024-05-30T11:27:33.658-0400][gc,heap     ] GC(8) Humongous regions: 129->129
[2024-05-30T11:27:33.658-0400][gc,metaspace] GC(8) Metaspace: 41219K(41856K)->41219K(41856K) NonClass: 36638K(36992K)->36638K(36992K) Class: 4581K(4864K)->4581K(4864K)
[2024-05-30T11:27:33.658-0400][gc          ] GC(8) Pause Young (Mixed) (G1 Evacuation Pause) 194M->148M(1024M) 42,996ms
[2024-05-30T11:27:33.658-0400][gc,cpu      ] GC(8) User=0,05s Sys=0,03s Real=0,04s
[2024-05-30T11:36:46.754-0400][gc,start    ] GC(9) Pause Young (Normal) (G1 Evacuation Pause)
[2024-05-30T11:36:46.757-0400][gc,task     ] GC(9) Using 6 workers of 6 for evacuation
[2024-05-30T11:36:46.764-0400][gc,phases   ] GC(9)   Pre Evacuate Collection Set: 1,0ms
[2024-05-30T11:36:46.764-0400][gc,phases   ] GC(9)   Merge Heap Roots: 0,2ms
[2024-05-30T11:36:46.764-0400][gc,phases   ] GC(9)   Evacuate Collection Set: 5,0ms
[2024-05-30T11:36:46.764-0400][gc,phases   ] GC(9)   Post Evacuate Collection Set: 1,3ms
[2024-05-30T11:36:46.764-0400][gc,phases   ] GC(9)   Other: 0,1ms
[2024-05-30T11:36:46.764-0400][gc,heap     ] GC(9) Eden regions: 47->0(47)
[2024-05-30T11:36:46.765-0400][gc,heap     ] GC(9) Survivor regions: 4->4(7)
[2024-05-30T11:36:46.765-0400][gc,heap     ] GC(9) Old regions: 16->16
[2024-05-30T11:36:46.765-0400][gc,heap     ] GC(9) Humongous regions: 129->129
[2024-05-30T11:36:46.765-0400][gc,metaspace] GC(9) Metaspace: 41290K(41920K)->41290K(41920K) NonClass: 36709K(37056K)->36709K(37056K) Class: 4581K(4864K)->4581K(4864K)
[2024-05-30T11:36:46.765-0400][gc          ] GC(9) Pause Young (Normal) (G1 Evacuation Pause) 195M->148M(1024M) 10,925ms
[2024-05-30T11:36:46.765-0400][gc,cpu      ] GC(9) User=0,01s Sys=0,01s Real=0,01s
[2024-05-30T11:42:55.259-0400][gc,start    ] GC(10) Pause Young (Normal) (G1 Evacuation Pause)
[2024-05-30T11:42:55.259-0400][gc,task     ] GC(10) Using 6 workers of 6 for evacuation
[2024-05-30T11:42:55.285-0400][gc,mmu      ] GC(10) MMU target violated: 21,0ms (20,0ms/21,0ms)
[2024-05-30T11:42:55.285-0400][gc,phases   ] GC(10)   Pre Evacuate Collection Set: 5,0ms
[2024-05-30T11:42:55.285-0400][gc,phases   ] GC(10)   Merge Heap Roots: 0,1ms
[2024-05-30T11:42:55.285-0400][gc,phases   ] GC(10)   Evacuate Collection Set: 18,7ms
[2024-05-30T11:42:55.285-0400][gc,phases   ] GC(10)   Post Evacuate Collection Set: 2,1ms
[2024-05-30T11:42:55.285-0400][gc,phases   ] GC(10)   Other: 0,1ms
[2024-05-30T11:42:55.285-0400][gc,heap     ] GC(10) Eden regions: 47->0(47)
[2024-05-30T11:42:55.285-0400][gc,heap     ] GC(10) Survivor regions: 4->4(7)
[2024-05-30T11:42:55.285-0400][gc,heap     ] GC(10) Old regions: 16->18
[2024-05-30T11:42:55.285-0400][gc,heap     ] GC(10) Humongous regions: 129->129
[2024-05-30T11:42:55.285-0400][gc,metaspace] GC(10) Metaspace: 41577K(42176K)->41577K(42176K) NonClass: 36993K(37312K)->36993K(37312K) Class: 4583K(4864K)->4583K(4864K)
[2024-05-30T11:42:55.285-0400][gc          ] GC(10) Pause Young (Normal) (G1 Evacuation Pause) 195M->149M(1024M) 26,277ms
[2024-05-30T11:42:55.285-0400][gc,cpu      ] GC(10) User=0,03s Sys=0,02s Real=0,02s
[2024-05-30T11:51:25.486-0400][gc,start    ] GC(11) Pause Young (Normal) (G1 Evacuation Pause)
[2024-05-30T11:51:25.486-0400][gc,task     ] GC(11) Using 6 workers of 6 for evacuation
[2024-05-30T11:51:25.527-0400][gc,mmu      ] GC(11) MMU target violated: 21,0ms (20,0ms/21,0ms)
[2024-05-30T11:51:25.527-0400][gc,phases   ] GC(11)   Pre Evacuate Collection Set: 0,7ms
[2024-05-30T11:51:25.527-0400][gc,phases   ] GC(11)   Merge Heap Roots: 0,2ms
[2024-05-30T11:51:25.527-0400][gc,phases   ] GC(11)   Evacuate Collection Set: 37,4ms
[2024-05-30T11:51:25.527-0400][gc,phases   ] GC(11)   Post Evacuate Collection Set: 0,6ms
[2024-05-30T11:51:25.527-0400][gc,phases   ] GC(11)   Other: 1,9ms
[2024-05-30T11:51:25.527-0400][gc,heap     ] GC(11) Eden regions: 47->0(46)
[2024-05-30T11:51:25.527-0400][gc,heap     ] GC(11) Survivor regions: 4->5(7)
[2024-05-30T11:51:25.527-0400][gc,heap     ] GC(11) Old regions: 18->18
[2024-05-30T11:51:25.527-0400][gc,heap     ] GC(11) Humongous regions: 129->129
[2024-05-30T11:51:25.527-0400][gc,metaspace] GC(11) Metaspace: 41633K(42240K)->41633K(42240K) NonClass: 37050K(37376K)->37050K(37376K) Class: 4583K(4864K)->4583K(4864K)
[2024-05-30T11:51:25.527-0400][gc          ] GC(11) Pause Young (Normal) (G1 Evacuation Pause) 196M->150M(1024M) 41,100ms
[2024-05-30T11:51:25.527-0400][gc,cpu      ] GC(11) User=0,02s Sys=0,03s Real=0,04s
[2024-05-30T11:59:35.228-0400][gc,start    ] GC(12) Pause Young (Normal) (G1 Evacuation Pause)
[2024-05-30T11:59:35.229-0400][gc,task     ] GC(12) Using 6 workers of 6 for evacuation
[2024-05-30T11:59:35.235-0400][gc,phases   ] GC(12)   Pre Evacuate Collection Set: 0,6ms
[2024-05-30T11:59:35.235-0400][gc,phases   ] GC(12)   Merge Heap Roots: 0,1ms
[2024-05-30T11:59:35.235-0400][gc,phases   ] GC(12)   Evacuate Collection Set: 4,2ms
[2024-05-30T11:59:35.235-0400][gc,phases   ] GC(12)   Post Evacuate Collection Set: 1,0ms
[2024-05-30T11:59:35.235-0400][gc,phases   ] GC(12)   Other: 0,1ms
[2024-05-30T11:59:35.235-0400][gc,heap     ] GC(12) Eden regions: 46->0(48)
[2024-05-30T11:59:35.235-0400][gc,heap     ] GC(12) Survivor regions: 5->3(7)
[2024-05-30T11:59:35.235-0400][gc,heap     ] GC(12) Old regions: 18->18
[2024-05-30T11:59:35.235-0400][gc,heap     ] GC(12) Humongous regions: 129->129
[2024-05-30T11:59:35.235-0400][gc,metaspace] GC(12) Metaspace: 41690K(42304K)->41690K(42304K) NonClass: 37106K(37440K)->37106K(37440K) Class: 4584K(4864K)->4584K(4864K)
[2024-05-30T11:59:35.235-0400][gc          ] GC(12) Pause Young (Normal) (G1 Evacuation Pause) 196M->149M(1024M) 6,147ms
[2024-05-30T11:59:35.235-0400][gc,cpu      ] GC(12) User=0,01s Sys=0,01s Real=0,00s
[2024-05-30T12:09:49.312-0400][gc,start    ] GC(13) Pause Young (Normal) (G1 Evacuation Pause)
[2024-05-30T12:09:49.312-0400][gc,task     ] GC(13) Using 6 workers of 6 for evacuation
[2024-05-30T12:09:49.327-0400][gc,phases   ] GC(13)   Pre Evacuate Collection Set: 2,4ms
[2024-05-30T12:09:49.327-0400][gc,phases   ] GC(13)   Merge Heap Roots: 0,3ms
[2024-05-30T12:09:49.327-0400][gc,phases   ] GC(13)   Evacuate Collection Set: 10,5ms
[2024-05-30T12:09:49.327-0400][gc,phases   ] GC(13)   Post Evacuate Collection Set: 1,0ms
[2024-05-30T12:09:49.327-0400][gc,phases   ] GC(13)   Other: 0,2ms
[2024-05-30T12:09:49.327-0400][gc,heap     ] GC(13) Eden regions: 48->0(72)
[2024-05-30T12:09:49.327-0400][gc,heap     ] GC(13) Survivor regions: 3->4(7)
[2024-05-30T12:09:49.327-0400][gc,heap     ] GC(13) Old regions: 18->18
[2024-05-30T12:09:49.327-0400][gc,heap     ] GC(13) Humongous regions: 129->129
[2024-05-30T12:09:49.327-0400][gc,metaspace] GC(13) Metaspace: 41758K(42368K)->41758K(42368K) NonClass: 37174K(37504K)->37174K(37504K) Class: 4584K(4864K)->4584K(4864K)
[2024-05-30T12:09:49.327-0400][gc          ] GC(13) Pause Young (Normal) (G1 Evacuation Pause) 197M->150M(1024M) 14,822ms
[2024-05-30T12:09:49.327-0400][gc,cpu      ] GC(13) User=0,01s Sys=0,02s Real=0,02s
[2024-05-30T12:25:20.486-0400][gc,start    ] GC(14) Pause Young (Normal) (G1 Evacuation Pause)
[2024-05-30T12:25:20.487-0400][gc,task     ] GC(14) Using 6 workers of 6 for evacuation
[2024-05-30T12:25:20.502-0400][gc,phases   ] GC(14)   Pre Evacuate Collection Set: 0,9ms
[2024-05-30T12:25:20.502-0400][gc,phases   ] GC(14)   Merge Heap Roots: 0,4ms
[2024-05-30T12:25:20.502-0400][gc,phases   ] GC(14)   Evacuate Collection Set: 13,2ms
[2024-05-30T12:25:20.502-0400][gc,phases   ] GC(14)   Post Evacuate Collection Set: 0,8ms
[2024-05-30T12:25:20.502-0400][gc,phases   ] GC(14)   Other: 0,1ms
[2024-05-30T12:25:20.502-0400][gc,heap     ] GC(14) Eden regions: 75->0(282)
[2024-05-30T12:25:20.502-0400][gc,heap     ] GC(14) Survivor regions: 4->5(10)
[2024-05-30T12:25:20.502-0400][gc,heap     ] GC(14) Old regions: 18->18
[2024-05-30T12:25:20.502-0400][gc,heap     ] GC(14) Humongous regions: 129->129
[2024-05-30T12:25:20.502-0400][gc,metaspace] GC(14) Metaspace: 41933K(42560K)->41933K(42560K) NonClass: 37345K(37696K)->37345K(37696K) Class: 4587K(4864K)->4587K(4864K)
[2024-05-30T12:25:20.502-0400][gc          ] GC(14) Pause Young (Normal) (G1 Evacuation Pause) 225M->151M(1024M) 15,577ms
[2024-05-30T12:25:20.502-0400][gc,cpu      ] GC(14) User=0,02s Sys=0,01s Real=0,01s
[2024-05-30T13:28:32.690-0400][gc,start    ] GC(15) Pause Young (Normal) (G1 Evacuation Pause)
[2024-05-30T13:28:32.690-0400][gc,task     ] GC(15) Using 6 workers of 6 for evacuation
[2024-05-30T13:28:32.708-0400][gc,phases   ] GC(15)   Pre Evacuate Collection Set: 1,8ms
[2024-05-30T13:28:32.708-0400][gc,phases   ] GC(15)   Merge Heap Roots: 0,5ms
[2024-05-30T13:28:32.708-0400][gc,phases   ] GC(15)   Evacuate Collection Set: 11,6ms
[2024-05-30T13:28:32.708-0400][gc,phases   ] GC(15)   Post Evacuate Collection Set: 4,1ms
[2024-05-30T13:28:32.708-0400][gc,phases   ] GC(15)   Other: 0,3ms
[2024-05-30T13:28:32.708-0400][gc,heap     ] GC(15) Eden regions: 284->0(593)
[2024-05-30T13:28:32.708-0400][gc,heap     ] GC(15) Survivor regions: 5->5(37)
[2024-05-30T13:28:32.708-0400][gc,heap     ] GC(15) Old regions: 18->18
[2024-05-30T13:28:32.708-0400][gc,heap     ] GC(15) Humongous regions: 129->129
[2024-05-30T13:28:32.708-0400][gc,metaspace] GC(15) Metaspace: 42257K(42816K)->42257K(42816K) NonClass: 37670K(37952K)->37670K(37952K) Class: 4587K(4864K)->4587K(4864K)
[2024-05-30T13:28:32.708-0400][gc          ] GC(15) Pause Young (Normal) (G1 Evacuation Pause) 435M->151M(1024M) 18,391ms
[2024-05-30T13:28:32.708-0400][gc,cpu      ] GC(15) User=0,03s Sys=0,01s Real=0,02s
[2024-05-30T15:39:37.991-0400][gc,start    ] GC(16) Pause Young (Normal) (G1 Evacuation Pause)
[2024-05-30T15:39:37.996-0400][gc,task     ] GC(16) Using 6 workers of 6 for evacuation
[2024-05-30T15:39:38.583-0400][gc,mmu      ] GC(16) MMU target violated: 21,0ms (20,0ms/21,0ms)
[2024-05-30T15:39:38.583-0400][gc,phases   ] GC(16)   Pre Evacuate Collection Set: 87,2ms
[2024-05-30T15:39:38.583-0400][gc,phases   ] GC(16)   Merge Heap Roots: 13,3ms
[2024-05-30T15:39:38.583-0400][gc,phases   ] GC(16)   Evacuate Collection Set: 443,4ms
[2024-05-30T15:39:38.583-0400][gc,phases   ] GC(16)   Post Evacuate Collection Set: 40,4ms
[2024-05-30T15:39:38.583-0400][gc,phases   ] GC(16)   Other: 7,3ms
[2024-05-30T15:39:38.583-0400][gc,heap     ] GC(16) Eden regions: 589->0(44)
[2024-05-30T15:39:38.583-0400][gc,heap     ] GC(16) Survivor regions: 5->7(75)
[2024-05-30T15:39:38.583-0400][gc,heap     ] GC(16) Old regions: 18->18
[2024-05-30T15:39:38.583-0400][gc,heap     ] GC(16) Humongous regions: 129->129
[2024-05-30T15:39:38.583-0400][gc,metaspace] GC(16) Metaspace: 42485K(43072K)->42485K(43072K) NonClass: 37898K(38208K)->37898K(38208K) Class: 4587K(4864K)->4587K(4864K)
[2024-05-30T15:39:38.583-0400][gc          ] GC(16) Pause Young (Normal) (G1 Evacuation Pause) 740M->153M(1024M) 592,685ms
[2024-05-30T15:39:38.584-0400][gc,cpu      ] GC(16) User=0,65s Sys=0,20s Real=0,59s
[2024-05-30T15:49:12.574-0400][gc,start    ] GC(17) Pause Young (Normal) (G1 Evacuation Pause)
[2024-05-30T15:49:12.574-0400][gc,task     ] GC(17) Using 6 workers of 6 for evacuation
[2024-05-30T15:49:12.964-0400][gc,mmu      ] GC(17) MMU target violated: 21,0ms (20,0ms/21,0ms)
[2024-05-30T15:49:12.964-0400][gc,phases   ] GC(17)   Pre Evacuate Collection Set: 0,5ms
[2024-05-30T15:49:12.964-0400][gc,phases   ] GC(17)   Merge Heap Roots: 0,3ms
[2024-05-30T15:49:12.964-0400][gc,phases   ] GC(17)   Evacuate Collection Set: 371,6ms
[2024-05-30T15:49:12.964-0400][gc,phases   ] GC(17)   Post Evacuate Collection Set: 18,0ms
[2024-05-30T15:49:12.964-0400][gc,phases   ] GC(17)   Other: 0,1ms
[2024-05-30T15:49:12.964-0400][gc,heap     ] GC(17) Eden regions: 44->0(48)
[2024-05-30T15:49:12.964-0400][gc,heap     ] GC(17) Survivor regions: 7->3(7)
[2024-05-30T15:49:12.964-0400][gc,heap     ] GC(17) Old regions: 18->21
[2024-05-30T15:49:12.964-0400][gc,heap     ] GC(17) Humongous regions: 129->129
[2024-05-30T15:49:12.964-0400][gc,metaspace] GC(17) Metaspace: 42485K(43072K)->42485K(43072K) NonClass: 37898K(38208K)->37898K(38208K) Class: 4587K(4864K)->4587K(4864K)
[2024-05-30T15:49:12.964-0400][gc          ] GC(17) Pause Young (Normal) (G1 Evacuation Pause) 197M->152M(1024M) 390,721ms
[2024-05-30T15:49:12.964-0400][gc,cpu      ] GC(17) User=0,07s Sys=0,11s Real=0,39s
[2024-05-30T16:00:13.556-0400][gc,start    ] GC(18) Pause Young (Normal) (G1 Evacuation Pause)
[2024-05-30T16:00:13.557-0400][gc,task     ] GC(18) Using 6 workers of 6 for evacuation
[2024-05-30T16:00:13.896-0400][gc,mmu      ] GC(18) MMU target violated: 21,0ms (20,0ms/21,0ms)
[2024-05-30T16:00:13.896-0400][gc,phases   ] GC(18)   Pre Evacuate Collection Set: 0,7ms
[2024-05-30T16:00:13.896-0400][gc,phases   ] GC(18)   Merge Heap Roots: 1,3ms
[2024-05-30T16:00:13.896-0400][gc,phases   ] GC(18)   Evacuate Collection Set: 336,3ms
[2024-05-30T16:00:13.896-0400][gc,phases   ] GC(18)   Post Evacuate Collection Set: 0,8ms
[2024-05-30T16:00:13.896-0400][gc,phases   ] GC(18)   Other: 0,2ms
[2024-05-30T16:00:13.896-0400][gc,heap     ] GC(18) Eden regions: 48->0(44)
[2024-05-30T16:00:13.896-0400][gc,heap     ] GC(18) Survivor regions: 3->7(7)
[2024-05-30T16:00:13.896-0400][gc,heap     ] GC(18) Old regions: 21->21
[2024-05-30T16:00:13.896-0400][gc,heap     ] GC(18) Humongous regions: 129->129
[2024-05-30T16:00:13.896-0400][gc,metaspace] GC(18) Metaspace: 42485K(43072K)->42485K(43072K) NonClass: 37898K(38208K)->37898K(38208K) Class: 4587K(4864K)->4587K(4864K)
[2024-05-30T16:00:13.896-0400][gc          ] GC(18) Pause Young (Normal) (G1 Evacuation Pause) 200M->156M(1024M) 340,325ms
[2024-05-30T16:00:13.896-0400][gc,cpu      ] GC(18) User=0,05s Sys=0,46s Real=0,34s
[2024-05-30T16:10:14.284-0400][gc,start    ] GC(19) Pause Young (Normal) (G1 Evacuation Pause)
[2024-05-30T16:10:14.284-0400][gc,task     ] GC(19) Using 6 workers of 6 for evacuation
[2024-05-30T16:10:14.317-0400][gc,mmu      ] GC(19) MMU target violated: 21,0ms (20,0ms/21,0ms)
[2024-05-30T16:10:14.318-0400][gc,phases   ] GC(19)   Pre Evacuate Collection Set: 0,7ms
[2024-05-30T16:10:14.318-0400][gc,phases   ] GC(19)   Merge Heap Roots: 0,2ms
[2024-05-30T16:10:14.318-0400][gc,phases   ] GC(19)   Evacuate Collection Set: 30,2ms
[2024-05-30T16:10:14.318-0400][gc,phases   ] GC(19)   Post Evacuate Collection Set: 2,2ms
[2024-05-30T16:10:14.318-0400][gc,phases   ] GC(19)   Other: 0,2ms
[2024-05-30T16:10:14.318-0400][gc,heap     ] GC(19) Eden regions: 44->0(47)
[2024-05-30T16:10:14.318-0400][gc,heap     ] GC(19) Survivor regions: 7->4(7)
[2024-05-30T16:10:14.318-0400][gc,heap     ] GC(19) Old regions: 21->26
[2024-05-30T16:10:14.318-0400][gc,heap     ] GC(19) Humongous regions: 129->129
[2024-05-30T16:10:14.318-0400][gc,metaspace] GC(19) Metaspace: 42485K(43072K)->42485K(43072K) NonClass: 37898K(38208K)->37898K(38208K) Class: 4587K(4864K)->4587K(4864K)
[2024-05-30T16:10:14.318-0400][gc          ] GC(19) Pause Young (Normal) (G1 Evacuation Pause) 200M->158M(1024M) 33,553ms
[2024-05-30T16:10:14.318-0400][gc,cpu      ] GC(19) User=0,05s Sys=0,04s Real=0,04s
[2024-05-30T16:20:08.719-0400][gc,start    ] GC(20) Pause Young (Normal) (G1 Evacuation Pause)
[2024-05-30T16:20:08.719-0400][gc,task     ] GC(20) Using 6 workers of 6 for evacuation
[2024-05-30T16:20:08.736-0400][gc,phases   ] GC(20)   Pre Evacuate Collection Set: 1,2ms
[2024-05-30T16:20:08.736-0400][gc,phases   ] GC(20)   Merge Heap Roots: 0,5ms
[2024-05-30T16:20:08.736-0400][gc,phases   ] GC(20)   Evacuate Collection Set: 12,0ms
[2024-05-30T16:20:08.736-0400][gc,phases   ] GC(20)   Post Evacuate Collection Set: 2,8ms
[2024-05-30T16:20:08.736-0400][gc,phases   ] GC(20)   Other: 0,2ms
[2024-05-30T16:20:08.736-0400][gc,heap     ] GC(20) Eden regions: 47->0(46)
[2024-05-30T16:20:08.736-0400][gc,heap     ] GC(20) Survivor regions: 4->5(7)
[2024-05-30T16:20:08.736-0400][gc,heap     ] GC(20) Old regions: 26->29
[2024-05-30T16:20:08.736-0400][gc,heap     ] GC(20) Humongous regions: 129->129
[2024-05-30T16:20:08.736-0400][gc,metaspace] GC(20) Metaspace: 42487K(43072K)->42487K(43072K) NonClass: 37899K(38208K)->37899K(38208K) Class: 4587K(4864K)->4587K(4864K)
[2024-05-30T16:20:08.736-0400][gc          ] GC(20) Pause Young (Normal) (G1 Evacuation Pause) 205M->162M(1024M) 17,003ms
[2024-05-30T16:20:08.736-0400][gc,cpu      ] GC(20) User=0,03s Sys=0,02s Real=0,02s
[2024-05-30T16:30:37.317-0400][gc,start    ] GC(21) Pause Young (Normal) (G1 Evacuation Pause)
[2024-05-30T16:30:37.317-0400][gc,task     ] GC(21) Using 6 workers of 6 for evacuation
[2024-05-30T16:30:37.353-0400][gc,mmu      ] GC(21) MMU target violated: 21,0ms (20,0ms/21,0ms)
[2024-05-30T16:30:37.353-0400][gc,phases   ] GC(21)   Pre Evacuate Collection Set: 8,0ms
[2024-05-30T16:30:37.353-0400][gc,phases   ] GC(21)   Merge Heap Roots: 0,6ms
[2024-05-30T16:30:37.353-0400][gc,phases   ] GC(21)   Evacuate Collection Set: 25,2ms
[2024-05-30T16:30:37.353-0400][gc,phases   ] GC(21)   Post Evacuate Collection Set: 1,7ms
[2024-05-30T16:30:37.353-0400][gc,phases   ] GC(21)   Other: 0,4ms
[2024-05-30T16:30:37.353-0400][gc,heap     ] GC(21) Eden regions: 46->0(48)
[2024-05-30T16:30:37.353-0400][gc,heap     ] GC(21) Survivor regions: 5->3(7)
[2024-05-30T16:30:37.353-0400][gc,heap     ] GC(21) Old regions: 29->32
[2024-05-30T16:30:37.353-0400][gc,heap     ] GC(21) Humongous regions: 129->129
[2024-05-30T16:30:37.353-0400][gc,metaspace] GC(21) Metaspace: 42488K(43072K)->42488K(43072K) NonClass: 37900K(38208K)->37900K(38208K) Class: 4587K(4864K)->4587K(4864K)
[2024-05-30T16:30:37.353-0400][gc          ] GC(21) Pause Young (Normal) (G1 Evacuation Pause) 208M->162M(1024M) 36,072ms
[2024-05-30T16:30:37.353-0400][gc,cpu      ] GC(21) User=0,06s Sys=0,06s Real=0,03s
[2024-05-30T16:41:34.458-0400][gc,start    ] GC(22) Pause Young (Normal) (G1 Evacuation Pause)
[2024-05-30T16:41:34.458-0400][gc,task     ] GC(22) Using 6 workers of 6 for evacuation
[2024-05-30T16:41:34.477-0400][gc,phases   ] GC(22)   Pre Evacuate Collection Set: 1,0ms
[2024-05-30T16:41:34.477-0400][gc,phases   ] GC(22)   Merge Heap Roots: 0,3ms
[2024-05-30T16:41:34.477-0400][gc,phases   ] GC(22)   Evacuate Collection Set: 12,3ms
[2024-05-30T16:41:34.477-0400][gc,phases   ] GC(22)   Post Evacuate Collection Set: 4,6ms
[2024-05-30T16:41:34.477-0400][gc,phases   ] GC(22)   Other: 0,2ms
[2024-05-30T16:41:34.477-0400][gc,heap     ] GC(22) Eden regions: 48->0(45)
[2024-05-30T16:41:34.477-0400][gc,heap     ] GC(22) Survivor regions: 3->6(7)
[2024-05-30T16:41:34.477-0400][gc,heap     ] GC(22) Old regions: 32->32
[2024-05-30T16:41:34.477-0400][gc,heap     ] GC(22) Humongous regions: 129->129
[2024-05-30T16:41:34.477-0400][gc,metaspace] GC(22) Metaspace: 42493K(43072K)->42493K(43072K) NonClass: 37905K(38208K)->37905K(38208K) Class: 4587K(4864K)->4587K(4864K)
[2024-05-30T16:41:34.477-0400][gc          ] GC(22) Pause Young (Normal) (G1 Evacuation Pause) 210M->165M(1024M) 19,017ms
[2024-05-30T16:41:34.477-0400][gc,cpu      ] GC(22) User=0,03s Sys=0,02s Real=0,02s
[2024-05-30T16:51:48.342-0400][gc,start    ] GC(23) Pause Young (Normal) (G1 Evacuation Pause)
[2024-05-30T16:51:48.342-0400][gc,task     ] GC(23) Using 6 workers of 6 for evacuation
[2024-05-30T16:51:48.364-0400][gc,mmu      ] GC(23) MMU target violated: 21,0ms (20,0ms/21,0ms)
[2024-05-30T16:51:48.364-0400][gc,phases   ] GC(23)   Pre Evacuate Collection Set: 2,0ms
[2024-05-30T16:51:48.364-0400][gc,phases   ] GC(23)   Merge Heap Roots: 0,2ms
[2024-05-30T16:51:48.364-0400][gc,phases   ] GC(23)   Evacuate Collection Set: 18,6ms
[2024-05-30T16:51:48.364-0400][gc,phases   ] GC(23)   Post Evacuate Collection Set: 1,0ms
[2024-05-30T16:51:48.364-0400][gc,phases   ] GC(23)   Other: 0,1ms
[2024-05-30T16:51:48.364-0400][gc,heap     ] GC(23) Eden regions: 45->0(47)
[2024-05-30T16:51:48.364-0400][gc,heap     ] GC(23) Survivor regions: 6->4(7)
[2024-05-30T16:51:48.364-0400][gc,heap     ] GC(23) Old regions: 32->35
[2024-05-30T16:51:48.364-0400][gc,heap     ] GC(23) Humongous regions: 129->129
[2024-05-30T16:51:48.364-0400][gc,metaspace] GC(23) Metaspace: 42493K(43072K)->42493K(43072K) NonClass: 37905K(38208K)->37905K(38208K) Class: 4587K(4864K)->4587K(4864K)
[2024-05-30T16:51:48.364-0400][gc          ] GC(23) Pause Young (Normal) (G1 Evacuation Pause) 210M->167M(1024M) 22,077ms
[2024-05-30T16:51:48.364-0400][gc,cpu      ] GC(23) User=0,02s Sys=0,03s Real=0,02s
[2024-05-30T17:02:32.718-0400][gc,start    ] GC(24) Pause Young (Normal) (G1 Evacuation Pause)
[2024-05-30T17:02:32.718-0400][gc,task     ] GC(24) Using 6 workers of 6 for evacuation
[2024-05-30T17:02:32.768-0400][gc,mmu      ] GC(24) MMU target violated: 21,0ms (20,0ms/21,0ms)
[2024-05-30T17:02:32.769-0400][gc,phases   ] GC(24)   Pre Evacuate Collection Set: 0,9ms
[2024-05-30T17:02:32.769-0400][gc,phases   ] GC(24)   Merge Heap Roots: 0,5ms
[2024-05-30T17:02:32.769-0400][gc,phases   ] GC(24)   Evacuate Collection Set: 47,3ms
[2024-05-30T17:02:32.769-0400][gc,phases   ] GC(24)   Post Evacuate Collection Set: 1,2ms
[2024-05-30T17:02:32.769-0400][gc,phases   ] GC(24)   Other: 0,1ms
[2024-05-30T17:02:32.769-0400][gc,heap     ] GC(24) Eden regions: 47->0(44)
[2024-05-30T17:02:32.769-0400][gc,heap     ] GC(24) Survivor regions: 4->7(7)
[2024-05-30T17:02:32.769-0400][gc,heap     ] GC(24) Old regions: 35->35
[2024-05-30T17:02:32.769-0400][gc,heap     ] GC(24) Humongous regions: 129->129
[2024-05-30T17:02:32.769-0400][gc,metaspace] GC(24) Metaspace: 42493K(43072K)->42493K(43072K) NonClass: 37905K(38208K)->37905K(38208K) Class: 4587K(4864K)->4587K(4864K)
[2024-05-30T17:02:32.770-0400][gc          ] GC(24) Pause Young (Normal) (G1 Evacuation Pause) 214M->170M(1024M) 51,533ms
[2024-05-30T17:02:32.770-0400][gc,cpu      ] GC(24) User=0,19s Sys=0,07s Real=0,05s
[2024-05-30T17:12:33.390-0400][gc,start    ] GC(25) Pause Young (Normal) (G1 Evacuation Pause)
[2024-05-30T17:12:33.390-0400][gc,task     ] GC(25) Using 6 workers of 6 for evacuation
[2024-05-30T17:12:33.448-0400][gc,mmu      ] GC(25) MMU target violated: 21,0ms (20,0ms/21,0ms)
[2024-05-30T17:12:33.448-0400][gc,phases   ] GC(25)   Pre Evacuate Collection Set: 3,2ms
[2024-05-30T17:12:33.448-0400][gc,phases   ] GC(25)   Merge Heap Roots: 1,2ms
[2024-05-30T17:12:33.448-0400][gc,phases   ] GC(25)   Evacuate Collection Set: 38,2ms
[2024-05-30T17:12:33.448-0400][gc,phases   ] GC(25)   Post Evacuate Collection Set: 14,8ms
[2024-05-30T17:12:33.448-0400][gc,phases   ] GC(25)   Other: 0,1ms
[2024-05-30T17:12:33.448-0400][gc,heap     ] GC(25) Eden regions: 44->0(47)
[2024-05-30T17:12:33.448-0400][gc,heap     ] GC(25) Survivor regions: 7->4(7)
[2024-05-30T17:12:33.448-0400][gc,heap     ] GC(25) Old regions: 35->40
[2024-05-30T17:12:33.448-0400][gc,heap     ] GC(25) Humongous regions: 129->129
[2024-05-30T17:12:33.448-0400][gc,metaspace] GC(25) Metaspace: 42493K(43072K)->42493K(43072K) NonClass: 37905K(38208K)->37905K(38208K) Class: 4587K(4864K)->4587K(4864K)
[2024-05-30T17:12:33.448-0400][gc          ] GC(25) Pause Young (Normal) (G1 Evacuation Pause) 214M->172M(1024M) 57,909ms
[2024-05-30T17:12:33.448-0400][gc,cpu      ] GC(25) User=0,05s Sys=0,05s Real=0,06s
[2024-05-30T17:22:28.016-0400][gc,start    ] GC(26) Pause Young (Normal) (G1 Evacuation Pause)
[2024-05-30T17:22:28.016-0400][gc,task     ] GC(26) Using 6 workers of 6 for evacuation
[2024-05-30T17:22:28.038-0400][gc,mmu      ] GC(26) MMU target violated: 21,0ms (20,0ms/21,0ms)
[2024-05-30T17:22:28.038-0400][gc,phases   ] GC(26)   Pre Evacuate Collection Set: 0,6ms
[2024-05-30T17:22:28.038-0400][gc,phases   ] GC(26)   Merge Heap Roots: 1,8ms
[2024-05-30T17:22:28.038-0400][gc,phases   ] GC(26)   Evacuate Collection Set: 18,3ms
[2024-05-30T17:22:28.038-0400][gc,phases   ] GC(26)   Post Evacuate Collection Set: 1,1ms
[2024-05-30T17:22:28.038-0400][gc,phases   ] GC(26)   Other: 0,2ms
[2024-05-30T17:22:28.038-0400][gc,heap     ] GC(26) Eden regions: 47->0(44)
[2024-05-30T17:22:28.038-0400][gc,heap     ] GC(26) Survivor regions: 4->7(7)
[2024-05-30T17:22:28.038-0400][gc,heap     ] GC(26) Old regions: 40->40
[2024-05-30T17:22:28.038-0400][gc,heap     ] GC(26) Humongous regions: 129->129
[2024-05-30T17:22:28.038-0400][gc,metaspace] GC(26) Metaspace: 42493K(43072K)->42493K(43072K) NonClass: 37905K(38208K)->37905K(38208K) Class: 4587K(4864K)->4587K(4864K)
[2024-05-30T17:22:28.038-0400][gc          ] GC(26) Pause Young (Normal) (G1 Evacuation Pause) 219M->175M(1024M) 22,058ms
[2024-05-30T17:22:28.038-0400][gc,cpu      ] GC(26) User=0,08s Sys=0,01s Real=0,02s
[2024-05-30T17:32:30.974-0400][gc,start    ] GC(27) Pause Young (Normal) (G1 Evacuation Pause)
[2024-05-30T17:32:30.974-0400][gc,task     ] GC(27) Using 6 workers of 6 for evacuation
[2024-05-30T17:32:30.994-0400][gc,mmu      ] GC(27) MMU target violated: 20,3ms (20,0ms/21,0ms)
[2024-05-30T17:32:30.994-0400][gc,phases   ] GC(27)   Pre Evacuate Collection Set: 1,3ms
[2024-05-30T17:32:30.994-0400][gc,phases   ] GC(27)   Merge Heap Roots: 0,9ms
[2024-05-30T17:32:30.994-0400][gc,phases   ] GC(27)   Evacuate Collection Set: 16,3ms
[2024-05-30T17:32:30.994-0400][gc,phases   ] GC(27)   Post Evacuate Collection Set: 1,5ms
[2024-05-30T17:32:30.994-0400][gc,phases   ] GC(27)   Other: 0,3ms
[2024-05-30T17:32:30.994-0400][gc,heap     ] GC(27) Eden regions: 44->0(47)
[2024-05-30T17:32:30.994-0400][gc,heap     ] GC(27) Survivor regions: 7->4(7)
[2024-05-30T17:32:30.994-0400][gc,heap     ] GC(27) Old regions: 40->44
[2024-05-30T17:32:30.994-0400][gc,heap     ] GC(27) Humongous regions: 129->129
[2024-05-30T17:32:30.994-0400][gc,metaspace] GC(27) Metaspace: 42493K(43072K)->42493K(43072K) NonClass: 37905K(38208K)->37905K(38208K) Class: 4587K(4864K)->4587K(4864K)
[2024-05-30T17:32:30.994-0400][gc          ] GC(27) Pause Young (Normal) (G1 Evacuation Pause) 219M->176M(1024M) 20,468ms
[2024-05-30T17:32:30.994-0400][gc,cpu      ] GC(27) User=0,06s Sys=0,01s Real=0,02s
[2024-05-30T17:43:12.318-0400][gc,start    ] GC(28) Pause Young (Normal) (G1 Evacuation Pause)
[2024-05-30T17:43:12.319-0400][gc,task     ] GC(28) Using 6 workers of 6 for evacuation
[2024-05-30T17:43:12.332-0400][gc,phases   ] GC(28)   Pre Evacuate Collection Set: 1,9ms
[2024-05-30T17:43:12.332-0400][gc,phases   ] GC(28)   Merge Heap Roots: 0,1ms
[2024-05-30T17:43:12.332-0400][gc,phases   ] GC(28)   Evacuate Collection Set: 9,5ms
[2024-05-30T17:43:12.332-0400][gc,phases   ] GC(28)   Post Evacuate Collection Set: 0,7ms
[2024-05-30T17:43:12.332-0400][gc,phases   ] GC(28)   Other: 0,7ms
[2024-05-30T17:43:12.332-0400][gc,heap     ] GC(28) Eden regions: 47->0(46)
[2024-05-30T17:43:12.332-0400][gc,heap     ] GC(28) Survivor regions: 4->5(7)
[2024-05-30T17:43:12.332-0400][gc,heap     ] GC(28) Old regions: 44->44
[2024-05-30T17:43:12.332-0400][gc,heap     ] GC(28) Humongous regions: 129->129
[2024-05-30T17:43:12.332-0400][gc,metaspace] GC(28) Metaspace: 42496K(43072K)->42496K(43072K) NonClass: 37908K(38208K)->37908K(38208K) Class: 4587K(4864K)->4587K(4864K)
[2024-05-30T17:43:12.332-0400][gc          ] GC(28) Pause Young (Normal) (G1 Evacuation Pause) 223M->177M(1024M) 13,876ms
[2024-05-30T17:43:12.332-0400][gc,cpu      ] GC(28) User=0,02s Sys=0,00s Real=0,01s
[2024-05-30T17:53:43.354-0400][gc,start    ] GC(29) Pause Young (Normal) (G1 Evacuation Pause)
[2024-05-30T17:53:43.354-0400][gc,task     ] GC(29) Using 6 workers of 6 for evacuation
[2024-05-30T17:53:43.388-0400][gc,mmu      ] GC(29) MMU target violated: 21,0ms (20,0ms/21,0ms)
[2024-05-30T17:53:43.388-0400][gc,phases   ] GC(29)   Pre Evacuate Collection Set: 0,7ms
[2024-05-30T17:53:43.388-0400][gc,phases   ] GC(29)   Merge Heap Roots: 0,1ms
[2024-05-30T17:53:43.388-0400][gc,phases   ] GC(29)   Evacuate Collection Set: 28,9ms
[2024-05-30T17:53:43.388-0400][gc,phases   ] GC(29)   Post Evacuate Collection Set: 3,7ms
[2024-05-30T17:53:43.388-0400][gc,phases   ] GC(29)   Other: 0,2ms
[2024-05-30T17:53:43.389-0400][gc,heap     ] GC(29) Eden regions: 46->0(44)
[2024-05-30T17:53:43.389-0400][gc,heap     ] GC(29) Survivor regions: 5->7(7)
[2024-05-30T17:53:43.389-0400][gc,heap     ] GC(29) Old regions: 44->46
[2024-05-30T17:53:43.389-0400][gc,heap     ] GC(29) Humongous regions: 129->129
[2024-05-30T17:53:43.389-0400][gc,metaspace] GC(29) Metaspace: 42496K(43072K)->42496K(43072K) NonClass: 37908K(38208K)->37908K(38208K) Class: 4587K(4864K)->4587K(4864K)
[2024-05-30T17:53:43.389-0400][gc          ] GC(29) Pause Young (Normal) (G1 Evacuation Pause) 223M->180M(1024M) 34,302ms
[2024-05-30T17:53:43.389-0400][gc,cpu      ] GC(29) User=0,06s Sys=0,02s Real=0,04s
[2024-05-30T18:03:44.097-0400][gc,start    ] GC(30) Pause Young (Normal) (G1 Evacuation Pause)
[2024-05-30T18:03:44.097-0400][gc,task     ] GC(30) Using 6 workers of 6 for evacuation
[2024-05-30T18:03:44.123-0400][gc,mmu      ] GC(30) MMU target violated: 21,0ms (20,0ms/21,0ms)
[2024-05-30T18:03:44.123-0400][gc,phases   ] GC(30)   Pre Evacuate Collection Set: 3,0ms
[2024-05-30T18:03:44.123-0400][gc,phases   ] GC(30)   Merge Heap Roots: 0,5ms
[2024-05-30T18:03:44.123-0400][gc,phases   ] GC(30)   Evacuate Collection Set: 21,7ms
[2024-05-30T18:03:44.123-0400][gc,phases   ] GC(30)   Post Evacuate Collection Set: 1,3ms
[2024-05-30T18:03:44.124-0400][gc,phases   ] GC(30)   Other: 0,2ms
[2024-05-30T18:03:44.124-0400][gc,heap     ] GC(30) Eden regions: 44->0(47)
[2024-05-30T18:03:44.124-0400][gc,heap     ] GC(30) Survivor regions: 7->4(7)
[2024-05-30T18:03:44.124-0400][gc,heap     ] GC(30) Old regions: 46->50
[2024-05-30T18:03:44.124-0400][gc,heap     ] GC(30) Humongous regions: 129->129
[2024-05-30T18:03:44.124-0400][gc,metaspace] GC(30) Metaspace: 42496K(43072K)->42496K(43072K) NonClass: 37908K(38208K)->37908K(38208K) Class: 4587K(4864K)->4587K(4864K)
[2024-05-30T18:03:44.124-0400][gc          ] GC(30) Pause Young (Normal) (G1 Evacuation Pause) 224M->182M(1024M) 26,835ms
[2024-05-30T18:03:44.124-0400][gc,cpu      ] GC(30) User=0,04s Sys=0,01s Real=0,02s
[2024-05-30T18:08:50.446-0400][gc,start    ] GC(31) Pause Young (Normal) (G1 Evacuation Pause)
[2024-05-30T18:08:50.446-0400][gc,task     ] GC(31) Using 6 workers of 6 for evacuation
[2024-05-30T18:08:50.469-0400][gc,mmu      ] GC(31) MMU target violated: 21,0ms (20,0ms/21,0ms)
[2024-05-30T18:08:50.469-0400][gc,phases   ] GC(31)   Pre Evacuate Collection Set: 3,6ms
[2024-05-30T18:08:50.469-0400][gc,phases   ] GC(31)   Merge Heap Roots: 0,3ms
[2024-05-30T18:08:50.469-0400][gc,phases   ] GC(31)   Evacuate Collection Set: 17,0ms
[2024-05-30T18:08:50.469-0400][gc,phases   ] GC(31)   Post Evacuate Collection Set: 1,7ms
[2024-05-30T18:08:50.469-0400][gc,phases   ] GC(31)   Other: 0,1ms
[2024-05-30T18:08:50.469-0400][gc,heap     ] GC(31) Eden regions: 47->0(44)
[2024-05-30T18:08:50.469-0400][gc,heap     ] GC(31) Survivor regions: 4->7(7)
[2024-05-30T18:08:50.469-0400][gc,heap     ] GC(31) Old regions: 50->50
[2024-05-30T18:08:50.469-0400][gc,heap     ] GC(31) Humongous regions: 129->129
[2024-05-30T18:08:50.469-0400][gc,metaspace] GC(31) Metaspace: 42497K(43072K)->42497K(43072K) NonClass: 37909K(38208K)->37909K(38208K) Class: 4587K(4864K)->4587K(4864K)
[2024-05-30T18:08:50.469-0400][gc          ] GC(31) Pause Young (Normal) (G1 Evacuation Pause) 229M->185M(1024M) 22,879ms
[2024-05-30T18:08:50.469-0400][gc,cpu      ] GC(31) User=0,04s Sys=0,04s Real=0,02s
[2024-05-30T18:18:12.439-0400][gc,start    ] GC(32) Pause Young (Normal) (G1 Evacuation Pause)
[2024-05-30T18:18:12.439-0400][gc,task     ] GC(32) Using 6 workers of 6 for evacuation
[2024-05-30T18:18:12.453-0400][gc,phases   ] GC(32)   Pre Evacuate Collection Set: 0,6ms
[2024-05-30T18:18:12.453-0400][gc,phases   ] GC(32)   Merge Heap Roots: 0,2ms
[2024-05-30T18:18:12.453-0400][gc,phases   ] GC(32)   Evacuate Collection Set: 8,7ms
[2024-05-30T18:18:12.453-0400][gc,phases   ] GC(32)   Post Evacuate Collection Set: 4,0ms
[2024-05-30T18:18:12.453-0400][gc,phases   ] GC(32)   Other: 1,0ms
[2024-05-30T18:18:12.453-0400][gc,heap     ] GC(32) Eden regions: 44->0(46)
[2024-05-30T18:18:12.453-0400][gc,heap     ] GC(32) Survivor regions: 7->5(7)
[2024-05-30T18:18:12.453-0400][gc,heap     ] GC(32) Old regions: 50->55
[2024-05-30T18:18:12.453-0400][gc,heap     ] GC(32) Humongous regions: 129->129
[2024-05-30T18:18:12.453-0400][gc,metaspace] GC(32) Metaspace: 42498K(43072K)->42498K(43072K) NonClass: 37910K(38208K)->37910K(38208K) Class: 4587K(4864K)->4587K(4864K)
[2024-05-30T18:18:12.453-0400][gc          ] GC(32) Pause Young (Normal) (G1 Evacuation Pause) 229M->188M(1024M) 14,621ms
[2024-05-30T18:18:12.453-0400][gc,cpu      ] GC(32) User=0,03s Sys=0,02s Real=0,01s
[2024-05-30T18:28:26.304-0400][gc,start    ] GC(33) Pause Young (Normal) (G1 Evacuation Pause)
[2024-05-30T18:28:26.304-0400][gc,task     ] GC(33) Using 6 workers of 6 for evacuation
[2024-05-30T18:28:26.325-0400][gc,mmu      ] GC(33) MMU target violated: 21,0ms (20,0ms/21,0ms)
[2024-05-30T18:28:26.325-0400][gc,phases   ] GC(33)   Pre Evacuate Collection Set: 0,7ms
[2024-05-30T18:28:26.325-0400][gc,phases   ] GC(33)   Merge Heap Roots: 0,2ms
[2024-05-30T18:28:26.325-0400][gc,phases   ] GC(33)   Evacuate Collection Set: 18,8ms
[2024-05-30T18:28:26.325-0400][gc,phases   ] GC(33)   Post Evacuate Collection Set: 1,3ms
[2024-05-30T18:28:26.325-0400][gc,phases   ] GC(33)   Other: 0,2ms
[2024-05-30T18:28:26.325-0400][gc,heap     ] GC(33) Eden regions: 46->0(47)
[2024-05-30T18:28:26.325-0400][gc,heap     ] GC(33) Survivor regions: 5->4(7)
[2024-05-30T18:28:26.325-0400][gc,heap     ] GC(33) Old regions: 55->57
[2024-05-30T18:28:26.325-0400][gc,heap     ] GC(33) Humongous regions: 129->129
[2024-05-30T18:28:26.325-0400][gc,metaspace] GC(33) Metaspace: 42498K(43072K)->42498K(43072K) NonClass: 37910K(38208K)->37910K(38208K) Class: 4587K(4864K)->4587K(4864K)
[2024-05-30T18:28:26.326-0400][gc          ] GC(33) Pause Young (Normal) (G1 Evacuation Pause) 234M->188M(1024M) 21,400ms
[2024-05-30T18:28:26.326-0400][gc,cpu      ] GC(33) User=0,01s Sys=0,01s Real=0,03s
[2024-06-01T15:12:39.833-0400][gc,start    ] GC(34) Pause Young (Normal) (G1 Evacuation Pause)
[2024-06-01T15:12:39.833-0400][gc,task     ] GC(34) Using 6 workers of 6 for evacuation
[2024-06-01T15:12:39.853-0400][gc,phases   ] GC(34)   Pre Evacuate Collection Set: 2,1ms
[2024-06-01T15:12:39.853-0400][gc,phases   ] GC(34)   Merge Heap Roots: 0,7ms
[2024-06-01T15:12:39.853-0400][gc,phases   ] GC(34)   Evacuate Collection Set: 12,9ms
[2024-06-01T15:12:39.853-0400][gc,phases   ] GC(34)   Post Evacuate Collection Set: 2,4ms
[2024-06-01T15:12:39.853-0400][gc,phases   ] GC(34)   Other: 0,4ms
[2024-06-01T15:12:39.853-0400][gc,heap     ] GC(34) Eden regions: 47->0(45)
[2024-06-01T15:12:39.853-0400][gc,heap     ] GC(34) Survivor regions: 4->6(7)
[2024-06-01T15:12:39.853-0400][gc,heap     ] GC(34) Old regions: 57->57
[2024-06-01T15:12:39.853-0400][gc,heap     ] GC(34) Humongous regions: 129->129
[2024-06-01T15:12:39.853-0400][gc,metaspace] GC(34) Metaspace: 42523K(43072K)->42523K(43072K) NonClass: 37929K(38208K)->37929K(38208K) Class: 4594K(4864K)->4594K(4864K)
[2024-06-01T15:12:39.853-0400][gc          ] GC(34) Pause Young (Normal) (G1 Evacuation Pause) 235M->191M(1024M) 20,082ms
[2024-06-01T15:12:39.853-0400][gc,cpu      ] GC(34) User=0,08s Sys=0,00s Real=0,02s
[2024-06-01T15:23:29.353-0400][gc,start    ] GC(35) Pause Young (Normal) (G1 Evacuation Pause)
[2024-06-01T15:23:29.353-0400][gc,task     ] GC(35) Using 6 workers of 6 for evacuation
[2024-06-01T15:23:29.362-0400][gc,phases   ] GC(35)   Pre Evacuate Collection Set: 0,7ms
[2024-06-01T15:23:29.363-0400][gc,phases   ] GC(35)   Merge Heap Roots: 0,4ms
[2024-06-01T15:23:29.363-0400][gc,phases   ] GC(35)   Evacuate Collection Set: 6,3ms
[2024-06-01T15:23:29.363-0400][gc,phases   ] GC(35)   Post Evacuate Collection Set: 2,1ms
[2024-06-01T15:23:29.363-0400][gc,phases   ] GC(35)   Other: 0,1ms
[2024-06-01T15:23:29.363-0400][gc,heap     ] GC(35) Eden regions: 45->0(75)
[2024-06-01T15:23:29.363-0400][gc,heap     ] GC(35) Survivor regions: 6->3(7)
[2024-06-01T15:23:29.363-0400][gc,heap     ] GC(35) Old regions: 57->59
[2024-06-01T15:23:29.363-0400][gc,heap     ] GC(35) Humongous regions: 129->129
[2024-06-01T15:23:29.363-0400][gc,metaspace] GC(35) Metaspace: 42523K(43072K)->42523K(43072K) NonClass: 37929K(38208K)->37929K(38208K) Class: 4594K(4864K)->4594K(4864K)
[2024-06-01T15:23:29.363-0400][gc          ] GC(35) Pause Young (Normal) (G1 Evacuation Pause) 236M->190M(1024M) 9,719ms
[2024-06-01T15:23:29.363-0400][gc,cpu      ] GC(35) User=0,01s Sys=0,02s Real=0,01s
[2024-06-01T15:41:11.511-0400][gc,start    ] GC(36) Pause Young (Normal) (G1 Evacuation Pause)
[2024-06-01T15:41:11.511-0400][gc,task     ] GC(36) Using 6 workers of 6 for evacuation
[2024-06-01T15:41:11.527-0400][gc,phases   ] GC(36)   Pre Evacuate Collection Set: 1,8ms
[2024-06-01T15:41:11.527-0400][gc,phases   ] GC(36)   Merge Heap Roots: 0,3ms
[2024-06-01T15:41:11.527-0400][gc,phases   ] GC(36)   Evacuate Collection Set: 11,6ms
[2024-06-01T15:41:11.527-0400][gc,phases   ] GC(36)   Post Evacuate Collection Set: 2,7ms
[2024-06-01T15:41:11.527-0400][gc,phases   ] GC(36)   Other: 0,1ms
[2024-06-01T15:41:11.527-0400][gc,heap     ] GC(36) Eden regions: 73->0(95)
[2024-06-01T15:41:11.527-0400][gc,heap     ] GC(36) Survivor regions: 3->4(10)
[2024-06-01T15:41:11.527-0400][gc,heap     ] GC(36) Old regions: 59->59
[2024-06-01T15:41:11.527-0400][gc,heap     ] GC(36) Humongous regions: 129->129
[2024-06-01T15:41:11.527-0400][gc,metaspace] GC(36) Metaspace: 42523K(43072K)->42523K(43072K) NonClass: 37929K(38208K)->37929K(38208K) Class: 4594K(4864K)->4594K(4864K)
[2024-06-01T15:41:11.527-0400][gc          ] GC(36) Pause Young (Normal) (G1 Evacuation Pause) 263M->190M(1024M) 16,790ms
[2024-06-01T15:41:11.528-0400][gc,cpu      ] GC(36) User=0,01s Sys=0,02s Real=0,02s
[2024-06-01T15:58:50.780-0400][gc,start    ] GC(37) Pause Young (Normal) (G1 Evacuation Pause)
[2024-06-01T15:58:50.780-0400][gc,task     ] GC(37) Using 6 workers of 6 for evacuation
[2024-06-01T15:58:50.797-0400][gc,phases   ] GC(37)   Pre Evacuate Collection Set: 1,1ms
[2024-06-01T15:58:50.797-0400][gc,phases   ] GC(37)   Merge Heap Roots: 0,5ms
[2024-06-01T15:58:50.797-0400][gc,phases   ] GC(37)   Evacuate Collection Set: 13,3ms
[2024-06-01T15:58:50.797-0400][gc,phases   ] GC(37)   Post Evacuate Collection Set: 1,9ms
[2024-06-01T15:58:50.797-0400][gc,phases   ] GC(37)   Other: 0,1ms
[2024-06-01T15:58:50.797-0400][gc,heap     ] GC(37) Eden regions: 78->0(45)
[2024-06-01T15:58:50.797-0400][gc,heap     ] GC(37) Survivor regions: 4->6(11)
[2024-06-01T15:58:50.797-0400][gc,heap     ] GC(37) Old regions: 59->59
[2024-06-01T15:58:50.797-0400][gc,heap     ] GC(37) Humongous regions: 129->129
[2024-06-01T15:58:50.797-0400][gc,metaspace] GC(37) Metaspace: 42528K(43072K)->42528K(43072K) NonClass: 37933K(38208K)->37933K(38208K) Class: 4594K(4864K)->4594K(4864K)
[2024-06-01T15:58:50.797-0400][gc          ] GC(37) Pause Young (Normal) (G1 Evacuation Pause) 268M->193M(1024M) 17,080ms
[2024-06-01T15:58:50.797-0400][gc,cpu      ] GC(37) User=0,05s Sys=0,01s Real=0,02s
[2024-06-01T16:09:01.527-0400][gc,start    ] GC(38) Pause Young (Normal) (G1 Evacuation Pause)
[2024-06-01T16:09:01.527-0400][gc,task     ] GC(38) Using 6 workers of 6 for evacuation
[2024-06-01T16:09:01.538-0400][gc,phases   ] GC(38)   Pre Evacuate Collection Set: 0,7ms
[2024-06-01T16:09:01.538-0400][gc,phases   ] GC(38)   Merge Heap Roots: 0,3ms
[2024-06-01T16:09:01.538-0400][gc,phases   ] GC(38)   Evacuate Collection Set: 8,0ms
[2024-06-01T16:09:01.538-0400][gc,phases   ] GC(38)   Post Evacuate Collection Set: 1,7ms
[2024-06-01T16:09:01.538-0400][gc,phases   ] GC(38)   Other: 0,3ms
[2024-06-01T16:09:01.538-0400][gc,heap     ] GC(38) Eden regions: 45->0(253)
[2024-06-01T16:09:01.538-0400][gc,heap     ] GC(38) Survivor regions: 6->3(7)
[2024-06-01T16:09:01.538-0400][gc,heap     ] GC(38) Old regions: 59->62
[2024-06-01T16:09:01.538-0400][gc,heap     ] GC(38) Humongous regions: 129->129
[2024-06-01T16:09:01.538-0400][gc,metaspace] GC(38) Metaspace: 42528K(43072K)->42528K(43072K) NonClass: 37933K(38208K)->37933K(38208K) Class: 4594K(4864K)->4594K(4864K)
[2024-06-01T16:09:01.538-0400][gc          ] GC(38) Pause Young (Normal) (G1 Evacuation Pause) 238M->193M(1024M) 11,194ms
[2024-06-01T16:09:01.538-0400][gc,cpu      ] GC(38) User=0,01s Sys=0,01s Real=0,01s
[2024-06-01T17:20:43.294-0400][gc,start    ] GC(39) Pause Young (Normal) (G1 Evacuation Pause)
[2024-06-01T17:20:43.294-0400][gc,task     ] GC(39) Using 6 workers of 6 for evacuation
[2024-06-01T17:20:43.398-0400][gc,mmu      ] GC(39) MMU target violated: 21,0ms (20,0ms/21,0ms)
[2024-06-01T17:20:43.398-0400][gc,phases   ] GC(39)   Pre Evacuate Collection Set: 2,3ms
[2024-06-01T17:20:43.398-0400][gc,phases   ] GC(39)   Merge Heap Roots: 0,3ms
[2024-06-01T17:20:43.398-0400][gc,phases   ] GC(39)   Evacuate Collection Set: 98,2ms
[2024-06-01T17:20:43.398-0400][gc,phases   ] GC(39)   Post Evacuate Collection Set: 2,4ms
[2024-06-01T17:20:43.398-0400][gc,phases   ] GC(39)   Other: 0,4ms
[2024-06-01T17:20:43.398-0400][gc,heap     ] GC(39) Eden regions: 314->0(40)
[2024-06-01T17:20:43.398-0400][gc,heap     ] GC(39) Survivor regions: 3->11(40)
[2024-06-01T17:20:43.398-0400][gc,heap     ] GC(39) Old regions: 62->62
[2024-06-01T17:20:43.398-0400][gc,heap     ] GC(39) Humongous regions: 129->129
[2024-06-01T17:20:43.398-0400][gc,metaspace] GC(39) Metaspace: 42541K(43072K)->42541K(43072K) NonClass: 37947K(38208K)->37947K(38208K) Class: 4594K(4864K)->4594K(4864K)
[2024-06-01T17:20:43.398-0400][gc          ] GC(39) Pause Young (Normal) (G1 Evacuation Pause) 507M->200M(1024M) 104,617ms
[2024-06-01T17:20:43.398-0400][gc,cpu      ] GC(39) User=0,22s Sys=0,06s Real=0,11s
[2024-06-01T17:29:32.127-0400][gc,start    ] GC(40) Pause Young (Normal) (G1 Evacuation Pause)
[2024-06-01T17:29:32.127-0400][gc,task     ] GC(40) Using 6 workers of 6 for evacuation
[2024-06-01T17:29:32.167-0400][gc,mmu      ] GC(40) MMU target violated: 21,0ms (20,0ms/21,0ms)
[2024-06-01T17:29:32.167-0400][gc,phases   ] GC(40)   Pre Evacuate Collection Set: 3,3ms
[2024-06-01T17:29:32.167-0400][gc,phases   ] GC(40)   Merge Heap Roots: 0,5ms
[2024-06-01T17:29:32.167-0400][gc,phases   ] GC(40)   Evacuate Collection Set: 28,1ms
[2024-06-01T17:29:32.167-0400][gc,phases   ] GC(40)   Post Evacuate Collection Set: 7,2ms
[2024-06-01T17:29:32.167-0400][gc,phases   ] GC(40)   Other: 0,1ms
[2024-06-01T17:29:32.167-0400][gc,heap     ] GC(40) Eden regions: 40->0(48)
[2024-06-01T17:29:32.167-0400][gc,heap     ] GC(40) Survivor regions: 11->3(7)
[2024-06-01T17:29:32.167-0400][gc,heap     ] GC(40) Old regions: 62->70
[2024-06-01T17:29:32.167-0400][gc,heap     ] GC(40) Humongous regions: 129->129
[2024-06-01T17:29:32.167-0400][gc,metaspace] GC(40) Metaspace: 42541K(43072K)->42541K(43072K) NonClass: 37947K(38208K)->37947K(38208K) Class: 4594K(4864K)->4594K(4864K)
[2024-06-01T17:29:32.167-0400][gc          ] GC(40) Pause Young (Normal) (G1 Evacuation Pause) 240M->201M(1024M) 39,309ms
[2024-06-01T17:29:32.167-0400][gc,cpu      ] GC(40) User=0,06s Sys=0,01s Real=0,04s
[2024-06-01T17:40:30.870-0400][gc,start    ] GC(41) Pause Young (Normal) (G1 Evacuation Pause)
[2024-06-01T17:40:30.870-0400][gc,task     ] GC(41) Using 6 workers of 6 for evacuation
[2024-06-01T17:40:30.913-0400][gc,mmu      ] GC(41) MMU target violated: 21,0ms (20,0ms/21,0ms)
[2024-06-01T17:40:30.913-0400][gc,phases   ] GC(41)   Pre Evacuate Collection Set: 0,8ms
[2024-06-01T17:40:30.913-0400][gc,phases   ] GC(41)   Merge Heap Roots: 0,1ms
[2024-06-01T17:40:30.913-0400][gc,phases   ] GC(41)   Evacuate Collection Set: 38,8ms
[2024-06-01T17:40:30.913-0400][gc,phases   ] GC(41)   Post Evacuate Collection Set: 3,4ms
[2024-06-01T17:40:30.913-0400][gc,phases   ] GC(41)   Other: 0,8ms
[2024-06-01T17:40:30.914-0400][gc,heap     ] GC(41) Eden regions: 48->0(45)
[2024-06-01T17:40:30.914-0400][gc,heap     ] GC(41) Survivor regions: 3->6(7)
[2024-06-01T17:40:30.914-0400][gc,heap     ] GC(41) Old regions: 70->70
[2024-06-01T17:40:30.914-0400][gc,heap     ] GC(41) Humongous regions: 129->129
[2024-06-01T17:40:30.914-0400][gc,metaspace] GC(41) Metaspace: 42541K(43072K)->42541K(43072K) NonClass: 37947K(38208K)->37947K(38208K) Class: 4594K(4864K)->4594K(4864K)
[2024-06-01T17:40:30.914-0400][gc          ] GC(41) Pause Young (Normal) (G1 Evacuation Pause) 249M->204M(1024M) 44,039ms
[2024-06-01T17:40:30.914-0400][gc,cpu      ] GC(41) User=0,06s Sys=0,01s Real=0,04s
[2024-06-02T21:52:52.721-0400][gc,start    ] GC(42) Pause Young (Normal) (G1 Evacuation Pause)
[2024-06-02T21:52:52.721-0400][gc,task     ] GC(42) Using 6 workers of 6 for evacuation
[2024-06-02T21:52:52.738-0400][gc,phases   ] GC(42)   Pre Evacuate Collection Set: 2,3ms
[2024-06-02T21:52:52.738-0400][gc,phases   ] GC(42)   Merge Heap Roots: 0,4ms
[2024-06-02T21:52:52.738-0400][gc,phases   ] GC(42)   Evacuate Collection Set: 10,7ms
[2024-06-02T21:52:52.738-0400][gc,phases   ] GC(42)   Post Evacuate Collection Set: 2,8ms
[2024-06-02T21:52:52.738-0400][gc,phases   ] GC(42)   Other: 0,2ms
[2024-06-02T21:52:52.738-0400][gc,heap     ] GC(42) Eden regions: 45->0(48)
[2024-06-02T21:52:52.738-0400][gc,heap     ] GC(42) Survivor regions: 6->3(7)
[2024-06-02T21:52:52.738-0400][gc,heap     ] GC(42) Old regions: 70->75
[2024-06-02T21:52:52.738-0400][gc,heap     ] GC(42) Humongous regions: 129->129
[2024-06-02T21:52:52.738-0400][gc,metaspace] GC(42) Metaspace: 42548K(43136K)->42548K(43136K) NonClass: 37954K(38272K)->37954K(38272K) Class: 4594K(4864K)->4594K(4864K)
[2024-06-02T21:52:52.738-0400][gc          ] GC(42) Pause Young (Normal) (G1 Evacuation Pause) 249M->206M(1024M) 16,644ms
[2024-06-02T21:52:52.738-0400][gc,cpu      ] GC(42) User=0,03s Sys=0,01s Real=0,01s
[2024-06-02T22:03:51.872-0400][gc,start    ] GC(43) Pause Young (Normal) (G1 Evacuation Pause)
[2024-06-02T22:03:51.872-0400][gc,task     ] GC(43) Using 6 workers of 6 for evacuation
[2024-06-02T22:03:51.881-0400][gc,phases   ] GC(43)   Pre Evacuate Collection Set: 0,5ms
[2024-06-02T22:03:51.881-0400][gc,phases   ] GC(43)   Merge Heap Roots: 0,2ms
[2024-06-02T22:03:51.881-0400][gc,phases   ] GC(43)   Evacuate Collection Set: 6,5ms
[2024-06-02T22:03:51.881-0400][gc,phases   ] GC(43)   Post Evacuate Collection Set: 2,2ms
[2024-06-02T22:03:51.881-0400][gc,phases   ] GC(43)   Other: 0,1ms
[2024-06-02T22:03:51.881-0400][gc,heap     ] GC(43) Eden regions: 48->0(47)
[2024-06-02T22:03:51.881-0400][gc,heap     ] GC(43) Survivor regions: 3->4(7)
[2024-06-02T22:03:51.881-0400][gc,heap     ] GC(43) Old regions: 75->75
[2024-06-02T22:03:51.881-0400][gc,heap     ] GC(43) Humongous regions: 129->129
[2024-06-02T22:03:51.881-0400][gc,metaspace] GC(43) Metaspace: 42548K(43136K)->42548K(43136K) NonClass: 37954K(38272K)->37954K(38272K) Class: 4594K(4864K)->4594K(4864K)
[2024-06-02T22:03:51.881-0400][gc          ] GC(43) Pause Young (Normal) (G1 Evacuation Pause) 254M->207M(1024M) 9,650ms
[2024-06-02T22:03:51.881-0400][gc,cpu      ] GC(43) User=0,02s Sys=0,01s Real=0,01s
[2024-06-02T22:14:33.667-0400][gc,start    ] GC(44) Pause Young (Normal) (G1 Evacuation Pause)
[2024-06-02T22:14:33.667-0400][gc,task     ] GC(44) Using 6 workers of 6 for evacuation
[2024-06-02T22:14:33.690-0400][gc,mmu      ] GC(44) MMU target violated: 21,0ms (20,0ms/21,0ms)
[2024-06-02T22:14:33.690-0400][gc,phases   ] GC(44)   Pre Evacuate Collection Set: 4,2ms
[2024-06-02T22:14:33.690-0400][gc,phases   ] GC(44)   Merge Heap Roots: 1,5ms
[2024-06-02T22:14:33.690-0400][gc,phases   ] GC(44)   Evacuate Collection Set: 16,2ms
[2024-06-02T22:14:33.690-0400][gc,phases   ] GC(44)   Post Evacuate Collection Set: 1,4ms
[2024-06-02T22:14:33.690-0400][gc,phases   ] GC(44)   Other: 0,1ms
[2024-06-02T22:14:33.690-0400][gc,heap     ] GC(44) Eden regions: 47->0(48)
[2024-06-02T22:14:33.690-0400][gc,heap     ] GC(44) Survivor regions: 4->3(7)
[2024-06-02T22:14:33.690-0400][gc,heap     ] GC(44) Old regions: 75->76
[2024-06-02T22:14:33.690-0400][gc,heap     ] GC(44) Humongous regions: 129->129
[2024-06-02T22:14:33.690-0400][gc,metaspace] GC(44) Metaspace: 42550K(43136K)->42550K(43136K) NonClass: 37955K(38272K)->37955K(38272K) Class: 4594K(4864K)->4594K(4864K)
[2024-06-02T22:14:33.690-0400][gc          ] GC(44) Pause Young (Normal) (G1 Evacuation Pause) 254M->207M(1024M) 23,539ms
[2024-06-02T22:14:33.690-0400][gc,cpu      ] GC(44) User=0,05s Sys=0,01s Real=0,03s
[2024-06-21T15:41:18.868-0400][gc,start    ] GC(45) Pause Young (Normal) (G1 Evacuation Pause)
[2024-06-21T15:41:18.870-0400][gc,task     ] GC(45) Using 6 workers of 6 for evacuation
[2024-06-21T15:41:18.977-0400][gc,mmu      ] GC(45) MMU target violated: 21,0ms (20,0ms/21,0ms)
[2024-06-21T15:41:18.977-0400][gc,phases   ] GC(45)   Pre Evacuate Collection Set: 9,2ms
[2024-06-21T15:41:18.977-0400][gc,phases   ] GC(45)   Merge Heap Roots: 1,2ms
[2024-06-21T15:41:18.977-0400][gc,phases   ] GC(45)   Evacuate Collection Set: 91,8ms
[2024-06-21T15:41:18.977-0400][gc,phases   ] GC(45)   Post Evacuate Collection Set: 3,7ms
[2024-06-21T15:41:18.977-0400][gc,phases   ] GC(45)   Other: 2,0ms
[2024-06-21T15:41:18.977-0400][gc,heap     ] GC(45) Eden regions: 57->0(48)
[2024-06-21T15:41:18.977-0400][gc,heap     ] GC(45) Survivor regions: 3->3(8)
[2024-06-21T15:41:18.977-0400][gc,heap     ] GC(45) Old regions: 76->76
[2024-06-21T15:41:18.977-0400][gc,heap     ] GC(45) Humongous regions: 129->129
[2024-06-21T15:41:18.977-0400][gc,metaspace] GC(45) Metaspace: 43524K(44160K)->43524K(44160K) NonClass: 38719K(39040K)->38719K(39040K) Class: 4805K(5120K)->4805K(5120K)
[2024-06-21T15:41:18.977-0400][gc          ] GC(45) Pause Young (Normal) (G1 Evacuation Pause) 264M->207M(1024M) 110,100ms
[2024-06-21T15:41:18.977-0400][gc,cpu      ] GC(45) User=0,18s Sys=0,21s Real=0,00s
