[2024-05-30T11:12:20.285-0400][gc,init] CardTable entry size: 512
[2024-05-30T11:12:20.285-0400][gc     ] Using G1
[2024-05-30T11:12:20.293-0400][gc,init] Version: 21.0.3+9-Ubuntu-1ubuntu1 (release)
[2024-05-30T11:12:20.293-0400][gc,init] CPUs: 6 total, 6 available
[2024-05-30T11:12:20.293-0400][gc,init] Memory: 7940M
[2024-05-30T11:12:20.293-0400][gc,init] Large Page Support: Disabled
[2024-05-30T11:12:20.293-0400][gc,init] NUMA Support: Disabled
[2024-05-30T11:12:20.293-0400][gc,init] Compressed Oops: Enabled (32-bit)
[2024-05-30T11:12:20.293-0400][gc,init] Heap Region Size: 1M
[2024-05-30T11:12:20.293-0400][gc,init] Heap Min Capacity: 512M
[2024-05-30T11:12:20.293-0400][gc,init] Heap Initial Capacity: 512M
[2024-05-30T11:12:20.293-0400][gc,init] Heap Max Capacity: 512M
[2024-05-30T11:12:20.293-0400][gc,init] Pre-touch: Disabled
[2024-05-30T11:12:20.293-0400][gc,init] Parallel Workers: 6
[2024-05-30T11:12:20.293-0400][gc,init] Concurrent Workers: 2
[2024-05-30T11:12:20.293-0400][gc,init] Concurrent Refinement Workers: 6
[2024-05-30T11:12:20.293-0400][gc,init] Periodic GC: Disabled
[2024-05-30T11:12:20.303-0400][gc,metaspace] CDS archive(s) mapped at: [0x0000764533000000-0x0000764533caa000-0x0000764533caa000), size 13279232, SharedBaseAddress: 0x0000764533000000, ArchiveRelocationMode: 1.
[2024-05-30T11:12:20.303-0400][gc,metaspace] Compressed class space mapped at: 0x0000764534000000-0x0000764574000000, reserved size: 1073741824
[2024-05-30T11:12:20.303-0400][gc,metaspace] Narrow klass base: 0x0000764533000000, Narrow klass shift: 0, Narrow klass range: 0x100000000
[2024-05-30T11:12:21.955-0400][gc,start    ] GC(0) Pause Young (Normal) (G1 Evacuation Pause)
[2024-05-30T11:12:21.957-0400][gc,task     ] GC(0) Using 6 workers of 6 for evacuation
[2024-05-30T11:12:21.972-0400][gc,phases   ] GC(0)   Pre Evacuate Collection Set: 0,6ms
[2024-05-30T11:12:21.972-0400][gc,phases   ] GC(0)   Merge Heap Roots: 0,2ms
[2024-05-30T11:12:21.972-0400][gc,phases   ] GC(0)   Evacuate Collection Set: 4,6ms
[2024-05-30T11:12:21.972-0400][gc,phases   ] GC(0)   Post Evacuate Collection Set: 9,1ms
[2024-05-30T11:12:21.972-0400][gc,phases   ] GC(0)   Other: 2,7ms
[2024-05-30T11:12:21.972-0400][gc,heap     ] GC(0) Eden regions: 25->0(21)
[2024-05-30T11:12:21.972-0400][gc,heap     ] GC(0) Survivor regions: 0->4(4)
[2024-05-30T11:12:21.972-0400][gc,heap     ] GC(0) Old regions: 2->6
[2024-05-30T11:12:21.972-0400][gc,heap     ] GC(0) Humongous regions: 0->0
[2024-05-30T11:12:21.972-0400][gc,metaspace] GC(0) Metaspace: 8526K(8704K)->8526K(8704K) NonClass: 7653K(7744K)->7653K(7744K) Class: 873K(960K)->873K(960K)
[2024-05-30T11:12:21.972-0400][gc          ] GC(0) Pause Young (Normal) (G1 Evacuation Pause) 26M->8M(512M) 17,449ms
[2024-05-30T11:12:21.972-0400][gc,cpu      ] GC(0) User=0,01s Sys=0,01s Real=0,02s
[2024-05-30T12:50:57.967-0400][gc,start    ] GC(1) Pause Young (Normal) (G1 Evacuation Pause)
[2024-05-30T12:50:57.967-0400][gc,task     ] GC(1) Using 6 workers of 6 for evacuation
[2024-05-30T12:50:57.976-0400][gc,phases   ] GC(1)   Pre Evacuate Collection Set: 0,9ms
[2024-05-30T12:50:57.976-0400][gc,phases   ] GC(1)   Merge Heap Roots: 0,3ms
[2024-05-30T12:50:57.976-0400][gc,phases   ] GC(1)   Evacuate Collection Set: 6,3ms
[2024-05-30T12:50:57.976-0400][gc,phases   ] GC(1)   Post Evacuate Collection Set: 1,3ms
[2024-05-30T12:50:57.976-0400][gc,phases   ] GC(1)   Other: 0,1ms
[2024-05-30T12:50:57.976-0400][gc,heap     ] GC(1) Eden regions: 21->0(24)
[2024-05-30T12:50:57.976-0400][gc,heap     ] GC(1) Survivor regions: 4->1(4)
[2024-05-30T12:50:57.976-0400][gc,heap     ] GC(1) Old regions: 6->10
[2024-05-30T12:50:57.976-0400][gc,heap     ] GC(1) Humongous regions: 0->0
[2024-05-30T12:50:57.976-0400][gc,metaspace] GC(1) Metaspace: 9811K(9984K)->9811K(9984K) NonClass: 8841K(8896K)->8841K(8896K) Class: 970K(1088K)->970K(1088K)
[2024-05-30T12:50:57.976-0400][gc          ] GC(1) Pause Young (Normal) (G1 Evacuation Pause) 29M->9M(512M) 9,174ms
[2024-05-30T12:50:57.976-0400][gc,cpu      ] GC(1) User=0,01s Sys=0,01s Real=0,01s
[2024-05-30T15:49:55.470-0400][gc,start    ] GC(2) Pause Young (Normal) (G1 Evacuation Pause)
[2024-05-30T15:49:55.474-0400][gc,task     ] GC(2) Using 6 workers of 6 for evacuation
[2024-05-30T15:49:55.962-0400][gc,mmu      ] GC(2) MMU target violated: 21,0ms (20,0ms/21,0ms)
[2024-05-30T15:49:55.962-0400][gc,phases   ] GC(2)   Pre Evacuate Collection Set: 114,4ms
[2024-05-30T15:49:55.962-0400][gc,phases   ] GC(2)   Merge Heap Roots: 22,9ms
[2024-05-30T15:49:55.962-0400][gc,phases   ] GC(2)   Evacuate Collection Set: 331,3ms
[2024-05-30T15:49:55.962-0400][gc,phases   ] GC(2)   Post Evacuate Collection Set: 19,3ms
[2024-05-30T15:49:55.962-0400][gc,phases   ] GC(2)   Other: 2,6ms
[2024-05-30T15:49:55.962-0400][gc,heap     ] GC(2) Eden regions: 24->0(24)
[2024-05-30T15:49:55.962-0400][gc,heap     ] GC(2) Survivor regions: 1->1(4)
[2024-05-30T15:49:55.962-0400][gc,heap     ] GC(2) Old regions: 10->10
[2024-05-30T15:49:55.962-0400][gc,heap     ] GC(2) Humongous regions: 0->0
[2024-05-30T15:49:55.962-0400][gc,metaspace] GC(2) Metaspace: 9820K(10048K)->9820K(10048K) NonClass: 8850K(8960K)->8850K(8960K) Class: 970K(1088K)->970K(1088K)
[2024-05-30T15:49:55.962-0400][gc          ] GC(2) Pause Young (Normal) (G1 Evacuation Pause) 33M->9M(512M) 492,732ms
[2024-05-30T15:49:55.962-0400][gc,cpu      ] GC(2) User=0,18s Sys=0,17s Real=0,49s
[2024-06-01T15:16:13.668-0400][gc,start    ] GC(3) Pause Young (Normal) (G1 Evacuation Pause)
[2024-06-01T15:16:13.668-0400][gc,task     ] GC(3) Using 6 workers of 6 for evacuation
[2024-06-01T15:16:13.676-0400][gc,phases   ] GC(3)   Pre Evacuate Collection Set: 1,6ms
[2024-06-01T15:16:13.676-0400][gc,phases   ] GC(3)   Merge Heap Roots: 0,4ms
[2024-06-01T15:16:13.676-0400][gc,phases   ] GC(3)   Evacuate Collection Set: 5,1ms
[2024-06-01T15:16:13.676-0400][gc,phases   ] GC(3)   Post Evacuate Collection Set: 1,1ms
[2024-06-01T15:16:13.676-0400][gc,phases   ] GC(3)   Other: 0,1ms
[2024-06-01T15:16:13.676-0400][gc,heap     ] GC(3) Eden regions: 24->0(24)
[2024-06-01T15:16:13.676-0400][gc,heap     ] GC(3) Survivor regions: 1->1(4)
[2024-06-01T15:16:13.676-0400][gc,heap     ] GC(3) Old regions: 10->10
[2024-06-01T15:16:13.676-0400][gc,heap     ] GC(3) Humongous regions: 0->0
[2024-06-01T15:16:13.676-0400][gc,metaspace] GC(3) Metaspace: 9833K(10048K)->9833K(10048K) NonClass: 8863K(8960K)->8863K(8960K) Class: 970K(1088K)->970K(1088K)
[2024-06-01T15:16:13.676-0400][gc          ] GC(3) Pause Young (Normal) (G1 Evacuation Pause) 33M->9M(512M) 8,541ms
[2024-06-01T15:16:13.676-0400][gc,cpu      ] GC(3) User=0,02s Sys=0,00s Real=0,01s
[2024-06-02T22:16:26.542-0400][gc,start    ] GC(4) Pause Young (Normal) (G1 Evacuation Pause)
[2024-06-02T22:16:26.544-0400][gc,task     ] GC(4) Using 6 workers of 6 for evacuation
[2024-06-02T22:16:26.566-0400][gc,mmu      ] GC(4) MMU target violated: 21,0ms (20,0ms/21,0ms)
[2024-06-02T22:16:26.567-0400][gc,phases   ] GC(4)   Pre Evacuate Collection Set: 4,2ms
[2024-06-02T22:16:26.567-0400][gc,phases   ] GC(4)   Merge Heap Roots: 1,1ms
[2024-06-02T22:16:26.567-0400][gc,phases   ] GC(4)   Evacuate Collection Set: 11,3ms
[2024-06-02T22:16:26.567-0400][gc,phases   ] GC(4)   Post Evacuate Collection Set: 4,6ms
[2024-06-02T22:16:26.567-0400][gc,phases   ] GC(4)   Other: 1,1ms
[2024-06-02T22:16:26.567-0400][gc,heap     ] GC(4) Eden regions: 24->0(24)
[2024-06-02T22:16:26.567-0400][gc,heap     ] GC(4) Survivor regions: 1->1(4)
[2024-06-02T22:16:26.567-0400][gc,heap     ] GC(4) Old regions: 10->10
[2024-06-02T22:16:26.567-0400][gc,heap     ] GC(4) Humongous regions: 0->0
[2024-06-02T22:16:26.567-0400][gc,metaspace] GC(4) Metaspace: 9834K(10048K)->9834K(10048K) NonClass: 8864K(8960K)->8864K(8960K) Class: 970K(1088K)->970K(1088K)
[2024-06-02T22:16:26.567-0400][gc          ] GC(4) Pause Young (Normal) (G1 Evacuation Pause) 33M->9M(512M) 24,879ms
[2024-06-02T22:16:26.567-0400][gc,cpu      ] GC(4) User=0,04s Sys=0,00s Real=0,02s
