[2024-05-28T18:21:16.087-0400][gc,init] CardTable entry size: 512
[2024-05-28T18:21:16.088-0400][gc     ] Using G1
[2024-05-28T18:21:16.102-0400][gc,init] Version: 21.0.3+9-Ubuntu-1ubuntu1 (release)
[2024-05-28T18:21:16.102-0400][gc,init] CPUs: 6 total, 6 available
[2024-05-28T18:21:16.102-0400][gc,init] Memory: 7940M
[2024-05-28T18:21:16.102-0400][gc,init] Large Page Support: Disabled
[2024-05-28T18:21:16.102-0400][gc,init] NUMA Support: Disabled
[2024-05-28T18:21:16.102-0400][gc,init] Compressed Oops: Enabled (32-bit)
[2024-05-28T18:21:16.102-0400][gc,init] Heap Region Size: 1M
[2024-05-28T18:21:16.102-0400][gc,init] Heap Min Capacity: 512M
[2024-05-28T18:21:16.102-0400][gc,init] Heap Initial Capacity: 512M
[2024-05-28T18:21:16.102-0400][gc,init] Heap Max Capacity: 512M
[2024-05-28T18:21:16.102-0400][gc,init] Pre-touch: Disabled
[2024-05-28T18:21:16.102-0400][gc,init] Parallel Workers: 6
[2024-05-28T18:21:16.102-0400][gc,init] Concurrent Workers: 2
[2024-05-28T18:21:16.102-0400][gc,init] Concurrent Refinement Workers: 6
[2024-05-28T18:21:16.102-0400][gc,init] Periodic GC: Disabled
[2024-05-28T18:21:16.116-0400][gc,metaspace] CDS archive(s) mapped at: [0x0000773a9b000000-0x0000773a9bcaa000-0x0000773a9bcaa000), size 13279232, SharedBaseAddress: 0x0000773a9b000000, ArchiveRelocationMode: 1.
[2024-05-28T18:21:16.116-0400][gc,metaspace] Compressed class space mapped at: 0x0000773a9c000000-0x0000773adc000000, reserved size: 1073741824
[2024-05-28T18:21:16.116-0400][gc,metaspace] Narrow klass base: 0x0000773a9b000000, Narrow klass shift: 0, Narrow klass range: 0x100000000
[2024-05-28T18:21:17.112-0400][gc,start    ] GC(0) Pause Young (Normal) (G1 Evacuation Pause)
[2024-05-28T18:21:17.114-0400][gc,task     ] GC(0) Using 6 workers of 6 for evacuation
[2024-05-28T18:21:17.134-0400][gc,mmu      ] GC(0) MMU target violated: 20,7ms (20,0ms/21,0ms)
[2024-05-28T18:21:17.135-0400][gc,phases   ] GC(0)   Pre Evacuate Collection Set: 0,4ms
[2024-05-28T18:21:17.135-0400][gc,phases   ] GC(0)   Merge Heap Roots: 0,1ms
[2024-05-28T18:21:17.135-0400][gc,phases   ] GC(0)   Evacuate Collection Set: 7,0ms
[2024-05-28T18:21:17.135-0400][gc,phases   ] GC(0)   Post Evacuate Collection Set: 13,1ms
[2024-05-28T18:21:17.135-0400][gc,phases   ] GC(0)   Other: 1,8ms
[2024-05-28T18:21:17.135-0400][gc,heap     ] GC(0) Eden regions: 25->0(21)
[2024-05-28T18:21:17.135-0400][gc,heap     ] GC(0) Survivor regions: 0->4(4)
[2024-05-28T18:21:17.135-0400][gc,heap     ] GC(0) Old regions: 2->6
[2024-05-28T18:21:17.135-0400][gc,heap     ] GC(0) Humongous regions: 0->0
[2024-05-28T18:21:17.135-0400][gc,metaspace] GC(0) Metaspace: 8490K(8704K)->8490K(8704K) NonClass: 7605K(7744K)->7605K(7744K) Class: 885K(960K)->885K(960K)
[2024-05-28T18:21:17.135-0400][gc          ] GC(0) Pause Young (Normal) (G1 Evacuation Pause) 26M->8M(512M) 22,656ms
[2024-05-28T18:21:17.135-0400][gc,cpu      ] GC(0) User=0,02s Sys=0,02s Real=0,02s
[2024-05-29T19:44:22.899-0400][gc,start    ] GC(1) Pause Young (Normal) (G1 Evacuation Pause)
[2024-05-29T19:44:22.900-0400][gc,task     ] GC(1) Using 6 workers of 6 for evacuation
[2024-05-29T19:44:22.918-0400][gc,phases   ] GC(1)   Pre Evacuate Collection Set: 2,1ms
[2024-05-29T19:44:22.918-0400][gc,phases   ] GC(1)   Merge Heap Roots: 0,3ms
[2024-05-29T19:44:22.918-0400][gc,phases   ] GC(1)   Evacuate Collection Set: 12,4ms
[2024-05-29T19:44:22.918-0400][gc,phases   ] GC(1)   Post Evacuate Collection Set: 2,5ms
[2024-05-29T19:44:22.918-0400][gc,phases   ] GC(1)   Other: 0,3ms
[2024-05-29T19:44:22.918-0400][gc,heap     ] GC(1) Eden regions: 21->0(24)
[2024-05-29T19:44:22.918-0400][gc,heap     ] GC(1) Survivor regions: 4->1(4)
[2024-05-29T19:44:22.918-0400][gc,heap     ] GC(1) Old regions: 6->11
[2024-05-29T19:44:22.918-0400][gc,heap     ] GC(1) Humongous regions: 0->0
[2024-05-29T19:44:22.918-0400][gc,metaspace] GC(1) Metaspace: 9770K(9984K)->9770K(9984K) NonClass: 8801K(8896K)->8801K(8896K) Class: 969K(1088K)->969K(1088K)
[2024-05-29T19:44:22.918-0400][gc          ] GC(1) Pause Young (Normal) (G1 Evacuation Pause) 29M->9M(512M) 19,171ms
[2024-05-29T19:44:22.918-0400][gc,cpu      ] GC(1) User=0,06s Sys=0,01s Real=0,02s
[2024-05-29T22:37:35.331-0400][gc,start    ] GC(2) Pause Young (Normal) (G1 Evacuation Pause)
[2024-05-29T22:37:35.334-0400][gc,task     ] GC(2) Using 6 workers of 6 for evacuation
[2024-05-29T22:37:35.662-0400][gc,mmu      ] GC(2) MMU target violated: 21,0ms (20,0ms/21,0ms)
[2024-05-29T22:37:35.662-0400][gc,phases   ] GC(2)   Pre Evacuate Collection Set: 105,0ms
[2024-05-29T22:37:35.662-0400][gc,phases   ] GC(2)   Merge Heap Roots: 5,4ms
[2024-05-29T22:37:35.662-0400][gc,phases   ] GC(2)   Evacuate Collection Set: 205,3ms
[2024-05-29T22:37:35.662-0400][gc,phases   ] GC(2)   Post Evacuate Collection Set: 11,1ms
[2024-05-29T22:37:35.662-0400][gc,phases   ] GC(2)   Other: 2,6ms
[2024-05-29T22:37:35.662-0400][gc,heap     ] GC(2) Eden regions: 24->0(24)
[2024-05-29T22:37:35.663-0400][gc,heap     ] GC(2) Survivor regions: 1->1(4)
[2024-05-29T22:37:35.663-0400][gc,heap     ] GC(2) Old regions: 11->11
[2024-05-29T22:37:35.663-0400][gc,heap     ] GC(2) Humongous regions: 0->0
[2024-05-29T22:37:35.663-0400][gc,metaspace] GC(2) Metaspace: 9777K(9984K)->9777K(9984K) NonClass: 8808K(8896K)->8808K(8896K) Class: 969K(1088K)->969K(1088K)
[2024-05-29T22:37:35.663-0400][gc          ] GC(2) Pause Young (Normal) (G1 Evacuation Pause) 33M->9M(512M) 332,208ms
[2024-05-29T22:37:35.663-0400][gc,cpu      ] GC(2) User=0,01s Sys=0,33s Real=0,33s
[2024-05-30T10:43:07.191-0400][gc,start    ] GC(3) Pause Young (Normal) (G1 Evacuation Pause)
[2024-05-30T10:43:07.890-0400][gc,task     ] GC(3) Using 6 workers of 6 for evacuation
[2024-05-30T10:43:14.861-0400][gc,mmu      ] GC(3) MMU target violated: 21,0ms (20,0ms/21,0ms)
[2024-05-30T10:43:15.766-0400][gc,phases   ] GC(3)   Pre Evacuate Collection Set: 1967,7ms
[2024-05-30T10:43:16.562-0400][gc,phases   ] GC(3)   Merge Heap Roots: 250,1ms
[2024-05-30T10:43:16.563-0400][gc,phases   ] GC(3)   Evacuate Collection Set: 2315,2ms
[2024-05-30T10:43:16.563-0400][gc,phases   ] GC(3)   Post Evacuate Collection Set: 1706,3ms
[2024-05-30T10:43:16.641-0400][gc,phases   ] GC(3)   Other: 1619,6ms
[2024-05-30T10:43:17.100-0400][gc,heap     ] GC(3) Eden regions: 24->0(24)
[2024-05-30T10:43:17.187-0400][gc,heap     ] GC(3) Survivor regions: 1->1(4)
[2024-05-30T10:43:17.187-0400][gc,heap     ] GC(3) Old regions: 11->11
[2024-05-30T10:43:17.187-0400][gc,heap     ] GC(3) Humongous regions: 0->0
[2024-05-30T10:43:17.308-0400][gc,metaspace] GC(3) Metaspace: 9805K(9984K)->9805K(9984K) NonClass: 8835K(8896K)->8835K(8896K) Class: 969K(1088K)->969K(1088K)
[2024-05-30T10:43:18.146-0400][gc          ] GC(3) Pause Young (Normal) (G1 Evacuation Pause) 33M->9M(512M) 10903,017ms
[2024-05-30T10:43:18.582-0400][gc,cpu      ] GC(3) User=0,17s Sys=1,07s Real=11,36s
