[2024-05-28T18:20:31.901-0400][gc,init] CardTable entry size: 512
[2024-05-28T18:20:31.901-0400][gc     ] Using G1
[2024-05-28T18:20:31.912-0400][gc,init] Version: 21.0.3+9-Ubuntu-1ubuntu1 (release)
[2024-05-28T18:20:31.912-0400][gc,init] CPUs: 6 total, 6 available
[2024-05-28T18:20:31.912-0400][gc,init] Memory: 7940M
[2024-05-28T18:20:31.912-0400][gc,init] Large Page Support: Disabled
[2024-05-28T18:20:31.912-0400][gc,init] NUMA Support: Disabled
[2024-05-28T18:20:31.912-0400][gc,init] Compressed Oops: Enabled (32-bit)
[2024-05-28T18:20:31.912-0400][gc,init] Heap Region Size: 1M
[2024-05-28T18:20:31.912-0400][gc,init] Heap Min Capacity: 512M
[2024-05-28T18:20:31.912-0400][gc,init] Heap Initial Capacity: 512M
[2024-05-28T18:20:31.912-0400][gc,init] Heap Max Capacity: 512M
[2024-05-28T18:20:31.912-0400][gc,init] Pre-touch: Disabled
[2024-05-28T18:20:31.912-0400][gc,init] Parallel Workers: 6
[2024-05-28T18:20:31.912-0400][gc,init] Concurrent Workers: 2
[2024-05-28T18:20:31.912-0400][gc,init] Concurrent Refinement Workers: 6
[2024-05-28T18:20:31.912-0400][gc,init] Periodic GC: Disabled
[2024-05-28T18:20:31.925-0400][gc,metaspace] CDS archive(s) mapped at: [0x0000785a13000000-0x0000785a13caa000-0x0000785a13caa000), size 13279232, SharedBaseAddress: 0x0000785a13000000, ArchiveRelocationMode: 1.
[2024-05-28T18:20:31.925-0400][gc,metaspace] Compressed class space mapped at: 0x0000785a14000000-0x0000785a54000000, reserved size: 1073741824
[2024-05-28T18:20:31.925-0400][gc,metaspace] Narrow klass base: 0x0000785a13000000, Narrow klass shift: 0, Narrow klass range: 0x100000000
[2024-05-28T18:20:33.388-0400][gc,start    ] GC(0) Pause Young (Normal) (G1 Evacuation Pause)
[2024-05-28T18:20:33.391-0400][gc,task     ] GC(0) Using 6 workers of 6 for evacuation
[2024-05-28T18:20:33.413-0400][gc,mmu      ] GC(0) MMU target violated: 21,0ms (20,0ms/21,0ms)
[2024-05-28T18:20:33.413-0400][gc,phases   ] GC(0)   Pre Evacuate Collection Set: 0,2ms
[2024-05-28T18:20:33.413-0400][gc,phases   ] GC(0)   Merge Heap Roots: 0,1ms
[2024-05-28T18:20:33.413-0400][gc,phases   ] GC(0)   Evacuate Collection Set: 19,1ms
[2024-05-28T18:20:33.413-0400][gc,phases   ] GC(0)   Post Evacuate Collection Set: 2,3ms
[2024-05-28T18:20:33.413-0400][gc,phases   ] GC(0)   Other: 2,8ms
[2024-05-28T18:20:33.413-0400][gc,heap     ] GC(0) Eden regions: 25->0(21)
[2024-05-28T18:20:33.413-0400][gc,heap     ] GC(0) Survivor regions: 0->4(4)
[2024-05-28T18:20:33.413-0400][gc,heap     ] GC(0) Old regions: 2->6
[2024-05-28T18:20:33.413-0400][gc,heap     ] GC(0) Humongous regions: 0->0
[2024-05-28T18:20:33.413-0400][gc,metaspace] GC(0) Metaspace: 8535K(8704K)->8535K(8704K) NonClass: 7647K(7744K)->7647K(7744K) Class: 888K(960K)->888K(960K)
[2024-05-28T18:20:33.413-0400][gc          ] GC(0) Pause Young (Normal) (G1 Evacuation Pause) 26M->8M(512M) 24,590ms
[2024-05-28T18:20:33.413-0400][gc,cpu      ] GC(0) User=0,03s Sys=0,01s Real=0,03s
[2024-05-28T18:21:12.689-0400][gc,heap,exit] Heap
[2024-05-28T18:21:12.689-0400][gc,heap,exit]  garbage-first heap   total 524288K, used 10900K [0x00000000e0000000, 0x0000000100000000)
[2024-05-28T18:21:12.689-0400][gc,heap,exit]   region size 1024K, 7 young (7168K), 4 survivors (4096K)
[2024-05-28T18:21:12.689-0400][gc,heap,exit]  Metaspace       used 8752K, committed 8960K, reserved 1114112K
[2024-05-28T18:21:12.689-0400][gc,heap,exit]   class space    used 923K, committed 1024K, reserved 1048576K
