[2024-05-28T14:56:35.332-0400][gc,init] CardTable entry size: 512
[2024-05-28T14:56:35.333-0400][gc     ] Using G1
[2024-05-28T14:56:35.349-0400][gc,init] Version: 21.0.3+9-Ubuntu-1ubuntu1 (release)
[2024-05-28T14:56:35.349-0400][gc,init] CPUs: 6 total, 6 available
[2024-05-28T14:56:35.349-0400][gc,init] Memory: 7940M
[2024-05-28T14:56:35.349-0400][gc,init] Large Page Support: Disabled
[2024-05-28T14:56:35.349-0400][gc,init] NUMA Support: Disabled
[2024-05-28T14:56:35.349-0400][gc,init] Compressed Oops: Enabled (32-bit)
[2024-05-28T14:56:35.349-0400][gc,init] Heap Region Size: 1M
[2024-05-28T14:56:35.349-0400][gc,init] Heap Min Capacity: 512M
[2024-05-28T14:56:35.349-0400][gc,init] Heap Initial Capacity: 512M
[2024-05-28T14:56:35.349-0400][gc,init] Heap Max Capacity: 512M
[2024-05-28T14:56:35.349-0400][gc,init] Pre-touch: Disabled
[2024-05-28T14:56:35.349-0400][gc,init] Parallel Workers: 6
[2024-05-28T14:56:35.349-0400][gc,init] Concurrent Workers: 2
[2024-05-28T14:56:35.349-0400][gc,init] Concurrent Refinement Workers: 6
[2024-05-28T14:56:35.349-0400][gc,init] Periodic GC: Disabled
[2024-05-28T14:56:35.380-0400][gc,metaspace] CDS archive(s) mapped at: [0x00007a30df000000-0x00007a30dfcaa000-0x00007a30dfcaa000), size 13279232, SharedBaseAddress: 0x00007a30df000000, ArchiveRelocationMode: 1.
[2024-05-28T14:56:35.380-0400][gc,metaspace] Compressed class space mapped at: 0x00007a30e0000000-0x00007a3120000000, reserved size: 1073741824
[2024-05-28T14:56:35.380-0400][gc,metaspace] Narrow klass base: 0x00007a30df000000, Narrow klass shift: 0, Narrow klass range: 0x100000000
[2024-05-28T14:56:37.644-0400][gc,start    ] GC(0) Pause Young (Normal) (G1 Evacuation Pause)
[2024-05-28T14:56:37.647-0400][gc,task     ] GC(0) Using 6 workers of 6 for evacuation
[2024-05-28T14:56:37.656-0400][gc,phases   ] GC(0)   Pre Evacuate Collection Set: 0,3ms
[2024-05-28T14:56:37.656-0400][gc,phases   ] GC(0)   Merge Heap Roots: 0,5ms
[2024-05-28T14:56:37.656-0400][gc,phases   ] GC(0)   Evacuate Collection Set: 5,6ms
[2024-05-28T14:56:37.656-0400][gc,phases   ] GC(0)   Post Evacuate Collection Set: 1,9ms
[2024-05-28T14:56:37.656-0400][gc,phases   ] GC(0)   Other: 3,1ms
[2024-05-28T14:56:37.656-0400][gc,heap     ] GC(0) Eden regions: 25->0(21)
[2024-05-28T14:56:37.656-0400][gc,heap     ] GC(0) Survivor regions: 0->4(4)
[2024-05-28T14:56:37.656-0400][gc,heap     ] GC(0) Old regions: 2->6
[2024-05-28T14:56:37.656-0400][gc,heap     ] GC(0) Humongous regions: 0->0
[2024-05-28T14:56:37.656-0400][gc,metaspace] GC(0) Metaspace: 8535K(8768K)->8535K(8768K) NonClass: 7634K(7744K)->7634K(7744K) Class: 900K(1024K)->900K(1024K)
[2024-05-28T14:56:37.656-0400][gc          ] GC(0) Pause Young (Normal) (G1 Evacuation Pause) 26M->8M(512M) 11,896ms
[2024-05-28T14:56:37.656-0400][gc,cpu      ] GC(0) User=0,01s Sys=0,02s Real=0,01s
[2024-05-28T16:58:56.327-0400][gc,start    ] GC(1) Pause Young (Normal) (G1 Evacuation Pause)
[2024-05-28T16:58:56.327-0400][gc,task     ] GC(1) Using 6 workers of 6 for evacuation
[2024-05-28T16:58:56.346-0400][gc,phases   ] GC(1)   Pre Evacuate Collection Set: 2,6ms
[2024-05-28T16:58:56.346-0400][gc,phases   ] GC(1)   Merge Heap Roots: 0,3ms
[2024-05-28T16:58:56.346-0400][gc,phases   ] GC(1)   Evacuate Collection Set: 13,3ms
[2024-05-28T16:58:56.346-0400][gc,phases   ] GC(1)   Post Evacuate Collection Set: 2,6ms
[2024-05-28T16:58:56.346-0400][gc,phases   ] GC(1)   Other: 0,3ms
[2024-05-28T16:58:56.346-0400][gc,heap     ] GC(1) Eden regions: 21->0(24)
[2024-05-28T16:58:56.346-0400][gc,heap     ] GC(1) Survivor regions: 4->1(4)
[2024-05-28T16:58:56.346-0400][gc,heap     ] GC(1) Old regions: 6->10
[2024-05-28T16:58:56.346-0400][gc,heap     ] GC(1) Humongous regions: 0->0
[2024-05-28T16:58:56.346-0400][gc,metaspace] GC(1) Metaspace: 9660K(9920K)->9660K(9920K) NonClass: 8691K(8832K)->8691K(8832K) Class: 968K(1088K)->968K(1088K)
[2024-05-28T16:58:56.346-0400][gc          ] GC(1) Pause Young (Normal) (G1 Evacuation Pause) 29M->9M(512M) 19,499ms
[2024-05-28T16:58:56.346-0400][gc,cpu      ] GC(1) User=0,07s Sys=0,01s Real=0,02s
[2024-05-28T18:08:14.151-0400][gc,heap,exit] Heap
[2024-05-28T18:08:14.152-0400][gc,heap,exit]  garbage-first heap   total 524288K, used 20728K [0x00000000e0000000, 0x0000000100000000)
[2024-05-28T18:08:14.152-0400][gc,heap,exit]   region size 1024K, 13 young (13312K), 1 survivors (1024K)
[2024-05-28T18:08:14.152-0400][gc,heap,exit]  Metaspace       used 9672K, committed 9920K, reserved 1114112K
[2024-05-28T18:08:14.152-0400][gc,heap,exit]   class space    used 969K, committed 1088K, reserved 1048576K
